HEAP DUMP BEGIN (12938 objects, 1512248 bytes) Wed Oct 26 12:08:45 2011
ROOT 0 (kind=<thread>, id=200000, trace=300000)
ROOT 5000328b (kind=<JNI global ref>, id=1, trace=300000)
ROOT 50000036 (kind=<JNI global ref>, id=2, trace=300000)
ROOT 5000000b (kind=<JNI global ref>, id=3, trace=300000)
ROOT 50000001 (kind=<JNI global ref>, id=4, trace=300000)
ROOT 500000ab (kind=<JNI global ref>, id=5, trace=300000)
ROOT 50000002 (kind=<JNI global ref>, id=6, trace=300000)
ROOT 50000003 (kind=<JNI global ref>, id=7, trace=300000)
ROOT 50000004 (kind=<JNI global ref>, id=8, trace=300000)
ROOT 500000d2 (kind=<JNI global ref>, id=9, trace=300000)
ROOT 50000005 (kind=<JNI global ref>, id=a, trace=300000)
ROOT 50000006 (kind=<JNI global ref>, id=b, trace=300000)
ROOT 50000007 (kind=<JNI global ref>, id=c, trace=300000)
ROOT 50000008 (kind=<JNI global ref>, id=d, trace=300000)
ROOT 50000009 (kind=<JNI global ref>, id=e, trace=300000)
ROOT 5000000a (kind=<JNI global ref>, id=f, trace=300000)
ROOT 5000000b (kind=<JNI global ref>, id=10, trace=300000)
ROOT 500000ae (kind=<JNI global ref>, id=11, trace=300000)
ROOT 5000000c (kind=<JNI global ref>, id=12, trace=300000)
ROOT 5000000d (kind=<JNI global ref>, id=13, trace=300000)
ROOT 50000046 (kind=<JNI global ref>, id=14, trace=300000)
ROOT 5000000e (kind=<JNI global ref>, id=15, trace=300000)
ROOT 5000000f (kind=<JNI global ref>, id=16, trace=300000)
ROOT 5000002e (kind=<JNI global ref>, id=17, trace=300000)
ROOT 50000010 (kind=<JNI global ref>, id=18, trace=300000)
ROOT 50000056 (kind=<JNI global ref>, id=19, trace=300000)
ROOT 50000011 (kind=<JNI global ref>, id=1a, trace=300000)
ROOT 50000012 (kind=<JNI global ref>, id=1b, trace=300000)
ROOT 50000013 (kind=<JNI global ref>, id=1c, trace=300000)
ROOT 500000dc (kind=<JNI global ref>, id=1d, trace=300000)
ROOT 50000014 (kind=<JNI global ref>, id=1e, trace=300000)
ROOT 50000015 (kind=<JNI global ref>, id=1f, trace=300000)
ROOT 50000016 (kind=<JNI global ref>, id=20, trace=300000)
ROOT 5000012b (kind=<JNI global ref>, id=21, trace=300000)
ROOT 50000017 (kind=<JNI global ref>, id=22, trace=300000)
ROOT 50000055 (kind=<JNI global ref>, id=23, trace=300000)
ROOT 50000018 (kind=<JNI global ref>, id=24, trace=300000)
ROOT 50000019 (kind=<JNI global ref>, id=25, trace=300000)
ROOT 5000001a (kind=<JNI global ref>, id=26, trace=300000)
ROOT 5000001b (kind=<JNI global ref>, id=27, trace=300000)
ROOT 5000001c (kind=<JNI global ref>, id=28, trace=300000)
ROOT 50000052 (kind=<JNI global ref>, id=29, trace=300000)
ROOT 5000001d (kind=<JNI global ref>, id=2a, trace=300000)
ROOT 5000001e (kind=<JNI global ref>, id=2b, trace=300000)
ROOT 5000001f (kind=<JNI global ref>, id=2c, trace=300000)
ROOT 5000007a (kind=<JNI global ref>, id=2d, trace=300000)
ROOT 50000020 (kind=<JNI global ref>, id=2e, trace=300000)
ROOT 5000006f (kind=<JNI global ref>, id=2f, trace=300000)
ROOT 50000021 (kind=<JNI global ref>, id=30, trace=300000)
ROOT 50000066 (kind=<JNI global ref>, id=31, trace=300000)
ROOT 50000022 (kind=<JNI global ref>, id=32, trace=300000)
ROOT 50000023 (kind=<JNI global ref>, id=33, trace=300000)
ROOT 50000024 (kind=<JNI global ref>, id=34, trace=300000)
ROOT 50000025 (kind=<JNI global ref>, id=35, trace=300000)
ROOT 50000026 (kind=<JNI global ref>, id=36, trace=300000)
ROOT 50000027 (kind=<JNI global ref>, id=37, trace=300000)
ROOT 50000128 (kind=<JNI global ref>, id=38, trace=300000)
ROOT 50000028 (kind=<JNI global ref>, id=39, trace=300000)
ROOT 50000029 (kind=<JNI global ref>, id=3a, trace=300000)
ROOT 5000002a (kind=<JNI global ref>, id=3b, trace=300000)
ROOT 5000002b (kind=<JNI global ref>, id=3c, trace=300000)
ROOT 50000077 (kind=<JNI global ref>, id=3d, trace=300000)
ROOT 5000002c (kind=<JNI global ref>, id=3e, trace=300000)
ROOT 5000002d (kind=<JNI global ref>, id=3f, trace=300000)
ROOT 5000002f (kind=<JNI global ref>, id=40, trace=300000)
ROOT 50000030 (kind=<JNI global ref>, id=41, trace=300000)
ROOT 50000031 (kind=<JNI global ref>, id=42, trace=300000)
ROOT 50000032 (kind=<JNI global ref>, id=43, trace=300000)
ROOT 50000033 (kind=<JNI global ref>, id=44, trace=300000)
ROOT 5000013c (kind=<JNI global ref>, id=45, trace=300000)
ROOT 50000034 (kind=<JNI global ref>, id=46, trace=300000)
ROOT 50000035 (kind=<JNI global ref>, id=47, trace=300000)
ROOT 50000036 (kind=<JNI global ref>, id=48, trace=300000)
ROOT 50000037 (kind=<JNI global ref>, id=49, trace=300000)
ROOT 50000038 (kind=<JNI global ref>, id=4a, trace=300000)
ROOT 50000039 (kind=<JNI global ref>, id=4b, trace=300000)
ROOT 5000003a (kind=<JNI global ref>, id=4c, trace=300000)
ROOT 50000106 (kind=<JNI global ref>, id=4d, trace=300000)
ROOT 5000003b (kind=<JNI global ref>, id=4e, trace=300000)
ROOT 5000003c (kind=<JNI global ref>, id=4f, trace=300000)
ROOT 5000003d (kind=<JNI global ref>, id=50, trace=300000)
ROOT 5000003e (kind=<JNI global ref>, id=51, trace=300000)
ROOT 5000003f (kind=<JNI global ref>, id=52, trace=300000)
ROOT 50000040 (kind=<JNI global ref>, id=53, trace=300000)
ROOT 50000041 (kind=<JNI global ref>, id=54, trace=300000)
ROOT 50000042 (kind=<JNI global ref>, id=55, trace=300000)
ROOT 50000043 (kind=<JNI global ref>, id=56, trace=300000)
ROOT 50000044 (kind=<JNI global ref>, id=57, trace=300000)
ROOT 50000045 (kind=<JNI global ref>, id=58, trace=300000)
ROOT 500000d5 (kind=<JNI global ref>, id=59, trace=300000)
ROOT 50000047 (kind=<JNI global ref>, id=5a, trace=300000)
ROOT 50000048 (kind=<JNI global ref>, id=5b, trace=300000)
ROOT 500000e6 (kind=<JNI global ref>, id=5c, trace=300000)
ROOT 50000049 (kind=<JNI global ref>, id=5d, trace=300000)
ROOT 5000004a (kind=<JNI global ref>, id=5e, trace=300000)
ROOT 5000004b (kind=<JNI global ref>, id=5f, trace=300000)
ROOT 5000004c (kind=<JNI global ref>, id=60, trace=300000)
ROOT 50000059 (kind=<JNI global ref>, id=61, trace=300000)
ROOT 5000004d (kind=<JNI global ref>, id=62, trace=300000)
ROOT 50000109 (kind=<JNI global ref>, id=63, trace=300000)
ROOT 5000004e (kind=<JNI global ref>, id=64, trace=300000)
ROOT 5000004f (kind=<JNI global ref>, id=65, trace=300000)
ROOT 50000050 (kind=<JNI global ref>, id=66, trace=300000)
ROOT 50000051 (kind=<JNI global ref>, id=67, trace=300000)
ROOT 50000053 (kind=<JNI global ref>, id=68, trace=300000)
ROOT 50000054 (kind=<JNI global ref>, id=69, trace=300000)
ROOT 50000057 (kind=<JNI global ref>, id=6a, trace=300000)
ROOT 50000058 (kind=<JNI global ref>, id=6b, trace=300000)
ROOT 500000e2 (kind=<JNI global ref>, id=6c, trace=300000)
ROOT 5000005a (kind=<JNI global ref>, id=6d, trace=300000)
ROOT 5000005b (kind=<JNI global ref>, id=6e, trace=300000)
ROOT 5000005c (kind=<JNI global ref>, id=6f, trace=300000)
ROOT 5000005d (kind=<JNI global ref>, id=70, trace=300000)
ROOT 5000005e (kind=<JNI global ref>, id=71, trace=300000)
ROOT 5000005f (kind=<JNI global ref>, id=72, trace=300000)
ROOT 50000060 (kind=<JNI global ref>, id=73, trace=300000)
ROOT 50000061 (kind=<JNI global ref>, id=74, trace=300000)
ROOT 50000062 (kind=<JNI global ref>, id=75, trace=300000)
ROOT 50000063 (kind=<JNI global ref>, id=76, trace=300000)
ROOT 50000064 (kind=<JNI global ref>, id=77, trace=300000)
ROOT 50000065 (kind=<JNI global ref>, id=78, trace=300000)
ROOT 50000102 (kind=<JNI global ref>, id=79, trace=300000)
ROOT 50000067 (kind=<JNI global ref>, id=7a, trace=300000)
ROOT 50000068 (kind=<JNI global ref>, id=7b, trace=300000)
ROOT 50000069 (kind=<JNI global ref>, id=7c, trace=300000)
ROOT 5000006a (kind=<JNI global ref>, id=7d, trace=300000)
ROOT 5000006b (kind=<JNI global ref>, id=7e, trace=300000)
ROOT 5000006c (kind=<JNI global ref>, id=7f, trace=300000)
ROOT 5000006d (kind=<JNI global ref>, id=80, trace=300000)
ROOT 5000006e (kind=<JNI global ref>, id=81, trace=300000)
ROOT 50000070 (kind=<JNI global ref>, id=82, trace=300000)
ROOT 50000071 (kind=<JNI global ref>, id=83, trace=300000)
ROOT 50000072 (kind=<JNI global ref>, id=84, trace=300000)
ROOT 50000073 (kind=<JNI global ref>, id=85, trace=300000)
ROOT 50000074 (kind=<JNI global ref>, id=86, trace=300000)
ROOT 50000075 (kind=<JNI global ref>, id=87, trace=300000)
ROOT 50000076 (kind=<JNI global ref>, id=88, trace=300000)
ROOT 500000e0 (kind=<JNI global ref>, id=89, trace=300000)
ROOT 50000078 (kind=<JNI global ref>, id=8a, trace=300000)
ROOT 50000079 (kind=<JNI global ref>, id=8b, trace=300000)
ROOT 5000007b (kind=<JNI global ref>, id=8c, trace=300000)
ROOT 5000007c (kind=<JNI global ref>, id=8d, trace=300000)
ROOT 5000007d (kind=<JNI global ref>, id=8e, trace=300000)
ROOT 50000101 (kind=<JNI global ref>, id=8f, trace=300000)
ROOT 5000007e (kind=<JNI global ref>, id=90, trace=300000)
ROOT 5000007f (kind=<JNI global ref>, id=91, trace=300000)
ROOT 50000080 (kind=<JNI global ref>, id=92, trace=300000)
ROOT 50000081 (kind=<JNI global ref>, id=93, trace=300000)
ROOT 50000082 (kind=<JNI global ref>, id=94, trace=300000)
ROOT 50000083 (kind=<JNI global ref>, id=95, trace=300000)
ROOT 50000084 (kind=<JNI global ref>, id=96, trace=300000)
ROOT 50000085 (kind=<JNI global ref>, id=97, trace=300000)
ROOT 50000086 (kind=<JNI global ref>, id=98, trace=300000)
ROOT 50000087 (kind=<JNI global ref>, id=99, trace=300000)
ROOT 5000013d (kind=<JNI global ref>, id=9a, trace=300000)
ROOT 50000088 (kind=<JNI global ref>, id=9b, trace=300000)
ROOT 50000089 (kind=<JNI global ref>, id=9c, trace=300000)
ROOT 5000008a (kind=<JNI global ref>, id=9d, trace=300000)
ROOT 5000008b (kind=<JNI global ref>, id=9e, trace=300000)
ROOT 5000008c (kind=<JNI global ref>, id=9f, trace=300000)
ROOT 5000008d (kind=<JNI global ref>, id=a0, trace=300000)
ROOT 5000008e (kind=<JNI global ref>, id=a1, trace=300000)
ROOT 50000113 (kind=<JNI global ref>, id=a2, trace=300000)
ROOT 5000008f (kind=<JNI global ref>, id=a3, trace=300000)
ROOT 50000090 (kind=<JNI global ref>, id=a4, trace=300000)
ROOT 50000091 (kind=<JNI global ref>, id=a5, trace=300000)
ROOT 50000092 (kind=<JNI global ref>, id=a6, trace=300000)
ROOT 50000093 (kind=<JNI global ref>, id=a7, trace=300000)
ROOT 50000094 (kind=<JNI global ref>, id=a8, trace=300000)
ROOT 50000095 (kind=<JNI global ref>, id=a9, trace=300000)
ROOT 50000096 (kind=<JNI global ref>, id=aa, trace=300000)
ROOT 50000097 (kind=<JNI global ref>, id=ab, trace=300000)
ROOT 50000098 (kind=<JNI global ref>, id=ac, trace=300000)
ROOT 50000099 (kind=<JNI global ref>, id=ad, trace=300000)
ROOT 5000009a (kind=<JNI global ref>, id=ae, trace=300000)
ROOT 5000009b (kind=<JNI global ref>, id=af, trace=300000)
ROOT 5000009c (kind=<JNI global ref>, id=b0, trace=300000)
ROOT 5000009d (kind=<JNI global ref>, id=b1, trace=300000)
ROOT 5000009e (kind=<JNI global ref>, id=b2, trace=300000)
ROOT 5000009f (kind=<JNI global ref>, id=b3, trace=300000)
ROOT 500000a0 (kind=<JNI global ref>, id=b4, trace=300000)
ROOT 500000a1 (kind=<JNI global ref>, id=b5, trace=300000)
ROOT 500000a2 (kind=<JNI global ref>, id=b6, trace=300000)
ROOT 500000a3 (kind=<JNI global ref>, id=b7, trace=300000)
ROOT 500000a4 (kind=<JNI global ref>, id=b8, trace=300000)
ROOT 500000a5 (kind=<JNI global ref>, id=b9, trace=300000)
ROOT 50000131 (kind=<JNI global ref>, id=ba, trace=300000)
ROOT 500000a6 (kind=<JNI global ref>, id=bb, trace=300000)
ROOT 500000a7 (kind=<JNI global ref>, id=bc, trace=300000)
ROOT 500000a8 (kind=<JNI global ref>, id=bd, trace=300000)
ROOT 500000a9 (kind=<JNI global ref>, id=be, trace=300000)
ROOT 500000aa (kind=<JNI global ref>, id=bf, trace=300000)
ROOT 500000f1 (kind=<JNI global ref>, id=c0, trace=300000)
ROOT 500000ac (kind=<JNI global ref>, id=c1, trace=300000)
ROOT 500000ad (kind=<JNI global ref>, id=c2, trace=300000)
ROOT 500000af (kind=<JNI global ref>, id=c3, trace=300000)
ROOT 500000b0 (kind=<JNI global ref>, id=c4, trace=300000)
ROOT 500000b1 (kind=<JNI global ref>, id=c5, trace=300000)
ROOT 500000b2 (kind=<JNI global ref>, id=c6, trace=300000)
ROOT 500000b3 (kind=<JNI global ref>, id=c7, trace=300000)
ROOT 500000b4 (kind=<JNI global ref>, id=c8, trace=300000)
ROOT 500000b5 (kind=<JNI global ref>, id=c9, trace=300000)
ROOT 500000b6 (kind=<JNI global ref>, id=ca, trace=300000)
ROOT 500000b7 (kind=<JNI global ref>, id=cb, trace=300000)
ROOT 500000b8 (kind=<JNI global ref>, id=cc, trace=300000)
ROOT 500000b9 (kind=<JNI global ref>, id=cd, trace=300000)
ROOT 500000ba (kind=<JNI global ref>, id=ce, trace=300000)
ROOT 500000c4 (kind=<JNI global ref>, id=cf, trace=300000)
ROOT 500000bb (kind=<JNI global ref>, id=d0, trace=300000)
ROOT 500000bc (kind=<JNI global ref>, id=d1, trace=300000)
ROOT 500000bd (kind=<JNI global ref>, id=d2, trace=300000)
ROOT 500000be (kind=<JNI global ref>, id=d3, trace=300000)
ROOT 500000bf (kind=<JNI global ref>, id=d4, trace=300000)
ROOT 500000c0 (kind=<JNI global ref>, id=d5, trace=300000)
ROOT 500000c1 (kind=<JNI global ref>, id=d6, trace=300000)
ROOT 500000c2 (kind=<JNI global ref>, id=d7, trace=300000)
ROOT 500000c3 (kind=<JNI global ref>, id=d8, trace=300000)
ROOT 500000c5 (kind=<JNI global ref>, id=d9, trace=300000)
ROOT 500000c6 (kind=<JNI global ref>, id=da, trace=300000)
ROOT 500000c7 (kind=<JNI global ref>, id=db, trace=300000)
ROOT 500000c8 (kind=<JNI global ref>, id=dc, trace=300000)
ROOT 500000c9 (kind=<JNI global ref>, id=dd, trace=300000)
ROOT 500000ca (kind=<JNI global ref>, id=de, trace=300000)
ROOT 500000cb (kind=<JNI global ref>, id=df, trace=300000)
ROOT 500000cc (kind=<JNI global ref>, id=e0, trace=300000)
ROOT 500000cd (kind=<JNI global ref>, id=e1, trace=300000)
ROOT 500000ce (kind=<JNI global ref>, id=e2, trace=300000)
ROOT 500000cf (kind=<JNI global ref>, id=e3, trace=300000)
ROOT 500000e1 (kind=<JNI global ref>, id=e4, trace=300000)
ROOT 500000d0 (kind=<JNI global ref>, id=e5, trace=300000)
ROOT 500000d1 (kind=<JNI global ref>, id=e6, trace=300000)
ROOT 5000013b (kind=<JNI global ref>, id=e7, trace=300000)
ROOT 500000d3 (kind=<JNI global ref>, id=e8, trace=300000)
ROOT 500000d4 (kind=<JNI global ref>, id=e9, trace=300000)
ROOT 500000d6 (kind=<JNI global ref>, id=ea, trace=300000)
ROOT 500000d7 (kind=<JNI global ref>, id=eb, trace=300000)
ROOT 500000d8 (kind=<JNI global ref>, id=ec, trace=300000)
ROOT 500000d9 (kind=<JNI global ref>, id=ed, trace=300000)
ROOT 500000da (kind=<JNI global ref>, id=ee, trace=300000)
ROOT 500000db (kind=<JNI global ref>, id=ef, trace=300000)
ROOT 500000dd (kind=<JNI global ref>, id=f0, trace=300000)
ROOT 500000de (kind=<JNI global ref>, id=f1, trace=300000)
ROOT 500000df (kind=<JNI global ref>, id=f2, trace=300000)
ROOT 500000e3 (kind=<JNI global ref>, id=f3, trace=300000)
ROOT 500000e4 (kind=<JNI global ref>, id=f4, trace=300000)
ROOT 500000e5 (kind=<JNI global ref>, id=f5, trace=300000)
ROOT 500000e7 (kind=<JNI global ref>, id=f6, trace=300000)
ROOT 500000e8 (kind=<JNI global ref>, id=f7, trace=300000)
ROOT 500000e9 (kind=<JNI global ref>, id=f8, trace=300000)
ROOT 500000ea (kind=<JNI global ref>, id=f9, trace=300000)
ROOT 500000eb (kind=<JNI global ref>, id=fa, trace=300000)
ROOT 500000ec (kind=<JNI global ref>, id=fb, trace=300000)
ROOT 500000ed (kind=<JNI global ref>, id=fc, trace=300000)
ROOT 500000ee (kind=<JNI global ref>, id=fd, trace=300000)
ROOT 500000ef (kind=<JNI global ref>, id=fe, trace=300000)
ROOT 500000f0 (kind=<JNI global ref>, id=ff, trace=300000)
ROOT 500000f2 (kind=<JNI global ref>, id=100, trace=300000)
ROOT 500000f3 (kind=<JNI global ref>, id=101, trace=300000)
ROOT 500000f4 (kind=<JNI global ref>, id=102, trace=300000)
ROOT 500000f5 (kind=<JNI global ref>, id=103, trace=300000)
ROOT 500000f6 (kind=<JNI global ref>, id=104, trace=300000)
ROOT 500000f7 (kind=<JNI global ref>, id=105, trace=300000)
ROOT 500000f8 (kind=<JNI global ref>, id=106, trace=300000)
ROOT 500000f9 (kind=<JNI global ref>, id=107, trace=300000)
ROOT 500000fa (kind=<JNI global ref>, id=108, trace=300000)
ROOT 500000fb (kind=<JNI global ref>, id=109, trace=300000)
ROOT 500000fc (kind=<JNI global ref>, id=10a, trace=300000)
ROOT 500000fd (kind=<JNI global ref>, id=10b, trace=300000)
ROOT 500000fe (kind=<JNI global ref>, id=10c, trace=300000)
ROOT 500000ff (kind=<JNI global ref>, id=10d, trace=300000)
ROOT 50000100 (kind=<JNI global ref>, id=10e, trace=300000)
ROOT 50000103 (kind=<JNI global ref>, id=10f, trace=300000)
ROOT 50000108 (kind=<JNI global ref>, id=110, trace=300000)
ROOT 50000104 (kind=<JNI global ref>, id=111, trace=300000)
ROOT 50000105 (kind=<JNI global ref>, id=112, trace=300000)
ROOT 5000011b (kind=<JNI global ref>, id=113, trace=300000)
ROOT 50000107 (kind=<JNI global ref>, id=114, trace=300000)
ROOT 5000010a (kind=<JNI global ref>, id=115, trace=300000)
ROOT 5000010b (kind=<JNI global ref>, id=116, trace=300000)
ROOT 5000010c (kind=<JNI global ref>, id=117, trace=300000)
ROOT 5000010d (kind=<JNI global ref>, id=118, trace=300000)
ROOT 5000010e (kind=<JNI global ref>, id=119, trace=300000)
ROOT 5000010f (kind=<JNI global ref>, id=11a, trace=300000)
ROOT 50000110 (kind=<JNI global ref>, id=11b, trace=300000)
ROOT 50000111 (kind=<JNI global ref>, id=11c, trace=300000)
ROOT 50000112 (kind=<JNI global ref>, id=11d, trace=300000)
ROOT 50000114 (kind=<JNI global ref>, id=11e, trace=300000)
ROOT 50000115 (kind=<JNI global ref>, id=11f, trace=300000)
ROOT 50000116 (kind=<JNI global ref>, id=120, trace=300000)
ROOT 50000117 (kind=<JNI global ref>, id=121, trace=300000)
ROOT 50000118 (kind=<JNI global ref>, id=122, trace=300000)
ROOT 50000119 (kind=<JNI global ref>, id=123, trace=300000)
ROOT 5000011a (kind=<JNI global ref>, id=124, trace=300000)
ROOT 5000011c (kind=<JNI global ref>, id=125, trace=300000)
ROOT 5000011d (kind=<JNI global ref>, id=126, trace=300000)
ROOT 5000011e (kind=<JNI global ref>, id=127, trace=300000)
ROOT 5000011f (kind=<JNI global ref>, id=128, trace=300000)
ROOT 50000120 (kind=<JNI global ref>, id=129, trace=300000)
ROOT 50000121 (kind=<JNI global ref>, id=12a, trace=300000)
ROOT 50000122 (kind=<JNI global ref>, id=12b, trace=300000)
ROOT 50000123 (kind=<JNI global ref>, id=12c, trace=300000)
ROOT 50000124 (kind=<JNI global ref>, id=12d, trace=300000)
ROOT 50000125 (kind=<JNI global ref>, id=12e, trace=300000)
ROOT 50000126 (kind=<JNI global ref>, id=12f, trace=300000)
ROOT 50000127 (kind=<JNI global ref>, id=130, trace=300000)
ROOT 50000129 (kind=<JNI global ref>, id=131, trace=300000)
ROOT 5000012a (kind=<JNI global ref>, id=132, trace=300000)
ROOT 5000012c (kind=<JNI global ref>, id=133, trace=300000)
ROOT 5000012d (kind=<JNI global ref>, id=134, trace=300000)
ROOT 5000012e (kind=<JNI global ref>, id=135, trace=300000)
ROOT 5000012f (kind=<JNI global ref>, id=136, trace=300000)
ROOT 50000130 (kind=<JNI global ref>, id=137, trace=300000)
ROOT 50000132 (kind=<JNI global ref>, id=138, trace=300000)
ROOT 50000133 (kind=<JNI global ref>, id=139, trace=300000)
ROOT 50000134 (kind=<JNI global ref>, id=13a, trace=300000)
ROOT 50000135 (kind=<JNI global ref>, id=13b, trace=300000)
ROOT 50000136 (kind=<JNI global ref>, id=13c, trace=300000)
ROOT 50000137 (kind=<JNI global ref>, id=13d, trace=300000)
ROOT 50000138 (kind=<JNI global ref>, id=13e, trace=300000)
ROOT 50000139 (kind=<JNI global ref>, id=13f, trace=300000)
ROOT 5000013a (kind=<JNI global ref>, id=140, trace=300000)
ROOT 5000013e (kind=<JNI global ref>, id=141, trace=300000)
ROOT 5000013f (kind=<JNI global ref>, id=142, trace=300000)
ROOT 50000140 (kind=<JNI global ref>, id=143, trace=300000)
ROOT 50000141 (kind=<JNI global ref>, id=144, trace=300000)
ROOT 50000142 (kind=<JNI global ref>, id=145, trace=300000)
ROOT 50000143 (kind=<JNI global ref>, id=146, trace=300000)
ROOT 50000144 (kind=<JNI global ref>, id=147, trace=300000)
ROOT 50000145 (kind=<JNI global ref>, id=148, trace=300000)
ROOT 50000146 (kind=<JNI global ref>, id=149, trace=300000)
ROOT 50000147 (kind=<JNI global ref>, id=14a, trace=300000)
ROOT 50000148 (kind=<JNI global ref>, id=14b, trace=300000)
ROOT 50000149 (kind=<JNI global ref>, id=14c, trace=300000)
ROOT 5000014a (kind=<JNI global ref>, id=14d, trace=300000)
ROOT 5000014b (kind=<JNI global ref>, id=14e, trace=300000)
ROOT 5000014c (kind=<JNI global ref>, id=14f, trace=300000)
ROOT 5000014d (kind=<JNI global ref>, id=150, trace=300000)
ROOT 5000014e (kind=<JNI global ref>, id=151, trace=300000)
ROOT 5000014f (kind=<JNI global ref>, id=152, trace=300000)
ROOT 5000328c (kind=<JNI global ref>, id=153, trace=300000)
ROOT 5000328d (kind=<JNI global ref>, id=154, trace=300000)
ROOT 500000ab (kind=<JNI global ref>, id=155, trace=300000)
ROOT 500000ab (kind=<JNI global ref>, id=156, trace=300000)
ROOT 50000036 (kind=<JNI global ref>, id=157, trace=300000)
ROOT 50000036 (kind=<JNI global ref>, id=158, trace=300000)
ROOT 5000002c (kind=<JNI global ref>, id=159, trace=300000)
ROOT 5000002c (kind=<JNI global ref>, id=15a, trace=300000)
ROOT 500000fa (kind=<JNI global ref>, id=15b, trace=300000)
ROOT 500000fa (kind=<JNI global ref>, id=15c, trace=300000)
ROOT 500000dc (kind=<JNI global ref>, id=15d, trace=300000)
ROOT 500000dc (kind=<JNI global ref>, id=15e, trace=300000)
ROOT 500000fb (kind=<JNI global ref>, id=15f, trace=300000)
ROOT 500000fb (kind=<JNI global ref>, id=160, trace=300000)
ROOT 50000074 (kind=<JNI global ref>, id=161, trace=300000)
ROOT 50000074 (kind=<JNI global ref>, id=162, trace=300000)
ROOT 50000001 (kind=<JNI global ref>, id=163, trace=300000)
ROOT 50000001 (kind=<JNI global ref>, id=164, trace=300000)
ROOT 5000012b (kind=<JNI global ref>, id=165, trace=300000)
ROOT 5000012b (kind=<JNI global ref>, id=166, trace=300000)
ROOT 50000016 (kind=<JNI global ref>, id=167, trace=300000)
ROOT 50000016 (kind=<JNI global ref>, id=168, trace=300000)
ROOT 50000039 (kind=<JNI global ref>, id=169, trace=300000)
ROOT 50000039 (kind=<JNI global ref>, id=16a, trace=300000)
ROOT 5000006f (kind=<JNI global ref>, id=16b, trace=300000)
ROOT 5000006f (kind=<JNI global ref>, id=16c, trace=300000)
ROOT 50000146 (kind=<JNI global ref>, id=16d, trace=300000)
ROOT 50000146 (kind=<JNI global ref>, id=16e, trace=300000)
ROOT 50000135 (kind=<JNI global ref>, id=16f, trace=300000)
ROOT 50000135 (kind=<JNI global ref>, id=170, trace=300000)
ROOT 50000068 (kind=<JNI global ref>, id=171, trace=300000)
ROOT 50000068 (kind=<JNI global ref>, id=172, trace=300000)
ROOT 50000133 (kind=<JNI global ref>, id=173, trace=300000)
ROOT 5000009f (kind=<JNI global ref>, id=174, trace=300000)
ROOT 5000009f (kind=<JNI global ref>, id=175, trace=300000)
ROOT 50000133 (kind=<JNI global ref>, id=176, trace=300000)
ROOT 500000bd (kind=<JNI global ref>, id=177, trace=300000)
ROOT 500000bd (kind=<JNI global ref>, id=178, trace=300000)
ROOT 5000010c (kind=<JNI global ref>, id=179, trace=300000)
ROOT 5000010c (kind=<JNI global ref>, id=17a, trace=300000)
ROOT 50000022 (kind=<JNI global ref>, id=17b, trace=300000)
ROOT 50000022 (kind=<JNI global ref>, id=17c, trace=300000)
ROOT 500000a1 (kind=<JNI global ref>, id=17d, trace=300000)
ROOT 500000a1 (kind=<JNI global ref>, id=17e, trace=300000)
ROOT 50000043 (kind=<JNI global ref>, id=17f, trace=300000)
ROOT 50000043 (kind=<JNI global ref>, id=180, trace=300000)
ROOT 50000143 (kind=<JNI global ref>, id=181, trace=300000)
ROOT 50000143 (kind=<JNI global ref>, id=182, trace=300000)
ROOT 50000007 (kind=<JNI global ref>, id=183, trace=300000)
ROOT 50000007 (kind=<JNI global ref>, id=184, trace=300000)
ROOT 500000c8 (kind=<JNI global ref>, id=185, trace=300000)
ROOT 500000c8 (kind=<JNI global ref>, id=186, trace=300000)
ROOT 50000113 (kind=<JNI global ref>, id=187, trace=300000)
ROOT 50000113 (kind=<JNI global ref>, id=188, trace=300000)
ROOT 50000069 (kind=<JNI global ref>, id=189, trace=300000)
ROOT 50000069 (kind=<JNI global ref>, id=18a, trace=300000)
ROOT 50000091 (kind=<JNI global ref>, id=18b, trace=300000)
ROOT 50000091 (kind=<JNI global ref>, id=18c, trace=300000)
ROOT 500000f9 (kind=<JNI global ref>, id=18d, trace=300000)
ROOT 500000f9 (kind=<JNI global ref>, id=18e, trace=300000)
ROOT 50000077 (kind=<JNI global ref>, id=18f, trace=300000)
ROOT 50000077 (kind=<JNI global ref>, id=190, trace=300000)
ROOT 5000011c (kind=<JNI global ref>, id=191, trace=300000)
ROOT 5000011c (kind=<JNI global ref>, id=192, trace=300000)
ROOT 50000058 (kind=<JNI global ref>, id=193, trace=300000)
ROOT 50000033 (kind=<JNI global ref>, id=194, trace=300000)
ROOT 5000013c (kind=<JNI global ref>, id=195, trace=300000)
ROOT 5000013c (kind=<JNI global ref>, id=196, trace=300000)
ROOT 50000033 (kind=<JNI global ref>, id=197, trace=300000)
ROOT 50000058 (kind=<JNI global ref>, id=198, trace=300000)
ROOT 50000046 (kind=<JNI global ref>, id=199, trace=300000)
ROOT 50000046 (kind=<JNI global ref>, id=19a, trace=300000)
ROOT 5000004e (kind=<JNI global ref>, id=19b, trace=300000)
ROOT 5000004e (kind=<JNI global ref>, id=19c, trace=300000)
ROOT 50000123 (kind=<JNI global ref>, id=19d, trace=300000)
ROOT 50000123 (kind=<JNI global ref>, id=19e, trace=300000)
ROOT 5000000d (kind=<JNI global ref>, id=19f, trace=300000)
ROOT 5000000d (kind=<JNI global ref>, id=1a0, trace=300000)
ROOT 50000102 (kind=<JNI global ref>, id=1a1, trace=300000)
ROOT 50000102 (kind=<JNI global ref>, id=1a2, trace=300000)
ROOT 50000066 (kind=<JNI global ref>, id=1a3, trace=300000)
ROOT 50000066 (kind=<JNI global ref>, id=1a4, trace=300000)
ROOT 5000009b (kind=<JNI global ref>, id=1a5, trace=300000)
ROOT 5000009b (kind=<JNI global ref>, id=1a6, trace=300000)
ROOT 50000013 (kind=<JNI global ref>, id=1a7, trace=300000)
ROOT 50000013 (kind=<JNI global ref>, id=1a8, trace=300000)
ROOT 50000025 (kind=<JNI global ref>, id=1a9, trace=300000)
ROOT 50000025 (kind=<JNI global ref>, id=1aa, trace=300000)
ROOT 5000013f (kind=<JNI global ref>, id=1ab, trace=300000)
ROOT 500000cf (kind=<JNI global ref>, id=1ac, trace=300000)
ROOT 500000e1 (kind=<JNI global ref>, id=1ad, trace=300000)
ROOT 500000e1 (kind=<JNI global ref>, id=1ae, trace=300000)
ROOT 500000cf (kind=<JNI global ref>, id=1af, trace=300000)
ROOT 5000013f (kind=<JNI global ref>, id=1b0, trace=300000)
ROOT 5000005e (kind=<JNI global ref>, id=1b1, trace=300000)
ROOT 50000109 (kind=<JNI global ref>, id=1b2, trace=300000)
ROOT 50000109 (kind=<JNI global ref>, id=1b3, trace=300000)
ROOT 5000005e (kind=<JNI global ref>, id=1b4, trace=300000)
ROOT 5000004d (kind=<JNI global ref>, id=1b5, trace=300000)
ROOT 5000004d (kind=<JNI global ref>, id=1b6, trace=300000)
ROOT 50000095 (kind=<JNI global ref>, id=1b7, trace=300000)
ROOT 50000095 (kind=<JNI global ref>, id=1b8, trace=300000)
ROOT 50000060 (kind=<JNI global ref>, id=1b9, trace=300000)
ROOT 50000060 (kind=<JNI global ref>, id=1ba, trace=300000)
ROOT 500000b0 (kind=<JNI global ref>, id=1bb, trace=300000)
ROOT 5000009e (kind=<JNI global ref>, id=1bc, trace=300000)
ROOT 5000009e (kind=<JNI global ref>, id=1bd, trace=300000)
ROOT 500000b0 (kind=<JNI global ref>, id=1be, trace=300000)
ROOT 50000049 (kind=<JNI global ref>, id=1bf, trace=300000)
ROOT 50000049 (kind=<JNI global ref>, id=1c0, trace=300000)
ROOT 50000044 (kind=<JNI global ref>, id=1c1, trace=300000)
ROOT 50000044 (kind=<JNI global ref>, id=1c2, trace=300000)
ROOT 50000121 (kind=<JNI global ref>, id=1c3, trace=300000)
ROOT 50000121 (kind=<JNI global ref>, id=1c4, trace=300000)
ROOT 50000010 (kind=<JNI global ref>, id=1c5, trace=300000)
ROOT 50000056 (kind=<JNI global ref>, id=1c6, trace=300000)
ROOT 50000056 (kind=<JNI global ref>, id=1c7, trace=300000)
ROOT 50000010 (kind=<JNI global ref>, id=1c8, trace=300000)
ROOT 500000f3 (kind=<JNI global ref>, id=1c9, trace=300000)
ROOT 500000f3 (kind=<JNI global ref>, id=1ca, trace=300000)
ROOT 500000d7 (kind=<JNI global ref>, id=1cb, trace=300000)
ROOT 500000d7 (kind=<JNI global ref>, id=1cc, trace=300000)
ROOT 500000a4 (kind=<JNI global ref>, id=1cd, trace=300000)
ROOT 500000a4 (kind=<JNI global ref>, id=1ce, trace=300000)
ROOT 50000035 (kind=<JNI global ref>, id=1cf, trace=300000)
ROOT 50000035 (kind=<JNI global ref>, id=1d0, trace=300000)
ROOT 50000138 (kind=<JNI global ref>, id=1d1, trace=300000)
ROOT 50000138 (kind=<JNI global ref>, id=1d2, trace=300000)
ROOT 50000148 (kind=<JNI global ref>, id=1d3, trace=300000)
ROOT 5000014a (kind=<JNI global ref>, id=1d4, trace=300000)
ROOT 5000014e (kind=<JNI global ref>, id=1d5, trace=300000)
ROOT 5000014f (kind=<JNI global ref>, id=1d6, trace=300000)
ROOT 50000149 (kind=<JNI global ref>, id=1d7, trace=300000)
ROOT 5000014c (kind=<JNI global ref>, id=1d8, trace=300000)
ROOT 5000014b (kind=<JNI global ref>, id=1d9, trace=300000)
ROOT 5000014d (kind=<JNI global ref>, id=1da, trace=300000)
ROOT 5000015b (kind=<JNI global ref>, id=1db, trace=300004)
ROOT 5000015f (kind=<JNI global ref>, id=1dc, trace=300008)
ROOT 50000164 (kind=<JNI global ref>, id=1dd, trace=300013)
ROOT 50000166 (kind=<JNI global ref>, id=1de, trace=300015)
ROOT 50000167 (kind=<JNI global ref>, id=1df, trace=300015)
ROOT 5000018e (kind=<JNI global ref>, id=1e0, trace=300044)
ROOT 50000190 (kind=<JNI global ref>, id=1e1, trace=300046)
ROOT 5000019e (kind=<JNI global ref>, id=1e2, trace=300057)
ROOT 5000019f (kind=<JNI global ref>, id=1e3, trace=300057)
ROOT 500001a0 (kind=<JNI global ref>, id=1e4, trace=300057)
ROOT 500001a2 (kind=<JNI global ref>, id=1e5, trace=300059)
ROOT 500001a3 (kind=<JNI global ref>, id=1e6, trace=300059)
ROOT 500001b5 (kind=<JNI global ref>, id=1e7, trace=300071)
ROOT 500001b7 (kind=<JNI global ref>, id=1e8, trace=300073)
ROOT 500001ee (kind=<JNI global ref>, id=1e9, trace=300075)
ROOT 500001ef (kind=<JNI global ref>, id=1ea, trace=300076)
ROOT 5000021b (kind=<JNI global ref>, id=1eb, trace=300119)
ROOT 5000021d (kind=<JNI global ref>, id=1ec, trace=300121)
ROOT 5000021e (kind=<JNI global ref>, id=1ed, trace=300121)
ROOT 50000221 (kind=<JNI global ref>, id=1ee, trace=300124)
ROOT 50000222 (kind=<JNI global ref>, id=1ef, trace=300124)
ROOT 50000223 (kind=<JNI global ref>, id=1f0, trace=300125)
ROOT 50000267 (kind=<JNI global ref>, id=1f1, trace=300134)
ROOT 50000268 (kind=<JNI global ref>, id=1f2, trace=300134)
ROOT 50000269 (kind=<JNI global ref>, id=1f3, trace=300135)
ROOT 5000026d (kind=<JNI global ref>, id=1f4, trace=300138)
ROOT 50000278 (kind=<JNI global ref>, id=1f5, trace=300149)
ROOT 50000279 (kind=<JNI global ref>, id=1f6, trace=300149)
ROOT 5000027a (kind=<JNI global ref>, id=1f7, trace=300150)
ROOT 5000027c (kind=<JNI global ref>, id=1f8, trace=300152)
ROOT 50000281 (kind=<JNI global ref>, id=1f9, trace=300157)
ROOT 50000294 (kind=<JNI global ref>, id=1fa, trace=300169)
ROOT 50000295 (kind=<JNI global ref>, id=1fb, trace=300169)
ROOT 50000296 (kind=<JNI global ref>, id=1fc, trace=300169)
ROOT 50000297 (kind=<JNI global ref>, id=1fd, trace=300169)
ROOT 50000299 (kind=<JNI global ref>, id=1fe, trace=300171)
ROOT 50000a71 (kind=<JNI global ref>, id=1ff, trace=300198)
ROOT 50000a72 (kind=<JNI global ref>, id=200, trace=300199)
ROOT 50000a75 (kind=<JNI global ref>, id=201, trace=300202)
ROOT 50000a7b (kind=<JNI global ref>, id=202, trace=300208)
ROOT 50000a83 (kind=<JNI global ref>, id=203, trace=300216)
ROOT 50000a8a (kind=<JNI global ref>, id=204, trace=300220)
ROOT 50000a9d (kind=<JNI global ref>, id=205, trace=300239)
ROOT 50000cba (kind=<JNI global ref>, id=206, trace=300256)
ROOT 50000cc1 (kind=<JNI global ref>, id=207, trace=300263)
ROOT 50000cc2 (kind=<JNI global ref>, id=208, trace=300264)
ROOT 50000cc4 (kind=<JNI global ref>, id=209, trace=300265)
ROOT 50000cce (kind=<JNI global ref>, id=20a, trace=300275)
ROOT 50000cd6 (kind=<JNI global ref>, id=20b, trace=300280)
ROOT 50000cdf (kind=<JNI global ref>, id=20c, trace=300287)
ROOT 50000ce0 (kind=<JNI global ref>, id=20d, trace=300287)
ROOT 50000cf0 (kind=<JNI global ref>, id=20e, trace=300296)
ROOT 50000d05 (kind=<JNI global ref>, id=20f, trace=300304)
ROOT 50000d17 (kind=<JNI global ref>, id=210, trace=300308)
ROOT 50000d1d (kind=<JNI global ref>, id=211, trace=300314)
ROOT 50000d1f (kind=<JNI global ref>, id=212, trace=300316)
ROOT 50000e6c (kind=<JNI global ref>, id=213, trace=300332)
ROOT 50000e6d (kind=<JNI global ref>, id=214, trace=300333)
ROOT 50000e6f (kind=<JNI global ref>, id=215, trace=300335)
ROOT 50000e70 (kind=<JNI global ref>, id=216, trace=300336)
ROOT 50000e71 (kind=<JNI global ref>, id=217, trace=300337)
ROOT 50000e73 (kind=<JNI global ref>, id=218, trace=300338)
ROOT 50000e74 (kind=<JNI global ref>, id=219, trace=300339)
ROOT 50000e77 (kind=<JNI global ref>, id=21a, trace=300341)
ROOT 50000e79 (kind=<JNI global ref>, id=21b, trace=300343)
ROOT 50000e7a (kind=<JNI global ref>, id=21c, trace=300344)
ROOT 50000e7e (kind=<JNI global ref>, id=21d, trace=300348)
ROOT 50000f1b (kind=<JNI global ref>, id=21e, trace=300445)
ROOT 50000f1c (kind=<JNI global ref>, id=21f, trace=300446)
ROOT 50000f31 (kind=<JNI global ref>, id=220, trace=300466)
ROOT 50000f3c (kind=<JNI global ref>, id=221, trace=300475)
ROOT 50000f3d (kind=<JNI global ref>, id=222, trace=300476)
ROOT 50000f58 (kind=<JNI global ref>, id=223, trace=300490)
ROOT 50001013 (kind=<JNI global ref>, id=224, trace=300511)
ROOT 50001015 (kind=<JNI global ref>, id=225, trace=300513)
ROOT 50001059 (kind=<JNI global ref>, id=226, trace=300522)
ROOT 50001064 (kind=<JNI global ref>, id=227, trace=300529)
ROOT 50001066 (kind=<JNI global ref>, id=228, trace=300531)
ROOT 50001068 (kind=<JNI global ref>, id=229, trace=300533)
ROOT 50001069 (kind=<JNI global ref>, id=22a, trace=300534)
ROOT 5000106b (kind=<JNI global ref>, id=22b, trace=300536)
ROOT 50001077 (kind=<JNI global ref>, id=22c, trace=300548)
ROOT 50001086 (kind=<JNI global ref>, id=22d, trace=300562)
ROOT 5000108b (kind=<JNI global ref>, id=22e, trace=300565)
ROOT 5000108d (kind=<JNI global ref>, id=22f, trace=300566)
ROOT 5000108e (kind=<JNI global ref>, id=230, trace=300566)
ROOT 5000108f (kind=<JNI global ref>, id=231, trace=300567)
ROOT 50001091 (kind=<JNI global ref>, id=232, trace=300569)
ROOT 500010aa (kind=<JNI global ref>, id=233, trace=300589)
ROOT 500010ae (kind=<JNI global ref>, id=234, trace=300593)
ROOT 5000118d (kind=<JNI global ref>, id=235, trace=300684)
ROOT 50001199 (kind=<JNI global ref>, id=236, trace=300694)
ROOT 5000119a (kind=<JNI global ref>, id=237, trace=300695)
ROOT 5000121f (kind=<JNI global ref>, id=238, trace=300817)
ROOT 50001220 (kind=<JNI global ref>, id=239, trace=300818)
ROOT 50001221 (kind=<JNI global ref>, id=23a, trace=300819)
ROOT 50001222 (kind=<JNI global ref>, id=23b, trace=300820)
ROOT 50001226 (kind=<JNI global ref>, id=23c, trace=300822)
ROOT 50001227 (kind=<JNI global ref>, id=23d, trace=300823)
ROOT 5000122c (kind=<JNI global ref>, id=23e, trace=300828)
ROOT 5000122e (kind=<JNI global ref>, id=23f, trace=300830)
ROOT 50001230 (kind=<JNI global ref>, id=240, trace=300832)
ROOT 50001237 (kind=<JNI global ref>, id=241, trace=300839)
ROOT 5000123d (kind=<JNI global ref>, id=242, trace=300841)
ROOT 5000123e (kind=<JNI global ref>, id=243, trace=300842)
ROOT 50001245 (kind=<JNI global ref>, id=244, trace=300844)
ROOT 50001246 (kind=<JNI global ref>, id=245, trace=300844)
ROOT 50001247 (kind=<JNI global ref>, id=246, trace=300845)
ROOT 50001255 (kind=<JNI global ref>, id=247, trace=300849)
ROOT 5000145e (kind=<JNI global ref>, id=248, trace=301079)
ROOT 50001460 (kind=<JNI global ref>, id=249, trace=301081)
ROOT 50001461 (kind=<JNI global ref>, id=24a, trace=301081)
ROOT 5000146b (kind=<JNI global ref>, id=24b, trace=301091)
ROOT 500014a6 (kind=<JNI global ref>, id=24c, trace=301109)
ROOT 50001770 (kind=<JNI global ref>, id=24d, trace=301115)
ROOT 50001772 (kind=<JNI global ref>, id=24e, trace=301117)
ROOT 50001773 (kind=<JNI global ref>, id=24f, trace=301118)
ROOT 50001788 (kind=<JNI global ref>, id=250, trace=301129)
ROOT 50001793 (kind=<JNI global ref>, id=251, trace=301135)
ROOT 50001794 (kind=<JNI global ref>, id=252, trace=301135)
ROOT 50001795 (kind=<JNI global ref>, id=253, trace=301136)
ROOT 5000179f (kind=<JNI global ref>, id=254, trace=301142)
ROOT 500017a1 (kind=<JNI global ref>, id=255, trace=301144)
ROOT 500017a5 (kind=<JNI global ref>, id=256, trace=301148)
ROOT 500017be (kind=<JNI global ref>, id=257, trace=301167)
ROOT 500017bf (kind=<JNI global ref>, id=258, trace=301167)
ROOT 500017c2 (kind=<JNI global ref>, id=259, trace=301170)
ROOT 500017c3 (kind=<JNI global ref>, id=25a, trace=301171)
ROOT 500018d0 (kind=<JNI global ref>, id=25b, trace=301184)
ROOT 500018e5 (kind=<JNI global ref>, id=25c, trace=301202)
ROOT 500018e7 (kind=<JNI global ref>, id=25d, trace=301204)
ROOT 500018ec (kind=<JNI global ref>, id=25e, trace=301209)
ROOT 500018f7 (kind=<JNI global ref>, id=25f, trace=301217)
ROOT 500018f9 (kind=<JNI global ref>, id=260, trace=301219)
ROOT 500018fa (kind=<JNI global ref>, id=261, trace=301219)
ROOT 500018fb (kind=<JNI global ref>, id=262, trace=301219)
ROOT 50001932 (kind=<JNI global ref>, id=263, trace=301258)
ROOT 50001934 (kind=<JNI global ref>, id=264, trace=301260)
ROOT 5000194e (kind=<JNI global ref>, id=265, trace=301268)
ROOT 5000194f (kind=<JNI global ref>, id=266, trace=301269)
ROOT 5000195d (kind=<JNI global ref>, id=267, trace=301276)
ROOT 5000195e (kind=<JNI global ref>, id=268, trace=301277)
ROOT 50001960 (kind=<JNI global ref>, id=269, trace=301278)
ROOT 500019c2 (kind=<JNI global ref>, id=26a, trace=301285)
ROOT 500019d3 (kind=<JNI global ref>, id=26b, trace=301294)
ROOT 500019d5 (kind=<JNI global ref>, id=26c, trace=301296)
ROOT 500019d6 (kind=<JNI global ref>, id=26d, trace=301296)
ROOT 500019d7 (kind=<JNI global ref>, id=26e, trace=301296)
ROOT 500019dd (kind=<JNI global ref>, id=26f, trace=301302)
ROOT 500019de (kind=<JNI global ref>, id=270, trace=301302)
ROOT 500019df (kind=<JNI global ref>, id=271, trace=301302)
ROOT 500019e1 (kind=<JNI global ref>, id=272, trace=301304)
ROOT 500019e2 (kind=<JNI global ref>, id=273, trace=301305)
ROOT 500019e8 (kind=<JNI global ref>, id=274, trace=301309)
ROOT 50001a2e (kind=<JNI global ref>, id=275, trace=301315)
ROOT 50001a32 (kind=<JNI global ref>, id=276, trace=301319)
ROOT 50001a33 (kind=<JNI global ref>, id=277, trace=301319)
ROOT 50001a34 (kind=<JNI global ref>, id=278, trace=301319)
ROOT 50001a42 (kind=<JNI global ref>, id=279, trace=301330)
ROOT 50001a49 (kind=<JNI global ref>, id=27a, trace=301335)
ROOT 50001a4d (kind=<JNI global ref>, id=27b, trace=301115)
ROOT 50001a6e (kind=<JNI global ref>, id=27c, trace=301351)
ROOT 50001a6f (kind=<JNI global ref>, id=27d, trace=301352)
ROOT 50001a98 (kind=<JNI global ref>, id=27e, trace=301383)
ROOT 50001a99 (kind=<JNI global ref>, id=27f, trace=301383)
ROOT 50001a9a (kind=<JNI global ref>, id=280, trace=301383)
ROOT 50001a9d (kind=<JNI global ref>, id=281, trace=301386)
ROOT 50001aa0 (kind=<JNI global ref>, id=282, trace=301389)
ROOT 50001aa2 (kind=<JNI global ref>, id=283, trace=301391)
ROOT 50001aa5 (kind=<JNI global ref>, id=284, trace=301115)
ROOT 50001aa6 (kind=<JNI global ref>, id=285, trace=301115)
ROOT 50001ab0 (kind=<JNI global ref>, id=286, trace=301397)
ROOT 50001ab1 (kind=<JNI global ref>, id=287, trace=301398)
ROOT 50001ab2 (kind=<JNI global ref>, id=288, trace=301398)
ROOT 50001ab3 (kind=<JNI global ref>, id=289, trace=301398)
ROOT 50001ab4 (kind=<JNI global ref>, id=28a, trace=301398)
ROOT 50001aed (kind=<JNI global ref>, id=28b, trace=301419)
ROOT 50001aff (kind=<JNI global ref>, id=28c, trace=301426)
ROOT 50001b08 (kind=<JNI global ref>, id=28d, trace=301435)
ROOT 50001b0e (kind=<JNI global ref>, id=28e, trace=301441)
ROOT 50001b43 (kind=<JNI global ref>, id=28f, trace=301494)
ROOT 50001b8d (kind=<JNI global ref>, id=290, trace=301524)
ROOT 50001b90 (kind=<JNI global ref>, id=291, trace=301527)
ROOT 50001b91 (kind=<JNI global ref>, id=292, trace=301528)
ROOT 50001bb6 (kind=<JNI global ref>, id=293, trace=301524)
ROOT 50001bcf (kind=<JNI global ref>, id=294, trace=301524)
ROOT 50001bdc (kind=<JNI global ref>, id=295, trace=301566)
ROOT 50001be7 (kind=<JNI global ref>, id=296, trace=301524)
ROOT 50001be8 (kind=<JNI global ref>, id=297, trace=301569)
ROOT 50001c01 (kind=<JNI global ref>, id=298, trace=301524)
ROOT 50001c13 (kind=<JNI global ref>, id=299, trace=301588)
ROOT 50001c15 (kind=<JNI global ref>, id=29a, trace=301590)
ROOT 50001c1c (kind=<JNI global ref>, id=29b, trace=301594)
ROOT 50001c20 (kind=<JNI global ref>, id=29c, trace=301596)
ROOT 50001c28 (kind=<JNI global ref>, id=29d, trace=301600)
ROOT 50001c2d (kind=<JNI global ref>, id=29e, trace=301605)
ROOT 50001c2e (kind=<JNI global ref>, id=29f, trace=301605)
ROOT 50001e3f (kind=<JNI global ref>, id=2a0, trace=301524)
ROOT 50001e82 (kind=<JNI global ref>, id=2a1, trace=301616)
ROOT 50001e83 (kind=<JNI global ref>, id=2a2, trace=301617)
ROOT 5000217a (kind=<JNI global ref>, id=2a3, trace=301673)
ROOT 5000217b (kind=<JNI global ref>, id=2a4, trace=301673)
ROOT 5000217c (kind=<JNI global ref>, id=2a5, trace=301674)
ROOT 5000217d (kind=<JNI global ref>, id=2a6, trace=301675)
ROOT 50002184 (kind=<JNI global ref>, id=2a7, trace=301681)
ROOT 500021ca (kind=<JNI global ref>, id=2a8, trace=301698)
ROOT 500021cd (kind=<JNI global ref>, id=2a9, trace=301701)
ROOT 500021dc (kind=<JNI global ref>, id=2aa, trace=301708)
ROOT 50002214 (kind=<JNI global ref>, id=2ab, trace=301734)
ROOT 50002215 (kind=<JNI global ref>, id=2ac, trace=301735)
ROOT 50002260 (kind=<JNI global ref>, id=2ad, trace=301781)
ROOT 50002262 (kind=<JNI global ref>, id=2ae, trace=301782)
ROOT 500022a2 (kind=<JNI global ref>, id=2af, trace=301833)
ROOT 500022a3 (kind=<JNI global ref>, id=2b0, trace=301833)
ROOT 500022a8 (kind=<JNI global ref>, id=2b1, trace=301838)
ROOT 500022aa (kind=<JNI global ref>, id=2b2, trace=301839)
ROOT 500022ab (kind=<JNI global ref>, id=2b3, trace=301840)
ROOT 500022ac (kind=<JNI global ref>, id=2b4, trace=301841)
ROOT 500022ae (kind=<JNI global ref>, id=2b5, trace=301843)
ROOT 500022b0 (kind=<JNI global ref>, id=2b6, trace=301845)
ROOT 500022b2 (kind=<JNI global ref>, id=2b7, trace=301847)
ROOT 500022b4 (kind=<JNI global ref>, id=2b8, trace=301849)
ROOT 500022b6 (kind=<JNI global ref>, id=2b9, trace=301851)
ROOT 500022ba (kind=<JNI global ref>, id=2ba, trace=301855)
ROOT 500023aa (kind=<JNI global ref>, id=2bb, trace=301880)
ROOT 500023ab (kind=<JNI global ref>, id=2bc, trace=301881)
ROOT 500023ac (kind=<JNI global ref>, id=2bd, trace=301881)
ROOT 500023af (kind=<JNI global ref>, id=2be, trace=301884)
ROOT 500023b4 (kind=<JNI global ref>, id=2bf, trace=301889)
ROOT 500023b5 (kind=<JNI global ref>, id=2c0, trace=301890)
ROOT 500023b7 (kind=<JNI global ref>, id=2c1, trace=301891)
ROOT 500023b8 (kind=<JNI global ref>, id=2c2, trace=301891)
ROOT 500023b9 (kind=<JNI global ref>, id=2c3, trace=301891)
ROOT 500023bb (kind=<JNI global ref>, id=2c4, trace=301893)
ROOT 500023bc (kind=<JNI global ref>, id=2c5, trace=301893)
ROOT 500023bd (kind=<JNI global ref>, id=2c6, trace=301894)
ROOT 500023be (kind=<JNI global ref>, id=2c7, trace=301895)
ROOT 500023bf (kind=<JNI global ref>, id=2c8, trace=301896)
ROOT 500023c1 (kind=<JNI global ref>, id=2c9, trace=301898)
ROOT 500023c5 (kind=<JNI global ref>, id=2ca, trace=301901)
ROOT 500023c6 (kind=<JNI global ref>, id=2cb, trace=301901)
ROOT 500023cd (kind=<JNI global ref>, id=2cc, trace=301908)
ROOT 500023ce (kind=<JNI global ref>, id=2cd, trace=301908)
ROOT 500023d0 (kind=<JNI global ref>, id=2ce, trace=301910)
ROOT 500023d1 (kind=<JNI global ref>, id=2cf, trace=301910)
ROOT 500023d3 (kind=<JNI global ref>, id=2d0, trace=301912)
ROOT 500023d7 (kind=<JNI global ref>, id=2d1, trace=301916)
ROOT 500023d8 (kind=<JNI global ref>, id=2d2, trace=301916)
ROOT 500023dc (kind=<JNI global ref>, id=2d3, trace=301115)
ROOT 500023dd (kind=<JNI global ref>, id=2d4, trace=301115)
ROOT 500023e0 (kind=<JNI global ref>, id=2d5, trace=301918)
ROOT 500023e1 (kind=<JNI global ref>, id=2d6, trace=301918)
ROOT 500023e8 (kind=<JNI global ref>, id=2d7, trace=301920)
ROOT 500023e9 (kind=<JNI global ref>, id=2d8, trace=301920)
ROOT 500023f2 (kind=<JNI global ref>, id=2d9, trace=301115)
ROOT 500023f3 (kind=<JNI global ref>, id=2da, trace=301115)
ROOT 50002402 (kind=<JNI global ref>, id=2db, trace=301927)
ROOT 50002404 (kind=<JNI global ref>, id=2dc, trace=301929)
ROOT 50002405 (kind=<JNI global ref>, id=2dd, trace=301930)
ROOT 50002406 (kind=<JNI global ref>, id=2de, trace=301930)
ROOT 50002408 (kind=<JNI global ref>, id=2df, trace=301932)
ROOT 50002419 (kind=<JNI global ref>, id=2e0, trace=301939)
ROOT 50002426 (kind=<JNI global ref>, id=2e1, trace=301952)
ROOT 50002456 (kind=<JNI global ref>, id=2e2, trace=301991)
ROOT 500025a2 (kind=<JNI global ref>, id=2e3, trace=302052)
ROOT 500025a3 (kind=<JNI global ref>, id=2e4, trace=302052)
ROOT 500025a6 (kind=<JNI global ref>, id=2e5, trace=302055)
ROOT 500025ab (kind=<JNI global ref>, id=2e6, trace=302060)
ROOT 500025ac (kind=<JNI global ref>, id=2e7, trace=302060)
ROOT 500025ae (kind=<JNI global ref>, id=2e8, trace=302062)
ROOT 500025b6 (kind=<JNI global ref>, id=2e9, trace=302068)
ROOT 500025b7 (kind=<JNI global ref>, id=2ea, trace=302068)
ROOT 500025d2 (kind=<JNI global ref>, id=2eb, trace=302082)
ROOT 500025d5 (kind=<JNI global ref>, id=2ec, trace=302085)
ROOT 5000260a (kind=<JNI global ref>, id=2ed, trace=302091)
ROOT 50002620 (kind=<JNI global ref>, id=2ee, trace=302102)
ROOT 50002c70 (kind=<JNI global ref>, id=2ef, trace=302121)
ROOT 50002c9f (kind=<JNI global ref>, id=2f0, trace=302145)
ROOT 50002ca0 (kind=<JNI global ref>, id=2f1, trace=302145)
ROOT 50002cab (kind=<JNI global ref>, id=2f2, trace=302150)
ROOT 50002cb3 (kind=<JNI global ref>, id=2f3, trace=302155)
ROOT 50002cdf (kind=<JNI global ref>, id=2f4, trace=302172)
ROOT 50002ce0 (kind=<JNI global ref>, id=2f5, trace=302172)
ROOT 50002ce1 (kind=<JNI global ref>, id=2f6, trace=302172)
ROOT 50002ce4 (kind=<JNI global ref>, id=2f7, trace=302175)
ROOT 50002ce5 (kind=<JNI global ref>, id=2f8, trace=302175)
ROOT 50002cea (kind=<JNI global ref>, id=2f9, trace=302180)
ROOT 50002cf4 (kind=<JNI global ref>, id=2fa, trace=302187)
ROOT 50002cf6 (kind=<JNI global ref>, id=2fb, trace=302189)
ROOT 50002cf8 (kind=<JNI global ref>, id=2fc, trace=302191)
ROOT 50002cf9 (kind=<JNI global ref>, id=2fd, trace=302191)
ROOT 50002cfa (kind=<JNI global ref>, id=2fe, trace=302192)
ROOT 50002d18 (kind=<JNI global ref>, id=2ff, trace=302209)
ROOT 50002d2b (kind=<JNI global ref>, id=300, trace=302215)
ROOT 50002d2c (kind=<JNI global ref>, id=301, trace=302216)
ROOT 50002d2e (kind=<JNI global ref>, id=302, trace=302218)
ROOT 50002d54 (kind=<JNI global ref>, id=303, trace=302227)
ROOT 50002d55 (kind=<JNI global ref>, id=304, trace=302227)
ROOT 50002d58 (kind=<JNI global ref>, id=305, trace=302230)
ROOT 50002d63 (kind=<JNI global ref>, id=306, trace=302237)
ROOT 5000328e (kind=<JNI global ref>, id=307, trace=300000)
ROOT 50002dc7 (kind=<JNI global ref>, id=308, trace=302237)
ROOT 50002e20 (kind=<JNI global ref>, id=309, trace=300832)
ROOT 50002e21 (kind=<JNI global ref>, id=30a, trace=302237)
ROOT 50002e4e (kind=<JNI global ref>, id=30b, trace=302266)
ROOT 50002ebd (kind=<JNI global ref>, id=30c, trace=302237)
ROOT 50002f75 (kind=<JNI global ref>, id=30d, trace=302237)
ROOT 50002f7d (kind=<JNI global ref>, id=30e, trace=302277)
ROOT 50002fb4 (kind=<JNI global ref>, id=30f, trace=302284)
ROOT 500030c4 (kind=<JNI global ref>, id=310, trace=300832)
ROOT 500030c5 (kind=<JNI global ref>, id=311, trace=300832)
ROOT 500030c6 (kind=<JNI global ref>, id=312, trace=300832)
ROOT 500030c8 (kind=<JNI global ref>, id=313, trace=302286)
ROOT 500030c9 (kind=<JNI global ref>, id=314, trace=302286)
ROOT 500030ca (kind=<JNI global ref>, id=315, trace=302286)
ROOT 500030d6 (kind=<JNI global ref>, id=316, trace=302297)
ROOT 50003132 (kind=<JNI global ref>, id=317, trace=302312)
ROOT 50003134 (kind=<JNI global ref>, id=318, trace=302314)
ROOT 50003135 (kind=<JNI global ref>, id=319, trace=302314)
ROOT 50003139 (kind=<JNI global ref>, id=31a, trace=302316)
ROOT 5000313b (kind=<JNI global ref>, id=31b, trace=302318)
ROOT 5000313d (kind=<JNI global ref>, id=31c, trace=302320)
ROOT 5000313e (kind=<JNI global ref>, id=31d, trace=302321)
ROOT 50003140 (kind=<JNI global ref>, id=31e, trace=302323)
ROOT 50003143 (kind=<JNI global ref>, id=31f, trace=302326)
ROOT 50003144 (kind=<JNI global ref>, id=320, trace=302326)
ROOT 50003151 (kind=<JNI global ref>, id=321, trace=302333)
ROOT 50003255 (kind=<JNI global ref>, id=322, trace=302337)
ROOT 50003257 (kind=<JNI global ref>, id=323, trace=302339)
ROOT 50003275 (kind=<JNI global ref>, id=324, trace=300000)
ROOT 50003276 (kind=<JNI global ref>, id=325, trace=300000)
ROOT 50003277 (kind=<JNI global ref>, id=326, trace=300000)
ROOT 50003278 (kind=<JNI global ref>, id=327, trace=300000)
ROOT 50003279 (kind=<JNI global ref>, id=328, trace=300000)
ROOT 5000327a (kind=<JNI global ref>, id=329, trace=300000)
ROOT 5000327b (kind=<JNI global ref>, id=32a, trace=300000)
ROOT 5000327c (kind=<JNI global ref>, id=32b, trace=300000)
ROOT 5000327d (kind=<JNI global ref>, id=32c, trace=300000)
ROOT 5000327e (kind=<JNI global ref>, id=32d, trace=300000)
ROOT 5000327f (kind=<JNI global ref>, id=32e, trace=300000)
ROOT 50003280 (kind=<JNI global ref>, id=32f, trace=300000)
ROOT 50003281 (kind=<JNI global ref>, id=330, trace=300000)
ROOT 50003282 (kind=<JNI global ref>, id=331, trace=300000)
ROOT 50003283 (kind=<JNI global ref>, id=332, trace=300000)
ROOT 50003284 (kind=<JNI global ref>, id=333, trace=300000)
ROOT 50003285 (kind=<JNI global ref>, id=334, trace=300000)
ROOT 50003286 (kind=<JNI global ref>, id=335, trace=300000)
ROOT 50003287 (kind=<JNI global ref>, id=336, trace=300000)
ROOT 50003288 (kind=<JNI global ref>, id=337, trace=300000)
ROOT 50003289 (kind=<JNI global ref>, id=338, trace=300000)
ROOT 5000328a (kind=<JNI global ref>, id=339, trace=300000)
ROOT 5000328f (kind=<unknown>)
ROOT 500000ab (kind=<system class>, name=java.lang.Object)
ROOT 50000036 (kind=<system class>, name=java.lang.String)
ROOT 5000002c (kind=<system class>, name=java.lang.Class)
ROOT 500000fa (kind=<system class>, name=java.lang.Cloneable)
ROOT 500000dc (kind=<system class>, name=java.lang.ClassLoader)
ROOT 500000fb (kind=<system class>, name=java.io.Serializable)
ROOT 50000074 (kind=<system class>, name=java.lang.System)
ROOT 50000001 (kind=<system class>, name=java.lang.Throwable)
ROOT 5000012b (kind=<system class>, name=java.lang.Error)
ROOT 50000016 (kind=<system class>, name=java.lang.ThreadDeath)
ROOT 50000039 (kind=<system class>, name=java.lang.Exception)
ROOT 5000006f (kind=<system class>, name=java.lang.RuntimeException)
ROOT 50000146 (kind=<system class>, name=java.security.ProtectionDomain)
ROOT 50000135 (kind=<system class>, name=java.security.AccessControlContext)
ROOT 50000068 (kind=<system class>, name=java.lang.ClassNotFoundException)
ROOT 50000133 (kind=<system class>, name=java.lang.NoClassDefFoundError)
ROOT 5000009f (kind=<system class>, name=java.lang.LinkageError)
ROOT 500000bd (kind=<system class>, name=java.lang.ClassCastException)
ROOT 5000010c (kind=<system class>, name=java.lang.ArrayStoreException)
ROOT 50000022 (kind=<system class>, name=java.lang.VirtualMachineError)
ROOT 500000a1 (kind=<system class>, name=java.lang.OutOfMemoryError)
ROOT 50000043 (kind=<system class>, name=java.lang.StackOverflowError)
ROOT 50000143 (kind=<system class>, name=java.lang.IllegalMonitorStateException)
ROOT 50000007 (kind=<system class>, name=java.lang.ref.Reference)
ROOT 500000c8 (kind=<system class>, name=java.lang.ref.SoftReference)
ROOT 50000113 (kind=<system class>, name=java.lang.ref.WeakReference)
ROOT 50000069 (kind=<system class>, name=java.lang.ref.FinalReference)
ROOT 50000091 (kind=<system class>, name=java.lang.ref.PhantomReference)
ROOT 500000f9 (kind=<system class>, name=java.lang.ref.Finalizer)
ROOT 50000077 (kind=<system class>, name=java.lang.Thread)
ROOT 5000011c (kind=<system class>, name=java.lang.ThreadGroup)
ROOT 50000058 (kind=<system class>, name=java.util.Properties)
ROOT 50000046 (kind=<system class>, name=java.lang.reflect.AccessibleObject)
ROOT 5000004e (kind=<system class>, name=java.lang.reflect.Field)
ROOT 50000123 (kind=<system class>, name=java.lang.reflect.Method)
ROOT 5000000d (kind=<system class>, name=java.lang.reflect.Constructor)
ROOT 50000102 (kind=<system class>, name=sun.reflect.MagicAccessorImpl)
ROOT 50000066 (kind=<system class>, name=sun.reflect.MethodAccessorImpl)
ROOT 5000009b (kind=<system class>, name=sun.reflect.ConstructorAccessorImpl)
ROOT 50000013 (kind=<system class>, name=sun.reflect.DelegatingClassLoader)
ROOT 50000025 (kind=<system class>, name=sun.reflect.ConstantPool)
ROOT 5000013f (kind=<system class>, name=sun.reflect.UnsafeStaticFieldAccessorImpl)
ROOT 5000005e (kind=<system class>, name=java.lang.StringBuffer)
ROOT 5000004d (kind=<system class>, name=java.lang.StringBuilder)
ROOT 50000095 (kind=<system class>, name=java.lang.StackTraceElement)
ROOT 50000060 (kind=<system class>, name=java.nio.Buffer)
ROOT 500000b0 (kind=<system class>, name=sun.misc.AtomicLongCSImpl)
ROOT 50000049 (kind=<system class>, name=sun.misc.PostVMInitHook)
ROOT 50000044 (kind=<system class>, name=java.lang.Boolean)
ROOT 50000121 (kind=<system class>, name=java.lang.Character)
ROOT 50000010 (kind=<system class>, name=java.lang.Float)
ROOT 500000f3 (kind=<system class>, name=java.lang.Double)
ROOT 500000d7 (kind=<system class>, name=java.lang.Byte)
ROOT 500000a4 (kind=<system class>, name=java.lang.Short)
ROOT 50000035 (kind=<system class>, name=java.lang.Integer)
ROOT 50000138 (kind=<system class>, name=java.lang.Long)
ROOT 50000044 (kind=<system class>, name=java.lang.Boolean)
ROOT 50000121 (kind=<system class>, name=java.lang.Character)
ROOT 50000010 (kind=<system class>, name=java.lang.Float)
ROOT 500000f3 (kind=<system class>, name=java.lang.Double)
ROOT 500000d7 (kind=<system class>, name=java.lang.Byte)
ROOT 500000a4 (kind=<system class>, name=java.lang.Short)
ROOT 50000035 (kind=<system class>, name=java.lang.Integer)
ROOT 50000138 (kind=<system class>, name=java.lang.Long)
ROOT 50000001 (kind=<system class>, name=java.lang.Throwable)
ROOT 50000025 (kind=<system class>, name=sun.reflect.ConstantPool)
ROOT 5000013f (kind=<system class>, name=sun.reflect.UnsafeStaticFieldAccessorImpl)
ROOT 50000001 (kind=<system class>, name=java.lang.Throwable)
ROOT 5000108f (kind=<system class>, name=sun.security.util.ByteArrayLexOrder)
ROOT 50001199 (kind=<system class>, name=sun.security.x509.AlgorithmId)
ROOT 50001be7 (kind=<system class>, name=sun.security.x509.AuthorityKeyIdentifierExtension)
ROOT 50000003 (kind=<system class>, name=java.util.Iterator)
ROOT 50000004 (kind=<system class>, name=java.util.Vector)
ROOT 50000e77 (kind=<system class>, name=sun.security.jca.ProviderList$3)
ROOT 50002cf8 (kind=<system class>, name=java.security.Policy)
ROOT 50000005 (kind=<system class>, name=java.io.ExpiringCache$Entry)
ROOT 50000006 (kind=<system class>, name=sun.reflect.ReflectionFactory$1)
ROOT 50000007 (kind=<system class>, name=java.lang.ref.Reference)
ROOT 50000009 (kind=<system class>, name=sun.misc.Version)
ROOT 5000000a (kind=<system class>, name=sun.reflect.ConstructorAccessor)
ROOT 5000000b (kind=<system class>, name=java.lang.NoSuchMethodError)
ROOT 5000000c (kind=<system class>, name=sun.reflect.ReflectionFactory$GetReflectionFactoryAction)
ROOT 50001086 (kind=<system class>, name=sun.security.util.DerValue)
ROOT 5000021e (kind=<system class>, name=java.util.jar.JarFile$JarFileEntry)
ROOT 5000000d (kind=<system class>, name=java.lang.reflect.Constructor)
ROOT 5000000f (kind=<system class>, name=java.io.FilterOutputStream)
ROOT 50000010 (kind=<system class>, name=java.lang.Float)
ROOT 50002419 (kind=<system class>, name=java.math.MutableBigInteger)
ROOT 50000011 (kind=<system class>, name=sun.reflect.ReflectionFactory)
ROOT 50000012 (kind=<system class>, name=java.lang.Shutdown)
ROOT 50000013 (kind=<system class>, name=sun.reflect.DelegatingClassLoader)
ROOT 500001b7 (kind=<system class>, name=java.security.PrivilegedActionException)
ROOT 50001059 (kind=<system class>, name=java.lang.reflect.Array)
ROOT 50000014 (kind=<system class>, name=java.nio.charset.CodingErrorAction)
ROOT 500023be (kind=<system class>, name=java.util.regex.Pattern$First)
ROOT 50000015 (kind=<system class>, name=java.lang.AssertionStatusDirectives)
ROOT 50000016 (kind=<system class>, name=java.lang.ThreadDeath)
ROOT 50002ca0 (kind=<system class>, name=sun.misc.URLClassPath$FileLoader$1)
ROOT 50001ab2 (kind=<system class>, name=java.security.interfaces.DSAPublicKey)
ROOT 50000017 (kind=<system class>, name=sun.util.PreHashedMap)
ROOT 50000018 (kind=<system class>, name=sun.misc.JavaLangAccess)
ROOT 50000019 (kind=<system class>, name=java.net.URLStreamHandler)
ROOT 5000001a (kind=<system class>, name=sun.misc.URLClassPath)
ROOT 50000294 (kind=<system class>, name=java.util.Queue)
ROOT 5000001b (kind=<system class>, name=sun.misc.Signal)
ROOT 5000001c (kind=<system class>, name=sun.jkernel.DownloadManager$1)
ROOT 50000221 (kind=<system class>, name=java.io.DataInput)
ROOT 5000001d (kind=<system class>, name=sun.misc.VM)
ROOT 500025a3 (kind=<system class>, name=sun.security.provider.certpath.X509CertPath)
ROOT 500019c2 (kind=<system class>, name=sun.security.x509.CertificateValidity)
ROOT 5000001e (kind=<system class>, name=java.nio.Bits)
ROOT 5000313b (kind=<system class>, name=java.lang.IllegalStateException)
ROOT 5000001f (kind=<system class>, name=java.io.BufferedWriter)
ROOT 50000299 (kind=<system class>, name=java.util.LinkedList$Entry)
ROOT 50000020 (kind=<system class>, name=java.lang.NullPointerException)
ROOT 50000021 (kind=<system class>, name=sun.reflect.DelegatingMethodAccessorImpl)
ROOT 50000022 (kind=<system class>, name=java.lang.VirtualMachineError)
ROOT 50000024 (kind=<system class>, name=java.lang.System$2)
ROOT 50001064 (kind=<system class>, name=sun.security.pkcs.PKCS7)
ROOT 50000025 (kind=<system class>, name=sun.reflect.ConstantPool)
ROOT 50000026 (kind=<system class>, name=java.security.PermissionCollection)
ROOT 50000027 (kind=<system class>, name=java.nio.charset.CoderResult$2)
ROOT 50001c2e (kind=<system class>, name=sun.security.util.MemoryCache$SoftCacheEntry)
ROOT 50000028 (kind=<system class>, name=java.util.List)
ROOT 50001a4d (kind=<system class>, name=sun.security.provider.DSAParameters)
ROOT 50000a7b (kind=<system class>, name=java.util.jar.Manifest$FastInputStream)
ROOT 50002cf4 (kind=<system class>, name=java.io.FilePermission)
ROOT 5000026d (kind=<system class>, name=java.util.zip.ZStreamRef)
ROOT 50000281 (kind=<system class>, name=sun.nio.cs.UTF_8$Decoder)
ROOT 50000029 (kind=<system class>, name=java.util.concurrent.locks.AbstractOwnableSynchronizer)
ROOT 500022b4 (kind=<system class>, name=sun.text.normalizer.NormalizerBase$NFKCMode)
ROOT 5000002a (kind=<system class>, name=sun.misc.Launcher$ExtClassLoader$1)
ROOT 500023bb (kind=<system class>, name=java.util.regex.Pattern$SliceNode)
ROOT 5000002b (kind=<system class>, name=java.lang.ref.Finalizer$FinalizerThread)
ROOT 500023e1 (kind=<system class>, name=java.security.NoSuchAlgorithmException)
ROOT 5000002c (kind=<system class>, name=java.lang.Class)
ROOT 5000002e (kind=<system class>, name=java.io.OutputStream)
ROOT 5000002f (kind=<system class>, name=java.io.ObjectStreamField)
ROOT 50001a34 (kind=<system class>, name=sun.security.x509.X509Key)
ROOT 50000a9d (kind=<system class>, name=sun.misc.ASCIICaseInsensitiveComparator)
ROOT 50000031 (kind=<system class>, name=java.lang.StringCoding)
ROOT 50000cdf (kind=<system class>, name=sun.misc.CharacterDecoder)
ROOT 5000021b (kind=<system class>, name=java.util.zip.ZipEntry)
ROOT 50002402 (kind=<system class>, name=java.security.MessageDigest$Delegate)
ROOT 50002408 (kind=<system class>, name=sun.security.provider.ByteArrayAccess)
ROOT 50001237 (kind=<system class>, name=sun.security.provider.Sun$1)
ROOT 50003134 (kind=<system class>, name=java.util.IdentityHashMap$IdentityHashMapIterator)
ROOT 50000032 (kind=<system class>, name=java.io.ObjectStreamClass)
ROOT 50000a72 (kind=<system class>, name=java.io.ByteArrayInputStream)
ROOT 50000033 (kind=<system class>, name=java.util.Hashtable)
ROOT 50001773 (kind=<system class>, name=sun.security.util.MemoryCache)
ROOT 50000034 (kind=<system class>, name=java.lang.StringCoding$StringEncoder)
ROOT 50000035 (kind=<system class>, name=java.lang.Integer)
ROOT 50000036 (kind=<system class>, name=java.lang.String)
ROOT 50001772 (kind=<system class>, name=sun.security.util.Cache)
ROOT 50001770 (kind=<system class>, name=sun.security.provider.X509Factory)
ROOT 500023c5 (kind=<system class>, name=java.util.regex.MatchResult)
ROOT 50000038 (kind=<system class>, name=sun.nio.cs.Surrogate)
ROOT 50000e7a (kind=<system class>, name=java.security.Provider$ServiceKey)
ROOT 50001a9d (kind=<system class>, name=java.security.KeyFactory)
ROOT 50000039 (kind=<system class>, name=java.lang.Exception)
ROOT 500023ab (kind=<system class>, name=java.util.regex.Pattern$Node)
ROOT 5000003a (kind=<system class>, name=sun.nio.cs.MacRoman$Decoder)
ROOT 5000003b (kind=<system class>, name=com.apple.java.Usage)
ROOT 50001aa2 (kind=<system class>, name=sun.security.jca.ProviderList$ServiceList$1)
ROOT 5000003c (kind=<system class>, name=java.util.Arrays)
ROOT 500030c6 (kind=<system class>, name=java.util.TreeSet)
ROOT 5000003d (kind=<system class>, name=java.lang.ref.Reference$Lock)
ROOT 5000003e (kind=<system class>, name=java.util.Map$Entry)
ROOT 50000040 (kind=<system class>, name=java.lang.String$CaseInsensitiveComparator)
ROOT 50000041 (kind=<system class>, name=java.net.URLStreamHandlerFactory)
ROOT 50000042 (kind=<system class>, name=java.security.AccessController)
ROOT 50001c28 (kind=<system class>, name=sun.security.x509.X509AttributeName)
ROOT 50000043 (kind=<system class>, name=java.lang.StackOverflowError)
ROOT 50001230 (kind=<system class>, name=sun.security.provider.Sun)
ROOT 50000044 (kind=<system class>, name=java.lang.Boolean)
ROOT 500019e8 (kind=<system class>, name=sun.security.x509.CertificateSubjectName)
ROOT 50001066 (kind=<system class>, name=sun.security.util.DerInputStream)
ROOT 500023cd (kind=<system class>, name=java.util.SubList)
ROOT 50002620 (kind=<system class>, name=sun.security.util.ManifestEntryVerifier$SunProviderHolder)
ROOT 50000045 (kind=<system class>, name=sun.nio.cs.SingleByteEncoder)
ROOT 50000046 (kind=<system class>, name=java.lang.reflect.AccessibleObject)
ROOT 50000048 (kind=<system class>, name=java.io.BufferedInputStream)
ROOT 50000049 (kind=<system class>, name=sun.misc.PostVMInitHook)
ROOT 5000004a (kind=<system class>, name=sun.reflect.LangReflectAccess)
ROOT 50001ab3 (kind=<system class>, name=sun.security.provider.DSAPublicKey)
ROOT 5000004b (kind=<system class>, name=java.util.Set)
ROOT 5000004c (kind=<system class>, name=java.lang.reflect.ReflectPermission)
ROOT 5000004d (kind=<system class>, name=java.lang.StringBuilder)
ROOT 50001c2d (kind=<system class>, name=sun.security.util.MemoryCache$CacheEntry)
ROOT 500019d3 (kind=<system class>, name=sun.util.calendar.CalendarSystem)
ROOT 5000118d (kind=<system class>, name=java.util.Random)
ROOT 5000004e (kind=<system class>, name=java.lang.reflect.Field)
ROOT 500023ce (kind=<system class>, name=java.util.RandomAccessSubList)
ROOT 50000050 (kind=<system class>, name=java.net.URL)
ROOT 5000019e (kind=<system class>, name=java.util.zip.ZipConstants)
ROOT 50000052 (kind=<system class>, name=java.lang.ThreadLocal)
ROOT 500023d8 (kind=<system class>, name=java.security.interfaces.DSAPrivateKey)
ROOT 50001a9a (kind=<system class>, name=java.security.spec.X509EncodedKeySpec)
ROOT 50000053 (kind=<system class>, name=java.util.HashMap$Entry)
ROOT 500023d3 (kind=<system class>, name=java.util.AbstractList$ListItr)
ROOT 5000027c (kind=<system class>, name=sun.nio.cs.StreamDecoder)
ROOT 50000a8a (kind=<system class>, name=java.util.jar.Attributes$Name)
ROOT 50000055 (kind=<system class>, name=java.util.AbstractMap)
ROOT 50000056 (kind=<system class>, name=java.lang.Number)
ROOT 50001c20 (kind=<system class>, name=sun.nio.cs.US_ASCII$Decoder)
ROOT 50000057 (kind=<system class>, name=java.lang.ApplicationShutdownHooks$1)
ROOT 50000058 (kind=<system class>, name=java.util.Properties)
ROOT 50000059 (kind=<system class>, name=java.security.BasicPermission)
ROOT 5000005a (kind=<system class>, name=java.lang.reflect.Member)
ROOT 5000005c (kind=<system class>, name=sun.misc.OSEnvironment)
ROOT 500025d2 (kind=<system class>, name=java.io.PushbackInputStream)
ROOT 50002cfa (kind=<system class>, name=java.security.Policy$UnsupportedEmptyCollection)
ROOT 5000005d (kind=<system class>, name=java.lang.IllegalArgumentException)
ROOT 5000005e (kind=<system class>, name=java.lang.StringBuffer)
ROOT 5000005f (kind=<system class>, name=java.security.PrivilegedAction)
ROOT 500001ef (kind=<system class>, name=sun.misc.ExtensionDependency)
ROOT 50002ce0 (kind=<system class>, name=sun.net.www.URLConnection)
ROOT 50000060 (kind=<system class>, name=java.nio.Buffer)
ROOT 50000061 (kind=<system class>, name=java.util.Map)
ROOT 50000062 (kind=<system class>, name=java.util.concurrent.ConcurrentHashMap)
ROOT 5000313e (kind=<system class>, name=com.apple.java.Application$1)
ROOT 5000108d (kind=<system class>, name=sun.security.util.DerEncoder)
ROOT 50000297 (kind=<system class>, name=java.util.LinkedList)
ROOT 50001247 (kind=<system class>, name=sun.security.provider.NativePRNG$1)
ROOT 500030c4 (kind=<system class>, name=java.util.SortedSet)
ROOT 500019dd (kind=<system class>, name=sun.util.calendar.CalendarDate)
ROOT 50000063 (kind=<system class>, name=java.util.concurrent.ConcurrentMap)
ROOT 50001013 (kind=<system class>, name=sun.security.jca.ProviderConfig$5)
ROOT 50000064 (kind=<system class>, name=sun.misc.Launcher$Factory)
ROOT 5000313d (kind=<system class>, name=com.apple.java.Application)
ROOT 500022ac (kind=<system class>, name=sun.text.normalizer.NormalizerBase$Mode)
ROOT 500018e7 (kind=<system class>, name=sun.security.x509.SerialNumber)
ROOT 5000217c (kind=<system class>, name=sun.security.jca.ServiceId)
ROOT 50000065 (kind=<system class>, name=java.util.Collections$SynchronizedMap)
ROOT 50000066 (kind=<system class>, name=sun.reflect.MethodAccessorImpl)
ROOT 50001b08 (kind=<system class>, name=sun.security.x509.OIDMap)
ROOT 50000067 (kind=<system class>, name=java.lang.ArithmeticException)
ROOT 50000068 (kind=<system class>, name=java.lang.ClassNotFoundException)
ROOT 500025ae (kind=<system class>, name=java.util.Collections$UnmodifiableCollection$1)
ROOT 50001b43 (kind=<system class>, name=sun.security.x509.OIDMap$OIDInfo)
ROOT 50000069 (kind=<system class>, name=java.lang.ref.FinalReference)
ROOT 500023b9 (kind=<system class>, name=java.util.regex.Pattern$Single)
ROOT 500017c2 (kind=<system class>, name=java.lang.Integer$IntegerCache)
ROOT 5000146b (kind=<system class>, name=java.security.Provider$Service)
ROOT 5000006a (kind=<system class>, name=java.io.InputStream)
ROOT 5000006b (kind=<system class>, name=sun.nio.cs.StandardCharsets$Aliases)
ROOT 50001a33 (kind=<system class>, name=java.security.PublicKey)
ROOT 5000006c (kind=<system class>, name=java.security.Guard)
ROOT 5000006d (kind=<system class>, name=java.util.Comparator)
ROOT 500018e5 (kind=<system class>, name=sun.security.x509.CertificateSerialNumber)
ROOT 50000268 (kind=<system class>, name=java.util.zip.ZipFile$1)
ROOT 50001960 (kind=<system class>, name=sun.security.action.GetBooleanAction)
ROOT 5000195d (kind=<system class>, name=sun.security.x509.AVA)
ROOT 5000006e (kind=<system class>, name=java.lang.Runtime)
ROOT 5000006f (kind=<system class>, name=java.lang.RuntimeException)
ROOT 50000070 (kind=<system class>, name=java.lang.ref.ReferenceQueue$Lock)
ROOT 50002d2c (kind=<system class>, name=java.security.UnresolvedPermission)
ROOT 500001ee (kind=<system class>, name=sun.misc.JarIndex)
ROOT 500023dc (kind=<system class>, name=sun.security.provider.DSA)
ROOT 50002cdf (kind=<system class>, name=java.net.URLConnection)
ROOT 5000106b (kind=<system class>, name=sun.security.pkcs.ContentInfo)
ROOT 50000071 (kind=<system class>, name=java.lang.reflect.Type)
ROOT 50000073 (kind=<system class>, name=sun.reflect.MethodAccessor)
ROOT 5000108e (kind=<system class>, name=sun.security.util.DerOutputStream)
ROOT 500023bc (kind=<system class>, name=java.util.regex.Pattern$Slice)
ROOT 500025d5 (kind=<system class>, name=sun.misc.CEStreamExhausted)
ROOT 50000074 (kind=<system class>, name=java.lang.System)
ROOT 50000075 (kind=<system class>, name=java.lang.CharacterDataLatin1)
ROOT 50000076 (kind=<system class>, name=java.io.ExpiringCache$1)
ROOT 50000077 (kind=<system class>, name=java.lang.Thread)
ROOT 500025ac (kind=<system class>, name=java.util.Collections$UnmodifiableRandomAccessList)
ROOT 50002ce1 (kind=<system class>, name=sun.net.www.protocol.file.FileURLConnection)
ROOT 50000079 (kind=<system class>, name=java.lang.ClassLoader$NativeLibrary)
ROOT 50000d1f (kind=<system class>, name=sun.security.util.ManifestDigester$Entry)
ROOT 50000e79 (kind=<system class>, name=sun.security.jca.ProviderList$1)
ROOT 50003257 (kind=<system class>, name=java.util.Collections$UnmodifiableMap)
ROOT 5000007a (kind=<system class>, name=java.io.Writer)
ROOT 5000007b (kind=<system class>, name=java.nio.charset.spi.CharsetProvider)
ROOT 50002ce5 (kind=<system class>, name=java.net.UnknownContentHandler)
ROOT 50001932 (kind=<system class>, name=sun.security.x509.X500Name$1)
ROOT 50002d54 (kind=<system class>, name=sun.misc.JavaSecurityProtectionDomainAccess)
ROOT 5000007c (kind=<system class>, name=sun.misc.JavaSecurityAccess)
ROOT 5000007d (kind=<system class>, name=sun.nio.cs.Unicode)
ROOT 5000007e (kind=<system class>, name=com.apple.java.Usage$1)
ROOT 50001a32 (kind=<system class>, name=java.security.Key)
ROOT 5000007f (kind=<system class>, name=sun.misc.SharedSecrets)
ROOT 50000080 (kind=<system class>, name=sun.misc.JavaNetAccess)
ROOT 50000081 (kind=<system class>, name=java.util.concurrent.atomic.AtomicReferenceFieldUpdater)
ROOT 50000082 (kind=<system class>, name=java.security.CodeSource)
ROOT 5000027a (kind=<system class>, name=java.io.InputStreamReader)
ROOT 50000083 (kind=<system class>, name=java.lang.RuntimePermission)
ROOT 50000084 (kind=<system class>, name=sun.reflect.FieldAccessor)
ROOT 500023aa (kind=<system class>, name=java.util.regex.Pattern)
ROOT 500023e8 (kind=<system class>, name=java.security.MessageDigestSpi)
ROOT 500010aa (kind=<system class>, name=java.math.BigInteger)
ROOT 500023f3 (kind=<system class>, name=sun.security.provider.SHA)
ROOT 50002cb3 (kind=<system class>, name=java.security.Permissions)
ROOT 50000085 (kind=<system class>, name=java.security.SecureClassLoader)
ROOT 50001aff (kind=<system class>, name=sun.security.x509.Extension)
ROOT 50000086 (kind=<system class>, name=java.nio.ByteOrder)
ROOT 50001e3f (kind=<system class>, name=sun.security.x509.BasicConstraintsExtension)
ROOT 50000087 (kind=<system class>, name=java.nio.HeapByteBuffer)
ROOT 50000088 (kind=<system class>, name=java.util.concurrent.atomic.AtomicReferenceFieldUpdater$AtomicReferenceFieldUpdaterImpl)
ROOT 50000089 (kind=<system class>, name=java.lang.reflect.AnnotatedElement)
ROOT 500017be (kind=<system class>, name=sun.security.x509.CertAttrSet)
ROOT 5000008b (kind=<system class>, name=java.lang.Package)
ROOT 50001c13 (kind=<system class>, name=sun.security.x509.GeneralName)
ROOT 50001461 (kind=<system class>, name=java.util.LinkedHashMap$EntryIterator)
ROOT 50001b8d (kind=<system class>, name=sun.security.x509.NetscapeCertTypeExtension)
ROOT 50002184 (kind=<system class>, name=java.util.Arrays$ArrayList)
ROOT 50001a6e (kind=<system class>, name=sun.security.util.BitArray)
ROOT 50001788 (kind=<system class>, name=sun.security.jca.GetInstance$Instance)
ROOT 5000008d (kind=<system class>, name=sun.nio.cs.StandardCharsets$Cache)
ROOT 5000008e (kind=<system class>, name=java.lang.ThreadLocal$ThreadLocalMap$Entry)
ROOT 50001ab1 (kind=<system class>, name=java.security.interfaces.DSAKey)
ROOT 500018f7 (kind=<system class>, name=sun.security.x509.CertificateIssuerName)
ROOT 50000090 (kind=<system class>, name=sun.nio.cs.HistoricallyNamedCharset)
ROOT 50000091 (kind=<system class>, name=java.lang.ref.PhantomReference)
ROOT 50000e6d (kind=<system class>, name=java.lang.InheritableThreadLocal)
ROOT 50000092 (kind=<system class>, name=java.lang.Comparable)
ROOT 50000164 (kind=<system class>, name=sun.misc.URLClassPath$3)
ROOT 500022ba (kind=<system class>, name=sun.text.normalizer.NormalizerBase$1)
ROOT 50000094 (kind=<system class>, name=java.net.URLClassLoader$7)
ROOT 50000095 (kind=<system class>, name=java.lang.StackTraceElement)
ROOT 50000097 (kind=<system class>, name=com.sun.demo.jvmti.hprof.Tracker)
ROOT 50001245 (kind=<system class>, name=java.security.SecureRandomSpi)
ROOT 50000098 (kind=<system class>, name=java.lang.reflect.GenericDeclaration)
ROOT 50002e20 (kind=<system class>, name=java.io.PrintWriter)
ROOT 50003144 (kind=<system class>, name=java.lang.ProcessEnvironment$Variable)
ROOT 5000009a (kind=<system class>, name=java.io.FileOutputStream)
ROOT 5000009b (kind=<system class>, name=sun.reflect.ConstructorAccessorImpl)
ROOT 5000009c (kind=<system class>, name=java.lang.ref.ReferenceQueue)
ROOT 50001794 (kind=<system class>, name=java.security.cert.X509Certificate)
ROOT 5000009d (kind=<system class>, name=sun.reflect.Reflection)
ROOT 50003151 (kind=<system class>, name=java.lang.ProcessEnvironment$Value)
ROOT 5000009e (kind=<system class>, name=sun.misc.AtomicLong)
ROOT 5000009f (kind=<system class>, name=java.lang.LinkageError)
ROOT 50001220 (kind=<system class>, name=java.security.cert.CertificateFactorySpi)
ROOT 500000a0 (kind=<system class>, name=java.lang.ApplicationShutdownHooks)
ROOT 500000a1 (kind=<system class>, name=java.lang.OutOfMemoryError)
ROOT 500022a3 (kind=<system class>, name=java.text.Normalizer$Form)
ROOT 500000a3 (kind=<system class>, name=java.util.LinkedHashMap$Entry)
ROOT 50003132 (kind=<system class>, name=java.util.IdentityHashMap$KeySet)
ROOT 500017bf (kind=<system class>, name=sun.security.x509.X509CertInfo)
ROOT 5000217a (kind=<system class>, name=java.security.SignatureSpi)
ROOT 500000a4 (kind=<system class>, name=java.lang.Short)
ROOT 500000a5 (kind=<system class>, name=java.nio.HeapCharBuffer)
ROOT 500000a6 (kind=<system class>, name=java.util.Hashtable$EmptyIterator)
ROOT 500022b0 (kind=<system class>, name=sun.text.normalizer.NormalizerBase$NFKDMode)
ROOT 500000a7 (kind=<system class>, name=java.util.Locale)
ROOT 500000a8 (kind=<system class>, name=com.apple.java.AppleSystemLog)
ROOT 50001069 (kind=<system class>, name=sun.security.util.DerInputBuffer)
ROOT 500019d7 (kind=<system class>, name=sun.util.calendar.Gregorian)
ROOT 500000a9 (kind=<system class>, name=java.util.BitSet)
ROOT 50001c01 (kind=<system class>, name=sun.security.x509.SubjectAlternativeNameExtension)
ROOT 500000aa (kind=<system class>, name=java.util.Collections$EmptySet)
ROOT 50002406 (kind=<system class>, name=java.security.spec.DSAParameterSpec)
ROOT 50000190 (kind=<system class>, name=sun.misc.FileURLMapper)
ROOT 500000ab (kind=<system class>, name=java.lang.Object)
ROOT 500000ad (kind=<system class>, name=sun.security.action.GetPropertyAction)
ROOT 500022a2 (kind=<system class>, name=java.lang.Enum)
ROOT 50000a83 (kind=<system class>, name=java.lang.StringCoding$StringDecoder)
ROOT 50002cf6 (kind=<system class>, name=java.io.FilePermission$1)
ROOT 500000ae (kind=<system class>, name=java.lang.IncompatibleClassChangeError)
ROOT 500000af (kind=<system class>, name=java.lang.Terminator$1)
ROOT 500018fa (kind=<system class>, name=java.security.Principal)
ROOT 500000b0 (kind=<system class>, name=sun.misc.AtomicLongCSImpl)
ROOT 500000b1 (kind=<system class>, name=java.lang.ClassFormatError)
ROOT 500000b2 (kind=<system class>, name=java.util.Collection)
ROOT 500000b3 (kind=<system class>, name=sun.net.www.protocol.jar.Handler)
ROOT 50001be8 (kind=<system class>, name=sun.security.x509.GeneralNames)
ROOT 50001a49 (kind=<system class>, name=java.security.AlgorithmParametersSpi)
ROOT 500000b4 (kind=<system class>, name=java.security.PrivilegedExceptionAction)
ROOT 500000b5 (kind=<system class>, name=java.security.AccessControlContext$1)
ROOT 50003143 (kind=<system class>, name=java.lang.ProcessEnvironment$ExternalData)
ROOT 500019df (kind=<system class>, name=sun.util.calendar.Gregorian$Date)
ROOT 50002405 (kind=<system class>, name=java.security.spec.AlgorithmParameterSpec)
ROOT 50000279 (kind=<system class>, name=java.io.BufferedReader)
ROOT 50000e73 (kind=<system class>, name=java.security.Provider)
ROOT 500000b6 (kind=<system class>, name=java.lang.reflect.ReflectAccess)
ROOT 500017a5 (kind=<system class>, name=sun.misc.IOUtils)
ROOT 500000b7 (kind=<system class>, name=java.lang.reflect.Modifier)
ROOT 500000b8 (kind=<system class>, name=java.io.File)
ROOT 50002f7d (kind=<system class>, name=java.util.LinkedList$ListItr)
ROOT 50001068 (kind=<system class>, name=sun.security.util.DerIndefLenConverter)
ROOT 500000ba (kind=<system class>, name=sun.misc.Launcher$AppClassLoader)
ROOT 500000bb (kind=<system class>, name=java.io.Flushable)
ROOT 500025ab (kind=<system class>, name=java.util.Collections$UnmodifiableList)
ROOT 50002cf9 (kind=<system class>, name=sun.security.provider.PolicyFile)
ROOT 500022aa (kind=<system class>, name=java.text.Normalizer)
ROOT 50000f1b (kind=<system class>, name=sun.misc.FloatingDecimal)
ROOT 500000bc (kind=<system class>, name=sun.reflect.DelegatingConstructorAccessorImpl)
ROOT 50000a75 (kind=<system class>, name=java.util.jar.Attributes)
ROOT 500000bd (kind=<system class>, name=java.lang.ClassCastException)
ROOT 500000be (kind=<system class>, name=java.nio.charset.CoderResult)
ROOT 500019e2 (kind=<system class>, name=java.util.Date)
ROOT 50000ce0 (kind=<system class>, name=sun.misc.BASE64Decoder)
ROOT 50003139 (kind=<system class>, name=com.apple.java.Usage$3)
ROOT 5000122c (kind=<system class>, name=sun.security.jca.ProviderConfig$2)
ROOT 50001c15 (kind=<system class>, name=sun.security.x509.RFC822Name)
ROOT 50001aed (kind=<system class>, name=sun.security.x509.CertificateExtensions)
ROOT 500001a3 (kind=<system class>, name=java.util.jar.JavaUtilJarAccessImpl)
ROOT 500000bf (kind=<system class>, name=java.lang.Void)
ROOT 500000c0 (kind=<system class>, name=java.lang.Shutdown$Lock)
ROOT 50000cc1 (kind=<system class>, name=java.security.CodeSigner)
ROOT 50000167 (kind=<system class>, name=sun.misc.URLClassPath$JarLoader)
ROOT 500000c1 (kind=<system class>, name=java.lang.ClassLoader$3)
ROOT 50001a99 (kind=<system class>, name=java.security.spec.EncodedKeySpec)
ROOT 500000c2 (kind=<system class>, name=java.util.concurrent.locks.AbstractQueuedSynchronizer$Node)
ROOT 500018fb (kind=<system class>, name=sun.security.x509.X500Name)
ROOT 50001e82 (kind=<system class>, name=sun.security.pkcs.SignerInfo)
ROOT 50001a42 (kind=<system class>, name=java.security.AlgorithmParameters)
ROOT 5000121f (kind=<system class>, name=java.security.cert.CertificateFactory)
ROOT 50000d05 (kind=<system class>, name=java.util.AbstractList$Itr)
ROOT 500018ec (kind=<system class>, name=sun.security.x509.CertificateAlgorithmId)
ROOT 500000c3 (kind=<system class>, name=java.net.Parts)
ROOT 500000c4 (kind=<system class>, name=java.net.URLClassLoader)
ROOT 500023d0 (kind=<system class>, name=java.util.ListIterator)
ROOT 500000c5 (kind=<system class>, name=java.util.concurrent.locks.Lock)
ROOT 500000c7 (kind=<system class>, name=sun.jkernel.DownloadManager$2)
ROOT 500000c8 (kind=<system class>, name=java.lang.ref.SoftReference)
ROOT 500030d6 (kind=<system class>, name=java.util.TreeMap$Entry)
ROOT 500000c9 (kind=<system class>, name=java.io.Closeable)
ROOT 50000cc4 (kind=<system class>, name=java.util.jar.JarVerifier$3)
ROOT 50000a71 (kind=<system class>, name=java.util.jar.Manifest)
ROOT 500000ca (kind=<system class>, name=sun.reflect.misc.ReflectUtil)
ROOT 500000cb (kind=<system class>, name=java.util.HashMap)
ROOT 500000cc (kind=<system class>, name=java.io.FileInputStream)
ROOT 50001ab0 (kind=<system class>, name=java.security.spec.DSAPublicKeySpec)
ROOT 500000cd (kind=<system class>, name=java.util.concurrent.locks.AbstractQueuedSynchronizer)
ROOT 500022ae (kind=<system class>, name=sun.text.normalizer.NormalizerBase$NFDMode)
ROOT 50000cd6 (kind=<system class>, name=sun.security.util.ManifestEntryVerifier)
ROOT 500000ce (kind=<system class>, name=sun.nio.cs.StreamEncoder)
ROOT 50002d2b (kind=<system class>, name=java.security.AllPermission)
ROOT 50000f31 (kind=<system class>, name=sun.security.jca.ProviderList$2)
ROOT 500023ac (kind=<system class>, name=java.util.regex.Pattern$5)
ROOT 50001a98 (kind=<system class>, name=java.security.spec.KeySpec)
ROOT 50001077 (kind=<system class>, name=sun.security.util.ObjectIdentifier)
ROOT 50002214 (kind=<system class>, name=sun.security.pkcs.PKCS9Attribute)
ROOT 500000cf (kind=<system class>, name=sun.reflect.UnsafeFieldAccessorImpl)
ROOT 50003135 (kind=<system class>, name=java.util.IdentityHashMap$KeyIterator)
ROOT 500000d0 (kind=<system class>, name=sun.security.util.Debug)
ROOT 500000d1 (kind=<system class>, name=java.io.FileDescriptor)
ROOT 500000d2 (kind=<system class>, name=java.util.AbstractList)
ROOT 500023e9 (kind=<system class>, name=java.security.MessageDigest)
ROOT 500000d3 (kind=<system class>, name=java.lang.ref.Reference$ReferenceHandler)
ROOT 500000d4 (kind=<system class>, name=java.util.concurrent.atomic.AtomicInteger)
ROOT 500000d5 (kind=<system class>, name=java.nio.charset.CharsetEncoder)
ROOT 500023f2 (kind=<system class>, name=sun.security.provider.DigestBase)
ROOT 500000d6 (kind=<system class>, name=java.util.HashSet)
ROOT 500000d7 (kind=<system class>, name=java.lang.Byte)
ROOT 500017a1 (kind=<system class>, name=sun.security.x509.X509CertImpl)
ROOT 50000166 (kind=<system class>, name=sun.misc.URLClassPath$Loader)
ROOT 500000d8 (kind=<system class>, name=sun.misc.MetaIndex)
ROOT 500000d9 (kind=<system class>, name=java.lang.Runnable)
ROOT 5000015b (kind=<system class>, name=java.net.URLClassLoader$1)
ROOT 500000db (kind=<system class>, name=java.io.OutputStreamWriter)
ROOT 500000dc (kind=<system class>, name=java.lang.ClassLoader)
ROOT 50001c1c (kind=<system class>, name=sun.nio.cs.US_ASCII)
ROOT 50000e6c (kind=<system class>, name=sun.security.jca.Providers)
ROOT 500000dd (kind=<system class>, name=sun.misc.SignalHandler)
ROOT 5000194e (kind=<system class>, name=sun.security.x509.RDN)
ROOT 500000de (kind=<system class>, name=sun.nio.cs.MacRoman$Encoder)
ROOT 500030c5 (kind=<system class>, name=java.util.NavigableSet)
ROOT 500025a6 (kind=<system class>, name=java.util.Collections$UnmodifiableCollection)
ROOT 500000df (kind=<system class>, name=sun.nio.cs.MacRoman)
ROOT 500018d0 (kind=<system class>, name=sun.security.x509.CertificateVersion)
ROOT 500000e0 (kind=<system class>, name=java.util.LinkedHashMap)
ROOT 500000e1 (kind=<system class>, name=sun.reflect.FieldAccessorImpl)
ROOT 500000e2 (kind=<system class>, name=java.security.Permission)
ROOT 500000e3 (kind=<system class>, name=sun.reflect.NativeConstructorAccessorImpl)
ROOT 500000e4 (kind=<system class>, name=java.lang.Math)
ROOT 50003255 (kind=<system class>, name=java.lang.ProcessEnvironment$StringEnvironment)
ROOT 50002d2e (kind=<system class>, name=java.security.BasicPermissionCollection)
ROOT 500000e5 (kind=<system class>, name=java.lang.StringValue)
ROOT 500023c1 (kind=<system class>, name=java.util.regex.Pattern$TreeInfo)
ROOT 500000e6 (kind=<system class>, name=java.io.FilterInputStream)
ROOT 500000e7 (kind=<system class>, name=java.nio.charset.CoderResult$1)
ROOT 500000e8 (kind=<system class>, name=java.lang.Thread$UncaughtExceptionHandler)
ROOT 50001934 (kind=<system class>, name=javax.security.auth.x500.X500Principal)
ROOT 50001226 (kind=<system class>, name=sun.reflect.UnsafeFieldAccessorFactory)
ROOT 500000ea (kind=<system class>, name=java.lang.SystemClassLoaderAction)
ROOT 50000222 (kind=<system class>, name=java.io.DataInputStream)
ROOT 500000eb (kind=<system class>, name=java.lang.Compiler)
ROOT 500000ec (kind=<system class>, name=java.util.concurrent.locks.ReentrantLock$Sync)
ROOT 50001ab4 (kind=<system class>, name=sun.security.provider.DSAPublicKeyImpl)
ROOT 50002c70 (kind=<system class>, name=sun.misc.URLClassPath$FileLoader)
ROOT 50000f58 (kind=<system class>, name=java.util.Properties$LineReader)
ROOT 5000217b (kind=<system class>, name=java.security.Signature)
ROOT 500000ed (kind=<system class>, name=java.util.concurrent.locks.ReentrantLock)
ROOT 500000ef (kind=<system class>, name=java.lang.Appendable)
ROOT 50001bcf (kind=<system class>, name=sun.security.x509.SubjectKeyIdentifierExtension)
ROOT 500023bf (kind=<system class>, name=java.util.regex.Pattern$Start)
ROOT 500021ca (kind=<system class>, name=java.security.Signature$Delegate)
ROOT 500000f0 (kind=<system class>, name=java.lang.Class$1)
ROOT 500000f1 (kind=<system class>, name=java.util.AbstractSet)
ROOT 5000018e (kind=<system class>, name=sun.misc.URLClassPath$JarLoader$1)
ROOT 5000179f (kind=<system class>, name=sun.security.util.Cache$EqualByteArray)
ROOT 500000f2 (kind=<system class>, name=java.util.Collections$EmptyMap)
ROOT 50002ce4 (kind=<system class>, name=java.net.ContentHandler)
ROOT 500000f3 (kind=<system class>, name=java.lang.Double)
ROOT 50001b90 (kind=<system class>, name=sun.security.x509.NetscapeCertTypeExtension$MapEntry)
ROOT 500030ca (kind=<system class>, name=java.util.TreeMap)
ROOT 500023e0 (kind=<system class>, name=java.security.GeneralSecurityException)
ROOT 500019d6 (kind=<system class>, name=sun.util.calendar.BaseCalendar)
ROOT 500023d1 (kind=<system class>, name=java.util.SubList$1)
ROOT 500000f4 (kind=<system class>, name=java.util.concurrent.ConcurrentHashMap$HashEntry)
ROOT 500000f6 (kind=<system class>, name=sun.net.www.protocol.file.Handler)
ROOT 500000f7 (kind=<system class>, name=sun.nio.cs.StandardCharsets$Classes)
ROOT 500000f8 (kind=<system class>, name=java.lang.Readable)
ROOT 500000f9 (kind=<system class>, name=java.lang.ref.Finalizer)
ROOT 50001bb6 (kind=<system class>, name=sun.security.x509.KeyUsageExtension)
ROOT 50000e70 (kind=<system class>, name=sun.security.jca.ProviderConfig)
ROOT 500022b6 (kind=<system class>, name=sun.text.normalizer.NormalizerBase$QuickCheckResult)
ROOT 500000fa (kind=<system class>, name=java.lang.Cloneable)
ROOT 500000fb (kind=<system class>, name=java.io.Serializable)
ROOT 50000f1c (kind=<system class>, name=sun.misc.FloatingDecimal$1)
ROOT 500000fd (kind=<system class>, name=java.util.Hashtable$Entry)
ROOT 500000ff (kind=<system class>, name=java.util.Hashtable$EmptyEnumerator)
ROOT 50000100 (kind=<system class>, name=java.util.concurrent.locks.ReentrantLock$NonfairSync)
ROOT 500014a6 (kind=<system class>, name=java.security.Provider$UString)
ROOT 50001255 (kind=<system class>, name=sun.security.provider.NativePRNG$RandomIO)
ROOT 50001793 (kind=<system class>, name=java.security.cert.X509Extension)
ROOT 500025b6 (kind=<system class>, name=java.util.HashMap$HashIterator)
ROOT 50000295 (kind=<system class>, name=java.util.Deque)
ROOT 50001bdc (kind=<system class>, name=sun.security.x509.KeyIdentifier)
ROOT 50000101 (kind=<system class>, name=java.nio.charset.Charset)
ROOT 50000102 (kind=<system class>, name=sun.reflect.MagicAccessorImpl)
ROOT 5000122e (kind=<system class>, name=sun.security.jca.ProviderConfig$4)
ROOT 50001221 (kind=<system class>, name=sun.security.jca.GetInstance)
ROOT 50002cea (kind=<system class>, name=sun.net.www.MessageHeader)
ROOT 500023b8 (kind=<system class>, name=java.util.regex.Pattern$BmpCharProperty)
ROOT 50000103 (kind=<system class>, name=java.io.UnixFileSystem)
ROOT 50000269 (kind=<system class>, name=java.util.zip.Inflater)
ROOT 50001a2e (kind=<system class>, name=sun.security.x509.CertificateX509Key)
ROOT 50000104 (kind=<system class>, name=sun.misc.SoftCache)
ROOT 50000105 (kind=<system class>, name=java.lang.Iterable)
ROOT 50000106 (kind=<system class>, name=sun.nio.cs.SingleByteDecoder)
ROOT 50000107 (kind=<system class>, name=sun.nio.cs.FastCharsetProvider)
ROOT 50001091 (kind=<system class>, name=sun.security.util.ByteArrayTagOrder)
ROOT 500001b5 (kind=<system class>, name=java.util.zip.ZipException)
ROOT 50000108 (kind=<system class>, name=java.io.FileSystem)
ROOT 50000109 (kind=<system class>, name=java.lang.AbstractStringBuilder)
ROOT 5000123d (kind=<system class>, name=java.lang.StrictMath)
ROOT 5000010a (kind=<system class>, name=java.util.concurrent.ConcurrentHashMap$Segment)
ROOT 500023b7 (kind=<system class>, name=java.util.regex.Pattern$CharProperty)
ROOT 500023d7 (kind=<system class>, name=java.security.PrivateKey)
ROOT 5000010c (kind=<system class>, name=java.lang.ArrayStoreException)
ROOT 5000123e (kind=<system class>, name=sun.misc.FpUtils)
ROOT 5000010d (kind=<system class>, name=java.security.cert.Certificate)
ROOT 5000010f (kind=<system class>, name=java.util.RandomAccess)
ROOT 500025b7 (kind=<system class>, name=java.util.HashMap$EntryIterator)
ROOT 500025a2 (kind=<system class>, name=java.security.cert.CertPath)
ROOT 50002426 (kind=<system class>, name=java.math.SignedMutableBigInteger)
ROOT 500021dc (kind=<system class>, name=sun.security.x509.AVAKeyword)
ROOT 500022b2 (kind=<system class>, name=sun.text.normalizer.NormalizerBase$NFCMode)
ROOT 50000110 (kind=<system class>, name=sun.misc.Launcher$ExtClassLoader)
ROOT 500030c9 (kind=<system class>, name=java.util.NavigableMap)
ROOT 50001015 (kind=<system class>, name=sun.security.util.PropertyExpander)
ROOT 500001a2 (kind=<system class>, name=sun.misc.JavaUtilJarAccess)
ROOT 50000111 (kind=<system class>, name=java.lang.CharSequence)
ROOT 50001222 (kind=<system class>, name=sun.security.jca.ProviderConfig$1)
ROOT 50000113 (kind=<system class>, name=java.lang.ref.WeakReference)
ROOT 500030c8 (kind=<system class>, name=java.util.SortedMap)
ROOT 50001b0e (kind=<system class>, name=sun.security.x509.PKIXExtensions)
ROOT 5000260a (kind=<system class>, name=java.util.jar.JarVerifier$VerifierStream)
ROOT 500019de (kind=<system class>, name=sun.util.calendar.BaseCalendar$Date)
ROOT 50000115 (kind=<system class>, name=java.util.Collections$ReverseComparator)
ROOT 50000d1d (kind=<system class>, name=sun.security.util.ManifestDigester$Position)
ROOT 50000116 (kind=<system class>, name=java.io.IOException)
ROOT 50000278 (kind=<system class>, name=java.io.Reader)
ROOT 50000117 (kind=<system class>, name=sun.nio.cs.UTF_8)
ROOT 50000118 (kind=<system class>, name=java.lang.Terminator)
ROOT 50000119 (kind=<system class>, name=sun.jkernel.DownloadManager)
ROOT 5000011a (kind=<system class>, name=java.util.Collections)
ROOT 5000011b (kind=<system class>, name=java.nio.charset.CharsetDecoder)
ROOT 5000011c (kind=<system class>, name=java.lang.ThreadGroup)
ROOT 5000011e (kind=<system class>, name=java.util.ArrayList)
ROOT 5000011f (kind=<system class>, name=sun.nio.cs.UTF_8$Encoder)
ROOT 50000120 (kind=<system class>, name=java.io.PrintStream)
ROOT 50000121 (kind=<system class>, name=java.lang.Character)
ROOT 500023dd (kind=<system class>, name=sun.security.provider.DSA$SHA1withDSA)
ROOT 500023c6 (kind=<system class>, name=java.util.regex.Matcher)
ROOT 50001246 (kind=<system class>, name=sun.security.provider.NativePRNG)
ROOT 50000223 (kind=<system class>, name=java.util.zip.ZipFile$ZipFileInputStream)
ROOT 500023b4 (kind=<system class>, name=java.util.regex.Pattern$GroupHead)
ROOT 50000122 (kind=<system class>, name=java.util.Collections$EmptyList)
ROOT 50000123 (kind=<system class>, name=java.lang.reflect.Method)
ROOT 50002404 (kind=<system class>, name=java.security.interfaces.DSAParams)
ROOT 50002d55 (kind=<system class>, name=java.security.ProtectionDomain$2)
ROOT 500022ab (kind=<system class>, name=sun.text.normalizer.NormalizerBase)
ROOT 5000015f (kind=<system class>, name=sun.net.util.URLUtil)
ROOT 50000125 (kind=<system class>, name=sun.reflect.NativeMethodAccessorImpl)
ROOT 500023af (kind=<system class>, name=java.util.regex.Pattern$LastNode)
ROOT 50000126 (kind=<system class>, name=sun.misc.Launcher$AppClassLoader$1)
ROOT 50000127 (kind=<system class>, name=java.util.IdentityHashMap)
ROOT 50000f3d (kind=<system class>, name=java.security.Security$1)
ROOT 500023bd (kind=<system class>, name=java.util.regex.Pattern$Begin)
ROOT 50001aa5 (kind=<system class>, name=java.security.KeyFactorySpi)
ROOT 50000cf0 (kind=<system class>, name=sun.security.util.SignatureFileVerifier)
ROOT 5000021d (kind=<system class>, name=java.util.jar.JarEntry)
ROOT 50000d17 (kind=<system class>, name=sun.security.util.ManifestDigester)
ROOT 500019e1 (kind=<system class>, name=sun.util.calendar.CalendarUtils)
ROOT 50000128 (kind=<system class>, name=java.nio.charset.CoderResult$Cache)
ROOT 50002cab (kind=<system class>, name=sun.nio.ByteBuffered)
ROOT 50000cba (kind=<system class>, name=java.util.jar.JarVerifier)
ROOT 50000129 (kind=<system class>, name=sun.misc.JavaIOFileDescriptorAccess)
ROOT 50000e7e (kind=<system class>, name=java.security.Provider$EngineDescription)
ROOT 5000012a (kind=<system class>, name=java.io.FileDescriptor$1)
ROOT 5000012b (kind=<system class>, name=java.lang.Error)
ROOT 500001a0 (kind=<system class>, name=java.util.jar.JarFile)
ROOT 5000012d (kind=<system class>, name=sun.misc.Unsafe)
ROOT 50001aa0 (kind=<system class>, name=sun.security.jca.ProviderList$ServiceList)
ROOT 5000012e (kind=<system class>, name=java.lang.ref.ReferenceQueue$Null)
ROOT 5000012f (kind=<system class>, name=com.apple.java.Usage$2)
ROOT 50000130 (kind=<system class>, name=java.util.Stack)
ROOT 50000296 (kind=<system class>, name=java.util.AbstractSequentialList)
ROOT 50000f3c (kind=<system class>, name=java.security.Security)
ROOT 50000131 (kind=<system class>, name=java.nio.CharBuffer)
ROOT 50000132 (kind=<system class>, name=java.lang.Compiler$1)
ROOT 50000133 (kind=<system class>, name=java.lang.NoClassDefFoundError)
ROOT 500019d5 (kind=<system class>, name=sun.util.calendar.AbstractCalendar)
ROOT 50000134 (kind=<system class>, name=sun.nio.cs.Surrogate$Parser)
ROOT 50000135 (kind=<system class>, name=java.security.AccessControlContext)
ROOT 50002d58 (kind=<system class>, name=java.security.ProtectionDomain$Key)
ROOT 50000136 (kind=<system class>, name=java.lang.ThreadLocal$ThreadLocalMap)
ROOT 50000137 (kind=<system class>, name=java.lang.Class$3)
ROOT 50000138 (kind=<system class>, name=java.lang.Long)
ROOT 50001aa6 (kind=<system class>, name=sun.security.provider.DSAKeyFactory)
ROOT 50003140 (kind=<system class>, name=java.lang.ProcessEnvironment)
ROOT 50000139 (kind=<system class>, name=java.io.ExpiringCache)
ROOT 5000013a (kind=<system class>, name=sun.net.www.ParseUtil)
ROOT 5000013b (kind=<system class>, name=java.util.AbstractCollection)
ROOT 5000013c (kind=<system class>, name=java.util.Dictionary)
ROOT 5000013d (kind=<system class>, name=java.nio.ByteBuffer)
ROOT 5000013e (kind=<system class>, name=java.util.Enumeration)
ROOT 5000013f (kind=<system class>, name=sun.reflect.UnsafeStaticFieldAccessorImpl)
ROOT 5000019f (kind=<system class>, name=java.util.zip.ZipFile)
ROOT 50000140 (kind=<system class>, name=sun.misc.Launcher)
ROOT 500018f9 (kind=<system class>, name=sun.security.x509.GeneralNameInterface)
ROOT 50000267 (kind=<system class>, name=java.util.zip.InflaterInputStream)
ROOT 50001460 (kind=<system class>, name=java.util.LinkedHashMap$LinkedHashIterator)
ROOT 5000145e (kind=<system class>, name=java.util.HashMap$EntrySet)
ROOT 50000e6f (kind=<system class>, name=sun.security.jca.ProviderList)
ROOT 50000141 (kind=<system class>, name=com.apple.java.BackwardsCompatibility)
ROOT 50000142 (kind=<system class>, name=java.util.StringTokenizer)
ROOT 50000cce (kind=<system class>, name=java.io.ByteArrayOutputStream)
ROOT 50000143 (kind=<system class>, name=java.lang.IllegalMonitorStateException)
ROOT 50000144 (kind=<system class>, name=java.io.BufferedOutputStream)
ROOT 50002d18 (kind=<system class>, name=java.io.FilePermissionCollection)
ROOT 50001227 (kind=<system class>, name=sun.reflect.UnsafeStaticBooleanFieldAccessorImpl)
ROOT 50000145 (kind=<system class>, name=sun.nio.cs.StandardCharsets)
ROOT 50000146 (kind=<system class>, name=java.security.ProtectionDomain)
ROOT 50000147 (kind=<system class>, name=sun.misc.NativeSignalHandler)
ROOT 50002c9f (kind=<system class>, name=sun.misc.Resource)
ROOT 50003290 (kind=<busy monitor>)
ROOT 50003291 (kind=<busy monitor>)
ROOT 5000312f (kind=<thread>, id=200003, trace=302309)
ROOT 5000312f (kind=<thread block>, thread=200003)
ROOT 50003292 (kind=<thread>, id=200005, trace=300000)
ROOT 50003292 (kind=<thread block>, thread=200005)
ROOT 50003293 (kind=<thread>, id=200006, trace=300000)
ROOT 50003293 (kind=<thread block>, thread=200006)
ROOT 50003294 (kind=<thread>, id=200007, trace=300000)
ROOT 50003294 (kind=<thread block>, thread=200007)
ROOT 50003295 (kind=<thread>, id=200008, trace=300000)
ROOT 50003295 (kind=<thread block>, thread=200008)
ROOT 50003296 (kind=<unknown>)
ROOT 50003297 (kind=<unknown>)
ROOT 50003298 (kind=<unknown>)
ROOT 50003299 (kind=<unknown>)
ROOT 5000329a (kind=<unknown>)
ROOT 5000329b (kind=<unknown>)
ROOT 5000329c (kind=<unknown>)
ROOT 5000329d (kind=<unknown>)
ROOT 5000329e (kind=<unknown>)
ROOT 5000329a (kind=<unknown>)
ROOT 5000329b (kind=<unknown>)
ROOT 50003297 (kind=<unknown>)
ROOT 50003298 (kind=<unknown>)
ROOT 50003299 (kind=<unknown>)
ROOT 5000329d (kind=<unknown>)
ROOT 50003296 (kind=<unknown>)
ROOT 5000329c (kind=<unknown>)
ROOT 5000329e (kind=<unknown>)
ROOT 50000148 (kind=<unknown>)
ROOT 50000149 (kind=<unknown>)
ROOT 5000014a (kind=<unknown>)
ROOT 5000014b (kind=<unknown>)
ROOT 5000014c (kind=<unknown>)
ROOT 5000014d (kind=<unknown>)
ROOT 5000014e (kind=<unknown>)
ROOT 5000014f (kind=<unknown>)
ROOT 500000ac (kind=<unknown>)
ROOT 50000148 (kind=<unknown>)
ROOT 5000014a (kind=<unknown>)
ROOT 5000014e (kind=<unknown>)
ROOT 5000014f (kind=<unknown>)
ROOT 50000149 (kind=<unknown>)
ROOT 5000014c (kind=<unknown>)
ROOT 5000014b (kind=<unknown>)
ROOT 5000014d (kind=<unknown>)
ROOT 5000329f (kind=<unknown>)
ROOT 500032a0 (kind=<unknown>)
ROOT 500032a1 (kind=<unknown>)
ROOT 500032a2 (kind=<unknown>)
ROOT 500032a3 (kind=<unknown>)
ROOT 500032a4 (kind=<unknown>)
ROOT 500032a5 (kind=<unknown>)
ROOT 500000f9 (kind=<unknown>)
ROOT 500000dc (kind=<unknown>)
ROOT 50000123 (kind=<unknown>)
ROOT 500032a6 (kind=<unknown>)
ROOT 500032a7 (kind=<unknown>)
ROOT 500032a8 (kind=<unknown>)
ROOT 500032a9 (kind=<unknown>)
ROOT 500032aa (kind=<unknown>)
ROOT 5000328c (kind=<unknown>)
ROOT 5000328d (kind=<unknown>)
ROOT 500032ab (kind=<unknown>)
ROOT 500032ac (kind=<unknown>)
ROOT 500032ad (kind=<unknown>)
ROOT 50003292 (kind=<JNI local ref>, thread=200000, frame=0)
ROOT 500032ae (kind=<Java stack>, thread=200000, frame=1)
ROOT 50003291 (kind=<Java stack>, thread=200000, frame=1)
ROOT 500032ae (kind=<Java stack>, thread=200000, frame=2)
ROOT 50003294 (kind=<Java stack>, thread=200000, frame=3)
ROOT 50003290 (kind=<Java stack>, thread=200000, frame=1)
ROOT 50003295 (kind=<Java stack>, thread=200000, frame=2)
ROOT 50003290 (kind=<Java stack>, thread=200000, frame=2)
OBJ 50000150 (sz=112, trace=300000, class=java.lang.Thread@50000077)
OBJ 50000151 (sz=112, trace=300001, class=java.lang.Thread@50000077)
OBJ 50000152 (sz=16, trace=300002, class=java.lang.Object@500000ab)
ARR 50000153 (sz=56, trace=300003, nelems=0, elem type=char[])
OBJ 50000154 (sz=112, trace=300001, class=java.lang.Thread@50000077)
OBJ 50000155 (sz=16, trace=300002, class=java.lang.Object@500000ab)
ARR 50000156 (sz=56, trace=300003, nelems=0, elem type=char[])
OBJ 50000157 (sz=112, trace=300001, class=java.lang.Thread@50000077)
OBJ 50000158 (sz=16, trace=300002, class=java.lang.Object@500000ab)
ARR 50000159 (sz=56, trace=300003, nelems=0, elem type=char[])
OBJ 5000015a (sz=112, trace=300000, class=java.lang.Thread@50000077)
OBJ 5000015c (sz=24, trace=300005, class=java.net.URLClassLoader$1@5000015b)
ARR 5000015d (sz=64, trace=300006, nelems=0, elem type=char[])
OBJ 5000015e (sz=32, trace=300007, class=java.lang.String@50000036)
OBJ 50000160 (sz=24, trace=300009, class=java.lang.StringBuilder@5000004d)
ARR 50000161 (sz=272, trace=300010, nelems=0, elem type=char[])
OBJ 50000162 (sz=32, trace=300011, class=java.lang.String@50000036)
ARR 50000163 (sz=120, trace=300012, nelems=0, elem type=char[])
OBJ 50000165 (sz=24, trace=300014, class=sun.misc.URLClassPath$3@50000164)
OBJ 50000168 (sz=24, trace=300016, class=java.lang.StringBuilder@5000004d)
ARR 50000169 (sz=48, trace=300017, nelems=0, elem type=char[])
ARR 5000016a (sz=32, trace=300018, nelems=3, elem type=java.io.ObjectStreamField[]@50000030)
	[0]		5000016b
	[1]		50000170
	[2]		50000175
OBJ 5000016b (sz=40, trace=300019, class=java.io.ObjectStreamField@5000002f)
	name		500032e3
	signature	500034e8
	type		5000014a
OBJ 5000016c (sz=24, trace=300020, class=java.lang.StringBuilder@5000004d)
ARR 5000016d (sz=48, trace=300021, nelems=0, elem type=char[])
OBJ 5000016e (sz=32, trace=300022, class=java.lang.String@50000036)
ARR 5000016f (sz=24, trace=300023, nelems=0, elem type=char[])
OBJ 50000170 (sz=40, trace=300024, class=java.io.ObjectStreamField@5000002f)
	name		500034e0
	signature	500034e5
	type		50003296
OBJ 50000171 (sz=24, trace=300020, class=java.lang.StringBuilder@5000004d)
ARR 50000172 (sz=48, trace=300021, nelems=0, elem type=char[])
OBJ 50000173 (sz=32, trace=300022, class=java.lang.String@50000036)
ARR 50000174 (sz=24, trace=300023, nelems=0, elem type=char[])
OBJ 50000175 (sz=40, trace=300025, class=java.io.ObjectStreamField@5000002f)
	name		500034e1
	signature	500034e2
	type		5000329a
OBJ 50000176 (sz=24, trace=300020, class=java.lang.StringBuilder@5000004d)
ARR 50000177 (sz=48, trace=300021, nelems=0, elem type=char[])
OBJ 50000178 (sz=32, trace=300022, class=java.lang.String@50000036)
ARR 50000179 (sz=24, trace=300023, nelems=0, elem type=char[])
OBJ 5000017a (sz=24, trace=300026, class=java.lang.StringBuffer@5000005e)
ARR 5000017b (sz=120, trace=300027, nelems=0, elem type=char[])
OBJ 5000017c (sz=32, trace=300028, class=java.lang.String@50000036)
ARR 5000017d (sz=120, trace=300029, nelems=0, elem type=char[])
ARR 5000017e (sz=120, trace=300030, nelems=0, elem type=char[])
ARR 5000017f (sz=224, trace=300030, nelems=0, elem type=char[])
OBJ 50000180 (sz=32, trace=300031, class=java.lang.String@50000036)
ARR 50000181 (sz=120, trace=300032, nelems=0, elem type=char[])
OBJ 50000182 (sz=64, trace=300033, class=java.net.URL@50000050)
OBJ 50000183 (sz=24, trace=300034, class=java.net.Parts@500000c3)
OBJ 50000184 (sz=40, trace=300035, class=sun.misc.URLClassPath$JarLoader@50000167)
OBJ 50000185 (sz=24, trace=300036, class=java.lang.StringBuilder@5000004d)
ARR 50000186 (sz=48, trace=300037, nelems=0, elem type=char[])
ARR 50000187 (sz=88, trace=300038, nelems=0, elem type=char[])
ARR 50000188 (sz=160, trace=300038, nelems=0, elem type=char[])
OBJ 50000189 (sz=32, trace=300039, class=java.lang.String@50000036)
ARR 5000018a (sz=112, trace=300040, nelems=0, elem type=char[])
OBJ 5000018b (sz=24, trace=300041, class=java.io.File@500000b8)
OBJ 5000018c (sz=48, trace=300042, class=java.util.HashMap@500000cb)
	table		5000018d
ARR 5000018d (sz=80, trace=300043, nelems=0, elem type=java.util.HashMap$Entry[]@50000054)
OBJ 5000018f (sz=16, trace=300045, class=sun.misc.URLClassPath$JarLoader$1@5000018e)
OBJ 50000191 (sz=24, trace=300047, class=sun.misc.FileURLMapper@50000190)
OBJ 50000192 (sz=24, trace=300048, class=java.lang.StringBuilder@5000004d)
ARR 50000193 (sz=48, trace=300049, nelems=0, elem type=char[])
ARR 50000194 (sz=88, trace=300038, nelems=0, elem type=char[])
ARR 50000195 (sz=160, trace=300038, nelems=0, elem type=char[])
OBJ 50000196 (sz=32, trace=300050, class=java.lang.String@50000036)
ARR 50000197 (sz=112, trace=300040, nelems=0, elem type=char[])
OBJ 50000198 (sz=24, trace=300051, class=java.io.File@500000b8)
ARR 50000199 (sz=200, trace=300052, nelems=0, elem type=byte[])
OBJ 5000019a (sz=48, trace=300053, class=java.nio.HeapByteBuffer@50000087)
OBJ 5000019b (sz=48, trace=300054, class=java.nio.HeapCharBuffer@500000a5)
ARR 5000019c (sz=64, trace=300055, nelems=0, elem type=byte[])
OBJ 5000019d (sz=32, trace=300056, class=java.lang.String@50000036)
OBJ 500001a1 (sz=24, trace=300058, class=sun.security.action.GetPropertyAction@500000ad)
OBJ 500001a4 (sz=16, trace=300060, class=java.util.jar.JavaUtilJarAccessImpl@500001a3)
ARR 500001a5 (sz=20, trace=300061, nelems=10, elem type=char[])
ARR 500001a6 (sz=512, trace=300062, nelems=128, elem type=int[])
ARR 500001a7 (sz=40, trace=300063, nelems=10, elem type=int[])
OBJ 500001a8 (sz=24, trace=300064, class=java.io.File@500000b8)
OBJ 500001a9 (sz=56, trace=300065, class=java.util.jar.JarFile@500001a0)
	inflaters	500001ab
OBJ 500001aa (sz=40, trace=300066, class=java.lang.ref.Finalizer@500000f9)
	referent	500001a9
	queue		500032ae
	next		500040c8
	prev		500001e3
OBJ 500001ab (sz=32, trace=300067, class=java.util.Vector@50000004)
	elementData	500001ac
ARR 500001ac (sz=56, trace=300068, nelems=0, elem type=java.lang.Object[]@500000ac)
ARR 500001ad (sz=200, trace=300069, nelems=0, elem type=byte[])
OBJ 500001ae (sz=48, trace=300053, class=java.nio.HeapByteBuffer@50000087)
OBJ 500001af (sz=48, trace=300054, class=java.nio.HeapCharBuffer@500000a5)
ARR 500001b0 (sz=64, trace=300055, nelems=0, elem type=byte[])
ARR 500001b1 (sz=200, trace=300070, nelems=0, elem type=byte[])
OBJ 500001b2 (sz=48, trace=300053, class=java.nio.HeapByteBuffer@50000087)
OBJ 500001b3 (sz=48, trace=300054, class=java.nio.HeapCharBuffer@500000a5)
ARR 500001b4 (sz=64, trace=300055, nelems=0, elem type=byte[])
OBJ 500001b6 (sz=32, trace=300072, class=java.util.zip.ZipException@500001b5)
OBJ 500001b8 (sz=32, trace=300074, class=java.security.PrivilegedActionException@500001b7)
OBJ 500001b9 (sz=32, trace=300074, class=java.security.PrivilegedActionException@500001b7)
OBJ 500001ba (sz=24, trace=300009, class=java.lang.StringBuilder@5000004d)
ARR 500001bb (sz=272, trace=300010, nelems=0, elem type=char[])
OBJ 500001bc (sz=32, trace=300011, class=java.lang.String@50000036)
	value		500001bd
ARR 500001bd (sz=88, trace=300012, nelems=44, elem type=char[])
OBJ 500001be (sz=24, trace=300014, class=sun.misc.URLClassPath$3@50000164)
OBJ 500001bf (sz=24, trace=300016, class=java.lang.StringBuilder@5000004d)
ARR 500001c0 (sz=48, trace=300017, nelems=0, elem type=char[])
OBJ 500001c1 (sz=24, trace=300026, class=java.lang.StringBuffer@5000005e)
ARR 500001c2 (sz=104, trace=300027, nelems=0, elem type=char[])
OBJ 500001c3 (sz=32, trace=300028, class=java.lang.String@50000036)
ARR 500001c4 (sz=104, trace=300029, nelems=0, elem type=char[])
ARR 500001c5 (sz=104, trace=300030, nelems=0, elem type=char[])
ARR 500001c6 (sz=192, trace=300030, nelems=0, elem type=char[])
OBJ 500001c7 (sz=32, trace=300031, class=java.lang.String@50000036)
	value		500001c8
ARR 500001c8 (sz=88, trace=300032, nelems=44, elem type=char[])
OBJ 500001c9 (sz=64, trace=300033, class=java.net.URL@50000050)
	protocol	5000357d
	host		500032b6
	file		500001c7
	authority	500032b6
	path		500001c7
	handler		500033f6
OBJ 500001ca (sz=24, trace=300034, class=java.net.Parts@500000c3)
OBJ 500001cb (sz=40, trace=300035, class=sun.misc.URLClassPath$JarLoader@50000167)
	base		500001c9
	jar		500001e2
	csu		500033fd
	handler		500033f6
	lmap		500033f7
OBJ 500001cc (sz=24, trace=300036, class=java.lang.StringBuilder@5000004d)
ARR 500001cd (sz=48, trace=300037, nelems=0, elem type=char[])
ARR 500001ce (sz=88, trace=300038, nelems=0, elem type=char[])
ARR 500001cf (sz=160, trace=300038, nelems=0, elem type=char[])
OBJ 500001d0 (sz=32, trace=300039, class=java.lang.String@50000036)
ARR 500001d1 (sz=96, trace=300040, nelems=0, elem type=char[])
OBJ 500001d2 (sz=24, trace=300041, class=java.io.File@500000b8)
OBJ 500001d3 (sz=16, trace=300045, class=sun.misc.URLClassPath$JarLoader$1@5000018e)
OBJ 500001d4 (sz=24, trace=300047, class=sun.misc.FileURLMapper@50000190)
OBJ 500001d5 (sz=24, trace=300048, class=java.lang.StringBuilder@5000004d)
ARR 500001d6 (sz=48, trace=300049, nelems=0, elem type=char[])
ARR 500001d7 (sz=88, trace=300038, nelems=0, elem type=char[])
ARR 500001d8 (sz=160, trace=300038, nelems=0, elem type=char[])
OBJ 500001d9 (sz=32, trace=300050, class=java.lang.String@50000036)
	value		500001da
ARR 500001da (sz=74, trace=300040, nelems=37, elem type=char[])
OBJ 500001db (sz=24, trace=300051, class=java.io.File@500000b8)
ARR 500001dc (sz=168, trace=300052, nelems=0, elem type=byte[])
OBJ 500001dd (sz=48, trace=300053, class=java.nio.HeapByteBuffer@50000087)
OBJ 500001de (sz=48, trace=300054, class=java.nio.HeapCharBuffer@500000a5)
ARR 500001df (sz=56, trace=300055, nelems=0, elem type=byte[])
OBJ 500001e0 (sz=32, trace=300056, class=java.lang.String@50000036)
OBJ 500001e1 (sz=24, trace=300064, class=java.io.File@500000b8)
OBJ 500001e2 (sz=56, trace=300065, class=java.util.jar.JarFile@500001a0)
	name		500001d9
	inflaters	500001e4
	manEntry	5000021f
OBJ 500001e3 (sz=40, trace=300066, class=java.lang.ref.Finalizer@500000f9)
	referent	500001e2
	queue		500032ae
	next		500001aa
	prev		50000225
OBJ 500001e4 (sz=32, trace=300067, class=java.util.Vector@50000004)
	elementData	500001e5
ARR 500001e5 (sz=56, trace=300068, nelems=0, elem type=java.lang.Object[]@500000ac)
ARR 500001e6 (sz=168, trace=300069, nelems=0, elem type=byte[])
OBJ 500001e7 (sz=48, trace=300053, class=java.nio.HeapByteBuffer@50000087)
OBJ 500001e8 (sz=48, trace=300054, class=java.nio.HeapCharBuffer@500000a5)
ARR 500001e9 (sz=56, trace=300055, nelems=0, elem type=byte[])
ARR 500001ea (sz=168, trace=300070, nelems=0, elem type=byte[])
OBJ 500001eb (sz=48, trace=300053, class=java.nio.HeapByteBuffer@50000087)
OBJ 500001ec (sz=48, trace=300054, class=java.nio.HeapCharBuffer@500000a5)
ARR 500001ed (sz=56, trace=300055, nelems=0, elem type=byte[])
OBJ 500001f0 (sz=24, trace=300077, class=sun.security.action.GetPropertyAction@500000ad)
ARR 500001f1 (sz=56, trace=300078, nelems=10, elem type=java.lang.String[]@50000037)
	[0]		500001f4
	[1]		500001f8
	[2]		500001fc
	[3]		50000200
	[4]		50000204
	[5]		50000208
	[6]		5000020c
	[7]		50000210
	[8]		50000215
	[9]		50000219
OBJ 500001f2 (sz=24, trace=300079, class=java.lang.StringBuilder@5000004d)
ARR 500001f3 (sz=48, trace=300080, nelems=0, elem type=char[])
OBJ 500001f4 (sz=32, trace=300081, class=java.lang.String@50000036)
	value		500001f5
ARR 500001f5 (sz=14, trace=300082, nelems=7, elem type=char[])
OBJ 500001f6 (sz=24, trace=300083, class=java.lang.StringBuilder@5000004d)
ARR 500001f7 (sz=48, trace=300084, nelems=0, elem type=char[])
OBJ 500001f8 (sz=32, trace=300085, class=java.lang.String@50000036)
	value		500001f9
ARR 500001f9 (sz=30, trace=300086, nelems=15, elem type=char[])
OBJ 500001fa (sz=24, trace=300087, class=java.lang.StringBuilder@5000004d)
ARR 500001fb (sz=48, trace=300088, nelems=0, elem type=char[])
OBJ 500001fc (sz=32, trace=300089, class=java.lang.String@50000036)
	value		500001fd
ARR 500001fd (sz=18, trace=300090, nelems=9, elem type=char[])
OBJ 500001fe (sz=24, trace=300091, class=java.lang.StringBuilder@5000004d)
ARR 500001ff (sz=48, trace=300092, nelems=0, elem type=char[])
OBJ 50000200 (sz=32, trace=300093, class=java.lang.String@50000036)
	value		50000201
ARR 50000201 (sz=16, trace=300094, nelems=8, elem type=char[])
OBJ 50000202 (sz=24, trace=300095, class=java.lang.StringBuilder@5000004d)
ARR 50000203 (sz=48, trace=300096, nelems=0, elem type=char[])
OBJ 50000204 (sz=32, trace=300097, class=java.lang.String@50000036)
	value		50000205
ARR 50000205 (sz=26, trace=300098, nelems=13, elem type=char[])
OBJ 50000206 (sz=24, trace=300099, class=java.lang.StringBuilder@5000004d)
ARR 50000207 (sz=48, trace=300100, nelems=0, elem type=char[])
OBJ 50000208 (sz=32, trace=300101, class=java.lang.String@50000036)
	value		50000209
ARR 50000209 (sz=20, trace=300102, nelems=10, elem type=char[])
OBJ 5000020a (sz=24, trace=300103, class=java.lang.StringBuilder@5000004d)
ARR 5000020b (sz=48, trace=300104, nelems=0, elem type=char[])
OBJ 5000020c (sz=32, trace=300105, class=java.lang.String@50000036)
	value		5000020d
ARR 5000020d (sz=24, trace=300106, nelems=12, elem type=char[])
OBJ 5000020e (sz=24, trace=300107, class=java.lang.StringBuilder@5000004d)
ARR 5000020f (sz=48, trace=300108, nelems=0, elem type=char[])
OBJ 50000210 (sz=32, trace=300109, class=java.lang.String@50000036)
	value		50000211
ARR 50000211 (sz=30, trace=300110, nelems=15, elem type=char[])
OBJ 50000212 (sz=24, trace=300111, class=java.lang.StringBuilder@5000004d)
ARR 50000213 (sz=48, trace=300112, nelems=0, elem type=char[])
ARR 50000214 (sz=88, trace=300030, nelems=0, elem type=char[])
OBJ 50000215 (sz=32, trace=300113, class=java.lang.String@50000036)
	value		50000216
ARR 50000216 (sz=40, trace=300114, nelems=20, elem type=char[])
OBJ 50000217 (sz=24, trace=300115, class=java.lang.StringBuilder@5000004d)
ARR 50000218 (sz=48, trace=300116, nelems=0, elem type=char[])
OBJ 50000219 (sz=32, trace=300117, class=java.lang.String@50000036)
	value		5000021a
ARR 5000021a (sz=28, trace=300118, nelems=14, elem type=char[])
OBJ 5000021c (sz=64, trace=300120, class=java.util.zip.ZipEntry@5000021b)
OBJ 5000021f (sz=80, trace=300122, class=java.util.jar.JarFile$JarFileEntry@5000021e)
	name		500032ec
	this$0		500001e2
ARR 50000220 (sz=88, trace=300123, nelems=0, elem type=byte[])
OBJ 50000224 (sz=48, trace=300126, class=java.util.zip.ZipFile$ZipFileInputStream@50000223)
	this$0		500001e2
OBJ 50000225 (sz=40, trace=300066, class=java.lang.ref.Finalizer@500000f9)
	referent	50000224
	queue		500032ae
	next		500001e3
	prev		50000254
OBJ 50000226 (sz=32, trace=300127, class=java.io.DataInputStream@50000222)
ARR 50000227 (sz=96, trace=300128, nelems=0, elem type=byte[])
ARR 50000228 (sz=176, trace=300129, nelems=0, elem type=char[])
ARR 50000229 (sz=24, trace=300130, nelems=0, elem type=byte[])
OBJ 5000022a (sz=32, trace=300131, class=java.util.HashMap$Entry@50000053)
	key		500001bc
	value		500001cb
OBJ 5000022b (sz=24, trace=300009, class=java.lang.StringBuilder@5000004d)
ARR 5000022c (sz=272, trace=300010, nelems=0, elem type=char[])
OBJ 5000022d (sz=32, trace=300011, class=java.lang.String@50000036)
ARR 5000022e (sz=136, trace=300012, nelems=0, elem type=char[])
OBJ 5000022f (sz=24, trace=300014, class=sun.misc.URLClassPath$3@50000164)
OBJ 50000230 (sz=24, trace=300016, class=java.lang.StringBuilder@5000004d)
ARR 50000231 (sz=48, trace=300017, nelems=0, elem type=char[])
OBJ 50000232 (sz=24, trace=300026, class=java.lang.StringBuffer@5000005e)
ARR 50000233 (sz=136, trace=300027, nelems=0, elem type=char[])
OBJ 50000234 (sz=32, trace=300028, class=java.lang.String@50000036)
ARR 50000235 (sz=136, trace=300029, nelems=0, elem type=char[])
ARR 50000236 (sz=136, trace=300030, nelems=0, elem type=char[])
ARR 50000237 (sz=256, trace=300030, nelems=0, elem type=char[])
OBJ 50000238 (sz=32, trace=300031, class=java.lang.String@50000036)
	value		50000239
ARR 50000239 (sz=120, trace=300032, nelems=60, elem type=char[])
OBJ 5000023a (sz=64, trace=300033, class=java.net.URL@50000050)
	protocol	5000357d
	host		500032b6
	file		50000238
	authority	500032b6
	path		50000238
	handler		500033f6
OBJ 5000023b (sz=24, trace=300034, class=java.net.Parts@500000c3)
OBJ 5000023c (sz=40, trace=300035, class=sun.misc.URLClassPath$JarLoader@50000167)
	base		5000023a
	jar		50000253
	csu		500033fe
	index		50000273
	handler		500033f6
	lmap		500033f7
OBJ 5000023d (sz=24, trace=300036, class=java.lang.StringBuilder@5000004d)
ARR 5000023e (sz=48, trace=300037, nelems=0, elem type=char[])
ARR 5000023f (sz=88, trace=300038, nelems=0, elem type=char[])
ARR 50000240 (sz=160, trace=300038, nelems=0, elem type=char[])
OBJ 50000241 (sz=32, trace=300039, class=java.lang.String@50000036)
ARR 50000242 (sz=128, trace=300040, nelems=0, elem type=char[])
OBJ 50000243 (sz=24, trace=300041, class=java.io.File@500000b8)
OBJ 50000244 (sz=16, trace=300045, class=sun.misc.URLClassPath$JarLoader$1@5000018e)
OBJ 50000245 (sz=24, trace=300047, class=sun.misc.FileURLMapper@50000190)
OBJ 50000246 (sz=24, trace=300048, class=java.lang.StringBuilder@5000004d)
ARR 50000247 (sz=48, trace=300049, nelems=0, elem type=char[])
ARR 50000248 (sz=88, trace=300038, nelems=0, elem type=char[])
ARR 50000249 (sz=160, trace=300038, nelems=0, elem type=char[])
OBJ 5000024a (sz=32, trace=300050, class=java.lang.String@50000036)
	value		5000024b
ARR 5000024b (sz=106, trace=300040, nelems=53, elem type=char[])
OBJ 5000024c (sz=24, trace=300051, class=java.io.File@500000b8)
ARR 5000024d (sz=232, trace=300052, nelems=0, elem type=byte[])
OBJ 5000024e (sz=48, trace=300053, class=java.nio.HeapByteBuffer@50000087)
OBJ 5000024f (sz=48, trace=300054, class=java.nio.HeapCharBuffer@500000a5)
ARR 50000250 (sz=72, trace=300055, nelems=0, elem type=byte[])
OBJ 50000251 (sz=32, trace=300056, class=java.lang.String@50000036)
OBJ 50000252 (sz=24, trace=300064, class=java.io.File@500000b8)
OBJ 50000253 (sz=56, trace=300065, class=java.util.jar.JarFile@500001a0)
	name		5000024a
	inflaters	50000255
OBJ 50000254 (sz=40, trace=300066, class=java.lang.ref.Finalizer@500000f9)
	referent	50000253
	queue		500032ae
	next		50000225
	prev		50000266
OBJ 50000255 (sz=32, trace=300067, class=java.util.Vector@50000004)
	elementData	50000256
ARR 50000256 (sz=56, trace=300068, nelems=0, elem type=java.lang.Object[]@500000ac)
ARR 50000257 (sz=232, trace=300069, nelems=0, elem type=byte[])
OBJ 50000258 (sz=48, trace=300053, class=java.nio.HeapByteBuffer@50000087)
OBJ 50000259 (sz=48, trace=300054, class=java.nio.HeapCharBuffer@500000a5)
ARR 5000025a (sz=72, trace=300055, nelems=0, elem type=byte[])
ARR 5000025b (sz=232, trace=300070, nelems=0, elem type=byte[])
OBJ 5000025c (sz=48, trace=300053, class=java.nio.HeapByteBuffer@50000087)
OBJ 5000025d (sz=48, trace=300054, class=java.nio.HeapCharBuffer@500000a5)
ARR 5000025e (sz=72, trace=300055, nelems=0, elem type=byte[])
OBJ 5000025f (sz=64, trace=300120, class=java.util.zip.ZipEntry@5000021b)
OBJ 50000260 (sz=80, trace=300122, class=java.util.jar.JarFile$JarFileEntry@5000021e)
ARR 50000261 (sz=56, trace=300132, nelems=0, elem type=char[])
OBJ 50000262 (sz=32, trace=300133, class=java.lang.String@50000036)
ARR 50000263 (sz=120, trace=300132, nelems=0, elem type=char[])
OBJ 50000264 (sz=32, trace=300133, class=java.lang.String@50000036)
OBJ 50000265 (sz=48, trace=300126, class=java.util.zip.ZipFile$ZipFileInputStream@50000223)
	this$0		50000253
OBJ 50000266 (sz=40, trace=300066, class=java.lang.ref.Finalizer@500000f9)
	referent	50000265
	queue		500032ae
	next		50000254
	prev		5000026c
ARR 5000026a (sz=0, trace=300136, nelems=0, elem type=byte[])
OBJ 5000026b (sz=32, trace=300137, class=java.util.zip.Inflater@50000269)
	zsRef		5000026e
	buf		50000272
OBJ 5000026c (sz=40, trace=300066, class=java.lang.ref.Finalizer@500000f9)
	referent	5000026b
	queue		500032ae
	next		50000266
	prev		500002e5
OBJ 5000026e (sz=24, trace=300139, class=java.util.zip.ZStreamRef@5000026d)
OBJ 5000026f (sz=56, trace=300140, class=java.util.zip.ZipFile$1@50000268)
ARR 50000270 (sz=24, trace=300141, nelems=0, elem type=byte[])
ARR 50000271 (sz=528, trace=300142, nelems=0, elem type=byte[])
ARR 50000272 (sz=72, trace=300143, nelems=72, elem type=byte[])
OBJ 50000273 (sz=24, trace=300144, class=sun.misc.JarIndex@500001ee)
	indexMap	50000274
	jarMap		50000276
	jarFiles	500002ab
OBJ 50000274 (sz=48, trace=300145, class=java.util.HashMap@500000cb)
	table		50000275
ARR 50000275 (sz=80, trace=300146, nelems=7, elem type=java.util.HashMap$Entry[]@50000054)
	[5]		500002a6
	[6]		5000029c
OBJ 50000276 (sz=48, trace=300147, class=java.util.HashMap@500000cb)
	table		50000277
ARR 50000277 (sz=80, trace=300148, nelems=4, elem type=java.util.HashMap$Entry[]@50000054)
	[3]		500002a0
OBJ 5000027b (sz=24, trace=300151, class=java.io.InputStreamReader@5000027a)
ARR 5000027d (sz=24, trace=300153, nelems=0, elem type=char[])
OBJ 5000027e (sz=32, trace=300154, class=java.lang.String@50000036)
ARR 5000027f (sz=24, trace=300155, nelems=0, elem type=char[])
ARR 50000280 (sz=24, trace=300156, nelems=2, elem type=java.lang.Object[]@500000ac)
	[0]		50003582
	[1]		500039b5
OBJ 50000282 (sz=40, trace=300158, class=sun.nio.cs.UTF_8$Decoder@50000281)
OBJ 50000283 (sz=24, trace=300159, class=sun.security.action.GetPropertyAction@500000ad)
OBJ 50000284 (sz=48, trace=300160, class=sun.nio.cs.StreamDecoder@5000027c)
ARR 50000285 (sz=8208, trace=300161, nelems=0, elem type=byte[])
OBJ 50000286 (sz=48, trace=300162, class=java.nio.HeapByteBuffer@50000087)
OBJ 50000287 (sz=48, trace=300163, class=java.io.BufferedReader@50000279)
ARR 50000288 (sz=16400, trace=300164, nelems=0, elem type=char[])
OBJ 50000289 (sz=32, trace=300067, class=java.util.Vector@50000004)
ARR 5000028a (sz=56, trace=300165, nelems=0, elem type=java.lang.Object[]@500000ac)
OBJ 5000028b (sz=48, trace=300054, class=java.nio.HeapCharBuffer@500000a5)
OBJ 5000028c (sz=32, trace=300166, class=java.lang.String@50000036)
ARR 5000028d (sz=64, trace=300167, nelems=0, elem type=char[])
OBJ 5000028e (sz=32, trace=300166, class=java.lang.String@50000036)
ARR 5000028f (sz=16, trace=300167, nelems=0, elem type=char[])
OBJ 50000290 (sz=32, trace=300166, class=java.lang.String@50000036)
	value		50000291
ARR 50000291 (sz=42, trace=300167, nelems=21, elem type=char[])
OBJ 50000292 (sz=32, trace=300168, class=java.lang.String@50000036)
	value		50000293
ARR 50000293 (sz=10, trace=300167, nelems=5, elem type=char[])
OBJ 50000298 (sz=24, trace=300170, class=java.util.LinkedList@50000297)
	header		5000029a
OBJ 5000029a (sz=24, trace=300172, class=java.util.LinkedList$Entry@50000299)
	next		5000029b
	previous	5000029b
OBJ 5000029b (sz=24, trace=300173, class=java.util.LinkedList$Entry@50000299)
	element		50000290
	next		5000029a
	previous	5000029a
OBJ 5000029c (sz=32, trace=300174, class=java.util.HashMap$Entry@50000053)
	key		50000292
	value		50000298
OBJ 5000029d (sz=24, trace=300170, class=java.util.LinkedList@50000297)
	header		5000029e
OBJ 5000029e (sz=24, trace=300175, class=java.util.LinkedList$Entry@50000299)
	next		5000029f
	previous	500002a7
OBJ 5000029f (sz=24, trace=300173, class=java.util.LinkedList$Entry@50000299)
	element		50000292
	next		500002a7
	previous	5000029e
OBJ 500002a0 (sz=32, trace=300174, class=java.util.HashMap$Entry@50000053)
	key		50000290
	value		5000029d
OBJ 500002a1 (sz=32, trace=300168, class=java.lang.String@50000036)
	value		500002a2
ARR 500002a2 (sz=34, trace=300167, nelems=17, elem type=char[])
OBJ 500002a3 (sz=24, trace=300170, class=java.util.LinkedList@50000297)
	header		500002a4
OBJ 500002a4 (sz=24, trace=300172, class=java.util.LinkedList$Entry@50000299)
	next		500002a5
	previous	500002a5
OBJ 500002a5 (sz=24, trace=300173, class=java.util.LinkedList$Entry@50000299)
	element		50000290
	next		500002a4
	previous	500002a4
OBJ 500002a6 (sz=32, trace=300174, class=java.util.HashMap$Entry@50000053)
	key		500002a1
	value		500002a3
OBJ 500002a7 (sz=24, trace=300176, class=java.util.LinkedList$Entry@50000299)
	element		500002a1
	next		5000029e
	previous	5000029f
OBJ 500002a8 (sz=32, trace=300168, class=java.lang.String@50000036)
ARR 500002a9 (sz=16, trace=300167, nelems=0, elem type=char[])
OBJ 500002aa (sz=48, trace=300054, class=java.nio.HeapCharBuffer@500000a5)
ARR 500002ab (sz=24, trace=300177, nelems=1, elem type=java.lang.String[]@50000037)
	[0]		50000290
OBJ 500002ac (sz=64, trace=300178, class=java.net.URL@50000050)
OBJ 500002ad (sz=24, trace=300179, class=java.lang.StringBuilder@5000004d)
ARR 500002ae (sz=48, trace=300180, nelems=0, elem type=char[])
OBJ 500002af (sz=32, trace=300181, class=java.lang.String@50000036)
ARR 500002b0 (sz=88, trace=300030, nelems=0, elem type=char[])
ARR 500002b1 (sz=160, trace=300030, nelems=0, elem type=char[])
OBJ 500002b2 (sz=32, trace=300182, class=java.lang.String@50000036)
ARR 500002b3 (sz=128, trace=300183, nelems=0, elem type=char[])
OBJ 500002b4 (sz=24, trace=300184, class=java.lang.StringBuilder@5000004d)
ARR 500002b5 (sz=272, trace=300185, nelems=0, elem type=char[])
OBJ 500002b6 (sz=32, trace=300186, class=java.lang.String@50000036)
	value		500002b7
ARR 500002b7 (sz=120, trace=300012, nelems=60, elem type=char[])
OBJ 500002b8 (sz=32, trace=300187, class=java.util.HashMap$Entry@50000053)
	key		500002b6
	value		5000023c
OBJ 500002b9 (sz=16, trace=300188, class=java.util.HashSet@500000d6)
OBJ 500002ba (sz=48, trace=300189, class=java.util.HashMap@500000cb)
ARR 500002bb (sz=80, trace=300190, nelems=0, elem type=java.util.HashMap$Entry[]@50000054)
OBJ 500002bc (sz=24, trace=300009, class=java.lang.StringBuilder@5000004d)
ARR 500002bd (sz=272, trace=300010, nelems=0, elem type=char[])
OBJ 500002be (sz=32, trace=300011, class=java.lang.String@50000036)
	value		500002bf
ARR 500002bf (sz=98, trace=300012, nelems=49, elem type=char[])
OBJ 500002c0 (sz=24, trace=300014, class=sun.misc.URLClassPath$3@50000164)
OBJ 500002c1 (sz=24, trace=300016, class=java.lang.StringBuilder@5000004d)
ARR 500002c2 (sz=48, trace=300017, nelems=0, elem type=char[])
OBJ 500002c3 (sz=24, trace=300026, class=java.lang.StringBuffer@5000005e)
ARR 500002c4 (sz=112, trace=300027, nelems=0, elem type=char[])
OBJ 500002c5 (sz=32, trace=300028, class=java.lang.String@50000036)
ARR 500002c6 (sz=112, trace=300029, nelems=0, elem type=char[])
ARR 500002c7 (sz=112, trace=300030, nelems=0, elem type=char[])
ARR 500002c8 (sz=208, trace=300030, nelems=0, elem type=char[])
OBJ 500002c9 (sz=32, trace=300031, class=java.lang.String@50000036)
	value		500002ca
ARR 500002ca (sz=98, trace=300032, nelems=49, elem type=char[])
OBJ 500002cb (sz=64, trace=300033, class=java.net.URL@50000050)
	protocol	5000357d
	host		500032b6
	file		500002c9
	authority	500032b6
	path		500002c9
	handler		500033f6
OBJ 500002cc (sz=24, trace=300034, class=java.net.Parts@500000c3)
OBJ 500002cd (sz=40, trace=300035, class=sun.misc.URLClassPath$JarLoader@50000167)
	base		500002cb
	jar		500002e4
	csu		500033ff
	handler		500033f6
	lmap		500033f7
OBJ 500002ce (sz=24, trace=300036, class=java.lang.StringBuilder@5000004d)
ARR 500002cf (sz=48, trace=300037, nelems=0, elem type=char[])
ARR 500002d0 (sz=88, trace=300038, nelems=0, elem type=char[])
ARR 500002d1 (sz=160, trace=300038, nelems=0, elem type=char[])
OBJ 500002d2 (sz=32, trace=300039, class=java.lang.String@50000036)
ARR 500002d3 (sz=104, trace=300040, nelems=0, elem type=char[])
OBJ 500002d4 (sz=24, trace=300041, class=java.io.File@500000b8)
OBJ 500002d5 (sz=16, trace=300045, class=sun.misc.URLClassPath$JarLoader$1@5000018e)
OBJ 500002d6 (sz=24, trace=300047, class=sun.misc.FileURLMapper@50000190)
OBJ 500002d7 (sz=24, trace=300048, class=java.lang.StringBuilder@5000004d)
ARR 500002d8 (sz=48, trace=300049, nelems=0, elem type=char[])
ARR 500002d9 (sz=88, trace=300038, nelems=0, elem type=char[])
ARR 500002da (sz=160, trace=300038, nelems=0, elem type=char[])
OBJ 500002db (sz=32, trace=300050, class=java.lang.String@50000036)
	value		500002dc
ARR 500002dc (sz=84, trace=300040, nelems=42, elem type=char[])
OBJ 500002dd (sz=24, trace=300051, class=java.io.File@500000b8)
ARR 500002de (sz=184, trace=300052, nelems=0, elem type=byte[])
OBJ 500002df (sz=48, trace=300053, class=java.nio.HeapByteBuffer@50000087)
OBJ 500002e0 (sz=48, trace=300054, class=java.nio.HeapCharBuffer@500000a5)
ARR 500002e1 (sz=64, trace=300055, nelems=0, elem type=byte[])
OBJ 500002e2 (sz=32, trace=300056, class=java.lang.String@50000036)
OBJ 500002e3 (sz=24, trace=300064, class=java.io.File@500000b8)
OBJ 500002e4 (sz=56, trace=300065, class=java.util.jar.JarFile@500001a0)
	name		500002db
	inflaters	500002e6
	manEntry	500002f1
OBJ 500002e5 (sz=40, trace=300066, class=java.lang.ref.Finalizer@500000f9)
	referent	500002e4
	queue		500032ae
	next		5000026c
	prev		500002f4
OBJ 500002e6 (sz=32, trace=300067, class=java.util.Vector@50000004)
	elementData	500002e7
ARR 500002e7 (sz=56, trace=300068, nelems=1, elem type=java.lang.Object[]@500000ac)
	[0]		500002f5
ARR 500002e8 (sz=184, trace=300069, nelems=0, elem type=byte[])
OBJ 500002e9 (sz=48, trace=300053, class=java.nio.HeapByteBuffer@50000087)
OBJ 500002ea (sz=48, trace=300054, class=java.nio.HeapCharBuffer@500000a5)
ARR 500002eb (sz=64, trace=300055, nelems=0, elem type=byte[])
ARR 500002ec (sz=184, trace=300070, nelems=0, elem type=byte[])
OBJ 500002ed (sz=48, trace=300053, class=java.nio.HeapByteBuffer@50000087)
OBJ 500002ee (sz=48, trace=300054, class=java.nio.HeapCharBuffer@500000a5)
ARR 500002ef (sz=64, trace=300055, nelems=0, elem type=byte[])
OBJ 500002f0 (sz=64, trace=300120, class=java.util.zip.ZipEntry@5000021b)
OBJ 500002f1 (sz=80, trace=300122, class=java.util.jar.JarFile$JarFileEntry@5000021e)
	name		500032ec
	this$0		500002e4
ARR 500002f2 (sz=80, trace=300123, nelems=0, elem type=byte[])
OBJ 500002f3 (sz=48, trace=300126, class=java.util.zip.ZipFile$ZipFileInputStream@50000223)
	this$0		500002e4
OBJ 500002f4 (sz=40, trace=300066, class=java.lang.ref.Finalizer@500000f9)
	referent	500002f3
	queue		500032ae
	next		500002e5
	prev		500002f6
OBJ 500002f5 (sz=32, trace=300137, class=java.util.zip.Inflater@50000269)
	zsRef		500002f7
	buf		5000026a
OBJ 500002f6 (sz=40, trace=300066, class=java.lang.ref.Finalizer@500000f9)
	referent	500002f5
	queue		500032ae
	next		500002f4
	prev		5000032a
OBJ 500002f7 (sz=24, trace=300139, class=java.util.zip.ZStreamRef@5000026d)
OBJ 500002f8 (sz=56, trace=300140, class=java.util.zip.ZipFile$1@50000268)
ARR 500002f9 (sz=24, trace=300141, nelems=0, elem type=byte[])
ARR 500002fa (sz=528, trace=300142, nelems=0, elem type=byte[])
ARR 500002fb (sz=80, trace=300143, nelems=0, elem type=byte[])
OBJ 500002fc (sz=32, trace=300127, class=java.io.DataInputStream@50000222)
ARR 500002fd (sz=96, trace=300128, nelems=0, elem type=byte[])
ARR 500002fe (sz=176, trace=300129, nelems=0, elem type=char[])
ARR 500002ff (sz=24, trace=300130, nelems=0, elem type=byte[])
OBJ 50000300 (sz=32, trace=300131, class=java.util.HashMap$Entry@50000053)
	key		500002be
	value		500002cd
	next		5000064f
OBJ 50000301 (sz=24, trace=300009, class=java.lang.StringBuilder@5000004d)
ARR 50000302 (sz=272, trace=300010, nelems=0, elem type=char[])
OBJ 50000303 (sz=32, trace=300011, class=java.lang.String@50000036)
ARR 50000304 (sz=120, trace=300012, nelems=0, elem type=char[])
OBJ 50000305 (sz=24, trace=300014, class=sun.misc.URLClassPath$3@50000164)
OBJ 50000306 (sz=24, trace=300016, class=java.lang.StringBuilder@5000004d)
ARR 50000307 (sz=48, trace=300017, nelems=0, elem type=char[])
OBJ 50000308 (sz=24, trace=300026, class=java.lang.StringBuffer@5000005e)
ARR 50000309 (sz=120, trace=300027, nelems=0, elem type=char[])
OBJ 5000030a (sz=32, trace=300028, class=java.lang.String@50000036)
ARR 5000030b (sz=120, trace=300029, nelems=0, elem type=char[])
ARR 5000030c (sz=120, trace=300030, nelems=0, elem type=char[])
ARR 5000030d (sz=216, trace=300030, nelems=0, elem type=char[])
OBJ 5000030e (sz=32, trace=300031, class=java.lang.String@50000036)
	value		5000030f
ARR 5000030f (sz=102, trace=300032, nelems=51, elem type=char[])
OBJ 50000310 (sz=64, trace=300033, class=java.net.URL@50000050)
	protocol	5000357d
	host		500032b6
	file		5000030e
	authority	500032b6
	path		5000030e
	handler		500033f6
OBJ 50000311 (sz=24, trace=300034, class=java.net.Parts@500000c3)
OBJ 50000312 (sz=40, trace=300035, class=sun.misc.URLClassPath$JarLoader@50000167)
	base		50000310
	jar		50000329
	csu		50003400
	index		50000340
	handler		500033f6
	lmap		500033f7
OBJ 50000313 (sz=24, trace=300036, class=java.lang.StringBuilder@5000004d)
ARR 50000314 (sz=48, trace=300037, nelems=0, elem type=char[])
ARR 50000315 (sz=88, trace=300038, nelems=0, elem type=char[])
ARR 50000316 (sz=160, trace=300038, nelems=0, elem type=char[])
OBJ 50000317 (sz=32, trace=300039, class=java.lang.String@50000036)
ARR 50000318 (sz=104, trace=300040, nelems=0, elem type=char[])
OBJ 50000319 (sz=24, trace=300041, class=java.io.File@500000b8)
OBJ 5000031a (sz=16, trace=300045, class=sun.misc.URLClassPath$JarLoader$1@5000018e)
OBJ 5000031b (sz=24, trace=300047, class=sun.misc.FileURLMapper@50000190)
OBJ 5000031c (sz=24, trace=300048, class=java.lang.StringBuilder@5000004d)
ARR 5000031d (sz=48, trace=300049, nelems=0, elem type=char[])
ARR 5000031e (sz=88, trace=300038, nelems=0, elem type=char[])
ARR 5000031f (sz=160, trace=300038, nelems=0, elem type=char[])
OBJ 50000320 (sz=32, trace=300050, class=java.lang.String@50000036)
	value		50000321
ARR 50000321 (sz=88, trace=300040, nelems=44, elem type=char[])
OBJ 50000322 (sz=24, trace=300051, class=java.io.File@500000b8)
ARR 50000323 (sz=192, trace=300052, nelems=0, elem type=byte[])
OBJ 50000324 (sz=48, trace=300053, class=java.nio.HeapByteBuffer@50000087)
OBJ 50000325 (sz=48, trace=300054, class=java.nio.HeapCharBuffer@500000a5)
ARR 50000326 (sz=64, trace=300055, nelems=0, elem type=byte[])
OBJ 50000327 (sz=32, trace=300056, class=java.lang.String@50000036)
OBJ 50000328 (sz=24, trace=300064, class=java.io.File@500000b8)
OBJ 50000329 (sz=56, trace=300065, class=java.util.jar.JarFile@500001a0)
	name		50000320
	inflaters	5000032b
OBJ 5000032a (sz=40, trace=300066, class=java.lang.ref.Finalizer@500000f9)
	referent	50000329
	queue		500032ae
	next		500002f6
	prev		50000338
OBJ 5000032b (sz=32, trace=300067, class=java.util.Vector@50000004)
	elementData	5000032c
ARR 5000032c (sz=56, trace=300068, nelems=0, elem type=java.lang.Object[]@500000ac)
ARR 5000032d (sz=192, trace=300069, nelems=0, elem type=byte[])
OBJ 5000032e (sz=48, trace=300053, class=java.nio.HeapByteBuffer@50000087)
OBJ 5000032f (sz=48, trace=300054, class=java.nio.HeapCharBuffer@500000a5)
ARR 50000330 (sz=64, trace=300055, nelems=0, elem type=byte[])
ARR 50000331 (sz=192, trace=300070, nelems=0, elem type=byte[])
OBJ 50000332 (sz=48, trace=300053, class=java.nio.HeapByteBuffer@50000087)
OBJ 50000333 (sz=48, trace=300054, class=java.nio.HeapCharBuffer@500000a5)
ARR 50000334 (sz=64, trace=300055, nelems=0, elem type=byte[])
OBJ 50000335 (sz=64, trace=300120, class=java.util.zip.ZipEntry@5000021b)
OBJ 50000336 (sz=80, trace=300122, class=java.util.jar.JarFile$JarFileEntry@5000021e)
OBJ 50000337 (sz=48, trace=300126, class=java.util.zip.ZipFile$ZipFileInputStream@50000223)
	this$0		50000329
OBJ 50000338 (sz=40, trace=300066, class=java.lang.ref.Finalizer@500000f9)
	referent	50000337
	queue		500032ae
	next		5000032a
	prev		5000033a
OBJ 50000339 (sz=32, trace=300137, class=java.util.zip.Inflater@50000269)
	zsRef		5000033b
	buf		5000033f
OBJ 5000033a (sz=40, trace=300066, class=java.lang.ref.Finalizer@500000f9)
	referent	50000339
	queue		500032ae
	next		50000338
	prev		500003cd
OBJ 5000033b (sz=24, trace=300139, class=java.util.zip.ZStreamRef@5000026d)
OBJ 5000033c (sz=56, trace=300140, class=java.util.zip.ZipFile$1@50000268)
ARR 5000033d (sz=24, trace=300141, nelems=0, elem type=byte[])
ARR 5000033e (sz=528, trace=300142, nelems=0, elem type=byte[])
ARR 5000033f (sz=201, trace=300143, nelems=201, elem type=byte[])
OBJ 50000340 (sz=24, trace=300144, class=sun.misc.JarIndex@500001ee)
	indexMap	50000341
	jarMap		50000343
	jarFiles	50000393
OBJ 50000341 (sz=48, trace=300145, class=java.util.HashMap@500000cb)
	table		50000342
ARR 50000342 (sz=80, trace=300146, nelems=15, elem type=java.util.HashMap$Entry[]@50000054)
	[1]		5000038e
	[3]		5000035a
	[4]		50000372
	[10]		50000380
	[11]		50000387
	[12]		50000364
	[14]		50000379
OBJ 50000343 (sz=48, trace=300147, class=java.util.HashMap@500000cb)
	table		50000344
ARR 50000344 (sz=80, trace=300148, nelems=3, elem type=java.util.HashMap$Entry[]@50000054)
	[2]		5000035e
OBJ 50000345 (sz=24, trace=300151, class=java.io.InputStreamReader@5000027a)
OBJ 50000346 (sz=40, trace=300158, class=sun.nio.cs.UTF_8$Decoder@50000281)
OBJ 50000347 (sz=48, trace=300160, class=sun.nio.cs.StreamDecoder@5000027c)
ARR 50000348 (sz=8208, trace=300161, nelems=0, elem type=byte[])
OBJ 50000349 (sz=48, trace=300162, class=java.nio.HeapByteBuffer@50000087)
OBJ 5000034a (sz=48, trace=300163, class=java.io.BufferedReader@50000279)
ARR 5000034b (sz=16400, trace=300164, nelems=0, elem type=char[])
OBJ 5000034c (sz=32, trace=300067, class=java.util.Vector@50000004)
ARR 5000034d (sz=56, trace=300165, nelems=0, elem type=java.lang.Object[]@500000ac)
OBJ 5000034e (sz=48, trace=300054, class=java.nio.HeapCharBuffer@500000a5)
OBJ 5000034f (sz=32, trace=300166, class=java.lang.String@50000036)
ARR 50000350 (sz=64, trace=300167, nelems=0, elem type=char[])
OBJ 50000351 (sz=32, trace=300166, class=java.lang.String@50000036)
ARR 50000352 (sz=16, trace=300167, nelems=0, elem type=char[])
OBJ 50000353 (sz=32, trace=300166, class=java.lang.String@50000036)
	value		50000354
ARR 50000354 (sz=24, trace=300167, nelems=12, elem type=char[])
OBJ 50000355 (sz=32, trace=300168, class=java.lang.String@50000036)
	value		50000356
ARR 50000356 (sz=6, trace=300167, nelems=3, elem type=char[])
OBJ 50000357 (sz=24, trace=300170, class=java.util.LinkedList@50000297)
	header		50000358
OBJ 50000358 (sz=24, trace=300172, class=java.util.LinkedList$Entry@50000299)
	next		50000359
	previous	50000359
OBJ 50000359 (sz=24, trace=300173, class=java.util.LinkedList$Entry@50000299)
	element		50000353
	next		50000358
	previous	50000358
OBJ 5000035a (sz=32, trace=300174, class=java.util.HashMap$Entry@50000053)
	key		50000355
	value		50000357
OBJ 5000035b (sz=24, trace=300170, class=java.util.LinkedList@50000297)
	header		5000035c
OBJ 5000035c (sz=24, trace=300175, class=java.util.LinkedList$Entry@50000299)
	next		5000035d
	previous	5000038f
OBJ 5000035d (sz=24, trace=300173, class=java.util.LinkedList$Entry@50000299)
	element		50000355
	next		50000365
	previous	5000035c
OBJ 5000035e (sz=32, trace=300174, class=java.util.HashMap$Entry@50000053)
	key		50000353
	value		5000035b
OBJ 5000035f (sz=32, trace=300168, class=java.lang.String@50000036)
	value		50000360
ARR 50000360 (sz=14, trace=300167, nelems=7, elem type=char[])
OBJ 50000361 (sz=24, trace=300170, class=java.util.LinkedList@50000297)
	header		50000362
OBJ 50000362 (sz=24, trace=300172, class=java.util.LinkedList$Entry@50000299)
	next		50000363
	previous	50000363
OBJ 50000363 (sz=24, trace=300173, class=java.util.LinkedList$Entry@50000299)
	element		50000353
	next		50000362
	previous	50000362
OBJ 50000364 (sz=32, trace=300174, class=java.util.HashMap$Entry@50000053)
	key		5000035f
	value		50000361
OBJ 50000365 (sz=24, trace=300176, class=java.util.LinkedList$Entry@50000299)
	element		5000035f
	next		5000036c
	previous	5000035d
OBJ 50000366 (sz=32, trace=300168, class=java.lang.String@50000036)
	value		50000367
ARR 50000367 (sz=22, trace=300167, nelems=11, elem type=char[])
OBJ 50000368 (sz=24, trace=300170, class=java.util.LinkedList@50000297)
	header		50000369
OBJ 50000369 (sz=24, trace=300172, class=java.util.LinkedList$Entry@50000299)
	next		5000036a
	previous	5000036a
OBJ 5000036a (sz=24, trace=300173, class=java.util.LinkedList$Entry@50000299)
	element		50000353
	next		50000369
	previous	50000369
OBJ 5000036b (sz=32, trace=300174, class=java.util.HashMap$Entry@50000053)
	key		50000366
	value		50000368
OBJ 5000036c (sz=24, trace=300176, class=java.util.LinkedList$Entry@50000299)
	element		50000366
	next		50000373
	previous	50000365
OBJ 5000036d (sz=32, trace=300168, class=java.lang.String@50000036)
	value		5000036e
ARR 5000036e (sz=48, trace=300167, nelems=24, elem type=char[])
OBJ 5000036f (sz=24, trace=300170, class=java.util.LinkedList@50000297)
	header		50000370
OBJ 50000370 (sz=24, trace=300172, class=java.util.LinkedList$Entry@50000299)
	next		50000371
	previous	50000371
OBJ 50000371 (sz=24, trace=300173, class=java.util.LinkedList$Entry@50000299)
	element		50000353
	next		50000370
	previous	50000370
OBJ 50000372 (sz=32, trace=300174, class=java.util.HashMap$Entry@50000053)
	key		5000036d
	value		5000036f
OBJ 50000373 (sz=24, trace=300176, class=java.util.LinkedList$Entry@50000299)
	element		5000036d
	next		5000037a
	previous	5000036c
OBJ 50000374 (sz=32, trace=300168, class=java.lang.String@50000036)
	value		50000375
ARR 50000375 (sz=68, trace=300167, nelems=34, elem type=char[])
OBJ 50000376 (sz=24, trace=300170, class=java.util.LinkedList@50000297)
	header		50000377
OBJ 50000377 (sz=24, trace=300172, class=java.util.LinkedList$Entry@50000299)
	next		50000378
	previous	50000378
OBJ 50000378 (sz=24, trace=300173, class=java.util.LinkedList$Entry@50000299)
	element		50000353
	next		50000377
	previous	50000377
OBJ 50000379 (sz=32, trace=300174, class=java.util.HashMap$Entry@50000053)
	key		50000374
	value		50000376
OBJ 5000037a (sz=24, trace=300176, class=java.util.LinkedList$Entry@50000299)
	element		50000374
	next		50000381
	previous	50000373
OBJ 5000037b (sz=32, trace=300168, class=java.lang.String@50000036)
	value		5000037c
ARR 5000037c (sz=68, trace=300167, nelems=34, elem type=char[])
OBJ 5000037d (sz=24, trace=300170, class=java.util.LinkedList@50000297)
	header		5000037e
OBJ 5000037e (sz=24, trace=300172, class=java.util.LinkedList$Entry@50000299)
	next		5000037f
	previous	5000037f
OBJ 5000037f (sz=24, trace=300173, class=java.util.LinkedList$Entry@50000299)
	element		50000353
	next		5000037e
	previous	5000037e
OBJ 50000380 (sz=32, trace=300174, class=java.util.HashMap$Entry@50000053)
	key		5000037b
	value		5000037d
	next		5000036b
OBJ 50000381 (sz=24, trace=300176, class=java.util.LinkedList$Entry@50000299)
	element		5000037b
	next		50000388
	previous	5000037a
OBJ 50000382 (sz=32, trace=300168, class=java.lang.String@50000036)
	value		50000383
ARR 50000383 (sz=34, trace=300167, nelems=17, elem type=char[])
OBJ 50000384 (sz=24, trace=300170, class=java.util.LinkedList@50000297)
	header		50000385
OBJ 50000385 (sz=24, trace=300172, class=java.util.LinkedList$Entry@50000299)
	next		50000386
	previous	50000386
OBJ 50000386 (sz=24, trace=300173, class=java.util.LinkedList$Entry@50000299)
	element		50000353
	next		50000385
	previous	50000385
OBJ 50000387 (sz=32, trace=300174, class=java.util.HashMap$Entry@50000053)
	key		50000382
	value		50000384
OBJ 50000388 (sz=24, trace=300176, class=java.util.LinkedList$Entry@50000299)
	element		50000382
	next		5000038f
	previous	50000381
OBJ 50000389 (sz=32, trace=300168, class=java.lang.String@50000036)
	value		5000038a
ARR 5000038a (sz=48, trace=300167, nelems=24, elem type=char[])
OBJ 5000038b (sz=24, trace=300170, class=java.util.LinkedList@50000297)
	header		5000038c
OBJ 5000038c (sz=24, trace=300172, class=java.util.LinkedList$Entry@50000299)
	next		5000038d
	previous	5000038d
OBJ 5000038d (sz=24, trace=300173, class=java.util.LinkedList$Entry@50000299)
	element		50000353
	next		5000038c
	previous	5000038c
OBJ 5000038e (sz=32, trace=300174, class=java.util.HashMap$Entry@50000053)
	key		50000389
	value		5000038b
OBJ 5000038f (sz=24, trace=300176, class=java.util.LinkedList$Entry@50000299)
	element		50000389
	next		5000035c
	previous	50000388
OBJ 50000390 (sz=32, trace=300168, class=java.lang.String@50000036)
ARR 50000391 (sz=16, trace=300167, nelems=0, elem type=char[])
OBJ 50000392 (sz=48, trace=300054, class=java.nio.HeapCharBuffer@500000a5)
ARR 50000393 (sz=24, trace=300177, nelems=1, elem type=java.lang.String[]@50000037)
	[0]		50000353
OBJ 50000394 (sz=64, trace=300178, class=java.net.URL@50000050)
OBJ 50000395 (sz=24, trace=300179, class=java.lang.StringBuilder@5000004d)
ARR 50000396 (sz=48, trace=300180, nelems=0, elem type=char[])
OBJ 50000397 (sz=32, trace=300181, class=java.lang.String@50000036)
ARR 50000398 (sz=88, trace=300030, nelems=0, elem type=char[])
ARR 50000399 (sz=160, trace=300030, nelems=0, elem type=char[])
OBJ 5000039a (sz=32, trace=300182, class=java.lang.String@50000036)
ARR 5000039b (sz=104, trace=300183, nelems=0, elem type=char[])
OBJ 5000039c (sz=24, trace=300184, class=java.lang.StringBuilder@5000004d)
ARR 5000039d (sz=272, trace=300185, nelems=0, elem type=char[])
OBJ 5000039e (sz=32, trace=300186, class=java.lang.String@50000036)
	value		5000039f
ARR 5000039f (sz=102, trace=300012, nelems=51, elem type=char[])
OBJ 500003a0 (sz=32, trace=300187, class=java.util.HashMap$Entry@50000053)
	key		5000039e
	value		50000312
OBJ 500003a1 (sz=16, trace=300188, class=java.util.HashSet@500000d6)
OBJ 500003a2 (sz=48, trace=300189, class=java.util.HashMap@500000cb)
ARR 500003a3 (sz=80, trace=300190, nelems=0, elem type=java.util.HashMap$Entry[]@50000054)
OBJ 500003a4 (sz=24, trace=300009, class=java.lang.StringBuilder@5000004d)
ARR 500003a5 (sz=272, trace=300010, nelems=0, elem type=char[])
OBJ 500003a6 (sz=32, trace=300011, class=java.lang.String@50000036)
ARR 500003a7 (sz=120, trace=300012, nelems=0, elem type=char[])
OBJ 500003a8 (sz=24, trace=300014, class=sun.misc.URLClassPath$3@50000164)
OBJ 500003a9 (sz=24, trace=300016, class=java.lang.StringBuilder@5000004d)
ARR 500003aa (sz=48, trace=300017, nelems=0, elem type=char[])
OBJ 500003ab (sz=24, trace=300026, class=java.lang.StringBuffer@5000005e)
ARR 500003ac (sz=112, trace=300027, nelems=0, elem type=char[])
OBJ 500003ad (sz=32, trace=300028, class=java.lang.String@50000036)
ARR 500003ae (sz=112, trace=300029, nelems=0, elem type=char[])
ARR 500003af (sz=112, trace=300030, nelems=0, elem type=char[])
ARR 500003b0 (sz=216, trace=300030, nelems=0, elem type=char[])
OBJ 500003b1 (sz=32, trace=300031, class=java.lang.String@50000036)
	value		500003b2
ARR 500003b2 (sz=100, trace=300032, nelems=50, elem type=char[])
OBJ 500003b3 (sz=64, trace=300033, class=java.net.URL@50000050)
	protocol	5000357d
	host		500032b6
	file		500003b1
	authority	500032b6
	path		500003b1
	handler		500033f6
OBJ 500003b4 (sz=24, trace=300034, class=java.net.Parts@500000c3)
OBJ 500003b5 (sz=40, trace=300035, class=sun.misc.URLClassPath$JarLoader@50000167)
	base		500003b3
	jar		500003cc
	csu		50003401
	index		500003e3
	handler		500033f6
	lmap		500033f7
OBJ 500003b6 (sz=24, trace=300036, class=java.lang.StringBuilder@5000004d)
ARR 500003b7 (sz=48, trace=300037, nelems=0, elem type=char[])
ARR 500003b8 (sz=88, trace=300038, nelems=0, elem type=char[])
ARR 500003b9 (sz=160, trace=300038, nelems=0, elem type=char[])
OBJ 500003ba (sz=32, trace=300039, class=java.lang.String@50000036)
ARR 500003bb (sz=104, trace=300040, nelems=0, elem type=char[])
OBJ 500003bc (sz=24, trace=300041, class=java.io.File@500000b8)
OBJ 500003bd (sz=16, trace=300045, class=sun.misc.URLClassPath$JarLoader$1@5000018e)
OBJ 500003be (sz=24, trace=300047, class=sun.misc.FileURLMapper@50000190)
OBJ 500003bf (sz=24, trace=300048, class=java.lang.StringBuilder@5000004d)
ARR 500003c0 (sz=48, trace=300049, nelems=0, elem type=char[])
ARR 500003c1 (sz=88, trace=300038, nelems=0, elem type=char[])
ARR 500003c2 (sz=160, trace=300038, nelems=0, elem type=char[])
OBJ 500003c3 (sz=32, trace=300050, class=java.lang.String@50000036)
	value		500003c4
ARR 500003c4 (sz=86, trace=300040, nelems=43, elem type=char[])
OBJ 500003c5 (sz=24, trace=300051, class=java.io.File@500000b8)
ARR 500003c6 (sz=192, trace=300052, nelems=0, elem type=byte[])
OBJ 500003c7 (sz=48, trace=300053, class=java.nio.HeapByteBuffer@50000087)
OBJ 500003c8 (sz=48, trace=300054, class=java.nio.HeapCharBuffer@500000a5)
ARR 500003c9 (sz=64, trace=300055, nelems=0, elem type=byte[])
OBJ 500003ca (sz=32, trace=300056, class=java.lang.String@50000036)
OBJ 500003cb (sz=24, trace=300064, class=java.io.File@500000b8)
OBJ 500003cc (sz=56, trace=300065, class=java.util.jar.JarFile@500001a0)
	name		500003c3
	inflaters	500003ce
OBJ 500003cd (sz=40, trace=300066, class=java.lang.ref.Finalizer@500000f9)
	referent	500003cc
	queue		500032ae
	next		5000033a
	prev		500003db
OBJ 500003ce (sz=32, trace=300067, class=java.util.Vector@50000004)
	elementData	500003cf
ARR 500003cf (sz=56, trace=300068, nelems=0, elem type=java.lang.Object[]@500000ac)
ARR 500003d0 (sz=192, trace=300069, nelems=0, elem type=byte[])
OBJ 500003d1 (sz=48, trace=300053, class=java.nio.HeapByteBuffer@50000087)
OBJ 500003d2 (sz=48, trace=300054, class=java.nio.HeapCharBuffer@500000a5)
ARR 500003d3 (sz=64, trace=300055, nelems=0, elem type=byte[])
ARR 500003d4 (sz=192, trace=300070, nelems=0, elem type=byte[])
OBJ 500003d5 (sz=48, trace=300053, class=java.nio.HeapByteBuffer@50000087)
OBJ 500003d6 (sz=48, trace=300054, class=java.nio.HeapCharBuffer@500000a5)
ARR 500003d7 (sz=64, trace=300055, nelems=0, elem type=byte[])
OBJ 500003d8 (sz=64, trace=300120, class=java.util.zip.ZipEntry@5000021b)
OBJ 500003d9 (sz=80, trace=300122, class=java.util.jar.JarFile$JarFileEntry@5000021e)
OBJ 500003da (sz=48, trace=300126, class=java.util.zip.ZipFile$ZipFileInputStream@50000223)
	this$0		500003cc
OBJ 500003db (sz=40, trace=300066, class=java.lang.ref.Finalizer@500000f9)
	referent	500003da
	queue		500032ae
	next		500003cd
	prev		500003dd
OBJ 500003dc (sz=32, trace=300137, class=java.util.zip.Inflater@50000269)
	zsRef		500003de
	buf		500003e2
OBJ 500003dd (sz=40, trace=300066, class=java.lang.ref.Finalizer@500000f9)
	referent	500003dc
	queue		500032ae
	next		500003db
	prev		5000044d
OBJ 500003de (sz=24, trace=300139, class=java.util.zip.ZStreamRef@5000026d)
OBJ 500003df (sz=56, trace=300140, class=java.util.zip.ZipFile$1@50000268)
ARR 500003e0 (sz=24, trace=300141, nelems=0, elem type=byte[])
ARR 500003e1 (sz=528, trace=300142, nelems=0, elem type=byte[])
ARR 500003e2 (sz=72, trace=300143, nelems=72, elem type=byte[])
OBJ 500003e3 (sz=24, trace=300144, class=sun.misc.JarIndex@500001ee)
	indexMap	500003e4
	jarMap		500003e6
	jarFiles	50000413
OBJ 500003e4 (sz=48, trace=300145, class=java.util.HashMap@500000cb)
	table		500003e5
ARR 500003e5 (sz=80, trace=300146, nelems=7, elem type=java.util.HashMap$Entry[]@50000054)
	[0]		5000040e
	[5]		50000407
	[6]		500003fd
OBJ 500003e6 (sz=48, trace=300147, class=java.util.HashMap@500000cb)
	table		500003e7
ARR 500003e7 (sz=80, trace=300148, nelems=7, elem type=java.util.HashMap$Entry[]@50000054)
	[6]		50000401
OBJ 500003e8 (sz=24, trace=300151, class=java.io.InputStreamReader@5000027a)
OBJ 500003e9 (sz=40, trace=300158, class=sun.nio.cs.UTF_8$Decoder@50000281)
OBJ 500003ea (sz=48, trace=300160, class=sun.nio.cs.StreamDecoder@5000027c)
ARR 500003eb (sz=8208, trace=300161, nelems=0, elem type=byte[])
OBJ 500003ec (sz=48, trace=300162, class=java.nio.HeapByteBuffer@50000087)
OBJ 500003ed (sz=48, trace=300163, class=java.io.BufferedReader@50000279)
ARR 500003ee (sz=16400, trace=300164, nelems=0, elem type=char[])
OBJ 500003ef (sz=32, trace=300067, class=java.util.Vector@50000004)
ARR 500003f0 (sz=56, trace=300165, nelems=0, elem type=java.lang.Object[]@500000ac)
OBJ 500003f1 (sz=48, trace=300054, class=java.nio.HeapCharBuffer@500000a5)
OBJ 500003f2 (sz=32, trace=300166, class=java.lang.String@50000036)
ARR 500003f3 (sz=64, trace=300167, nelems=0, elem type=char[])
OBJ 500003f4 (sz=32, trace=300166, class=java.lang.String@50000036)
ARR 500003f5 (sz=16, trace=300167, nelems=0, elem type=char[])
OBJ 500003f6 (sz=32, trace=300166, class=java.lang.String@50000036)
	value		500003f7
ARR 500003f7 (sz=22, trace=300167, nelems=11, elem type=char[])
OBJ 500003f8 (sz=32, trace=300168, class=java.lang.String@50000036)
	value		500003f9
ARR 500003f9 (sz=10, trace=300167, nelems=5, elem type=char[])
OBJ 500003fa (sz=24, trace=300170, class=java.util.LinkedList@50000297)
	header		500003fb
OBJ 500003fb (sz=24, trace=300172, class=java.util.LinkedList$Entry@50000299)
	next		500003fc
	previous	500003fc
OBJ 500003fc (sz=24, trace=300173, class=java.util.LinkedList$Entry@50000299)
	element		500003f6
	next		500003fb
	previous	500003fb
OBJ 500003fd (sz=32, trace=300174, class=java.util.HashMap$Entry@50000053)
	key		500003f8
	value		500003fa
OBJ 500003fe (sz=24, trace=300170, class=java.util.LinkedList@50000297)
	header		500003ff
OBJ 500003ff (sz=24, trace=300175, class=java.util.LinkedList$Entry@50000299)
	next		50000400
	previous	5000040f
OBJ 50000400 (sz=24, trace=300173, class=java.util.LinkedList$Entry@50000299)
	element		500003f8
	next		50000408
	previous	500003ff
OBJ 50000401 (sz=32, trace=300174, class=java.util.HashMap$Entry@50000053)
	key		500003f6
	value		500003fe
OBJ 50000402 (sz=32, trace=300168, class=java.lang.String@50000036)
	value		50000403
ARR 50000403 (sz=22, trace=300167, nelems=11, elem type=char[])
OBJ 50000404 (sz=24, trace=300170, class=java.util.LinkedList@50000297)
	header		50000405
OBJ 50000405 (sz=24, trace=300172, class=java.util.LinkedList$Entry@50000299)
	next		50000406
	previous	50000406
OBJ 50000406 (sz=24, trace=300173, class=java.util.LinkedList$Entry@50000299)
	element		500003f6
	next		50000405
	previous	50000405
OBJ 50000407 (sz=32, trace=300174, class=java.util.HashMap$Entry@50000053)
	key		50000402
	value		50000404
OBJ 50000408 (sz=24, trace=300176, class=java.util.LinkedList$Entry@50000299)
	element		50000402
	next		5000040f
	previous	50000400
OBJ 50000409 (sz=32, trace=300168, class=java.lang.String@50000036)
	value		5000040a
ARR 5000040a (sz=30, trace=300167, nelems=15, elem type=char[])
OBJ 5000040b (sz=24, trace=300170, class=java.util.LinkedList@50000297)
	header		5000040c
OBJ 5000040c (sz=24, trace=300172, class=java.util.LinkedList$Entry@50000299)
	next		5000040d
	previous	5000040d
OBJ 5000040d (sz=24, trace=300173, class=java.util.LinkedList$Entry@50000299)
	element		500003f6
	next		5000040c
	previous	5000040c
OBJ 5000040e (sz=32, trace=300174, class=java.util.HashMap$Entry@50000053)
	key		50000409
	value		5000040b
OBJ 5000040f (sz=24, trace=300176, class=java.util.LinkedList$Entry@50000299)
	element		50000409
	next		500003ff
	previous	50000408
OBJ 50000410 (sz=32, trace=300168, class=java.lang.String@50000036)
ARR 50000411 (sz=16, trace=300167, nelems=0, elem type=char[])
OBJ 50000412 (sz=48, trace=300054, class=java.nio.HeapCharBuffer@500000a5)
ARR 50000413 (sz=24, trace=300177, nelems=1, elem type=java.lang.String[]@50000037)
	[0]		500003f6
OBJ 50000414 (sz=64, trace=300178, class=java.net.URL@50000050)
OBJ 50000415 (sz=24, trace=300179, class=java.lang.StringBuilder@5000004d)
ARR 50000416 (sz=48, trace=300180, nelems=0, elem type=char[])
OBJ 50000417 (sz=32, trace=300181, class=java.lang.String@50000036)
ARR 50000418 (sz=88, trace=300030, nelems=0, elem type=char[])
ARR 50000419 (sz=160, trace=300030, nelems=0, elem type=char[])
OBJ 5000041a (sz=32, trace=300182, class=java.lang.String@50000036)
ARR 5000041b (sz=104, trace=300183, nelems=0, elem type=char[])
OBJ 5000041c (sz=24, trace=300184, class=java.lang.StringBuilder@5000004d)
ARR 5000041d (sz=272, trace=300185, nelems=0, elem type=char[])
OBJ 5000041e (sz=32, trace=300186, class=java.lang.String@50000036)
	value		5000041f
ARR 5000041f (sz=100, trace=300012, nelems=50, elem type=char[])
OBJ 50000420 (sz=32, trace=300187, class=java.util.HashMap$Entry@50000053)
	key		5000041e
	value		500003b5
OBJ 50000421 (sz=16, trace=300188, class=java.util.HashSet@500000d6)
OBJ 50000422 (sz=48, trace=300189, class=java.util.HashMap@500000cb)
ARR 50000423 (sz=80, trace=300190, nelems=0, elem type=java.util.HashMap$Entry[]@50000054)
OBJ 50000424 (sz=24, trace=300009, class=java.lang.StringBuilder@5000004d)
ARR 50000425 (sz=272, trace=300010, nelems=0, elem type=char[])
OBJ 50000426 (sz=32, trace=300011, class=java.lang.String@50000036)
ARR 50000427 (sz=120, trace=300012, nelems=0, elem type=char[])
OBJ 50000428 (sz=24, trace=300014, class=sun.misc.URLClassPath$3@50000164)
OBJ 50000429 (sz=24, trace=300016, class=java.lang.StringBuilder@5000004d)
ARR 5000042a (sz=48, trace=300017, nelems=0, elem type=char[])
OBJ 5000042b (sz=24, trace=300026, class=java.lang.StringBuffer@5000005e)
ARR 5000042c (sz=120, trace=300027, nelems=0, elem type=char[])
OBJ 5000042d (sz=32, trace=300028, class=java.lang.String@50000036)
ARR 5000042e (sz=120, trace=300029, nelems=0, elem type=char[])
ARR 5000042f (sz=120, trace=300030, nelems=0, elem type=char[])
ARR 50000430 (sz=216, trace=300030, nelems=0, elem type=char[])
OBJ 50000431 (sz=32, trace=300031, class=java.lang.String@50000036)
	value		50000432
ARR 50000432 (sz=102, trace=300032, nelems=51, elem type=char[])
OBJ 50000433 (sz=64, trace=300033, class=java.net.URL@50000050)
	protocol	5000357d
	host		500032b6
	file		50000431
	authority	500032b6
	path		50000431
	handler		500033f6
OBJ 50000434 (sz=24, trace=300034, class=java.net.Parts@500000c3)
OBJ 50000435 (sz=40, trace=300035, class=sun.misc.URLClassPath$JarLoader@50000167)
	base		50000433
	jar		5000044c
	csu		50003402
	index		50000463
	handler		500033f6
	lmap		500033f7
OBJ 50000436 (sz=24, trace=300036, class=java.lang.StringBuilder@5000004d)
ARR 50000437 (sz=48, trace=300037, nelems=0, elem type=char[])
ARR 50000438 (sz=88, trace=300038, nelems=0, elem type=char[])
ARR 50000439 (sz=160, trace=300038, nelems=0, elem type=char[])
OBJ 5000043a (sz=32, trace=300039, class=java.lang.String@50000036)
ARR 5000043b (sz=104, trace=300040, nelems=0, elem type=char[])
OBJ 5000043c (sz=24, trace=300041, class=java.io.File@500000b8)
OBJ 5000043d (sz=16, trace=300045, class=sun.misc.URLClassPath$JarLoader$1@5000018e)
OBJ 5000043e (sz=24, trace=300047, class=sun.misc.FileURLMapper@50000190)
OBJ 5000043f (sz=24, trace=300048, class=java.lang.StringBuilder@5000004d)
ARR 50000440 (sz=48, trace=300049, nelems=0, elem type=char[])
ARR 50000441 (sz=88, trace=300038, nelems=0, elem type=char[])
ARR 50000442 (sz=160, trace=300038, nelems=0, elem type=char[])
OBJ 50000443 (sz=32, trace=300050, class=java.lang.String@50000036)
	value		50000444
ARR 50000444 (sz=88, trace=300040, nelems=44, elem type=char[])
OBJ 50000445 (sz=24, trace=300051, class=java.io.File@500000b8)
ARR 50000446 (sz=192, trace=300052, nelems=0, elem type=byte[])
OBJ 50000447 (sz=48, trace=300053, class=java.nio.HeapByteBuffer@50000087)
OBJ 50000448 (sz=48, trace=300054, class=java.nio.HeapCharBuffer@500000a5)
ARR 50000449 (sz=64, trace=300055, nelems=0, elem type=byte[])
OBJ 5000044a (sz=32, trace=300056, class=java.lang.String@50000036)
OBJ 5000044b (sz=24, trace=300064, class=java.io.File@500000b8)
OBJ 5000044c (sz=56, trace=300065, class=java.util.jar.JarFile@500001a0)
	name		50000443
	inflaters	5000044e
OBJ 5000044d (sz=40, trace=300066, class=java.lang.ref.Finalizer@500000f9)
	referent	5000044c
	queue		500032ae
	next		500003dd
	prev		5000045b
OBJ 5000044e (sz=32, trace=300067, class=java.util.Vector@50000004)
	elementData	5000044f
ARR 5000044f (sz=56, trace=300068, nelems=0, elem type=java.lang.Object[]@500000ac)
ARR 50000450 (sz=192, trace=300069, nelems=0, elem type=byte[])
OBJ 50000451 (sz=48, trace=300053, class=java.nio.HeapByteBuffer@50000087)
OBJ 50000452 (sz=48, trace=300054, class=java.nio.HeapCharBuffer@500000a5)
ARR 50000453 (sz=64, trace=300055, nelems=0, elem type=byte[])
ARR 50000454 (sz=192, trace=300070, nelems=0, elem type=byte[])
OBJ 50000455 (sz=48, trace=300053, class=java.nio.HeapByteBuffer@50000087)
OBJ 50000456 (sz=48, trace=300054, class=java.nio.HeapCharBuffer@500000a5)
ARR 50000457 (sz=64, trace=300055, nelems=0, elem type=byte[])
OBJ 50000458 (sz=64, trace=300120, class=java.util.zip.ZipEntry@5000021b)
OBJ 50000459 (sz=80, trace=300122, class=java.util.jar.JarFile$JarFileEntry@5000021e)
OBJ 5000045a (sz=48, trace=300126, class=java.util.zip.ZipFile$ZipFileInputStream@50000223)
	this$0		5000044c
OBJ 5000045b (sz=40, trace=300066, class=java.lang.ref.Finalizer@500000f9)
	referent	5000045a
	queue		500032ae
	next		5000044d
	prev		5000045d
OBJ 5000045c (sz=32, trace=300137, class=java.util.zip.Inflater@50000269)
	zsRef		5000045e
	buf		50000462
OBJ 5000045d (sz=40, trace=300066, class=java.lang.ref.Finalizer@500000f9)
	referent	5000045c
	queue		500032ae
	next		5000045b
	prev		500005d9
OBJ 5000045e (sz=24, trace=300139, class=java.util.zip.ZStreamRef@5000026d)
OBJ 5000045f (sz=56, trace=300140, class=java.util.zip.ZipFile$1@50000268)
ARR 50000460 (sz=24, trace=300141, nelems=0, elem type=byte[])
ARR 50000461 (sz=528, trace=300142, nelems=0, elem type=byte[])
ARR 50000462 (sz=1556, trace=300143, nelems=1556, elem type=byte[])
OBJ 50000463 (sz=24, trace=300144, class=sun.misc.JarIndex@500001ee)
	indexMap	50000464
	jarMap		50000466
	jarFiles	5000059f
OBJ 50000464 (sz=48, trace=300145, class=java.util.HashMap@500000cb)
	table		5000052a
ARR 50000465 (sz=80, trace=300146, nelems=0, elem type=java.util.HashMap$Entry[]@50000054)
OBJ 50000466 (sz=48, trace=300147, class=java.util.HashMap@500000cb)
	table		50000467
ARR 50000467 (sz=80, trace=300148, nelems=8, elem type=java.util.HashMap$Entry[]@50000054)
	[7]		50000481
OBJ 50000468 (sz=24, trace=300151, class=java.io.InputStreamReader@5000027a)
OBJ 50000469 (sz=40, trace=300158, class=sun.nio.cs.UTF_8$Decoder@50000281)
OBJ 5000046a (sz=48, trace=300160, class=sun.nio.cs.StreamDecoder@5000027c)
ARR 5000046b (sz=8208, trace=300161, nelems=0, elem type=byte[])
OBJ 5000046c (sz=48, trace=300162, class=java.nio.HeapByteBuffer@50000087)
OBJ 5000046d (sz=48, trace=300163, class=java.io.BufferedReader@50000279)
ARR 5000046e (sz=16400, trace=300164, nelems=0, elem type=char[])
OBJ 5000046f (sz=32, trace=300067, class=java.util.Vector@50000004)
ARR 50000470 (sz=56, trace=300165, nelems=0, elem type=java.lang.Object[]@500000ac)
OBJ 50000471 (sz=48, trace=300054, class=java.nio.HeapCharBuffer@500000a5)
OBJ 50000472 (sz=32, trace=300166, class=java.lang.String@50000036)
ARR 50000473 (sz=64, trace=300167, nelems=0, elem type=char[])
OBJ 50000474 (sz=32, trace=300166, class=java.lang.String@50000036)
ARR 50000475 (sz=16, trace=300167, nelems=0, elem type=char[])
OBJ 50000476 (sz=32, trace=300166, class=java.lang.String@50000036)
	value		50000477
ARR 50000477 (sz=24, trace=300167, nelems=12, elem type=char[])
OBJ 50000478 (sz=32, trace=300168, class=java.lang.String@50000036)
	value		50000479
ARR 50000479 (sz=6, trace=300167, nelems=3, elem type=char[])
OBJ 5000047a (sz=24, trace=300170, class=java.util.LinkedList@50000297)
	header		5000047b
OBJ 5000047b (sz=24, trace=300172, class=java.util.LinkedList$Entry@50000299)
	next		5000047c
	previous	5000047c
OBJ 5000047c (sz=24, trace=300173, class=java.util.LinkedList$Entry@50000299)
	element		50000476
	next		5000047b
	previous	5000047b
OBJ 5000047d (sz=32, trace=300174, class=java.util.HashMap$Entry@50000053)
	key		50000478
	value		5000047a
OBJ 5000047e (sz=24, trace=300170, class=java.util.LinkedList@50000297)
	header		5000047f
OBJ 5000047f (sz=24, trace=300175, class=java.util.LinkedList$Entry@50000299)
	next		50000480
	previous	5000059b
OBJ 50000480 (sz=24, trace=300173, class=java.util.LinkedList$Entry@50000299)
	element		50000478
	next		50000488
	previous	5000047f
OBJ 50000481 (sz=32, trace=300174, class=java.util.HashMap$Entry@50000053)
	key		50000476
	value		5000047e
OBJ 50000482 (sz=32, trace=300168, class=java.lang.String@50000036)
	value		50000483
ARR 50000483 (sz=14, trace=300167, nelems=7, elem type=char[])
OBJ 50000484 (sz=24, trace=300170, class=java.util.LinkedList@50000297)
	header		50000485
OBJ 50000485 (sz=24, trace=300172, class=java.util.LinkedList$Entry@50000299)
	next		50000486
	previous	50000486
OBJ 50000486 (sz=24, trace=300173, class=java.util.LinkedList$Entry@50000299)
	element		50000476
	next		50000485
	previous	50000485
OBJ 50000487 (sz=32, trace=300174, class=java.util.HashMap$Entry@50000053)
	key		50000482
	value		50000484
OBJ 50000488 (sz=24, trace=300176, class=java.util.LinkedList$Entry@50000299)
	element		50000482
	next		5000048f
	previous	50000480
OBJ 50000489 (sz=32, trace=300168, class=java.lang.String@50000036)
	value		5000048a
ARR 5000048a (sz=22, trace=300167, nelems=11, elem type=char[])
OBJ 5000048b (sz=24, trace=300170, class=java.util.LinkedList@50000297)
	header		5000048c
OBJ 5000048c (sz=24, trace=300172, class=java.util.LinkedList$Entry@50000299)
	next		5000048d
	previous	5000048d
OBJ 5000048d (sz=24, trace=300173, class=java.util.LinkedList$Entry@50000299)
	element		50000476
	next		5000048c
	previous	5000048c
OBJ 5000048e (sz=32, trace=300174, class=java.util.HashMap$Entry@50000053)
	key		50000489
	value		5000048b
	next		500004ea
OBJ 5000048f (sz=24, trace=300176, class=java.util.LinkedList$Entry@50000299)
	element		50000489
	next		50000496
	previous	50000488
OBJ 50000490 (sz=32, trace=300168, class=java.lang.String@50000036)
	value		50000491
ARR 50000491 (sz=40, trace=300167, nelems=20, elem type=char[])
OBJ 50000492 (sz=24, trace=300170, class=java.util.LinkedList@50000297)
	header		50000493
OBJ 50000493 (sz=24, trace=300172, class=java.util.LinkedList$Entry@50000299)
	next		50000494
	previous	50000494
OBJ 50000494 (sz=24, trace=300173, class=java.util.LinkedList$Entry@50000299)
	element		50000476
	next		50000493
	previous	50000493
OBJ 50000495 (sz=32, trace=300174, class=java.util.HashMap$Entry@50000053)
	key		50000490
	value		50000492
	next		5000050d
OBJ 50000496 (sz=24, trace=300176, class=java.util.LinkedList$Entry@50000299)
	element		50000490
	next		5000049d
	previous	5000048f
OBJ 50000497 (sz=32, trace=300168, class=java.lang.String@50000036)
	value		50000498
ARR 50000498 (sz=38, trace=300167, nelems=19, elem type=char[])
OBJ 50000499 (sz=24, trace=300170, class=java.util.LinkedList@50000297)
	header		5000049a
OBJ 5000049a (sz=24, trace=300172, class=java.util.LinkedList$Entry@50000299)
	next		5000049b
	previous	5000049b
OBJ 5000049b (sz=24, trace=300173, class=java.util.LinkedList$Entry@50000299)
	element		50000476
	next		5000049a
	previous	5000049a
OBJ 5000049c (sz=32, trace=300174, class=java.util.HashMap$Entry@50000053)
	key		50000497
	value		50000499
OBJ 5000049d (sz=24, trace=300176, class=java.util.LinkedList$Entry@50000299)
	element		50000497
	next		500004a4
	previous	50000496
OBJ 5000049e (sz=32, trace=300168, class=java.lang.String@50000036)
	value		5000049f
ARR 5000049f (sz=48, trace=300167, nelems=24, elem type=char[])
OBJ 500004a0 (sz=24, trace=300170, class=java.util.LinkedList@50000297)
	header		500004a1
OBJ 500004a1 (sz=24, trace=300172, class=java.util.LinkedList$Entry@50000299)
	next		500004a2
	previous	500004a2
OBJ 500004a2 (sz=24, trace=300173, class=java.util.LinkedList$Entry@50000299)
	element		50000476
	next		500004a1
	previous	500004a1
OBJ 500004a3 (sz=32, trace=300174, class=java.util.HashMap$Entry@50000053)
	key		5000049e
	value		500004a0
OBJ 500004a4 (sz=24, trace=300176, class=java.util.LinkedList$Entry@50000299)
	element		5000049e
	next		500004ab
	previous	5000049d
OBJ 500004a5 (sz=32, trace=300168, class=java.lang.String@50000036)
	value		500004a6
ARR 500004a6 (sz=60, trace=300167, nelems=30, elem type=char[])
OBJ 500004a7 (sz=24, trace=300170, class=java.util.LinkedList@50000297)
	header		500004a8
OBJ 500004a8 (sz=24, trace=300172, class=java.util.LinkedList$Entry@50000299)
	next		500004a9
	previous	500004a9
OBJ 500004a9 (sz=24, trace=300173, class=java.util.LinkedList$Entry@50000299)
	element		50000476
	next		500004a8
	previous	500004a8
OBJ 500004aa (sz=32, trace=300174, class=java.util.HashMap$Entry@50000053)
	key		500004a5
	value		500004a7
OBJ 500004ab (sz=24, trace=300176, class=java.util.LinkedList$Entry@50000299)
	element		500004a5
	next		500004b2
	previous	500004a4
OBJ 500004ac (sz=32, trace=300168, class=java.lang.String@50000036)
	value		500004ad
ARR 500004ad (sz=34, trace=300167, nelems=17, elem type=char[])
OBJ 500004ae (sz=24, trace=300170, class=java.util.LinkedList@50000297)
	header		500004af
OBJ 500004af (sz=24, trace=300172, class=java.util.LinkedList$Entry@50000299)
	next		500004b0
	previous	500004b0
OBJ 500004b0 (sz=24, trace=300173, class=java.util.LinkedList$Entry@50000299)
	element		50000476
	next		500004af
	previous	500004af
OBJ 500004b1 (sz=32, trace=300174, class=java.util.HashMap$Entry@50000053)
	key		500004ac
	value		500004ae
	next		50000506
OBJ 500004b2 (sz=24, trace=300176, class=java.util.LinkedList$Entry@50000299)
	element		500004ac
	next		500004b9
	previous	500004ab
OBJ 500004b3 (sz=32, trace=300168, class=java.lang.String@50000036)
	value		500004b4
ARR 500004b4 (sz=48, trace=300167, nelems=24, elem type=char[])
OBJ 500004b5 (sz=24, trace=300170, class=java.util.LinkedList@50000297)
	header		500004b6
OBJ 500004b6 (sz=24, trace=300172, class=java.util.LinkedList$Entry@50000299)
	next		500004b7
	previous	500004b7
OBJ 500004b7 (sz=24, trace=300173, class=java.util.LinkedList$Entry@50000299)
	element		50000476
	next		500004b6
	previous	500004b6
OBJ 500004b8 (sz=32, trace=300174, class=java.util.HashMap$Entry@50000053)
	key		500004b3
	value		500004b5
OBJ 500004b9 (sz=24, trace=300176, class=java.util.LinkedList$Entry@50000299)
	element		500004b3
	next		500004c0
	previous	500004b2
OBJ 500004ba (sz=32, trace=300168, class=java.lang.String@50000036)
	value		500004bb
ARR 500004bb (sz=46, trace=300167, nelems=23, elem type=char[])
OBJ 500004bc (sz=24, trace=300170, class=java.util.LinkedList@50000297)
	header		500004bd
OBJ 500004bd (sz=24, trace=300172, class=java.util.LinkedList$Entry@50000299)
	next		500004be
	previous	500004be
OBJ 500004be (sz=24, trace=300173, class=java.util.LinkedList$Entry@50000299)
	element		50000476
	next		500004bd
	previous	500004bd
OBJ 500004bf (sz=32, trace=300174, class=java.util.HashMap$Entry@50000053)
	key		500004ba
	value		500004bc
OBJ 500004c0 (sz=24, trace=300176, class=java.util.LinkedList$Entry@50000299)
	element		500004ba
	next		500004c7
	previous	500004b9
OBJ 500004c1 (sz=32, trace=300168, class=java.lang.String@50000036)
	value		500004c2
ARR 500004c2 (sz=54, trace=300167, nelems=27, elem type=char[])
OBJ 500004c3 (sz=24, trace=300170, class=java.util.LinkedList@50000297)
	header		500004c4
OBJ 500004c4 (sz=24, trace=300172, class=java.util.LinkedList$Entry@50000299)
	next		500004c5
	previous	500004c5
OBJ 500004c5 (sz=24, trace=300173, class=java.util.LinkedList$Entry@50000299)
	element		50000476
	next		500004c4
	previous	500004c4
OBJ 500004c6 (sz=32, trace=300174, class=java.util.HashMap$Entry@50000053)
	key		500004c1
	value		500004c3
OBJ 500004c7 (sz=24, trace=300176, class=java.util.LinkedList$Entry@50000299)
	element		500004c1
	next		500004ce
	previous	500004c0
OBJ 500004c8 (sz=32, trace=300168, class=java.lang.String@50000036)
	value		500004c9
ARR 500004c9 (sz=82, trace=300167, nelems=41, elem type=char[])
OBJ 500004ca (sz=24, trace=300170, class=java.util.LinkedList@50000297)
	header		500004cb
OBJ 500004cb (sz=24, trace=300172, class=java.util.LinkedList$Entry@50000299)
	next		500004cc
	previous	500004cc
OBJ 500004cc (sz=24, trace=300173, class=java.util.LinkedList$Entry@50000299)
	element		50000476
	next		500004cb
	previous	500004cb
OBJ 500004cd (sz=32, trace=300174, class=java.util.HashMap$Entry@50000053)
	key		500004c8
	value		500004ca
OBJ 500004ce (sz=24, trace=300176, class=java.util.LinkedList$Entry@50000299)
	element		500004c8
	next		500004d6
	previous	500004c7
OBJ 500004cf (sz=32, trace=300168, class=java.lang.String@50000036)
	value		500004d0
ARR 500004d0 (sz=72, trace=300167, nelems=36, elem type=char[])
OBJ 500004d1 (sz=24, trace=300170, class=java.util.LinkedList@50000297)
	header		500004d2
OBJ 500004d2 (sz=24, trace=300172, class=java.util.LinkedList$Entry@50000299)
	next		500004d3
	previous	500004d3
OBJ 500004d3 (sz=24, trace=300173, class=java.util.LinkedList$Entry@50000299)
	element		50000476
	next		500004d2
	previous	500004d2
OBJ 500004d4 (sz=32, trace=300174, class=java.util.HashMap$Entry@50000053)
	key		500004cf
	value		500004d1
	next		500004e3
ARR 500004d5 (sz=144, trace=300191, nelems=0, elem type=java.util.HashMap$Entry[]@50000054)
OBJ 500004d6 (sz=24, trace=300176, class=java.util.LinkedList$Entry@50000299)
	element		500004cf
	next		500004dd
	previous	500004ce
OBJ 500004d7 (sz=32, trace=300168, class=java.lang.String@50000036)
	value		500004d8
ARR 500004d8 (sz=66, trace=300167, nelems=33, elem type=char[])
OBJ 500004d9 (sz=24, trace=300170, class=java.util.LinkedList@50000297)
	header		500004da
OBJ 500004da (sz=24, trace=300172, class=java.util.LinkedList$Entry@50000299)
	next		500004db
	previous	500004db
OBJ 500004db (sz=24, trace=300173, class=java.util.LinkedList$Entry@50000299)
	element		50000476
	next		500004da
	previous	500004da
OBJ 500004dc (sz=32, trace=300174, class=java.util.HashMap$Entry@50000053)
	key		500004d7
	value		500004d9
OBJ 500004dd (sz=24, trace=300176, class=java.util.LinkedList$Entry@50000299)
	element		500004d7
	next		500004e4
	previous	500004d6
OBJ 500004de (sz=32, trace=300168, class=java.lang.String@50000036)
	value		500004df
ARR 500004df (sz=70, trace=300167, nelems=35, elem type=char[])
OBJ 500004e0 (sz=24, trace=300170, class=java.util.LinkedList@50000297)
	header		500004e1
OBJ 500004e1 (sz=24, trace=300172, class=java.util.LinkedList$Entry@50000299)
	next		500004e2
	previous	500004e2
OBJ 500004e2 (sz=24, trace=300173, class=java.util.LinkedList$Entry@50000299)
	element		50000476
	next		500004e1
	previous	500004e1
OBJ 500004e3 (sz=32, trace=300174, class=java.util.HashMap$Entry@50000053)
	key		500004de
	value		500004e0
OBJ 500004e4 (sz=24, trace=300176, class=java.util.LinkedList$Entry@50000299)
	element		500004de
	next		500004eb
	previous	500004dd
OBJ 500004e5 (sz=32, trace=300168, class=java.lang.String@50000036)
	value		500004e6
ARR 500004e6 (sz=68, trace=300167, nelems=34, elem type=char[])
OBJ 500004e7 (sz=24, trace=300170, class=java.util.LinkedList@50000297)
	header		500004e8
OBJ 500004e8 (sz=24, trace=300172, class=java.util.LinkedList$Entry@50000299)
	next		500004e9
	previous	500004e9
OBJ 500004e9 (sz=24, trace=300173, class=java.util.LinkedList$Entry@50000299)
	element		50000476
	next		500004e8
	previous	500004e8
OBJ 500004ea (sz=32, trace=300174, class=java.util.HashMap$Entry@50000053)
	key		500004e5
	value		500004e7
OBJ 500004eb (sz=24, trace=300176, class=java.util.LinkedList$Entry@50000299)
	element		500004e5
	next		500004f2
	previous	500004e4
OBJ 500004ec (sz=32, trace=300168, class=java.lang.String@50000036)
	value		500004ed
ARR 500004ed (sz=60, trace=300167, nelems=30, elem type=char[])
OBJ 500004ee (sz=24, trace=300170, class=java.util.LinkedList@50000297)
	header		500004ef
OBJ 500004ef (sz=24, trace=300172, class=java.util.LinkedList$Entry@50000299)
	next		500004f0
	previous	500004f0
OBJ 500004f0 (sz=24, trace=300173, class=java.util.LinkedList$Entry@50000299)
	element		50000476
	next		500004ef
	previous	500004ef
OBJ 500004f1 (sz=32, trace=300174, class=java.util.HashMap$Entry@50000053)
	key		500004ec
	value		500004ee
OBJ 500004f2 (sz=24, trace=300176, class=java.util.LinkedList$Entry@50000299)
	element		500004ec
	next		500004f9
	previous	500004eb
OBJ 500004f3 (sz=32, trace=300168, class=java.lang.String@50000036)
	value		500004f4
ARR 500004f4 (sz=58, trace=300167, nelems=29, elem type=char[])
OBJ 500004f5 (sz=24, trace=300170, class=java.util.LinkedList@50000297)
	header		500004f6
OBJ 500004f6 (sz=24, trace=300172, class=java.util.LinkedList$Entry@50000299)
	next		500004f7
	previous	500004f7
OBJ 500004f7 (sz=24, trace=300173, class=java.util.LinkedList$Entry@50000299)
	element		50000476
	next		500004f6
	previous	500004f6
OBJ 500004f8 (sz=32, trace=300174, class=java.util.HashMap$Entry@50000053)
	key		500004f3
	value		500004f5
OBJ 500004f9 (sz=24, trace=300176, class=java.util.LinkedList$Entry@50000299)
	element		500004f3
	next		50000500
	previous	500004f2
OBJ 500004fa (sz=32, trace=300168, class=java.lang.String@50000036)
	value		500004fb
ARR 500004fb (sz=52, trace=300167, nelems=26, elem type=char[])
OBJ 500004fc (sz=24, trace=300170, class=java.util.LinkedList@50000297)
	header		500004fd
OBJ 500004fd (sz=24, trace=300172, class=java.util.LinkedList$Entry@50000299)
	next		500004fe
	previous	500004fe
OBJ 500004fe (sz=24, trace=300173, class=java.util.LinkedList$Entry@50000299)
	element		50000476
	next		500004fd
	previous	500004fd
OBJ 500004ff (sz=32, trace=300174, class=java.util.HashMap$Entry@50000053)
	key		500004fa
	value		500004fc
OBJ 50000500 (sz=24, trace=300176, class=java.util.LinkedList$Entry@50000299)
	element		500004fa
	next		50000507
	previous	500004f9
OBJ 50000501 (sz=32, trace=300168, class=java.lang.String@50000036)
	value		50000502
ARR 50000502 (sz=46, trace=300167, nelems=23, elem type=char[])
OBJ 50000503 (sz=24, trace=300170, class=java.util.LinkedList@50000297)
	header		50000504
OBJ 50000504 (sz=24, trace=300172, class=java.util.LinkedList$Entry@50000299)
	next		50000505
	previous	50000505
OBJ 50000505 (sz=24, trace=300173, class=java.util.LinkedList$Entry@50000299)
	element		50000476
	next		50000504
	previous	50000504
OBJ 50000506 (sz=32, trace=300174, class=java.util.HashMap$Entry@50000053)
	key		50000501
	value		50000503
OBJ 50000507 (sz=24, trace=300176, class=java.util.LinkedList$Entry@50000299)
	element		50000501
	next		5000050e
	previous	50000500
OBJ 50000508 (sz=32, trace=300168, class=java.lang.String@50000036)
	value		50000509
ARR 50000509 (sz=50, trace=300167, nelems=25, elem type=char[])
OBJ 5000050a (sz=24, trace=300170, class=java.util.LinkedList@50000297)
	header		5000050b
OBJ 5000050b (sz=24, trace=300172, class=java.util.LinkedList$Entry@50000299)
	next		5000050c
	previous	5000050c
OBJ 5000050c (sz=24, trace=300173, class=java.util.LinkedList$Entry@50000299)
	element		50000476
	next		5000050b
	previous	5000050b
OBJ 5000050d (sz=32, trace=300174, class=java.util.HashMap$Entry@50000053)
	key		50000508
	value		5000050a
OBJ 5000050e (sz=24, trace=300176, class=java.util.LinkedList$Entry@50000299)
	element		50000508
	next		50000515
	previous	50000507
OBJ 5000050f (sz=32, trace=300168, class=java.lang.String@50000036)
	value		50000510
ARR 50000510 (sz=70, trace=300167, nelems=35, elem type=char[])
OBJ 50000511 (sz=24, trace=300170, class=java.util.LinkedList@50000297)
	header		50000512
OBJ 50000512 (sz=24, trace=300172, class=java.util.LinkedList$Entry@50000299)
	next		50000513
	previous	50000513
OBJ 50000513 (sz=24, trace=300173, class=java.util.LinkedList$Entry@50000299)
	element		50000476
	next		50000512
	previous	50000512
OBJ 50000514 (sz=32, trace=300174, class=java.util.HashMap$Entry@50000053)
	key		5000050f
	value		50000511
OBJ 50000515 (sz=24, trace=300176, class=java.util.LinkedList$Entry@50000299)
	element		5000050f
	next		5000051c
	previous	5000050e
OBJ 50000516 (sz=32, trace=300168, class=java.lang.String@50000036)
	value		50000517
ARR 50000517 (sz=56, trace=300167, nelems=28, elem type=char[])
OBJ 50000518 (sz=24, trace=300170, class=java.util.LinkedList@50000297)
	header		50000519
OBJ 50000519 (sz=24, trace=300172, class=java.util.LinkedList$Entry@50000299)
	next		5000051a
	previous	5000051a
OBJ 5000051a (sz=24, trace=300173, class=java.util.LinkedList$Entry@50000299)
	element		50000476
	next		50000519
	previous	50000519
OBJ 5000051b (sz=32, trace=300174, class=java.util.HashMap$Entry@50000053)
	key		50000516
	value		50000518
OBJ 5000051c (sz=24, trace=300176, class=java.util.LinkedList$Entry@50000299)
	element		50000516
	next		50000523
	previous	50000515
OBJ 5000051d (sz=32, trace=300168, class=java.lang.String@50000036)
	value		5000051e
ARR 5000051e (sz=62, trace=300167, nelems=31, elem type=char[])
OBJ 5000051f (sz=24, trace=300170, class=java.util.LinkedList@50000297)
	header		50000520
OBJ 50000520 (sz=24, trace=300172, class=java.util.LinkedList$Entry@50000299)
	next		50000521
	previous	50000521
OBJ 50000521 (sz=24, trace=300173, class=java.util.LinkedList$Entry@50000299)
	element		50000476
	next		50000520
	previous	50000520
OBJ 50000522 (sz=32, trace=300174, class=java.util.HashMap$Entry@50000053)
	key		5000051d
	value		5000051f
OBJ 50000523 (sz=24, trace=300176, class=java.util.LinkedList$Entry@50000299)
	element		5000051d
	next		5000052b
	previous	5000051c
OBJ 50000524 (sz=32, trace=300168, class=java.lang.String@50000036)
	value		50000525
ARR 50000525 (sz=80, trace=300167, nelems=40, elem type=char[])
OBJ 50000526 (sz=24, trace=300170, class=java.util.LinkedList@50000297)
	header		50000527
OBJ 50000527 (sz=24, trace=300172, class=java.util.LinkedList$Entry@50000299)
	next		50000528
	previous	50000528
OBJ 50000528 (sz=24, trace=300173, class=java.util.LinkedList$Entry@50000299)
	element		50000476
	next		50000527
	previous	50000527
OBJ 50000529 (sz=32, trace=300174, class=java.util.HashMap$Entry@50000053)
	key		50000524
	value		50000526
ARR 5000052a (sz=272, trace=300191, nelems=63, elem type=java.util.HashMap$Entry[]@50000054)
	[1]		500004b8
	[2]		50000495
	[3]		5000047d
	[4]		5000059a
	[7]		50000554
	[9]		50000514
	[11]		500004b1
	[13]		5000054d
	[14]		50000562
	[18]		50000538
	[20]		500004a3
	[22]		50000569
	[24]		500004f8
	[25]		5000049c
	[26]		5000057e
	[28]		500004cd
	[29]		500004bf
	[32]		500004f1
	[35]		50000577
	[38]		5000053f
	[40]		500004c6
	[43]		50000593
	[44]		50000487
	[45]		50000585
	[46]		500004ff
	[47]		500004aa
	[51]		500004dc
	[52]		50000531
	[53]		5000055b
	[58]		50000522
	[60]		50000529
	[62]		5000058c
OBJ 5000052b (sz=24, trace=300176, class=java.util.LinkedList$Entry@50000299)
	element		50000524
	next		50000532
	previous	50000523
OBJ 5000052c (sz=32, trace=300168, class=java.lang.String@50000036)
	value		5000052d
ARR 5000052d (sz=74, trace=300167, nelems=37, elem type=char[])
OBJ 5000052e (sz=24, trace=300170, class=java.util.LinkedList@50000297)
	header		5000052f
OBJ 5000052f (sz=24, trace=300172, class=java.util.LinkedList$Entry@50000299)
	next		50000530
	previous	50000530
OBJ 50000530 (sz=24, trace=300173, class=java.util.LinkedList$Entry@50000299)
	element		50000476
	next		5000052f
	previous	5000052f
OBJ 50000531 (sz=32, trace=300174, class=java.util.HashMap$Entry@50000053)
	key		5000052c
	value		5000052e
OBJ 50000532 (sz=24, trace=300176, class=java.util.LinkedList$Entry@50000299)
	element		5000052c
	next		50000539
	previous	5000052b
OBJ 50000533 (sz=32, trace=300168, class=java.lang.String@50000036)
	value		50000534
ARR 50000534 (sz=82, trace=300167, nelems=41, elem type=char[])
OBJ 50000535 (sz=24, trace=300170, class=java.util.LinkedList@50000297)
	header		50000536
OBJ 50000536 (sz=24, trace=300172, class=java.util.LinkedList$Entry@50000299)
	next		50000537
	previous	50000537
OBJ 50000537 (sz=24, trace=300173, class=java.util.LinkedList$Entry@50000299)
	element		50000476
	next		50000536
	previous	50000536
OBJ 50000538 (sz=32, trace=300174, class=java.util.HashMap$Entry@50000053)
	key		50000533
	value		50000535
OBJ 50000539 (sz=24, trace=300176, class=java.util.LinkedList$Entry@50000299)
	element		50000533
	next		50000540
	previous	50000532
OBJ 5000053a (sz=32, trace=300168, class=java.lang.String@50000036)
	value		5000053b
ARR 5000053b (sz=90, trace=300167, nelems=45, elem type=char[])
OBJ 5000053c (sz=24, trace=300170, class=java.util.LinkedList@50000297)
	header		5000053d
OBJ 5000053d (sz=24, trace=300172, class=java.util.LinkedList$Entry@50000299)
	next		5000053e
	previous	5000053e
OBJ 5000053e (sz=24, trace=300173, class=java.util.LinkedList$Entry@50000299)
	element		50000476
	next		5000053d
	previous	5000053d
OBJ 5000053f (sz=32, trace=300174, class=java.util.HashMap$Entry@50000053)
	key		5000053a
	value		5000053c
OBJ 50000540 (sz=24, trace=300176, class=java.util.LinkedList$Entry@50000299)
	element		5000053a
	next		50000547
	previous	50000539
OBJ 50000541 (sz=32, trace=300168, class=java.lang.String@50000036)
	value		50000542
ARR 50000542 (sz=98, trace=300167, nelems=49, elem type=char[])
OBJ 50000543 (sz=24, trace=300170, class=java.util.LinkedList@50000297)
	header		50000544
OBJ 50000544 (sz=24, trace=300172, class=java.util.LinkedList$Entry@50000299)
	next		50000545
	previous	50000545
OBJ 50000545 (sz=24, trace=300173, class=java.util.LinkedList$Entry@50000299)
	element		50000476
	next		50000544
	previous	50000544
OBJ 50000546 (sz=32, trace=300174, class=java.util.HashMap$Entry@50000053)
	key		50000541
	value		50000543
OBJ 50000547 (sz=24, trace=300176, class=java.util.LinkedList$Entry@50000299)
	element		50000541
	next		5000054e
	previous	50000540
OBJ 50000548 (sz=32, trace=300168, class=java.lang.String@50000036)
	value		50000549
ARR 50000549 (sz=110, trace=300167, nelems=55, elem type=char[])
OBJ 5000054a (sz=24, trace=300170, class=java.util.LinkedList@50000297)
	header		5000054b
OBJ 5000054b (sz=24, trace=300172, class=java.util.LinkedList$Entry@50000299)
	next		5000054c
	previous	5000054c
OBJ 5000054c (sz=24, trace=300173, class=java.util.LinkedList$Entry@50000299)
	element		50000476
	next		5000054b
	previous	5000054b
OBJ 5000054d (sz=32, trace=300174, class=java.util.HashMap$Entry@50000053)
	key		50000548
	value		5000054a
OBJ 5000054e (sz=24, trace=300176, class=java.util.LinkedList$Entry@50000299)
	element		50000548
	next		50000555
	previous	50000547
OBJ 5000054f (sz=32, trace=300168, class=java.lang.String@50000036)
	value		50000550
ARR 50000550 (sz=130, trace=300167, nelems=65, elem type=char[])
OBJ 50000551 (sz=24, trace=300170, class=java.util.LinkedList@50000297)
	header		50000552
OBJ 50000552 (sz=24, trace=300172, class=java.util.LinkedList$Entry@50000299)
	next		50000553
	previous	50000553
OBJ 50000553 (sz=24, trace=300173, class=java.util.LinkedList$Entry@50000299)
	element		50000476
	next		50000552
	previous	50000552
OBJ 50000554 (sz=32, trace=300174, class=java.util.HashMap$Entry@50000053)
	key		5000054f
	value		50000551
OBJ 50000555 (sz=24, trace=300176, class=java.util.LinkedList$Entry@50000299)
	element		5000054f
	next		5000055c
	previous	5000054e
OBJ 50000556 (sz=32, trace=300168, class=java.lang.String@50000036)
	value		50000557
ARR 50000557 (sz=158, trace=300167, nelems=79, elem type=char[])
OBJ 50000558 (sz=24, trace=300170, class=java.util.LinkedList@50000297)
	header		50000559
OBJ 50000559 (sz=24, trace=300172, class=java.util.LinkedList$Entry@50000299)
	next		5000055a
	previous	5000055a
OBJ 5000055a (sz=24, trace=300173, class=java.util.LinkedList$Entry@50000299)
	element		50000476
	next		50000559
	previous	50000559
OBJ 5000055b (sz=32, trace=300174, class=java.util.HashMap$Entry@50000053)
	key		50000556
	value		50000558
OBJ 5000055c (sz=24, trace=300176, class=java.util.LinkedList$Entry@50000299)
	element		50000556
	next		50000563
	previous	50000555
OBJ 5000055d (sz=32, trace=300168, class=java.lang.String@50000036)
	value		5000055e
ARR 5000055e (sz=142, trace=300167, nelems=71, elem type=char[])
OBJ 5000055f (sz=24, trace=300170, class=java.util.LinkedList@50000297)
	header		50000560
OBJ 50000560 (sz=24, trace=300172, class=java.util.LinkedList$Entry@50000299)
	next		50000561
	previous	50000561
OBJ 50000561 (sz=24, trace=300173, class=java.util.LinkedList$Entry@50000299)
	element		50000476
	next		50000560
	previous	50000560
OBJ 50000562 (sz=32, trace=300174, class=java.util.HashMap$Entry@50000053)
	key		5000055d
	value		5000055f
OBJ 50000563 (sz=24, trace=300176, class=java.util.LinkedList$Entry@50000299)
	element		5000055d
	next		5000056a
	previous	5000055c
OBJ 50000564 (sz=32, trace=300168, class=java.lang.String@50000036)
	value		50000565
ARR 50000565 (sz=128, trace=300167, nelems=64, elem type=char[])
OBJ 50000566 (sz=24, trace=300170, class=java.util.LinkedList@50000297)
	header		50000567
OBJ 50000567 (sz=24, trace=300172, class=java.util.LinkedList$Entry@50000299)
	next		50000568
	previous	50000568
OBJ 50000568 (sz=24, trace=300173, class=java.util.LinkedList$Entry@50000299)
	element		50000476
	next		50000567
	previous	50000567
OBJ 50000569 (sz=32, trace=300174, class=java.util.HashMap$Entry@50000053)
	key		50000564
	value		50000566
	next		50000546
OBJ 5000056a (sz=24, trace=300176, class=java.util.LinkedList$Entry@50000299)
	element		50000564
	next		50000571
	previous	50000563
OBJ 5000056b (sz=32, trace=300168, class=java.lang.String@50000036)
	value		5000056c
ARR 5000056c (sz=122, trace=300167, nelems=61, elem type=char[])
OBJ 5000056d (sz=24, trace=300170, class=java.util.LinkedList@50000297)
	header		5000056e
OBJ 5000056e (sz=24, trace=300172, class=java.util.LinkedList$Entry@50000299)
	next		5000056f
	previous	5000056f
OBJ 5000056f (sz=24, trace=300173, class=java.util.LinkedList$Entry@50000299)
	element		50000476
	next		5000056e
	previous	5000056e
OBJ 50000570 (sz=32, trace=300174, class=java.util.HashMap$Entry@50000053)
	key		5000056b
	value		5000056d
	next		5000048e
OBJ 50000571 (sz=24, trace=300176, class=java.util.LinkedList$Entry@50000299)
	element		5000056b
	next		50000578
	previous	5000056a
OBJ 50000572 (sz=32, trace=300168, class=java.lang.String@50000036)
	value		50000573
ARR 50000573 (sz=128, trace=300167, nelems=64, elem type=char[])
OBJ 50000574 (sz=24, trace=300170, class=java.util.LinkedList@50000297)
	header		50000575
OBJ 50000575 (sz=24, trace=300172, class=java.util.LinkedList$Entry@50000299)
	next		50000576
	previous	50000576
OBJ 50000576 (sz=24, trace=300173, class=java.util.LinkedList$Entry@50000299)
	element		50000476
	next		50000575
	previous	50000575
OBJ 50000577 (sz=32, trace=300174, class=java.util.HashMap$Entry@50000053)
	key		50000572
	value		50000574
OBJ 50000578 (sz=24, trace=300176, class=java.util.LinkedList$Entry@50000299)
	element		50000572
	next		5000057f
	previous	50000571
OBJ 50000579 (sz=32, trace=300168, class=java.lang.String@50000036)
	value		5000057a
ARR 5000057a (sz=86, trace=300167, nelems=43, elem type=char[])
OBJ 5000057b (sz=24, trace=300170, class=java.util.LinkedList@50000297)
	header		5000057c
OBJ 5000057c (sz=24, trace=300172, class=java.util.LinkedList$Entry@50000299)
	next		5000057d
	previous	5000057d
OBJ 5000057d (sz=24, trace=300173, class=java.util.LinkedList$Entry@50000299)
	element		50000476
	next		5000057c
	previous	5000057c
OBJ 5000057e (sz=32, trace=300174, class=java.util.HashMap$Entry@50000053)
	key		50000579
	value		5000057b
	next		50000570
OBJ 5000057f (sz=24, trace=300176, class=java.util.LinkedList$Entry@50000299)
	element		50000579
	next		50000586
	previous	50000578
OBJ 50000580 (sz=32, trace=300168, class=java.lang.String@50000036)
	value		50000581
ARR 50000581 (sz=98, trace=300167, nelems=49, elem type=char[])
OBJ 50000582 (sz=24, trace=300170, class=java.util.LinkedList@50000297)
	header		50000583
OBJ 50000583 (sz=24, trace=300172, class=java.util.LinkedList$Entry@50000299)
	next		50000584
	previous	50000584
OBJ 50000584 (sz=24, trace=300173, class=java.util.LinkedList$Entry@50000299)
	element		50000476
	next		50000583
	previous	50000583
OBJ 50000585 (sz=32, trace=300174, class=java.util.HashMap$Entry@50000053)
	key		50000580
	value		50000582
OBJ 50000586 (sz=24, trace=300176, class=java.util.LinkedList$Entry@50000299)
	element		50000580
	next		5000058d
	previous	5000057f
OBJ 50000587 (sz=32, trace=300168, class=java.lang.String@50000036)
	value		50000588
ARR 50000588 (sz=106, trace=300167, nelems=53, elem type=char[])
OBJ 50000589 (sz=24, trace=300170, class=java.util.LinkedList@50000297)
	header		5000058a
OBJ 5000058a (sz=24, trace=300172, class=java.util.LinkedList$Entry@50000299)
	next		5000058b
	previous	5000058b
OBJ 5000058b (sz=24, trace=300173, class=java.util.LinkedList$Entry@50000299)
	element		50000476
	next		5000058a
	previous	5000058a
OBJ 5000058c (sz=32, trace=300174, class=java.util.HashMap$Entry@50000053)
	key		50000587
	value		50000589
	next		5000051b
OBJ 5000058d (sz=24, trace=300176, class=java.util.LinkedList$Entry@50000299)
	element		50000587
	next		50000594
	previous	50000586
OBJ 5000058e (sz=32, trace=300168, class=java.lang.String@50000036)
	value		5000058f
ARR 5000058f (sz=46, trace=300167, nelems=23, elem type=char[])
OBJ 50000590 (sz=24, trace=300170, class=java.util.LinkedList@50000297)
	header		50000591
OBJ 50000591 (sz=24, trace=300172, class=java.util.LinkedList$Entry@50000299)
	next		50000592
	previous	50000592
OBJ 50000592 (sz=24, trace=300173, class=java.util.LinkedList$Entry@50000299)
	element		50000476
	next		50000591
	previous	50000591
OBJ 50000593 (sz=32, trace=300174, class=java.util.HashMap$Entry@50000053)
	key		5000058e
	value		50000590
	next		500004d4
OBJ 50000594 (sz=24, trace=300176, class=java.util.LinkedList$Entry@50000299)
	element		5000058e
	next		5000059b
	previous	5000058d
OBJ 50000595 (sz=32, trace=300168, class=java.lang.String@50000036)
	value		50000596
ARR 50000596 (sz=52, trace=300167, nelems=26, elem type=char[])
OBJ 50000597 (sz=24, trace=300170, class=java.util.LinkedList@50000297)
	header		50000598
OBJ 50000598 (sz=24, trace=300172, class=java.util.LinkedList$Entry@50000299)
	next		50000599
	previous	50000599
OBJ 50000599 (sz=24, trace=300173, class=java.util.LinkedList$Entry@50000299)
	element		50000476
	next		50000598
	previous	50000598
OBJ 5000059a (sz=32, trace=300174, class=java.util.HashMap$Entry@50000053)
	key		50000595
	value		50000597
OBJ 5000059b (sz=24, trace=300176, class=java.util.LinkedList$Entry@50000299)
	element		50000595
	next		5000047f
	previous	50000594
OBJ 5000059c (sz=32, trace=300168, class=java.lang.String@50000036)
ARR 5000059d (sz=16, trace=300167, nelems=0, elem type=char[])
OBJ 5000059e (sz=48, trace=300054, class=java.nio.HeapCharBuffer@500000a5)
ARR 5000059f (sz=24, trace=300177, nelems=1, elem type=java.lang.String[]@50000037)
	[0]		50000476
OBJ 500005a0 (sz=64, trace=300178, class=java.net.URL@50000050)
OBJ 500005a1 (sz=24, trace=300179, class=java.lang.StringBuilder@5000004d)
ARR 500005a2 (sz=48, trace=300180, nelems=0, elem type=char[])
OBJ 500005a3 (sz=32, trace=300181, class=java.lang.String@50000036)
ARR 500005a4 (sz=88, trace=300030, nelems=0, elem type=char[])
ARR 500005a5 (sz=160, trace=300030, nelems=0, elem type=char[])
OBJ 500005a6 (sz=32, trace=300182, class=java.lang.String@50000036)
ARR 500005a7 (sz=104, trace=300183, nelems=0, elem type=char[])
OBJ 500005a8 (sz=24, trace=300184, class=java.lang.StringBuilder@5000004d)
ARR 500005a9 (sz=272, trace=300185, nelems=0, elem type=char[])
OBJ 500005aa (sz=32, trace=300186, class=java.lang.String@50000036)
	value		500005ab
ARR 500005ab (sz=102, trace=300012, nelems=51, elem type=char[])
OBJ 500005ac (sz=32, trace=300187, class=java.util.HashMap$Entry@50000053)
	key		500005aa
	value		50000435
OBJ 500005ad (sz=16, trace=300188, class=java.util.HashSet@500000d6)
OBJ 500005ae (sz=48, trace=300189, class=java.util.HashMap@500000cb)
ARR 500005af (sz=80, trace=300190, nelems=0, elem type=java.util.HashMap$Entry[]@50000054)
OBJ 500005b0 (sz=24, trace=300009, class=java.lang.StringBuilder@5000004d)
ARR 500005b1 (sz=272, trace=300010, nelems=0, elem type=char[])
OBJ 500005b2 (sz=32, trace=300011, class=java.lang.String@50000036)
ARR 500005b3 (sz=120, trace=300012, nelems=0, elem type=char[])
OBJ 500005b4 (sz=24, trace=300014, class=sun.misc.URLClassPath$3@50000164)
OBJ 500005b5 (sz=24, trace=300016, class=java.lang.StringBuilder@5000004d)
ARR 500005b6 (sz=48, trace=300017, nelems=0, elem type=char[])
OBJ 500005b7 (sz=24, trace=300026, class=java.lang.StringBuffer@5000005e)
ARR 500005b8 (sz=120, trace=300027, nelems=0, elem type=char[])
OBJ 500005b9 (sz=32, trace=300028, class=java.lang.String@50000036)
ARR 500005ba (sz=120, trace=300029, nelems=0, elem type=char[])
ARR 500005bb (sz=120, trace=300030, nelems=0, elem type=char[])
ARR 500005bc (sz=224, trace=300030, nelems=0, elem type=char[])
OBJ 500005bd (sz=32, trace=300031, class=java.lang.String@50000036)
	value		500005be
ARR 500005be (sz=104, trace=300032, nelems=52, elem type=char[])
OBJ 500005bf (sz=64, trace=300033, class=java.net.URL@50000050)
	protocol	5000357d
	host		500032b6
	file		500005bd
	authority	500032b6
	path		500005bd
	handler		500033f6
OBJ 500005c0 (sz=24, trace=300034, class=java.net.Parts@500000c3)
OBJ 500005c1 (sz=40, trace=300035, class=sun.misc.URLClassPath$JarLoader@50000167)
	base		500005bf
	jar		500005d8
	csu		50003403
	index		500005ef
	handler		500033f6
	lmap		500033f7
OBJ 500005c2 (sz=24, trace=300036, class=java.lang.StringBuilder@5000004d)
ARR 500005c3 (sz=48, trace=300037, nelems=0, elem type=char[])
ARR 500005c4 (sz=88, trace=300038, nelems=0, elem type=char[])
ARR 500005c5 (sz=160, trace=300038, nelems=0, elem type=char[])
OBJ 500005c6 (sz=32, trace=300039, class=java.lang.String@50000036)
ARR 500005c7 (sz=112, trace=300040, nelems=0, elem type=char[])
OBJ 500005c8 (sz=24, trace=300041, class=java.io.File@500000b8)
OBJ 500005c9 (sz=16, trace=300045, class=sun.misc.URLClassPath$JarLoader$1@5000018e)
OBJ 500005ca (sz=24, trace=300047, class=sun.misc.FileURLMapper@50000190)
OBJ 500005cb (sz=24, trace=300048, class=java.lang.StringBuilder@5000004d)
ARR 500005cc (sz=48, trace=300049, nelems=0, elem type=char[])
ARR 500005cd (sz=88, trace=300038, nelems=0, elem type=char[])
ARR 500005ce (sz=160, trace=300038, nelems=0, elem type=char[])
OBJ 500005cf (sz=32, trace=300050, class=java.lang.String@50000036)
	value		500005d0
ARR 500005d0 (sz=90, trace=300040, nelems=45, elem type=char[])
OBJ 500005d1 (sz=24, trace=300051, class=java.io.File@500000b8)
ARR 500005d2 (sz=200, trace=300052, nelems=0, elem type=byte[])
OBJ 500005d3 (sz=48, trace=300053, class=java.nio.HeapByteBuffer@50000087)
OBJ 500005d4 (sz=48, trace=300054, class=java.nio.HeapCharBuffer@500000a5)
ARR 500005d5 (sz=64, trace=300055, nelems=0, elem type=byte[])
OBJ 500005d6 (sz=32, trace=300056, class=java.lang.String@50000036)
OBJ 500005d7 (sz=24, trace=300064, class=java.io.File@500000b8)
OBJ 500005d8 (sz=56, trace=300065, class=java.util.jar.JarFile@500001a0)
	name		500005cf
	inflaters	500005da
OBJ 500005d9 (sz=40, trace=300066, class=java.lang.ref.Finalizer@500000f9)
	referent	500005d8
	queue		500032ae
	next		5000045d
	prev		500005e7
OBJ 500005da (sz=32, trace=300067, class=java.util.Vector@50000004)
	elementData	500005db
ARR 500005db (sz=56, trace=300068, nelems=0, elem type=java.lang.Object[]@500000ac)
ARR 500005dc (sz=200, trace=300069, nelems=0, elem type=byte[])
OBJ 500005dd (sz=48, trace=300053, class=java.nio.HeapByteBuffer@50000087)
OBJ 500005de (sz=48, trace=300054, class=java.nio.HeapCharBuffer@500000a5)
ARR 500005df (sz=64, trace=300055, nelems=0, elem type=byte[])
ARR 500005e0 (sz=200, trace=300070, nelems=0, elem type=byte[])
OBJ 500005e1 (sz=48, trace=300053, class=java.nio.HeapByteBuffer@50000087)
OBJ 500005e2 (sz=48, trace=300054, class=java.nio.HeapCharBuffer@500000a5)
ARR 500005e3 (sz=64, trace=300055, nelems=0, elem type=byte[])
OBJ 500005e4 (sz=64, trace=300120, class=java.util.zip.ZipEntry@5000021b)
OBJ 500005e5 (sz=80, trace=300122, class=java.util.jar.JarFile$JarFileEntry@5000021e)
OBJ 500005e6 (sz=48, trace=300126, class=java.util.zip.ZipFile$ZipFileInputStream@50000223)
	this$0		500005d8
OBJ 500005e7 (sz=40, trace=300066, class=java.lang.ref.Finalizer@500000f9)
	referent	500005e6
	queue		500032ae
	next		500005d9
	prev		500005e9
OBJ 500005e8 (sz=32, trace=300137, class=java.util.zip.Inflater@50000269)
	zsRef		500005ea
	buf		500005ee
OBJ 500005e9 (sz=40, trace=300066, class=java.lang.ref.Finalizer@500000f9)
	referent	500005e8
	queue		500032ae
	next		500005e7
	prev		5000067c
OBJ 500005ea (sz=24, trace=300139, class=java.util.zip.ZStreamRef@5000026d)
OBJ 500005eb (sz=56, trace=300140, class=java.util.zip.ZipFile$1@50000268)
ARR 500005ec (sz=24, trace=300141, nelems=0, elem type=byte[])
ARR 500005ed (sz=528, trace=300142, nelems=0, elem type=byte[])
ARR 500005ee (sz=201, trace=300143, nelems=201, elem type=byte[])
OBJ 500005ef (sz=24, trace=300144, class=sun.misc.JarIndex@500001ee)
	indexMap	500005f0
	jarMap		500005f2
	jarFiles	50000642
OBJ 500005f0 (sz=48, trace=300145, class=java.util.HashMap@500000cb)
	table		500005f1
ARR 500005f1 (sz=80, trace=300146, nelems=16, elem type=java.util.HashMap$Entry[]@50000054)
	[0]		50000628
	[2]		5000063d
	[3]		50000609
	[5]		5000061a
	[12]		50000613
	[13]		50000621
	[14]		50000636
	[15]		5000062f
OBJ 500005f2 (sz=48, trace=300147, class=java.util.HashMap@500000cb)
	table		500005f3
ARR 500005f3 (sz=80, trace=300148, nelems=10, elem type=java.util.HashMap$Entry[]@50000054)
	[9]		5000060d
OBJ 500005f4 (sz=24, trace=300151, class=java.io.InputStreamReader@5000027a)
OBJ 500005f5 (sz=40, trace=300158, class=sun.nio.cs.UTF_8$Decoder@50000281)
OBJ 500005f6 (sz=48, trace=300160, class=sun.nio.cs.StreamDecoder@5000027c)
ARR 500005f7 (sz=8208, trace=300161, nelems=0, elem type=byte[])
OBJ 500005f8 (sz=48, trace=300162, class=java.nio.HeapByteBuffer@50000087)
OBJ 500005f9 (sz=48, trace=300163, class=java.io.BufferedReader@50000279)
ARR 500005fa (sz=16400, trace=300164, nelems=0, elem type=char[])
OBJ 500005fb (sz=32, trace=300067, class=java.util.Vector@50000004)
ARR 500005fc (sz=56, trace=300165, nelems=0, elem type=java.lang.Object[]@500000ac)
OBJ 500005fd (sz=48, trace=300054, class=java.nio.HeapCharBuffer@500000a5)
OBJ 500005fe (sz=32, trace=300166, class=java.lang.String@50000036)
ARR 500005ff (sz=64, trace=300167, nelems=0, elem type=char[])
OBJ 50000600 (sz=32, trace=300166, class=java.lang.String@50000036)
ARR 50000601 (sz=16, trace=300167, nelems=0, elem type=char[])
OBJ 50000602 (sz=32, trace=300166, class=java.lang.String@50000036)
	value		50000603
ARR 50000603 (sz=26, trace=300167, nelems=13, elem type=char[])
OBJ 50000604 (sz=32, trace=300168, class=java.lang.String@50000036)
	value		50000605
ARR 50000605 (sz=6, trace=300167, nelems=3, elem type=char[])
OBJ 50000606 (sz=24, trace=300170, class=java.util.LinkedList@50000297)
	header		50000607
OBJ 50000607 (sz=24, trace=300172, class=java.util.LinkedList$Entry@50000299)
	next		50000608
	previous	50000608
OBJ 50000608 (sz=24, trace=300173, class=java.util.LinkedList$Entry@50000299)
	element		50000602
	next		50000607
	previous	50000607
OBJ 50000609 (sz=32, trace=300174, class=java.util.HashMap$Entry@50000053)
	key		50000604
	value		50000606
OBJ 5000060a (sz=24, trace=300170, class=java.util.LinkedList@50000297)
	header		5000060b
OBJ 5000060b (sz=24, trace=300175, class=java.util.LinkedList$Entry@50000299)
	next		5000060c
	previous	5000063e
OBJ 5000060c (sz=24, trace=300173, class=java.util.LinkedList$Entry@50000299)
	element		50000604
	next		50000614
	previous	5000060b
OBJ 5000060d (sz=32, trace=300174, class=java.util.HashMap$Entry@50000053)
	key		50000602
	value		5000060a
OBJ 5000060e (sz=32, trace=300168, class=java.lang.String@50000036)
	value		5000060f
ARR 5000060f (sz=14, trace=300167, nelems=7, elem type=char[])
OBJ 50000610 (sz=24, trace=300170, class=java.util.LinkedList@50000297)
	header		50000611
OBJ 50000611 (sz=24, trace=300172, class=java.util.LinkedList$Entry@50000299)
	next		50000612
	previous	50000612
OBJ 50000612 (sz=24, trace=300173, class=java.util.LinkedList$Entry@50000299)
	element		50000602
	next		50000611
	previous	50000611
OBJ 50000613 (sz=32, trace=300174, class=java.util.HashMap$Entry@50000053)
	key		5000060e
	value		50000610
OBJ 50000614 (sz=24, trace=300176, class=java.util.LinkedList$Entry@50000299)
	element		5000060e
	next		5000061b
	previous	5000060c
OBJ 50000615 (sz=32, trace=300168, class=java.lang.String@50000036)
	value		50000616
ARR 50000616 (sz=26, trace=300167, nelems=13, elem type=char[])
OBJ 50000617 (sz=24, trace=300170, class=java.util.LinkedList@50000297)
	header		50000618
OBJ 50000618 (sz=24, trace=300172, class=java.util.LinkedList$Entry@50000299)
	next		50000619
	previous	50000619
OBJ 50000619 (sz=24, trace=300173, class=java.util.LinkedList$Entry@50000299)
	element		50000602
	next		50000618
	previous	50000618
OBJ 5000061a (sz=32, trace=300174, class=java.util.HashMap$Entry@50000053)
	key		50000615
	value		50000617
OBJ 5000061b (sz=24, trace=300176, class=java.util.LinkedList$Entry@50000299)
	element		50000615
	next		50000622
	previous	50000614
OBJ 5000061c (sz=32, trace=300168, class=java.lang.String@50000036)
	value		5000061d
ARR 5000061d (sz=34, trace=300167, nelems=17, elem type=char[])
OBJ 5000061e (sz=24, trace=300170, class=java.util.LinkedList@50000297)
	header		5000061f
OBJ 5000061f (sz=24, trace=300172, class=java.util.LinkedList$Entry@50000299)
	next		50000620
	previous	50000620
OBJ 50000620 (sz=24, trace=300173, class=java.util.LinkedList$Entry@50000299)
	element		50000602
	next		5000061f
	previous	5000061f
OBJ 50000621 (sz=32, trace=300174, class=java.util.HashMap$Entry@50000053)
	key		5000061c
	value		5000061e
OBJ 50000622 (sz=24, trace=300176, class=java.util.LinkedList$Entry@50000299)
	element		5000061c
	next		50000629
	previous	5000061b
OBJ 50000623 (sz=32, trace=300168, class=java.lang.String@50000036)
	value		50000624
ARR 50000624 (sz=46, trace=300167, nelems=23, elem type=char[])
OBJ 50000625 (sz=24, trace=300170, class=java.util.LinkedList@50000297)
	header		50000626
OBJ 50000626 (sz=24, trace=300172, class=java.util.LinkedList$Entry@50000299)
	next		50000627
	previous	50000627
OBJ 50000627 (sz=24, trace=300173, class=java.util.LinkedList$Entry@50000299)
	element		50000602
	next		50000626
	previous	50000626
OBJ 50000628 (sz=32, trace=300174, class=java.util.HashMap$Entry@50000053)
	key		50000623
	value		50000625
OBJ 50000629 (sz=24, trace=300176, class=java.util.LinkedList$Entry@50000299)
	element		50000623
	next		50000630
	previous	50000622
OBJ 5000062a (sz=32, trace=300168, class=java.lang.String@50000036)
	value		5000062b
ARR 5000062b (sz=54, trace=300167, nelems=27, elem type=char[])
OBJ 5000062c (sz=24, trace=300170, class=java.util.LinkedList@50000297)
	header		5000062d
OBJ 5000062d (sz=24, trace=300172, class=java.util.LinkedList$Entry@50000299)
	next		5000062e
	previous	5000062e
OBJ 5000062e (sz=24, trace=300173, class=java.util.LinkedList$Entry@50000299)
	element		50000602
	next		5000062d
	previous	5000062d
OBJ 5000062f (sz=32, trace=300174, class=java.util.HashMap$Entry@50000053)
	key		5000062a
	value		5000062c
OBJ 50000630 (sz=24, trace=300176, class=java.util.LinkedList$Entry@50000299)
	element		5000062a
	next		50000637
	previous	50000629
OBJ 50000631 (sz=32, trace=300168, class=java.lang.String@50000036)
	value		50000632
ARR 50000632 (sz=62, trace=300167, nelems=31, elem type=char[])
OBJ 50000633 (sz=24, trace=300170, class=java.util.LinkedList@50000297)
	header		50000634
OBJ 50000634 (sz=24, trace=300172, class=java.util.LinkedList$Entry@50000299)
	next		50000635
	previous	50000635
OBJ 50000635 (sz=24, trace=300173, class=java.util.LinkedList$Entry@50000299)
	element		50000602
	next		50000634
	previous	50000634
OBJ 50000636 (sz=32, trace=300174, class=java.util.HashMap$Entry@50000053)
	key		50000631
	value		50000633
OBJ 50000637 (sz=24, trace=300176, class=java.util.LinkedList$Entry@50000299)
	element		50000631
	next		5000063e
	previous	50000630
OBJ 50000638 (sz=32, trace=300168, class=java.lang.String@50000036)
	value		50000639
ARR 50000639 (sz=64, trace=300167, nelems=32, elem type=char[])
OBJ 5000063a (sz=24, trace=300170, class=java.util.LinkedList@50000297)
	header		5000063b
OBJ 5000063b (sz=24, trace=300172, class=java.util.LinkedList$Entry@50000299)
	next		5000063c
	previous	5000063c
OBJ 5000063c (sz=24, trace=300173, class=java.util.LinkedList$Entry@50000299)
	element		50000602
	next		5000063b
	previous	5000063b
OBJ 5000063d (sz=32, trace=300174, class=java.util.HashMap$Entry@50000053)
	key		50000638
	value		5000063a
OBJ 5000063e (sz=24, trace=300176, class=java.util.LinkedList$Entry@50000299)
	element		50000638
	next		5000060b
	previous	50000637
OBJ 5000063f (sz=32, trace=300168, class=java.lang.String@50000036)
ARR 50000640 (sz=16, trace=300167, nelems=0, elem type=char[])
OBJ 50000641 (sz=48, trace=300054, class=java.nio.HeapCharBuffer@500000a5)
ARR 50000642 (sz=24, trace=300177, nelems=1, elem type=java.lang.String[]@50000037)
	[0]		50000602
OBJ 50000643 (sz=64, trace=300178, class=java.net.URL@50000050)
OBJ 50000644 (sz=24, trace=300179, class=java.lang.StringBuilder@5000004d)
ARR 50000645 (sz=48, trace=300180, nelems=0, elem type=char[])
OBJ 50000646 (sz=32, trace=300181, class=java.lang.String@50000036)
ARR 50000647 (sz=88, trace=300030, nelems=0, elem type=char[])
ARR 50000648 (sz=160, trace=300030, nelems=0, elem type=char[])
OBJ 50000649 (sz=32, trace=300182, class=java.lang.String@50000036)
ARR 5000064a (sz=112, trace=300183, nelems=0, elem type=char[])
OBJ 5000064b (sz=24, trace=300184, class=java.lang.StringBuilder@5000004d)
ARR 5000064c (sz=272, trace=300185, nelems=0, elem type=char[])
OBJ 5000064d (sz=32, trace=300186, class=java.lang.String@50000036)
	value		5000064e
ARR 5000064e (sz=104, trace=300012, nelems=52, elem type=char[])
OBJ 5000064f (sz=32, trace=300187, class=java.util.HashMap$Entry@50000053)
	key		5000064d
	value		500005c1
OBJ 50000650 (sz=16, trace=300188, class=java.util.HashSet@500000d6)
OBJ 50000651 (sz=48, trace=300189, class=java.util.HashMap@500000cb)
ARR 50000652 (sz=80, trace=300190, nelems=0, elem type=java.util.HashMap$Entry[]@50000054)
OBJ 50000653 (sz=24, trace=300009, class=java.lang.StringBuilder@5000004d)
ARR 50000654 (sz=272, trace=300010, nelems=0, elem type=char[])
OBJ 50000655 (sz=32, trace=300011, class=java.lang.String@50000036)
ARR 50000656 (sz=120, trace=300012, nelems=0, elem type=char[])
OBJ 50000657 (sz=24, trace=300014, class=sun.misc.URLClassPath$3@50000164)
OBJ 50000658 (sz=24, trace=300016, class=java.lang.StringBuilder@5000004d)
ARR 50000659 (sz=48, trace=300017, nelems=0, elem type=char[])
OBJ 5000065a (sz=24, trace=300026, class=java.lang.StringBuffer@5000005e)
ARR 5000065b (sz=120, trace=300027, nelems=0, elem type=char[])
OBJ 5000065c (sz=32, trace=300028, class=java.lang.String@50000036)
ARR 5000065d (sz=120, trace=300029, nelems=0, elem type=char[])
ARR 5000065e (sz=120, trace=300030, nelems=0, elem type=char[])
ARR 5000065f (sz=216, trace=300030, nelems=0, elem type=char[])
OBJ 50000660 (sz=32, trace=300031, class=java.lang.String@50000036)
	value		50000661
ARR 50000661 (sz=102, trace=300032, nelems=51, elem type=char[])
OBJ 50000662 (sz=64, trace=300033, class=java.net.URL@50000050)
	protocol	5000357d
	host		500032b6
	file		50000660
	authority	500032b6
	path		50000660
	handler		500033f6
OBJ 50000663 (sz=24, trace=300034, class=java.net.Parts@500000c3)
OBJ 50000664 (sz=40, trace=300035, class=sun.misc.URLClassPath$JarLoader@50000167)
	base		50000662
	jar		5000067b
	csu		50003404
	index		50000694
	handler		500033f6
	lmap		500033f7
OBJ 50000665 (sz=24, trace=300036, class=java.lang.StringBuilder@5000004d)
ARR 50000666 (sz=48, trace=300037, nelems=0, elem type=char[])
ARR 50000667 (sz=88, trace=300038, nelems=0, elem type=char[])
ARR 50000668 (sz=160, trace=300038, nelems=0, elem type=char[])
OBJ 50000669 (sz=32, trace=300039, class=java.lang.String@50000036)
ARR 5000066a (sz=104, trace=300040, nelems=0, elem type=char[])
OBJ 5000066b (sz=24, trace=300041, class=java.io.File@500000b8)
OBJ 5000066c (sz=16, trace=300045, class=sun.misc.URLClassPath$JarLoader$1@5000018e)
OBJ 5000066d (sz=24, trace=300047, class=sun.misc.FileURLMapper@50000190)
OBJ 5000066e (sz=24, trace=300048, class=java.lang.StringBuilder@5000004d)
ARR 5000066f (sz=48, trace=300049, nelems=0, elem type=char[])
ARR 50000670 (sz=88, trace=300038, nelems=0, elem type=char[])
ARR 50000671 (sz=160, trace=300038, nelems=0, elem type=char[])
OBJ 50000672 (sz=32, trace=300050, class=java.lang.String@50000036)
	value		50000673
ARR 50000673 (sz=88, trace=300040, nelems=44, elem type=char[])
OBJ 50000674 (sz=24, trace=300051, class=java.io.File@500000b8)
ARR 50000675 (sz=192, trace=300052, nelems=0, elem type=byte[])
OBJ 50000676 (sz=48, trace=300053, class=java.nio.HeapByteBuffer@50000087)
OBJ 50000677 (sz=48, trace=300054, class=java.nio.HeapCharBuffer@500000a5)
ARR 50000678 (sz=64, trace=300055, nelems=0, elem type=byte[])
OBJ 50000679 (sz=32, trace=300056, class=java.lang.String@50000036)
OBJ 5000067a (sz=24, trace=300064, class=java.io.File@500000b8)
OBJ 5000067b (sz=56, trace=300065, class=java.util.jar.JarFile@500001a0)
	name		50000672
	inflaters	5000067d
OBJ 5000067c (sz=40, trace=300066, class=java.lang.ref.Finalizer@500000f9)
	referent	5000067b
	queue		500032ae
	next		500005e9
	prev		5000068c
OBJ 5000067d (sz=32, trace=300067, class=java.util.Vector@50000004)
	elementData	5000067e
ARR 5000067e (sz=56, trace=300068, nelems=0, elem type=java.lang.Object[]@500000ac)
ARR 5000067f (sz=192, trace=300069, nelems=0, elem type=byte[])
OBJ 50000680 (sz=48, trace=300053, class=java.nio.HeapByteBuffer@50000087)
OBJ 50000681 (sz=48, trace=300054, class=java.nio.HeapCharBuffer@500000a5)
ARR 50000682 (sz=64, trace=300055, nelems=0, elem type=byte[])
ARR 50000683 (sz=192, trace=300070, nelems=0, elem type=byte[])
OBJ 50000684 (sz=48, trace=300053, class=java.nio.HeapByteBuffer@50000087)
OBJ 50000685 (sz=48, trace=300054, class=java.nio.HeapCharBuffer@500000a5)
ARR 50000686 (sz=64, trace=300055, nelems=0, elem type=byte[])
OBJ 50000687 (sz=64, trace=300120, class=java.util.zip.ZipEntry@5000021b)
OBJ 50000688 (sz=80, trace=300122, class=java.util.jar.JarFile$JarFileEntry@5000021e)
ARR 50000689 (sz=104, trace=300132, nelems=0, elem type=char[])
OBJ 5000068a (sz=32, trace=300133, class=java.lang.String@50000036)
OBJ 5000068b (sz=48, trace=300126, class=java.util.zip.ZipFile$ZipFileInputStream@50000223)
	this$0		5000067b
OBJ 5000068c (sz=40, trace=300066, class=java.lang.ref.Finalizer@500000f9)
	referent	5000068b
	queue		500032ae
	next		5000067c
	prev		5000068e
OBJ 5000068d (sz=32, trace=300137, class=java.util.zip.Inflater@50000269)
	zsRef		5000068f
	buf		50000693
OBJ 5000068e (sz=40, trace=300066, class=java.lang.ref.Finalizer@500000f9)
	referent	5000068d
	queue		500032ae
	next		5000068c
	prev		50000784
OBJ 5000068f (sz=24, trace=300139, class=java.util.zip.ZStreamRef@5000026d)
OBJ 50000690 (sz=56, trace=300140, class=java.util.zip.ZipFile$1@50000268)
ARR 50000691 (sz=24, trace=300141, nelems=0, elem type=byte[])
ARR 50000692 (sz=528, trace=300142, nelems=0, elem type=byte[])
ARR 50000693 (sz=484, trace=300143, nelems=484, elem type=byte[])
OBJ 50000694 (sz=24, trace=300144, class=sun.misc.JarIndex@500001ee)
	indexMap	50000695
	jarMap		50000697
	jarFiles	5000074a
OBJ 50000695 (sz=48, trace=300145, class=java.util.HashMap@500000cb)
	table		50000706
ARR 50000696 (sz=80, trace=300146, nelems=0, elem type=java.util.HashMap$Entry[]@50000054)
OBJ 50000697 (sz=48, trace=300147, class=java.util.HashMap@500000cb)
	table		50000698
ARR 50000698 (sz=80, trace=300148, nelems=14, elem type=java.util.HashMap$Entry[]@50000054)
	[13]		500006b2
OBJ 50000699 (sz=24, trace=300151, class=java.io.InputStreamReader@5000027a)
OBJ 5000069a (sz=40, trace=300158, class=sun.nio.cs.UTF_8$Decoder@50000281)
OBJ 5000069b (sz=48, trace=300160, class=sun.nio.cs.StreamDecoder@5000027c)
ARR 5000069c (sz=8208, trace=300161, nelems=0, elem type=byte[])
OBJ 5000069d (sz=48, trace=300162, class=java.nio.HeapByteBuffer@50000087)
OBJ 5000069e (sz=48, trace=300163, class=java.io.BufferedReader@50000279)
ARR 5000069f (sz=16400, trace=300164, nelems=0, elem type=char[])
OBJ 500006a0 (sz=32, trace=300067, class=java.util.Vector@50000004)
ARR 500006a1 (sz=56, trace=300165, nelems=0, elem type=java.lang.Object[]@500000ac)
OBJ 500006a2 (sz=48, trace=300054, class=java.nio.HeapCharBuffer@500000a5)
OBJ 500006a3 (sz=32, trace=300166, class=java.lang.String@50000036)
ARR 500006a4 (sz=64, trace=300167, nelems=0, elem type=char[])
OBJ 500006a5 (sz=32, trace=300166, class=java.lang.String@50000036)
ARR 500006a6 (sz=16, trace=300167, nelems=0, elem type=char[])
OBJ 500006a7 (sz=32, trace=300166, class=java.lang.String@50000036)
	value		500006a8
ARR 500006a8 (sz=24, trace=300167, nelems=12, elem type=char[])
OBJ 500006a9 (sz=32, trace=300168, class=java.lang.String@50000036)
	value		500006aa
ARR 500006aa (sz=6, trace=300167, nelems=3, elem type=char[])
OBJ 500006ab (sz=24, trace=300170, class=java.util.LinkedList@50000297)
	header		500006ac
OBJ 500006ac (sz=24, trace=300172, class=java.util.LinkedList$Entry@50000299)
	next		500006ad
	previous	500006ad
OBJ 500006ad (sz=24, trace=300173, class=java.util.LinkedList$Entry@50000299)
	element		500006a7
	next		500006ac
	previous	500006ac
OBJ 500006ae (sz=32, trace=300174, class=java.util.HashMap$Entry@50000053)
	key		500006a9
	value		500006ab
OBJ 500006af (sz=24, trace=300170, class=java.util.LinkedList@50000297)
	header		500006b0
OBJ 500006b0 (sz=24, trace=300175, class=java.util.LinkedList$Entry@50000299)
	next		500006b1
	previous	50000746
OBJ 500006b1 (sz=24, trace=300173, class=java.util.LinkedList$Entry@50000299)
	element		500006a9
	next		500006b9
	previous	500006b0
OBJ 500006b2 (sz=32, trace=300174, class=java.util.HashMap$Entry@50000053)
	key		500006a7
	value		500006af
OBJ 500006b3 (sz=32, trace=300168, class=java.lang.String@50000036)
	value		500006b4
ARR 500006b4 (sz=14, trace=300167, nelems=7, elem type=char[])
OBJ 500006b5 (sz=24, trace=300170, class=java.util.LinkedList@50000297)
	header		500006b6
OBJ 500006b6 (sz=24, trace=300172, class=java.util.LinkedList$Entry@50000299)
	next		500006b7
	previous	500006b7
OBJ 500006b7 (sz=24, trace=300173, class=java.util.LinkedList$Entry@50000299)
	element		500006a7
	next		500006b6
	previous	500006b6
OBJ 500006b8 (sz=32, trace=300174, class=java.util.HashMap$Entry@50000053)
	key		500006b3
	value		500006b5
OBJ 500006b9 (sz=24, trace=300176, class=java.util.LinkedList$Entry@50000299)
	element		500006b3
	next		500006c0
	previous	500006b1
OBJ 500006ba (sz=32, trace=300168, class=java.lang.String@50000036)
	value		500006bb
ARR 500006bb (sz=26, trace=300167, nelems=13, elem type=char[])
OBJ 500006bc (sz=24, trace=300170, class=java.util.LinkedList@50000297)
	header		500006bd
OBJ 500006bd (sz=24, trace=300172, class=java.util.LinkedList$Entry@50000299)
	next		500006be
	previous	500006be
OBJ 500006be (sz=24, trace=300173, class=java.util.LinkedList$Entry@50000299)
	element		500006a7
	next		500006bd
	previous	500006bd
OBJ 500006bf (sz=32, trace=300174, class=java.util.HashMap$Entry@50000053)
	key		500006ba
	value		500006bc
OBJ 500006c0 (sz=24, trace=300176, class=java.util.LinkedList$Entry@50000299)
	element		500006ba
	next		500006c7
	previous	500006b9
OBJ 500006c1 (sz=32, trace=300168, class=java.lang.String@50000036)
	value		500006c2
ARR 500006c2 (sz=34, trace=300167, nelems=17, elem type=char[])
OBJ 500006c3 (sz=24, trace=300170, class=java.util.LinkedList@50000297)
	header		500006c4
OBJ 500006c4 (sz=24, trace=300172, class=java.util.LinkedList$Entry@50000299)
	next		500006c5
	previous	500006c5
OBJ 500006c5 (sz=24, trace=300173, class=java.util.LinkedList$Entry@50000299)
	element		500006a7
	next		500006c4
	previous	500006c4
OBJ 500006c6 (sz=32, trace=300174, class=java.util.HashMap$Entry@50000053)
	key		500006c1
	value		500006c3
OBJ 500006c7 (sz=24, trace=300176, class=java.util.LinkedList$Entry@50000299)
	element		500006c1
	next		500006ce
	previous	500006c0
OBJ 500006c8 (sz=32, trace=300168, class=java.lang.String@50000036)
	value		500006c9
ARR 500006c9 (sz=52, trace=300167, nelems=26, elem type=char[])
OBJ 500006ca (sz=24, trace=300170, class=java.util.LinkedList@50000297)
	header		500006cb
OBJ 500006cb (sz=24, trace=300172, class=java.util.LinkedList$Entry@50000299)
	next		500006cc
	previous	500006cc
OBJ 500006cc (sz=24, trace=300173, class=java.util.LinkedList$Entry@50000299)
	element		500006a7
	next		500006cb
	previous	500006cb
OBJ 500006cd (sz=32, trace=300174, class=java.util.HashMap$Entry@50000053)
	key		500006c8
	value		500006ca
OBJ 500006ce (sz=24, trace=300176, class=java.util.LinkedList$Entry@50000299)
	element		500006c8
	next		500006d5
	previous	500006c7
OBJ 500006cf (sz=32, trace=300168, class=java.lang.String@50000036)
	value		500006d0
ARR 500006d0 (sz=44, trace=300167, nelems=22, elem type=char[])
OBJ 500006d1 (sz=24, trace=300170, class=java.util.LinkedList@50000297)
	header		500006d2
OBJ 500006d2 (sz=24, trace=300172, class=java.util.LinkedList$Entry@50000299)
	next		500006d3
	previous	500006d3
OBJ 500006d3 (sz=24, trace=300173, class=java.util.LinkedList$Entry@50000299)
	element		500006a7
	next		500006d2
	previous	500006d2
OBJ 500006d4 (sz=32, trace=300174, class=java.util.HashMap$Entry@50000053)
	key		500006cf
	value		500006d1
OBJ 500006d5 (sz=24, trace=300176, class=java.util.LinkedList$Entry@50000299)
	element		500006cf
	next		500006dc
	previous	500006ce
OBJ 500006d6 (sz=32, trace=300168, class=java.lang.String@50000036)
	value		500006d7
ARR 500006d7 (sz=50, trace=300167, nelems=25, elem type=char[])
OBJ 500006d8 (sz=24, trace=300170, class=java.util.LinkedList@50000297)
	header		500006d9
OBJ 500006d9 (sz=24, trace=300172, class=java.util.LinkedList$Entry@50000299)
	next		500006da
	previous	500006da
OBJ 500006da (sz=24, trace=300173, class=java.util.LinkedList$Entry@50000299)
	element		500006a7
	next		500006d9
	previous	500006d9
OBJ 500006db (sz=32, trace=300174, class=java.util.HashMap$Entry@50000053)
	key		500006d6
	value		500006d8
OBJ 500006dc (sz=24, trace=300176, class=java.util.LinkedList$Entry@50000299)
	element		500006d6
	next		500006e3
	previous	500006d5
OBJ 500006dd (sz=32, trace=300168, class=java.lang.String@50000036)
	value		500006de
ARR 500006de (sz=48, trace=300167, nelems=24, elem type=char[])
OBJ 500006df (sz=24, trace=300170, class=java.util.LinkedList@50000297)
	header		500006e0
OBJ 500006e0 (sz=24, trace=300172, class=java.util.LinkedList$Entry@50000299)
	next		500006e1
	previous	500006e1
OBJ 500006e1 (sz=24, trace=300173, class=java.util.LinkedList$Entry@50000299)
	element		500006a7
	next		500006e0
	previous	500006e0
OBJ 500006e2 (sz=32, trace=300174, class=java.util.HashMap$Entry@50000053)
	key		500006dd
	value		500006df
	next		50000705
OBJ 500006e3 (sz=24, trace=300176, class=java.util.LinkedList$Entry@50000299)
	element		500006dd
	next		500006ea
	previous	500006dc
OBJ 500006e4 (sz=32, trace=300168, class=java.lang.String@50000036)
	value		500006e5
ARR 500006e5 (sz=42, trace=300167, nelems=21, elem type=char[])
OBJ 500006e6 (sz=24, trace=300170, class=java.util.LinkedList@50000297)
	header		500006e7
OBJ 500006e7 (sz=24, trace=300172, class=java.util.LinkedList$Entry@50000299)
	next		500006e8
	previous	500006e8
OBJ 500006e8 (sz=24, trace=300173, class=java.util.LinkedList$Entry@50000299)
	element		500006a7
	next		500006e7
	previous	500006e7
OBJ 500006e9 (sz=32, trace=300174, class=java.util.HashMap$Entry@50000053)
	key		500006e4
	value		500006e6
OBJ 500006ea (sz=24, trace=300176, class=java.util.LinkedList$Entry@50000299)
	element		500006e4
	next		500006f1
	previous	500006e3
OBJ 500006eb (sz=32, trace=300168, class=java.lang.String@50000036)
	value		500006ec
ARR 500006ec (sz=54, trace=300167, nelems=27, elem type=char[])
OBJ 500006ed (sz=24, trace=300170, class=java.util.LinkedList@50000297)
	header		500006ee
OBJ 500006ee (sz=24, trace=300172, class=java.util.LinkedList$Entry@50000299)
	next		500006ef
	previous	500006ef
OBJ 500006ef (sz=24, trace=300173, class=java.util.LinkedList$Entry@50000299)
	element		500006a7
	next		500006ee
	previous	500006ee
OBJ 500006f0 (sz=32, trace=300174, class=java.util.HashMap$Entry@50000053)
	key		500006eb
	value		500006ed
OBJ 500006f1 (sz=24, trace=300176, class=java.util.LinkedList$Entry@50000299)
	element		500006eb
	next		500006f8
	previous	500006ea
OBJ 500006f2 (sz=32, trace=300168, class=java.lang.String@50000036)
	value		500006f3
ARR 500006f3 (sz=44, trace=300167, nelems=22, elem type=char[])
OBJ 500006f4 (sz=24, trace=300170, class=java.util.LinkedList@50000297)
	header		500006f5
OBJ 500006f5 (sz=24, trace=300172, class=java.util.LinkedList$Entry@50000299)
	next		500006f6
	previous	500006f6
OBJ 500006f6 (sz=24, trace=300173, class=java.util.LinkedList$Entry@50000299)
	element		500006a7
	next		500006f5
	previous	500006f5
OBJ 500006f7 (sz=32, trace=300174, class=java.util.HashMap$Entry@50000053)
	key		500006f2
	value		500006f4
OBJ 500006f8 (sz=24, trace=300176, class=java.util.LinkedList$Entry@50000299)
	element		500006f2
	next		500006ff
	previous	500006f1
OBJ 500006f9 (sz=32, trace=300168, class=java.lang.String@50000036)
	value		500006fa
ARR 500006fa (sz=48, trace=300167, nelems=24, elem type=char[])
OBJ 500006fb (sz=24, trace=300170, class=java.util.LinkedList@50000297)
	header		500006fc
OBJ 500006fc (sz=24, trace=300172, class=java.util.LinkedList$Entry@50000299)
	next		500006fd
	previous	500006fd
OBJ 500006fd (sz=24, trace=300173, class=java.util.LinkedList$Entry@50000299)
	element		500006a7
	next		500006fc
	previous	500006fc
OBJ 500006fe (sz=32, trace=300174, class=java.util.HashMap$Entry@50000053)
	key		500006f9
	value		500006fb
OBJ 500006ff (sz=24, trace=300176, class=java.util.LinkedList$Entry@50000299)
	element		500006f9
	next		50000707
	previous	500006f8
OBJ 50000700 (sz=32, trace=300168, class=java.lang.String@50000036)
	value		50000701
ARR 50000701 (sz=10, trace=300167, nelems=5, elem type=char[])
OBJ 50000702 (sz=24, trace=300170, class=java.util.LinkedList@50000297)
	header		50000703
OBJ 50000703 (sz=24, trace=300172, class=java.util.LinkedList$Entry@50000299)
	next		50000704
	previous	50000704
OBJ 50000704 (sz=24, trace=300173, class=java.util.LinkedList$Entry@50000299)
	element		500006a7
	next		50000703
	previous	50000703
OBJ 50000705 (sz=32, trace=300174, class=java.util.HashMap$Entry@50000053)
	key		50000700
	value		50000702
ARR 50000706 (sz=144, trace=300191, nelems=31, elem type=java.util.HashMap$Entry[]@50000054)
	[0]		500006f0
	[1]		50000730
	[3]		5000073e
	[4]		500006e9
	[5]		500006bf
	[6]		50000714
	[7]		500006fe
	[8]		5000071b
	[11]		500006d4
	[12]		500006b8
	[13]		500006c6
	[18]		500006cd
	[20]		500006db
	[21]		5000070d
	[22]		50000722
	[25]		50000729
	[27]		500006f7
	[29]		50000737
	[30]		50000745
OBJ 50000707 (sz=24, trace=300176, class=java.util.LinkedList$Entry@50000299)
	element		50000700
	next		5000070e
	previous	500006ff
OBJ 50000708 (sz=32, trace=300168, class=java.lang.String@50000036)
	value		50000709
ARR 50000709 (sz=22, trace=300167, nelems=11, elem type=char[])
OBJ 5000070a (sz=24, trace=300170, class=java.util.LinkedList@50000297)
	header		5000070b
OBJ 5000070b (sz=24, trace=300172, class=java.util.LinkedList$Entry@50000299)
	next		5000070c
	previous	5000070c
OBJ 5000070c (sz=24, trace=300173, class=java.util.LinkedList$Entry@50000299)
	element		500006a7
	next		5000070b
	previous	5000070b
OBJ 5000070d (sz=32, trace=300174, class=java.util.HashMap$Entry@50000053)
	key		50000708
	value		5000070a
OBJ 5000070e (sz=24, trace=300176, class=java.util.LinkedList$Entry@50000299)
	element		50000708
	next		50000715
	previous	50000707
OBJ 5000070f (sz=32, trace=300168, class=java.lang.String@50000036)
	value		50000710
ARR 50000710 (sz=30, trace=300167, nelems=15, elem type=char[])
OBJ 50000711 (sz=24, trace=300170, class=java.util.LinkedList@50000297)
	header		50000712
OBJ 50000712 (sz=24, trace=300172, class=java.util.LinkedList$Entry@50000299)
	next		50000713
	previous	50000713
OBJ 50000713 (sz=24, trace=300173, class=java.util.LinkedList$Entry@50000299)
	element		500006a7
	next		50000712
	previous	50000712
OBJ 50000714 (sz=32, trace=300174, class=java.util.HashMap$Entry@50000053)
	key		5000070f
	value		50000711
OBJ 50000715 (sz=24, trace=300176, class=java.util.LinkedList$Entry@50000299)
	element		5000070f
	next		5000071c
	previous	5000070e
OBJ 50000716 (sz=32, trace=300168, class=java.lang.String@50000036)
	value		50000717
ARR 50000717 (sz=48, trace=300167, nelems=24, elem type=char[])
OBJ 50000718 (sz=24, trace=300170, class=java.util.LinkedList@50000297)
	header		50000719
OBJ 50000719 (sz=24, trace=300172, class=java.util.LinkedList$Entry@50000299)
	next		5000071a
	previous	5000071a
OBJ 5000071a (sz=24, trace=300173, class=java.util.LinkedList$Entry@50000299)
	element		500006a7
	next		50000719
	previous	50000719
OBJ 5000071b (sz=32, trace=300174, class=java.util.HashMap$Entry@50000053)
	key		50000716
	value		50000718
OBJ 5000071c (sz=24, trace=300176, class=java.util.LinkedList$Entry@50000299)
	element		50000716
	next		50000723
	previous	50000715
OBJ 5000071d (sz=32, trace=300168, class=java.lang.String@50000036)
	value		5000071e
ARR 5000071e (sz=48, trace=300167, nelems=24, elem type=char[])
OBJ 5000071f (sz=24, trace=300170, class=java.util.LinkedList@50000297)
	header		50000720
OBJ 50000720 (sz=24, trace=300172, class=java.util.LinkedList$Entry@50000299)
	next		50000721
	previous	50000721
OBJ 50000721 (sz=24, trace=300173, class=java.util.LinkedList$Entry@50000299)
	element		500006a7
	next		50000720
	previous	50000720
OBJ 50000722 (sz=32, trace=300174, class=java.util.HashMap$Entry@50000053)
	key		5000071d
	value		5000071f
	next		500006e2
OBJ 50000723 (sz=24, trace=300176, class=java.util.LinkedList$Entry@50000299)
	element		5000071d
	next		5000072a
	previous	5000071c
OBJ 50000724 (sz=32, trace=300168, class=java.lang.String@50000036)
	value		50000725
ARR 50000725 (sz=48, trace=300167, nelems=24, elem type=char[])
OBJ 50000726 (sz=24, trace=300170, class=java.util.LinkedList@50000297)
	header		50000727
OBJ 50000727 (sz=24, trace=300172, class=java.util.LinkedList$Entry@50000299)
	next		50000728
	previous	50000728
OBJ 50000728 (sz=24, trace=300173, class=java.util.LinkedList$Entry@50000299)
	element		500006a7
	next		50000727
	previous	50000727
OBJ 50000729 (sz=32, trace=300174, class=java.util.HashMap$Entry@50000053)
	key		50000724
	value		50000726
OBJ 5000072a (sz=24, trace=300176, class=java.util.LinkedList$Entry@50000299)
	element		50000724
	next		50000731
	previous	50000723
OBJ 5000072b (sz=32, trace=300168, class=java.lang.String@50000036)
	value		5000072c
ARR 5000072c (sz=44, trace=300167, nelems=22, elem type=char[])
OBJ 5000072d (sz=24, trace=300170, class=java.util.LinkedList@50000297)
	header		5000072e
OBJ 5000072e (sz=24, trace=300172, class=java.util.LinkedList$Entry@50000299)
	next		5000072f
	previous	5000072f
OBJ 5000072f (sz=24, trace=300173, class=java.util.LinkedList$Entry@50000299)
	element		500006a7
	next		5000072e
	previous	5000072e
OBJ 50000730 (sz=32, trace=300174, class=java.util.HashMap$Entry@50000053)
	key		5000072b
	value		5000072d
OBJ 50000731 (sz=24, trace=300176, class=java.util.LinkedList$Entry@50000299)
	element		5000072b
	next		50000738
	previous	5000072a
OBJ 50000732 (sz=32, trace=300168, class=java.lang.String@50000036)
	value		50000733
ARR 50000733 (sz=50, trace=300167, nelems=25, elem type=char[])
OBJ 50000734 (sz=24, trace=300170, class=java.util.LinkedList@50000297)
	header		50000735
OBJ 50000735 (sz=24, trace=300172, class=java.util.LinkedList$Entry@50000299)
	next		50000736
	previous	50000736
OBJ 50000736 (sz=24, trace=300173, class=java.util.LinkedList$Entry@50000299)
	element		500006a7
	next		50000735
	previous	50000735
OBJ 50000737 (sz=32, trace=300174, class=java.util.HashMap$Entry@50000053)
	key		50000732
	value		50000734
OBJ 50000738 (sz=24, trace=300176, class=java.util.LinkedList$Entry@50000299)
	element		50000732
	next		5000073f
	previous	50000731
OBJ 50000739 (sz=32, trace=300168, class=java.lang.String@50000036)
	value		5000073a
ARR 5000073a (sz=40, trace=300167, nelems=20, elem type=char[])
OBJ 5000073b (sz=24, trace=300170, class=java.util.LinkedList@50000297)
	header		5000073c
OBJ 5000073c (sz=24, trace=300172, class=java.util.LinkedList$Entry@50000299)
	next		5000073d
	previous	5000073d
OBJ 5000073d (sz=24, trace=300173, class=java.util.LinkedList$Entry@50000299)
	element		500006a7
	next		5000073c
	previous	5000073c
OBJ 5000073e (sz=32, trace=300174, class=java.util.HashMap$Entry@50000053)
	key		50000739
	value		5000073b
	next		500006ae
OBJ 5000073f (sz=24, trace=300176, class=java.util.LinkedList$Entry@50000299)
	element		50000739
	next		50000746
	previous	50000738
OBJ 50000740 (sz=32, trace=300168, class=java.lang.String@50000036)
	value		50000741
ARR 50000741 (sz=44, trace=300167, nelems=22, elem type=char[])
OBJ 50000742 (sz=24, trace=300170, class=java.util.LinkedList@50000297)
	header		50000743
OBJ 50000743 (sz=24, trace=300172, class=java.util.LinkedList$Entry@50000299)
	next		50000744
	previous	50000744
OBJ 50000744 (sz=24, trace=300173, class=java.util.LinkedList$Entry@50000299)
	element		500006a7
	next		50000743
	previous	50000743
OBJ 50000745 (sz=32, trace=300174, class=java.util.HashMap$Entry@50000053)
	key		50000740
	value		50000742
OBJ 50000746 (sz=24, trace=300176, class=java.util.LinkedList$Entry@50000299)
	element		50000740
	next		500006b0
	previous	5000073f
OBJ 50000747 (sz=32, trace=300168, class=java.lang.String@50000036)
ARR 50000748 (sz=16, trace=300167, nelems=0, elem type=char[])
OBJ 50000749 (sz=48, trace=300054, class=java.nio.HeapCharBuffer@500000a5)
ARR 5000074a (sz=24, trace=300177, nelems=1, elem type=java.lang.String[]@50000037)
	[0]		500006a7
OBJ 5000074b (sz=64, trace=300178, class=java.net.URL@50000050)
OBJ 5000074c (sz=24, trace=300179, class=java.lang.StringBuilder@5000004d)
ARR 5000074d (sz=48, trace=300180, nelems=0, elem type=char[])
OBJ 5000074e (sz=32, trace=300181, class=java.lang.String@50000036)
ARR 5000074f (sz=88, trace=300030, nelems=0, elem type=char[])
ARR 50000750 (sz=160, trace=300030, nelems=0, elem type=char[])
OBJ 50000751 (sz=32, trace=300182, class=java.lang.String@50000036)
ARR 50000752 (sz=104, trace=300183, nelems=0, elem type=char[])
OBJ 50000753 (sz=24, trace=300184, class=java.lang.StringBuilder@5000004d)
ARR 50000754 (sz=272, trace=300185, nelems=0, elem type=char[])
OBJ 50000755 (sz=32, trace=300186, class=java.lang.String@50000036)
	value		50000756
ARR 50000756 (sz=102, trace=300012, nelems=51, elem type=char[])
OBJ 50000757 (sz=32, trace=300187, class=java.util.HashMap$Entry@50000053)
	key		50000755
	value		50000664
OBJ 50000758 (sz=16, trace=300188, class=java.util.HashSet@500000d6)
OBJ 50000759 (sz=48, trace=300189, class=java.util.HashMap@500000cb)
ARR 5000075a (sz=80, trace=300190, nelems=0, elem type=java.util.HashMap$Entry[]@50000054)
OBJ 5000075b (sz=24, trace=300009, class=java.lang.StringBuilder@5000004d)
ARR 5000075c (sz=272, trace=300010, nelems=0, elem type=char[])
OBJ 5000075d (sz=32, trace=300011, class=java.lang.String@50000036)
ARR 5000075e (sz=152, trace=300012, nelems=0, elem type=char[])
OBJ 5000075f (sz=24, trace=300014, class=sun.misc.URLClassPath$3@50000164)
OBJ 50000760 (sz=24, trace=300016, class=java.lang.StringBuilder@5000004d)
ARR 50000761 (sz=48, trace=300017, nelems=0, elem type=char[])
OBJ 50000762 (sz=24, trace=300026, class=java.lang.StringBuffer@5000005e)
ARR 50000763 (sz=144, trace=300027, nelems=0, elem type=char[])
OBJ 50000764 (sz=32, trace=300028, class=java.lang.String@50000036)
ARR 50000765 (sz=144, trace=300029, nelems=0, elem type=char[])
ARR 50000766 (sz=144, trace=300030, nelems=0, elem type=char[])
ARR 50000767 (sz=280, trace=300030, nelems=0, elem type=char[])
OBJ 50000768 (sz=32, trace=300031, class=java.lang.String@50000036)
ARR 50000769 (sz=152, trace=300032, nelems=0, elem type=char[])
OBJ 5000076a (sz=64, trace=300033, class=java.net.URL@50000050)
OBJ 5000076b (sz=24, trace=300034, class=java.net.Parts@500000c3)
OBJ 5000076c (sz=40, trace=300035, class=sun.misc.URLClassPath$JarLoader@50000167)
OBJ 5000076d (sz=24, trace=300036, class=java.lang.StringBuilder@5000004d)
ARR 5000076e (sz=48, trace=300037, nelems=0, elem type=char[])
ARR 5000076f (sz=88, trace=300038, nelems=0, elem type=char[])
ARR 50000770 (sz=160, trace=300038, nelems=0, elem type=char[])
OBJ 50000771 (sz=32, trace=300039, class=java.lang.String@50000036)
ARR 50000772 (sz=136, trace=300040, nelems=0, elem type=char[])
OBJ 50000773 (sz=24, trace=300041, class=java.io.File@500000b8)
OBJ 50000774 (sz=16, trace=300045, class=sun.misc.URLClassPath$JarLoader$1@5000018e)
OBJ 50000775 (sz=24, trace=300047, class=sun.misc.FileURLMapper@50000190)
OBJ 50000776 (sz=24, trace=300048, class=java.lang.StringBuilder@5000004d)
ARR 50000777 (sz=48, trace=300049, nelems=0, elem type=char[])
ARR 50000778 (sz=88, trace=300038, nelems=0, elem type=char[])
ARR 50000779 (sz=160, trace=300038, nelems=0, elem type=char[])
OBJ 5000077a (sz=32, trace=300050, class=java.lang.String@50000036)
ARR 5000077b (sz=136, trace=300040, nelems=0, elem type=char[])
OBJ 5000077c (sz=24, trace=300051, class=java.io.File@500000b8)
ARR 5000077d (sz=256, trace=300052, nelems=0, elem type=byte[])
OBJ 5000077e (sz=48, trace=300053, class=java.nio.HeapByteBuffer@50000087)
OBJ 5000077f (sz=48, trace=300054, class=java.nio.HeapCharBuffer@500000a5)
ARR 50000780 (sz=80, trace=300055, nelems=0, elem type=byte[])
OBJ 50000781 (sz=32, trace=300056, class=java.lang.String@50000036)
OBJ 50000782 (sz=24, trace=300064, class=java.io.File@500000b8)
OBJ 50000783 (sz=56, trace=300065, class=java.util.jar.JarFile@500001a0)
	inflaters	50000785
OBJ 50000784 (sz=40, trace=300066, class=java.lang.ref.Finalizer@500000f9)
	referent	50000783
	queue		500032ae
	next		5000068e
	prev		500007bb
OBJ 50000785 (sz=32, trace=300067, class=java.util.Vector@50000004)
	elementData	50000786
ARR 50000786 (sz=56, trace=300068, nelems=0, elem type=java.lang.Object[]@500000ac)
ARR 50000787 (sz=256, trace=300069, nelems=0, elem type=byte[])
OBJ 50000788 (sz=48, trace=300053, class=java.nio.HeapByteBuffer@50000087)
OBJ 50000789 (sz=48, trace=300054, class=java.nio.HeapCharBuffer@500000a5)
ARR 5000078a (sz=80, trace=300055, nelems=0, elem type=byte[])
ARR 5000078b (sz=256, trace=300070, nelems=0, elem type=byte[])
OBJ 5000078c (sz=48, trace=300053, class=java.nio.HeapByteBuffer@50000087)
OBJ 5000078d (sz=48, trace=300054, class=java.nio.HeapCharBuffer@500000a5)
ARR 5000078e (sz=80, trace=300055, nelems=0, elem type=byte[])
OBJ 5000078f (sz=32, trace=300072, class=java.util.zip.ZipException@500001b5)
OBJ 50000790 (sz=32, trace=300074, class=java.security.PrivilegedActionException@500001b7)
OBJ 50000791 (sz=32, trace=300074, class=java.security.PrivilegedActionException@500001b7)
OBJ 50000792 (sz=24, trace=300009, class=java.lang.StringBuilder@5000004d)
ARR 50000793 (sz=272, trace=300010, nelems=0, elem type=char[])
OBJ 50000794 (sz=32, trace=300011, class=java.lang.String@50000036)
ARR 50000795 (sz=120, trace=300012, nelems=0, elem type=char[])
OBJ 50000796 (sz=24, trace=300014, class=sun.misc.URLClassPath$3@50000164)
OBJ 50000797 (sz=24, trace=300016, class=java.lang.StringBuilder@5000004d)
ARR 50000798 (sz=48, trace=300017, nelems=0, elem type=char[])
OBJ 50000799 (sz=24, trace=300026, class=java.lang.StringBuffer@5000005e)
ARR 5000079a (sz=120, trace=300027, nelems=0, elem type=char[])
OBJ 5000079b (sz=32, trace=300028, class=java.lang.String@50000036)
ARR 5000079c (sz=120, trace=300029, nelems=0, elem type=char[])
ARR 5000079d (sz=120, trace=300030, nelems=0, elem type=char[])
ARR 5000079e (sz=224, trace=300030, nelems=0, elem type=char[])
OBJ 5000079f (sz=32, trace=300031, class=java.lang.String@50000036)
ARR 500007a0 (sz=120, trace=300032, nelems=0, elem type=char[])
OBJ 500007a1 (sz=64, trace=300033, class=java.net.URL@50000050)
OBJ 500007a2 (sz=24, trace=300034, class=java.net.Parts@500000c3)
OBJ 500007a3 (sz=40, trace=300035, class=sun.misc.URLClassPath$JarLoader@50000167)
OBJ 500007a4 (sz=24, trace=300036, class=java.lang.StringBuilder@5000004d)
ARR 500007a5 (sz=48, trace=300037, nelems=0, elem type=char[])
ARR 500007a6 (sz=88, trace=300038, nelems=0, elem type=char[])
ARR 500007a7 (sz=160, trace=300038, nelems=0, elem type=char[])
OBJ 500007a8 (sz=32, trace=300039, class=java.lang.String@50000036)
ARR 500007a9 (sz=112, trace=300040, nelems=0, elem type=char[])
OBJ 500007aa (sz=24, trace=300041, class=java.io.File@500000b8)
OBJ 500007ab (sz=16, trace=300045, class=sun.misc.URLClassPath$JarLoader$1@5000018e)
OBJ 500007ac (sz=24, trace=300047, class=sun.misc.FileURLMapper@50000190)
OBJ 500007ad (sz=24, trace=300048, class=java.lang.StringBuilder@5000004d)
ARR 500007ae (sz=48, trace=300049, nelems=0, elem type=char[])
ARR 500007af (sz=88, trace=300038, nelems=0, elem type=char[])
ARR 500007b0 (sz=160, trace=300038, nelems=0, elem type=char[])
OBJ 500007b1 (sz=32, trace=300050, class=java.lang.String@50000036)
ARR 500007b2 (sz=112, trace=300040, nelems=0, elem type=char[])
OBJ 500007b3 (sz=24, trace=300051, class=java.io.File@500000b8)
ARR 500007b4 (sz=200, trace=300052, nelems=0, elem type=byte[])
OBJ 500007b5 (sz=48, trace=300053, class=java.nio.HeapByteBuffer@50000087)
OBJ 500007b6 (sz=48, trace=300054, class=java.nio.HeapCharBuffer@500000a5)
ARR 500007b7 (sz=64, trace=300055, nelems=0, elem type=byte[])
OBJ 500007b8 (sz=32, trace=300056, class=java.lang.String@50000036)
OBJ 500007b9 (sz=24, trace=300064, class=java.io.File@500000b8)
OBJ 500007ba (sz=56, trace=300065, class=java.util.jar.JarFile@500001a0)
	inflaters	500007bc
OBJ 500007bb (sz=40, trace=300066, class=java.lang.ref.Finalizer@500000f9)
	referent	500007ba
	queue		500032ae
	next		50000784
	prev		500007f2
OBJ 500007bc (sz=32, trace=300067, class=java.util.Vector@50000004)
	elementData	500007bd
ARR 500007bd (sz=56, trace=300068, nelems=0, elem type=java.lang.Object[]@500000ac)
ARR 500007be (sz=200, trace=300069, nelems=0, elem type=byte[])
OBJ 500007bf (sz=48, trace=300053, class=java.nio.HeapByteBuffer@50000087)
OBJ 500007c0 (sz=48, trace=300054, class=java.nio.HeapCharBuffer@500000a5)
ARR 500007c1 (sz=64, trace=300055, nelems=0, elem type=byte[])
ARR 500007c2 (sz=200, trace=300070, nelems=0, elem type=byte[])
OBJ 500007c3 (sz=48, trace=300053, class=java.nio.HeapByteBuffer@50000087)
OBJ 500007c4 (sz=48, trace=300054, class=java.nio.HeapCharBuffer@500000a5)
ARR 500007c5 (sz=64, trace=300055, nelems=0, elem type=byte[])
OBJ 500007c6 (sz=32, trace=300072, class=java.util.zip.ZipException@500001b5)
OBJ 500007c7 (sz=32, trace=300074, class=java.security.PrivilegedActionException@500001b7)
OBJ 500007c8 (sz=32, trace=300074, class=java.security.PrivilegedActionException@500001b7)
OBJ 500007c9 (sz=24, trace=300009, class=java.lang.StringBuilder@5000004d)
ARR 500007ca (sz=272, trace=300010, nelems=0, elem type=char[])
OBJ 500007cb (sz=32, trace=300011, class=java.lang.String@50000036)
ARR 500007cc (sz=136, trace=300012, nelems=0, elem type=char[])
OBJ 500007cd (sz=24, trace=300014, class=sun.misc.URLClassPath$3@50000164)
OBJ 500007ce (sz=24, trace=300016, class=java.lang.StringBuilder@5000004d)
ARR 500007cf (sz=48, trace=300017, nelems=0, elem type=char[])
OBJ 500007d0 (sz=24, trace=300026, class=java.lang.StringBuffer@5000005e)
ARR 500007d1 (sz=128, trace=300027, nelems=0, elem type=char[])
OBJ 500007d2 (sz=32, trace=300028, class=java.lang.String@50000036)
ARR 500007d3 (sz=128, trace=300029, nelems=0, elem type=char[])
ARR 500007d4 (sz=128, trace=300030, nelems=0, elem type=char[])
ARR 500007d5 (sz=240, trace=300030, nelems=0, elem type=char[])
OBJ 500007d6 (sz=32, trace=300031, class=java.lang.String@50000036)
ARR 500007d7 (sz=136, trace=300032, nelems=0, elem type=char[])
OBJ 500007d8 (sz=64, trace=300033, class=java.net.URL@50000050)
OBJ 500007d9 (sz=24, trace=300034, class=java.net.Parts@500000c3)
OBJ 500007da (sz=40, trace=300035, class=sun.misc.URLClassPath$JarLoader@50000167)
OBJ 500007db (sz=24, trace=300036, class=java.lang.StringBuilder@5000004d)
ARR 500007dc (sz=48, trace=300037, nelems=0, elem type=char[])
ARR 500007dd (sz=88, trace=300038, nelems=0, elem type=char[])
ARR 500007de (sz=160, trace=300038, nelems=0, elem type=char[])
OBJ 500007df (sz=32, trace=300039, class=java.lang.String@50000036)
ARR 500007e0 (sz=120, trace=300040, nelems=0, elem type=char[])
OBJ 500007e1 (sz=24, trace=300041, class=java.io.File@500000b8)
OBJ 500007e2 (sz=16, trace=300045, class=sun.misc.URLClassPath$JarLoader$1@5000018e)
OBJ 500007e3 (sz=24, trace=300047, class=sun.misc.FileURLMapper@50000190)
OBJ 500007e4 (sz=24, trace=300048, class=java.lang.StringBuilder@5000004d)
ARR 500007e5 (sz=48, trace=300049, nelems=0, elem type=char[])
ARR 500007e6 (sz=88, trace=300038, nelems=0, elem type=char[])
ARR 500007e7 (sz=160, trace=300038, nelems=0, elem type=char[])
OBJ 500007e8 (sz=32, trace=300050, class=java.lang.String@50000036)
ARR 500007e9 (sz=120, trace=300040, nelems=0, elem type=char[])
OBJ 500007ea (sz=24, trace=300051, class=java.io.File@500000b8)
ARR 500007eb (sz=216, trace=300052, nelems=0, elem type=byte[])
OBJ 500007ec (sz=48, trace=300053, class=java.nio.HeapByteBuffer@50000087)
OBJ 500007ed (sz=48, trace=300054, class=java.nio.HeapCharBuffer@500000a5)
ARR 500007ee (sz=72, trace=300055, nelems=0, elem type=byte[])
OBJ 500007ef (sz=32, trace=300056, class=java.lang.String@50000036)
OBJ 500007f0 (sz=24, trace=300064, class=java.io.File@500000b8)
OBJ 500007f1 (sz=56, trace=300065, class=java.util.jar.JarFile@500001a0)
	inflaters	500007f3
OBJ 500007f2 (sz=40, trace=300066, class=java.lang.ref.Finalizer@500000f9)
	referent	500007f1
	queue		500032ae
	next		500007bb
	prev		50000829
OBJ 500007f3 (sz=32, trace=300067, class=java.util.Vector@50000004)
	elementData	500007f4
ARR 500007f4 (sz=56, trace=300068, nelems=0, elem type=java.lang.Object[]@500000ac)
ARR 500007f5 (sz=216, trace=300069, nelems=0, elem type=byte[])
OBJ 500007f6 (sz=48, trace=300053, class=java.nio.HeapByteBuffer@50000087)
OBJ 500007f7 (sz=48, trace=300054, class=java.nio.HeapCharBuffer@500000a5)
ARR 500007f8 (sz=72, trace=300055, nelems=0, elem type=byte[])
ARR 500007f9 (sz=216, trace=300070, nelems=0, elem type=byte[])
OBJ 500007fa (sz=48, trace=300053, class=java.nio.HeapByteBuffer@50000087)
OBJ 500007fb (sz=48, trace=300054, class=java.nio.HeapCharBuffer@500000a5)
ARR 500007fc (sz=72, trace=300055, nelems=0, elem type=byte[])
OBJ 500007fd (sz=32, trace=300072, class=java.util.zip.ZipException@500001b5)
OBJ 500007fe (sz=32, trace=300074, class=java.security.PrivilegedActionException@500001b7)
OBJ 500007ff (sz=32, trace=300074, class=java.security.PrivilegedActionException@500001b7)
OBJ 50000800 (sz=24, trace=300009, class=java.lang.StringBuilder@5000004d)
ARR 50000801 (sz=272, trace=300010, nelems=0, elem type=char[])
OBJ 50000802 (sz=32, trace=300011, class=java.lang.String@50000036)
ARR 50000803 (sz=136, trace=300012, nelems=0, elem type=char[])
OBJ 50000804 (sz=24, trace=300014, class=sun.misc.URLClassPath$3@50000164)
OBJ 50000805 (sz=24, trace=300016, class=java.lang.StringBuilder@5000004d)
ARR 50000806 (sz=48, trace=300017, nelems=0, elem type=char[])
OBJ 50000807 (sz=24, trace=300026, class=java.lang.StringBuffer@5000005e)
ARR 50000808 (sz=128, trace=300027, nelems=0, elem type=char[])
OBJ 50000809 (sz=32, trace=300028, class=java.lang.String@50000036)
ARR 5000080a (sz=128, trace=300029, nelems=0, elem type=char[])
ARR 5000080b (sz=128, trace=300030, nelems=0, elem type=char[])
ARR 5000080c (sz=240, trace=300030, nelems=0, elem type=char[])
OBJ 5000080d (sz=32, trace=300031, class=java.lang.String@50000036)
ARR 5000080e (sz=136, trace=300032, nelems=0, elem type=char[])
OBJ 5000080f (sz=64, trace=300033, class=java.net.URL@50000050)
OBJ 50000810 (sz=24, trace=300034, class=java.net.Parts@500000c3)
OBJ 50000811 (sz=40, trace=300035, class=sun.misc.URLClassPath$JarLoader@50000167)
OBJ 50000812 (sz=24, trace=300036, class=java.lang.StringBuilder@5000004d)
ARR 50000813 (sz=48, trace=300037, nelems=0, elem type=char[])
ARR 50000814 (sz=88, trace=300038, nelems=0, elem type=char[])
ARR 50000815 (sz=160, trace=300038, nelems=0, elem type=char[])
OBJ 50000816 (sz=32, trace=300039, class=java.lang.String@50000036)
ARR 50000817 (sz=120, trace=300040, nelems=0, elem type=char[])
OBJ 50000818 (sz=24, trace=300041, class=java.io.File@500000b8)
OBJ 50000819 (sz=16, trace=300045, class=sun.misc.URLClassPath$JarLoader$1@5000018e)
OBJ 5000081a (sz=24, trace=300047, class=sun.misc.FileURLMapper@50000190)
OBJ 5000081b (sz=24, trace=300048, class=java.lang.StringBuilder@5000004d)
ARR 5000081c (sz=48, trace=300049, nelems=0, elem type=char[])
ARR 5000081d (sz=88, trace=300038, nelems=0, elem type=char[])
ARR 5000081e (sz=160, trace=300038, nelems=0, elem type=char[])
OBJ 5000081f (sz=32, trace=300050, class=java.lang.String@50000036)
ARR 50000820 (sz=120, trace=300040, nelems=0, elem type=char[])
OBJ 50000821 (sz=24, trace=300051, class=java.io.File@500000b8)
ARR 50000822 (sz=216, trace=300052, nelems=0, elem type=byte[])
OBJ 50000823 (sz=48, trace=300053, class=java.nio.HeapByteBuffer@50000087)
OBJ 50000824 (sz=48, trace=300054, class=java.nio.HeapCharBuffer@500000a5)
ARR 50000825 (sz=72, trace=300055, nelems=0, elem type=byte[])
OBJ 50000826 (sz=32, trace=300056, class=java.lang.String@50000036)
OBJ 50000827 (sz=24, trace=300064, class=java.io.File@500000b8)
OBJ 50000828 (sz=56, trace=300065, class=java.util.jar.JarFile@500001a0)
	inflaters	5000082a
OBJ 50000829 (sz=40, trace=300066, class=java.lang.ref.Finalizer@500000f9)
	referent	50000828
	queue		500032ae
	next		500007f2
	prev		50000860
OBJ 5000082a (sz=32, trace=300067, class=java.util.Vector@50000004)
	elementData	5000082b
ARR 5000082b (sz=56, trace=300068, nelems=0, elem type=java.lang.Object[]@500000ac)
ARR 5000082c (sz=216, trace=300069, nelems=0, elem type=byte[])
OBJ 5000082d (sz=48, trace=300053, class=java.nio.HeapByteBuffer@50000087)
OBJ 5000082e (sz=48, trace=300054, class=java.nio.HeapCharBuffer@500000a5)
ARR 5000082f (sz=72, trace=300055, nelems=0, elem type=byte[])
ARR 50000830 (sz=216, trace=300070, nelems=0, elem type=byte[])
OBJ 50000831 (sz=48, trace=300053, class=java.nio.HeapByteBuffer@50000087)
OBJ 50000832 (sz=48, trace=300054, class=java.nio.HeapCharBuffer@500000a5)
ARR 50000833 (sz=72, trace=300055, nelems=0, elem type=byte[])
OBJ 50000834 (sz=32, trace=300072, class=java.util.zip.ZipException@500001b5)
OBJ 50000835 (sz=32, trace=300074, class=java.security.PrivilegedActionException@500001b7)
OBJ 50000836 (sz=32, trace=300074, class=java.security.PrivilegedActionException@500001b7)
OBJ 50000837 (sz=24, trace=300009, class=java.lang.StringBuilder@5000004d)
ARR 50000838 (sz=272, trace=300010, nelems=0, elem type=char[])
OBJ 50000839 (sz=32, trace=300011, class=java.lang.String@50000036)
ARR 5000083a (sz=136, trace=300012, nelems=0, elem type=char[])
OBJ 5000083b (sz=24, trace=300014, class=sun.misc.URLClassPath$3@50000164)
OBJ 5000083c (sz=24, trace=300016, class=java.lang.StringBuilder@5000004d)
ARR 5000083d (sz=48, trace=300017, nelems=0, elem type=char[])
OBJ 5000083e (sz=24, trace=300026, class=java.lang.StringBuffer@5000005e)
ARR 5000083f (sz=128, trace=300027, nelems=0, elem type=char[])
OBJ 50000840 (sz=32, trace=300028, class=java.lang.String@50000036)
ARR 50000841 (sz=128, trace=300029, nelems=0, elem type=char[])
ARR 50000842 (sz=128, trace=300030, nelems=0, elem type=char[])
ARR 50000843 (sz=240, trace=300030, nelems=0, elem type=char[])
OBJ 50000844 (sz=32, trace=300031, class=java.lang.String@50000036)
ARR 50000845 (sz=136, trace=300032, nelems=0, elem type=char[])
OBJ 50000846 (sz=64, trace=300033, class=java.net.URL@50000050)
OBJ 50000847 (sz=24, trace=300034, class=java.net.Parts@500000c3)
OBJ 50000848 (sz=40, trace=300035, class=sun.misc.URLClassPath$JarLoader@50000167)
OBJ 50000849 (sz=24, trace=300036, class=java.lang.StringBuilder@5000004d)
ARR 5000084a (sz=48, trace=300037, nelems=0, elem type=char[])
ARR 5000084b (sz=88, trace=300038, nelems=0, elem type=char[])
ARR 5000084c (sz=160, trace=300038, nelems=0, elem type=char[])
OBJ 5000084d (sz=32, trace=300039, class=java.lang.String@50000036)
ARR 5000084e (sz=120, trace=300040, nelems=0, elem type=char[])
OBJ 5000084f (sz=24, trace=300041, class=java.io.File@500000b8)
OBJ 50000850 (sz=16, trace=300045, class=sun.misc.URLClassPath$JarLoader$1@5000018e)
OBJ 50000851 (sz=24, trace=300047, class=sun.misc.FileURLMapper@50000190)
OBJ 50000852 (sz=24, trace=300048, class=java.lang.StringBuilder@5000004d)
ARR 50000853 (sz=48, trace=300049, nelems=0, elem type=char[])
ARR 50000854 (sz=88, trace=300038, nelems=0, elem type=char[])
ARR 50000855 (sz=160, trace=300038, nelems=0, elem type=char[])
OBJ 50000856 (sz=32, trace=300050, class=java.lang.String@50000036)
ARR 50000857 (sz=120, trace=300040, nelems=0, elem type=char[])
OBJ 50000858 (sz=24, trace=300051, class=java.io.File@500000b8)
ARR 50000859 (sz=216, trace=300052, nelems=0, elem type=byte[])
OBJ 5000085a (sz=48, trace=300053, class=java.nio.HeapByteBuffer@50000087)
OBJ 5000085b (sz=48, trace=300054, class=java.nio.HeapCharBuffer@500000a5)
ARR 5000085c (sz=72, trace=300055, nelems=0, elem type=byte[])
OBJ 5000085d (sz=32, trace=300056, class=java.lang.String@50000036)
OBJ 5000085e (sz=24, trace=300064, class=java.io.File@500000b8)
OBJ 5000085f (sz=56, trace=300065, class=java.util.jar.JarFile@500001a0)
	inflaters	50000861
OBJ 50000860 (sz=40, trace=300066, class=java.lang.ref.Finalizer@500000f9)
	referent	5000085f
	queue		500032ae
	next		50000829
	prev		50000897
OBJ 50000861 (sz=32, trace=300067, class=java.util.Vector@50000004)
	elementData	50000862
ARR 50000862 (sz=56, trace=300068, nelems=0, elem type=java.lang.Object[]@500000ac)
ARR 50000863 (sz=216, trace=300069, nelems=0, elem type=byte[])
OBJ 50000864 (sz=48, trace=300053, class=java.nio.HeapByteBuffer@50000087)
OBJ 50000865 (sz=48, trace=300054, class=java.nio.HeapCharBuffer@500000a5)
ARR 50000866 (sz=72, trace=300055, nelems=0, elem type=byte[])
ARR 50000867 (sz=216, trace=300070, nelems=0, elem type=byte[])
OBJ 50000868 (sz=48, trace=300053, class=java.nio.HeapByteBuffer@50000087)
OBJ 50000869 (sz=48, trace=300054, class=java.nio.HeapCharBuffer@500000a5)
ARR 5000086a (sz=72, trace=300055, nelems=0, elem type=byte[])
OBJ 5000086b (sz=32, trace=300072, class=java.util.zip.ZipException@500001b5)
OBJ 5000086c (sz=32, trace=300074, class=java.security.PrivilegedActionException@500001b7)
OBJ 5000086d (sz=32, trace=300074, class=java.security.PrivilegedActionException@500001b7)
OBJ 5000086e (sz=24, trace=300009, class=java.lang.StringBuilder@5000004d)
ARR 5000086f (sz=272, trace=300010, nelems=0, elem type=char[])
OBJ 50000870 (sz=32, trace=300011, class=java.lang.String@50000036)
ARR 50000871 (sz=136, trace=300012, nelems=0, elem type=char[])
OBJ 50000872 (sz=24, trace=300014, class=sun.misc.URLClassPath$3@50000164)
OBJ 50000873 (sz=24, trace=300016, class=java.lang.StringBuilder@5000004d)
ARR 50000874 (sz=48, trace=300017, nelems=0, elem type=char[])
OBJ 50000875 (sz=24, trace=300026, class=java.lang.StringBuffer@5000005e)
ARR 50000876 (sz=128, trace=300027, nelems=0, elem type=char[])
OBJ 50000877 (sz=32, trace=300028, class=java.lang.String@50000036)
ARR 50000878 (sz=128, trace=300029, nelems=0, elem type=char[])
ARR 50000879 (sz=128, trace=300030, nelems=0, elem type=char[])
ARR 5000087a (sz=248, trace=300030, nelems=0, elem type=char[])
OBJ 5000087b (sz=32, trace=300031, class=java.lang.String@50000036)
ARR 5000087c (sz=136, trace=300032, nelems=0, elem type=char[])
OBJ 5000087d (sz=64, trace=300033, class=java.net.URL@50000050)
OBJ 5000087e (sz=24, trace=300034, class=java.net.Parts@500000c3)
OBJ 5000087f (sz=40, trace=300035, class=sun.misc.URLClassPath$JarLoader@50000167)
OBJ 50000880 (sz=24, trace=300036, class=java.lang.StringBuilder@5000004d)
ARR 50000881 (sz=48, trace=300037, nelems=0, elem type=char[])
ARR 50000882 (sz=88, trace=300038, nelems=0, elem type=char[])
ARR 50000883 (sz=160, trace=300038, nelems=0, elem type=char[])
OBJ 50000884 (sz=32, trace=300039, class=java.lang.String@50000036)
ARR 50000885 (sz=120, trace=300040, nelems=0, elem type=char[])
OBJ 50000886 (sz=24, trace=300041, class=java.io.File@500000b8)
OBJ 50000887 (sz=16, trace=300045, class=sun.misc.URLClassPath$JarLoader$1@5000018e)
OBJ 50000888 (sz=24, trace=300047, class=sun.misc.FileURLMapper@50000190)
OBJ 50000889 (sz=24, trace=300048, class=java.lang.StringBuilder@5000004d)
ARR 5000088a (sz=48, trace=300049, nelems=0, elem type=char[])
ARR 5000088b (sz=88, trace=300038, nelems=0, elem type=char[])
ARR 5000088c (sz=160, trace=300038, nelems=0, elem type=char[])
OBJ 5000088d (sz=32, trace=300050, class=java.lang.String@50000036)
ARR 5000088e (sz=120, trace=300040, nelems=0, elem type=char[])
OBJ 5000088f (sz=24, trace=300051, class=java.io.File@500000b8)
ARR 50000890 (sz=224, trace=300052, nelems=0, elem type=byte[])
OBJ 50000891 (sz=48, trace=300053, class=java.nio.HeapByteBuffer@50000087)
OBJ 50000892 (sz=48, trace=300054, class=java.nio.HeapCharBuffer@500000a5)
ARR 50000893 (sz=72, trace=300055, nelems=0, elem type=byte[])
OBJ 50000894 (sz=32, trace=300056, class=java.lang.String@50000036)
OBJ 50000895 (sz=24, trace=300064, class=java.io.File@500000b8)
OBJ 50000896 (sz=56, trace=300065, class=java.util.jar.JarFile@500001a0)
	inflaters	50000898
OBJ 50000897 (sz=40, trace=300066, class=java.lang.ref.Finalizer@500000f9)
	referent	50000896
	queue		500032ae
	next		50000860
	prev		500008ce
OBJ 50000898 (sz=32, trace=300067, class=java.util.Vector@50000004)
	elementData	50000899
ARR 50000899 (sz=56, trace=300068, nelems=0, elem type=java.lang.Object[]@500000ac)
ARR 5000089a (sz=224, trace=300069, nelems=0, elem type=byte[])
OBJ 5000089b (sz=48, trace=300053, class=java.nio.HeapByteBuffer@50000087)
OBJ 5000089c (sz=48, trace=300054, class=java.nio.HeapCharBuffer@500000a5)
ARR 5000089d (sz=72, trace=300055, nelems=0, elem type=byte[])
ARR 5000089e (sz=224, trace=300070, nelems=0, elem type=byte[])
OBJ 5000089f (sz=48, trace=300053, class=java.nio.HeapByteBuffer@50000087)
OBJ 500008a0 (sz=48, trace=300054, class=java.nio.HeapCharBuffer@500000a5)
ARR 500008a1 (sz=72, trace=300055, nelems=0, elem type=byte[])
OBJ 500008a2 (sz=32, trace=300072, class=java.util.zip.ZipException@500001b5)
OBJ 500008a3 (sz=32, trace=300074, class=java.security.PrivilegedActionException@500001b7)
OBJ 500008a4 (sz=32, trace=300074, class=java.security.PrivilegedActionException@500001b7)
OBJ 500008a5 (sz=24, trace=300009, class=java.lang.StringBuilder@5000004d)
ARR 500008a6 (sz=272, trace=300010, nelems=0, elem type=char[])
OBJ 500008a7 (sz=32, trace=300011, class=java.lang.String@50000036)
	value		500008a8
ARR 500008a8 (sz=116, trace=300012, nelems=58, elem type=char[])
OBJ 500008a9 (sz=24, trace=300014, class=sun.misc.URLClassPath$3@50000164)
OBJ 500008aa (sz=24, trace=300016, class=java.lang.StringBuilder@5000004d)
ARR 500008ab (sz=48, trace=300017, nelems=0, elem type=char[])
OBJ 500008ac (sz=24, trace=300026, class=java.lang.StringBuffer@5000005e)
ARR 500008ad (sz=128, trace=300027, nelems=0, elem type=char[])
OBJ 500008ae (sz=32, trace=300028, class=java.lang.String@50000036)
ARR 500008af (sz=128, trace=300029, nelems=0, elem type=char[])
ARR 500008b0 (sz=128, trace=300030, nelems=0, elem type=char[])
ARR 500008b1 (sz=248, trace=300030, nelems=0, elem type=char[])
OBJ 500008b2 (sz=32, trace=300031, class=java.lang.String@50000036)
	value		500008b3
ARR 500008b3 (sz=116, trace=300032, nelems=58, elem type=char[])
OBJ 500008b4 (sz=64, trace=300033, class=java.net.URL@50000050)
	protocol	5000357d
	host		500032b6
	file		500008b2
	authority	500032b6
	path		500008b2
	handler		500033f6
OBJ 500008b5 (sz=24, trace=300034, class=java.net.Parts@500000c3)
OBJ 500008b6 (sz=40, trace=300035, class=sun.misc.URLClassPath$JarLoader@50000167)
	base		500008b4
	jar		500008cd
	csu		5000340b
	handler		500033f6
	lmap		500033f7
OBJ 500008b7 (sz=24, trace=300036, class=java.lang.StringBuilder@5000004d)
ARR 500008b8 (sz=48, trace=300037, nelems=0, elem type=char[])
ARR 500008b9 (sz=88, trace=300038, nelems=0, elem type=char[])
ARR 500008ba (sz=160, trace=300038, nelems=0, elem type=char[])
OBJ 500008bb (sz=32, trace=300039, class=java.lang.String@50000036)
ARR 500008bc (sz=120, trace=300040, nelems=0, elem type=char[])
OBJ 500008bd (sz=24, trace=300041, class=java.io.File@500000b8)
OBJ 500008be (sz=16, trace=300045, class=sun.misc.URLClassPath$JarLoader$1@5000018e)
OBJ 500008bf (sz=24, trace=300047, class=sun.misc.FileURLMapper@50000190)
OBJ 500008c0 (sz=24, trace=300048, class=java.lang.StringBuilder@5000004d)
ARR 500008c1 (sz=48, trace=300049, nelems=0, elem type=char[])
ARR 500008c2 (sz=88, trace=300038, nelems=0, elem type=char[])
ARR 500008c3 (sz=160, trace=300038, nelems=0, elem type=char[])
OBJ 500008c4 (sz=32, trace=300050, class=java.lang.String@50000036)
	value		500008c5
ARR 500008c5 (sz=102, trace=300040, nelems=51, elem type=char[])
OBJ 500008c6 (sz=24, trace=300051, class=java.io.File@500000b8)
ARR 500008c7 (sz=224, trace=300052, nelems=0, elem type=byte[])
OBJ 500008c8 (sz=48, trace=300053, class=java.nio.HeapByteBuffer@50000087)
OBJ 500008c9 (sz=48, trace=300054, class=java.nio.HeapCharBuffer@500000a5)
ARR 500008ca (sz=72, trace=300055, nelems=0, elem type=byte[])
OBJ 500008cb (sz=32, trace=300056, class=java.lang.String@50000036)
OBJ 500008cc (sz=24, trace=300064, class=java.io.File@500000b8)
OBJ 500008cd (sz=56, trace=300065, class=java.util.jar.JarFile@500001a0)
	name		500008c4
	inflaters	500008cf
	manEntry	500008da
OBJ 500008ce (sz=40, trace=300066, class=java.lang.ref.Finalizer@500000f9)
	referent	500008cd
	queue		500032ae
	next		50000897
	prev		500008dd
OBJ 500008cf (sz=32, trace=300067, class=java.util.Vector@50000004)
	elementData	500008d0
ARR 500008d0 (sz=56, trace=300068, nelems=1, elem type=java.lang.Object[]@500000ac)
	[0]		500008de
ARR 500008d1 (sz=224, trace=300069, nelems=0, elem type=byte[])
OBJ 500008d2 (sz=48, trace=300053, class=java.nio.HeapByteBuffer@50000087)
OBJ 500008d3 (sz=48, trace=300054, class=java.nio.HeapCharBuffer@500000a5)
ARR 500008d4 (sz=72, trace=300055, nelems=0, elem type=byte[])
ARR 500008d5 (sz=224, trace=300070, nelems=0, elem type=byte[])
OBJ 500008d6 (sz=48, trace=300053, class=java.nio.HeapByteBuffer@50000087)
OBJ 500008d7 (sz=48, trace=300054, class=java.nio.HeapCharBuffer@500000a5)
ARR 500008d8 (sz=72, trace=300055, nelems=0, elem type=byte[])
OBJ 500008d9 (sz=64, trace=300120, class=java.util.zip.ZipEntry@5000021b)
OBJ 500008da (sz=80, trace=300122, class=java.util.jar.JarFile$JarFileEntry@5000021e)
	name		500032ec
	this$0		500008cd
ARR 500008db (sz=320, trace=300123, nelems=0, elem type=byte[])
OBJ 500008dc (sz=48, trace=300126, class=java.util.zip.ZipFile$ZipFileInputStream@50000223)
	this$0		500008cd
OBJ 500008dd (sz=40, trace=300066, class=java.lang.ref.Finalizer@500000f9)
	referent	500008dc
	queue		500032ae
	next		500008ce
	prev		500008df
OBJ 500008de (sz=32, trace=300137, class=java.util.zip.Inflater@50000269)
	zsRef		500008e0
	buf		5000026a
OBJ 500008df (sz=40, trace=300066, class=java.lang.ref.Finalizer@500000f9)
	referent	500008de
	queue		500032ae
	next		500008dd
	prev		50000913
OBJ 500008e0 (sz=24, trace=300139, class=java.util.zip.ZStreamRef@5000026d)
OBJ 500008e1 (sz=56, trace=300140, class=java.util.zip.ZipFile$1@50000268)
ARR 500008e2 (sz=24, trace=300141, nelems=0, elem type=byte[])
ARR 500008e3 (sz=528, trace=300142, nelems=0, elem type=byte[])
ARR 500008e4 (sz=328, trace=300143, nelems=0, elem type=byte[])
OBJ 500008e5 (sz=32, trace=300127, class=java.io.DataInputStream@50000222)
ARR 500008e6 (sz=96, trace=300128, nelems=0, elem type=byte[])
ARR 500008e7 (sz=176, trace=300129, nelems=0, elem type=char[])
ARR 500008e8 (sz=24, trace=300130, nelems=0, elem type=byte[])
OBJ 500008e9 (sz=32, trace=300131, class=java.util.HashMap$Entry@50000053)
	key		500008a7
	value		500008b6
	next		50000966
OBJ 500008ea (sz=24, trace=300009, class=java.lang.StringBuilder@5000004d)
ARR 500008eb (sz=272, trace=300010, nelems=0, elem type=char[])
OBJ 500008ec (sz=32, trace=300011, class=java.lang.String@50000036)
ARR 500008ed (sz=128, trace=300012, nelems=0, elem type=char[])
OBJ 500008ee (sz=24, trace=300014, class=sun.misc.URLClassPath$3@50000164)
OBJ 500008ef (sz=24, trace=300016, class=java.lang.StringBuilder@5000004d)
ARR 500008f0 (sz=48, trace=300017, nelems=0, elem type=char[])
OBJ 500008f1 (sz=24, trace=300026, class=java.lang.StringBuffer@5000005e)
ARR 500008f2 (sz=120, trace=300027, nelems=0, elem type=char[])
OBJ 500008f3 (sz=32, trace=300028, class=java.lang.String@50000036)
ARR 500008f4 (sz=120, trace=300029, nelems=0, elem type=char[])
ARR 500008f5 (sz=120, trace=300030, nelems=0, elem type=char[])
ARR 500008f6 (sz=224, trace=300030, nelems=0, elem type=char[])
OBJ 500008f7 (sz=32, trace=300031, class=java.lang.String@50000036)
	value		500008f8
ARR 500008f8 (sz=106, trace=300032, nelems=53, elem type=char[])
OBJ 500008f9 (sz=64, trace=300033, class=java.net.URL@50000050)
	protocol	5000357d
	host		500032b6
	file		500008f7
	authority	500032b6
	path		500008f7
	handler		500033f6
OBJ 500008fa (sz=24, trace=300034, class=java.net.Parts@500000c3)
OBJ 500008fb (sz=40, trace=300035, class=sun.misc.URLClassPath$JarLoader@50000167)
	base		500008f9
	jar		50000912
	csu		5000340c
	index		50000929
	handler		500033f6
	lmap		500033f7
OBJ 500008fc (sz=24, trace=300036, class=java.lang.StringBuilder@5000004d)
ARR 500008fd (sz=48, trace=300037, nelems=0, elem type=char[])
ARR 500008fe (sz=88, trace=300038, nelems=0, elem type=char[])
ARR 500008ff (sz=160, trace=300038, nelems=0, elem type=char[])
OBJ 50000900 (sz=32, trace=300039, class=java.lang.String@50000036)
ARR 50000901 (sz=112, trace=300040, nelems=0, elem type=char[])
OBJ 50000902 (sz=24, trace=300041, class=java.io.File@500000b8)
OBJ 50000903 (sz=16, trace=300045, class=sun.misc.URLClassPath$JarLoader$1@5000018e)
OBJ 50000904 (sz=24, trace=300047, class=sun.misc.FileURLMapper@50000190)
OBJ 50000905 (sz=24, trace=300048, class=java.lang.StringBuilder@5000004d)
ARR 50000906 (sz=48, trace=300049, nelems=0, elem type=char[])
ARR 50000907 (sz=88, trace=300038, nelems=0, elem type=char[])
ARR 50000908 (sz=160, trace=300038, nelems=0, elem type=char[])
OBJ 50000909 (sz=32, trace=300050, class=java.lang.String@50000036)
	value		5000090a
ARR 5000090a (sz=92, trace=300040, nelems=46, elem type=char[])
OBJ 5000090b (sz=24, trace=300051, class=java.io.File@500000b8)
ARR 5000090c (sz=200, trace=300052, nelems=0, elem type=byte[])
OBJ 5000090d (sz=48, trace=300053, class=java.nio.HeapByteBuffer@50000087)
OBJ 5000090e (sz=48, trace=300054, class=java.nio.HeapCharBuffer@500000a5)
ARR 5000090f (sz=64, trace=300055, nelems=0, elem type=byte[])
OBJ 50000910 (sz=32, trace=300056, class=java.lang.String@50000036)
OBJ 50000911 (sz=24, trace=300064, class=java.io.File@500000b8)
OBJ 50000912 (sz=56, trace=300065, class=java.util.jar.JarFile@500001a0)
	name		50000909
	inflaters	50000914
OBJ 50000913 (sz=40, trace=300066, class=java.lang.ref.Finalizer@500000f9)
	referent	50000912
	queue		500032ae
	next		500008df
	prev		50000921
OBJ 50000914 (sz=32, trace=300067, class=java.util.Vector@50000004)
	elementData	50000915
ARR 50000915 (sz=56, trace=300068, nelems=0, elem type=java.lang.Object[]@500000ac)
ARR 50000916 (sz=200, trace=300069, nelems=0, elem type=byte[])
OBJ 50000917 (sz=48, trace=300053, class=java.nio.HeapByteBuffer@50000087)
OBJ 50000918 (sz=48, trace=300054, class=java.nio.HeapCharBuffer@500000a5)
ARR 50000919 (sz=64, trace=300055, nelems=0, elem type=byte[])
ARR 5000091a (sz=200, trace=300070, nelems=0, elem type=byte[])
OBJ 5000091b (sz=48, trace=300053, class=java.nio.HeapByteBuffer@50000087)
OBJ 5000091c (sz=48, trace=300054, class=java.nio.HeapCharBuffer@500000a5)
ARR 5000091d (sz=64, trace=300055, nelems=0, elem type=byte[])
OBJ 5000091e (sz=64, trace=300120, class=java.util.zip.ZipEntry@5000021b)
OBJ 5000091f (sz=80, trace=300122, class=java.util.jar.JarFile$JarFileEntry@5000021e)
OBJ 50000920 (sz=48, trace=300126, class=java.util.zip.ZipFile$ZipFileInputStream@50000223)
	this$0		50000912
OBJ 50000921 (sz=40, trace=300066, class=java.lang.ref.Finalizer@500000f9)
	referent	50000920
	queue		500032ae
	next		50000913
	prev		50000923
OBJ 50000922 (sz=32, trace=300137, class=java.util.zip.Inflater@50000269)
	zsRef		50000924
	buf		50000928
OBJ 50000923 (sz=40, trace=300066, class=java.lang.ref.Finalizer@500000f9)
	referent	50000922
	queue		500032ae
	next		50000921
	prev		50000993
OBJ 50000924 (sz=24, trace=300139, class=java.util.zip.ZStreamRef@5000026d)
OBJ 50000925 (sz=56, trace=300140, class=java.util.zip.ZipFile$1@50000268)
ARR 50000926 (sz=24, trace=300141, nelems=0, elem type=byte[])
ARR 50000927 (sz=528, trace=300142, nelems=0, elem type=byte[])
ARR 50000928 (sz=69, trace=300143, nelems=69, elem type=byte[])
OBJ 50000929 (sz=24, trace=300144, class=sun.misc.JarIndex@500001ee)
	indexMap	5000092a
	jarMap		5000092c
	jarFiles	50000959
OBJ 5000092a (sz=48, trace=300145, class=java.util.HashMap@500000cb)
	table		5000092b
ARR 5000092b (sz=80, trace=300146, nelems=15, elem type=java.util.HashMap$Entry[]@50000054)
	[3]		50000943
	[4]		50000954
	[14]		5000094d
OBJ 5000092c (sz=48, trace=300147, class=java.util.HashMap@500000cb)
	table		5000092d
ARR 5000092d (sz=80, trace=300148, nelems=5, elem type=java.util.HashMap$Entry[]@50000054)
	[4]		50000947
OBJ 5000092e (sz=24, trace=300151, class=java.io.InputStreamReader@5000027a)
OBJ 5000092f (sz=40, trace=300158, class=sun.nio.cs.UTF_8$Decoder@50000281)
OBJ 50000930 (sz=48, trace=300160, class=sun.nio.cs.StreamDecoder@5000027c)
ARR 50000931 (sz=8208, trace=300161, nelems=0, elem type=byte[])
OBJ 50000932 (sz=48, trace=300162, class=java.nio.HeapByteBuffer@50000087)
OBJ 50000933 (sz=48, trace=300163, class=java.io.BufferedReader@50000279)
ARR 50000934 (sz=16400, trace=300164, nelems=0, elem type=char[])
OBJ 50000935 (sz=32, trace=300067, class=java.util.Vector@50000004)
ARR 50000936 (sz=56, trace=300165, nelems=0, elem type=java.lang.Object[]@500000ac)
OBJ 50000937 (sz=48, trace=300054, class=java.nio.HeapCharBuffer@500000a5)
OBJ 50000938 (sz=32, trace=300166, class=java.lang.String@50000036)
ARR 50000939 (sz=64, trace=300167, nelems=0, elem type=char[])
OBJ 5000093a (sz=32, trace=300166, class=java.lang.String@50000036)
ARR 5000093b (sz=16, trace=300167, nelems=0, elem type=char[])
OBJ 5000093c (sz=32, trace=300166, class=java.lang.String@50000036)
	value		5000093d
ARR 5000093d (sz=28, trace=300167, nelems=14, elem type=char[])
OBJ 5000093e (sz=32, trace=300168, class=java.lang.String@50000036)
	value		5000093f
ARR 5000093f (sz=6, trace=300167, nelems=3, elem type=char[])
OBJ 50000940 (sz=24, trace=300170, class=java.util.LinkedList@50000297)
	header		50000941
OBJ 50000941 (sz=24, trace=300172, class=java.util.LinkedList$Entry@50000299)
	next		50000942
	previous	50000942
OBJ 50000942 (sz=24, trace=300173, class=java.util.LinkedList$Entry@50000299)
	element		5000093c
	next		50000941
	previous	50000941
OBJ 50000943 (sz=32, trace=300174, class=java.util.HashMap$Entry@50000053)
	key		5000093e
	value		50000940
OBJ 50000944 (sz=24, trace=300170, class=java.util.LinkedList@50000297)
	header		50000945
OBJ 50000945 (sz=24, trace=300175, class=java.util.LinkedList$Entry@50000299)
	next		50000946
	previous	50000955
OBJ 50000946 (sz=24, trace=300173, class=java.util.LinkedList$Entry@50000299)
	element		5000093e
	next		5000094e
	previous	50000945
OBJ 50000947 (sz=32, trace=300174, class=java.util.HashMap$Entry@50000053)
	key		5000093c
	value		50000944
OBJ 50000948 (sz=32, trace=300168, class=java.lang.String@50000036)
	value		50000949
ARR 50000949 (sz=18, trace=300167, nelems=9, elem type=char[])
OBJ 5000094a (sz=24, trace=300170, class=java.util.LinkedList@50000297)
	header		5000094b
OBJ 5000094b (sz=24, trace=300172, class=java.util.LinkedList$Entry@50000299)
	next		5000094c
	previous	5000094c
OBJ 5000094c (sz=24, trace=300173, class=java.util.LinkedList$Entry@50000299)
	element		5000093c
	next		5000094b
	previous	5000094b
OBJ 5000094d (sz=32, trace=300174, class=java.util.HashMap$Entry@50000053)
	key		50000948
	value		5000094a
OBJ 5000094e (sz=24, trace=300176, class=java.util.LinkedList$Entry@50000299)
	element		50000948
	next		50000955
	previous	50000946
OBJ 5000094f (sz=32, trace=300168, class=java.lang.String@50000036)
	value		50000950
ARR 50000950 (sz=26, trace=300167, nelems=13, elem type=char[])
OBJ 50000951 (sz=24, trace=300170, class=java.util.LinkedList@50000297)
	header		50000952
OBJ 50000952 (sz=24, trace=300172, class=java.util.LinkedList$Entry@50000299)
	next		50000953
	previous	50000953
OBJ 50000953 (sz=24, trace=300173, class=java.util.LinkedList$Entry@50000299)
	element		5000093c
	next		50000952
	previous	50000952
OBJ 50000954 (sz=32, trace=300174, class=java.util.HashMap$Entry@50000053)
	key		5000094f
	value		50000951
OBJ 50000955 (sz=24, trace=300176, class=java.util.LinkedList$Entry@50000299)
	element		5000094f
	next		50000945
	previous	5000094e
OBJ 50000956 (sz=32, trace=300168, class=java.lang.String@50000036)
ARR 50000957 (sz=16, trace=300167, nelems=0, elem type=char[])
OBJ 50000958 (sz=48, trace=300054, class=java.nio.HeapCharBuffer@500000a5)
ARR 50000959 (sz=24, trace=300177, nelems=1, elem type=java.lang.String[]@50000037)
	[0]		5000093c
OBJ 5000095a (sz=64, trace=300178, class=java.net.URL@50000050)
OBJ 5000095b (sz=24, trace=300179, class=java.lang.StringBuilder@5000004d)
ARR 5000095c (sz=48, trace=300180, nelems=0, elem type=char[])
OBJ 5000095d (sz=32, trace=300181, class=java.lang.String@50000036)
ARR 5000095e (sz=88, trace=300030, nelems=0, elem type=char[])
ARR 5000095f (sz=160, trace=300030, nelems=0, elem type=char[])
OBJ 50000960 (sz=32, trace=300182, class=java.lang.String@50000036)
ARR 50000961 (sz=112, trace=300183, nelems=0, elem type=char[])
OBJ 50000962 (sz=24, trace=300184, class=java.lang.StringBuilder@5000004d)
ARR 50000963 (sz=272, trace=300185, nelems=0, elem type=char[])
OBJ 50000964 (sz=32, trace=300186, class=java.lang.String@50000036)
	value		50000965
ARR 50000965 (sz=106, trace=300012, nelems=53, elem type=char[])
OBJ 50000966 (sz=32, trace=300187, class=java.util.HashMap$Entry@50000053)
	key		50000964
	value		500008fb
OBJ 50000967 (sz=16, trace=300188, class=java.util.HashSet@500000d6)
OBJ 50000968 (sz=48, trace=300189, class=java.util.HashMap@500000cb)
ARR 50000969 (sz=80, trace=300190, nelems=0, elem type=java.util.HashMap$Entry[]@50000054)
OBJ 5000096a (sz=24, trace=300009, class=java.lang.StringBuilder@5000004d)
ARR 5000096b (sz=272, trace=300010, nelems=0, elem type=char[])
OBJ 5000096c (sz=32, trace=300011, class=java.lang.String@50000036)
	value		5000096d
ARR 5000096d (sz=98, trace=300012, nelems=49, elem type=char[])
OBJ 5000096e (sz=24, trace=300014, class=sun.misc.URLClassPath$3@50000164)
OBJ 5000096f (sz=24, trace=300016, class=java.lang.StringBuilder@5000004d)
ARR 50000970 (sz=48, trace=300017, nelems=0, elem type=char[])
OBJ 50000971 (sz=24, trace=300026, class=java.lang.StringBuffer@5000005e)
ARR 50000972 (sz=112, trace=300027, nelems=0, elem type=char[])
OBJ 50000973 (sz=32, trace=300028, class=java.lang.String@50000036)
ARR 50000974 (sz=112, trace=300029, nelems=0, elem type=char[])
ARR 50000975 (sz=112, trace=300030, nelems=0, elem type=char[])
ARR 50000976 (sz=208, trace=300030, nelems=0, elem type=char[])
OBJ 50000977 (sz=32, trace=300031, class=java.lang.String@50000036)
	value		50000978
ARR 50000978 (sz=98, trace=300032, nelems=49, elem type=char[])
OBJ 50000979 (sz=64, trace=300033, class=java.net.URL@50000050)
	protocol	5000357d
	host		500032b6
	file		50000977
	authority	500032b6
	path		50000977
	handler		500033f6
OBJ 5000097a (sz=24, trace=300034, class=java.net.Parts@500000c3)
OBJ 5000097b (sz=40, trace=300035, class=sun.misc.URLClassPath$JarLoader@50000167)
	base		50000979
	jar		50000992
	csu		5000340d
	handler		500033f6
	lmap		500033f7
OBJ 5000097c (sz=24, trace=300036, class=java.lang.StringBuilder@5000004d)
ARR 5000097d (sz=48, trace=300037, nelems=0, elem type=char[])
ARR 5000097e (sz=88, trace=300038, nelems=0, elem type=char[])
ARR 5000097f (sz=160, trace=300038, nelems=0, elem type=char[])
OBJ 50000980 (sz=32, trace=300039, class=java.lang.String@50000036)
ARR 50000981 (sz=104, trace=300040, nelems=0, elem type=char[])
OBJ 50000982 (sz=24, trace=300041, class=java.io.File@500000b8)
OBJ 50000983 (sz=16, trace=300045, class=sun.misc.URLClassPath$JarLoader$1@5000018e)
OBJ 50000984 (sz=24, trace=300047, class=sun.misc.FileURLMapper@50000190)
OBJ 50000985 (sz=24, trace=300048, class=java.lang.StringBuilder@5000004d)
ARR 50000986 (sz=48, trace=300049, nelems=0, elem type=char[])
ARR 50000987 (sz=88, trace=300038, nelems=0, elem type=char[])
ARR 50000988 (sz=160, trace=300038, nelems=0, elem type=char[])
OBJ 50000989 (sz=32, trace=300050, class=java.lang.String@50000036)
	value		5000098a
ARR 5000098a (sz=84, trace=300040, nelems=42, elem type=char[])
OBJ 5000098b (sz=24, trace=300051, class=java.io.File@500000b8)
ARR 5000098c (sz=184, trace=300052, nelems=0, elem type=byte[])
OBJ 5000098d (sz=48, trace=300053, class=java.nio.HeapByteBuffer@50000087)
OBJ 5000098e (sz=48, trace=300054, class=java.nio.HeapCharBuffer@500000a5)
ARR 5000098f (sz=64, trace=300055, nelems=0, elem type=byte[])
OBJ 50000990 (sz=32, trace=300056, class=java.lang.String@50000036)
OBJ 50000991 (sz=24, trace=300064, class=java.io.File@500000b8)
OBJ 50000992 (sz=56, trace=300065, class=java.util.jar.JarFile@500001a0)
	name		50000989
	inflaters	50000994
	manEntry	5000099f
OBJ 50000993 (sz=40, trace=300066, class=java.lang.ref.Finalizer@500000f9)
	referent	50000992
	queue		500032ae
	next		50000923
	prev		500009a2
OBJ 50000994 (sz=32, trace=300067, class=java.util.Vector@50000004)
	elementData	50000995
ARR 50000995 (sz=56, trace=300068, nelems=1, elem type=java.lang.Object[]@500000ac)
	[0]		500009a3
ARR 50000996 (sz=184, trace=300069, nelems=0, elem type=byte[])
OBJ 50000997 (sz=48, trace=300053, class=java.nio.HeapByteBuffer@50000087)
OBJ 50000998 (sz=48, trace=300054, class=java.nio.HeapCharBuffer@500000a5)
ARR 50000999 (sz=64, trace=300055, nelems=0, elem type=byte[])
ARR 5000099a (sz=184, trace=300070, nelems=0, elem type=byte[])
OBJ 5000099b (sz=48, trace=300053, class=java.nio.HeapByteBuffer@50000087)
OBJ 5000099c (sz=48, trace=300054, class=java.nio.HeapCharBuffer@500000a5)
ARR 5000099d (sz=64, trace=300055, nelems=0, elem type=byte[])
OBJ 5000099e (sz=64, trace=300120, class=java.util.zip.ZipEntry@5000021b)
OBJ 5000099f (sz=80, trace=300122, class=java.util.jar.JarFile$JarFileEntry@5000021e)
	name		500032ec
	this$0		50000992
ARR 500009a0 (sz=96, trace=300123, nelems=0, elem type=byte[])
OBJ 500009a1 (sz=48, trace=300126, class=java.util.zip.ZipFile$ZipFileInputStream@50000223)
	this$0		50000992
OBJ 500009a2 (sz=40, trace=300066, class=java.lang.ref.Finalizer@500000f9)
	referent	500009a1
	queue		500032ae
	next		50000993
	prev		500009a4
OBJ 500009a3 (sz=32, trace=300137, class=java.util.zip.Inflater@50000269)
	zsRef		500009a5
	buf		5000026a
OBJ 500009a4 (sz=40, trace=300066, class=java.lang.ref.Finalizer@500000f9)
	referent	500009a3
	queue		500032ae
	next		500009a2
	prev		500009d9
OBJ 500009a5 (sz=24, trace=300139, class=java.util.zip.ZStreamRef@5000026d)
OBJ 500009a6 (sz=56, trace=300140, class=java.util.zip.ZipFile$1@50000268)
ARR 500009a7 (sz=24, trace=300141, nelems=0, elem type=byte[])
ARR 500009a8 (sz=528, trace=300142, nelems=0, elem type=byte[])
ARR 500009a9 (sz=96, trace=300143, nelems=0, elem type=byte[])
OBJ 500009aa (sz=32, trace=300127, class=java.io.DataInputStream@50000222)
ARR 500009ab (sz=96, trace=300128, nelems=0, elem type=byte[])
ARR 500009ac (sz=176, trace=300129, nelems=0, elem type=char[])
ARR 500009ad (sz=24, trace=300130, nelems=0, elem type=byte[])
ARR 500009ae (sz=80, trace=300192, nelems=0, elem type=java.lang.Object[]@500000ac)
OBJ 500009af (sz=32, trace=300131, class=java.util.HashMap$Entry@50000053)
	key		5000096c
	value		5000097b
OBJ 500009b0 (sz=24, trace=300009, class=java.lang.StringBuilder@5000004d)
ARR 500009b1 (sz=272, trace=300010, nelems=0, elem type=char[])
OBJ 500009b2 (sz=32, trace=300011, class=java.lang.String@50000036)
ARR 500009b3 (sz=120, trace=300012, nelems=0, elem type=char[])
OBJ 500009b4 (sz=24, trace=300014, class=sun.misc.URLClassPath$3@50000164)
OBJ 500009b5 (sz=24, trace=300016, class=java.lang.StringBuilder@5000004d)
ARR 500009b6 (sz=48, trace=300017, nelems=0, elem type=char[])
OBJ 500009b7 (sz=24, trace=300026, class=java.lang.StringBuffer@5000005e)
ARR 500009b8 (sz=112, trace=300027, nelems=0, elem type=char[])
OBJ 500009b9 (sz=32, trace=300028, class=java.lang.String@50000036)
ARR 500009ba (sz=112, trace=300029, nelems=0, elem type=char[])
ARR 500009bb (sz=112, trace=300030, nelems=0, elem type=char[])
ARR 500009bc (sz=216, trace=300030, nelems=0, elem type=char[])
OBJ 500009bd (sz=32, trace=300031, class=java.lang.String@50000036)
	value		500009be
ARR 500009be (sz=100, trace=300032, nelems=50, elem type=char[])
OBJ 500009bf (sz=64, trace=300033, class=java.net.URL@50000050)
	protocol	5000357d
	host		500032b6
	file		500009bd
	authority	500032b6
	path		500009bd
	handler		500033f6
OBJ 500009c0 (sz=24, trace=300034, class=java.net.Parts@500000c3)
OBJ 500009c1 (sz=40, trace=300035, class=sun.misc.URLClassPath$JarLoader@50000167)
	base		500009bf
	jar		500009d8
	csu		5000340e
	index		500009ef
	handler		500033f6
	lmap		500033f7
OBJ 500009c2 (sz=24, trace=300036, class=java.lang.StringBuilder@5000004d)
ARR 500009c3 (sz=48, trace=300037, nelems=0, elem type=char[])
ARR 500009c4 (sz=88, trace=300038, nelems=0, elem type=char[])
ARR 500009c5 (sz=160, trace=300038, nelems=0, elem type=char[])
OBJ 500009c6 (sz=32, trace=300039, class=java.lang.String@50000036)
ARR 500009c7 (sz=104, trace=300040, nelems=0, elem type=char[])
OBJ 500009c8 (sz=24, trace=300041, class=java.io.File@500000b8)
OBJ 500009c9 (sz=16, trace=300045, class=sun.misc.URLClassPath$JarLoader$1@5000018e)
OBJ 500009ca (sz=24, trace=300047, class=sun.misc.FileURLMapper@50000190)
OBJ 500009cb (sz=24, trace=300048, class=java.lang.StringBuilder@5000004d)
ARR 500009cc (sz=48, trace=300049, nelems=0, elem type=char[])
ARR 500009cd (sz=88, trace=300038, nelems=0, elem type=char[])
ARR 500009ce (sz=160, trace=300038, nelems=0, elem type=char[])
OBJ 500009cf (sz=32, trace=300050, class=java.lang.String@50000036)
	value		500009d0
ARR 500009d0 (sz=86, trace=300040, nelems=43, elem type=char[])
OBJ 500009d1 (sz=24, trace=300051, class=java.io.File@500000b8)
ARR 500009d2 (sz=192, trace=300052, nelems=0, elem type=byte[])
OBJ 500009d3 (sz=48, trace=300053, class=java.nio.HeapByteBuffer@50000087)
OBJ 500009d4 (sz=48, trace=300054, class=java.nio.HeapCharBuffer@500000a5)
ARR 500009d5 (sz=64, trace=300055, nelems=0, elem type=byte[])
OBJ 500009d6 (sz=32, trace=300056, class=java.lang.String@50000036)
OBJ 500009d7 (sz=24, trace=300064, class=java.io.File@500000b8)
OBJ 500009d8 (sz=56, trace=300065, class=java.util.jar.JarFile@500001a0)
	name		500009cf
	inflaters	500009da
OBJ 500009d9 (sz=40, trace=300066, class=java.lang.ref.Finalizer@500000f9)
	referent	500009d8
	queue		500032ae
	next		500009a4
	prev		500009e7
OBJ 500009da (sz=32, trace=300067, class=java.util.Vector@50000004)
	elementData	500009db
ARR 500009db (sz=56, trace=300068, nelems=0, elem type=java.lang.Object[]@500000ac)
ARR 500009dc (sz=192, trace=300069, nelems=0, elem type=byte[])
OBJ 500009dd (sz=48, trace=300053, class=java.nio.HeapByteBuffer@50000087)
OBJ 500009de (sz=48, trace=300054, class=java.nio.HeapCharBuffer@500000a5)
ARR 500009df (sz=64, trace=300055, nelems=0, elem type=byte[])
ARR 500009e0 (sz=192, trace=300070, nelems=0, elem type=byte[])
OBJ 500009e1 (sz=48, trace=300053, class=java.nio.HeapByteBuffer@50000087)
OBJ 500009e2 (sz=48, trace=300054, class=java.nio.HeapCharBuffer@500000a5)
ARR 500009e3 (sz=64, trace=300055, nelems=0, elem type=byte[])
OBJ 500009e4 (sz=64, trace=300120, class=java.util.zip.ZipEntry@5000021b)
OBJ 500009e5 (sz=80, trace=300122, class=java.util.jar.JarFile$JarFileEntry@5000021e)
OBJ 500009e6 (sz=48, trace=300126, class=java.util.zip.ZipFile$ZipFileInputStream@50000223)
	this$0		500009d8
OBJ 500009e7 (sz=40, trace=300066, class=java.lang.ref.Finalizer@500000f9)
	referent	500009e6
	queue		500032ae
	next		500009d9
	prev		500009e9
OBJ 500009e8 (sz=32, trace=300137, class=java.util.zip.Inflater@50000269)
	zsRef		500009ea
	buf		500009ee
OBJ 500009e9 (sz=40, trace=300066, class=java.lang.ref.Finalizer@500000f9)
	referent	500009e8
	queue		500032ae
	next		500009e7
	prev		50000a54
OBJ 500009ea (sz=24, trace=300139, class=java.util.zip.ZStreamRef@5000026d)
OBJ 500009eb (sz=56, trace=300140, class=java.util.zip.ZipFile$1@50000268)
ARR 500009ec (sz=24, trace=300141, nelems=0, elem type=byte[])
ARR 500009ed (sz=528, trace=300142, nelems=0, elem type=byte[])
ARR 500009ee (sz=58, trace=300143, nelems=58, elem type=byte[])
OBJ 500009ef (sz=24, trace=300144, class=sun.misc.JarIndex@500001ee)
	indexMap	500009f0
	jarMap		500009f2
	jarFiles	50000a18
OBJ 500009f0 (sz=48, trace=300145, class=java.util.HashMap@500000cb)
	table		500009f1
ARR 500009f1 (sz=80, trace=300146, nelems=7, elem type=java.util.HashMap$Entry[]@50000054)
	[3]		50000a13
	[6]		50000a09
OBJ 500009f2 (sz=48, trace=300147, class=java.util.HashMap@500000cb)
	table		500009f3
ARR 500009f3 (sz=80, trace=300148, nelems=16, elem type=java.util.HashMap$Entry[]@50000054)
	[15]		50000a0d
OBJ 500009f4 (sz=24, trace=300151, class=java.io.InputStreamReader@5000027a)
OBJ 500009f5 (sz=40, trace=300158, class=sun.nio.cs.UTF_8$Decoder@50000281)
OBJ 500009f6 (sz=48, trace=300160, class=sun.nio.cs.StreamDecoder@5000027c)
ARR 500009f7 (sz=8208, trace=300161, nelems=0, elem type=byte[])
OBJ 500009f8 (sz=48, trace=300162, class=java.nio.HeapByteBuffer@50000087)
OBJ 500009f9 (sz=48, trace=300163, class=java.io.BufferedReader@50000279)
ARR 500009fa (sz=16400, trace=300164, nelems=0, elem type=char[])
OBJ 500009fb (sz=32, trace=300067, class=java.util.Vector@50000004)
ARR 500009fc (sz=56, trace=300165, nelems=0, elem type=java.lang.Object[]@500000ac)
OBJ 500009fd (sz=48, trace=300054, class=java.nio.HeapCharBuffer@500000a5)
OBJ 500009fe (sz=32, trace=300166, class=java.lang.String@50000036)
ARR 500009ff (sz=64, trace=300167, nelems=0, elem type=char[])
OBJ 50000a00 (sz=32, trace=300166, class=java.lang.String@50000036)
ARR 50000a01 (sz=16, trace=300167, nelems=0, elem type=char[])
OBJ 50000a02 (sz=32, trace=300166, class=java.lang.String@50000036)
	value		50000a03
ARR 50000a03 (sz=22, trace=300167, nelems=11, elem type=char[])
OBJ 50000a04 (sz=32, trace=300168, class=java.lang.String@50000036)
	value		50000a05
ARR 50000a05 (sz=10, trace=300167, nelems=5, elem type=char[])
OBJ 50000a06 (sz=24, trace=300170, class=java.util.LinkedList@50000297)
	header		50000a07
OBJ 50000a07 (sz=24, trace=300172, class=java.util.LinkedList$Entry@50000299)
	next		50000a08
	previous	50000a08
OBJ 50000a08 (sz=24, trace=300173, class=java.util.LinkedList$Entry@50000299)
	element		50000a02
	next		50000a07
	previous	50000a07
OBJ 50000a09 (sz=32, trace=300174, class=java.util.HashMap$Entry@50000053)
	key		50000a04
	value		50000a06
OBJ 50000a0a (sz=24, trace=300170, class=java.util.LinkedList@50000297)
	header		50000a0b
OBJ 50000a0b (sz=24, trace=300175, class=java.util.LinkedList$Entry@50000299)
	next		50000a0c
	previous	50000a14
OBJ 50000a0c (sz=24, trace=300173, class=java.util.LinkedList$Entry@50000299)
	element		50000a04
	next		50000a14
	previous	50000a0b
OBJ 50000a0d (sz=32, trace=300174, class=java.util.HashMap$Entry@50000053)
	key		50000a02
	value		50000a0a
OBJ 50000a0e (sz=32, trace=300168, class=java.lang.String@50000036)
	value		50000a0f
ARR 50000a0f (sz=26, trace=300167, nelems=13, elem type=char[])
OBJ 50000a10 (sz=24, trace=300170, class=java.util.LinkedList@50000297)
	header		50000a11
OBJ 50000a11 (sz=24, trace=300172, class=java.util.LinkedList$Entry@50000299)
	next		50000a12
	previous	50000a12
OBJ 50000a12 (sz=24, trace=300173, class=java.util.LinkedList$Entry@50000299)
	element		50000a02
	next		50000a11
	previous	50000a11
OBJ 50000a13 (sz=32, trace=300174, class=java.util.HashMap$Entry@50000053)
	key		50000a0e
	value		50000a10
OBJ 50000a14 (sz=24, trace=300176, class=java.util.LinkedList$Entry@50000299)
	element		50000a0e
	next		50000a0b
	previous	50000a0c
OBJ 50000a15 (sz=32, trace=300168, class=java.lang.String@50000036)
ARR 50000a16 (sz=16, trace=300167, nelems=0, elem type=char[])
OBJ 50000a17 (sz=48, trace=300054, class=java.nio.HeapCharBuffer@500000a5)
ARR 50000a18 (sz=24, trace=300177, nelems=1, elem type=java.lang.String[]@50000037)
	[0]		50000a02
OBJ 50000a19 (sz=64, trace=300178, class=java.net.URL@50000050)
OBJ 50000a1a (sz=24, trace=300179, class=java.lang.StringBuilder@5000004d)
ARR 50000a1b (sz=48, trace=300180, nelems=0, elem type=char[])
OBJ 50000a1c (sz=32, trace=300181, class=java.lang.String@50000036)
ARR 50000a1d (sz=88, trace=300030, nelems=0, elem type=char[])
ARR 50000a1e (sz=160, trace=300030, nelems=0, elem type=char[])
OBJ 50000a1f (sz=32, trace=300182, class=java.lang.String@50000036)
ARR 50000a20 (sz=104, trace=300183, nelems=0, elem type=char[])
OBJ 50000a21 (sz=24, trace=300184, class=java.lang.StringBuilder@5000004d)
ARR 50000a22 (sz=272, trace=300185, nelems=0, elem type=char[])
OBJ 50000a23 (sz=32, trace=300186, class=java.lang.String@50000036)
	value		50000a24
ARR 50000a24 (sz=100, trace=300012, nelems=50, elem type=char[])
OBJ 50000a25 (sz=32, trace=300187, class=java.util.HashMap$Entry@50000053)
	key		50000a23
	value		500009c1
OBJ 50000a26 (sz=16, trace=300188, class=java.util.HashSet@500000d6)
OBJ 50000a27 (sz=48, trace=300189, class=java.util.HashMap@500000cb)
ARR 50000a28 (sz=80, trace=300190, nelems=0, elem type=java.util.HashMap$Entry[]@50000054)
OBJ 50000a29 (sz=24, trace=300009, class=java.lang.StringBuilder@5000004d)
ARR 50000a2a (sz=272, trace=300010, nelems=0, elem type=char[])
OBJ 50000a2b (sz=32, trace=300011, class=java.lang.String@50000036)
ARR 50000a2c (sz=216, trace=300012, nelems=0, elem type=char[])
OBJ 50000a2d (sz=24, trace=300014, class=sun.misc.URLClassPath$3@50000164)
OBJ 50000a2e (sz=24, trace=300016, class=java.lang.StringBuilder@5000004d)
ARR 50000a2f (sz=48, trace=300017, nelems=0, elem type=char[])
OBJ 50000a30 (sz=24, trace=300026, class=java.lang.StringBuffer@5000005e)
ARR 50000a31 (sz=208, trace=300027, nelems=0, elem type=char[])
OBJ 50000a32 (sz=32, trace=300028, class=java.lang.String@50000036)
ARR 50000a33 (sz=208, trace=300029, nelems=0, elem type=char[])
ARR 50000a34 (sz=208, trace=300030, nelems=0, elem type=char[])
ARR 50000a35 (sz=408, trace=300030, nelems=0, elem type=char[])
OBJ 50000a36 (sz=32, trace=300031, class=java.lang.String@50000036)
	value		50000a37
ARR 50000a37 (sz=196, trace=300032, nelems=98, elem type=char[])
OBJ 50000a38 (sz=64, trace=300033, class=java.net.URL@50000050)
	protocol	5000357d
	host		500032b6
	file		50000a36
	authority	500032b6
	path		50000a36
	handler		500033f6
OBJ 50000a39 (sz=24, trace=300034, class=java.net.Parts@500000c3)
OBJ 50000a3a (sz=40, trace=300035, class=sun.misc.URLClassPath$JarLoader@50000167)
	base		50000a38
	jar		50000a53
	csu		5000340f
	index		50002b3a
	handler		500033f6
	lmap		500033f7
OBJ 50000a3b (sz=24, trace=300036, class=java.lang.StringBuilder@5000004d)
ARR 50000a3c (sz=48, trace=300037, nelems=0, elem type=char[])
ARR 50000a3d (sz=88, trace=300038, nelems=0, elem type=char[])
ARR 50000a3e (sz=160, trace=300038, nelems=0, elem type=char[])
ARR 50000a3f (sz=304, trace=300038, nelems=0, elem type=char[])
OBJ 50000a40 (sz=32, trace=300039, class=java.lang.String@50000036)
ARR 50000a41 (sz=200, trace=300040, nelems=0, elem type=char[])
OBJ 50000a42 (sz=24, trace=300041, class=java.io.File@500000b8)
OBJ 50000a43 (sz=16, trace=300045, class=sun.misc.URLClassPath$JarLoader$1@5000018e)
OBJ 50000a44 (sz=24, trace=300047, class=sun.misc.FileURLMapper@50000190)
OBJ 50000a45 (sz=24, trace=300048, class=java.lang.StringBuilder@5000004d)
ARR 50000a46 (sz=48, trace=300049, nelems=0, elem type=char[])
ARR 50000a47 (sz=88, trace=300038, nelems=0, elem type=char[])
ARR 50000a48 (sz=160, trace=300038, nelems=0, elem type=char[])
ARR 50000a49 (sz=304, trace=300038, nelems=0, elem type=char[])
OBJ 50000a4a (sz=32, trace=300050, class=java.lang.String@50000036)
	value		50000a4b
ARR 50000a4b (sz=182, trace=300040, nelems=91, elem type=char[])
OBJ 50000a4c (sz=24, trace=300051, class=java.io.File@500000b8)
ARR 50000a4d (sz=384, trace=300052, nelems=0, elem type=byte[])
OBJ 50000a4e (sz=48, trace=300053, class=java.nio.HeapByteBuffer@50000087)
OBJ 50000a4f (sz=48, trace=300054, class=java.nio.HeapCharBuffer@500000a5)
ARR 50000a50 (sz=112, trace=300055, nelems=0, elem type=byte[])
OBJ 50000a51 (sz=32, trace=300056, class=java.lang.String@50000036)
OBJ 50000a52 (sz=24, trace=300064, class=java.io.File@500000b8)
OBJ 50000a53 (sz=56, trace=300065, class=java.util.jar.JarFile@500001a0)
	name		50000a4a
	inflaters	50000a55
	manRef		50000cd3
	manEntry	50000a62
	jv		50000cbb
OBJ 50000a54 (sz=40, trace=300066, class=java.lang.ref.Finalizer@500000f9)
	referent	50000a53
	queue		500032ae
	next		500009e9
	prev		50000a65
OBJ 50000a55 (sz=32, trace=300067, class=java.util.Vector@50000004)
	elementData	50000a56
ARR 50000a56 (sz=56, trace=300068, nelems=0, elem type=java.lang.Object[]@500000ac)
ARR 50000a57 (sz=384, trace=300069, nelems=0, elem type=byte[])
OBJ 50000a58 (sz=48, trace=300053, class=java.nio.HeapByteBuffer@50000087)
OBJ 50000a59 (sz=48, trace=300054, class=java.nio.HeapCharBuffer@500000a5)
ARR 50000a5a (sz=112, trace=300055, nelems=0, elem type=byte[])
ARR 50000a5b (sz=384, trace=300070, nelems=0, elem type=byte[])
OBJ 50000a5c (sz=48, trace=300053, class=java.nio.HeapByteBuffer@50000087)
OBJ 50000a5d (sz=48, trace=300054, class=java.nio.HeapCharBuffer@500000a5)
ARR 50000a5e (sz=112, trace=300055, nelems=0, elem type=byte[])
OBJ 50000a5f (sz=64, trace=300120, class=java.util.zip.ZipEntry@5000021b)
OBJ 50000a60 (sz=80, trace=300122, class=java.util.jar.JarFile$JarFileEntry@5000021e)
OBJ 50000a61 (sz=64, trace=300120, class=java.util.zip.ZipEntry@5000021b)
OBJ 50000a62 (sz=80, trace=300122, class=java.util.jar.JarFile$JarFileEntry@5000021e)
	name		500032ec
	this$0		50000a53
ARR 50000a63 (sz=3304, trace=300193, nelems=0, elem type=byte[])
OBJ 50000a64 (sz=48, trace=300126, class=java.util.zip.ZipFile$ZipFileInputStream@50000223)
	this$0		50000a53
OBJ 50000a65 (sz=40, trace=300066, class=java.lang.ref.Finalizer@500000f9)
	referent	50000a64
	queue		500032ae
	next		50000a54
	prev		50000a67
OBJ 50000a66 (sz=32, trace=300137, class=java.util.zip.Inflater@50000269)
	zsRef		50000a68
	buf		50002610
OBJ 50000a67 (sz=40, trace=300066, class=java.lang.ref.Finalizer@500000f9)
	referent	50000a66
	queue		500032ae
	next		50000a65
	prev		50000ce7
OBJ 50000a68 (sz=24, trace=300139, class=java.util.zip.ZStreamRef@5000026d)
OBJ 50000a69 (sz=56, trace=300140, class=java.util.zip.ZipFile$1@50000268)
ARR 50000a6a (sz=24, trace=300141, nelems=0, elem type=byte[])
ARR 50000a6b (sz=528, trace=300142, nelems=0, elem type=byte[])
ARR 50000a6c (sz=3304, trace=300143, nelems=0, elem type=byte[])
OBJ 50000a6d (sz=32, trace=300194, class=java.io.DataInputStream@50000222)
ARR 50000a6e (sz=96, trace=300195, nelems=0, elem type=byte[])
ARR 50000a6f (sz=176, trace=300196, nelems=0, elem type=char[])
ARR 50000a70 (sz=24, trace=300197, nelems=0, elem type=byte[])
OBJ 50000a73 (sz=32, trace=300200, class=java.io.ByteArrayInputStream@50000a72)
OBJ 50000a74 (sz=24, trace=300201, class=java.util.jar.Manifest@50000a71)
	attr		50000a76
	entries		50000a79
OBJ 50000a76 (sz=16, trace=300203, class=java.util.jar.Attributes@50000a75)
	map		50000a77
OBJ 50000a77 (sz=48, trace=300204, class=java.util.HashMap@500000cb)
	table		50000a78
ARR 50000a78 (sz=80, trace=300205, nelems=11, elem type=java.util.HashMap$Entry[]@50000054)
	[1]		50000aa7
	[6]		50000a9f
	[10]		50000aaf
OBJ 50000a79 (sz=48, trace=300206, class=java.util.HashMap@500000cb)
	table		50000c4b
ARR 50000a7a (sz=80, trace=300207, nelems=0, elem type=java.util.HashMap$Entry[]@50000054)
OBJ 50000a7c (sz=32, trace=300209, class=java.util.jar.Manifest$FastInputStream@50000a7b)
ARR 50000a7d (sz=8208, trace=300210, nelems=0, elem type=byte[])
ARR 50000a7e (sz=528, trace=300211, nelems=0, elem type=byte[])
OBJ 50000a7f (sz=32, trace=300212, class=java.lang.String@50000036)
ARR 50000a80 (sz=48, trace=300213, nelems=0, elem type=char[])
OBJ 50000a81 (sz=32, trace=300214, class=java.lang.String@50000036)
	value		50000a87
OBJ 50000a82 (sz=32, trace=300215, class=java.lang.ThreadLocal$ThreadLocalMap$Entry@5000008e)
OBJ 50000a84 (sz=24, trace=300217, class=java.lang.StringCoding$StringDecoder@50000a83)
OBJ 50000a85 (sz=40, trace=300158, class=sun.nio.cs.UTF_8$Decoder@50000281)
OBJ 50000a86 (sz=40, trace=300218, class=java.lang.ref.SoftReference@500000c8)
ARR 50000a87 (sz=6, trace=300219, nelems=3, elem type=char[])
OBJ 50000a88 (sz=48, trace=300053, class=java.nio.HeapByteBuffer@50000087)
OBJ 50000a89 (sz=48, trace=300054, class=java.nio.HeapCharBuffer@500000a5)
OBJ 50000a8b (sz=24, trace=300221, class=java.util.jar.Attributes$Name@50000a8a)
	name		500039ee
OBJ 50000a8c (sz=24, trace=300222, class=java.util.jar.Attributes$Name@50000a8a)
	name		500039ef
OBJ 50000a8d (sz=24, trace=300223, class=java.util.jar.Attributes$Name@50000a8a)
	name		500039f0
OBJ 50000a8e (sz=24, trace=300224, class=java.util.jar.Attributes$Name@50000a8a)
	name		500039f1
OBJ 50000a8f (sz=24, trace=300225, class=java.util.jar.Attributes$Name@50000a8a)
	name		500039f2
OBJ 50000a90 (sz=24, trace=300226, class=java.util.jar.Attributes$Name@50000a8a)
	name		500039f3
OBJ 50000a91 (sz=24, trace=300227, class=java.util.jar.Attributes$Name@50000a8a)
	name		500039f4
OBJ 50000a92 (sz=24, trace=300228, class=java.util.jar.Attributes$Name@50000a8a)
	name		500039f5
OBJ 50000a93 (sz=24, trace=300229, class=java.util.jar.Attributes$Name@50000a8a)
	name		500039f6
OBJ 50000a94 (sz=24, trace=300230, class=java.util.jar.Attributes$Name@50000a8a)
	name		500039f7
OBJ 50000a95 (sz=24, trace=300231, class=java.util.jar.Attributes$Name@50000a8a)
	name		500039f8
OBJ 50000a96 (sz=24, trace=300232, class=java.util.jar.Attributes$Name@50000a8a)
	name		500039f9
OBJ 50000a97 (sz=24, trace=300233, class=java.util.jar.Attributes$Name@50000a8a)
	name		500039fa
OBJ 50000a98 (sz=24, trace=300234, class=java.util.jar.Attributes$Name@50000a8a)
	name		500039fb
OBJ 50000a99 (sz=24, trace=300235, class=java.util.jar.Attributes$Name@50000a8a)
	name		500039fc
OBJ 50000a9a (sz=24, trace=300236, class=java.util.jar.Attributes$Name@50000a8a)
	name		500039fd
OBJ 50000a9b (sz=24, trace=300237, class=java.util.jar.Attributes$Name@50000a8a)
	name		500039fe
OBJ 50000a9c (sz=24, trace=300238, class=java.util.jar.Attributes$Name@50000a8a)
	name		500039ee
OBJ 50000a9e (sz=16, trace=300240, class=sun.misc.ASCIICaseInsensitiveComparator@50000a9d)
OBJ 50000a9f (sz=32, trace=300241, class=java.util.HashMap$Entry@50000053)
	key		50000a9c
	value		50000a81
OBJ 50000aa0 (sz=32, trace=300212, class=java.lang.String@50000036)
ARR 50000aa1 (sz=40, trace=300213, nelems=0, elem type=char[])
OBJ 50000aa2 (sz=32, trace=300214, class=java.lang.String@50000036)
	value		50000aa3
ARR 50000aa3 (sz=32, trace=300219, nelems=16, elem type=char[])
OBJ 50000aa4 (sz=48, trace=300053, class=java.nio.HeapByteBuffer@50000087)
OBJ 50000aa5 (sz=48, trace=300054, class=java.nio.HeapCharBuffer@500000a5)
OBJ 50000aa6 (sz=24, trace=300238, class=java.util.jar.Attributes$Name@50000a8a)
	name		50003a10
OBJ 50000aa7 (sz=32, trace=300241, class=java.util.HashMap$Entry@50000053)
	key		50000aa6
	value		50000aa2
OBJ 50000aa8 (sz=32, trace=300212, class=java.lang.String@50000036)
ARR 50000aa9 (sz=40, trace=300213, nelems=0, elem type=char[])
OBJ 50000aaa (sz=32, trace=300214, class=java.lang.String@50000036)
	value		50000aab
ARR 50000aab (sz=72, trace=300219, nelems=36, elem type=char[])
OBJ 50000aac (sz=48, trace=300053, class=java.nio.HeapByteBuffer@50000087)
OBJ 50000aad (sz=48, trace=300054, class=java.nio.HeapCharBuffer@500000a5)
OBJ 50000aae (sz=24, trace=300238, class=java.util.jar.Attributes$Name@50000a8a)
	name		500039ec
OBJ 50000aaf (sz=32, trace=300241, class=java.util.HashMap$Entry@50000053)
	key		50000aae
	value		50000aaa
OBJ 50000ab0 (sz=32, trace=300242, class=java.lang.String@50000036)
	value		50000ab1
ARR 50000ab1 (sz=94, trace=300243, nelems=47, elem type=char[])
OBJ 50000ab2 (sz=48, trace=300053, class=java.nio.HeapByteBuffer@50000087)
OBJ 50000ab3 (sz=48, trace=300054, class=java.nio.HeapCharBuffer@500000a5)
OBJ 50000ab4 (sz=16, trace=300244, class=java.util.jar.Attributes@50000a75)
	map		50000ab5
OBJ 50000ab5 (sz=48, trace=300204, class=java.util.HashMap@500000cb)
	table		50000ab6
ARR 50000ab6 (sz=24, trace=300245, nelems=1, elem type=java.util.HashMap$Entry[]@50000054)
	[0]		50000abf
OBJ 50000ab7 (sz=32, trace=300246, class=java.util.HashMap$Entry@50000053)
	key		50000ab0
	value		50000ab4
OBJ 50000ab8 (sz=32, trace=300247, class=java.lang.String@50000036)
ARR 50000ab9 (sz=40, trace=300248, nelems=0, elem type=char[])
OBJ 50000aba (sz=32, trace=300249, class=java.lang.String@50000036)
	value		50000abb
ARR 50000abb (sz=56, trace=300219, nelems=28, elem type=char[])
OBJ 50000abc (sz=48, trace=300053, class=java.nio.HeapByteBuffer@50000087)
OBJ 50000abd (sz=48, trace=300054, class=java.nio.HeapCharBuffer@500000a5)
OBJ 50000abe (sz=24, trace=300250, class=java.util.jar.Attributes$Name@50000a8a)
	name		50003a12
OBJ 50000abf (sz=32, trace=300241, class=java.util.HashMap$Entry@50000053)
	key		50000abe
	value		50000aba
OBJ 50000ac0 (sz=32, trace=300242, class=java.lang.String@50000036)
	value		50000ac1
ARR 50000ac1 (sz=86, trace=300243, nelems=43, elem type=char[])
OBJ 50000ac2 (sz=48, trace=300053, class=java.nio.HeapByteBuffer@50000087)
OBJ 50000ac3 (sz=48, trace=300054, class=java.nio.HeapCharBuffer@500000a5)
OBJ 50000ac4 (sz=16, trace=300244, class=java.util.jar.Attributes@50000a75)
	map		50000ac5
OBJ 50000ac5 (sz=48, trace=300204, class=java.util.HashMap@500000cb)
	table		50000ac6
ARR 50000ac6 (sz=24, trace=300245, nelems=1, elem type=java.util.HashMap$Entry[]@50000054)
	[0]		50000acf
OBJ 50000ac7 (sz=32, trace=300246, class=java.util.HashMap$Entry@50000053)
	key		50000ac0
	value		50000ac4
OBJ 50000ac8 (sz=32, trace=300247, class=java.lang.String@50000036)
ARR 50000ac9 (sz=40, trace=300248, nelems=0, elem type=char[])
OBJ 50000aca (sz=32, trace=300249, class=java.lang.String@50000036)
	value		50000acb
ARR 50000acb (sz=56, trace=300219, nelems=28, elem type=char[])
OBJ 50000acc (sz=48, trace=300053, class=java.nio.HeapByteBuffer@50000087)
OBJ 50000acd (sz=48, trace=300054, class=java.nio.HeapCharBuffer@500000a5)
OBJ 50000ace (sz=24, trace=300250, class=java.util.jar.Attributes$Name@50000a8a)
	name		50003a12
OBJ 50000acf (sz=32, trace=300241, class=java.util.HashMap$Entry@50000053)
	key		50000ace
	value		50000aca
OBJ 50000ad0 (sz=32, trace=300242, class=java.lang.String@50000036)
	value		50000ad1
ARR 50000ad1 (sz=90, trace=300243, nelems=45, elem type=char[])
OBJ 50000ad2 (sz=48, trace=300053, class=java.nio.HeapByteBuffer@50000087)
OBJ 50000ad3 (sz=48, trace=300054, class=java.nio.HeapCharBuffer@500000a5)
OBJ 50000ad4 (sz=16, trace=300244, class=java.util.jar.Attributes@50000a75)
	map		50000ad5
OBJ 50000ad5 (sz=48, trace=300204, class=java.util.HashMap@500000cb)
	table		50000ad6
ARR 50000ad6 (sz=24, trace=300245, nelems=1, elem type=java.util.HashMap$Entry[]@50000054)
	[0]		50000adf
OBJ 50000ad7 (sz=32, trace=300246, class=java.util.HashMap$Entry@50000053)
	key		50000ad0
	value		50000ad4
OBJ 50000ad8 (sz=32, trace=300247, class=java.lang.String@50000036)
ARR 50000ad9 (sz=40, trace=300248, nelems=0, elem type=char[])
OBJ 50000ada (sz=32, trace=300249, class=java.lang.String@50000036)
	value		50000adb
ARR 50000adb (sz=56, trace=300219, nelems=28, elem type=char[])
OBJ 50000adc (sz=48, trace=300053, class=java.nio.HeapByteBuffer@50000087)
OBJ 50000add (sz=48, trace=300054, class=java.nio.HeapCharBuffer@500000a5)
OBJ 50000ade (sz=24, trace=300250, class=java.util.jar.Attributes$Name@50000a8a)
	name		50003a12
OBJ 50000adf (sz=32, trace=300241, class=java.util.HashMap$Entry@50000053)
	key		50000ade
	value		50000ada
OBJ 50000ae0 (sz=32, trace=300242, class=java.lang.String@50000036)
	value		50000ae1
ARR 50000ae1 (sz=80, trace=300243, nelems=40, elem type=char[])
OBJ 50000ae2 (sz=48, trace=300053, class=java.nio.HeapByteBuffer@50000087)
OBJ 50000ae3 (sz=48, trace=300054, class=java.nio.HeapCharBuffer@500000a5)
OBJ 50000ae4 (sz=16, trace=300244, class=java.util.jar.Attributes@50000a75)
	map		50000ae5
OBJ 50000ae5 (sz=48, trace=300204, class=java.util.HashMap@500000cb)
	table		50000ae6
ARR 50000ae6 (sz=24, trace=300245, nelems=1, elem type=java.util.HashMap$Entry[]@50000054)
	[0]		50000aef
OBJ 50000ae7 (sz=32, trace=300246, class=java.util.HashMap$Entry@50000053)
	key		50000ae0
	value		50000ae4
OBJ 50000ae8 (sz=32, trace=300247, class=java.lang.String@50000036)
ARR 50000ae9 (sz=40, trace=300248, nelems=0, elem type=char[])
OBJ 50000aea (sz=32, trace=300249, class=java.lang.String@50000036)
	value		50000aeb
ARR 50000aeb (sz=56, trace=300219, nelems=28, elem type=char[])
OBJ 50000aec (sz=48, trace=300053, class=java.nio.HeapByteBuffer@50000087)
OBJ 50000aed (sz=48, trace=300054, class=java.nio.HeapCharBuffer@500000a5)
OBJ 50000aee (sz=24, trace=300250, class=java.util.jar.Attributes$Name@50000a8a)
	name		50003a12
OBJ 50000aef (sz=32, trace=300241, class=java.util.HashMap$Entry@50000053)
	key		50000aee
	value		50000aea
OBJ 50000af0 (sz=32, trace=300242, class=java.lang.String@50000036)
	value		50000af1
ARR 50000af1 (sz=90, trace=300243, nelems=45, elem type=char[])
OBJ 50000af2 (sz=48, trace=300053, class=java.nio.HeapByteBuffer@50000087)
OBJ 50000af3 (sz=48, trace=300054, class=java.nio.HeapCharBuffer@500000a5)
OBJ 50000af4 (sz=16, trace=300244, class=java.util.jar.Attributes@50000a75)
	map		50000af5
OBJ 50000af5 (sz=48, trace=300204, class=java.util.HashMap@500000cb)
	table		50000af6
ARR 50000af6 (sz=24, trace=300245, nelems=1, elem type=java.util.HashMap$Entry[]@50000054)
	[0]		50000aff
OBJ 50000af7 (sz=32, trace=300246, class=java.util.HashMap$Entry@50000053)
	key		50000af0
	value		50000af4
OBJ 50000af8 (sz=32, trace=300247, class=java.lang.String@50000036)
ARR 50000af9 (sz=40, trace=300248, nelems=0, elem type=char[])
OBJ 50000afa (sz=32, trace=300249, class=java.lang.String@50000036)
	value		50000afb
ARR 50000afb (sz=56, trace=300219, nelems=28, elem type=char[])
OBJ 50000afc (sz=48, trace=300053, class=java.nio.HeapByteBuffer@50000087)
OBJ 50000afd (sz=48, trace=300054, class=java.nio.HeapCharBuffer@500000a5)
OBJ 50000afe (sz=24, trace=300250, class=java.util.jar.Attributes$Name@50000a8a)
	name		50003a12
OBJ 50000aff (sz=32, trace=300241, class=java.util.HashMap$Entry@50000053)
	key		50000afe
	value		50000afa
OBJ 50000b00 (sz=32, trace=300242, class=java.lang.String@50000036)
	value		50000b01
ARR 50000b01 (sz=94, trace=300243, nelems=47, elem type=char[])
OBJ 50000b02 (sz=48, trace=300053, class=java.nio.HeapByteBuffer@50000087)
OBJ 50000b03 (sz=48, trace=300054, class=java.nio.HeapCharBuffer@500000a5)
OBJ 50000b04 (sz=16, trace=300244, class=java.util.jar.Attributes@50000a75)
	map		50000b05
OBJ 50000b05 (sz=48, trace=300204, class=java.util.HashMap@500000cb)
	table		50000b06
ARR 50000b06 (sz=24, trace=300245, nelems=1, elem type=java.util.HashMap$Entry[]@50000054)
	[0]		50000b0f
OBJ 50000b07 (sz=32, trace=300246, class=java.util.HashMap$Entry@50000053)
	key		50000b00
	value		50000b04
OBJ 50000b08 (sz=32, trace=300247, class=java.lang.String@50000036)
ARR 50000b09 (sz=40, trace=300248, nelems=0, elem type=char[])
OBJ 50000b0a (sz=32, trace=300249, class=java.lang.String@50000036)
	value		50000b0b
ARR 50000b0b (sz=56, trace=300219, nelems=28, elem type=char[])
OBJ 50000b0c (sz=48, trace=300053, class=java.nio.HeapByteBuffer@50000087)
OBJ 50000b0d (sz=48, trace=300054, class=java.nio.HeapCharBuffer@500000a5)
OBJ 50000b0e (sz=24, trace=300250, class=java.util.jar.Attributes$Name@50000a8a)
	name		50003a12
OBJ 50000b0f (sz=32, trace=300241, class=java.util.HashMap$Entry@50000053)
	key		50000b0e
	value		50000b0a
OBJ 50000b10 (sz=32, trace=300242, class=java.lang.String@50000036)
	value		50000b11
ARR 50000b11 (sz=90, trace=300243, nelems=45, elem type=char[])
OBJ 50000b12 (sz=48, trace=300053, class=java.nio.HeapByteBuffer@50000087)
OBJ 50000b13 (sz=48, trace=300054, class=java.nio.HeapCharBuffer@500000a5)
OBJ 50000b14 (sz=16, trace=300244, class=java.util.jar.Attributes@50000a75)
	map		50000b15
OBJ 50000b15 (sz=48, trace=300204, class=java.util.HashMap@500000cb)
	table		50000b16
ARR 50000b16 (sz=24, trace=300245, nelems=1, elem type=java.util.HashMap$Entry[]@50000054)
	[0]		50000b1f
OBJ 50000b17 (sz=32, trace=300246, class=java.util.HashMap$Entry@50000053)
	key		50000b10
	value		50000b14
OBJ 50000b18 (sz=32, trace=300247, class=java.lang.String@50000036)
ARR 50000b19 (sz=40, trace=300248, nelems=0, elem type=char[])
OBJ 50000b1a (sz=32, trace=300249, class=java.lang.String@50000036)
	value		50000b1b
ARR 50000b1b (sz=56, trace=300219, nelems=28, elem type=char[])
OBJ 50000b1c (sz=48, trace=300053, class=java.nio.HeapByteBuffer@50000087)
OBJ 50000b1d (sz=48, trace=300054, class=java.nio.HeapCharBuffer@500000a5)
OBJ 50000b1e (sz=24, trace=300250, class=java.util.jar.Attributes$Name@50000a8a)
	name		50003a12
OBJ 50000b1f (sz=32, trace=300241, class=java.util.HashMap$Entry@50000053)
	key		50000b1e
	value		50000b1a
OBJ 50000b20 (sz=32, trace=300242, class=java.lang.String@50000036)
ARR 50000b21 (sz=144, trace=300243, nelems=0, elem type=char[])
OBJ 50000b22 (sz=48, trace=300053, class=java.nio.HeapByteBuffer@50000087)
OBJ 50000b23 (sz=48, trace=300054, class=java.nio.HeapCharBuffer@500000a5)
ARR 50000b24 (sz=80, trace=300251, nelems=0, elem type=byte[])
ARR 50000b25 (sz=96, trace=300252, nelems=0, elem type=byte[])
OBJ 50000b26 (sz=32, trace=300253, class=java.lang.String@50000036)
	value		50000b27
ARR 50000b27 (sz=158, trace=300254, nelems=79, elem type=char[])
OBJ 50000b28 (sz=48, trace=300053, class=java.nio.HeapByteBuffer@50000087)
OBJ 50000b29 (sz=48, trace=300054, class=java.nio.HeapCharBuffer@500000a5)
OBJ 50000b2a (sz=16, trace=300244, class=java.util.jar.Attributes@50000a75)
	map		50000b2b
OBJ 50000b2b (sz=48, trace=300204, class=java.util.HashMap@500000cb)
	table		50000b2c
ARR 50000b2c (sz=24, trace=300245, nelems=1, elem type=java.util.HashMap$Entry[]@50000054)
	[0]		50000b35
OBJ 50000b2d (sz=32, trace=300246, class=java.util.HashMap$Entry@50000053)
	key		50000b26
	value		50000b2a
OBJ 50000b2e (sz=32, trace=300247, class=java.lang.String@50000036)
ARR 50000b2f (sz=40, trace=300248, nelems=0, elem type=char[])
OBJ 50000b30 (sz=32, trace=300249, class=java.lang.String@50000036)
	value		50000b31
ARR 50000b31 (sz=56, trace=300219, nelems=28, elem type=char[])
OBJ 50000b32 (sz=48, trace=300053, class=java.nio.HeapByteBuffer@50000087)
OBJ 50000b33 (sz=48, trace=300054, class=java.nio.HeapCharBuffer@500000a5)
OBJ 50000b34 (sz=24, trace=300250, class=java.util.jar.Attributes$Name@50000a8a)
	name		50003a12
OBJ 50000b35 (sz=32, trace=300241, class=java.util.HashMap$Entry@50000053)
	key		50000b34
	value		50000b30
OBJ 50000b36 (sz=32, trace=300242, class=java.lang.String@50000036)
	value		50000b37
ARR 50000b37 (sz=78, trace=300243, nelems=39, elem type=char[])
OBJ 50000b38 (sz=48, trace=300053, class=java.nio.HeapByteBuffer@50000087)
OBJ 50000b39 (sz=48, trace=300054, class=java.nio.HeapCharBuffer@500000a5)
OBJ 50000b3a (sz=16, trace=300244, class=java.util.jar.Attributes@50000a75)
	map		50000b3b
OBJ 50000b3b (sz=48, trace=300204, class=java.util.HashMap@500000cb)
	table		50000b3c
ARR 50000b3c (sz=24, trace=300245, nelems=1, elem type=java.util.HashMap$Entry[]@50000054)
	[0]		50000b45
OBJ 50000b3d (sz=32, trace=300246, class=java.util.HashMap$Entry@50000053)
	key		50000b36
	value		50000b3a
OBJ 50000b3e (sz=32, trace=300247, class=java.lang.String@50000036)
ARR 50000b3f (sz=40, trace=300248, nelems=0, elem type=char[])
OBJ 50000b40 (sz=32, trace=300249, class=java.lang.String@50000036)
	value		50000b41
ARR 50000b41 (sz=56, trace=300219, nelems=28, elem type=char[])
OBJ 50000b42 (sz=48, trace=300053, class=java.nio.HeapByteBuffer@50000087)
OBJ 50000b43 (sz=48, trace=300054, class=java.nio.HeapCharBuffer@500000a5)
OBJ 50000b44 (sz=24, trace=300250, class=java.util.jar.Attributes$Name@50000a8a)
	name		50003a12
OBJ 50000b45 (sz=32, trace=300241, class=java.util.HashMap$Entry@50000053)
	key		50000b44
	value		50000b40
OBJ 50000b46 (sz=32, trace=300242, class=java.lang.String@50000036)
	value		50000b47
ARR 50000b47 (sz=80, trace=300243, nelems=40, elem type=char[])
OBJ 50000b48 (sz=48, trace=300053, class=java.nio.HeapByteBuffer@50000087)
OBJ 50000b49 (sz=48, trace=300054, class=java.nio.HeapCharBuffer@500000a5)
OBJ 50000b4a (sz=16, trace=300244, class=java.util.jar.Attributes@50000a75)
	map		50000b4b
OBJ 50000b4b (sz=48, trace=300204, class=java.util.HashMap@500000cb)
	table		50000b4c
ARR 50000b4c (sz=24, trace=300245, nelems=1, elem type=java.util.HashMap$Entry[]@50000054)
	[0]		50000b55
OBJ 50000b4d (sz=32, trace=300246, class=java.util.HashMap$Entry@50000053)
	key		50000b46
	value		50000b4a
OBJ 50000b4e (sz=32, trace=300247, class=java.lang.String@50000036)
ARR 50000b4f (sz=40, trace=300248, nelems=0, elem type=char[])
OBJ 50000b50 (sz=32, trace=300249, class=java.lang.String@50000036)
	value		50000b51
ARR 50000b51 (sz=56, trace=300219, nelems=28, elem type=char[])
OBJ 50000b52 (sz=48, trace=300053, class=java.nio.HeapByteBuffer@50000087)
OBJ 50000b53 (sz=48, trace=300054, class=java.nio.HeapCharBuffer@500000a5)
OBJ 50000b54 (sz=24, trace=300250, class=java.util.jar.Attributes$Name@50000a8a)
	name		50003a12
OBJ 50000b55 (sz=32, trace=300241, class=java.util.HashMap$Entry@50000053)
	key		50000b54
	value		50000b50
OBJ 50000b56 (sz=32, trace=300242, class=java.lang.String@50000036)
	value		50000b57
ARR 50000b57 (sz=128, trace=300243, nelems=64, elem type=char[])
OBJ 50000b58 (sz=48, trace=300053, class=java.nio.HeapByteBuffer@50000087)
OBJ 50000b59 (sz=48, trace=300054, class=java.nio.HeapCharBuffer@500000a5)
OBJ 50000b5a (sz=16, trace=300244, class=java.util.jar.Attributes@50000a75)
	map		50000b5b
OBJ 50000b5b (sz=48, trace=300204, class=java.util.HashMap@500000cb)
	table		50000b5c
ARR 50000b5c (sz=24, trace=300245, nelems=1, elem type=java.util.HashMap$Entry[]@50000054)
	[0]		50000b65
OBJ 50000b5d (sz=32, trace=300246, class=java.util.HashMap$Entry@50000053)
	key		50000b56
	value		50000b5a
OBJ 50000b5e (sz=32, trace=300247, class=java.lang.String@50000036)
ARR 50000b5f (sz=40, trace=300248, nelems=0, elem type=char[])
OBJ 50000b60 (sz=32, trace=300249, class=java.lang.String@50000036)
	value		50000b61
ARR 50000b61 (sz=56, trace=300219, nelems=28, elem type=char[])
OBJ 50000b62 (sz=48, trace=300053, class=java.nio.HeapByteBuffer@50000087)
OBJ 50000b63 (sz=48, trace=300054, class=java.nio.HeapCharBuffer@500000a5)
OBJ 50000b64 (sz=24, trace=300250, class=java.util.jar.Attributes$Name@50000a8a)
	name		50003a12
OBJ 50000b65 (sz=32, trace=300241, class=java.util.HashMap$Entry@50000053)
	key		50000b64
	value		50000b60
OBJ 50000b66 (sz=32, trace=300242, class=java.lang.String@50000036)
	value		50000b67
ARR 50000b67 (sz=78, trace=300243, nelems=39, elem type=char[])
OBJ 50000b68 (sz=48, trace=300053, class=java.nio.HeapByteBuffer@50000087)
OBJ 50000b69 (sz=48, trace=300054, class=java.nio.HeapCharBuffer@500000a5)
OBJ 50000b6a (sz=16, trace=300244, class=java.util.jar.Attributes@50000a75)
	map		50000b6b
OBJ 50000b6b (sz=48, trace=300204, class=java.util.HashMap@500000cb)
	table		50000b6c
ARR 50000b6c (sz=24, trace=300245, nelems=1, elem type=java.util.HashMap$Entry[]@50000054)
	[0]		50000b75
OBJ 50000b6d (sz=32, trace=300246, class=java.util.HashMap$Entry@50000053)
	key		50000b66
	value		50000b6a
	next		50000b5d
OBJ 50000b6e (sz=32, trace=300247, class=java.lang.String@50000036)
ARR 50000b6f (sz=40, trace=300248, nelems=0, elem type=char[])
OBJ 50000b70 (sz=32, trace=300249, class=java.lang.String@50000036)
	value		50000b71
ARR 50000b71 (sz=56, trace=300219, nelems=28, elem type=char[])
OBJ 50000b72 (sz=48, trace=300053, class=java.nio.HeapByteBuffer@50000087)
OBJ 50000b73 (sz=48, trace=300054, class=java.nio.HeapCharBuffer@500000a5)
OBJ 50000b74 (sz=24, trace=300250, class=java.util.jar.Attributes$Name@50000a8a)
	name		50003a12
OBJ 50000b75 (sz=32, trace=300241, class=java.util.HashMap$Entry@50000053)
	key		50000b74
	value		50000b70
OBJ 50000b76 (sz=32, trace=300242, class=java.lang.String@50000036)
	value		50000b77
ARR 50000b77 (sz=110, trace=300243, nelems=55, elem type=char[])
OBJ 50000b78 (sz=48, trace=300053, class=java.nio.HeapByteBuffer@50000087)
OBJ 50000b79 (sz=48, trace=300054, class=java.nio.HeapCharBuffer@500000a5)
OBJ 50000b7a (sz=16, trace=300244, class=java.util.jar.Attributes@50000a75)
	map		50000b7b
OBJ 50000b7b (sz=48, trace=300204, class=java.util.HashMap@500000cb)
	table		50000b7c
ARR 50000b7c (sz=24, trace=300245, nelems=1, elem type=java.util.HashMap$Entry[]@50000054)
	[0]		50000b86
OBJ 50000b7d (sz=32, trace=300246, class=java.util.HashMap$Entry@50000053)
	key		50000b76
	value		50000b7a
ARR 50000b7e (sz=144, trace=300255, nelems=0, elem type=java.util.HashMap$Entry[]@50000054)
OBJ 50000b7f (sz=32, trace=300247, class=java.lang.String@50000036)
ARR 50000b80 (sz=40, trace=300248, nelems=0, elem type=char[])
OBJ 50000b81 (sz=32, trace=300249, class=java.lang.String@50000036)
	value		50000b82
ARR 50000b82 (sz=56, trace=300219, nelems=28, elem type=char[])
OBJ 50000b83 (sz=48, trace=300053, class=java.nio.HeapByteBuffer@50000087)
OBJ 50000b84 (sz=48, trace=300054, class=java.nio.HeapCharBuffer@500000a5)
OBJ 50000b85 (sz=24, trace=300250, class=java.util.jar.Attributes$Name@50000a8a)
	name		50003a12
OBJ 50000b86 (sz=32, trace=300241, class=java.util.HashMap$Entry@50000053)
	key		50000b85
	value		50000b81
OBJ 50000b87 (sz=32, trace=300242, class=java.lang.String@50000036)
	value		50000b88
ARR 50000b88 (sz=124, trace=300243, nelems=62, elem type=char[])
OBJ 50000b89 (sz=48, trace=300053, class=java.nio.HeapByteBuffer@50000087)
OBJ 50000b8a (sz=48, trace=300054, class=java.nio.HeapCharBuffer@500000a5)
OBJ 50000b8b (sz=16, trace=300244, class=java.util.jar.Attributes@50000a75)
	map		50000b8c
OBJ 50000b8c (sz=48, trace=300204, class=java.util.HashMap@500000cb)
	table		50000b8d
ARR 50000b8d (sz=24, trace=300245, nelems=1, elem type=java.util.HashMap$Entry[]@50000054)
	[0]		50000b96
OBJ 50000b8e (sz=32, trace=300246, class=java.util.HashMap$Entry@50000053)
	key		50000b87
	value		50000b8b
	next		50000b9e
OBJ 50000b8f (sz=32, trace=300247, class=java.lang.String@50000036)
ARR 50000b90 (sz=40, trace=300248, nelems=0, elem type=char[])
OBJ 50000b91 (sz=32, trace=300249, class=java.lang.String@50000036)
	value		50000b92
ARR 50000b92 (sz=56, trace=300219, nelems=28, elem type=char[])
OBJ 50000b93 (sz=48, trace=300053, class=java.nio.HeapByteBuffer@50000087)
OBJ 50000b94 (sz=48, trace=300054, class=java.nio.HeapCharBuffer@500000a5)
OBJ 50000b95 (sz=24, trace=300250, class=java.util.jar.Attributes$Name@50000a8a)
	name		50003a12
OBJ 50000b96 (sz=32, trace=300241, class=java.util.HashMap$Entry@50000053)
	key		50000b95
	value		50000b91
OBJ 50000b97 (sz=32, trace=300242, class=java.lang.String@50000036)
	value		50000b98
ARR 50000b98 (sz=74, trace=300243, nelems=37, elem type=char[])
OBJ 50000b99 (sz=48, trace=300053, class=java.nio.HeapByteBuffer@50000087)
OBJ 50000b9a (sz=48, trace=300054, class=java.nio.HeapCharBuffer@500000a5)
OBJ 50000b9b (sz=16, trace=300244, class=java.util.jar.Attributes@50000a75)
	map		50000b9c
OBJ 50000b9c (sz=48, trace=300204, class=java.util.HashMap@500000cb)
	table		50000b9d
ARR 50000b9d (sz=24, trace=300245, nelems=1, elem type=java.util.HashMap$Entry[]@50000054)
	[0]		50000ba6
OBJ 50000b9e (sz=32, trace=300246, class=java.util.HashMap$Entry@50000053)
	key		50000b97
	value		50000b9b
OBJ 50000b9f (sz=32, trace=300247, class=java.lang.String@50000036)
ARR 50000ba0 (sz=40, trace=300248, nelems=0, elem type=char[])
OBJ 50000ba1 (sz=32, trace=300249, class=java.lang.String@50000036)
	value		50000ba2
ARR 50000ba2 (sz=56, trace=300219, nelems=28, elem type=char[])
OBJ 50000ba3 (sz=48, trace=300053, class=java.nio.HeapByteBuffer@50000087)
OBJ 50000ba4 (sz=48, trace=300054, class=java.nio.HeapCharBuffer@500000a5)
OBJ 50000ba5 (sz=24, trace=300250, class=java.util.jar.Attributes$Name@50000a8a)
	name		50003a12
OBJ 50000ba6 (sz=32, trace=300241, class=java.util.HashMap$Entry@50000053)
	key		50000ba5
	value		50000ba1
OBJ 50000ba7 (sz=32, trace=300242, class=java.lang.String@50000036)
	value		50000ba8
ARR 50000ba8 (sz=78, trace=300243, nelems=39, elem type=char[])
OBJ 50000ba9 (sz=48, trace=300053, class=java.nio.HeapByteBuffer@50000087)
OBJ 50000baa (sz=48, trace=300054, class=java.nio.HeapCharBuffer@500000a5)
OBJ 50000bab (sz=16, trace=300244, class=java.util.jar.Attributes@50000a75)
	map		50000bac
OBJ 50000bac (sz=48, trace=300204, class=java.util.HashMap@500000cb)
	table		50000bad
ARR 50000bad (sz=24, trace=300245, nelems=1, elem type=java.util.HashMap$Entry[]@50000054)
	[0]		50000bb6
OBJ 50000bae (sz=32, trace=300246, class=java.util.HashMap$Entry@50000053)
	key		50000ba7
	value		50000bab
OBJ 50000baf (sz=32, trace=300247, class=java.lang.String@50000036)
ARR 50000bb0 (sz=40, trace=300248, nelems=0, elem type=char[])
OBJ 50000bb1 (sz=32, trace=300249, class=java.lang.String@50000036)
	value		50000bb2
ARR 50000bb2 (sz=56, trace=300219, nelems=28, elem type=char[])
OBJ 50000bb3 (sz=48, trace=300053, class=java.nio.HeapByteBuffer@50000087)
OBJ 50000bb4 (sz=48, trace=300054, class=java.nio.HeapCharBuffer@500000a5)
OBJ 50000bb5 (sz=24, trace=300250, class=java.util.jar.Attributes$Name@50000a8a)
	name		50003a12
OBJ 50000bb6 (sz=32, trace=300241, class=java.util.HashMap$Entry@50000053)
	key		50000bb5
	value		50000bb1
OBJ 50000bb7 (sz=32, trace=300242, class=java.lang.String@50000036)
	value		50000bb8
ARR 50000bb8 (sz=82, trace=300243, nelems=41, elem type=char[])
OBJ 50000bb9 (sz=48, trace=300053, class=java.nio.HeapByteBuffer@50000087)
OBJ 50000bba (sz=48, trace=300054, class=java.nio.HeapCharBuffer@500000a5)
OBJ 50000bbb (sz=16, trace=300244, class=java.util.jar.Attributes@50000a75)
	map		50000bbc
OBJ 50000bbc (sz=48, trace=300204, class=java.util.HashMap@500000cb)
	table		50000bbd
ARR 50000bbd (sz=24, trace=300245, nelems=1, elem type=java.util.HashMap$Entry[]@50000054)
	[0]		50000bc6
OBJ 50000bbe (sz=32, trace=300246, class=java.util.HashMap$Entry@50000053)
	key		50000bb7
	value		50000bbb
	next		50000bce
OBJ 50000bbf (sz=32, trace=300247, class=java.lang.String@50000036)
ARR 50000bc0 (sz=40, trace=300248, nelems=0, elem type=char[])
OBJ 50000bc1 (sz=32, trace=300249, class=java.lang.String@50000036)
	value		50000bc2
ARR 50000bc2 (sz=56, trace=300219, nelems=28, elem type=char[])
OBJ 50000bc3 (sz=48, trace=300053, class=java.nio.HeapByteBuffer@50000087)
OBJ 50000bc4 (sz=48, trace=300054, class=java.nio.HeapCharBuffer@500000a5)
OBJ 50000bc5 (sz=24, trace=300250, class=java.util.jar.Attributes$Name@50000a8a)
	name		50003a12
OBJ 50000bc6 (sz=32, trace=300241, class=java.util.HashMap$Entry@50000053)
	key		50000bc5
	value		50000bc1
OBJ 50000bc7 (sz=32, trace=300242, class=java.lang.String@50000036)
	value		50000bc8
ARR 50000bc8 (sz=90, trace=300243, nelems=45, elem type=char[])
OBJ 50000bc9 (sz=48, trace=300053, class=java.nio.HeapByteBuffer@50000087)
OBJ 50000bca (sz=48, trace=300054, class=java.nio.HeapCharBuffer@500000a5)
OBJ 50000bcb (sz=16, trace=300244, class=java.util.jar.Attributes@50000a75)
	map		50000bcc
OBJ 50000bcc (sz=48, trace=300204, class=java.util.HashMap@500000cb)
	table		50000bcd
ARR 50000bcd (sz=24, trace=300245, nelems=1, elem type=java.util.HashMap$Entry[]@50000054)
	[0]		50000bd6
OBJ 50000bce (sz=32, trace=300246, class=java.util.HashMap$Entry@50000053)
	key		50000bc7
	value		50000bcb
	next		50000bde
OBJ 50000bcf (sz=32, trace=300247, class=java.lang.String@50000036)
ARR 50000bd0 (sz=40, trace=300248, nelems=0, elem type=char[])
OBJ 50000bd1 (sz=32, trace=300249, class=java.lang.String@50000036)
	value		50000bd2
ARR 50000bd2 (sz=56, trace=300219, nelems=28, elem type=char[])
OBJ 50000bd3 (sz=48, trace=300053, class=java.nio.HeapByteBuffer@50000087)
OBJ 50000bd4 (sz=48, trace=300054, class=java.nio.HeapCharBuffer@500000a5)
OBJ 50000bd5 (sz=24, trace=300250, class=java.util.jar.Attributes$Name@50000a8a)
	name		50003a12
OBJ 50000bd6 (sz=32, trace=300241, class=java.util.HashMap$Entry@50000053)
	key		50000bd5
	value		50000bd1
OBJ 50000bd7 (sz=32, trace=300242, class=java.lang.String@50000036)
	value		50000bd8
ARR 50000bd8 (sz=92, trace=300243, nelems=46, elem type=char[])
OBJ 50000bd9 (sz=48, trace=300053, class=java.nio.HeapByteBuffer@50000087)
OBJ 50000bda (sz=48, trace=300054, class=java.nio.HeapCharBuffer@500000a5)
OBJ 50000bdb (sz=16, trace=300244, class=java.util.jar.Attributes@50000a75)
	map		50000bdc
OBJ 50000bdc (sz=48, trace=300204, class=java.util.HashMap@500000cb)
	table		50000bdd
ARR 50000bdd (sz=24, trace=300245, nelems=1, elem type=java.util.HashMap$Entry[]@50000054)
	[0]		50000be6
OBJ 50000bde (sz=32, trace=300246, class=java.util.HashMap$Entry@50000053)
	key		50000bd7
	value		50000bdb
OBJ 50000bdf (sz=32, trace=300247, class=java.lang.String@50000036)
ARR 50000be0 (sz=40, trace=300248, nelems=0, elem type=char[])
OBJ 50000be1 (sz=32, trace=300249, class=java.lang.String@50000036)
	value		50000be2
ARR 50000be2 (sz=56, trace=300219, nelems=28, elem type=char[])
OBJ 50000be3 (sz=48, trace=300053, class=java.nio.HeapByteBuffer@50000087)
OBJ 50000be4 (sz=48, trace=300054, class=java.nio.HeapCharBuffer@500000a5)
OBJ 50000be5 (sz=24, trace=300250, class=java.util.jar.Attributes$Name@50000a8a)
	name		50003a12
OBJ 50000be6 (sz=32, trace=300241, class=java.util.HashMap$Entry@50000053)
	key		50000be5
	value		50000be1
OBJ 50000be7 (sz=32, trace=300242, class=java.lang.String@50000036)
	value		50000be8
ARR 50000be8 (sz=102, trace=300243, nelems=51, elem type=char[])
OBJ 50000be9 (sz=48, trace=300053, class=java.nio.HeapByteBuffer@50000087)
OBJ 50000bea (sz=48, trace=300054, class=java.nio.HeapCharBuffer@500000a5)
OBJ 50000beb (sz=16, trace=300244, class=java.util.jar.Attributes@50000a75)
	map		50000bec
OBJ 50000bec (sz=48, trace=300204, class=java.util.HashMap@500000cb)
	table		50000bed
ARR 50000bed (sz=24, trace=300245, nelems=1, elem type=java.util.HashMap$Entry[]@50000054)
	[0]		50000bf6
OBJ 50000bee (sz=32, trace=300246, class=java.util.HashMap$Entry@50000053)
	key		50000be7
	value		50000beb
OBJ 50000bef (sz=32, trace=300247, class=java.lang.String@50000036)
ARR 50000bf0 (sz=40, trace=300248, nelems=0, elem type=char[])
OBJ 50000bf1 (sz=32, trace=300249, class=java.lang.String@50000036)
	value		50000bf2
ARR 50000bf2 (sz=56, trace=300219, nelems=28, elem type=char[])
OBJ 50000bf3 (sz=48, trace=300053, class=java.nio.HeapByteBuffer@50000087)
OBJ 50000bf4 (sz=48, trace=300054, class=java.nio.HeapCharBuffer@500000a5)
OBJ 50000bf5 (sz=24, trace=300250, class=java.util.jar.Attributes$Name@50000a8a)
	name		50003a12
OBJ 50000bf6 (sz=32, trace=300241, class=java.util.HashMap$Entry@50000053)
	key		50000bf5
	value		50000bf1
OBJ 50000bf7 (sz=32, trace=300242, class=java.lang.String@50000036)
	value		50000bf8
ARR 50000bf8 (sz=108, trace=300243, nelems=54, elem type=char[])
OBJ 50000bf9 (sz=48, trace=300053, class=java.nio.HeapByteBuffer@50000087)
OBJ 50000bfa (sz=48, trace=300054, class=java.nio.HeapCharBuffer@500000a5)
OBJ 50000bfb (sz=16, trace=300244, class=java.util.jar.Attributes@50000a75)
	map		50000bfc
OBJ 50000bfc (sz=48, trace=300204, class=java.util.HashMap@500000cb)
	table		50000bfd
ARR 50000bfd (sz=24, trace=300245, nelems=1, elem type=java.util.HashMap$Entry[]@50000054)
	[0]		50000c06
OBJ 50000bfe (sz=32, trace=300246, class=java.util.HashMap$Entry@50000053)
	key		50000bf7
	value		50000bfb
OBJ 50000bff (sz=32, trace=300247, class=java.lang.String@50000036)
ARR 50000c00 (sz=40, trace=300248, nelems=0, elem type=char[])
OBJ 50000c01 (sz=32, trace=300249, class=java.lang.String@50000036)
	value		50000c02
ARR 50000c02 (sz=56, trace=300219, nelems=28, elem type=char[])
OBJ 50000c03 (sz=48, trace=300053, class=java.nio.HeapByteBuffer@50000087)
OBJ 50000c04 (sz=48, trace=300054, class=java.nio.HeapCharBuffer@500000a5)
OBJ 50000c05 (sz=24, trace=300250, class=java.util.jar.Attributes$Name@50000a8a)
	name		50003a12
OBJ 50000c06 (sz=32, trace=300241, class=java.util.HashMap$Entry@50000053)
	key		50000c05
	value		50000c01
OBJ 50000c07 (sz=32, trace=300242, class=java.lang.String@50000036)
	value		50000c08
ARR 50000c08 (sz=106, trace=300243, nelems=53, elem type=char[])
OBJ 50000c09 (sz=48, trace=300053, class=java.nio.HeapByteBuffer@50000087)
OBJ 50000c0a (sz=48, trace=300054, class=java.nio.HeapCharBuffer@500000a5)
OBJ 50000c0b (sz=16, trace=300244, class=java.util.jar.Attributes@50000a75)
	map		50000c0c
OBJ 50000c0c (sz=48, trace=300204, class=java.util.HashMap@500000cb)
	table		50000c0d
ARR 50000c0d (sz=24, trace=300245, nelems=1, elem type=java.util.HashMap$Entry[]@50000054)
	[0]		50000c16
OBJ 50000c0e (sz=32, trace=300246, class=java.util.HashMap$Entry@50000053)
	key		50000c07
	value		50000c0b
OBJ 50000c0f (sz=32, trace=300247, class=java.lang.String@50000036)
ARR 50000c10 (sz=40, trace=300248, nelems=0, elem type=char[])
OBJ 50000c11 (sz=32, trace=300249, class=java.lang.String@50000036)
	value		50000c12
ARR 50000c12 (sz=56, trace=300219, nelems=28, elem type=char[])
OBJ 50000c13 (sz=48, trace=300053, class=java.nio.HeapByteBuffer@50000087)
OBJ 50000c14 (sz=48, trace=300054, class=java.nio.HeapCharBuffer@500000a5)
OBJ 50000c15 (sz=24, trace=300250, class=java.util.jar.Attributes$Name@50000a8a)
	name		50003a12
OBJ 50000c16 (sz=32, trace=300241, class=java.util.HashMap$Entry@50000053)
	key		50000c15
	value		50000c11
OBJ 50000c17 (sz=32, trace=300242, class=java.lang.String@50000036)
ARR 50000c18 (sz=144, trace=300243, nelems=0, elem type=char[])
OBJ 50000c19 (sz=48, trace=300053, class=java.nio.HeapByteBuffer@50000087)
OBJ 50000c1a (sz=48, trace=300054, class=java.nio.HeapCharBuffer@500000a5)
ARR 50000c1b (sz=80, trace=300251, nelems=0, elem type=byte[])
ARR 50000c1c (sz=88, trace=300252, nelems=0, elem type=byte[])
OBJ 50000c1d (sz=32, trace=300253, class=java.lang.String@50000036)
	value		50000c1e
ARR 50000c1e (sz=138, trace=300254, nelems=69, elem type=char[])
OBJ 50000c1f (sz=48, trace=300053, class=java.nio.HeapByteBuffer@50000087)
OBJ 50000c20 (sz=48, trace=300054, class=java.nio.HeapCharBuffer@500000a5)
OBJ 50000c21 (sz=16, trace=300244, class=java.util.jar.Attributes@50000a75)
	map		50000c22
OBJ 50000c22 (sz=48, trace=300204, class=java.util.HashMap@500000cb)
	table		50000c23
ARR 50000c23 (sz=24, trace=300245, nelems=1, elem type=java.util.HashMap$Entry[]@50000054)
	[0]		50000c2c
OBJ 50000c24 (sz=32, trace=300246, class=java.util.HashMap$Entry@50000053)
	key		50000c1d
	value		50000c21
OBJ 50000c25 (sz=32, trace=300247, class=java.lang.String@50000036)
ARR 50000c26 (sz=40, trace=300248, nelems=0, elem type=char[])
OBJ 50000c27 (sz=32, trace=300249, class=java.lang.String@50000036)
	value		50000c28
ARR 50000c28 (sz=56, trace=300219, nelems=28, elem type=char[])
OBJ 50000c29 (sz=48, trace=300053, class=java.nio.HeapByteBuffer@50000087)
OBJ 50000c2a (sz=48, trace=300054, class=java.nio.HeapCharBuffer@500000a5)
OBJ 50000c2b (sz=24, trace=300250, class=java.util.jar.Attributes$Name@50000a8a)
	name		50003a12
OBJ 50000c2c (sz=32, trace=300241, class=java.util.HashMap$Entry@50000053)
	key		50000c2b
	value		50000c27
OBJ 50000c2d (sz=32, trace=300242, class=java.lang.String@50000036)
ARR 50000c2e (sz=144, trace=300243, nelems=0, elem type=char[])
OBJ 50000c2f (sz=48, trace=300053, class=java.nio.HeapByteBuffer@50000087)
OBJ 50000c30 (sz=48, trace=300054, class=java.nio.HeapCharBuffer@500000a5)
ARR 50000c31 (sz=80, trace=300251, nelems=0, elem type=byte[])
ARR 50000c32 (sz=88, trace=300252, nelems=0, elem type=byte[])
OBJ 50000c33 (sz=32, trace=300253, class=java.lang.String@50000036)
	value		50000c34
ARR 50000c34 (sz=134, trace=300254, nelems=67, elem type=char[])
OBJ 50000c35 (sz=48, trace=300053, class=java.nio.HeapByteBuffer@50000087)
OBJ 50000c36 (sz=48, trace=300054, class=java.nio.HeapCharBuffer@500000a5)
OBJ 50000c37 (sz=16, trace=300244, class=java.util.jar.Attributes@50000a75)
	map		50000c38
OBJ 50000c38 (sz=48, trace=300204, class=java.util.HashMap@500000cb)
	table		50000c39
ARR 50000c39 (sz=24, trace=300245, nelems=1, elem type=java.util.HashMap$Entry[]@50000054)
	[0]		50000c42
OBJ 50000c3a (sz=32, trace=300246, class=java.util.HashMap$Entry@50000053)
	key		50000c33
	value		50000c37
	next		50000c4a
OBJ 50000c3b (sz=32, trace=300247, class=java.lang.String@50000036)
ARR 50000c3c (sz=40, trace=300248, nelems=0, elem type=char[])
OBJ 50000c3d (sz=32, trace=300249, class=java.lang.String@50000036)
	value		50000c3e
ARR 50000c3e (sz=56, trace=300219, nelems=28, elem type=char[])
OBJ 50000c3f (sz=48, trace=300053, class=java.nio.HeapByteBuffer@50000087)
OBJ 50000c40 (sz=48, trace=300054, class=java.nio.HeapCharBuffer@500000a5)
OBJ 50000c41 (sz=24, trace=300250, class=java.util.jar.Attributes$Name@50000a8a)
	name		50003a12
OBJ 50000c42 (sz=32, trace=300241, class=java.util.HashMap$Entry@50000053)
	key		50000c41
	value		50000c3d
OBJ 50000c43 (sz=32, trace=300242, class=java.lang.String@50000036)
	value		50000c44
ARR 50000c44 (sz=74, trace=300243, nelems=37, elem type=char[])
OBJ 50000c45 (sz=48, trace=300053, class=java.nio.HeapByteBuffer@50000087)
OBJ 50000c46 (sz=48, trace=300054, class=java.nio.HeapCharBuffer@500000a5)
OBJ 50000c47 (sz=16, trace=300244, class=java.util.jar.Attributes@50000a75)
	map		50000c48
OBJ 50000c48 (sz=48, trace=300204, class=java.util.HashMap@500000cb)
	table		50000c49
ARR 50000c49 (sz=24, trace=300245, nelems=1, elem type=java.util.HashMap$Entry[]@50000054)
	[0]		50000c53
OBJ 50000c4a (sz=32, trace=300246, class=java.util.HashMap$Entry@50000053)
	key		50000c43
	value		50000c47
ARR 50000c4b (sz=272, trace=300255, nelems=62, elem type=java.util.HashMap$Entry[]@50000054)
	[1]		50000ab7
	[4]		50000ac7
	[8]		50000ad7
	[10]		50000ae7
	[12]		50000af7
	[13]		50000b07
	[15]		50000b17
	[18]		50000b2d
	[21]		50000b3d
	[23]		50000b4d
	[26]		50000b6d
	[28]		50000b7d
	[29]		50000b8e
	[35]		50000bae
	[36]		50000bbe
	[38]		50000bee
	[39]		50000bfe
	[41]		50000c0e
	[51]		50000c24
	[52]		50000c3a
	[53]		50000c5b
	[55]		50000c6b
	[57]		50000c81
	[59]		50000ca1
	[61]		50000cb1
OBJ 50000c4c (sz=32, trace=300247, class=java.lang.String@50000036)
ARR 50000c4d (sz=40, trace=300248, nelems=0, elem type=char[])
OBJ 50000c4e (sz=32, trace=300249, class=java.lang.String@50000036)
	value		50000c4f
ARR 50000c4f (sz=56, trace=300219, nelems=28, elem type=char[])
OBJ 50000c50 (sz=48, trace=300053, class=java.nio.HeapByteBuffer@50000087)
OBJ 50000c51 (sz=48, trace=300054, class=java.nio.HeapCharBuffer@500000a5)
OBJ 50000c52 (sz=24, trace=300250, class=java.util.jar.Attributes$Name@50000a8a)
	name		50003a12
OBJ 50000c53 (sz=32, trace=300241, class=java.util.HashMap$Entry@50000053)
	key		50000c52
	value		50000c4e
OBJ 50000c54 (sz=32, trace=300242, class=java.lang.String@50000036)
	value		50000c55
ARR 50000c55 (sz=96, trace=300243, nelems=48, elem type=char[])
OBJ 50000c56 (sz=48, trace=300053, class=java.nio.HeapByteBuffer@50000087)
OBJ 50000c57 (sz=48, trace=300054, class=java.nio.HeapCharBuffer@500000a5)
OBJ 50000c58 (sz=16, trace=300244, class=java.util.jar.Attributes@50000a75)
	map		50000c59
OBJ 50000c59 (sz=48, trace=300204, class=java.util.HashMap@500000cb)
	table		50000c5a
ARR 50000c5a (sz=24, trace=300245, nelems=1, elem type=java.util.HashMap$Entry[]@50000054)
	[0]		50000c63
OBJ 50000c5b (sz=32, trace=300246, class=java.util.HashMap$Entry@50000053)
	key		50000c54
	value		50000c58
OBJ 50000c5c (sz=32, trace=300247, class=java.lang.String@50000036)
ARR 50000c5d (sz=40, trace=300248, nelems=0, elem type=char[])
OBJ 50000c5e (sz=32, trace=300249, class=java.lang.String@50000036)
	value		50000c5f
ARR 50000c5f (sz=56, trace=300219, nelems=28, elem type=char[])
OBJ 50000c60 (sz=48, trace=300053, class=java.nio.HeapByteBuffer@50000087)
OBJ 50000c61 (sz=48, trace=300054, class=java.nio.HeapCharBuffer@500000a5)
OBJ 50000c62 (sz=24, trace=300250, class=java.util.jar.Attributes$Name@50000a8a)
	name		50003a12
OBJ 50000c63 (sz=32, trace=300241, class=java.util.HashMap$Entry@50000053)
	key		50000c62
	value		50000c5e
OBJ 50000c64 (sz=32, trace=300242, class=java.lang.String@50000036)
	value		50000c65
ARR 50000c65 (sz=98, trace=300243, nelems=49, elem type=char[])
OBJ 50000c66 (sz=48, trace=300053, class=java.nio.HeapByteBuffer@50000087)
OBJ 50000c67 (sz=48, trace=300054, class=java.nio.HeapCharBuffer@500000a5)
OBJ 50000c68 (sz=16, trace=300244, class=java.util.jar.Attributes@50000a75)
	map		50000c69
OBJ 50000c69 (sz=48, trace=300204, class=java.util.HashMap@500000cb)
	table		50000c6a
ARR 50000c6a (sz=24, trace=300245, nelems=1, elem type=java.util.HashMap$Entry[]@50000054)
	[0]		50000c73
OBJ 50000c6b (sz=32, trace=300246, class=java.util.HashMap$Entry@50000053)
	key		50000c64
	value		50000c68
OBJ 50000c6c (sz=32, trace=300247, class=java.lang.String@50000036)
ARR 50000c6d (sz=40, trace=300248, nelems=0, elem type=char[])
OBJ 50000c6e (sz=32, trace=300249, class=java.lang.String@50000036)
	value		50000c6f
ARR 50000c6f (sz=56, trace=300219, nelems=28, elem type=char[])
OBJ 50000c70 (sz=48, trace=300053, class=java.nio.HeapByteBuffer@50000087)
OBJ 50000c71 (sz=48, trace=300054, class=java.nio.HeapCharBuffer@500000a5)
OBJ 50000c72 (sz=24, trace=300250, class=java.util.jar.Attributes$Name@50000a8a)
	name		50003a12
OBJ 50000c73 (sz=32, trace=300241, class=java.util.HashMap$Entry@50000053)
	key		50000c72
	value		50000c6e
OBJ 50000c74 (sz=32, trace=300242, class=java.lang.String@50000036)
ARR 50000c75 (sz=144, trace=300243, nelems=0, elem type=char[])
OBJ 50000c76 (sz=48, trace=300053, class=java.nio.HeapByteBuffer@50000087)
OBJ 50000c77 (sz=48, trace=300054, class=java.nio.HeapCharBuffer@500000a5)
ARR 50000c78 (sz=80, trace=300251, nelems=0, elem type=byte[])
ARR 50000c79 (sz=88, trace=300252, nelems=0, elem type=byte[])
OBJ 50000c7a (sz=32, trace=300253, class=java.lang.String@50000036)
	value		50000c7b
ARR 50000c7b (sz=132, trace=300254, nelems=66, elem type=char[])
OBJ 50000c7c (sz=48, trace=300053, class=java.nio.HeapByteBuffer@50000087)
OBJ 50000c7d (sz=48, trace=300054, class=java.nio.HeapCharBuffer@500000a5)
OBJ 50000c7e (sz=16, trace=300244, class=java.util.jar.Attributes@50000a75)
	map		50000c7f
OBJ 50000c7f (sz=48, trace=300204, class=java.util.HashMap@500000cb)
	table		50000c80
ARR 50000c80 (sz=24, trace=300245, nelems=1, elem type=java.util.HashMap$Entry[]@50000054)
	[0]		50000c89
OBJ 50000c81 (sz=32, trace=300246, class=java.util.HashMap$Entry@50000053)
	key		50000c7a
	value		50000c7e
OBJ 50000c82 (sz=32, trace=300247, class=java.lang.String@50000036)
ARR 50000c83 (sz=40, trace=300248, nelems=0, elem type=char[])
OBJ 50000c84 (sz=32, trace=300249, class=java.lang.String@50000036)
	value		50000c85
ARR 50000c85 (sz=56, trace=300219, nelems=28, elem type=char[])
OBJ 50000c86 (sz=48, trace=300053, class=java.nio.HeapByteBuffer@50000087)
OBJ 50000c87 (sz=48, trace=300054, class=java.nio.HeapCharBuffer@500000a5)
OBJ 50000c88 (sz=24, trace=300250, class=java.util.jar.Attributes$Name@50000a8a)
	name		50003a12
OBJ 50000c89 (sz=32, trace=300241, class=java.util.HashMap$Entry@50000053)
	key		50000c88
	value		50000c84
OBJ 50000c8a (sz=32, trace=300242, class=java.lang.String@50000036)
	value		50000c8b
ARR 50000c8b (sz=124, trace=300243, nelems=62, elem type=char[])
OBJ 50000c8c (sz=48, trace=300053, class=java.nio.HeapByteBuffer@50000087)
OBJ 50000c8d (sz=48, trace=300054, class=java.nio.HeapCharBuffer@500000a5)
OBJ 50000c8e (sz=16, trace=300244, class=java.util.jar.Attributes@50000a75)
	map		50000c8f
OBJ 50000c8f (sz=48, trace=300204, class=java.util.HashMap@500000cb)
	table		50000c90
ARR 50000c90 (sz=24, trace=300245, nelems=1, elem type=java.util.HashMap$Entry[]@50000054)
	[0]		50000c99
OBJ 50000c91 (sz=32, trace=300246, class=java.util.HashMap$Entry@50000053)
	key		50000c8a
	value		50000c8e
OBJ 50000c92 (sz=32, trace=300247, class=java.lang.String@50000036)
ARR 50000c93 (sz=40, trace=300248, nelems=0, elem type=char[])
OBJ 50000c94 (sz=32, trace=300249, class=java.lang.String@50000036)
	value		50000c95
ARR 50000c95 (sz=56, trace=300219, nelems=28, elem type=char[])
OBJ 50000c96 (sz=48, trace=300053, class=java.nio.HeapByteBuffer@50000087)
OBJ 50000c97 (sz=48, trace=300054, class=java.nio.HeapCharBuffer@500000a5)
OBJ 50000c98 (sz=24, trace=300250, class=java.util.jar.Attributes$Name@50000a8a)
	name		50003a12
OBJ 50000c99 (sz=32, trace=300241, class=java.util.HashMap$Entry@50000053)
	key		50000c98
	value		50000c94
OBJ 50000c9a (sz=32, trace=300242, class=java.lang.String@50000036)
	value		50000c9b
ARR 50000c9b (sz=98, trace=300243, nelems=49, elem type=char[])
OBJ 50000c9c (sz=48, trace=300053, class=java.nio.HeapByteBuffer@50000087)
OBJ 50000c9d (sz=48, trace=300054, class=java.nio.HeapCharBuffer@500000a5)
OBJ 50000c9e (sz=16, trace=300244, class=java.util.jar.Attributes@50000a75)
	map		50000c9f
OBJ 50000c9f (sz=48, trace=300204, class=java.util.HashMap@500000cb)
	table		50000ca0
ARR 50000ca0 (sz=24, trace=300245, nelems=1, elem type=java.util.HashMap$Entry[]@50000054)
	[0]		50000ca9
OBJ 50000ca1 (sz=32, trace=300246, class=java.util.HashMap$Entry@50000053)
	key		50000c9a
	value		50000c9e
	next		50000c91
OBJ 50000ca2 (sz=32, trace=300247, class=java.lang.String@50000036)
ARR 50000ca3 (sz=40, trace=300248, nelems=0, elem type=char[])
OBJ 50000ca4 (sz=32, trace=300249, class=java.lang.String@50000036)
	value		50000ca5
ARR 50000ca5 (sz=56, trace=300219, nelems=28, elem type=char[])
OBJ 50000ca6 (sz=48, trace=300053, class=java.nio.HeapByteBuffer@50000087)
OBJ 50000ca7 (sz=48, trace=300054, class=java.nio.HeapCharBuffer@500000a5)
OBJ 50000ca8 (sz=24, trace=300250, class=java.util.jar.Attributes$Name@50000a8a)
	name		50003a12
OBJ 50000ca9 (sz=32, trace=300241, class=java.util.HashMap$Entry@50000053)
	key		50000ca8
	value		50000ca4
OBJ 50000caa (sz=32, trace=300242, class=java.lang.String@50000036)
	value		50000cab
ARR 50000cab (sz=38, trace=300243, nelems=19, elem type=char[])
OBJ 50000cac (sz=48, trace=300053, class=java.nio.HeapByteBuffer@50000087)
OBJ 50000cad (sz=48, trace=300054, class=java.nio.HeapCharBuffer@500000a5)
OBJ 50000cae (sz=16, trace=300244, class=java.util.jar.Attributes@50000a75)
	map		50000caf
OBJ 50000caf (sz=48, trace=300204, class=java.util.HashMap@500000cb)
	table		50000cb0
	entrySet	5000261b
ARR 50000cb0 (sz=24, trace=300245, nelems=1, elem type=java.util.HashMap$Entry[]@50000054)
	[0]		50000cb9
OBJ 50000cb1 (sz=32, trace=300246, class=java.util.HashMap$Entry@50000053)
	key		50000caa
	value		50000cae
OBJ 50000cb2 (sz=32, trace=300247, class=java.lang.String@50000036)
ARR 50000cb3 (sz=40, trace=300248, nelems=0, elem type=char[])
OBJ 50000cb4 (sz=32, trace=300249, class=java.lang.String@50000036)
	value		50000cb5
ARR 50000cb5 (sz=56, trace=300219, nelems=28, elem type=char[])
OBJ 50000cb6 (sz=48, trace=300053, class=java.nio.HeapByteBuffer@50000087)
OBJ 50000cb7 (sz=48, trace=300054, class=java.nio.HeapCharBuffer@500000a5)
OBJ 50000cb8 (sz=24, trace=300250, class=java.util.jar.Attributes$Name@50000a8a)
	name		50003a12
OBJ 50000cb9 (sz=32, trace=300241, class=java.util.HashMap$Entry@50000053)
	key		50000cb8
	value		50000cb4
OBJ 50000cbb (sz=88, trace=300257, class=java.util.jar.JarVerifier@50000cba)
	verifiedSigners	50000cc8
	sigFileSigners	50000cc6
	csdomain	50000cbc
	manifestDigests	50000cd1
	urlToCodeSourceMap	50000cbd
	signerToCodeSource	50000cbf
	emptySigner	50000cc3
	emptyEnumeration	50000cc5
OBJ 50000cbc (sz=16, trace=300258, class=java.lang.Object@500000ab)
OBJ 50000cbd (sz=48, trace=300259, class=java.util.HashMap@500000cb)
	table		50000cbe
ARR 50000cbe (sz=80, trace=300260, nelems=0, elem type=java.util.HashMap$Entry[]@50000054)
OBJ 50000cbf (sz=48, trace=300261, class=java.util.HashMap@500000cb)
	table		50000cc0
ARR 50000cc0 (sz=80, trace=300262, nelems=0, elem type=java.util.HashMap$Entry[]@50000054)
ARR 50000cc3 (sz=16, trace=300264, nelems=0, elem type=java.security.CodeSigner[]@50000cc2)
OBJ 50000cc5 (sz=16, trace=300266, class=java.util.jar.JarVerifier$3@50000cc4)
	this$0		50000cbb
OBJ 50000cc6 (sz=48, trace=300267, class=java.util.Hashtable@50000033)
	table		500025ec
ARR 50000cc7 (sz=64, trace=300268, nelems=0, elem type=java.util.Hashtable$Entry[]@500000fe)
OBJ 50000cc8 (sz=48, trace=300269, class=java.util.Hashtable@50000033)
	table		50000cc9
ARR 50000cc9 (sz=64, trace=300270, nelems=2, elem type=java.util.Hashtable$Entry[]@500000fe)
	[1]		50002b4a
OBJ 50000cca (sz=48, trace=300271, class=java.util.Hashtable@50000033)
ARR 50000ccb (sz=64, trace=300272, nelems=0, elem type=java.util.Hashtable$Entry[]@500000fe)
OBJ 50000ccc (sz=24, trace=300273, class=java.util.ArrayList@5000011e)
ARR 50000ccd (sz=56, trace=300274, nelems=0, elem type=java.lang.Object[]@500000ac)
OBJ 50000ccf (sz=24, trace=300276, class=java.io.ByteArrayOutputStream@50000cce)
ARR 50000cd0 (sz=48, trace=300277, nelems=0, elem type=byte[])
OBJ 50000cd1 (sz=24, trace=300273, class=java.util.ArrayList@5000011e)
	elementData	50000cd2
ARR 50000cd2 (sz=56, trace=300278, nelems=2, elem type=java.lang.Object[]@500000ac)
	[0]		50003e58
	[1]		50001f64
OBJ 50000cd3 (sz=40, trace=300279, class=java.lang.ref.SoftReference@500000c8)
	referent	50000a74
	queue		500039c6
OBJ 50000cd4 (sz=64, trace=300120, class=java.util.zip.ZipEntry@5000021b)
OBJ 50000cd5 (sz=80, trace=300122, class=java.util.jar.JarFile$JarFileEntry@5000021e)
ARR 50000cd7 (sz=32, trace=300281, nelems=16, elem type=char[])
OBJ 50000cd8 (sz=48, trace=300282, class=sun.security.util.ManifestEntryVerifier@50000cd6)
OBJ 50000cd9 (sz=48, trace=300283, class=java.util.HashMap@500000cb)
ARR 50000cda (sz=80, trace=300284, nelems=0, elem type=java.util.HashMap$Entry[]@50000054)
OBJ 50000cdb (sz=24, trace=300273, class=java.util.ArrayList@5000011e)
ARR 50000cdc (sz=56, trace=300285, nelems=0, elem type=java.lang.Object[]@500000ac)
OBJ 50000cdd (sz=24, trace=300273, class=java.util.ArrayList@5000011e)
ARR 50000cde (sz=56, trace=300286, nelems=0, elem type=java.lang.Object[]@500000ac)
ARR 50000ce1 (sz=128, trace=300288, nelems=64, elem type=char[])
ARR 50000ce2 (sz=256, trace=300289, nelems=256, elem type=byte[])
OBJ 50000ce3 (sz=16, trace=300290, class=sun.misc.BASE64Decoder@50000ce0)
ARR 50000ce4 (sz=24, trace=300291, nelems=0, elem type=byte[])
ARR 50000ce5 (sz=3304, trace=300292, nelems=0, elem type=byte[])
OBJ 50000ce6 (sz=48, trace=300126, class=java.util.zip.ZipFile$ZipFileInputStream@50000223)
	this$0		50000a53
OBJ 50000ce7 (sz=40, trace=300066, class=java.lang.ref.Finalizer@500000f9)
	referent	50000ce6
	queue		500032ae
	next		50000a67
	prev		50000cf8
OBJ 50000ce8 (sz=56, trace=300140, class=java.util.zip.ZipFile$1@50000268)
ARR 50000ce9 (sz=24, trace=300141, nelems=0, elem type=byte[])
ARR 50000cea (sz=528, trace=300142, nelems=0, elem type=byte[])
ARR 50000ceb (sz=3304, trace=300143, nelems=0, elem type=byte[])
OBJ 50000cec (sz=32, trace=300194, class=java.io.DataInputStream@50000222)
ARR 50000ced (sz=96, trace=300293, nelems=0, elem type=byte[])
ARR 50000cee (sz=176, trace=300294, nelems=0, elem type=char[])
ARR 50000cef (sz=24, trace=300295, nelems=0, elem type=byte[])
ARR 50000cf1 (sz=64, trace=300297, nelems=32, elem type=char[])
OBJ 50000cf2 (sz=32, trace=300298, class=java.lang.String@50000036)
	value		50000cf1
ARR 50000cf3 (sz=32, trace=300299, nelems=16, elem type=char[])
OBJ 50000cf4 (sz=64, trace=300120, class=java.util.zip.ZipEntry@5000021b)
OBJ 50000cf5 (sz=80, trace=300122, class=java.util.jar.JarFile$JarFileEntry@5000021e)
ARR 50000cf6 (sz=3376, trace=300292, nelems=0, elem type=byte[])
OBJ 50000cf7 (sz=48, trace=300126, class=java.util.zip.ZipFile$ZipFileInputStream@50000223)
	this$0		50000a53
OBJ 50000cf8 (sz=40, trace=300066, class=java.lang.ref.Finalizer@500000f9)
	referent	50000cf7
	queue		500032ae
	next		50000ce7
	prev		50000d0b
OBJ 50000cf9 (sz=56, trace=300140, class=java.util.zip.ZipFile$1@50000268)
ARR 50000cfa (sz=24, trace=300141, nelems=0, elem type=byte[])
ARR 50000cfb (sz=528, trace=300142, nelems=0, elem type=byte[])
ARR 50000cfc (sz=3376, trace=300143, nelems=0, elem type=byte[])
OBJ 50000cfd (sz=32, trace=300194, class=java.io.DataInputStream@50000222)
ARR 50000cfe (sz=96, trace=300293, nelems=0, elem type=byte[])
ARR 50000cff (sz=176, trace=300294, nelems=0, elem type=char[])
ARR 50000d00 (sz=24, trace=300295, nelems=0, elem type=byte[])
ARR 50000d01 (sz=3376, trace=300300, nelems=0, elem type=byte[])
OBJ 50000d02 (sz=32, trace=300301, class=java.lang.String@50000036)
ARR 50000d03 (sz=3376, trace=300302, nelems=0, elem type=byte[])
OBJ 50000d04 (sz=32, trace=300303, class=java.util.Hashtable$Entry@500000fd)
OBJ 50000d06 (sz=32, trace=300305, class=java.util.AbstractList$Itr@50000d05)
OBJ 50000d07 (sz=64, trace=300120, class=java.util.zip.ZipEntry@5000021b)
OBJ 50000d08 (sz=80, trace=300122, class=java.util.jar.JarFile$JarFileEntry@5000021e)
ARR 50000d09 (sz=2224, trace=300292, nelems=0, elem type=byte[])
OBJ 50000d0a (sz=48, trace=300126, class=java.util.zip.ZipFile$ZipFileInputStream@50000223)
	this$0		50000a53
OBJ 50000d0b (sz=40, trace=300066, class=java.lang.ref.Finalizer@500000f9)
	referent	50000d0a
	queue		500032ae
	next		50000cf8
	prev		50000f4e
OBJ 50000d0c (sz=56, trace=300140, class=java.util.zip.ZipFile$1@50000268)
ARR 50000d0d (sz=24, trace=300141, nelems=0, elem type=byte[])
ARR 50000d0e (sz=528, trace=300142, nelems=0, elem type=byte[])
ARR 50000d0f (sz=2224, trace=300143, nelems=0, elem type=byte[])
OBJ 50000d10 (sz=32, trace=300194, class=java.io.DataInputStream@50000222)
ARR 50000d11 (sz=96, trace=300293, nelems=0, elem type=byte[])
ARR 50000d12 (sz=176, trace=300294, nelems=0, elem type=char[])
ARR 50000d13 (sz=24, trace=300295, nelems=0, elem type=byte[])
OBJ 50000d14 (sz=32, trace=300306, class=java.lang.String@50000036)
OBJ 50000d15 (sz=24, trace=300273, class=java.util.ArrayList@5000011e)
ARR 50000d16 (sz=56, trace=300307, nelems=0, elem type=java.lang.Object[]@500000ac)
OBJ 50000d18 (sz=24, trace=300309, class=sun.security.util.ManifestDigester@50000d17)
OBJ 50000d19 (sz=48, trace=300310, class=java.util.HashMap@500000cb)
ARR 50000d1a (sz=80, trace=300311, nelems=0, elem type=java.util.HashMap$Entry[]@50000054)
OBJ 50000d1b (sz=24, trace=300312, class=java.io.ByteArrayOutputStream@50000cce)
ARR 50000d1c (sz=48, trace=300313, nelems=0, elem type=byte[])
OBJ 50000d1e (sz=24, trace=300315, class=sun.security.util.ManifestDigester$Position@50000d1d)
OBJ 50000d20 (sz=32, trace=300317, class=sun.security.util.ManifestDigester$Entry@50000d1f)
OBJ 50000d21 (sz=32, trace=300318, class=java.util.HashMap$Entry@50000053)
OBJ 50000d22 (sz=24, trace=300319, class=java.lang.StringBuilder@5000004d)
ARR 50000d23 (sz=216, trace=300320, nelems=0, elem type=char[])
OBJ 50000d24 (sz=32, trace=300321, class=java.lang.String@50000036)
ARR 50000d25 (sz=112, trace=300322, nelems=0, elem type=char[])
OBJ 50000d26 (sz=48, trace=300053, class=java.nio.HeapByteBuffer@50000087)
OBJ 50000d27 (sz=48, trace=300054, class=java.nio.HeapCharBuffer@500000a5)
OBJ 50000d28 (sz=32, trace=300323, class=java.lang.String@50000036)
ARR 50000d29 (sz=112, trace=300324, nelems=0, elem type=char[])
OBJ 50000d2a (sz=32, trace=300325, class=sun.security.util.ManifestDigester$Entry@50000d1f)
OBJ 50000d2b (sz=32, trace=300326, class=java.util.HashMap$Entry@50000053)
OBJ 50000d2c (sz=24, trace=300319, class=java.lang.StringBuilder@5000004d)
ARR 50000d2d (sz=208, trace=300320, nelems=0, elem type=char[])
OBJ 50000d2e (sz=32, trace=300321, class=java.lang.String@50000036)
ARR 50000d2f (sz=104, trace=300322, nelems=0, elem type=char[])
OBJ 50000d30 (sz=48, trace=300053, class=java.nio.HeapByteBuffer@50000087)
OBJ 50000d31 (sz=48, trace=300054, class=java.nio.HeapCharBuffer@500000a5)
OBJ 50000d32 (sz=32, trace=300323, class=java.lang.String@50000036)
ARR 50000d33 (sz=104, trace=300324, nelems=0, elem type=char[])
OBJ 50000d34 (sz=32, trace=300325, class=sun.security.util.ManifestDigester$Entry@50000d1f)
OBJ 50000d35 (sz=32, trace=300326, class=java.util.HashMap$Entry@50000053)
OBJ 50000d36 (sz=24, trace=300319, class=java.lang.StringBuilder@5000004d)
ARR 50000d37 (sz=208, trace=300320, nelems=0, elem type=char[])
OBJ 50000d38 (sz=32, trace=300321, class=java.lang.String@50000036)
ARR 50000d39 (sz=112, trace=300322, nelems=0, elem type=char[])
OBJ 50000d3a (sz=48, trace=300053, class=java.nio.HeapByteBuffer@50000087)
OBJ 50000d3b (sz=48, trace=300054, class=java.nio.HeapCharBuffer@500000a5)
OBJ 50000d3c (sz=32, trace=300323, class=java.lang.String@50000036)
ARR 50000d3d (sz=112, trace=300324, nelems=0, elem type=char[])
OBJ 50000d3e (sz=32, trace=300325, class=sun.security.util.ManifestDigester$Entry@50000d1f)
OBJ 50000d3f (sz=32, trace=300326, class=java.util.HashMap$Entry@50000053)
OBJ 50000d40 (sz=24, trace=300319, class=java.lang.StringBuilder@5000004d)
ARR 50000d41 (sz=200, trace=300320, nelems=0, elem type=char[])
OBJ 50000d42 (sz=32, trace=300321, class=java.lang.String@50000036)
ARR 50000d43 (sz=96, trace=300322, nelems=0, elem type=char[])
OBJ 50000d44 (sz=48, trace=300053, class=java.nio.HeapByteBuffer@50000087)
OBJ 50000d45 (sz=48, trace=300054, class=java.nio.HeapCharBuffer@500000a5)
OBJ 50000d46 (sz=32, trace=300323, class=java.lang.String@50000036)
ARR 50000d47 (sz=96, trace=300324, nelems=0, elem type=char[])
OBJ 50000d48 (sz=32, trace=300325, class=sun.security.util.ManifestDigester$Entry@50000d1f)
OBJ 50000d49 (sz=32, trace=300326, class=java.util.HashMap$Entry@50000053)
OBJ 50000d4a (sz=24, trace=300319, class=java.lang.StringBuilder@5000004d)
ARR 50000d4b (sz=208, trace=300320, nelems=0, elem type=char[])
OBJ 50000d4c (sz=32, trace=300321, class=java.lang.String@50000036)
ARR 50000d4d (sz=112, trace=300322, nelems=0, elem type=char[])
OBJ 50000d4e (sz=48, trace=300053, class=java.nio.HeapByteBuffer@50000087)
OBJ 50000d4f (sz=48, trace=300054, class=java.nio.HeapCharBuffer@500000a5)
OBJ 50000d50 (sz=32, trace=300323, class=java.lang.String@50000036)
ARR 50000d51 (sz=112, trace=300324, nelems=0, elem type=char[])
OBJ 50000d52 (sz=32, trace=300325, class=sun.security.util.ManifestDigester$Entry@50000d1f)
OBJ 50000d53 (sz=32, trace=300326, class=java.util.HashMap$Entry@50000053)
OBJ 50000d54 (sz=24, trace=300319, class=java.lang.StringBuilder@5000004d)
ARR 50000d55 (sz=216, trace=300320, nelems=0, elem type=char[])
OBJ 50000d56 (sz=32, trace=300321, class=java.lang.String@50000036)
ARR 50000d57 (sz=112, trace=300322, nelems=0, elem type=char[])
OBJ 50000d58 (sz=48, trace=300053, class=java.nio.HeapByteBuffer@50000087)
OBJ 50000d59 (sz=48, trace=300054, class=java.nio.HeapCharBuffer@500000a5)
OBJ 50000d5a (sz=32, trace=300323, class=java.lang.String@50000036)
ARR 50000d5b (sz=112, trace=300324, nelems=0, elem type=char[])
OBJ 50000d5c (sz=32, trace=300325, class=sun.security.util.ManifestDigester$Entry@50000d1f)
OBJ 50000d5d (sz=32, trace=300326, class=java.util.HashMap$Entry@50000053)
OBJ 50000d5e (sz=24, trace=300319, class=java.lang.StringBuilder@5000004d)
ARR 50000d5f (sz=208, trace=300320, nelems=0, elem type=char[])
OBJ 50000d60 (sz=32, trace=300321, class=java.lang.String@50000036)
ARR 50000d61 (sz=112, trace=300322, nelems=0, elem type=char[])
OBJ 50000d62 (sz=48, trace=300053, class=java.nio.HeapByteBuffer@50000087)
OBJ 50000d63 (sz=48, trace=300054, class=java.nio.HeapCharBuffer@500000a5)
OBJ 50000d64 (sz=32, trace=300323, class=java.lang.String@50000036)
ARR 50000d65 (sz=112, trace=300324, nelems=0, elem type=char[])
OBJ 50000d66 (sz=32, trace=300325, class=sun.security.util.ManifestDigester$Entry@50000d1f)
OBJ 50000d67 (sz=32, trace=300326, class=java.util.HashMap$Entry@50000053)
OBJ 50000d68 (sz=24, trace=300319, class=java.lang.StringBuilder@5000004d)
ARR 50000d69 (sz=288, trace=300320, nelems=0, elem type=char[])
OBJ 50000d6a (sz=32, trace=300321, class=java.lang.String@50000036)
ARR 50000d6b (sz=144, trace=300322, nelems=0, elem type=char[])
OBJ 50000d6c (sz=48, trace=300053, class=java.nio.HeapByteBuffer@50000087)
OBJ 50000d6d (sz=48, trace=300054, class=java.nio.HeapCharBuffer@500000a5)
OBJ 50000d6e (sz=32, trace=300327, class=java.lang.String@50000036)
ARR 50000d6f (sz=48, trace=300328, nelems=0, elem type=char[])
OBJ 50000d70 (sz=48, trace=300053, class=java.nio.HeapByteBuffer@50000087)
OBJ 50000d71 (sz=48, trace=300054, class=java.nio.HeapCharBuffer@500000a5)
OBJ 50000d72 (sz=32, trace=300323, class=java.lang.String@50000036)
ARR 50000d73 (sz=176, trace=300324, nelems=0, elem type=char[])
OBJ 50000d74 (sz=32, trace=300325, class=sun.security.util.ManifestDigester$Entry@50000d1f)
OBJ 50000d75 (sz=32, trace=300326, class=java.util.HashMap$Entry@50000053)
OBJ 50000d76 (sz=24, trace=300319, class=java.lang.StringBuilder@5000004d)
ARR 50000d77 (sz=200, trace=300320, nelems=0, elem type=char[])
OBJ 50000d78 (sz=32, trace=300321, class=java.lang.String@50000036)
ARR 50000d79 (sz=96, trace=300322, nelems=0, elem type=char[])
OBJ 50000d7a (sz=48, trace=300053, class=java.nio.HeapByteBuffer@50000087)
OBJ 50000d7b (sz=48, trace=300054, class=java.nio.HeapCharBuffer@500000a5)
OBJ 50000d7c (sz=32, trace=300323, class=java.lang.String@50000036)
ARR 50000d7d (sz=96, trace=300324, nelems=0, elem type=char[])
OBJ 50000d7e (sz=32, trace=300325, class=sun.security.util.ManifestDigester$Entry@50000d1f)
OBJ 50000d7f (sz=32, trace=300326, class=java.util.HashMap$Entry@50000053)
OBJ 50000d80 (sz=24, trace=300319, class=java.lang.StringBuilder@5000004d)
ARR 50000d81 (sz=200, trace=300320, nelems=0, elem type=char[])
OBJ 50000d82 (sz=32, trace=300321, class=java.lang.String@50000036)
ARR 50000d83 (sz=96, trace=300322, nelems=0, elem type=char[])
OBJ 50000d84 (sz=48, trace=300053, class=java.nio.HeapByteBuffer@50000087)
OBJ 50000d85 (sz=48, trace=300054, class=java.nio.HeapCharBuffer@500000a5)
OBJ 50000d86 (sz=32, trace=300323, class=java.lang.String@50000036)
ARR 50000d87 (sz=96, trace=300324, nelems=0, elem type=char[])
OBJ 50000d88 (sz=32, trace=300325, class=sun.security.util.ManifestDigester$Entry@50000d1f)
OBJ 50000d89 (sz=32, trace=300326, class=java.util.HashMap$Entry@50000053)
OBJ 50000d8a (sz=24, trace=300319, class=java.lang.StringBuilder@5000004d)
ARR 50000d8b (sz=248, trace=300320, nelems=0, elem type=char[])
OBJ 50000d8c (sz=32, trace=300321, class=java.lang.String@50000036)
ARR 50000d8d (sz=144, trace=300322, nelems=0, elem type=char[])
OBJ 50000d8e (sz=48, trace=300053, class=java.nio.HeapByteBuffer@50000087)
OBJ 50000d8f (sz=48, trace=300054, class=java.nio.HeapCharBuffer@500000a5)
OBJ 50000d90 (sz=32, trace=300323, class=java.lang.String@50000036)
ARR 50000d91 (sz=144, trace=300324, nelems=0, elem type=char[])
OBJ 50000d92 (sz=32, trace=300325, class=sun.security.util.ManifestDigester$Entry@50000d1f)
OBJ 50000d93 (sz=32, trace=300326, class=java.util.HashMap$Entry@50000053)
OBJ 50000d94 (sz=24, trace=300319, class=java.lang.StringBuilder@5000004d)
ARR 50000d95 (sz=200, trace=300320, nelems=0, elem type=char[])
OBJ 50000d96 (sz=32, trace=300321, class=java.lang.String@50000036)
ARR 50000d97 (sz=96, trace=300322, nelems=0, elem type=char[])
OBJ 50000d98 (sz=48, trace=300053, class=java.nio.HeapByteBuffer@50000087)
OBJ 50000d99 (sz=48, trace=300054, class=java.nio.HeapCharBuffer@500000a5)
OBJ 50000d9a (sz=32, trace=300323, class=java.lang.String@50000036)
ARR 50000d9b (sz=96, trace=300324, nelems=0, elem type=char[])
OBJ 50000d9c (sz=32, trace=300325, class=sun.security.util.ManifestDigester$Entry@50000d1f)
OBJ 50000d9d (sz=32, trace=300326, class=java.util.HashMap$Entry@50000053)
ARR 50000d9e (sz=144, trace=300329, nelems=0, elem type=java.util.HashMap$Entry[]@50000054)
OBJ 50000d9f (sz=24, trace=300319, class=java.lang.StringBuilder@5000004d)
ARR 50000da0 (sz=232, trace=300320, nelems=0, elem type=char[])
OBJ 50000da1 (sz=32, trace=300321, class=java.lang.String@50000036)
ARR 50000da2 (sz=128, trace=300322, nelems=0, elem type=char[])
OBJ 50000da3 (sz=48, trace=300053, class=java.nio.HeapByteBuffer@50000087)
OBJ 50000da4 (sz=48, trace=300054, class=java.nio.HeapCharBuffer@500000a5)
OBJ 50000da5 (sz=32, trace=300323, class=java.lang.String@50000036)
ARR 50000da6 (sz=128, trace=300324, nelems=0, elem type=char[])
OBJ 50000da7 (sz=32, trace=300325, class=sun.security.util.ManifestDigester$Entry@50000d1f)
OBJ 50000da8 (sz=32, trace=300326, class=java.util.HashMap$Entry@50000053)
OBJ 50000da9 (sz=24, trace=300319, class=java.lang.StringBuilder@5000004d)
ARR 50000daa (sz=248, trace=300320, nelems=0, elem type=char[])
OBJ 50000dab (sz=32, trace=300321, class=java.lang.String@50000036)
ARR 50000dac (sz=144, trace=300322, nelems=0, elem type=char[])
OBJ 50000dad (sz=48, trace=300053, class=java.nio.HeapByteBuffer@50000087)
OBJ 50000dae (sz=48, trace=300054, class=java.nio.HeapCharBuffer@500000a5)
OBJ 50000daf (sz=32, trace=300323, class=java.lang.String@50000036)
ARR 50000db0 (sz=144, trace=300324, nelems=0, elem type=char[])
OBJ 50000db1 (sz=32, trace=300325, class=sun.security.util.ManifestDigester$Entry@50000d1f)
OBJ 50000db2 (sz=32, trace=300326, class=java.util.HashMap$Entry@50000053)
OBJ 50000db3 (sz=24, trace=300319, class=java.lang.StringBuilder@5000004d)
ARR 50000db4 (sz=192, trace=300320, nelems=0, elem type=char[])
OBJ 50000db5 (sz=32, trace=300321, class=java.lang.String@50000036)
ARR 50000db6 (sz=96, trace=300322, nelems=0, elem type=char[])
OBJ 50000db7 (sz=48, trace=300053, class=java.nio.HeapByteBuffer@50000087)
OBJ 50000db8 (sz=48, trace=300054, class=java.nio.HeapCharBuffer@500000a5)
OBJ 50000db9 (sz=32, trace=300323, class=java.lang.String@50000036)
ARR 50000dba (sz=96, trace=300324, nelems=0, elem type=char[])
OBJ 50000dbb (sz=32, trace=300325, class=sun.security.util.ManifestDigester$Entry@50000d1f)
OBJ 50000dbc (sz=32, trace=300326, class=java.util.HashMap$Entry@50000053)
OBJ 50000dbd (sz=24, trace=300319, class=java.lang.StringBuilder@5000004d)
ARR 50000dbe (sz=200, trace=300320, nelems=0, elem type=char[])
OBJ 50000dbf (sz=32, trace=300321, class=java.lang.String@50000036)
ARR 50000dc0 (sz=96, trace=300322, nelems=0, elem type=char[])
OBJ 50000dc1 (sz=48, trace=300053, class=java.nio.HeapByteBuffer@50000087)
OBJ 50000dc2 (sz=48, trace=300054, class=java.nio.HeapCharBuffer@500000a5)
OBJ 50000dc3 (sz=32, trace=300323, class=java.lang.String@50000036)
ARR 50000dc4 (sz=96, trace=300324, nelems=0, elem type=char[])
OBJ 50000dc5 (sz=32, trace=300325, class=sun.security.util.ManifestDigester$Entry@50000d1f)
OBJ 50000dc6 (sz=32, trace=300326, class=java.util.HashMap$Entry@50000053)
OBJ 50000dc7 (sz=24, trace=300319, class=java.lang.StringBuilder@5000004d)
ARR 50000dc8 (sz=200, trace=300320, nelems=0, elem type=char[])
OBJ 50000dc9 (sz=32, trace=300321, class=java.lang.String@50000036)
ARR 50000dca (sz=104, trace=300322, nelems=0, elem type=char[])
OBJ 50000dcb (sz=48, trace=300053, class=java.nio.HeapByteBuffer@50000087)
OBJ 50000dcc (sz=48, trace=300054, class=java.nio.HeapCharBuffer@500000a5)
OBJ 50000dcd (sz=32, trace=300323, class=java.lang.String@50000036)
ARR 50000dce (sz=104, trace=300324, nelems=0, elem type=char[])
OBJ 50000dcf (sz=32, trace=300325, class=sun.security.util.ManifestDigester$Entry@50000d1f)
OBJ 50000dd0 (sz=32, trace=300326, class=java.util.HashMap$Entry@50000053)
OBJ 50000dd1 (sz=24, trace=300319, class=java.lang.StringBuilder@5000004d)
ARR 50000dd2 (sz=208, trace=300320, nelems=0, elem type=char[])
OBJ 50000dd3 (sz=32, trace=300321, class=java.lang.String@50000036)
ARR 50000dd4 (sz=112, trace=300322, nelems=0, elem type=char[])
OBJ 50000dd5 (sz=48, trace=300053, class=java.nio.HeapByteBuffer@50000087)
OBJ 50000dd6 (sz=48, trace=300054, class=java.nio.HeapCharBuffer@500000a5)
OBJ 50000dd7 (sz=32, trace=300323, class=java.lang.String@50000036)
ARR 50000dd8 (sz=112, trace=300324, nelems=0, elem type=char[])
OBJ 50000dd9 (sz=32, trace=300325, class=sun.security.util.ManifestDigester$Entry@50000d1f)
OBJ 50000dda (sz=32, trace=300326, class=java.util.HashMap$Entry@50000053)
OBJ 50000ddb (sz=24, trace=300319, class=java.lang.StringBuilder@5000004d)
ARR 50000ddc (sz=216, trace=300320, nelems=0, elem type=char[])
OBJ 50000ddd (sz=32, trace=300321, class=java.lang.String@50000036)
ARR 50000dde (sz=112, trace=300322, nelems=0, elem type=char[])
OBJ 50000ddf (sz=48, trace=300053, class=java.nio.HeapByteBuffer@50000087)
OBJ 50000de0 (sz=48, trace=300054, class=java.nio.HeapCharBuffer@500000a5)
OBJ 50000de1 (sz=32, trace=300323, class=java.lang.String@50000036)
ARR 50000de2 (sz=112, trace=300324, nelems=0, elem type=char[])
OBJ 50000de3 (sz=32, trace=300325, class=sun.security.util.ManifestDigester$Entry@50000d1f)
OBJ 50000de4 (sz=32, trace=300326, class=java.util.HashMap$Entry@50000053)
OBJ 50000de5 (sz=24, trace=300319, class=java.lang.StringBuilder@5000004d)
ARR 50000de6 (sz=224, trace=300320, nelems=0, elem type=char[])
OBJ 50000de7 (sz=32, trace=300321, class=java.lang.String@50000036)
ARR 50000de8 (sz=120, trace=300322, nelems=0, elem type=char[])
OBJ 50000de9 (sz=48, trace=300053, class=java.nio.HeapByteBuffer@50000087)
OBJ 50000dea (sz=48, trace=300054, class=java.nio.HeapCharBuffer@500000a5)
OBJ 50000deb (sz=32, trace=300323, class=java.lang.String@50000036)
ARR 50000dec (sz=120, trace=300324, nelems=0, elem type=char[])
OBJ 50000ded (sz=32, trace=300325, class=sun.security.util.ManifestDigester$Entry@50000d1f)
OBJ 50000dee (sz=32, trace=300326, class=java.util.HashMap$Entry@50000053)
OBJ 50000def (sz=24, trace=300319, class=java.lang.StringBuilder@5000004d)
ARR 50000df0 (sz=232, trace=300320, nelems=0, elem type=char[])
OBJ 50000df1 (sz=32, trace=300321, class=java.lang.String@50000036)
ARR 50000df2 (sz=128, trace=300322, nelems=0, elem type=char[])
OBJ 50000df3 (sz=48, trace=300053, class=java.nio.HeapByteBuffer@50000087)
OBJ 50000df4 (sz=48, trace=300054, class=java.nio.HeapCharBuffer@500000a5)
OBJ 50000df5 (sz=32, trace=300323, class=java.lang.String@50000036)
ARR 50000df6 (sz=128, trace=300324, nelems=0, elem type=char[])
OBJ 50000df7 (sz=32, trace=300325, class=sun.security.util.ManifestDigester$Entry@50000d1f)
OBJ 50000df8 (sz=32, trace=300326, class=java.util.HashMap$Entry@50000053)
OBJ 50000df9 (sz=24, trace=300319, class=java.lang.StringBuilder@5000004d)
ARR 50000dfa (sz=224, trace=300320, nelems=0, elem type=char[])
OBJ 50000dfb (sz=32, trace=300321, class=java.lang.String@50000036)
ARR 50000dfc (sz=128, trace=300322, nelems=0, elem type=char[])
OBJ 50000dfd (sz=48, trace=300053, class=java.nio.HeapByteBuffer@50000087)
OBJ 50000dfe (sz=48, trace=300054, class=java.nio.HeapCharBuffer@500000a5)
OBJ 50000dff (sz=32, trace=300323, class=java.lang.String@50000036)
ARR 50000e00 (sz=128, trace=300324, nelems=0, elem type=char[])
OBJ 50000e01 (sz=32, trace=300325, class=sun.security.util.ManifestDigester$Entry@50000d1f)
OBJ 50000e02 (sz=32, trace=300326, class=java.util.HashMap$Entry@50000053)
OBJ 50000e03 (sz=24, trace=300319, class=java.lang.StringBuilder@5000004d)
ARR 50000e04 (sz=264, trace=300320, nelems=0, elem type=char[])
OBJ 50000e05 (sz=32, trace=300321, class=java.lang.String@50000036)
ARR 50000e06 (sz=144, trace=300322, nelems=0, elem type=char[])
OBJ 50000e07 (sz=48, trace=300053, class=java.nio.HeapByteBuffer@50000087)
OBJ 50000e08 (sz=48, trace=300054, class=java.nio.HeapCharBuffer@500000a5)
OBJ 50000e09 (sz=32, trace=300327, class=java.lang.String@50000036)
ARR 50000e0a (sz=32, trace=300328, nelems=0, elem type=char[])
OBJ 50000e0b (sz=48, trace=300053, class=java.nio.HeapByteBuffer@50000087)
OBJ 50000e0c (sz=48, trace=300054, class=java.nio.HeapCharBuffer@500000a5)
OBJ 50000e0d (sz=32, trace=300323, class=java.lang.String@50000036)
ARR 50000e0e (sz=160, trace=300324, nelems=0, elem type=char[])
OBJ 50000e0f (sz=32, trace=300325, class=sun.security.util.ManifestDigester$Entry@50000d1f)
OBJ 50000e10 (sz=32, trace=300326, class=java.util.HashMap$Entry@50000053)
OBJ 50000e11 (sz=24, trace=300319, class=java.lang.StringBuilder@5000004d)
ARR 50000e12 (sz=264, trace=300320, nelems=0, elem type=char[])
OBJ 50000e13 (sz=32, trace=300321, class=java.lang.String@50000036)
ARR 50000e14 (sz=144, trace=300322, nelems=0, elem type=char[])
OBJ 50000e15 (sz=48, trace=300053, class=java.nio.HeapByteBuffer@50000087)
OBJ 50000e16 (sz=48, trace=300054, class=java.nio.HeapCharBuffer@500000a5)
OBJ 50000e17 (sz=32, trace=300327, class=java.lang.String@50000036)
ARR 50000e18 (sz=24, trace=300328, nelems=0, elem type=char[])
OBJ 50000e19 (sz=48, trace=300053, class=java.nio.HeapByteBuffer@50000087)
OBJ 50000e1a (sz=48, trace=300054, class=java.nio.HeapCharBuffer@500000a5)
OBJ 50000e1b (sz=32, trace=300323, class=java.lang.String@50000036)
ARR 50000e1c (sz=152, trace=300324, nelems=0, elem type=char[])
OBJ 50000e1d (sz=32, trace=300325, class=sun.security.util.ManifestDigester$Entry@50000d1f)
OBJ 50000e1e (sz=32, trace=300326, class=java.util.HashMap$Entry@50000053)
ARR 50000e1f (sz=272, trace=300329, nelems=0, elem type=java.util.HashMap$Entry[]@50000054)
OBJ 50000e20 (sz=24, trace=300319, class=java.lang.StringBuilder@5000004d)
ARR 50000e21 (sz=192, trace=300320, nelems=0, elem type=char[])
OBJ 50000e22 (sz=32, trace=300321, class=java.lang.String@50000036)
ARR 50000e23 (sz=96, trace=300322, nelems=0, elem type=char[])
OBJ 50000e24 (sz=48, trace=300053, class=java.nio.HeapByteBuffer@50000087)
OBJ 50000e25 (sz=48, trace=300054, class=java.nio.HeapCharBuffer@500000a5)
OBJ 50000e26 (sz=32, trace=300323, class=java.lang.String@50000036)
ARR 50000e27 (sz=96, trace=300324, nelems=0, elem type=char[])
OBJ 50000e28 (sz=32, trace=300325, class=sun.security.util.ManifestDigester$Entry@50000d1f)
OBJ 50000e29 (sz=32, trace=300326, class=java.util.HashMap$Entry@50000053)
OBJ 50000e2a (sz=24, trace=300319, class=java.lang.StringBuilder@5000004d)
ARR 50000e2b (sz=216, trace=300320, nelems=0, elem type=char[])
OBJ 50000e2c (sz=32, trace=300321, class=java.lang.String@50000036)
ARR 50000e2d (sz=112, trace=300322, nelems=0, elem type=char[])
OBJ 50000e2e (sz=48, trace=300053, class=java.nio.HeapByteBuffer@50000087)
OBJ 50000e2f (sz=48, trace=300054, class=java.nio.HeapCharBuffer@500000a5)
OBJ 50000e30 (sz=32, trace=300323, class=java.lang.String@50000036)
ARR 50000e31 (sz=112, trace=300324, nelems=0, elem type=char[])
OBJ 50000e32 (sz=32, trace=300325, class=sun.security.util.ManifestDigester$Entry@50000d1f)
OBJ 50000e33 (sz=32, trace=300326, class=java.util.HashMap$Entry@50000053)
OBJ 50000e34 (sz=24, trace=300319, class=java.lang.StringBuilder@5000004d)
ARR 50000e35 (sz=216, trace=300320, nelems=0, elem type=char[])
OBJ 50000e36 (sz=32, trace=300321, class=java.lang.String@50000036)
ARR 50000e37 (sz=120, trace=300322, nelems=0, elem type=char[])
OBJ 50000e38 (sz=48, trace=300053, class=java.nio.HeapByteBuffer@50000087)
OBJ 50000e39 (sz=48, trace=300054, class=java.nio.HeapCharBuffer@500000a5)
OBJ 50000e3a (sz=32, trace=300323, class=java.lang.String@50000036)
ARR 50000e3b (sz=120, trace=300324, nelems=0, elem type=char[])
OBJ 50000e3c (sz=32, trace=300325, class=sun.security.util.ManifestDigester$Entry@50000d1f)
OBJ 50000e3d (sz=32, trace=300326, class=java.util.HashMap$Entry@50000053)
OBJ 50000e3e (sz=24, trace=300319, class=java.lang.StringBuilder@5000004d)
ARR 50000e3f (sz=256, trace=300320, nelems=0, elem type=char[])
OBJ 50000e40 (sz=32, trace=300321, class=java.lang.String@50000036)
ARR 50000e41 (sz=144, trace=300322, nelems=0, elem type=char[])
OBJ 50000e42 (sz=48, trace=300053, class=java.nio.HeapByteBuffer@50000087)
OBJ 50000e43 (sz=48, trace=300054, class=java.nio.HeapCharBuffer@500000a5)
OBJ 50000e44 (sz=32, trace=300327, class=java.lang.String@50000036)
ARR 50000e45 (sz=24, trace=300328, nelems=0, elem type=char[])
OBJ 50000e46 (sz=48, trace=300053, class=java.nio.HeapByteBuffer@50000087)
OBJ 50000e47 (sz=48, trace=300054, class=java.nio.HeapCharBuffer@500000a5)
OBJ 50000e48 (sz=32, trace=300323, class=java.lang.String@50000036)
ARR 50000e49 (sz=152, trace=300324, nelems=0, elem type=char[])
OBJ 50000e4a (sz=32, trace=300325, class=sun.security.util.ManifestDigester$Entry@50000d1f)
OBJ 50000e4b (sz=32, trace=300326, class=java.util.HashMap$Entry@50000053)
OBJ 50000e4c (sz=24, trace=300319, class=java.lang.StringBuilder@5000004d)
ARR 50000e4d (sz=248, trace=300320, nelems=0, elem type=char[])
OBJ 50000e4e (sz=32, trace=300321, class=java.lang.String@50000036)
ARR 50000e4f (sz=144, trace=300322, nelems=0, elem type=char[])
OBJ 50000e50 (sz=48, trace=300053, class=java.nio.HeapByteBuffer@50000087)
OBJ 50000e51 (sz=48, trace=300054, class=java.nio.HeapCharBuffer@500000a5)
OBJ 50000e52 (sz=32, trace=300323, class=java.lang.String@50000036)
ARR 50000e53 (sz=144, trace=300324, nelems=0, elem type=char[])
OBJ 50000e54 (sz=32, trace=300325, class=sun.security.util.ManifestDigester$Entry@50000d1f)
OBJ 50000e55 (sz=32, trace=300326, class=java.util.HashMap$Entry@50000053)
OBJ 50000e56 (sz=24, trace=300319, class=java.lang.StringBuilder@5000004d)
ARR 50000e57 (sz=216, trace=300320, nelems=0, elem type=char[])
OBJ 50000e58 (sz=32, trace=300321, class=java.lang.String@50000036)
ARR 50000e59 (sz=120, trace=300322, nelems=0, elem type=char[])
OBJ 50000e5a (sz=48, trace=300053, class=java.nio.HeapByteBuffer@50000087)
OBJ 50000e5b (sz=48, trace=300054, class=java.nio.HeapCharBuffer@500000a5)
OBJ 50000e5c (sz=32, trace=300323, class=java.lang.String@50000036)
ARR 50000e5d (sz=120, trace=300324, nelems=0, elem type=char[])
OBJ 50000e5e (sz=32, trace=300325, class=sun.security.util.ManifestDigester$Entry@50000d1f)
OBJ 50000e5f (sz=32, trace=300326, class=java.util.HashMap$Entry@50000053)
OBJ 50000e60 (sz=24, trace=300319, class=java.lang.StringBuilder@5000004d)
ARR 50000e61 (sz=160, trace=300320, nelems=0, elem type=char[])
OBJ 50000e62 (sz=32, trace=300321, class=java.lang.String@50000036)
ARR 50000e63 (sz=56, trace=300322, nelems=0, elem type=char[])
OBJ 50000e64 (sz=48, trace=300053, class=java.nio.HeapByteBuffer@50000087)
OBJ 50000e65 (sz=48, trace=300054, class=java.nio.HeapCharBuffer@500000a5)
OBJ 50000e66 (sz=32, trace=300323, class=java.lang.String@50000036)
ARR 50000e67 (sz=56, trace=300324, nelems=0, elem type=char[])
OBJ 50000e68 (sz=32, trace=300325, class=sun.security.util.ManifestDigester$Entry@50000d1f)
OBJ 50000e69 (sz=32, trace=300326, class=java.util.HashMap$Entry@50000053)
ARR 50000e6a (sz=2224, trace=300330, nelems=0, elem type=byte[])
OBJ 50000e6b (sz=48, trace=300331, class=sun.security.util.SignatureFileVerifier@50000cf0)
OBJ 50000e6e (sz=16, trace=300334, class=java.lang.InheritableThreadLocal@50000e6d)
ARR 50000e72 (sz=16, trace=300337, nelems=0, elem type=sun.security.jca.ProviderConfig[]@50000e71)
ARR 50000e75 (sz=16, trace=300339, nelems=0, elem type=java.security.Provider[]@50000e74)
OBJ 50000e76 (sz=24, trace=300340, class=sun.security.jca.ProviderList@50000e6f)
	configs		50000e72
	userList	50000e78
OBJ 50000e78 (sz=24, trace=300342, class=sun.security.jca.ProviderList$3@50000e77)
	this$0		50000e76
OBJ 50000e7b (sz=24, trace=300345, class=java.security.Provider$ServiceKey@50000e7a)
OBJ 50000e7c (sz=48, trace=300346, class=java.util.HashMap@500000cb)
	table		50000efd
ARR 50000e7d (sz=80, trace=300347, nelems=0, elem type=java.util.HashMap$Entry[]@50000054)
OBJ 50000e7f (sz=32, trace=300349, class=java.security.Provider$EngineDescription@50000e7e)
	name		50003af3
ARR 50000e80 (sz=54, trace=300350, nelems=27, elem type=char[])
OBJ 50000e81 (sz=32, trace=300351, class=java.lang.String@50000036)
	value		50000e80
OBJ 50000e82 (sz=32, trace=300352, class=java.util.HashMap$Entry@50000053)
	key		50000e81
	value		50000e7f
OBJ 50000e83 (sz=32, trace=300353, class=java.util.HashMap$Entry@50000053)
	key		50003af3
	value		50000e7f
OBJ 50000e84 (sz=32, trace=300354, class=java.security.Provider$EngineDescription@50000e7e)
	name		50003adc
ARR 50000e85 (sz=38, trace=300355, nelems=19, elem type=char[])
OBJ 50000e86 (sz=32, trace=300356, class=java.lang.String@50000036)
	value		50000e85
OBJ 50000e87 (sz=32, trace=300352, class=java.util.HashMap$Entry@50000053)
	key		50000e86
	value		50000e84
	next		50000eda
OBJ 50000e88 (sz=32, trace=300353, class=java.util.HashMap$Entry@50000053)
	key		50003adc
	value		50000e84
	next		50000ee9
OBJ 50000e89 (sz=32, trace=300357, class=java.security.Provider$EngineDescription@50000e7e)
	name		50003af4
ARR 50000e8a (sz=20, trace=300358, nelems=10, elem type=char[])
OBJ 50000e8b (sz=32, trace=300359, class=java.lang.String@50000036)
	value		50000e8a
OBJ 50000e8c (sz=32, trace=300352, class=java.util.HashMap$Entry@50000053)
	key		50000e8b
	value		50000e89
OBJ 50000e8d (sz=32, trace=300353, class=java.util.HashMap$Entry@50000053)
	key		50003af4
	value		50000e89
OBJ 50000e8e (sz=32, trace=300360, class=java.security.Provider$EngineDescription@50000e7e)
	name		50003af5
ARR 50000e8f (sz=32, trace=300361, nelems=16, elem type=char[])
OBJ 50000e90 (sz=32, trace=300362, class=java.lang.String@50000036)
	value		50000e8f
OBJ 50000e91 (sz=32, trace=300352, class=java.util.HashMap$Entry@50000053)
	key		50000e90
	value		50000e8e
OBJ 50000e92 (sz=32, trace=300353, class=java.util.HashMap$Entry@50000053)
	key		50003af5
	value		50000e8e
OBJ 50000e93 (sz=32, trace=300363, class=java.security.Provider$EngineDescription@50000e7e)
	name		50003af6
ARR 50000e94 (sz=16, trace=300364, nelems=8, elem type=char[])
OBJ 50000e95 (sz=32, trace=300365, class=java.lang.String@50000036)
	value		50000e94
OBJ 50000e96 (sz=32, trace=300352, class=java.util.HashMap$Entry@50000053)
	key		50000e95
	value		50000e93
OBJ 50000e97 (sz=32, trace=300353, class=java.util.HashMap$Entry@50000053)
	key		50003af6
	value		50000e93
OBJ 50000e98 (sz=32, trace=300366, class=java.security.Provider$EngineDescription@50000e7e)
	name		50003ae5
ARR 50000e99 (sz=26, trace=300367, nelems=13, elem type=char[])
OBJ 50000e9a (sz=32, trace=300368, class=java.lang.String@50000036)
	value		50000e99
OBJ 50000e9b (sz=32, trace=300352, class=java.util.HashMap$Entry@50000053)
	key		50000e9a
	value		50000e98
OBJ 50000e9c (sz=32, trace=300353, class=java.util.HashMap$Entry@50000053)
	key		50003ae5
	value		50000e98
OBJ 50000e9d (sz=32, trace=300369, class=java.security.Provider$EngineDescription@50000e7e)
	name		50003af7
ARR 50000e9e (sz=24, trace=300370, nelems=12, elem type=char[])
OBJ 50000e9f (sz=32, trace=300371, class=java.lang.String@50000036)
	value		50000e9e
OBJ 50000ea0 (sz=32, trace=300352, class=java.util.HashMap$Entry@50000053)
	key		50000e9f
	value		50000e9d
ARR 50000ea1 (sz=144, trace=300372, nelems=0, elem type=java.util.HashMap$Entry[]@50000054)
OBJ 50000ea2 (sz=32, trace=300353, class=java.util.HashMap$Entry@50000053)
	key		50003af7
	value		50000e9d
OBJ 50000ea3 (sz=32, trace=300373, class=java.security.Provider$EngineDescription@50000e7e)
	name		50003af8
ARR 50000ea4 (sz=18, trace=300374, nelems=9, elem type=char[])
OBJ 50000ea5 (sz=32, trace=300375, class=java.lang.String@50000036)
	value		50000ea4
OBJ 50000ea6 (sz=32, trace=300352, class=java.util.HashMap$Entry@50000053)
	key		50000ea5
	value		50000ea3
OBJ 50000ea7 (sz=32, trace=300353, class=java.util.HashMap$Entry@50000053)
	key		50003af8
	value		50000ea3
OBJ 50000ea8 (sz=32, trace=300376, class=java.security.Provider$EngineDescription@50000e7e)
	name		50003af9
ARR 50000ea9 (sz=36, trace=300377, nelems=18, elem type=char[])
OBJ 50000eaa (sz=32, trace=300378, class=java.lang.String@50000036)
	value		50000ea9
OBJ 50000eab (sz=32, trace=300352, class=java.util.HashMap$Entry@50000053)
	key		50000eaa
	value		50000ea8
	next		50000ea6
OBJ 50000eac (sz=32, trace=300353, class=java.util.HashMap$Entry@50000053)
	key		50003af9
	value		50000ea8
	next		50000ecf
OBJ 50000ead (sz=32, trace=300379, class=java.security.Provider$EngineDescription@50000e7e)
	name		50003afa
ARR 50000eae (sz=30, trace=300380, nelems=15, elem type=char[])
OBJ 50000eaf (sz=32, trace=300381, class=java.lang.String@50000036)
	value		50000eae
OBJ 50000eb0 (sz=32, trace=300352, class=java.util.HashMap$Entry@50000053)
	key		50000eaf
	value		50000ead
	next		50000eac
OBJ 50000eb1 (sz=32, trace=300353, class=java.util.HashMap$Entry@50000053)
	key		50003afa
	value		50000ead
	next		50000ea0
OBJ 50000eb2 (sz=32, trace=300382, class=java.security.Provider$EngineDescription@50000e7e)
	name		50003afb
ARR 50000eb3 (sz=34, trace=300383, nelems=17, elem type=char[])
OBJ 50000eb4 (sz=32, trace=300384, class=java.lang.String@50000036)
	value		50000eb3
OBJ 50000eb5 (sz=32, trace=300352, class=java.util.HashMap$Entry@50000053)
	key		50000eb4
	value		50000eb2
	next		50000ecb
OBJ 50000eb6 (sz=32, trace=300353, class=java.util.HashMap$Entry@50000053)
	key		50003afb
	value		50000eb2
OBJ 50000eb7 (sz=32, trace=300385, class=java.security.Provider$EngineDescription@50000e7e)
	name		50003afc
	constructorParameterClassName	50003afd
ARR 50000eb8 (sz=18, trace=300386, nelems=9, elem type=char[])
OBJ 50000eb9 (sz=32, trace=300387, class=java.lang.String@50000036)
	value		50000eb8
OBJ 50000eba (sz=32, trace=300352, class=java.util.HashMap$Entry@50000053)
	key		50000eb9
	value		50000eb7
OBJ 50000ebb (sz=32, trace=300353, class=java.util.HashMap$Entry@50000053)
	key		50003afc
	value		50000eb7
OBJ 50000ebc (sz=32, trace=300388, class=java.security.Provider$EngineDescription@50000e7e)
	name		50003afe
ARR 50000ebd (sz=12, trace=300389, nelems=6, elem type=char[])
OBJ 50000ebe (sz=32, trace=300390, class=java.lang.String@50000036)
	value		50000ebd
OBJ 50000ebf (sz=32, trace=300352, class=java.util.HashMap$Entry@50000053)
	key		50000ebe
	value		50000ebc
	next		50000ede
ARR 50000ec0 (sz=272, trace=300372, nelems=0, elem type=java.util.HashMap$Entry[]@50000054)
OBJ 50000ec1 (sz=32, trace=300353, class=java.util.HashMap$Entry@50000053)
	key		50003afe
	value		50000ebc
OBJ 50000ec2 (sz=32, trace=300391, class=java.security.Provider$EngineDescription@50000e7e)
	name		50003aff
ARR 50000ec3 (sz=36, trace=300392, nelems=18, elem type=char[])
OBJ 50000ec4 (sz=32, trace=300393, class=java.lang.String@50000036)
	value		50000ec3
OBJ 50000ec5 (sz=32, trace=300352, class=java.util.HashMap$Entry@50000053)
	key		50000ec4
	value		50000ec2
OBJ 50000ec6 (sz=32, trace=300353, class=java.util.HashMap$Entry@50000053)
	key		50003aff
	value		50000ec2
OBJ 50000ec7 (sz=32, trace=300394, class=java.security.Provider$EngineDescription@50000e7e)
	name		50003b00
ARR 50000ec8 (sz=6, trace=300395, nelems=3, elem type=char[])
OBJ 50000ec9 (sz=32, trace=300396, class=java.lang.String@50000036)
	value		50000ec8
OBJ 50000eca (sz=32, trace=300352, class=java.util.HashMap$Entry@50000053)
	key		50000ec9
	value		50000ec7
OBJ 50000ecb (sz=32, trace=300353, class=java.util.HashMap$Entry@50000053)
	key		50003b00
	value		50000ec7
OBJ 50000ecc (sz=32, trace=300397, class=java.security.Provider$EngineDescription@50000e7e)
	name		50003b01
ARR 50000ecd (sz=24, trace=300398, nelems=12, elem type=char[])
OBJ 50000ece (sz=32, trace=300399, class=java.lang.String@50000036)
	value		50000ecd
OBJ 50000ecf (sz=32, trace=300352, class=java.util.HashMap$Entry@50000053)
	key		50000ece
	value		50000ecc
OBJ 50000ed0 (sz=32, trace=300353, class=java.util.HashMap$Entry@50000053)
	key		50003b01
	value		50000ecc
OBJ 50000ed1 (sz=32, trace=300400, class=java.security.Provider$EngineDescription@50000e7e)
	name		50003b02
ARR 50000ed2 (sz=24, trace=300401, nelems=12, elem type=char[])
OBJ 50000ed3 (sz=32, trace=300402, class=java.lang.String@50000036)
	value		50000ed2
OBJ 50000ed4 (sz=32, trace=300352, class=java.util.HashMap$Entry@50000053)
	key		50000ed3
	value		50000ed1
OBJ 50000ed5 (sz=32, trace=300353, class=java.util.HashMap$Entry@50000053)
	key		50003b02
	value		50000ed1
OBJ 50000ed6 (sz=32, trace=300403, class=java.security.Provider$EngineDescription@50000e7e)
	name		50003b03
ARR 50000ed7 (sz=32, trace=300404, nelems=16, elem type=char[])
OBJ 50000ed8 (sz=32, trace=300405, class=java.lang.String@50000036)
	value		50000ed7
OBJ 50000ed9 (sz=32, trace=300352, class=java.util.HashMap$Entry@50000053)
	key		50000ed8
	value		50000ed6
OBJ 50000eda (sz=32, trace=300353, class=java.util.HashMap$Entry@50000053)
	key		50003b03
	value		50000ed6
OBJ 50000edb (sz=32, trace=300406, class=java.security.Provider$EngineDescription@50000e7e)
	name		50003b04
ARR 50000edc (sz=34, trace=300407, nelems=17, elem type=char[])
OBJ 50000edd (sz=32, trace=300408, class=java.lang.String@50000036)
	value		50000edc
OBJ 50000ede (sz=32, trace=300352, class=java.util.HashMap$Entry@50000053)
	key		50000edd
	value		50000edb
OBJ 50000edf (sz=32, trace=300353, class=java.util.HashMap$Entry@50000053)
	key		50003b04
	value		50000edb
OBJ 50000ee0 (sz=32, trace=300409, class=java.security.Provider$EngineDescription@50000e7e)
	name		50003b05
ARR 50000ee1 (sz=20, trace=300410, nelems=10, elem type=char[])
OBJ 50000ee2 (sz=32, trace=300411, class=java.lang.String@50000036)
	value		50000ee1
OBJ 50000ee3 (sz=32, trace=300352, class=java.util.HashMap$Entry@50000053)
	key		50000ee2
	value		50000ee0
OBJ 50000ee4 (sz=32, trace=300353, class=java.util.HashMap$Entry@50000053)
	key		50003b05
	value		50000ee0
OBJ 50000ee5 (sz=32, trace=300412, class=java.security.Provider$EngineDescription@50000e7e)
	name		50003b06
ARR 50000ee6 (sz=38, trace=300413, nelems=19, elem type=char[])
OBJ 50000ee7 (sz=32, trace=300414, class=java.lang.String@50000036)
	value		50000ee6
OBJ 50000ee8 (sz=32, trace=300352, class=java.util.HashMap$Entry@50000053)
	key		50000ee7
	value		50000ee5
OBJ 50000ee9 (sz=32, trace=300353, class=java.util.HashMap$Entry@50000053)
	key		50003b06
	value		50000ee5
	next		50000eee
OBJ 50000eea (sz=32, trace=300415, class=java.security.Provider$EngineDescription@50000e7e)
	name		50003b07
ARR 50000eeb (sz=30, trace=300416, nelems=15, elem type=char[])
OBJ 50000eec (sz=32, trace=300417, class=java.lang.String@50000036)
	value		50000eeb
OBJ 50000eed (sz=32, trace=300352, class=java.util.HashMap$Entry@50000053)
	key		50000eec
	value		50000eea
OBJ 50000eee (sz=32, trace=300353, class=java.util.HashMap$Entry@50000053)
	key		50003b07
	value		50000eea
OBJ 50000eef (sz=32, trace=300418, class=java.security.Provider$EngineDescription@50000e7e)
	name		50003b08
ARR 50000ef0 (sz=34, trace=300419, nelems=17, elem type=char[])
OBJ 50000ef1 (sz=32, trace=300420, class=java.lang.String@50000036)
	value		50000ef0
OBJ 50000ef2 (sz=32, trace=300352, class=java.util.HashMap$Entry@50000053)
	key		50000ef1
	value		50000eef
OBJ 50000ef3 (sz=32, trace=300353, class=java.util.HashMap$Entry@50000053)
	key		50003b08
	value		50000eef
OBJ 50000ef4 (sz=32, trace=300421, class=java.security.Provider$EngineDescription@50000e7e)
	name		50003b09
ARR 50000ef5 (sz=34, trace=300422, nelems=17, elem type=char[])
OBJ 50000ef6 (sz=32, trace=300423, class=java.lang.String@50000036)
	value		50000ef5
OBJ 50000ef7 (sz=32, trace=300352, class=java.util.HashMap$Entry@50000053)
	key		50000ef6
	value		50000ef4
OBJ 50000ef8 (sz=32, trace=300353, class=java.util.HashMap$Entry@50000053)
	key		50003b09
	value		50000ef4
OBJ 50000ef9 (sz=32, trace=300424, class=java.security.Provider$EngineDescription@50000e7e)
	name		50003b0a
	constructorParameterClassName	50003b0b
ARR 50000efa (sz=12, trace=300425, nelems=6, elem type=char[])
OBJ 50000efb (sz=32, trace=300426, class=java.lang.String@50000036)
	value		50000efa
OBJ 50000efc (sz=32, trace=300352, class=java.util.HashMap$Entry@50000053)
	key		50000efb
	value		50000ef9
ARR 50000efd (sz=528, trace=300372, nelems=128, elem type=java.util.HashMap$Entry[]@50000054)
	[1]		50000e8d
	[5]		50000e8c
	[8]		50000ec1
	[10]		50000ec5
	[14]		50000e83
	[21]		50000e96
	[25]		50000e92
	[28]		50000f08
	[30]		50000eab
	[32]		50000eba
	[38]		50000f0d
	[39]		50000ed0
	[44]		50000f07
	[48]		50000ed4
	[50]		50000e88
	[51]		50000f17
	[52]		50000eb5
	[54]		50000efe
	[57]		50000e9b
	[58]		50000efc
	[63]		50000f16
	[67]		50000f12
	[68]		50000eb1
	[69]		50000f11
	[74]		50000eca
	[76]		50000ef7
	[77]		50000ea2
	[78]		50000ea7
	[81]		50000e82
	[82]		50000ec6
	[91]		50000ee8
	[94]		50000eb0
	[100]		50000e9c
	[105]		50000ebb
	[107]		50000f03
	[109]		50000ef8
	[110]		50000f0c
	[111]		50000e91
	[116]		50000ed5
	[118]		50000ef3
	[120]		50000e87
	[121]		50000edf
	[122]		50000ebf
	[123]		50000e97
	[124]		50000f02
	[125]		50000ef2
	[126]		50000ed9
	[127]		50000ee3
OBJ 50000efe (sz=32, trace=300353, class=java.util.HashMap$Entry@50000053)
	key		50003b0a
	value		50000ef9
	next		50000eb6
OBJ 50000eff (sz=32, trace=300427, class=java.security.Provider$EngineDescription@50000e7e)
	name		50003b0c
	constructorParameterClassName	50003b0d
ARR 50000f00 (sz=26, trace=300428, nelems=13, elem type=char[])
OBJ 50000f01 (sz=32, trace=300429, class=java.lang.String@50000036)
	value		50000f00
OBJ 50000f02 (sz=32, trace=300352, class=java.util.HashMap$Entry@50000053)
	key		50000f01
	value		50000eff
OBJ 50000f03 (sz=32, trace=300353, class=java.util.HashMap$Entry@50000053)
	key		50003b0c
	value		50000eff
	next		50000ee4
OBJ 50000f04 (sz=32, trace=300430, class=java.security.Provider$EngineDescription@50000e7e)
	name		50003b0e
ARR 50000f05 (sz=38, trace=300431, nelems=19, elem type=char[])
OBJ 50000f06 (sz=32, trace=300432, class=java.lang.String@50000036)
	value		50000f05
OBJ 50000f07 (sz=32, trace=300352, class=java.util.HashMap$Entry@50000053)
	key		50000f06
	value		50000f04
	next		50000eed
OBJ 50000f08 (sz=32, trace=300353, class=java.util.HashMap$Entry@50000053)
	key		50003b0e
	value		50000f04
OBJ 50000f09 (sz=32, trace=300433, class=java.security.Provider$EngineDescription@50000e7e)
	name		50003b0f
ARR 50000f0a (sz=28, trace=300434, nelems=14, elem type=char[])
OBJ 50000f0b (sz=32, trace=300435, class=java.lang.String@50000036)
	value		50000f0a
OBJ 50000f0c (sz=32, trace=300352, class=java.util.HashMap$Entry@50000053)
	key		50000f0b
	value		50000f09
OBJ 50000f0d (sz=32, trace=300353, class=java.util.HashMap$Entry@50000053)
	key		50003b0f
	value		50000f09
OBJ 50000f0e (sz=32, trace=300436, class=java.security.Provider$EngineDescription@50000e7e)
	name		50003b10
ARR 50000f0f (sz=32, trace=300437, nelems=16, elem type=char[])
OBJ 50000f10 (sz=32, trace=300438, class=java.lang.String@50000036)
	value		50000f0f
OBJ 50000f11 (sz=32, trace=300352, class=java.util.HashMap$Entry@50000053)
	key		50000f10
	value		50000f0e
OBJ 50000f12 (sz=32, trace=300353, class=java.util.HashMap$Entry@50000053)
	key		50003b10
	value		50000f0e
OBJ 50000f13 (sz=32, trace=300439, class=java.security.Provider$EngineDescription@50000e7e)
	name		50003b11
	constructorParameterClassName	50003b12
ARR 50000f14 (sz=30, trace=300440, nelems=15, elem type=char[])
OBJ 50000f15 (sz=32, trace=300441, class=java.lang.String@50000036)
	value		50000f14
OBJ 50000f16 (sz=32, trace=300352, class=java.util.HashMap$Entry@50000053)
	key		50000f15
	value		50000f13
OBJ 50000f17 (sz=32, trace=300353, class=java.util.HashMap$Entry@50000053)
	key		50003b11
	value		50000f13
OBJ 50000f18 (sz=96, trace=300442, class=sun.security.jca.ProviderList$1@50000e79)
	table		50000f19
	name		50003b4b
	info		50003b4c
ARR 50000f19 (sz=64, trace=300443, nelems=10, elem type=java.util.Hashtable$Entry[]@500000fe)
	[3]		50000f1a
	[4]		50000f2e
	[7]		50000f30
	[9]		50000f2f
OBJ 50000f1a (sz=32, trace=300444, class=java.util.Hashtable$Entry@500000fd)
	key		50003ae9
	value		50003b4b
OBJ 50000f1d (sz=16, trace=300447, class=sun.misc.FloatingDecimal$1@50000f1c)
ARR 50000f1e (sz=184, trace=300448, nelems=23, elem type=double[])
ARR 50000f1f (sz=44, trace=300449, nelems=11, elem type=float[])
ARR 50000f20 (sz=40, trace=300450, nelems=5, elem type=double[])
ARR 50000f21 (sz=40, trace=300451, nelems=5, elem type=double[])
ARR 50000f22 (sz=56, trace=300452, nelems=14, elem type=int[])
ARR 50000f23 (sz=216, trace=300453, nelems=27, elem type=long[])
ARR 50000f24 (sz=108, trace=300454, nelems=27, elem type=int[])
ARR 50000f25 (sz=16, trace=300455, nelems=8, elem type=char[])
ARR 50000f26 (sz=6, trace=300456, nelems=3, elem type=char[])
ARR 50000f27 (sz=16, trace=300457, nelems=8, elem type=char[])
OBJ 50000f28 (sz=40, trace=300458, class=sun.misc.FloatingDecimal@50000f1b)
ARR 50000f29 (sz=72, trace=300459, nelems=0, elem type=char[])
OBJ 50000f2a (sz=32, trace=300215, class=java.lang.ThreadLocal$ThreadLocalMap$Entry@5000008e)
ARR 50000f2b (sz=24, trace=300460, nelems=0, elem type=char[])
OBJ 50000f2c (sz=32, trace=300461, class=java.lang.String@50000036)
	value		50000f2d
ARR 50000f2d (sz=6, trace=300462, nelems=3, elem type=char[])
OBJ 50000f2e (sz=32, trace=300463, class=java.util.Hashtable$Entry@500000fd)
	key		50003aea
	value		50000f2c
OBJ 50000f2f (sz=32, trace=300464, class=java.util.Hashtable$Entry@500000fd)
	key		50003aeb
	value		50003b4c
OBJ 50000f30 (sz=32, trace=300465, class=java.util.Hashtable$Entry@500000fd)
	key		50003aec
	value		50003b4e
OBJ 50000f32 (sz=16, trace=300467, class=sun.security.jca.ProviderList$2@50000f31)
OBJ 50000f33 (sz=24, trace=300468, class=sun.security.jca.ProviderList@50000e6f)
	configs		50003b68
	userList	50000f34
OBJ 50000f34 (sz=24, trace=300469, class=sun.security.jca.ProviderList$3@50000e77)
	this$0		50000f33
OBJ 50000f35 (sz=24, trace=300273, class=java.util.ArrayList@5000011e)
ARR 50000f36 (sz=56, trace=300470, nelems=0, elem type=java.lang.Object[]@500000ac)
OBJ 50000f37 (sz=24, trace=300471, class=java.lang.StringBuilder@5000004d)
ARR 50000f38 (sz=48, trace=300472, nelems=0, elem type=char[])
ARR 50000f39 (sz=88, trace=300030, nelems=0, elem type=char[])
OBJ 50000f3a (sz=32, trace=300473, class=java.lang.String@50000036)
ARR 50000f3b (sz=56, trace=300474, nelems=0, elem type=char[])
OBJ 50000f3e (sz=16, trace=300477, class=java.security.Security$1@50000f3d)
OBJ 50000f3f (sz=48, trace=300442, class=java.util.Properties@50000058)
	table		50000fb7
ARR 50000f40 (sz=64, trace=300443, nelems=0, elem type=java.util.Hashtable$Entry[]@500000fe)
OBJ 50000f41 (sz=24, trace=300478, class=java.lang.StringBuilder@5000004d)
ARR 50000f42 (sz=48, trace=300479, nelems=0, elem type=char[])
ARR 50000f43 (sz=144, trace=300030, nelems=0, elem type=char[])
ARR 50000f44 (sz=280, trace=300030, nelems=0, elem type=char[])
OBJ 50000f45 (sz=32, trace=300480, class=java.lang.String@50000036)
ARR 50000f46 (sz=200, trace=300481, nelems=0, elem type=char[])
OBJ 50000f47 (sz=24, trace=300482, class=java.io.File@500000b8)
ARR 50000f48 (sz=384, trace=300052, nelems=0, elem type=byte[])
OBJ 50000f49 (sz=48, trace=300053, class=java.nio.HeapByteBuffer@50000087)
OBJ 50000f4a (sz=48, trace=300054, class=java.nio.HeapCharBuffer@500000a5)
ARR 50000f4b (sz=112, trace=300055, nelems=0, elem type=byte[])
OBJ 50000f4c (sz=32, trace=300056, class=java.lang.String@50000036)
OBJ 50000f4d (sz=32, trace=300483, class=java.io.FileInputStream@500000cc)
	fd		50000f50
	closeLock	50000f4f
OBJ 50000f4e (sz=40, trace=300066, class=java.lang.ref.Finalizer@500000f9)
	referent	50000f4d
	queue		500032ae
	next		50000d0b
	prev		5000125b
OBJ 50000f4f (sz=16, trace=300484, class=java.lang.Object@500000ab)
OBJ 50000f50 (sz=24, trace=300485, class=java.io.FileDescriptor@500000d1)
	useCount	50000f51
OBJ 50000f51 (sz=16, trace=300486, class=java.util.concurrent.atomic.AtomicInteger@500000d4)
ARR 50000f52 (sz=384, trace=300487, nelems=0, elem type=byte[])
OBJ 50000f53 (sz=48, trace=300053, class=java.nio.HeapByteBuffer@50000087)
OBJ 50000f54 (sz=48, trace=300054, class=java.nio.HeapCharBuffer@500000a5)
ARR 50000f55 (sz=112, trace=300055, nelems=0, elem type=byte[])
OBJ 50000f56 (sz=40, trace=300488, class=java.io.BufferedInputStream@50000048)
ARR 50000f57 (sz=8208, trace=300489, nelems=0, elem type=byte[])
OBJ 50000f59 (sz=48, trace=300491, class=java.util.Properties$LineReader@50000f58)
ARR 50000f5a (sz=2064, trace=300492, nelems=0, elem type=char[])
ARR 50000f5b (sz=8208, trace=300493, nelems=0, elem type=byte[])
ARR 50000f5c (sz=2064, trace=300494, nelems=0, elem type=char[])
OBJ 50000f5d (sz=32, trace=300495, class=java.lang.String@50000036)
	value		50000f5e
ARR 50000f5e (sz=38, trace=300496, nelems=19, elem type=char[])
OBJ 50000f5f (sz=32, trace=300497, class=java.lang.String@50000036)
	value		50000f60
ARR 50000f60 (sz=152, trace=300498, nelems=76, elem type=char[])
OBJ 50000f61 (sz=32, trace=300499, class=java.util.Hashtable$Entry@500000fd)
	key		50000f5d
	value		50000f5f
OBJ 50000f62 (sz=32, trace=300495, class=java.lang.String@50000036)
	value		50000f63
ARR 50000f63 (sz=38, trace=300496, nelems=19, elem type=char[])
OBJ 50000f64 (sz=32, trace=300497, class=java.lang.String@50000036)
	value		50000f65
ARR 50000f65 (sz=50, trace=300498, nelems=25, elem type=char[])
OBJ 50000f66 (sz=32, trace=300499, class=java.util.Hashtable$Entry@500000fd)
	key		50000f62
	value		50000f64
	next		50000f94
OBJ 50000f67 (sz=32, trace=300495, class=java.lang.String@50000036)
	value		50000f68
ARR 50000f68 (sz=38, trace=300496, nelems=19, elem type=char[])
OBJ 50000f69 (sz=32, trace=300497, class=java.lang.String@50000036)
	value		50000f6a
ARR 50000f6a (sz=62, trace=300498, nelems=31, elem type=char[])
OBJ 50000f6b (sz=32, trace=300499, class=java.util.Hashtable$Entry@500000fd)
	key		50000f67
	value		50000f69
OBJ 50000f6c (sz=32, trace=300495, class=java.lang.String@50000036)
	value		50000f6d
ARR 50000f6d (sz=38, trace=300496, nelems=19, elem type=char[])
OBJ 50000f6e (sz=32, trace=300497, class=java.lang.String@50000036)
	value		50000f6f
ARR 50000f6f (sz=54, trace=300498, nelems=27, elem type=char[])
OBJ 50000f70 (sz=32, trace=300499, class=java.util.Hashtable$Entry@500000fd)
	key		50000f6c
	value		50000f6e
OBJ 50000f71 (sz=32, trace=300495, class=java.lang.String@50000036)
	value		50000f72
ARR 50000f72 (sz=38, trace=300496, nelems=19, elem type=char[])
OBJ 50000f73 (sz=32, trace=300497, class=java.lang.String@50000036)
	value		50000f74
ARR 50000f74 (sz=74, trace=300498, nelems=37, elem type=char[])
OBJ 50000f75 (sz=32, trace=300499, class=java.util.Hashtable$Entry@500000fd)
	key		50000f71
	value		50000f73
OBJ 50000f76 (sz=32, trace=300495, class=java.lang.String@50000036)
	value		50000f77
ARR 50000f77 (sz=38, trace=300496, nelems=19, elem type=char[])
OBJ 50000f78 (sz=32, trace=300497, class=java.lang.String@50000036)
	value		50000f79
ARR 50000f79 (sz=60, trace=300498, nelems=30, elem type=char[])
OBJ 50000f7a (sz=32, trace=300499, class=java.util.Hashtable$Entry@500000fd)
	key		50000f76
	value		50000f78
OBJ 50000f7b (sz=32, trace=300495, class=java.lang.String@50000036)
	value		50000f7c
ARR 50000f7c (sz=38, trace=300496, nelems=19, elem type=char[])
OBJ 50000f7d (sz=32, trace=300497, class=java.lang.String@50000036)
	value		50000f7e
ARR 50000f7e (sz=58, trace=300498, nelems=29, elem type=char[])
OBJ 50000f7f (sz=32, trace=300499, class=java.util.Hashtable$Entry@500000fd)
	key		50000f7b
	value		50000f7d
	next		50000f99
OBJ 50000f80 (sz=32, trace=300495, class=java.lang.String@50000036)
	value		50000f81
ARR 50000f81 (sz=38, trace=300496, nelems=19, elem type=char[])
OBJ 50000f82 (sz=32, trace=300497, class=java.lang.String@50000036)
	value		50000f83
ARR 50000f83 (sz=60, trace=300498, nelems=30, elem type=char[])
OBJ 50000f84 (sz=32, trace=300499, class=java.util.Hashtable$Entry@500000fd)
	key		50000f80
	value		50000f82
OBJ 50000f85 (sz=32, trace=300495, class=java.lang.String@50000036)
	value		50000f86
ARR 50000f86 (sz=38, trace=300496, nelems=19, elem type=char[])
OBJ 50000f87 (sz=32, trace=300497, class=java.lang.String@50000036)
	value		50000f88
ARR 50000f88 (sz=78, trace=300498, nelems=39, elem type=char[])
ARR 50000f89 (sz=112, trace=300500, nelems=0, elem type=java.util.Hashtable$Entry[]@500000fe)
OBJ 50000f8a (sz=32, trace=300499, class=java.util.Hashtable$Entry@500000fd)
	key		50000f85
	value		50000f87
OBJ 50000f8b (sz=32, trace=300495, class=java.lang.String@50000036)
	value		50000f8c
ARR 50000f8c (sz=40, trace=300496, nelems=20, elem type=char[])
OBJ 50000f8d (sz=32, trace=300497, class=java.lang.String@50000036)
	value		50000f8e
ARR 50000f8e (sz=64, trace=300498, nelems=32, elem type=char[])
OBJ 50000f8f (sz=32, trace=300499, class=java.util.Hashtable$Entry@500000fd)
	key		50000f8b
	value		50000f8d
OBJ 50000f90 (sz=32, trace=300495, class=java.lang.String@50000036)
	value		50000f91
ARR 50000f91 (sz=38, trace=300496, nelems=19, elem type=char[])
OBJ 50000f92 (sz=32, trace=300497, class=java.lang.String@50000036)
	value		50000f93
ARR 50000f93 (sz=34, trace=300498, nelems=17, elem type=char[])
OBJ 50000f94 (sz=32, trace=300499, class=java.util.Hashtable$Entry@500000fd)
	key		50000f90
	value		50000f92
OBJ 50000f95 (sz=32, trace=300495, class=java.lang.String@50000036)
	value		50000f96
ARR 50000f96 (sz=56, trace=300496, nelems=28, elem type=char[])
OBJ 50000f97 (sz=32, trace=300497, class=java.lang.String@50000036)
	value		50000f98
ARR 50000f98 (sz=76, trace=300498, nelems=38, elem type=char[])
OBJ 50000f99 (sz=32, trace=300499, class=java.util.Hashtable$Entry@500000fd)
	key		50000f95
	value		50000f97
OBJ 50000f9a (sz=32, trace=300495, class=java.lang.String@50000036)
	value		50000f9b
ARR 50000f9b (sz=30, trace=300496, nelems=15, elem type=char[])
OBJ 50000f9c (sz=32, trace=300497, class=java.lang.String@50000036)
	value		50000f9d
ARR 50000f9d (sz=64, trace=300498, nelems=32, elem type=char[])
OBJ 50000f9e (sz=32, trace=300499, class=java.util.Hashtable$Entry@500000fd)
	key		50000f9a
	value		50000f9c
OBJ 50000f9f (sz=32, trace=300495, class=java.lang.String@50000036)
	value		50000fa0
ARR 50000fa0 (sz=24, trace=300496, nelems=12, elem type=char[])
OBJ 50000fa1 (sz=32, trace=300497, class=java.lang.String@50000036)
	value		50000fa2
ARR 50000fa2 (sz=84, trace=300498, nelems=42, elem type=char[])
OBJ 50000fa3 (sz=32, trace=300499, class=java.util.Hashtable$Entry@500000fd)
	key		50000f9f
	value		50000fa1
OBJ 50000fa4 (sz=32, trace=300495, class=java.lang.String@50000036)
	value		50000fa5
ARR 50000fa5 (sz=24, trace=300496, nelems=12, elem type=char[])
OBJ 50000fa6 (sz=32, trace=300497, class=java.lang.String@50000036)
	value		50000fa7
ARR 50000fa7 (sz=60, trace=300498, nelems=30, elem type=char[])
OBJ 50000fa8 (sz=32, trace=300499, class=java.util.Hashtable$Entry@500000fd)
	key		50000fa4
	value		50000fa6
OBJ 50000fa9 (sz=32, trace=300495, class=java.lang.String@50000036)
	value		50000faa
ARR 50000faa (sz=46, trace=300496, nelems=23, elem type=char[])
OBJ 50000fab (sz=32, trace=300497, class=java.lang.String@50000036)
	value		50000fac
ARR 50000fac (sz=8, trace=300498, nelems=4, elem type=char[])
OBJ 50000fad (sz=32, trace=300499, class=java.util.Hashtable$Entry@500000fd)
	key		50000fa9
	value		50000fab
OBJ 50000fae (sz=32, trace=300495, class=java.lang.String@50000036)
	value		50000faf
ARR 50000faf (sz=52, trace=300496, nelems=26, elem type=char[])
OBJ 50000fb0 (sz=32, trace=300497, class=java.lang.String@50000036)
	value		50000fb1
ARR 50000fb1 (sz=8, trace=300498, nelems=4, elem type=char[])
OBJ 50000fb2 (sz=32, trace=300499, class=java.util.Hashtable$Entry@500000fd)
	key		50000fae
	value		50000fb0
	next		50000fa8
OBJ 50000fb3 (sz=32, trace=300495, class=java.lang.String@50000036)
	value		50000fb4
ARR 50000fb4 (sz=52, trace=300496, nelems=26, elem type=char[])
OBJ 50000fb5 (sz=32, trace=300497, class=java.lang.String@50000036)
	value		50000fb6
ARR 50000fb6 (sz=10, trace=300498, nelems=5, elem type=char[])
ARR 50000fb7 (sz=208, trace=300500, nelems=47, elem type=java.util.Hashtable$Entry[]@500000fe)
	[0]		50000fc2
	[1]		50000f8f
	[2]		50000fc7
	[5]		50000fb8
	[7]		50000fdb
	[12]		50000fcc
	[18]		50000f9e
	[20]		50000fad
	[29]		50000fd1
	[32]		50000fbd
	[35]		50000fd6
	[37]		50000fa3
	[38]		50000fb2
	[39]		50000f61
	[40]		50000f66
	[41]		50000f6b
	[42]		50000f70
	[43]		50000f75
	[44]		50000f7a
	[45]		50000f7f
	[46]		50000f84
OBJ 50000fb8 (sz=32, trace=300499, class=java.util.Hashtable$Entry@500000fd)
	key		50000fb3
	value		50000fb5
OBJ 50000fb9 (sz=32, trace=300495, class=java.lang.String@50000036)
	value		50000fba
ARR 50000fba (sz=26, trace=300496, nelems=13, elem type=char[])
OBJ 50000fbb (sz=32, trace=300497, class=java.lang.String@50000036)
	value		50000fbc
ARR 50000fbc (sz=6, trace=300498, nelems=3, elem type=char[])
OBJ 50000fbd (sz=32, trace=300499, class=java.util.Hashtable$Entry@500000fd)
	key		50000fb9
	value		50000fbb
OBJ 50000fbe (sz=32, trace=300495, class=java.lang.String@50000036)
	value		50000fbf
ARR 50000fbf (sz=24, trace=300496, nelems=12, elem type=char[])
OBJ 50000fc0 (sz=32, trace=300497, class=java.lang.String@50000036)
	value		50000fc1
ARR 50000fc1 (sz=76, trace=300498, nelems=38, elem type=char[])
OBJ 50000fc2 (sz=32, trace=300499, class=java.util.Hashtable$Entry@500000fd)
	key		50000fbe
	value		50000fc0
	next		50000f8a
OBJ 50000fc3 (sz=32, trace=300495, class=java.lang.String@50000036)
	value		50000fc4
ARR 50000fc4 (sz=28, trace=300496, nelems=14, elem type=char[])
OBJ 50000fc5 (sz=32, trace=300497, class=java.lang.String@50000036)
	value		50000fc6
ARR 50000fc6 (sz=364, trace=300498, nelems=182, elem type=char[])
OBJ 50000fc7 (sz=32, trace=300499, class=java.util.Hashtable$Entry@500000fd)
	key		50000fc3
	value		50000fc5
OBJ 50000fc8 (sz=32, trace=300495, class=java.lang.String@50000036)
	value		50000fc9
ARR 50000fc9 (sz=62, trace=300496, nelems=31, elem type=char[])
OBJ 50000fca (sz=32, trace=300497, class=java.lang.String@50000036)
	value		50000fcb
ARR 50000fcb (sz=8, trace=300498, nelems=4, elem type=char[])
OBJ 50000fcc (sz=32, trace=300499, class=java.util.Hashtable$Entry@500000fd)
	key		50000fc8
	value		50000fca
OBJ 50000fcd (sz=32, trace=300495, class=java.lang.String@50000036)
	value		50000fce
ARR 50000fce (sz=62, trace=300496, nelems=31, elem type=char[])
OBJ 50000fcf (sz=32, trace=300497, class=java.lang.String@50000036)
	value		50000fd0
ARR 50000fd0 (sz=14, trace=300498, nelems=7, elem type=char[])
OBJ 50000fd1 (sz=32, trace=300499, class=java.util.Hashtable$Entry@500000fd)
	key		50000fcd
	value		50000fcf
OBJ 50000fd2 (sz=32, trace=300495, class=java.lang.String@50000036)
	value		50000fd3
ARR 50000fd3 (sz=66, trace=300496, nelems=33, elem type=char[])
OBJ 50000fd4 (sz=32, trace=300497, class=java.lang.String@50000036)
	value		50000fd5
ARR 50000fd5 (sz=8, trace=300498, nelems=4, elem type=char[])
OBJ 50000fd6 (sz=32, trace=300499, class=java.util.Hashtable$Entry@500000fd)
	key		50000fd2
	value		50000fd4
OBJ 50000fd7 (sz=32, trace=300495, class=java.lang.String@50000036)
	value		50000fd8
ARR 50000fd8 (sz=66, trace=300496, nelems=33, elem type=char[])
OBJ 50000fd9 (sz=32, trace=300497, class=java.lang.String@50000036)
	value		50000fda
ARR 50000fda (sz=4, trace=300498, nelems=2, elem type=char[])
OBJ 50000fdb (sz=32, trace=300499, class=java.util.Hashtable$Entry@500000fd)
	key		50000fd7
	value		50000fd9
OBJ 50000fdc (sz=48, trace=300501, class=java.util.concurrent.ConcurrentHashMap@50000062)
	segments	50000fdd
ARR 50000fdd (sz=80, trace=300502, nelems=16, elem type=java.util.concurrent.ConcurrentHashMap$Segment[]@5000010b)
	[0]		50000fde
	[1]		50000fe1
	[2]		50000fe4
	[3]		50000fe7
	[4]		50000fea
	[5]		50000fed
	[6]		50000ff0
	[7]		50000ff3
	[8]		50000ff6
	[9]		50000ff9
	[10]		50000ffc
	[11]		50000fff
	[12]		50001002
	[13]		50001005
	[14]		50001008
	[15]		5000100b
OBJ 50000fde (sz=40, trace=300503, class=java.util.concurrent.ConcurrentHashMap$Segment@5000010a)
	sync		50000fdf
	table		50000fe0
OBJ 50000fdf (sz=32, trace=300504, class=java.util.concurrent.locks.ReentrantLock$NonfairSync@50000100)
ARR 50000fe0 (sz=24, trace=300505, nelems=0, elem type=java.util.concurrent.ConcurrentHashMap$HashEntry[]@500000f5)
OBJ 50000fe1 (sz=40, trace=300503, class=java.util.concurrent.ConcurrentHashMap$Segment@5000010a)
	sync		50000fe2
	table		50000fe3
OBJ 50000fe2 (sz=32, trace=300504, class=java.util.concurrent.locks.ReentrantLock$NonfairSync@50000100)
ARR 50000fe3 (sz=24, trace=300505, nelems=1, elem type=java.util.concurrent.ConcurrentHashMap$HashEntry[]@500000f5)
	[0]		50001a4a
OBJ 50000fe4 (sz=40, trace=300503, class=java.util.concurrent.ConcurrentHashMap$Segment@5000010a)
	sync		50000fe5
	table		50000fe6
OBJ 50000fe5 (sz=32, trace=300504, class=java.util.concurrent.locks.ReentrantLock$NonfairSync@50000100)
ARR 50000fe6 (sz=24, trace=300505, nelems=1, elem type=java.util.concurrent.ConcurrentHashMap$HashEntry[]@500000f5)
	[0]		500023ef
OBJ 50000fe7 (sz=40, trace=300503, class=java.util.concurrent.ConcurrentHashMap$Segment@5000010a)
	sync		50000fe8
	table		50000fe9
OBJ 50000fe8 (sz=32, trace=300504, class=java.util.concurrent.locks.ReentrantLock$NonfairSync@50000100)
ARR 50000fe9 (sz=24, trace=300505, nelems=0, elem type=java.util.concurrent.ConcurrentHashMap$HashEntry[]@500000f5)
OBJ 50000fea (sz=40, trace=300503, class=java.util.concurrent.ConcurrentHashMap$Segment@5000010a)
	sync		50000feb
	table		50000fec
OBJ 50000feb (sz=32, trace=300504, class=java.util.concurrent.locks.ReentrantLock$NonfairSync@50000100)
ARR 50000fec (sz=24, trace=300505, nelems=0, elem type=java.util.concurrent.ConcurrentHashMap$HashEntry[]@500000f5)
OBJ 50000fed (sz=40, trace=300503, class=java.util.concurrent.ConcurrentHashMap$Segment@5000010a)
	sync		50000fee
	table		50000fef
OBJ 50000fee (sz=32, trace=300504, class=java.util.concurrent.locks.ReentrantLock$NonfairSync@50000100)
ARR 50000fef (sz=24, trace=300505, nelems=0, elem type=java.util.concurrent.ConcurrentHashMap$HashEntry[]@500000f5)
OBJ 50000ff0 (sz=40, trace=300503, class=java.util.concurrent.ConcurrentHashMap$Segment@5000010a)
	sync		50000ff1
	table		50000ff2
OBJ 50000ff1 (sz=32, trace=300504, class=java.util.concurrent.locks.ReentrantLock$NonfairSync@50000100)
ARR 50000ff2 (sz=24, trace=300505, nelems=0, elem type=java.util.concurrent.ConcurrentHashMap$HashEntry[]@500000f5)
OBJ 50000ff3 (sz=40, trace=300503, class=java.util.concurrent.ConcurrentHashMap$Segment@5000010a)
	sync		50000ff4
	table		50000ff5
OBJ 50000ff4 (sz=32, trace=300504, class=java.util.concurrent.locks.ReentrantLock$NonfairSync@50000100)
ARR 50000ff5 (sz=24, trace=300505, nelems=0, elem type=java.util.concurrent.ConcurrentHashMap$HashEntry[]@500000f5)
OBJ 50000ff6 (sz=40, trace=300503, class=java.util.concurrent.ConcurrentHashMap$Segment@5000010a)
	sync		50000ff7
	table		50000ff8
OBJ 50000ff7 (sz=32, trace=300504, class=java.util.concurrent.locks.ReentrantLock$NonfairSync@50000100)
ARR 50000ff8 (sz=24, trace=300505, nelems=0, elem type=java.util.concurrent.ConcurrentHashMap$HashEntry[]@500000f5)
OBJ 50000ff9 (sz=40, trace=300503, class=java.util.concurrent.ConcurrentHashMap$Segment@5000010a)
	sync		50000ffa
	table		50000ffb
OBJ 50000ffa (sz=32, trace=300504, class=java.util.concurrent.locks.ReentrantLock$NonfairSync@50000100)
ARR 50000ffb (sz=24, trace=300505, nelems=0, elem type=java.util.concurrent.ConcurrentHashMap$HashEntry[]@500000f5)
OBJ 50000ffc (sz=40, trace=300503, class=java.util.concurrent.ConcurrentHashMap$Segment@5000010a)
	sync		50000ffd
	table		50000ffe
OBJ 50000ffd (sz=32, trace=300504, class=java.util.concurrent.locks.ReentrantLock$NonfairSync@50000100)
ARR 50000ffe (sz=24, trace=300505, nelems=0, elem type=java.util.concurrent.ConcurrentHashMap$HashEntry[]@500000f5)
OBJ 50000fff (sz=40, trace=300503, class=java.util.concurrent.ConcurrentHashMap$Segment@5000010a)
	sync		50001000
	table		50001001
OBJ 50001000 (sz=32, trace=300504, class=java.util.concurrent.locks.ReentrantLock$NonfairSync@50000100)
ARR 50001001 (sz=24, trace=300505, nelems=0, elem type=java.util.concurrent.ConcurrentHashMap$HashEntry[]@500000f5)
OBJ 50001002 (sz=40, trace=300503, class=java.util.concurrent.ConcurrentHashMap$Segment@5000010a)
	sync		50001003
	table		50001004
OBJ 50001003 (sz=32, trace=300504, class=java.util.concurrent.locks.ReentrantLock$NonfairSync@50000100)
ARR 50001004 (sz=24, trace=300505, nelems=0, elem type=java.util.concurrent.ConcurrentHashMap$HashEntry[]@500000f5)
OBJ 50001005 (sz=40, trace=300503, class=java.util.concurrent.ConcurrentHashMap$Segment@5000010a)
	sync		50001006
	table		50001007
OBJ 50001006 (sz=32, trace=300504, class=java.util.concurrent.locks.ReentrantLock$NonfairSync@50000100)
ARR 50001007 (sz=24, trace=300505, nelems=0, elem type=java.util.concurrent.ConcurrentHashMap$HashEntry[]@500000f5)
OBJ 50001008 (sz=40, trace=300503, class=java.util.concurrent.ConcurrentHashMap$Segment@5000010a)
	sync		50001009
	table		5000100a
OBJ 50001009 (sz=32, trace=300504, class=java.util.concurrent.locks.ReentrantLock$NonfairSync@50000100)
ARR 5000100a (sz=24, trace=300505, nelems=0, elem type=java.util.concurrent.ConcurrentHashMap$HashEntry[]@500000f5)
OBJ 5000100b (sz=40, trace=300503, class=java.util.concurrent.ConcurrentHashMap$Segment@5000010a)
	sync		5000100c
	table		5000100d
OBJ 5000100c (sz=32, trace=300504, class=java.util.concurrent.locks.ReentrantLock$NonfairSync@50000100)
ARR 5000100d (sz=24, trace=300505, nelems=0, elem type=java.util.concurrent.ConcurrentHashMap$HashEntry[]@500000f5)
OBJ 5000100e (sz=32, trace=300506, class=java.lang.String@50000036)
	value		50000f60
OBJ 5000100f (sz=32, trace=300507, class=java.lang.String@50000036)
ARR 50001010 (sz=24, trace=300508, nelems=1, elem type=java.lang.Class[]@5000002d)
	[0]		50000036
OBJ 50001011 (sz=16, trace=300509, class=java.lang.Object@500000ab)
OBJ 50001012 (sz=32, trace=300510, class=sun.security.jca.ProviderConfig@50000e70)
	className	5000100e
	argument	5000101c
OBJ 50001014 (sz=16, trace=300512, class=sun.security.jca.ProviderConfig$5@50001013)
OBJ 50001016 (sz=24, trace=300514, class=java.lang.StringBuffer@5000005e)
ARR 50001017 (sz=112, trace=300515, nelems=0, elem type=char[])
OBJ 50001018 (sz=32, trace=300516, class=java.lang.String@50000036)
ARR 50001019 (sz=208, trace=300517, nelems=0, elem type=char[])
OBJ 5000101a (sz=32, trace=300518, class=java.lang.String@50000036)
ARR 5000101b (sz=400, trace=300517, nelems=0, elem type=char[])
OBJ 5000101c (sz=32, trace=300519, class=java.lang.String@50000036)
	value		5000101d
ARR 5000101d (sz=196, trace=300520, nelems=98, elem type=char[])
OBJ 5000101e (sz=24, trace=300471, class=java.lang.StringBuilder@5000004d)
ARR 5000101f (sz=48, trace=300472, nelems=0, elem type=char[])
ARR 50001020 (sz=88, trace=300030, nelems=0, elem type=char[])
OBJ 50001021 (sz=32, trace=300473, class=java.lang.String@50000036)
ARR 50001022 (sz=56, trace=300474, nelems=0, elem type=char[])
OBJ 50001023 (sz=32, trace=300521, class=sun.security.jca.ProviderConfig@50000e70)
	className	50000f64
	argument	500032b6
	provider	50001239
OBJ 50001024 (sz=24, trace=300471, class=java.lang.StringBuilder@5000004d)
ARR 50001025 (sz=48, trace=300472, nelems=0, elem type=char[])
ARR 50001026 (sz=88, trace=300030, nelems=0, elem type=char[])
OBJ 50001027 (sz=32, trace=300473, class=java.lang.String@50000036)
ARR 50001028 (sz=56, trace=300474, nelems=0, elem type=char[])
OBJ 50001029 (sz=32, trace=300521, class=sun.security.jca.ProviderConfig@50000e70)
	className	50000f69
	argument	500032b6
OBJ 5000102a (sz=24, trace=300471, class=java.lang.StringBuilder@5000004d)
ARR 5000102b (sz=48, trace=300472, nelems=0, elem type=char[])
ARR 5000102c (sz=88, trace=300030, nelems=0, elem type=char[])
OBJ 5000102d (sz=32, trace=300473, class=java.lang.String@50000036)
ARR 5000102e (sz=56, trace=300474, nelems=0, elem type=char[])
OBJ 5000102f (sz=32, trace=300521, class=sun.security.jca.ProviderConfig@50000e70)
	className	50000f6e
	argument	500032b6
OBJ 50001030 (sz=24, trace=300471, class=java.lang.StringBuilder@5000004d)
ARR 50001031 (sz=48, trace=300472, nelems=0, elem type=char[])
ARR 50001032 (sz=88, trace=300030, nelems=0, elem type=char[])
OBJ 50001033 (sz=32, trace=300473, class=java.lang.String@50000036)
ARR 50001034 (sz=56, trace=300474, nelems=0, elem type=char[])
OBJ 50001035 (sz=32, trace=300521, class=sun.security.jca.ProviderConfig@50000e70)
	className	50000f73
	argument	500032b6
OBJ 50001036 (sz=24, trace=300471, class=java.lang.StringBuilder@5000004d)
ARR 50001037 (sz=48, trace=300472, nelems=0, elem type=char[])
ARR 50001038 (sz=88, trace=300030, nelems=0, elem type=char[])
OBJ 50001039 (sz=32, trace=300473, class=java.lang.String@50000036)
ARR 5000103a (sz=56, trace=300474, nelems=0, elem type=char[])
OBJ 5000103b (sz=32, trace=300521, class=sun.security.jca.ProviderConfig@50000e70)
	className	50000f78
	argument	500032b6
OBJ 5000103c (sz=24, trace=300471, class=java.lang.StringBuilder@5000004d)
ARR 5000103d (sz=48, trace=300472, nelems=0, elem type=char[])
ARR 5000103e (sz=88, trace=300030, nelems=0, elem type=char[])
OBJ 5000103f (sz=32, trace=300473, class=java.lang.String@50000036)
ARR 50001040 (sz=56, trace=300474, nelems=0, elem type=char[])
OBJ 50001041 (sz=32, trace=300521, class=sun.security.jca.ProviderConfig@50000e70)
	className	50000f7d
	argument	500032b6
OBJ 50001042 (sz=24, trace=300471, class=java.lang.StringBuilder@5000004d)
ARR 50001043 (sz=48, trace=300472, nelems=0, elem type=char[])
ARR 50001044 (sz=88, trace=300030, nelems=0, elem type=char[])
OBJ 50001045 (sz=32, trace=300473, class=java.lang.String@50000036)
ARR 50001046 (sz=56, trace=300474, nelems=0, elem type=char[])
OBJ 50001047 (sz=32, trace=300521, class=sun.security.jca.ProviderConfig@50000e70)
	className	50000f82
	argument	500032b6
OBJ 50001048 (sz=24, trace=300471, class=java.lang.StringBuilder@5000004d)
ARR 50001049 (sz=48, trace=300472, nelems=0, elem type=char[])
ARR 5000104a (sz=88, trace=300030, nelems=0, elem type=char[])
OBJ 5000104b (sz=32, trace=300473, class=java.lang.String@50000036)
ARR 5000104c (sz=56, trace=300474, nelems=0, elem type=char[])
OBJ 5000104d (sz=32, trace=300521, class=sun.security.jca.ProviderConfig@50000e70)
	className	50000f87
	argument	500032b6
OBJ 5000104e (sz=24, trace=300471, class=java.lang.StringBuilder@5000004d)
ARR 5000104f (sz=48, trace=300472, nelems=0, elem type=char[])
ARR 50001050 (sz=88, trace=300030, nelems=0, elem type=char[])
OBJ 50001051 (sz=32, trace=300473, class=java.lang.String@50000036)
ARR 50001052 (sz=56, trace=300474, nelems=0, elem type=char[])
OBJ 50001053 (sz=32, trace=300521, class=sun.security.jca.ProviderConfig@50000e70)
	className	50000f8d
	argument	500032b6
OBJ 50001054 (sz=24, trace=300471, class=java.lang.StringBuilder@5000004d)
ARR 50001055 (sz=48, trace=300472, nelems=0, elem type=char[])
ARR 50001056 (sz=88, trace=300030, nelems=0, elem type=char[])
OBJ 50001057 (sz=32, trace=300473, class=java.lang.String@50000036)
ARR 50001058 (sz=56, trace=300474, nelems=0, elem type=char[])
ARR 5000105a (sz=24, trace=300523, nelems=2, elem type=java.lang.String[]@50000037)
	[0]		50003b66
	[1]		50003b67
OBJ 5000105b (sz=24, trace=300273, class=java.util.ArrayList@5000011e)
ARR 5000105c (sz=56, trace=300524, nelems=0, elem type=java.lang.Object[]@500000ac)
OBJ 5000105d (sz=32, trace=300525, class=sun.security.jca.ProviderConfig@50000e70)
OBJ 5000105e (sz=32, trace=300525, class=sun.security.jca.ProviderConfig@50000e70)
OBJ 5000105f (sz=24, trace=300526, class=sun.security.jca.ProviderList@50000e6f)
OBJ 50001060 (sz=24, trace=300342, class=sun.security.jca.ProviderList$3@50000e77)
OBJ 50001061 (sz=24, trace=300527, class=java.lang.ThreadLocal$ThreadLocalMap@50000136)
ARR 50001062 (sz=80, trace=300528, nelems=0, elem type=java.lang.ThreadLocal$ThreadLocalMap$Entry[]@5000008f)
OBJ 50001063 (sz=32, trace=300215, class=java.lang.ThreadLocal$ThreadLocalMap$Entry@5000008e)
OBJ 50001065 (sz=48, trace=300530, class=sun.security.pkcs.PKCS7@50001064)
OBJ 50001067 (sz=24, trace=300532, class=sun.security.util.DerInputStream@50001066)
OBJ 5000106a (sz=32, trace=300535, class=sun.security.util.DerInputBuffer@50001069)
ARR 5000106c (sz=24, trace=300537, nelems=6, elem type=int[])
ARR 5000106d (sz=28, trace=300538, nelems=7, elem type=int[])
ARR 5000106e (sz=28, trace=300539, nelems=7, elem type=int[])
ARR 5000106f (sz=28, trace=300540, nelems=7, elem type=int[])
ARR 50001070 (sz=28, trace=300541, nelems=7, elem type=int[])
ARR 50001071 (sz=28, trace=300542, nelems=7, elem type=int[])
ARR 50001072 (sz=28, trace=300543, nelems=7, elem type=int[])
ARR 50001073 (sz=28, trace=300544, nelems=7, elem type=int[])
ARR 50001074 (sz=36, trace=300545, nelems=9, elem type=int[])
ARR 50001075 (sz=28, trace=300546, nelems=7, elem type=int[])
ARR 50001076 (sz=28, trace=300547, nelems=7, elem type=int[])
OBJ 50001078 (sz=24, trace=300549, class=sun.security.util.ObjectIdentifier@50001077)
	components	5000106c
OBJ 50001079 (sz=24, trace=300550, class=sun.security.util.ObjectIdentifier@50001077)
	components	5000106d
OBJ 5000107a (sz=24, trace=300551, class=sun.security.util.ObjectIdentifier@50001077)
	components	5000106e
OBJ 5000107b (sz=24, trace=300552, class=sun.security.util.ObjectIdentifier@50001077)
	components	5000106f
OBJ 5000107c (sz=24, trace=300553, class=sun.security.util.ObjectIdentifier@50001077)
	components	50001070
OBJ 5000107d (sz=24, trace=300554, class=sun.security.util.ObjectIdentifier@50001077)
	components	50001071
OBJ 5000107e (sz=24, trace=300555, class=sun.security.util.ObjectIdentifier@50001077)
	components	50001072
OBJ 5000107f (sz=24, trace=300556, class=sun.security.util.ObjectIdentifier@50001077)
	components	50001075
OBJ 50001080 (sz=24, trace=300557, class=sun.security.util.ObjectIdentifier@50001077)
	components	50001076
OBJ 50001081 (sz=24, trace=300558, class=sun.security.util.ObjectIdentifier@50001077)
	components	50001073
OBJ 50001082 (sz=24, trace=300559, class=sun.security.util.ObjectIdentifier@50001077)
	components	50001074
OBJ 50001083 (sz=24, trace=300560, class=sun.security.pkcs.ContentInfo@5000106b)
OBJ 50001084 (sz=32, trace=300067, class=java.util.Vector@50000004)
ARR 50001085 (sz=24, trace=300561, nelems=0, elem type=java.lang.Object[]@500000ac)
OBJ 50001087 (sz=32, trace=300563, class=sun.security.util.DerValue@50001086)
OBJ 50001088 (sz=24, trace=300564, class=sun.security.util.DerInputStream@50001066)
OBJ 50001089 (sz=32, trace=300563, class=sun.security.util.DerValue@50001086)
OBJ 5000108a (sz=24, trace=300564, class=sun.security.util.DerInputStream@50001066)
ARR 5000108c (sz=24, trace=300565, nelems=0, elem type=sun.security.util.DerValue[]@5000108b)
OBJ 50001090 (sz=16, trace=300568, class=sun.security.util.ByteArrayLexOrder@5000108f)
OBJ 50001092 (sz=16, trace=300570, class=sun.security.util.ByteArrayTagOrder@50001091)
OBJ 50001093 (sz=24, trace=300571, class=sun.security.util.DerOutputStream@5000108e)
ARR 50001094 (sz=48, trace=300572, nelems=0, elem type=byte[])
ARR 50001095 (sz=32, trace=300573, nelems=0, elem type=byte[])
ARR 50001096 (sz=32, trace=300574, nelems=0, elem type=byte[])
OBJ 50001097 (sz=24, trace=300575, class=sun.security.util.DerInputStream@50001066)
OBJ 50001098 (sz=32, trace=300535, class=sun.security.util.DerInputBuffer@50001069)
OBJ 50001099 (sz=24, trace=300576, class=sun.security.util.ObjectIdentifier@50001077)
ARR 5000109a (sz=40, trace=300577, nelems=0, elem type=int[])
ARR 5000109b (sz=56, trace=300578, nelems=0, elem type=int[])
OBJ 5000109c (sz=24, trace=300571, class=sun.security.util.DerOutputStream@5000108e)
ARR 5000109d (sz=48, trace=300572, nelems=0, elem type=byte[])
ARR 5000109e (sz=2200, trace=300579, nelems=0, elem type=byte[])
ARR 5000109f (sz=2208, trace=300580, nelems=0, elem type=byte[])
ARR 500010a0 (sz=2208, trace=300581, nelems=0, elem type=byte[])
OBJ 500010a1 (sz=24, trace=300582, class=sun.security.util.DerInputStream@50001066)
OBJ 500010a2 (sz=32, trace=300535, class=sun.security.util.DerInputBuffer@50001069)
OBJ 500010a3 (sz=32, trace=300067, class=java.util.Vector@50000004)
ARR 500010a4 (sz=24, trace=300583, nelems=0, elem type=java.lang.Object[]@500000ac)
OBJ 500010a5 (sz=32, trace=300584, class=sun.security.util.DerValue@50001086)
OBJ 500010a6 (sz=24, trace=300585, class=sun.security.util.DerInputStream@50001066)
ARR 500010a7 (sz=24, trace=300586, nelems=0, elem type=sun.security.util.DerValue[]@5000108b)
OBJ 500010a8 (sz=24, trace=300587, class=sun.security.util.DerInputStream@50001066)
ARR 500010a9 (sz=24, trace=300588, nelems=0, elem type=byte[])
ARR 500010ab (sz=296, trace=300590, nelems=37, elem type=long[])
OBJ 500010ac (sz=40, trace=300591, class=java.math.BigInteger@500010aa)
	mag		500010ad
ARR 500010ad (sz=8, trace=300592, nelems=2, elem type=int[])
ARR 500010af (sz=88, trace=300593, nelems=17, elem type=java.math.BigInteger[]@500010ae)
	[1]		500010b2
	[2]		500010b5
	[3]		500010b8
	[4]		500010bb
	[5]		500010be
	[6]		500010c1
	[7]		500010c4
	[8]		500010c7
	[9]		500010ca
	[10]		500010cd
	[11]		500010d0
	[12]		500010d3
	[13]		500010d6
	[14]		500010d9
	[15]		500010dc
	[16]		500010df
ARR 500010b0 (sz=88, trace=300594, nelems=17, elem type=java.math.BigInteger[]@500010ae)
	[1]		500010b3
	[2]		500010b6
	[3]		500010b9
	[4]		500010bc
	[5]		500010bf
	[6]		500010c2
	[7]		500010c5
	[8]		500010c8
	[9]		500010cb
	[10]		500010ce
	[11]		500010d1
	[12]		500010d4
	[13]		500010d7
	[14]		500010da
	[15]		500010dd
	[16]		500010e0
ARR 500010b1 (sz=4, trace=300595, nelems=1, elem type=int[])
OBJ 500010b2 (sz=40, trace=300596, class=java.math.BigInteger@500010aa)
	mag		500010b1
OBJ 500010b3 (sz=40, trace=300597, class=java.math.BigInteger@500010aa)
	mag		500010b1
ARR 500010b4 (sz=4, trace=300595, nelems=1, elem type=int[])
OBJ 500010b5 (sz=40, trace=300596, class=java.math.BigInteger@500010aa)
	mag		500010b4
OBJ 500010b6 (sz=40, trace=300597, class=java.math.BigInteger@500010aa)
	mag		500010b4
ARR 500010b7 (sz=4, trace=300595, nelems=1, elem type=int[])
OBJ 500010b8 (sz=40, trace=300596, class=java.math.BigInteger@500010aa)
	mag		500010b7
OBJ 500010b9 (sz=40, trace=300597, class=java.math.BigInteger@500010aa)
	mag		500010b7
ARR 500010ba (sz=4, trace=300595, nelems=1, elem type=int[])
OBJ 500010bb (sz=40, trace=300596, class=java.math.BigInteger@500010aa)
	mag		500010ba
OBJ 500010bc (sz=40, trace=300597, class=java.math.BigInteger@500010aa)
	mag		500010ba
ARR 500010bd (sz=4, trace=300595, nelems=1, elem type=int[])
OBJ 500010be (sz=40, trace=300596, class=java.math.BigInteger@500010aa)
	mag		500010bd
OBJ 500010bf (sz=40, trace=300597, class=java.math.BigInteger@500010aa)
	mag		500010bd
ARR 500010c0 (sz=4, trace=300595, nelems=1, elem type=int[])
OBJ 500010c1 (sz=40, trace=300596, class=java.math.BigInteger@500010aa)
	mag		500010c0
OBJ 500010c2 (sz=40, trace=300597, class=java.math.BigInteger@500010aa)
	mag		500010c0
ARR 500010c3 (sz=4, trace=300595, nelems=1, elem type=int[])
OBJ 500010c4 (sz=40, trace=300596, class=java.math.BigInteger@500010aa)
	mag		500010c3
OBJ 500010c5 (sz=40, trace=300597, class=java.math.BigInteger@500010aa)
	mag		500010c3
ARR 500010c6 (sz=4, trace=300595, nelems=1, elem type=int[])
OBJ 500010c7 (sz=40, trace=300596, class=java.math.BigInteger@500010aa)
	mag		500010c6
OBJ 500010c8 (sz=40, trace=300597, class=java.math.BigInteger@500010aa)
	mag		500010c6
ARR 500010c9 (sz=4, trace=300595, nelems=1, elem type=int[])
OBJ 500010ca (sz=40, trace=300596, class=java.math.BigInteger@500010aa)
	mag		500010c9
OBJ 500010cb (sz=40, trace=300597, class=java.math.BigInteger@500010aa)
	mag		500010c9
ARR 500010cc (sz=4, trace=300595, nelems=1, elem type=int[])
OBJ 500010cd (sz=40, trace=300596, class=java.math.BigInteger@500010aa)
	mag		500010cc
OBJ 500010ce (sz=40, trace=300597, class=java.math.BigInteger@500010aa)
	mag		500010cc
ARR 500010cf (sz=4, trace=300595, nelems=1, elem type=int[])
OBJ 500010d0 (sz=40, trace=300596, class=java.math.BigInteger@500010aa)
	mag		500010cf
OBJ 500010d1 (sz=40, trace=300597, class=java.math.BigInteger@500010aa)
	mag		500010cf
ARR 500010d2 (sz=4, trace=300595, nelems=1, elem type=int[])
OBJ 500010d3 (sz=40, trace=300596, class=java.math.BigInteger@500010aa)
	mag		500010d2
OBJ 500010d4 (sz=40, trace=300597, class=java.math.BigInteger@500010aa)
	mag		500010d2
ARR 500010d5 (sz=4, trace=300595, nelems=1, elem type=int[])
OBJ 500010d6 (sz=40, trace=300596, class=java.math.BigInteger@500010aa)
	mag		500010d5
OBJ 500010d7 (sz=40, trace=300597, class=java.math.BigInteger@500010aa)
	mag		500010d5
ARR 500010d8 (sz=4, trace=300595, nelems=1, elem type=int[])
OBJ 500010d9 (sz=40, trace=300596, class=java.math.BigInteger@500010aa)
	mag		500010d8
OBJ 500010da (sz=40, trace=300597, class=java.math.BigInteger@500010aa)
	mag		500010d8
ARR 500010db (sz=4, trace=300595, nelems=1, elem type=int[])
OBJ 500010dc (sz=40, trace=300596, class=java.math.BigInteger@500010aa)
	mag		500010db
OBJ 500010dd (sz=40, trace=300597, class=java.math.BigInteger@500010aa)
	mag		500010db
ARR 500010de (sz=4, trace=300595, nelems=1, elem type=int[])
OBJ 500010df (sz=40, trace=300596, class=java.math.BigInteger@500010aa)
	mag		500010de
OBJ 500010e0 (sz=40, trace=300597, class=java.math.BigInteger@500010aa)
	mag		500010de
ARR 500010e1 (sz=0, trace=300598, nelems=0, elem type=int[])
OBJ 500010e2 (sz=40, trace=300599, class=java.math.BigInteger@500010aa)
	mag		500010e1
ARR 500010e3 (sz=28, trace=300600, nelems=7, elem type=int[])
ARR 500010e4 (sz=272, trace=300601, nelems=64, elem type=java.lang.String[]@50000037)
	[0]		500010e5
	[1]		500010e6
	[2]		500010e7
	[3]		500010e8
	[4]		500010e9
	[5]		500010ea
	[6]		500010eb
	[7]		500010ec
	[8]		500010ed
	[9]		500010ee
	[10]		500010ef
	[11]		500010f0
	[12]		500010f1
	[13]		500010f2
	[14]		500010f3
	[15]		500010f4
	[16]		500010f5
	[17]		500010f6
	[18]		500010f7
	[19]		500010f8
	[20]		500010f9
	[21]		500010fa
	[22]		500010fb
	[23]		500010fc
	[24]		500010fd
	[25]		500010fe
	[26]		500010ff
	[27]		50001100
	[28]		50001101
	[29]		50001102
	[30]		50001103
	[31]		50001104
	[32]		50001105
	[33]		50001106
	[34]		50001107
	[35]		50001108
	[36]		50001109
	[37]		5000110a
	[38]		5000110b
	[39]		5000110c
	[40]		5000110d
	[41]		5000110e
	[42]		5000110f
	[43]		50001110
	[44]		50001111
	[45]		50001112
	[46]		50001113
	[47]		50001114
	[48]		50001115
	[49]		50001116
	[50]		50001117
	[51]		50001118
	[52]		50001119
	[53]		5000111a
	[54]		5000111b
	[55]		5000111c
	[56]		5000111d
	[57]		5000111e
	[58]		5000111f
	[59]		50001120
	[60]		50001121
	[61]		50001122
	[62]		50001123
	[63]		50003a83
OBJ 500010e5 (sz=32, trace=300602, class=java.lang.String@50000036)
	value		50003a85
OBJ 500010e6 (sz=32, trace=300602, class=java.lang.String@50000036)
	value		50003a85
OBJ 500010e7 (sz=32, trace=300602, class=java.lang.String@50000036)
	value		50003a85
OBJ 500010e8 (sz=32, trace=300602, class=java.lang.String@50000036)
	value		50003a85
OBJ 500010e9 (sz=32, trace=300602, class=java.lang.String@50000036)
	value		50003a85
OBJ 500010ea (sz=32, trace=300602, class=java.lang.String@50000036)
	value		50003a85
OBJ 500010eb (sz=32, trace=300602, class=java.lang.String@50000036)
	value		50003a85
OBJ 500010ec (sz=32, trace=300602, class=java.lang.String@50000036)
	value		50003a85
OBJ 500010ed (sz=32, trace=300602, class=java.lang.String@50000036)
	value		50003a85
OBJ 500010ee (sz=32, trace=300602, class=java.lang.String@50000036)
	value		50003a85
OBJ 500010ef (sz=32, trace=300602, class=java.lang.String@50000036)
	value		50003a85
OBJ 500010f0 (sz=32, trace=300602, class=java.lang.String@50000036)
	value		50003a85
OBJ 500010f1 (sz=32, trace=300602, class=java.lang.String@50000036)
	value		50003a85
OBJ 500010f2 (sz=32, trace=300602, class=java.lang.String@50000036)
	value		50003a85
OBJ 500010f3 (sz=32, trace=300602, class=java.lang.String@50000036)
	value		50003a85
OBJ 500010f4 (sz=32, trace=300602, class=java.lang.String@50000036)
	value		50003a85
OBJ 500010f5 (sz=32, trace=300602, class=java.lang.String@50000036)
	value		50003a85
OBJ 500010f6 (sz=32, trace=300602, class=java.lang.String@50000036)
	value		50003a85
OBJ 500010f7 (sz=32, trace=300602, class=java.lang.String@50000036)
	value		50003a85
OBJ 500010f8 (sz=32, trace=300602, class=java.lang.String@50000036)
	value		50003a85
OBJ 500010f9 (sz=32, trace=300602, class=java.lang.String@50000036)
	value		50003a85
OBJ 500010fa (sz=32, trace=300602, class=java.lang.String@50000036)
	value		50003a85
OBJ 500010fb (sz=32, trace=300602, class=java.lang.String@50000036)
	value		50003a85
OBJ 500010fc (sz=32, trace=300602, class=java.lang.String@50000036)
	value		50003a85
OBJ 500010fd (sz=32, trace=300602, class=java.lang.String@50000036)
	value		50003a85
OBJ 500010fe (sz=32, trace=300602, class=java.lang.String@50000036)
	value		50003a85
OBJ 500010ff (sz=32, trace=300602, class=java.lang.String@50000036)
	value		50003a85
OBJ 50001100 (sz=32, trace=300602, class=java.lang.String@50000036)
	value		50003a85
OBJ 50001101 (sz=32, trace=300602, class=java.lang.String@50000036)
	value		50003a85
OBJ 50001102 (sz=32, trace=300602, class=java.lang.String@50000036)
	value		50003a85
OBJ 50001103 (sz=32, trace=300602, class=java.lang.String@50000036)
	value		50003a85
OBJ 50001104 (sz=32, trace=300602, class=java.lang.String@50000036)
	value		50003a85
OBJ 50001105 (sz=32, trace=300602, class=java.lang.String@50000036)
	value		50003a85
OBJ 50001106 (sz=32, trace=300602, class=java.lang.String@50000036)
	value		50003a85
OBJ 50001107 (sz=32, trace=300602, class=java.lang.String@50000036)
	value		50003a85
OBJ 50001108 (sz=32, trace=300602, class=java.lang.String@50000036)
	value		50003a85
OBJ 50001109 (sz=32, trace=300602, class=java.lang.String@50000036)
	value		50003a85
OBJ 5000110a (sz=32, trace=300602, class=java.lang.String@50000036)
	value		50003a85
OBJ 5000110b (sz=32, trace=300602, class=java.lang.String@50000036)
	value		50003a85
OBJ 5000110c (sz=32, trace=300602, class=java.lang.String@50000036)
	value		50003a85
OBJ 5000110d (sz=32, trace=300602, class=java.lang.String@50000036)
	value		50003a85
OBJ 5000110e (sz=32, trace=300602, class=java.lang.String@50000036)
	value		50003a85
OBJ 5000110f (sz=32, trace=300602, class=java.lang.String@50000036)
	value		50003a85
OBJ 50001110 (sz=32, trace=300602, class=java.lang.String@50000036)
	value		50003a85
OBJ 50001111 (sz=32, trace=300602, class=java.lang.String@50000036)
	value		50003a85
OBJ 50001112 (sz=32, trace=300602, class=java.lang.String@50000036)
	value		50003a85
OBJ 50001113 (sz=32, trace=300602, class=java.lang.String@50000036)
	value		50003a85
OBJ 50001114 (sz=32, trace=300602, class=java.lang.String@50000036)
	value		50003a85
OBJ 50001115 (sz=32, trace=300602, class=java.lang.String@50000036)
	value		50003a85
OBJ 50001116 (sz=32, trace=300602, class=java.lang.String@50000036)
	value		50003a85
OBJ 50001117 (sz=32, trace=300602, class=java.lang.String@50000036)
	value		50003a85
OBJ 50001118 (sz=32, trace=300602, class=java.lang.String@50000036)
	value		50003a85
OBJ 50001119 (sz=32, trace=300602, class=java.lang.String@50000036)
	value		50003a85
OBJ 5000111a (sz=32, trace=300602, class=java.lang.String@50000036)
	value		50003a85
OBJ 5000111b (sz=32, trace=300602, class=java.lang.String@50000036)
	value		50003a85
OBJ 5000111c (sz=32, trace=300602, class=java.lang.String@50000036)
	value		50003a85
OBJ 5000111d (sz=32, trace=300602, class=java.lang.String@50000036)
	value		50003a85
OBJ 5000111e (sz=32, trace=300602, class=java.lang.String@50000036)
	value		50003a85
OBJ 5000111f (sz=32, trace=300602, class=java.lang.String@50000036)
	value		50003a85
OBJ 50001120 (sz=32, trace=300602, class=java.lang.String@50000036)
	value		50003a85
OBJ 50001121 (sz=32, trace=300602, class=java.lang.String@50000036)
	value		50003a85
OBJ 50001122 (sz=32, trace=300602, class=java.lang.String@50000036)
	value		50003a85
OBJ 50001123 (sz=32, trace=300602, class=java.lang.String@50000036)
	value		50003a85
ARR 50001124 (sz=148, trace=300603, nelems=37, elem type=int[])
ARR 50001125 (sz=168, trace=300604, nelems=37, elem type=java.math.BigInteger[]@500010ae)
	[2]		50001126
	[3]		50001128
	[4]		5000112a
	[5]		5000112c
	[6]		5000112e
	[7]		50001130
	[8]		50001132
	[9]		50001134
	[10]		50001136
	[11]		50001138
	[12]		5000113a
	[13]		5000113c
	[14]		5000113e
	[15]		50001140
	[16]		50001142
	[17]		50001144
	[18]		50001146
	[19]		50001148
	[20]		5000114a
	[21]		5000114c
	[22]		5000114e
	[23]		50001150
	[24]		50001152
	[25]		50001154
	[26]		50001156
	[27]		50001158
	[28]		5000115a
	[29]		5000115c
	[30]		5000115e
	[31]		50001160
	[32]		50001162
	[33]		50001164
	[34]		50001166
	[35]		50001168
	[36]		5000116a
OBJ 50001126 (sz=40, trace=300605, class=java.math.BigInteger@500010aa)
	mag		50001127
ARR 50001127 (sz=8, trace=300606, nelems=2, elem type=int[])
OBJ 50001128 (sz=40, trace=300607, class=java.math.BigInteger@500010aa)
	mag		50001129
ARR 50001129 (sz=8, trace=300608, nelems=2, elem type=int[])
OBJ 5000112a (sz=40, trace=300609, class=java.math.BigInteger@500010aa)
	mag		5000112b
ARR 5000112b (sz=8, trace=300610, nelems=2, elem type=int[])
OBJ 5000112c (sz=40, trace=300611, class=java.math.BigInteger@500010aa)
	mag		5000112d
ARR 5000112d (sz=8, trace=300612, nelems=2, elem type=int[])
OBJ 5000112e (sz=40, trace=300613, class=java.math.BigInteger@500010aa)
	mag		5000112f
ARR 5000112f (sz=8, trace=300614, nelems=2, elem type=int[])
OBJ 50001130 (sz=40, trace=300615, class=java.math.BigInteger@500010aa)
	mag		50001131
ARR 50001131 (sz=8, trace=300616, nelems=2, elem type=int[])
OBJ 50001132 (sz=40, trace=300617, class=java.math.BigInteger@500010aa)
	mag		50001133
ARR 50001133 (sz=8, trace=300618, nelems=2, elem type=int[])
OBJ 50001134 (sz=40, trace=300619, class=java.math.BigInteger@500010aa)
	mag		50001135
ARR 50001135 (sz=8, trace=300620, nelems=2, elem type=int[])
OBJ 50001136 (sz=40, trace=300621, class=java.math.BigInteger@500010aa)
	mag		50001137
ARR 50001137 (sz=8, trace=300622, nelems=2, elem type=int[])
OBJ 50001138 (sz=40, trace=300623, class=java.math.BigInteger@500010aa)
	mag		50001139
ARR 50001139 (sz=8, trace=300624, nelems=2, elem type=int[])
OBJ 5000113a (sz=40, trace=300625, class=java.math.BigInteger@500010aa)
	mag		5000113b
ARR 5000113b (sz=8, trace=300626, nelems=2, elem type=int[])
OBJ 5000113c (sz=40, trace=300627, class=java.math.BigInteger@500010aa)
	mag		5000113d
ARR 5000113d (sz=8, trace=300628, nelems=2, elem type=int[])
OBJ 5000113e (sz=40, trace=300629, class=java.math.BigInteger@500010aa)
	mag		5000113f
ARR 5000113f (sz=8, trace=300630, nelems=2, elem type=int[])
OBJ 50001140 (sz=40, trace=300631, class=java.math.BigInteger@500010aa)
	mag		50001141
ARR 50001141 (sz=8, trace=300632, nelems=2, elem type=int[])
OBJ 50001142 (sz=40, trace=300633, class=java.math.BigInteger@500010aa)
	mag		50001143
ARR 50001143 (sz=8, trace=300634, nelems=2, elem type=int[])
OBJ 50001144 (sz=40, trace=300635, class=java.math.BigInteger@500010aa)
	mag		50001145
ARR 50001145 (sz=8, trace=300636, nelems=2, elem type=int[])
OBJ 50001146 (sz=40, trace=300637, class=java.math.BigInteger@500010aa)
	mag		50001147
ARR 50001147 (sz=8, trace=300638, nelems=2, elem type=int[])
OBJ 50001148 (sz=40, trace=300639, class=java.math.BigInteger@500010aa)
	mag		50001149
ARR 50001149 (sz=8, trace=300640, nelems=2, elem type=int[])
OBJ 5000114a (sz=40, trace=300641, class=java.math.BigInteger@500010aa)
	mag		5000114b
ARR 5000114b (sz=8, trace=300642, nelems=2, elem type=int[])
OBJ 5000114c (sz=40, trace=300643, class=java.math.BigInteger@500010aa)
	mag		5000114d
ARR 5000114d (sz=8, trace=300644, nelems=2, elem type=int[])
OBJ 5000114e (sz=40, trace=300645, class=java.math.BigInteger@500010aa)
	mag		5000114f
ARR 5000114f (sz=8, trace=300646, nelems=2, elem type=int[])
OBJ 50001150 (sz=40, trace=300647, class=java.math.BigInteger@500010aa)
	mag		50001151
ARR 50001151 (sz=8, trace=300648, nelems=2, elem type=int[])
OBJ 50001152 (sz=40, trace=300649, class=java.math.BigInteger@500010aa)
	mag		50001153
ARR 50001153 (sz=8, trace=300650, nelems=2, elem type=int[])
OBJ 50001154 (sz=40, trace=300651, class=java.math.BigInteger@500010aa)
	mag		50001155
ARR 50001155 (sz=8, trace=300652, nelems=2, elem type=int[])
OBJ 50001156 (sz=40, trace=300653, class=java.math.BigInteger@500010aa)
	mag		50001157
ARR 50001157 (sz=8, trace=300654, nelems=2, elem type=int[])
OBJ 50001158 (sz=40, trace=300655, class=java.math.BigInteger@500010aa)
	mag		50001159
ARR 50001159 (sz=8, trace=300656, nelems=2, elem type=int[])
OBJ 5000115a (sz=40, trace=300657, class=java.math.BigInteger@500010aa)
	mag		5000115b
ARR 5000115b (sz=8, trace=300658, nelems=2, elem type=int[])
OBJ 5000115c (sz=40, trace=300659, class=java.math.BigInteger@500010aa)
	mag		5000115d
ARR 5000115d (sz=8, trace=300660, nelems=2, elem type=int[])
OBJ 5000115e (sz=40, trace=300661, class=java.math.BigInteger@500010aa)
	mag		5000115f
ARR 5000115f (sz=8, trace=300662, nelems=2, elem type=int[])
OBJ 50001160 (sz=40, trace=300663, class=java.math.BigInteger@500010aa)
	mag		50001161
ARR 50001161 (sz=8, trace=300664, nelems=2, elem type=int[])
OBJ 50001162 (sz=40, trace=300665, class=java.math.BigInteger@500010aa)
	mag		50001163
ARR 50001163 (sz=8, trace=300666, nelems=2, elem type=int[])
OBJ 50001164 (sz=40, trace=300667, class=java.math.BigInteger@500010aa)
	mag		50001165
ARR 50001165 (sz=8, trace=300668, nelems=2, elem type=int[])
OBJ 50001166 (sz=40, trace=300669, class=java.math.BigInteger@500010aa)
	mag		50001167
ARR 50001167 (sz=8, trace=300670, nelems=2, elem type=int[])
OBJ 50001168 (sz=40, trace=300671, class=java.math.BigInteger@500010aa)
	mag		50001169
ARR 50001169 (sz=8, trace=300672, nelems=2, elem type=int[])
OBJ 5000116a (sz=40, trace=300673, class=java.math.BigInteger@500010aa)
	mag		5000116b
ARR 5000116b (sz=8, trace=300674, nelems=2, elem type=int[])
ARR 5000116c (sz=148, trace=300675, nelems=37, elem type=int[])
ARR 5000116d (sz=148, trace=300676, nelems=37, elem type=int[])
ARR 5000116e (sz=40, trace=300677, nelems=6, elem type=java.io.ObjectStreamField[]@50000030)
	[0]		5000116f
	[1]		50001174
	[2]		50001179
	[3]		5000117e
	[4]		50001183
	[5]		50001188
OBJ 5000116f (sz=40, trace=300678, class=java.io.ObjectStreamField@5000002f)
	name		50003a79
	signature	500034e5
	type		50003296
OBJ 50001170 (sz=24, trace=300020, class=java.lang.StringBuilder@5000004d)
ARR 50001171 (sz=48, trace=300021, nelems=0, elem type=char[])
OBJ 50001172 (sz=32, trace=300022, class=java.lang.String@50000036)
ARR 50001173 (sz=24, trace=300023, nelems=0, elem type=char[])
OBJ 50001174 (sz=40, trace=300679, class=java.io.ObjectStreamField@5000002f)
	name		50003a7a
	signature	50003a8a
	type		50000149
OBJ 50001175 (sz=24, trace=300020, class=java.lang.StringBuilder@5000004d)
ARR 50001176 (sz=48, trace=300021, nelems=0, elem type=char[])
OBJ 50001177 (sz=32, trace=300022, class=java.lang.String@50000036)
ARR 50001178 (sz=24, trace=300023, nelems=0, elem type=char[])
OBJ 50001179 (sz=40, trace=300680, class=java.io.ObjectStreamField@5000002f)
	name		50003a7f
	signature	500034e5
	type		50003296
OBJ 5000117a (sz=24, trace=300020, class=java.lang.StringBuilder@5000004d)
ARR 5000117b (sz=48, trace=300021, nelems=0, elem type=char[])
OBJ 5000117c (sz=32, trace=300022, class=java.lang.String@50000036)
ARR 5000117d (sz=24, trace=300023, nelems=0, elem type=char[])
OBJ 5000117e (sz=40, trace=300681, class=java.io.ObjectStreamField@5000002f)
	name		50003a80
	signature	500034e5
	type		50003296
OBJ 5000117f (sz=24, trace=300020, class=java.lang.StringBuilder@5000004d)
ARR 50001180 (sz=48, trace=300021, nelems=0, elem type=char[])
OBJ 50001181 (sz=32, trace=300022, class=java.lang.String@50000036)
ARR 50001182 (sz=24, trace=300023, nelems=0, elem type=char[])
OBJ 50001183 (sz=40, trace=300682, class=java.io.ObjectStreamField@5000002f)
	name		50003a82
	signature	500034e5
	type		50003296
OBJ 50001184 (sz=24, trace=300020, class=java.lang.StringBuilder@5000004d)
ARR 50001185 (sz=48, trace=300021, nelems=0, elem type=char[])
OBJ 50001186 (sz=32, trace=300022, class=java.lang.String@50000036)
ARR 50001187 (sz=24, trace=300023, nelems=0, elem type=char[])
OBJ 50001188 (sz=40, trace=300683, class=java.io.ObjectStreamField@5000002f)
	name		50003a81
	signature	500034e5
	type		50003296
OBJ 50001189 (sz=24, trace=300020, class=java.lang.StringBuilder@5000004d)
ARR 5000118a (sz=48, trace=300021, nelems=0, elem type=char[])
OBJ 5000118b (sz=32, trace=300022, class=java.lang.String@50000036)
ARR 5000118c (sz=24, trace=300023, nelems=0, elem type=char[])
OBJ 5000118e (sz=40, trace=300685, class=java.lang.ref.SoftReference@500000c8)
OBJ 5000118f (sz=72, trace=300686, class=java.lang.reflect.Field@5000004e)
OBJ 50001190 (sz=72, trace=300686, class=java.lang.reflect.Field@5000004e)
OBJ 50001191 (sz=40, trace=300687, class=java.math.BigInteger@500010aa)
ARR 50001192 (sz=24, trace=300688, nelems=0, elem type=int[])
OBJ 50001193 (sz=24, trace=300689, class=sun.security.util.DerInputStream@50001066)
OBJ 50001194 (sz=32, trace=300067, class=java.util.Vector@50000004)
ARR 50001195 (sz=24, trace=300690, nelems=0, elem type=java.lang.Object[]@500000ac)
OBJ 50001196 (sz=32, trace=300691, class=sun.security.util.DerValue@50001086)
OBJ 50001197 (sz=24, trace=300692, class=sun.security.util.DerInputStream@50001066)
ARR 50001198 (sz=24, trace=300693, nelems=0, elem type=sun.security.util.DerValue[]@5000108b)
ARR 5000119b (sz=24, trace=300695, nelems=0, elem type=sun.security.x509.AlgorithmId[]@5000119a)
ARR 5000119c (sz=24, trace=300696, nelems=6, elem type=int[])
OBJ 5000119d (sz=24, trace=300697, class=sun.security.util.ObjectIdentifier@50001077)
	components	5000119c
ARR 5000119e (sz=24, trace=300698, nelems=6, elem type=int[])
OBJ 5000119f (sz=24, trace=300699, class=sun.security.util.ObjectIdentifier@50001077)
	components	5000119e
ARR 500011a0 (sz=24, trace=300700, nelems=6, elem type=int[])
OBJ 500011a1 (sz=24, trace=300701, class=sun.security.util.ObjectIdentifier@50001077)
	components	500011a0
ARR 500011a2 (sz=36, trace=300702, nelems=9, elem type=int[])
OBJ 500011a3 (sz=24, trace=300703, class=sun.security.util.ObjectIdentifier@50001077)
	components	500011a2
ARR 500011a4 (sz=36, trace=300704, nelems=9, elem type=int[])
OBJ 500011a5 (sz=24, trace=300705, class=sun.security.util.ObjectIdentifier@50001077)
	components	500011a4
ARR 500011a6 (sz=36, trace=300706, nelems=9, elem type=int[])
OBJ 500011a7 (sz=24, trace=300707, class=sun.security.util.ObjectIdentifier@50001077)
	components	500011a6
ARR 500011a8 (sz=28, trace=300708, nelems=7, elem type=int[])
ARR 500011a9 (sz=24, trace=300709, nelems=6, elem type=int[])
ARR 500011aa (sz=24, trace=300710, nelems=6, elem type=int[])
ARR 500011ab (sz=24, trace=300711, nelems=6, elem type=int[])
ARR 500011ac (sz=24, trace=300712, nelems=6, elem type=int[])
ARR 500011ad (sz=28, trace=300713, nelems=7, elem type=int[])
ARR 500011ae (sz=24, trace=300714, nelems=6, elem type=int[])
OBJ 500011af (sz=24, trace=300715, class=sun.security.util.ObjectIdentifier@50001077)
	components	500011ae
ARR 500011b0 (sz=28, trace=300716, nelems=7, elem type=int[])
ARR 500011b1 (sz=28, trace=300717, nelems=7, elem type=int[])
ARR 500011b2 (sz=28, trace=300718, nelems=7, elem type=int[])
ARR 500011b3 (sz=24, trace=300719, nelems=6, elem type=int[])
ARR 500011b4 (sz=28, trace=300720, nelems=7, elem type=int[])
ARR 500011b5 (sz=28, trace=300721, nelems=7, elem type=int[])
ARR 500011b6 (sz=28, trace=300722, nelems=7, elem type=int[])
ARR 500011b7 (sz=24, trace=300723, nelems=6, elem type=int[])
ARR 500011b8 (sz=24, trace=300724, nelems=6, elem type=int[])
ARR 500011b9 (sz=24, trace=300725, nelems=6, elem type=int[])
ARR 500011ba (sz=24, trace=300726, nelems=6, elem type=int[])
OBJ 500011bb (sz=24, trace=300727, class=sun.security.util.ObjectIdentifier@50001077)
	components	500011ba
ARR 500011bc (sz=28, trace=300728, nelems=7, elem type=int[])
OBJ 500011bd (sz=24, trace=300729, class=sun.security.util.ObjectIdentifier@50001077)
	components	500011bc
ARR 500011be (sz=28, trace=300730, nelems=7, elem type=int[])
OBJ 500011bf (sz=24, trace=300731, class=sun.security.util.ObjectIdentifier@50001077)
	components	500011be
ARR 500011c0 (sz=28, trace=300732, nelems=7, elem type=int[])
OBJ 500011c1 (sz=24, trace=300733, class=sun.security.util.ObjectIdentifier@50001077)
	components	500011c0
ARR 500011c2 (sz=28, trace=300734, nelems=7, elem type=int[])
OBJ 500011c3 (sz=24, trace=300735, class=sun.security.util.ObjectIdentifier@50001077)
	components	500011c2
ARR 500011c4 (sz=24, trace=300736, nelems=6, elem type=int[])
OBJ 500011c5 (sz=24, trace=300737, class=sun.security.util.ObjectIdentifier@50001077)
	components	500011c4
ARR 500011c6 (sz=28, trace=300738, nelems=7, elem type=int[])
OBJ 500011c7 (sz=24, trace=300739, class=sun.security.util.ObjectIdentifier@50001077)
	components	500011c6
ARR 500011c8 (sz=28, trace=300740, nelems=7, elem type=int[])
OBJ 500011c9 (sz=24, trace=300741, class=sun.security.util.ObjectIdentifier@50001077)
	components	500011c8
ARR 500011ca (sz=28, trace=300742, nelems=7, elem type=int[])
OBJ 500011cb (sz=24, trace=300743, class=sun.security.util.ObjectIdentifier@50001077)
	components	500011ca
ARR 500011cc (sz=28, trace=300744, nelems=7, elem type=int[])
OBJ 500011cd (sz=24, trace=300745, class=sun.security.util.ObjectIdentifier@50001077)
	components	500011cc
ARR 500011ce (sz=32, trace=300746, nelems=8, elem type=int[])
OBJ 500011cf (sz=24, trace=300747, class=sun.security.util.ObjectIdentifier@50001077)
	components	500011ce
ARR 500011d0 (sz=32, trace=300748, nelems=8, elem type=int[])
OBJ 500011d1 (sz=24, trace=300749, class=sun.security.util.ObjectIdentifier@50001077)
	components	500011d0
OBJ 500011d2 (sz=24, trace=300750, class=sun.security.util.ObjectIdentifier@50001077)
	components	500011a8
OBJ 500011d3 (sz=24, trace=300751, class=sun.security.util.ObjectIdentifier@50001077)
	components	500011a9
OBJ 500011d4 (sz=24, trace=300752, class=sun.security.util.ObjectIdentifier@50001077)
	components	500011aa
OBJ 500011d5 (sz=24, trace=300753, class=sun.security.util.ObjectIdentifier@50001077)
	components	500011ab
OBJ 500011d6 (sz=24, trace=300754, class=sun.security.util.ObjectIdentifier@50001077)
	components	500011ac
OBJ 500011d7 (sz=24, trace=300755, class=sun.security.util.ObjectIdentifier@50001077)
	components	500011ad
OBJ 500011d8 (sz=24, trace=300756, class=sun.security.util.ObjectIdentifier@50001077)
	components	500011b0
OBJ 500011d9 (sz=24, trace=300757, class=sun.security.util.ObjectIdentifier@50001077)
	components	500011b1
OBJ 500011da (sz=24, trace=300758, class=sun.security.util.ObjectIdentifier@50001077)
	components	500011b2
OBJ 500011db (sz=24, trace=300759, class=sun.security.util.ObjectIdentifier@50001077)
	components	500011b3
OBJ 500011dc (sz=24, trace=300760, class=sun.security.util.ObjectIdentifier@50001077)
	components	500011b4
OBJ 500011dd (sz=24, trace=300761, class=sun.security.util.ObjectIdentifier@50001077)
	components	500011b5
OBJ 500011de (sz=24, trace=300762, class=sun.security.util.ObjectIdentifier@50001077)
	components	500011b6
OBJ 500011df (sz=24, trace=300763, class=sun.security.util.ObjectIdentifier@50001077)
	components	500011b7
OBJ 500011e0 (sz=24, trace=300764, class=sun.security.util.ObjectIdentifier@50001077)
	components	500011b8
OBJ 500011e1 (sz=24, trace=300765, class=sun.security.util.ObjectIdentifier@50001077)
	components	500011b9
OBJ 500011e2 (sz=48, trace=300766, class=java.util.HashMap@500000cb)
	table		500011fe
ARR 500011e3 (sz=80, trace=300767, nelems=0, elem type=java.util.HashMap$Entry[]@50000054)
OBJ 500011e4 (sz=32, trace=300768, class=java.util.HashMap$Entry@50000053)
	key		5000119f
	value		50003aa5
OBJ 500011e5 (sz=32, trace=300769, class=java.util.HashMap$Entry@50000053)
	key		5000119d
	value		50003aa6
OBJ 500011e6 (sz=32, trace=300770, class=java.util.HashMap$Entry@50000053)
	key		500011a1
	value		50003aa4
OBJ 500011e7 (sz=32, trace=300771, class=java.util.HashMap$Entry@50000053)
	key		500011a3
	value		50003aa7
OBJ 500011e8 (sz=32, trace=300772, class=java.util.HashMap$Entry@50000053)
	key		500011a5
	value		50003aa8
OBJ 500011e9 (sz=32, trace=300773, class=java.util.HashMap$Entry@50000053)
	key		500011a7
	value		50003aa9
OBJ 500011ea (sz=32, trace=300774, class=java.util.HashMap$Entry@50000053)
	key		500011d7
	value		50003aaa
OBJ 500011eb (sz=32, trace=300775, class=java.util.HashMap$Entry@50000053)
	key		500011d6
	value		50003aaa
	next		500011fc
OBJ 500011ec (sz=32, trace=300776, class=java.util.HashMap$Entry@50000053)
	key		500011d2
	value		50003aab
OBJ 500011ed (sz=32, trace=300777, class=java.util.HashMap$Entry@50000053)
	key		500011d3
	value		50003aab
OBJ 500011ee (sz=32, trace=300778, class=java.util.HashMap$Entry@50000053)
	key		500011d5
	value		50003aac
OBJ 500011ef (sz=32, trace=300779, class=java.util.HashMap$Entry@50000053)
	key		500011d4
	value		50003aac
	next		500011ed
OBJ 500011f0 (sz=32, trace=300780, class=java.util.HashMap$Entry@50000053)
	key		500011af
	value		50003aad
ARR 500011f1 (sz=144, trace=300781, nelems=0, elem type=java.util.HashMap$Entry[]@50000054)
OBJ 500011f2 (sz=32, trace=300782, class=java.util.HashMap$Entry@50000053)
	key		500011bb
	value		50003ab1
OBJ 500011f3 (sz=32, trace=300783, class=java.util.HashMap$Entry@50000053)
	key		500011bd
	value		50003ab2
OBJ 500011f4 (sz=32, trace=300784, class=java.util.HashMap$Entry@50000053)
	key		500011bf
	value		50003ab3
	next		500011fa
OBJ 500011f5 (sz=32, trace=300785, class=java.util.HashMap$Entry@50000053)
	key		500011c1
	value		50003ab4
OBJ 500011f6 (sz=32, trace=300786, class=java.util.HashMap$Entry@50000053)
	key		500011c3
	value		50003ab5
OBJ 500011f7 (sz=32, trace=300787, class=java.util.HashMap$Entry@50000053)
	key		500011d9
	value		50003aae
OBJ 500011f8 (sz=32, trace=300788, class=java.util.HashMap$Entry@50000053)
	key		500011d8
	value		50003aaf
OBJ 500011f9 (sz=32, trace=300789, class=java.util.HashMap$Entry@50000053)
	key		500011e1
	value		50003ab0
OBJ 500011fa (sz=32, trace=300790, class=java.util.HashMap$Entry@50000053)
	key		500011e0
	value		50003ab0
OBJ 500011fb (sz=32, trace=300791, class=java.util.HashMap$Entry@50000053)
	key		500011df
	value		50003ab0
OBJ 500011fc (sz=32, trace=300792, class=java.util.HashMap$Entry@50000053)
	key		500011da
	value		50003ab6
OBJ 500011fd (sz=32, trace=300793, class=java.util.HashMap$Entry@50000053)
	key		500011db
	value		50003ab6
ARR 500011fe (sz=272, trace=300794, nelems=62, elem type=java.util.HashMap$Entry[]@50000054)
	[8]		500011f9
	[9]		500011ec
	[12]		50001202
	[14]		500011ef
	[15]		500011eb
	[19]		50001207
	[20]		500011f0
	[21]		500011f7
	[24]		500011f6
	[26]		50001200
	[27]		500011ee
	[28]		500011e9
	[29]		50001204
	[32]		500011f8
	[33]		500011e5
	[35]		500011fb
	[36]		50001206
	[37]		50001205
	[40]		500011e7
	[41]		500011f2
	[54]		500011e8
	[55]		50001201
	[57]		500011ff
	[58]		500011f4
	[60]		50001203
	[61]		500011fd
OBJ 500011ff (sz=32, trace=300795, class=java.util.HashMap$Entry@50000053)
	key		500011dc
	value		50003ab7
	next		500011f5
OBJ 50001200 (sz=32, trace=300796, class=java.util.HashMap$Entry@50000053)
	key		500011dd
	value		50003ab8
	next		500011ea
OBJ 50001201 (sz=32, trace=300797, class=java.util.HashMap$Entry@50000053)
	key		500011de
	value		50003ab9
OBJ 50001202 (sz=32, trace=300798, class=java.util.HashMap$Entry@50000053)
	key		500011c7
	value		50003aba
	next		500011e4
OBJ 50001203 (sz=32, trace=300799, class=java.util.HashMap$Entry@50000053)
	key		500011c9
	value		50003abb
OBJ 50001204 (sz=32, trace=300800, class=java.util.HashMap$Entry@50000053)
	key		500011cb
	value		50003abc
OBJ 50001205 (sz=32, trace=300801, class=java.util.HashMap$Entry@50000053)
	key		500011cd
	value		50003abd
OBJ 50001206 (sz=32, trace=300802, class=java.util.HashMap$Entry@50000053)
	key		500011cf
	value		50003abe
	next		500011e6
OBJ 50001207 (sz=32, trace=300803, class=java.util.HashMap$Entry@50000053)
	key		500011d1
	value		50003abf
	next		500011f3
OBJ 50001208 (sz=24, trace=300804, class=sun.security.util.DerInputStream@50001066)
OBJ 50001209 (sz=24, trace=300805, class=sun.security.util.ObjectIdentifier@50001077)
ARR 5000120a (sz=40, trace=300806, nelems=0, elem type=int[])
ARR 5000120b (sz=56, trace=300807, nelems=0, elem type=int[])
OBJ 5000120c (sz=32, trace=300808, class=sun.security.util.DerValue@50001086)
OBJ 5000120d (sz=24, trace=300809, class=sun.security.util.DerInputStream@50001066)
OBJ 5000120e (sz=32, trace=300810, class=sun.security.x509.AlgorithmId@50001199)
OBJ 5000120f (sz=24, trace=300811, class=sun.security.pkcs.ContentInfo@5000106b)
OBJ 50001210 (sz=24, trace=300812, class=sun.security.util.DerInputStream@50001066)
OBJ 50001211 (sz=32, trace=300067, class=java.util.Vector@50000004)
ARR 50001212 (sz=24, trace=300561, nelems=0, elem type=java.lang.Object[]@500000ac)
OBJ 50001213 (sz=32, trace=300563, class=sun.security.util.DerValue@50001086)
OBJ 50001214 (sz=24, trace=300564, class=sun.security.util.DerInputStream@50001066)
ARR 50001215 (sz=24, trace=300813, nelems=0, elem type=sun.security.util.DerValue[]@5000108b)
OBJ 50001216 (sz=24, trace=300571, class=sun.security.util.DerOutputStream@5000108e)
ARR 50001217 (sz=48, trace=300572, nelems=0, elem type=byte[])
ARR 50001218 (sz=32, trace=300814, nelems=0, elem type=byte[])
ARR 50001219 (sz=32, trace=300574, nelems=0, elem type=byte[])
OBJ 5000121a (sz=24, trace=300815, class=sun.security.util.DerInputStream@50001066)
OBJ 5000121b (sz=32, trace=300535, class=sun.security.util.DerInputBuffer@50001069)
OBJ 5000121c (sz=24, trace=300816, class=sun.security.util.ObjectIdentifier@50001077)
ARR 5000121d (sz=40, trace=300577, nelems=0, elem type=int[])
ARR 5000121e (sz=56, trace=300578, nelems=0, elem type=int[])
OBJ 50001223 (sz=16, trace=300821, class=sun.security.jca.ProviderConfig$1@50001222)
OBJ 50001224 (sz=40, trace=300685, class=java.lang.ref.SoftReference@500000c8)
OBJ 50001225 (sz=72, trace=300686, class=java.lang.reflect.Field@5000004e)
ARR 50001228 (sz=24, trace=300824, nelems=1, elem type=java.lang.String[]@50000037)
	[0]		50003b63
OBJ 50001229 (sz=32, trace=300825, class=java.util.HashMap$Entry@50000053)
	key		5000013f
	value		50001228
OBJ 5000122a (sz=32, trace=300826, class=sun.reflect.UnsafeStaticBooleanFieldAccessorImpl@50001227)
OBJ 5000122b (sz=16, trace=300827, class=java.lang.Boolean@50000044)
OBJ 5000122d (sz=16, trace=300829, class=sun.security.jca.ProviderConfig$2@5000122c)
OBJ 5000122f (sz=16, trace=300831, class=sun.security.jca.ProviderConfig$4@5000122e)
ARR 50001231 (sz=16, trace=300833, nelems=0, elem type=java.lang.Class[]@5000002d)
OBJ 50001232 (sz=40, trace=300834, class=java.lang.ref.SoftReference@500000c8)
OBJ 50001233 (sz=72, trace=300835, class=java.lang.reflect.Constructor@5000000d)
OBJ 50001234 (sz=24, trace=300836, class=java.lang.Class$1@500000f0)
OBJ 50001235 (sz=24, trace=300837, class=sun.reflect.NativeConstructorAccessorImpl@500000e3)
OBJ 50001236 (sz=16, trace=300838, class=sun.reflect.DelegatingConstructorAccessorImpl@500000bc)
OBJ 50001238 (sz=16, trace=300840, class=sun.security.provider.Sun$1@50001237)
OBJ 50001239 (sz=96, trace=300442, class=sun.security.provider.Sun@50001230)
	table		50001451
	name		50003b6a
	info		50003b69
	legacyStrings	50001272
	legacyMap	5000145b
ARR 5000123a (sz=64, trace=300443, nelems=0, elem type=java.util.Hashtable$Entry[]@500000fe)
OBJ 5000123b (sz=32, trace=300444, class=java.util.Hashtable$Entry@500000fd)
	key		50003ae9
	value		50003b6a
OBJ 5000123c (sz=40, trace=300458, class=sun.misc.FloatingDecimal@50000f1b)
ARR 5000123f (sz=56, trace=300843, nelems=0, elem type=char[])
OBJ 50001240 (sz=32, trace=300461, class=java.lang.String@50000036)
	value		50001241
ARR 50001241 (sz=6, trace=300462, nelems=3, elem type=char[])
OBJ 50001242 (sz=32, trace=300463, class=java.util.Hashtable$Entry@500000fd)
	key		50003aea
	value		50001240
OBJ 50001243 (sz=32, trace=300464, class=java.util.Hashtable$Entry@500000fd)
	key		50003aeb
	value		50003b69
OBJ 50001244 (sz=32, trace=300465, class=java.util.Hashtable$Entry@500000fd)
	key		50003aec
	value		50003b66
OBJ 50001248 (sz=16, trace=300846, class=sun.security.provider.NativePRNG$1@50001247)
OBJ 50001249 (sz=24, trace=300847, class=java.io.File@500000b8)
ARR 5000124a (sz=64, trace=300052, nelems=0, elem type=byte[])
OBJ 5000124b (sz=48, trace=300053, class=java.nio.HeapByteBuffer@50000087)
OBJ 5000124c (sz=48, trace=300054, class=java.nio.HeapCharBuffer@500000a5)
ARR 5000124d (sz=32, trace=300055, nelems=0, elem type=byte[])
OBJ 5000124e (sz=32, trace=300056, class=java.lang.String@50000036)
OBJ 5000124f (sz=24, trace=300848, class=java.io.File@500000b8)
ARR 50001250 (sz=64, trace=300052, nelems=0, elem type=byte[])
OBJ 50001251 (sz=48, trace=300053, class=java.nio.HeapByteBuffer@50000087)
OBJ 50001252 (sz=48, trace=300054, class=java.nio.HeapCharBuffer@500000a5)
ARR 50001253 (sz=32, trace=300055, nelems=0, elem type=byte[])
OBJ 50001254 (sz=32, trace=300056, class=java.lang.String@50000036)
OBJ 50001256 (sz=64, trace=300850, class=sun.security.provider.NativePRNG$RandomIO@50001255)
	randomIn	5000125a
	urandomIn	50001263
	urandomBuffer	5000126c
	LOCK_GET_BYTES	50001257
	LOCK_GET_SEED	50001258
	LOCK_SET_SEED	50001259
OBJ 50001257 (sz=16, trace=300851, class=java.lang.Object@500000ab)
OBJ 50001258 (sz=16, trace=300852, class=java.lang.Object@500000ab)
OBJ 50001259 (sz=16, trace=300853, class=java.lang.Object@500000ab)
OBJ 5000125a (sz=32, trace=300854, class=java.io.FileInputStream@500000cc)
	fd		5000125d
	closeLock	5000125c
OBJ 5000125b (sz=40, trace=300066, class=java.lang.ref.Finalizer@500000f9)
	referent	5000125a
	queue		500032ae
	next		50000f4e
	prev		50001264
OBJ 5000125c (sz=16, trace=300855, class=java.lang.Object@500000ab)
OBJ 5000125d (sz=24, trace=300856, class=java.io.FileDescriptor@500000d1)
	useCount	5000125e
OBJ 5000125e (sz=16, trace=300486, class=java.util.concurrent.atomic.AtomicInteger@500000d4)
ARR 5000125f (sz=64, trace=300487, nelems=0, elem type=byte[])
OBJ 50001260 (sz=48, trace=300053, class=java.nio.HeapByteBuffer@50000087)
OBJ 50001261 (sz=48, trace=300054, class=java.nio.HeapCharBuffer@500000a5)
ARR 50001262 (sz=32, trace=300055, nelems=0, elem type=byte[])
OBJ 50001263 (sz=32, trace=300857, class=java.io.FileInputStream@500000cc)
	fd		50001266
	closeLock	50001265
OBJ 50001264 (sz=40, trace=300066, class=java.lang.ref.Finalizer@500000f9)
	referent	50001263
	queue		500032ae
	next		5000125b
	prev		50002601
OBJ 50001265 (sz=16, trace=300858, class=java.lang.Object@500000ab)
OBJ 50001266 (sz=24, trace=300859, class=java.io.FileDescriptor@500000d1)
	useCount	50001267
OBJ 50001267 (sz=16, trace=300486, class=java.util.concurrent.atomic.AtomicInteger@500000d4)
ARR 50001268 (sz=64, trace=300487, nelems=0, elem type=byte[])
OBJ 50001269 (sz=48, trace=300053, class=java.nio.HeapByteBuffer@50000087)
OBJ 5000126a (sz=48, trace=300054, class=java.nio.HeapCharBuffer@500000a5)
ARR 5000126b (sz=32, trace=300055, nelems=0, elem type=byte[])
ARR 5000126c (sz=32, trace=300860, nelems=32, elem type=byte[])
OBJ 5000126d (sz=24, trace=300861, class=java.lang.StringBuilder@5000004d)
ARR 5000126e (sz=48, trace=300862, nelems=0, elem type=char[])
ARR 5000126f (sz=88, trace=300030, nelems=0, elem type=char[])
OBJ 50001270 (sz=32, trace=300863, class=java.lang.String@50000036)
ARR 50001271 (sz=64, trace=300864, nelems=0, elem type=char[])
OBJ 50001272 (sz=56, trace=300865, class=java.util.LinkedHashMap@500000e0)
	table		500013c4
	entrySet	5000145f
	header		50001274
ARR 50001273 (sz=80, trace=300866, nelems=0, elem type=java.util.HashMap$Entry[]@50000054)
OBJ 50001274 (sz=40, trace=300867, class=java.util.LinkedHashMap$Entry@500000a3)
	before		50001458
	after		50001275
OBJ 50001275 (sz=40, trace=300868, class=java.util.LinkedHashMap$Entry@500000a3)
	key		50003bf6
	value		50003bf5
	before		50001274
	after		5000127c
OBJ 50001276 (sz=32, trace=300869, class=java.util.Hashtable$Entry@500000fd)
	key		50003bf6
	value		50003bf5
OBJ 50001277 (sz=24, trace=300870, class=java.lang.StringBuilder@5000004d)
ARR 50001278 (sz=48, trace=300871, nelems=0, elem type=char[])
ARR 50001279 (sz=88, trace=300030, nelems=0, elem type=char[])
OBJ 5000127a (sz=32, trace=300872, class=java.lang.String@50000036)
ARR 5000127b (sz=64, trace=300864, nelems=0, elem type=char[])
OBJ 5000127c (sz=40, trace=300868, class=java.util.LinkedHashMap$Entry@500000a3)
	key		50003c10
	value		50003c0f
	before		50001275
	after		50001283
OBJ 5000127d (sz=32, trace=300869, class=java.util.Hashtable$Entry@500000fd)
	key		50003c10
	value		50003c0f
OBJ 5000127e (sz=24, trace=300873, class=java.lang.StringBuilder@5000004d)
ARR 5000127f (sz=48, trace=300874, nelems=0, elem type=char[])
ARR 50001280 (sz=88, trace=300030, nelems=0, elem type=char[])
OBJ 50001281 (sz=32, trace=300875, class=java.lang.String@50000036)
ARR 50001282 (sz=64, trace=300864, nelems=0, elem type=char[])
OBJ 50001283 (sz=40, trace=300868, class=java.util.LinkedHashMap$Entry@500000a3)
	key		50003c14
	value		50003c13
	before		5000127c
	after		5000128a
OBJ 50001284 (sz=32, trace=300869, class=java.util.Hashtable$Entry@500000fd)
	key		50003c14
	value		50003c13
OBJ 50001285 (sz=24, trace=300876, class=java.lang.StringBuilder@5000004d)
ARR 50001286 (sz=48, trace=300877, nelems=0, elem type=char[])
ARR 50001287 (sz=88, trace=300030, nelems=0, elem type=char[])
OBJ 50001288 (sz=32, trace=300878, class=java.lang.String@50000036)
ARR 50001289 (sz=64, trace=300864, nelems=0, elem type=char[])
OBJ 5000128a (sz=40, trace=300868, class=java.util.LinkedHashMap$Entry@500000a3)
	key		50003b8e
	value		50003b8d
	before		50001283
	after		50001291
OBJ 5000128b (sz=32, trace=300869, class=java.util.Hashtable$Entry@500000fd)
	key		50003b8e
	value		50003b8d
OBJ 5000128c (sz=24, trace=300879, class=java.lang.StringBuilder@5000004d)
ARR 5000128d (sz=48, trace=300880, nelems=0, elem type=char[])
ARR 5000128e (sz=88, trace=300030, nelems=0, elem type=char[])
OBJ 5000128f (sz=32, trace=300881, class=java.lang.String@50000036)
ARR 50001290 (sz=64, trace=300864, nelems=0, elem type=char[])
OBJ 50001291 (sz=40, trace=300868, class=java.util.LinkedHashMap$Entry@500000a3)
	key		50003bb1
	value		50003bb0
	before		5000128a
	after		50001299
ARR 50001292 (sz=112, trace=300882, nelems=0, elem type=java.util.Hashtable$Entry[]@500000fe)
OBJ 50001293 (sz=32, trace=300869, class=java.util.Hashtable$Entry@500000fd)
	key		50003bb1
	value		50003bb0
	next		5000123b
OBJ 50001294 (sz=24, trace=300883, class=java.lang.StringBuilder@5000004d)
ARR 50001295 (sz=48, trace=300884, nelems=0, elem type=char[])
ARR 50001296 (sz=88, trace=300030, nelems=0, elem type=char[])
OBJ 50001297 (sz=32, trace=300885, class=java.lang.String@50000036)
ARR 50001298 (sz=64, trace=300864, nelems=0, elem type=char[])
OBJ 50001299 (sz=40, trace=300868, class=java.util.LinkedHashMap$Entry@500000a3)
	key		50003be3
	value		50003bcf
	before		50001291
	after		500012a0
OBJ 5000129a (sz=32, trace=300869, class=java.util.Hashtable$Entry@500000fd)
	key		50003be3
	value		50003bcf
OBJ 5000129b (sz=24, trace=300886, class=java.lang.StringBuilder@5000004d)
ARR 5000129c (sz=48, trace=300887, nelems=0, elem type=char[])
ARR 5000129d (sz=88, trace=300030, nelems=0, elem type=char[])
OBJ 5000129e (sz=32, trace=300888, class=java.lang.String@50000036)
ARR 5000129f (sz=64, trace=300864, nelems=0, elem type=char[])
OBJ 500012a0 (sz=40, trace=300868, class=java.util.LinkedHashMap$Entry@500000a3)
	key		50003bd0
	value		50003bcf
	before		50001299
	after		500012a7
OBJ 500012a1 (sz=32, trace=300869, class=java.util.Hashtable$Entry@500000fd)
	key		50003bd0
	value		50003bcf
OBJ 500012a2 (sz=24, trace=300889, class=java.lang.StringBuilder@5000004d)
ARR 500012a3 (sz=48, trace=300890, nelems=0, elem type=char[])
ARR 500012a4 (sz=88, trace=300030, nelems=0, elem type=char[])
OBJ 500012a5 (sz=32, trace=300891, class=java.lang.String@50000036)
ARR 500012a6 (sz=64, trace=300864, nelems=0, elem type=char[])
OBJ 500012a7 (sz=40, trace=300868, class=java.util.LinkedHashMap$Entry@500000a3)
	key		50003b85
	value		50003ab0
	before		500012a0
	after		500012ae
OBJ 500012a8 (sz=32, trace=300869, class=java.util.Hashtable$Entry@500000fd)
	key		50003b85
	value		50003ab0
OBJ 500012a9 (sz=24, trace=300892, class=java.lang.StringBuilder@5000004d)
ARR 500012aa (sz=48, trace=300893, nelems=0, elem type=char[])
ARR 500012ab (sz=88, trace=300030, nelems=0, elem type=char[])
OBJ 500012ac (sz=32, trace=300894, class=java.lang.String@50000036)
ARR 500012ad (sz=64, trace=300864, nelems=0, elem type=char[])
OBJ 500012ae (sz=40, trace=300868, class=java.util.LinkedHashMap$Entry@500000a3)
	key		50003b6f
	value		50003ab0
	before		500012a7
	after		500012b5
OBJ 500012af (sz=32, trace=300869, class=java.util.Hashtable$Entry@500000fd)
	key		50003b6f
	value		50003ab0
OBJ 500012b0 (sz=24, trace=300895, class=java.lang.StringBuilder@5000004d)
ARR 500012b1 (sz=48, trace=300896, nelems=0, elem type=char[])
ARR 500012b2 (sz=88, trace=300030, nelems=0, elem type=char[])
OBJ 500012b3 (sz=32, trace=300897, class=java.lang.String@50000036)
ARR 500012b4 (sz=64, trace=300864, nelems=0, elem type=char[])
OBJ 500012b5 (sz=40, trace=300868, class=java.util.LinkedHashMap$Entry@500000a3)
	key		50003bc1
	value		50003ab0
	before		500012ae
	after		500012bc
OBJ 500012b6 (sz=32, trace=300869, class=java.util.Hashtable$Entry@500000fd)
	key		50003bc1
	value		50003ab0
	next		5000130c
OBJ 500012b7 (sz=24, trace=300898, class=java.lang.StringBuilder@5000004d)
ARR 500012b8 (sz=48, trace=300899, nelems=0, elem type=char[])
ARR 500012b9 (sz=88, trace=300030, nelems=0, elem type=char[])
OBJ 500012ba (sz=32, trace=300900, class=java.lang.String@50000036)
ARR 500012bb (sz=64, trace=300864, nelems=0, elem type=char[])
OBJ 500012bc (sz=40, trace=300868, class=java.util.LinkedHashMap$Entry@500000a3)
	key		50003b98
	value		50003ab0
	before		500012b5
	after		500012c3
OBJ 500012bd (sz=32, trace=300869, class=java.util.Hashtable$Entry@500000fd)
	key		50003b98
	value		50003ab0
OBJ 500012be (sz=24, trace=300901, class=java.lang.StringBuilder@5000004d)
ARR 500012bf (sz=48, trace=300902, nelems=0, elem type=char[])
ARR 500012c0 (sz=88, trace=300030, nelems=0, elem type=char[])
OBJ 500012c1 (sz=32, trace=300903, class=java.lang.String@50000036)
ARR 500012c2 (sz=64, trace=300864, nelems=0, elem type=char[])
OBJ 500012c3 (sz=40, trace=300868, class=java.util.LinkedHashMap$Entry@500000a3)
	key		50003b6b
	value		50003ab0
	before		500012bc
	after		500012cb
ARR 500012c4 (sz=144, trace=300904, nelems=0, elem type=java.util.HashMap$Entry[]@50000054)
OBJ 500012c5 (sz=32, trace=300869, class=java.util.Hashtable$Entry@500000fd)
	key		50003b6b
	value		50003ab0
	next		500012e2
OBJ 500012c6 (sz=24, trace=300905, class=java.lang.StringBuilder@5000004d)
ARR 500012c7 (sz=48, trace=300906, nelems=0, elem type=char[])
ARR 500012c8 (sz=88, trace=300030, nelems=0, elem type=char[])
OBJ 500012c9 (sz=32, trace=300907, class=java.lang.String@50000036)
ARR 500012ca (sz=64, trace=300864, nelems=0, elem type=char[])
OBJ 500012cb (sz=40, trace=300868, class=java.util.LinkedHashMap$Entry@500000a3)
	key		50003c22
	value		50003ab0
	before		500012c3
	after		500012d2
OBJ 500012cc (sz=32, trace=300869, class=java.util.Hashtable$Entry@500000fd)
	key		50003c22
	value		50003ab0
	next		5000131b
OBJ 500012cd (sz=24, trace=300908, class=java.lang.StringBuilder@5000004d)
ARR 500012ce (sz=48, trace=300909, nelems=0, elem type=char[])
ARR 500012cf (sz=88, trace=300030, nelems=0, elem type=char[])
OBJ 500012d0 (sz=32, trace=300910, class=java.lang.String@50000036)
ARR 500012d1 (sz=64, trace=300864, nelems=0, elem type=char[])
OBJ 500012d2 (sz=40, trace=300868, class=java.util.LinkedHashMap$Entry@500000a3)
	key		50003c28
	value		50003ab0
	before		500012cb
	after		500012da
ARR 500012d3 (sz=208, trace=300882, nelems=0, elem type=java.util.Hashtable$Entry[]@500000fe)
OBJ 500012d4 (sz=32, trace=300869, class=java.util.Hashtable$Entry@500000fd)
	key		50003c28
	value		50003ab0
	next		50001337
OBJ 500012d5 (sz=24, trace=300911, class=java.lang.StringBuilder@5000004d)
ARR 500012d6 (sz=48, trace=300912, nelems=0, elem type=char[])
ARR 500012d7 (sz=88, trace=300030, nelems=0, elem type=char[])
OBJ 500012d8 (sz=32, trace=300913, class=java.lang.String@50000036)
ARR 500012d9 (sz=64, trace=300864, nelems=0, elem type=char[])
OBJ 500012da (sz=40, trace=300868, class=java.util.LinkedHashMap$Entry@500000a3)
	key		50003baa
	value		50003ab0
	next		500012bc
	before		500012d2
	after		500012e1
OBJ 500012db (sz=32, trace=300869, class=java.util.Hashtable$Entry@500000fd)
	key		50003baa
	value		50003ab0
OBJ 500012dc (sz=24, trace=300914, class=java.lang.StringBuilder@5000004d)
ARR 500012dd (sz=48, trace=300915, nelems=0, elem type=char[])
ARR 500012de (sz=88, trace=300030, nelems=0, elem type=char[])
OBJ 500012df (sz=32, trace=300916, class=java.lang.String@50000036)
ARR 500012e0 (sz=64, trace=300864, nelems=0, elem type=char[])
OBJ 500012e1 (sz=40, trace=300868, class=java.util.LinkedHashMap$Entry@500000a3)
	key		50003b6d
	value		50003ab0
	before		500012da
	after		500012e8
OBJ 500012e2 (sz=32, trace=300869, class=java.util.Hashtable$Entry@500000fd)
	key		50003b6d
	value		50003ab0
OBJ 500012e3 (sz=24, trace=300917, class=java.lang.StringBuilder@5000004d)
ARR 500012e4 (sz=48, trace=300918, nelems=0, elem type=char[])
ARR 500012e5 (sz=88, trace=300030, nelems=0, elem type=char[])
OBJ 500012e6 (sz=32, trace=300919, class=java.lang.String@50000036)
ARR 500012e7 (sz=64, trace=300864, nelems=0, elem type=char[])
OBJ 500012e8 (sz=40, trace=300868, class=java.util.LinkedHashMap$Entry@500000a3)
	key		50003c05
	value		50003ab0
	before		500012e1
	after		500012ef
OBJ 500012e9 (sz=32, trace=300869, class=java.util.Hashtable$Entry@500000fd)
	key		50003c05
	value		50003ab0
OBJ 500012ea (sz=24, trace=300920, class=java.lang.StringBuilder@5000004d)
ARR 500012eb (sz=48, trace=300921, nelems=0, elem type=char[])
ARR 500012ec (sz=88, trace=300030, nelems=0, elem type=char[])
OBJ 500012ed (sz=32, trace=300922, class=java.lang.String@50000036)
ARR 500012ee (sz=64, trace=300864, nelems=0, elem type=char[])
OBJ 500012ef (sz=40, trace=300868, class=java.util.LinkedHashMap$Entry@500000a3)
	key		50003bdb
	value		50003ab0
	before		500012e8
	after		500012f6
OBJ 500012f0 (sz=32, trace=300869, class=java.util.Hashtable$Entry@500000fd)
	key		50003bdb
	value		50003ab0
OBJ 500012f1 (sz=24, trace=300923, class=java.lang.StringBuilder@5000004d)
ARR 500012f2 (sz=48, trace=300924, nelems=0, elem type=char[])
ARR 500012f3 (sz=88, trace=300030, nelems=0, elem type=char[])
OBJ 500012f4 (sz=32, trace=300925, class=java.lang.String@50000036)
ARR 500012f5 (sz=64, trace=300864, nelems=0, elem type=char[])
OBJ 500012f6 (sz=40, trace=300868, class=java.util.LinkedHashMap$Entry@500000a3)
	key		50003c1a
	value		50003c19
	before		500012ef
	after		500012fd
OBJ 500012f7 (sz=32, trace=300869, class=java.util.Hashtable$Entry@500000fd)
	key		50003c1a
	value		50003c19
	next		5000140b
OBJ 500012f8 (sz=24, trace=300926, class=java.lang.StringBuilder@5000004d)
ARR 500012f9 (sz=48, trace=300927, nelems=0, elem type=char[])
ARR 500012fa (sz=88, trace=300030, nelems=0, elem type=char[])
OBJ 500012fb (sz=32, trace=300928, class=java.lang.String@50000036)
ARR 500012fc (sz=64, trace=300864, nelems=0, elem type=char[])
OBJ 500012fd (sz=40, trace=300868, class=java.util.LinkedHashMap$Entry@500000a3)
	key		50003c2e
	value		50003aac
	next		500012c3
	before		500012f6
	after		50001304
OBJ 500012fe (sz=32, trace=300869, class=java.util.Hashtable$Entry@500000fd)
	key		50003c2e
	value		50003aac
OBJ 500012ff (sz=24, trace=300929, class=java.lang.StringBuilder@5000004d)
ARR 50001300 (sz=48, trace=300930, nelems=0, elem type=char[])
ARR 50001301 (sz=88, trace=300030, nelems=0, elem type=char[])
OBJ 50001302 (sz=32, trace=300931, class=java.lang.String@50000036)
ARR 50001303 (sz=64, trace=300864, nelems=0, elem type=char[])
OBJ 50001304 (sz=40, trace=300868, class=java.util.LinkedHashMap$Entry@500000a3)
	key		50003c20
	value		50003aac
	before		500012fd
	after		5000130b
OBJ 50001305 (sz=32, trace=300869, class=java.util.Hashtable$Entry@500000fd)
	key		50003c20
	value		50003aac
OBJ 50001306 (sz=24, trace=300932, class=java.lang.StringBuilder@5000004d)
ARR 50001307 (sz=48, trace=300933, nelems=0, elem type=char[])
ARR 50001308 (sz=88, trace=300030, nelems=0, elem type=char[])
OBJ 50001309 (sz=32, trace=300934, class=java.lang.String@50000036)
ARR 5000130a (sz=64, trace=300864, nelems=0, elem type=char[])
OBJ 5000130b (sz=40, trace=300868, class=java.util.LinkedHashMap$Entry@500000a3)
	key		50003bc3
	value		50003aac
	before		50001304
	after		50001312
OBJ 5000130c (sz=32, trace=300869, class=java.util.Hashtable$Entry@500000fd)
	key		50003bc3
	value		50003aac
	next		5000133e
OBJ 5000130d (sz=24, trace=300935, class=java.lang.StringBuilder@5000004d)
ARR 5000130e (sz=48, trace=300936, nelems=0, elem type=char[])
ARR 5000130f (sz=88, trace=300030, nelems=0, elem type=char[])
OBJ 50001310 (sz=32, trace=300937, class=java.lang.String@50000036)
ARR 50001311 (sz=64, trace=300864, nelems=0, elem type=char[])
OBJ 50001312 (sz=40, trace=300868, class=java.util.LinkedHashMap$Entry@500000a3)
	key		50003c31
	value		50003c30
	before		5000130b
	after		50001319
OBJ 50001313 (sz=32, trace=300869, class=java.util.Hashtable$Entry@500000fd)
	key		50003c31
	value		50003c30
OBJ 50001314 (sz=24, trace=300938, class=java.lang.StringBuilder@5000004d)
ARR 50001315 (sz=48, trace=300939, nelems=0, elem type=char[])
ARR 50001316 (sz=88, trace=300030, nelems=0, elem type=char[])
OBJ 50001317 (sz=32, trace=300940, class=java.lang.String@50000036)
ARR 50001318 (sz=64, trace=300864, nelems=0, elem type=char[])
OBJ 50001319 (sz=40, trace=300868, class=java.util.LinkedHashMap$Entry@500000a3)
	key		50003c25
	value		50003c24
	before		50001312
	after		50001321
ARR 5000131a (sz=272, trace=300904, nelems=0, elem type=java.util.HashMap$Entry[]@50000054)
OBJ 5000131b (sz=32, trace=300869, class=java.util.Hashtable$Entry@500000fd)
	key		50003c25
	value		50003c24
	next		500012d4
OBJ 5000131c (sz=24, trace=300941, class=java.lang.StringBuilder@5000004d)
ARR 5000131d (sz=48, trace=300942, nelems=0, elem type=char[])
ARR 5000131e (sz=88, trace=300030, nelems=0, elem type=char[])
OBJ 5000131f (sz=32, trace=300943, class=java.lang.String@50000036)
ARR 50001320 (sz=64, trace=300864, nelems=0, elem type=char[])
OBJ 50001321 (sz=40, trace=300868, class=java.util.LinkedHashMap$Entry@500000a3)
	key		50003b7c
	value		50003b7b
	before		50001319
	after		50001328
OBJ 50001322 (sz=32, trace=300869, class=java.util.Hashtable$Entry@500000fd)
	key		50003b7c
	value		50003b7b
OBJ 50001323 (sz=24, trace=300944, class=java.lang.StringBuilder@5000004d)
ARR 50001324 (sz=48, trace=300945, nelems=0, elem type=char[])
ARR 50001325 (sz=88, trace=300030, nelems=0, elem type=char[])
OBJ 50001326 (sz=32, trace=300946, class=java.lang.String@50000036)
ARR 50001327 (sz=64, trace=300864, nelems=0, elem type=char[])
OBJ 50001328 (sz=40, trace=300868, class=java.util.LinkedHashMap$Entry@500000a3)
	key		50003b79
	value		50003aa4
	before		50001321
	after		5000132f
OBJ 50001329 (sz=32, trace=300869, class=java.util.Hashtable$Entry@500000fd)
	key		50003b79
	value		50003aa4
	next		50001322
OBJ 5000132a (sz=24, trace=300947, class=java.lang.StringBuilder@5000004d)
ARR 5000132b (sz=48, trace=300948, nelems=0, elem type=char[])
ARR 5000132c (sz=88, trace=300030, nelems=0, elem type=char[])
OBJ 5000132d (sz=32, trace=300949, class=java.lang.String@50000036)
ARR 5000132e (sz=64, trace=300864, nelems=0, elem type=char[])
OBJ 5000132f (sz=40, trace=300868, class=java.util.LinkedHashMap$Entry@500000a3)
	key		50003c0b
	value		50003aa4
	before		50001328
	after		50001336
OBJ 50001330 (sz=32, trace=300869, class=java.util.Hashtable$Entry@500000fd)
	key		50003c0b
	value		50003aa4
OBJ 50001331 (sz=24, trace=300950, class=java.lang.StringBuilder@5000004d)
ARR 50001332 (sz=48, trace=300951, nelems=0, elem type=char[])
ARR 50001333 (sz=88, trace=300030, nelems=0, elem type=char[])
OBJ 50001334 (sz=32, trace=300952, class=java.lang.String@50000036)
ARR 50001335 (sz=64, trace=300864, nelems=0, elem type=char[])
OBJ 50001336 (sz=40, trace=300868, class=java.util.LinkedHashMap$Entry@500000a3)
	key		50003c2b
	value		50003c2a
	before		5000132f
	after		5000133d
OBJ 50001337 (sz=32, trace=300869, class=java.util.Hashtable$Entry@500000fd)
	key		50003c2b
	value		50003c2a
OBJ 50001338 (sz=24, trace=300953, class=java.lang.StringBuilder@5000004d)
ARR 50001339 (sz=48, trace=300954, nelems=0, elem type=char[])
ARR 5000133a (sz=88, trace=300030, nelems=0, elem type=char[])
OBJ 5000133b (sz=32, trace=300955, class=java.lang.String@50000036)
ARR 5000133c (sz=64, trace=300864, nelems=0, elem type=char[])
OBJ 5000133d (sz=40, trace=300868, class=java.util.LinkedHashMap$Entry@500000a3)
	key		50003bc6
	value		50003bc5
	before		50001336
	after		50001344
OBJ 5000133e (sz=32, trace=300869, class=java.util.Hashtable$Entry@500000fd)
	key		50003bc6
	value		50003bc5
OBJ 5000133f (sz=24, trace=300956, class=java.lang.StringBuilder@5000004d)
ARR 50001340 (sz=48, trace=300957, nelems=0, elem type=char[])
ARR 50001341 (sz=88, trace=300030, nelems=0, elem type=char[])
OBJ 50001342 (sz=32, trace=300958, class=java.lang.String@50000036)
ARR 50001343 (sz=64, trace=300864, nelems=0, elem type=char[])
OBJ 50001344 (sz=40, trace=300868, class=java.util.LinkedHashMap$Entry@500000a3)
	key		50003bd4
	value		50003bd3
	before		5000133d
	after		5000134b
OBJ 50001345 (sz=32, trace=300869, class=java.util.Hashtable$Entry@500000fd)
	key		50003bd4
	value		50003bd3
OBJ 50001346 (sz=24, trace=300959, class=java.lang.StringBuilder@5000004d)
ARR 50001347 (sz=48, trace=300960, nelems=0, elem type=char[])
ARR 50001348 (sz=88, trace=300030, nelems=0, elem type=char[])
OBJ 50001349 (sz=32, trace=300961, class=java.lang.String@50000036)
ARR 5000134a (sz=64, trace=300864, nelems=0, elem type=char[])
OBJ 5000134b (sz=40, trace=300868, class=java.util.LinkedHashMap$Entry@500000a3)
	key		50003bcc
	value		50003bcb
	before		50001344
	after		50001352
OBJ 5000134c (sz=32, trace=300869, class=java.util.Hashtable$Entry@500000fd)
	key		50003bcc
	value		50003bcb
OBJ 5000134d (sz=24, trace=300962, class=java.lang.StringBuilder@5000004d)
ARR 5000134e (sz=48, trace=300963, nelems=0, elem type=char[])
ARR 5000134f (sz=88, trace=300030, nelems=0, elem type=char[])
OBJ 50001350 (sz=32, trace=300964, class=java.lang.String@50000036)
ARR 50001351 (sz=64, trace=300864, nelems=0, elem type=char[])
OBJ 50001352 (sz=40, trace=300868, class=java.util.LinkedHashMap$Entry@500000a3)
	key		50003be0
	value		50003bdf
	before		5000134b
	after		5000135a
ARR 50001353 (sz=400, trace=300882, nelems=0, elem type=java.util.Hashtable$Entry[]@500000fe)
OBJ 50001354 (sz=32, trace=300869, class=java.util.Hashtable$Entry@500000fd)
	key		50003be0
	value		50003bdf
OBJ 50001355 (sz=24, trace=300965, class=java.lang.StringBuilder@5000004d)
ARR 50001356 (sz=48, trace=300966, nelems=0, elem type=char[])
ARR 50001357 (sz=88, trace=300030, nelems=0, elem type=char[])
OBJ 50001358 (sz=32, trace=300967, class=java.lang.String@50000036)
ARR 50001359 (sz=64, trace=300864, nelems=0, elem type=char[])
OBJ 5000135a (sz=40, trace=300868, class=java.util.LinkedHashMap$Entry@500000a3)
	key		50003bbf
	value		50003aac
	before		50001352
	after		50001361
OBJ 5000135b (sz=32, trace=300869, class=java.util.Hashtable$Entry@500000fd)
	key		50003bbf
	value		50003aac
	next		500012b6
OBJ 5000135c (sz=24, trace=300968, class=java.lang.StringBuilder@5000004d)
ARR 5000135d (sz=48, trace=300969, nelems=0, elem type=char[])
ARR 5000135e (sz=88, trace=300030, nelems=0, elem type=char[])
OBJ 5000135f (sz=32, trace=300970, class=java.lang.String@50000036)
ARR 50001360 (sz=64, trace=300864, nelems=0, elem type=char[])
OBJ 50001361 (sz=40, trace=300868, class=java.util.LinkedHashMap$Entry@500000a3)
	key		50003bb5
	value		50003aac
	before		5000135a
	after		50001368
OBJ 50001362 (sz=32, trace=300869, class=java.util.Hashtable$Entry@500000fd)
	key		50003bb5
	value		50003aac
OBJ 50001363 (sz=24, trace=300971, class=java.lang.StringBuilder@5000004d)
ARR 50001364 (sz=48, trace=300972, nelems=0, elem type=char[])
ARR 50001365 (sz=88, trace=300030, nelems=0, elem type=char[])
OBJ 50001366 (sz=32, trace=300973, class=java.lang.String@50000036)
ARR 50001367 (sz=64, trace=300864, nelems=0, elem type=char[])
OBJ 50001368 (sz=40, trace=300868, class=java.util.LinkedHashMap$Entry@500000a3)
	key		50003ba1
	value		50003ba0
	before		50001361
	after		5000136f
OBJ 50001369 (sz=32, trace=300869, class=java.util.Hashtable$Entry@500000fd)
	key		50003ba1
	value		50003ba0
	next		5000143c
OBJ 5000136a (sz=24, trace=300974, class=java.lang.StringBuilder@5000004d)
ARR 5000136b (sz=48, trace=300975, nelems=0, elem type=char[])
ARR 5000136c (sz=88, trace=300030, nelems=0, elem type=char[])
OBJ 5000136d (sz=32, trace=300976, class=java.lang.String@50000036)
ARR 5000136e (sz=64, trace=300864, nelems=0, elem type=char[])
OBJ 5000136f (sz=40, trace=300868, class=java.util.LinkedHashMap$Entry@500000a3)
	key		50003c17
	value		50003aac
	before		50001368
	after		50001376
OBJ 50001370 (sz=32, trace=300869, class=java.util.Hashtable$Entry@500000fd)
	key		50003c17
	value		50003aac
OBJ 50001371 (sz=24, trace=300977, class=java.lang.StringBuilder@5000004d)
ARR 50001372 (sz=48, trace=300978, nelems=0, elem type=char[])
ARR 50001373 (sz=88, trace=300030, nelems=0, elem type=char[])
OBJ 50001374 (sz=32, trace=300979, class=java.lang.String@50000036)
ARR 50001375 (sz=64, trace=300864, nelems=0, elem type=char[])
OBJ 50001376 (sz=40, trace=300868, class=java.util.LinkedHashMap$Entry@500000a3)
	key		50003bac
	value		50003aac
	before		5000136f
	after		5000137d
OBJ 50001377 (sz=32, trace=300869, class=java.util.Hashtable$Entry@500000fd)
	key		50003bac
	value		50003aac
OBJ 50001378 (sz=24, trace=300980, class=java.lang.StringBuilder@5000004d)
ARR 50001379 (sz=48, trace=300981, nelems=0, elem type=char[])
ARR 5000137a (sz=88, trace=300030, nelems=0, elem type=char[])
OBJ 5000137b (sz=32, trace=300982, class=java.lang.String@50000036)
ARR 5000137c (sz=64, trace=300864, nelems=0, elem type=char[])
OBJ 5000137d (sz=40, trace=300868, class=java.util.LinkedHashMap$Entry@500000a3)
	key		50003bf2
	value		50003bf1
	before		50001376
	after		50001384
OBJ 5000137e (sz=32, trace=300869, class=java.util.Hashtable$Entry@500000fd)
	key		50003bf2
	value		50003bf1
OBJ 5000137f (sz=24, trace=300983, class=java.lang.StringBuilder@5000004d)
ARR 50001380 (sz=48, trace=300984, nelems=0, elem type=char[])
ARR 50001381 (sz=88, trace=300030, nelems=0, elem type=char[])
OBJ 50001382 (sz=32, trace=300985, class=java.lang.String@50000036)
ARR 50001383 (sz=64, trace=300864, nelems=0, elem type=char[])
OBJ 50001384 (sz=40, trace=300868, class=java.util.LinkedHashMap$Entry@500000a3)
	key		50003b91
	value		50003a14
	next		50001291
	before		5000137d
	after		5000138b
OBJ 50001385 (sz=32, trace=300869, class=java.util.Hashtable$Entry@500000fd)
	key		50003b91
	value		50003a14
OBJ 50001386 (sz=24, trace=300986, class=java.lang.StringBuilder@5000004d)
ARR 50001387 (sz=48, trace=300987, nelems=0, elem type=char[])
ARR 50001388 (sz=88, trace=300030, nelems=0, elem type=char[])
OBJ 50001389 (sz=32, trace=300988, class=java.lang.String@50000036)
ARR 5000138a (sz=64, trace=300864, nelems=0, elem type=char[])
OBJ 5000138b (sz=40, trace=300868, class=java.util.LinkedHashMap$Entry@500000a3)
	key		50003b76
	value		50003b75
	before		50001384
	after		50001392
OBJ 5000138c (sz=32, trace=300869, class=java.util.Hashtable$Entry@500000fd)
	key		50003b76
	value		50003b75
OBJ 5000138d (sz=24, trace=300989, class=java.lang.StringBuilder@5000004d)
ARR 5000138e (sz=48, trace=300990, nelems=0, elem type=char[])
ARR 5000138f (sz=88, trace=300030, nelems=0, elem type=char[])
OBJ 50001390 (sz=32, trace=300991, class=java.lang.String@50000036)
ARR 50001391 (sz=64, trace=300864, nelems=0, elem type=char[])
OBJ 50001392 (sz=40, trace=300868, class=java.util.LinkedHashMap$Entry@500000a3)
	key		50003b80
	value		50003b7f
	next		50001361
	before		5000138b
	after		50001399
OBJ 50001393 (sz=32, trace=300869, class=java.util.Hashtable$Entry@500000fd)
	key		50003b80
	value		50003b7f
OBJ 50001394 (sz=24, trace=300992, class=java.lang.StringBuilder@5000004d)
ARR 50001395 (sz=48, trace=300993, nelems=0, elem type=char[])
ARR 50001396 (sz=88, trace=300030, nelems=0, elem type=char[])
OBJ 50001397 (sz=32, trace=300994, class=java.lang.String@50000036)
ARR 50001398 (sz=64, trace=300864, nelems=0, elem type=char[])
OBJ 50001399 (sz=40, trace=300868, class=java.util.LinkedHashMap$Entry@500000a3)
	key		50003bbc
	value		50003bbb
	before		50001392
	after		500013a0
OBJ 5000139a (sz=32, trace=300869, class=java.util.Hashtable$Entry@500000fd)
	key		50003bbc
	value		50003bbb
OBJ 5000139b (sz=24, trace=300995, class=java.lang.StringBuilder@5000004d)
ARR 5000139c (sz=48, trace=300996, nelems=0, elem type=char[])
ARR 5000139d (sz=88, trace=300030, nelems=0, elem type=char[])
OBJ 5000139e (sz=32, trace=300997, class=java.lang.String@50000036)
ARR 5000139f (sz=64, trace=300864, nelems=0, elem type=char[])
OBJ 500013a0 (sz=40, trace=300868, class=java.util.LinkedHashMap$Entry@500000a3)
	key		50003ba7
	value		50003ba6
	before		50001399
	after		500013a7
OBJ 500013a1 (sz=32, trace=300869, class=java.util.Hashtable$Entry@500000fd)
	key		50003ba7
	value		50003ba6
	next		500012db
OBJ 500013a2 (sz=24, trace=300998, class=java.lang.StringBuilder@5000004d)
ARR 500013a3 (sz=48, trace=300999, nelems=0, elem type=char[])
ARR 500013a4 (sz=88, trace=300030, nelems=0, elem type=char[])
OBJ 500013a5 (sz=32, trace=301000, class=java.lang.String@50000036)
ARR 500013a6 (sz=64, trace=300864, nelems=0, elem type=char[])
OBJ 500013a7 (sz=40, trace=300868, class=java.util.LinkedHashMap$Entry@500000a3)
	key		50003bd8
	value		50003bd7
	before		500013a0
	after		500013ae
OBJ 500013a8 (sz=32, trace=300869, class=java.util.Hashtable$Entry@500000fd)
	key		50003bd8
	value		50003bd7
OBJ 500013a9 (sz=24, trace=301001, class=java.lang.StringBuilder@5000004d)
ARR 500013aa (sz=48, trace=301002, nelems=0, elem type=char[])
ARR 500013ab (sz=88, trace=300030, nelems=0, elem type=char[])
OBJ 500013ac (sz=32, trace=301003, class=java.lang.String@50000036)
ARR 500013ad (sz=64, trace=300864, nelems=0, elem type=char[])
OBJ 500013ae (sz=40, trace=300868, class=java.util.LinkedHashMap$Entry@500000a3)
	key		50003bb8
	value		50003bb7
	before		500013a7
	after		500013b5
OBJ 500013af (sz=32, trace=300869, class=java.util.Hashtable$Entry@500000fd)
	key		50003bb8
	value		50003bb7
OBJ 500013b0 (sz=24, trace=301004, class=java.lang.StringBuilder@5000004d)
ARR 500013b1 (sz=48, trace=301005, nelems=0, elem type=char[])
ARR 500013b2 (sz=88, trace=300030, nelems=0, elem type=char[])
OBJ 500013b3 (sz=32, trace=301006, class=java.lang.String@50000036)
ARR 500013b4 (sz=64, trace=300864, nelems=0, elem type=char[])
OBJ 500013b5 (sz=40, trace=300868, class=java.util.LinkedHashMap$Entry@500000a3)
	key		50003c08
	value		50003c07
	before		500013ae
	after		500013bc
OBJ 500013b6 (sz=32, trace=300869, class=java.util.Hashtable$Entry@500000fd)
	key		50003c08
	value		50003c07
OBJ 500013b7 (sz=24, trace=301007, class=java.lang.StringBuilder@5000004d)
ARR 500013b8 (sz=48, trace=301008, nelems=0, elem type=char[])
ARR 500013b9 (sz=88, trace=300030, nelems=0, elem type=char[])
OBJ 500013ba (sz=32, trace=301009, class=java.lang.String@50000036)
ARR 500013bb (sz=64, trace=300864, nelems=0, elem type=char[])
OBJ 500013bc (sz=40, trace=300868, class=java.util.LinkedHashMap$Entry@500000a3)
	key		50003c01
	value		50003bb7
	next		50001384
	before		500013b5
	after		500013c3
OBJ 500013bd (sz=32, trace=300869, class=java.util.Hashtable$Entry@500000fd)
	key		50003c01
	value		50003bb7
OBJ 500013be (sz=24, trace=301010, class=java.lang.StringBuilder@5000004d)
ARR 500013bf (sz=48, trace=301011, nelems=0, elem type=char[])
ARR 500013c0 (sz=88, trace=300030, nelems=0, elem type=char[])
OBJ 500013c1 (sz=32, trace=301012, class=java.lang.String@50000036)
ARR 500013c2 (sz=64, trace=300864, nelems=0, elem type=char[])
OBJ 500013c3 (sz=40, trace=300868, class=java.util.LinkedHashMap$Entry@500000a3)
	key		50003bee
	value		50003bed
	before		500013bc
	after		500013cb
ARR 500013c4 (sz=528, trace=300904, nelems=127, elem type=java.util.HashMap$Entry[]@50000054)
	[4]		50001352
	[5]		50001275
	[6]		500013a7
	[7]		5000140a
	[9]		50001458
	[10]		500012e8
	[13]		50001376
	[15]		50001411
	[16]		500013c3
	[17]		50001304
	[18]		500013d9
	[21]		500013a0
	[24]		500013b5
	[27]		500012f6
	[35]		500013fc
	[36]		50001336
	[38]		50001426
	[40]		500013cb
	[43]		500013f5
	[46]		50001403
	[47]		50001321
	[50]		500013e0
	[51]		50001434
	[53]		50001328
	[59]		50001449
	[61]		500012e1
	[62]		50001368
	[64]		500012a7
	[66]		500013d2
	[81]		5000128a
	[83]		50001442
	[87]		500012fd
	[89]		50001312
	[90]		50001319
	[94]		500012da
	[96]		5000133d
	[98]		500012a0
	[99]		500012ef
	[100]		5000127c
	[103]		50001344
	[107]		5000141f
	[109]		50001283
	[115]		500013bc
	[117]		5000142d
	[119]		500012d2
	[120]		500013e7
	[121]		500012cb
	[122]		5000143b
	[123]		5000137d
	[125]		50001299
	[126]		50001392
OBJ 500013c5 (sz=32, trace=300869, class=java.util.Hashtable$Entry@500000fd)
	key		50003bee
	value		50003bed
OBJ 500013c6 (sz=24, trace=301013, class=java.lang.StringBuilder@5000004d)
ARR 500013c7 (sz=48, trace=301014, nelems=0, elem type=char[])
ARR 500013c8 (sz=88, trace=300030, nelems=0, elem type=char[])
OBJ 500013c9 (sz=32, trace=301015, class=java.lang.String@50000036)
ARR 500013ca (sz=64, trace=300864, nelems=0, elem type=char[])
OBJ 500013cb (sz=40, trace=300868, class=java.util.LinkedHashMap$Entry@500000a3)
	key		50003bfa
	value		50003bf9
	next		5000130b
	before		500013c3
	after		500013d2
OBJ 500013cc (sz=32, trace=300869, class=java.util.Hashtable$Entry@500000fd)
	key		50003bfa
	value		50003bf9
OBJ 500013cd (sz=24, trace=301016, class=java.lang.StringBuilder@5000004d)
ARR 500013ce (sz=48, trace=301017, nelems=0, elem type=char[])
ARR 500013cf (sz=88, trace=300030, nelems=0, elem type=char[])
OBJ 500013d0 (sz=32, trace=301018, class=java.lang.String@50000036)
ARR 500013d1 (sz=64, trace=300864, nelems=0, elem type=char[])
OBJ 500013d2 (sz=40, trace=300868, class=java.util.LinkedHashMap$Entry@500000a3)
	key		50003be6
	value		50003be5
	next		5000132f
	before		500013cb
	after		500013d9
OBJ 500013d3 (sz=32, trace=300869, class=java.util.Hashtable$Entry@500000fd)
	key		50003be6
	value		50003be5
OBJ 500013d4 (sz=24, trace=301019, class=java.lang.StringBuilder@5000004d)
ARR 500013d5 (sz=48, trace=301020, nelems=0, elem type=char[])
ARR 500013d6 (sz=88, trace=300030, nelems=0, elem type=char[])
OBJ 500013d7 (sz=32, trace=301021, class=java.lang.String@50000036)
ARR 500013d8 (sz=64, trace=300864, nelems=0, elem type=char[])
OBJ 500013d9 (sz=40, trace=300868, class=java.util.LinkedHashMap$Entry@500000a3)
	key		50003b94
	value		50003b93
	before		500013d2
	after		500013e0
OBJ 500013da (sz=32, trace=300869, class=java.util.Hashtable$Entry@500000fd)
	key		50003b94
	value		50003b93
OBJ 500013db (sz=24, trace=301022, class=java.lang.StringBuilder@5000004d)
ARR 500013dc (sz=48, trace=301023, nelems=0, elem type=char[])
ARR 500013dd (sz=88, trace=300030, nelems=0, elem type=char[])
OBJ 500013de (sz=32, trace=301024, class=java.lang.String@50000036)
ARR 500013df (sz=64, trace=300864, nelems=0, elem type=char[])
OBJ 500013e0 (sz=40, trace=300868, class=java.util.LinkedHashMap$Entry@500000a3)
	key		50003b9d
	value		50003b9c
	next		5000135a
	before		500013d9
	after		500013e7
OBJ 500013e1 (sz=32, trace=300869, class=java.util.Hashtable$Entry@500000fd)
	key		50003b9d
	value		50003b9c
OBJ 500013e2 (sz=24, trace=301025, class=java.lang.StringBuilder@5000004d)
ARR 500013e3 (sz=48, trace=301026, nelems=0, elem type=char[])
ARR 500013e4 (sz=88, trace=300030, nelems=0, elem type=char[])
OBJ 500013e5 (sz=32, trace=301027, class=java.lang.String@50000036)
ARR 500013e6 (sz=64, trace=300864, nelems=0, elem type=char[])
OBJ 500013e7 (sz=40, trace=300868, class=java.util.LinkedHashMap$Entry@500000a3)
	key		50003beb
	value		50003b9c
	next		5000136f
	before		500013e0
	after		500013ee
OBJ 500013e8 (sz=32, trace=300869, class=java.util.Hashtable$Entry@500000fd)
	key		50003beb
	value		50003b9c
OBJ 500013e9 (sz=24, trace=301028, class=java.lang.StringBuilder@5000004d)
ARR 500013ea (sz=48, trace=301029, nelems=0, elem type=char[])
ARR 500013eb (sz=88, trace=300030, nelems=0, elem type=char[])
OBJ 500013ec (sz=32, trace=301030, class=java.lang.String@50000036)
ARR 500013ed (sz=64, trace=300864, nelems=0, elem type=char[])
OBJ 500013ee (sz=40, trace=300868, class=java.util.LinkedHashMap$Entry@500000a3)
	key		50003c0d
	value		50003b9c
	next		500012b5
	before		500013e7
	after		500013f5
OBJ 500013ef (sz=32, trace=300869, class=java.util.Hashtable$Entry@500000fd)
	key		50003c0d
	value		50003b9c
OBJ 500013f0 (sz=24, trace=301031, class=java.lang.StringBuilder@5000004d)
ARR 500013f1 (sz=48, trace=301032, nelems=0, elem type=char[])
ARR 500013f2 (sz=88, trace=300030, nelems=0, elem type=char[])
OBJ 500013f3 (sz=32, trace=301033, class=java.lang.String@50000036)
ARR 500013f4 (sz=64, trace=300864, nelems=0, elem type=char[])
OBJ 500013f5 (sz=40, trace=300868, class=java.util.LinkedHashMap$Entry@500000a3)
	key		50003bc9
	value		50003b71
	before		500013ee
	after		500013fc
OBJ 500013f6 (sz=32, trace=300869, class=java.util.Hashtable$Entry@500000fd)
	key		50003bc9
	value		50003b71
OBJ 500013f7 (sz=24, trace=301034, class=java.lang.StringBuilder@5000004d)
ARR 500013f8 (sz=48, trace=301035, nelems=0, elem type=char[])
ARR 500013f9 (sz=88, trace=300030, nelems=0, elem type=char[])
OBJ 500013fa (sz=32, trace=301036, class=java.lang.String@50000036)
ARR 500013fb (sz=64, trace=300864, nelems=0, elem type=char[])
OBJ 500013fc (sz=40, trace=300868, class=java.util.LinkedHashMap$Entry@500000a3)
	key		50003bff
	value		50003b71
	before		500013f5
	after		50001403
OBJ 500013fd (sz=32, trace=300869, class=java.util.Hashtable$Entry@500000fd)
	key		50003bff
	value		50003b71
OBJ 500013fe (sz=24, trace=301037, class=java.lang.StringBuilder@5000004d)
ARR 500013ff (sz=48, trace=301038, nelems=0, elem type=char[])
ARR 50001400 (sz=88, trace=300030, nelems=0, elem type=char[])
OBJ 50001401 (sz=32, trace=301039, class=java.lang.String@50000036)
ARR 50001402 (sz=64, trace=300864, nelems=0, elem type=char[])
OBJ 50001403 (sz=40, trace=300868, class=java.util.LinkedHashMap$Entry@500000a3)
	key		50003bae
	value		50003b71
	next		5000138b
	before		500013fc
	after		5000140a
OBJ 50001404 (sz=32, trace=300869, class=java.util.Hashtable$Entry@500000fd)
	key		50003bae
	value		50003b71
OBJ 50001405 (sz=24, trace=301040, class=java.lang.StringBuilder@5000004d)
ARR 50001406 (sz=48, trace=301041, nelems=0, elem type=char[])
ARR 50001407 (sz=88, trace=300030, nelems=0, elem type=char[])
OBJ 50001408 (sz=32, trace=301042, class=java.lang.String@50000036)
ARR 50001409 (sz=64, trace=300864, nelems=0, elem type=char[])
OBJ 5000140a (sz=40, trace=300868, class=java.util.LinkedHashMap$Entry@500000a3)
	key		50003c1d
	value		50003b71
	next		50001399
	before		50001403
	after		50001411
OBJ 5000140b (sz=32, trace=300869, class=java.util.Hashtable$Entry@500000fd)
	key		50003c1d
	value		50003b71
OBJ 5000140c (sz=24, trace=301043, class=java.lang.StringBuilder@5000004d)
ARR 5000140d (sz=48, trace=301044, nelems=0, elem type=char[])
ARR 5000140e (sz=88, trace=300030, nelems=0, elem type=char[])
OBJ 5000140f (sz=32, trace=301045, class=java.lang.String@50000036)
ARR 50001410 (sz=64, trace=300864, nelems=0, elem type=char[])
OBJ 50001411 (sz=40, trace=300868, class=java.util.LinkedHashMap$Entry@500000a3)
	key		50003be9
	value		50003b71
	before		5000140a
	after		50001418
OBJ 50001412 (sz=32, trace=300869, class=java.util.Hashtable$Entry@500000fd)
	key		50003be9
	value		50003b71
OBJ 50001413 (sz=24, trace=301046, class=java.lang.StringBuilder@5000004d)
ARR 50001414 (sz=48, trace=301047, nelems=0, elem type=char[])
ARR 50001415 (sz=88, trace=300030, nelems=0, elem type=char[])
OBJ 50001416 (sz=32, trace=301048, class=java.lang.String@50000036)
ARR 50001417 (sz=64, trace=300864, nelems=0, elem type=char[])
OBJ 50001418 (sz=40, trace=300868, class=java.util.LinkedHashMap$Entry@500000a3)
	key		50003b8b
	value		50003b71
	before		50001411
	after		5000141f
OBJ 50001419 (sz=32, trace=300869, class=java.util.Hashtable$Entry@500000fd)
	key		50003b8b
	value		50003b71
OBJ 5000141a (sz=24, trace=301049, class=java.lang.StringBuilder@5000004d)
ARR 5000141b (sz=48, trace=301050, nelems=0, elem type=char[])
ARR 5000141c (sz=88, trace=300030, nelems=0, elem type=char[])
OBJ 5000141d (sz=32, trace=301051, class=java.lang.String@50000036)
ARR 5000141e (sz=64, trace=300864, nelems=0, elem type=char[])
OBJ 5000141f (sz=40, trace=300868, class=java.util.LinkedHashMap$Entry@500000a3)
	key		50003b87
	value		50003b71
	next		5000134b
	before		50001418
	after		50001426
OBJ 50001420 (sz=32, trace=300869, class=java.util.Hashtable$Entry@500000fd)
	key		50003b87
	value		50003b71
OBJ 50001421 (sz=24, trace=301052, class=java.lang.StringBuilder@5000004d)
ARR 50001422 (sz=48, trace=301053, nelems=0, elem type=char[])
ARR 50001423 (sz=88, trace=300030, nelems=0, elem type=char[])
OBJ 50001424 (sz=32, trace=301054, class=java.lang.String@50000036)
ARR 50001425 (sz=64, trace=300864, nelems=0, elem type=char[])
OBJ 50001426 (sz=40, trace=300868, class=java.util.LinkedHashMap$Entry@500000a3)
	key		50003b72
	value		50003b71
	before		5000141f
	after		5000142d
OBJ 50001427 (sz=32, trace=300869, class=java.util.Hashtable$Entry@500000fd)
	key		50003b72
	value		50003b71
OBJ 50001428 (sz=24, trace=301055, class=java.lang.StringBuilder@5000004d)
ARR 50001429 (sz=48, trace=301056, nelems=0, elem type=char[])
ARR 5000142a (sz=88, trace=300030, nelems=0, elem type=char[])
OBJ 5000142b (sz=32, trace=301057, class=java.lang.String@50000036)
ARR 5000142c (sz=64, trace=300864, nelems=0, elem type=char[])
OBJ 5000142d (sz=40, trace=300868, class=java.util.LinkedHashMap$Entry@500000a3)
	key		50003b9a
	value		50003b71
	next		50001418
	before		50001426
	after		50001434
OBJ 5000142e (sz=32, trace=300869, class=java.util.Hashtable$Entry@500000fd)
	key		50003b9a
	value		50003b71
OBJ 5000142f (sz=24, trace=301058, class=java.lang.StringBuilder@5000004d)
ARR 50001430 (sz=48, trace=301059, nelems=0, elem type=char[])
ARR 50001431 (sz=88, trace=300030, nelems=0, elem type=char[])
OBJ 50001432 (sz=32, trace=301060, class=java.lang.String@50000036)
ARR 50001433 (sz=64, trace=300864, nelems=0, elem type=char[])
OBJ 50001434 (sz=40, trace=300868, class=java.util.LinkedHashMap$Entry@500000a3)
	key		50003b89
	value		50003b71
	next		500013ae
	before		5000142d
	after		5000143b
OBJ 50001435 (sz=32, trace=300869, class=java.util.Hashtable$Entry@500000fd)
	key		50003b89
	value		50003b71
OBJ 50001436 (sz=24, trace=301061, class=java.lang.StringBuilder@5000004d)
ARR 50001437 (sz=48, trace=301062, nelems=0, elem type=char[])
ARR 50001438 (sz=88, trace=300030, nelems=0, elem type=char[])
OBJ 50001439 (sz=32, trace=301063, class=java.lang.String@50000036)
ARR 5000143a (sz=64, trace=300864, nelems=0, elem type=char[])
OBJ 5000143b (sz=40, trace=300868, class=java.util.LinkedHashMap$Entry@500000a3)
	key		50003ba4
	value		50003b71
	next		500013ee
	before		50001434
	after		50001442
OBJ 5000143c (sz=32, trace=300869, class=java.util.Hashtable$Entry@500000fd)
	key		50003ba4
	value		50003b71
OBJ 5000143d (sz=24, trace=301064, class=java.lang.StringBuilder@5000004d)
ARR 5000143e (sz=48, trace=301065, nelems=0, elem type=char[])
ARR 5000143f (sz=88, trace=300030, nelems=0, elem type=char[])
OBJ 50001440 (sz=32, trace=301066, class=java.lang.String@50000036)
ARR 50001441 (sz=64, trace=300864, nelems=0, elem type=char[])
OBJ 50001442 (sz=40, trace=300868, class=java.util.LinkedHashMap$Entry@500000a3)
	key		50003bdd
	value		50003b71
	next		500012ae
	before		5000143b
	after		50001449
OBJ 50001443 (sz=32, trace=300869, class=java.util.Hashtable$Entry@500000fd)
	key		50003bdd
	value		50003b71
	next		50001242
OBJ 50001444 (sz=24, trace=301067, class=java.lang.StringBuilder@5000004d)
ARR 50001445 (sz=48, trace=301068, nelems=0, elem type=char[])
ARR 50001446 (sz=88, trace=300030, nelems=0, elem type=char[])
OBJ 50001447 (sz=32, trace=301069, class=java.lang.String@50000036)
ARR 50001448 (sz=64, trace=300864, nelems=0, elem type=char[])
OBJ 50001449 (sz=40, trace=300868, class=java.util.LinkedHashMap$Entry@500000a3)
	key		50003bfd
	value		50003b71
	before		50001442
	after		50001450
OBJ 5000144a (sz=32, trace=300869, class=java.util.Hashtable$Entry@500000fd)
	key		50003bfd
	value		50003b71
	next		500013fd
OBJ 5000144b (sz=24, trace=301070, class=java.lang.StringBuilder@5000004d)
ARR 5000144c (sz=48, trace=301071, nelems=0, elem type=char[])
ARR 5000144d (sz=88, trace=300030, nelems=0, elem type=char[])
OBJ 5000144e (sz=32, trace=301072, class=java.lang.String@50000036)
ARR 5000144f (sz=64, trace=300864, nelems=0, elem type=char[])
OBJ 50001450 (sz=40, trace=300868, class=java.util.LinkedHashMap$Entry@500000a3)
	key		50003c03
	value		50003b71
	before		50001449
	after		50001458
ARR 50001451 (sz=784, trace=300882, nelems=190, elem type=java.util.Hashtable$Entry[]@500000fe)
	[1]		50001313
	[3]		500012fe
	[4]		500012cc
	[6]		50001305
	[10]		50001243
	[12]		500012f7
	[20]		50001370
	[22]		50001284
	[38]		5000127d
	[41]		500013ef
	[42]		50001330
	[45]		500013b6
	[46]		500012e9
	[48]		50001452
	[50]		500013bd
	[51]		5000144a
	[52]		500013cc
	[54]		50001276
	[58]		5000137e
	[61]		500013c5
	[63]		500013e8
	[66]		50001412
	[67]		500013d3
	[68]		5000129a
	[75]		50001354
	[79]		50001443
	[81]		500012f0
	[82]		500013a8
	[85]		50001345
	[95]		500012a1
	[96]		5000134c
	[97]		500013f6
	[101]		5000135b
	[104]		5000139a
	[110]		500013af
	[112]		50001362
	[114]		50001293
	[118]		50001404
	[119]		50001377
	[120]		500013a1
	[125]		50001369
	[135]		500013e1
	[140]		5000142e
	[143]		500012bd
	[153]		50001244
	[154]		500013da
	[164]		50001385
	[165]		5000128b
	[166]		50001419
	[167]		50001435
	[168]		50001420
	[170]		500012a8
	[173]		50001459
	[174]		50001393
	[176]		50001329
	[178]		5000138c
	[183]		50001427
	[188]		500012af
	[189]		500012c5
OBJ 50001452 (sz=32, trace=300869, class=java.util.Hashtable$Entry@500000fd)
	key		50003c03
	value		50003b71
OBJ 50001453 (sz=24, trace=301073, class=java.lang.StringBuilder@5000004d)
ARR 50001454 (sz=48, trace=301074, nelems=0, elem type=char[])
ARR 50001455 (sz=88, trace=300030, nelems=0, elem type=char[])
OBJ 50001456 (sz=32, trace=301075, class=java.lang.String@50000036)
ARR 50001457 (sz=64, trace=300864, nelems=0, elem type=char[])
OBJ 50001458 (sz=40, trace=300868, class=java.util.LinkedHashMap$Entry@500000a3)
	key		50003b83
	value		50003b71
	next		50001450
	before		50001450
	after		50001274
OBJ 50001459 (sz=32, trace=300869, class=java.util.Hashtable$Entry@500000fd)
	key		50003b83
	value		50003b71
OBJ 5000145a (sz=24, trace=301076, class=java.security.Provider$ServiceKey@50000e7a)
OBJ 5000145b (sz=56, trace=301077, class=java.util.LinkedHashMap@500000e0)
	table		50001585
	entrySet	5000176e
	header		5000145d
ARR 5000145c (sz=80, trace=301078, nelems=0, elem type=java.util.HashMap$Entry[]@50000054)
OBJ 5000145d (sz=40, trace=300867, class=java.util.LinkedHashMap$Entry@500000a3)
	before		50001677
	after		5000146e
OBJ 5000145f (sz=16, trace=301080, class=java.util.HashMap$EntrySet@5000145e)
	this$0		50001272
OBJ 50001462 (sz=32, trace=301082, class=java.util.LinkedHashMap$EntryIterator@50001461)
ARR 50001463 (sz=64, trace=301083, nelems=0, elem type=char[])
OBJ 50001464 (sz=32, trace=301084, class=java.lang.String@50000036)
OBJ 50001465 (sz=32, trace=301085, class=java.lang.String@50000036)
OBJ 50001466 (sz=32, trace=301086, class=java.lang.String@50000036)
ARR 50001467 (sz=24, trace=301087, nelems=0, elem type=java.lang.String[]@50000037)
OBJ 50001468 (sz=24, trace=301088, class=java.security.Provider$ServiceKey@50000e7a)
	type		50003af7
	algorithm	50003e02
	originalAlgorithm	50003e01
ARR 50001469 (sz=40, trace=301089, nelems=0, elem type=char[])
OBJ 5000146a (sz=32, trace=301090, class=java.lang.String@50000036)
ARR 5000146c (sz=16, trace=301092, nelems=0, elem type=java.lang.Class[]@5000002d)
OBJ 5000146d (sz=56, trace=301093, class=java.security.Provider$Service@5000146b)
	type		50003af7
	algorithm	50003e01
	className	50003bf5
	provider	50001239
	aliases		50003b3d
	attributes	50003b3c
OBJ 5000146e (sz=40, trace=300868, class=java.util.LinkedHashMap$Entry@500000a3)
	key		50001468
	value		5000146d
	before		5000145d
	after		50001476
ARR 5000146f (sz=64, trace=301083, nelems=0, elem type=char[])
OBJ 50001470 (sz=32, trace=301084, class=java.lang.String@50000036)
OBJ 50001471 (sz=32, trace=301085, class=java.lang.String@50000036)
OBJ 50001472 (sz=32, trace=301086, class=java.lang.String@50000036)
ARR 50001473 (sz=24, trace=301087, nelems=0, elem type=java.lang.String[]@50000037)
OBJ 50001474 (sz=24, trace=301088, class=java.security.Provider$ServiceKey@50000e7a)
	type		50003af7
	algorithm	50003dff
	originalAlgorithm	50003dff
OBJ 50001475 (sz=56, trace=301093, class=java.security.Provider$Service@5000146b)
	type		50003af7
	algorithm	50003dff
	className	50003c0f
	provider	50001239
	aliases		50003b3d
	attributes	50001708
OBJ 50001476 (sz=40, trace=300868, class=java.util.LinkedHashMap$Entry@500000a3)
	key		50001474
	value		50001475
	before		5000146e
	after		50001480
ARR 50001477 (sz=64, trace=301083, nelems=0, elem type=char[])
OBJ 50001478 (sz=32, trace=301084, class=java.lang.String@50000036)
OBJ 50001479 (sz=32, trace=301085, class=java.lang.String@50000036)
OBJ 5000147a (sz=32, trace=301086, class=java.lang.String@50000036)
ARR 5000147b (sz=24, trace=301087, nelems=0, elem type=java.lang.String[]@50000037)
OBJ 5000147c (sz=24, trace=301088, class=java.security.Provider$ServiceKey@50000e7a)
	type		50003af8
	algorithm	50003dfd
	originalAlgorithm	50003ab0
ARR 5000147d (sz=40, trace=301089, nelems=0, elem type=char[])
OBJ 5000147e (sz=32, trace=301090, class=java.lang.String@50000036)
OBJ 5000147f (sz=56, trace=301093, class=java.security.Provider$Service@5000146b)
	type		50003af8
	algorithm	50003ab0
	className	50003c13
	provider	50001239
	aliases		500014c6
	attributes	500014a4
	classRef	500023de
	hasKeyAttributes	500032dc
	supportedClasses	50003de2
OBJ 50001480 (sz=40, trace=300868, class=java.util.LinkedHashMap$Entry@500000a3)
	key		5000147c
	value		5000147f
	before		50001476
	after		5000148a
ARR 50001481 (sz=64, trace=301083, nelems=0, elem type=char[])
OBJ 50001482 (sz=32, trace=301084, class=java.lang.String@50000036)
OBJ 50001483 (sz=32, trace=301085, class=java.lang.String@50000036)
OBJ 50001484 (sz=32, trace=301086, class=java.lang.String@50000036)
ARR 50001485 (sz=24, trace=301087, nelems=0, elem type=java.lang.String[]@50000037)
OBJ 50001486 (sz=24, trace=301088, class=java.security.Provider$ServiceKey@50000e7a)
	type		50003af8
	algorithm	50003e11
	originalAlgorithm	50003bb0
ARR 50001487 (sz=40, trace=301089, nelems=0, elem type=char[])
OBJ 50001488 (sz=32, trace=301090, class=java.lang.String@50000036)
OBJ 50001489 (sz=56, trace=301093, class=java.security.Provider$Service@5000146b)
	type		50003af8
	algorithm	50003bb0
	className	50003b8d
	provider	50001239
	aliases		50001498
	attributes	500014b5
OBJ 5000148a (sz=40, trace=300868, class=java.util.LinkedHashMap$Entry@500000a3)
	key		50001486
	value		50001489
	before		50001480
	after		50001497
ARR 5000148b (sz=72, trace=301083, nelems=0, elem type=char[])
OBJ 5000148c (sz=32, trace=301084, class=java.lang.String@50000036)
OBJ 5000148d (sz=32, trace=301094, class=java.lang.String@50000036)
OBJ 5000148e (sz=32, trace=301095, class=java.lang.String@50000036)
OBJ 5000148f (sz=32, trace=301086, class=java.lang.String@50000036)
ARR 50001490 (sz=24, trace=301096, nelems=0, elem type=java.lang.String[]@50000037)
OBJ 50001491 (sz=24, trace=301097, class=java.security.Provider$ServiceKey@50000e7a)
ARR 50001492 (sz=40, trace=301098, nelems=0, elem type=char[])
OBJ 50001493 (sz=32, trace=301090, class=java.lang.String@50000036)
OBJ 50001494 (sz=24, trace=301099, class=java.security.Provider$ServiceKey@50000e7a)
	type		50003af8
	algorithm	50003e15
	originalAlgorithm	50003e13
ARR 50001495 (sz=32, trace=301100, nelems=0, elem type=char[])
OBJ 50001496 (sz=32, trace=301090, class=java.lang.String@50000036)
OBJ 50001497 (sz=40, trace=300868, class=java.util.LinkedHashMap$Entry@500000a3)
	key		50001494
	value		50001489
	before		5000148a
	after		500014c5
OBJ 50001498 (sz=24, trace=301101, class=java.util.ArrayList@5000011e)
	elementData	50001499
ARR 50001499 (sz=24, trace=301102, nelems=1, elem type=java.lang.Object[]@500000ac)
	[0]		50003e13
ARR 5000149a (sz=104, trace=301083, nelems=0, elem type=char[])
OBJ 5000149b (sz=32, trace=301084, class=java.lang.String@50000036)
OBJ 5000149c (sz=32, trace=301085, class=java.lang.String@50000036)
OBJ 5000149d (sz=32, trace=301086, class=java.lang.String@50000036)
ARR 5000149e (sz=24, trace=301087, nelems=0, elem type=java.lang.String[]@50000037)
OBJ 5000149f (sz=32, trace=301103, class=java.lang.String@50000036)
OBJ 500014a0 (sz=32, trace=301104, class=java.lang.String@50000036)
OBJ 500014a1 (sz=24, trace=301105, class=java.security.Provider$ServiceKey@50000e7a)
ARR 500014a2 (sz=40, trace=301106, nelems=0, elem type=char[])
OBJ 500014a3 (sz=32, trace=301090, class=java.lang.String@50000036)
OBJ 500014a4 (sz=48, trace=301107, class=java.util.HashMap@500000cb)
	table		500014a5
ARR 500014a5 (sz=48, trace=301108, nelems=6, elem type=java.util.HashMap$Entry[]@50000054)
	[1]		500016af
	[4]		50001685
	[5]		500014aa
OBJ 500014a7 (sz=24, trace=301110, class=java.security.Provider$UString@500014a6)
	string		50003b3a
	lowerString	500014a9
ARR 500014a8 (sz=38, trace=301111, nelems=19, elem type=char[])
OBJ 500014a9 (sz=32, trace=301112, class=java.lang.String@50000036)
	value		500014a8
OBJ 500014aa (sz=32, trace=301113, class=java.util.HashMap$Entry@50000053)
	key		500014a7
	value		50003bcf
ARR 500014ab (sz=104, trace=301083, nelems=0, elem type=char[])
OBJ 500014ac (sz=32, trace=301084, class=java.lang.String@50000036)
OBJ 500014ad (sz=32, trace=301085, class=java.lang.String@50000036)
OBJ 500014ae (sz=32, trace=301086, class=java.lang.String@50000036)
ARR 500014af (sz=24, trace=301087, nelems=0, elem type=java.lang.String[]@50000037)
OBJ 500014b0 (sz=32, trace=301103, class=java.lang.String@50000036)
OBJ 500014b1 (sz=32, trace=301104, class=java.lang.String@50000036)
OBJ 500014b2 (sz=24, trace=301105, class=java.security.Provider$ServiceKey@50000e7a)
ARR 500014b3 (sz=40, trace=301106, nelems=0, elem type=char[])
OBJ 500014b4 (sz=32, trace=301090, class=java.lang.String@50000036)
OBJ 500014b5 (sz=48, trace=301107, class=java.util.HashMap@500000cb)
	table		500014b6
ARR 500014b6 (sz=48, trace=301108, nelems=6, elem type=java.util.HashMap$Entry[]@50000054)
	[5]		500014ba
OBJ 500014b7 (sz=24, trace=301110, class=java.security.Provider$UString@500014a6)
	string		50003b3a
	lowerString	500014b9
ARR 500014b8 (sz=38, trace=301111, nelems=19, elem type=char[])
OBJ 500014b9 (sz=32, trace=301112, class=java.lang.String@50000036)
	value		500014b8
OBJ 500014ba (sz=32, trace=301113, class=java.util.HashMap$Entry@50000053)
	key		500014b7
	value		50003bcf
ARR 500014bb (sz=64, trace=301083, nelems=0, elem type=char[])
OBJ 500014bc (sz=32, trace=301084, class=java.lang.String@50000036)
OBJ 500014bd (sz=32, trace=301094, class=java.lang.String@50000036)
OBJ 500014be (sz=32, trace=301095, class=java.lang.String@50000036)
OBJ 500014bf (sz=32, trace=301086, class=java.lang.String@50000036)
ARR 500014c0 (sz=24, trace=301096, nelems=0, elem type=java.lang.String[]@50000037)
OBJ 500014c1 (sz=24, trace=301097, class=java.security.Provider$ServiceKey@50000e7a)
ARR 500014c2 (sz=40, trace=301098, nelems=0, elem type=char[])
OBJ 500014c3 (sz=32, trace=301090, class=java.lang.String@50000036)
OBJ 500014c4 (sz=24, trace=301099, class=java.security.Provider$ServiceKey@50000e7a)
	type		50003af8
	algorithm	50003aac
	originalAlgorithm	50003aac
OBJ 500014c5 (sz=40, trace=300868, class=java.util.LinkedHashMap$Entry@500000a3)
	key		500014c4
	value		5000147f
	before		50001497
	after		500014d2
OBJ 500014c6 (sz=24, trace=301101, class=java.util.ArrayList@5000011e)
	elementData	5000151c
ARR 500014c7 (sz=24, trace=301102, nelems=0, elem type=java.lang.Object[]@500000ac)
ARR 500014c8 (sz=64, trace=301083, nelems=0, elem type=char[])
OBJ 500014c9 (sz=32, trace=301084, class=java.lang.String@50000036)
OBJ 500014ca (sz=32, trace=301094, class=java.lang.String@50000036)
OBJ 500014cb (sz=32, trace=301095, class=java.lang.String@50000036)
OBJ 500014cc (sz=32, trace=301086, class=java.lang.String@50000036)
ARR 500014cd (sz=24, trace=301096, nelems=0, elem type=java.lang.String[]@50000037)
OBJ 500014ce (sz=24, trace=301097, class=java.security.Provider$ServiceKey@50000e7a)
ARR 500014cf (sz=40, trace=301098, nelems=0, elem type=char[])
OBJ 500014d0 (sz=32, trace=301090, class=java.lang.String@50000036)
OBJ 500014d1 (sz=24, trace=301099, class=java.security.Provider$ServiceKey@50000e7a)
	type		50003af8
	algorithm	50003de3
	originalAlgorithm	50003de3
OBJ 500014d2 (sz=40, trace=300868, class=java.util.LinkedHashMap$Entry@500000a3)
	key		500014d1
	value		5000147f
	before		500014c5
	after		500014dd
ARR 500014d3 (sz=72, trace=301083, nelems=0, elem type=char[])
OBJ 500014d4 (sz=32, trace=301084, class=java.lang.String@50000036)
OBJ 500014d5 (sz=32, trace=301094, class=java.lang.String@50000036)
OBJ 500014d6 (sz=32, trace=301095, class=java.lang.String@50000036)
OBJ 500014d7 (sz=32, trace=301086, class=java.lang.String@50000036)
ARR 500014d8 (sz=24, trace=301096, nelems=0, elem type=java.lang.String[]@50000037)
OBJ 500014d9 (sz=24, trace=301097, class=java.security.Provider$ServiceKey@50000e7a)
ARR 500014da (sz=40, trace=301098, nelems=0, elem type=char[])
OBJ 500014db (sz=32, trace=301090, class=java.lang.String@50000036)
OBJ 500014dc (sz=24, trace=301099, class=java.security.Provider$ServiceKey@50000e7a)
	type		50003af8
	algorithm	50003de4
	originalAlgorithm	50003de4
OBJ 500014dd (sz=40, trace=300868, class=java.util.LinkedHashMap$Entry@500000a3)
	key		500014dc
	value		5000147f
	next		50001480
	before		500014d2
	after		500014e9
ARR 500014de (sz=32, trace=300192, nelems=0, elem type=java.lang.Object[]@500000ac)
ARR 500014df (sz=80, trace=301083, nelems=0, elem type=char[])
OBJ 500014e0 (sz=32, trace=301084, class=java.lang.String@50000036)
OBJ 500014e1 (sz=32, trace=301094, class=java.lang.String@50000036)
OBJ 500014e2 (sz=32, trace=301095, class=java.lang.String@50000036)
OBJ 500014e3 (sz=32, trace=301086, class=java.lang.String@50000036)
ARR 500014e4 (sz=24, trace=301096, nelems=0, elem type=java.lang.String[]@50000037)
OBJ 500014e5 (sz=24, trace=301097, class=java.security.Provider$ServiceKey@50000e7a)
ARR 500014e6 (sz=40, trace=301098, nelems=0, elem type=char[])
OBJ 500014e7 (sz=32, trace=301090, class=java.lang.String@50000036)
OBJ 500014e8 (sz=24, trace=301099, class=java.security.Provider$ServiceKey@50000e7a)
	type		50003af8
	algorithm	50003de5
	originalAlgorithm	50003de5
OBJ 500014e9 (sz=40, trace=300868, class=java.util.LinkedHashMap$Entry@500000a3)
	key		500014e8
	value		5000147f
	before		500014dd
	after		500014f4
ARR 500014ea (sz=72, trace=301083, nelems=0, elem type=char[])
OBJ 500014eb (sz=32, trace=301084, class=java.lang.String@50000036)
OBJ 500014ec (sz=32, trace=301094, class=java.lang.String@50000036)
OBJ 500014ed (sz=32, trace=301095, class=java.lang.String@50000036)
OBJ 500014ee (sz=32, trace=301086, class=java.lang.String@50000036)
ARR 500014ef (sz=24, trace=301096, nelems=0, elem type=java.lang.String[]@50000037)
OBJ 500014f0 (sz=24, trace=301097, class=java.security.Provider$ServiceKey@50000e7a)
ARR 500014f1 (sz=40, trace=301098, nelems=0, elem type=char[])
OBJ 500014f2 (sz=32, trace=301090, class=java.lang.String@50000036)
OBJ 500014f3 (sz=24, trace=301099, class=java.security.Provider$ServiceKey@50000e7a)
	type		50003af8
	algorithm	50003de6
	originalAlgorithm	50003de6
OBJ 500014f4 (sz=40, trace=300868, class=java.util.LinkedHashMap$Entry@500000a3)
	key		500014f3
	value		5000147f
	before		500014e9
	after		50001502
ARR 500014f5 (sz=48, trace=300192, nelems=0, elem type=java.lang.Object[]@500000ac)
ARR 500014f6 (sz=80, trace=301083, nelems=0, elem type=char[])
OBJ 500014f7 (sz=32, trace=301084, class=java.lang.String@50000036)
OBJ 500014f8 (sz=32, trace=301094, class=java.lang.String@50000036)
OBJ 500014f9 (sz=32, trace=301095, class=java.lang.String@50000036)
OBJ 500014fa (sz=32, trace=301086, class=java.lang.String@50000036)
ARR 500014fb (sz=24, trace=301096, nelems=0, elem type=java.lang.String[]@50000037)
OBJ 500014fc (sz=24, trace=301097, class=java.security.Provider$ServiceKey@50000e7a)
ARR 500014fd (sz=40, trace=301098, nelems=0, elem type=char[])
OBJ 500014fe (sz=32, trace=301090, class=java.lang.String@50000036)
OBJ 500014ff (sz=24, trace=301099, class=java.security.Provider$ServiceKey@50000e7a)
	type		50003af8
	algorithm	50003dfb
	originalAlgorithm	50003de7
ARR 50001500 (sz=40, trace=301100, nelems=0, elem type=char[])
OBJ 50001501 (sz=32, trace=301090, class=java.lang.String@50000036)
OBJ 50001502 (sz=40, trace=300868, class=java.util.LinkedHashMap$Entry@500000a3)
	key		500014ff
	value		5000147f
	before		500014f4
	after		5000150f
ARR 50001503 (sz=80, trace=301083, nelems=0, elem type=char[])
OBJ 50001504 (sz=32, trace=301084, class=java.lang.String@50000036)
OBJ 50001505 (sz=32, trace=301094, class=java.lang.String@50000036)
OBJ 50001506 (sz=32, trace=301095, class=java.lang.String@50000036)
OBJ 50001507 (sz=32, trace=301086, class=java.lang.String@50000036)
ARR 50001508 (sz=24, trace=301096, nelems=0, elem type=java.lang.String[]@50000037)
OBJ 50001509 (sz=24, trace=301097, class=java.security.Provider$ServiceKey@50000e7a)
ARR 5000150a (sz=40, trace=301098, nelems=0, elem type=char[])
OBJ 5000150b (sz=32, trace=301090, class=java.lang.String@50000036)
OBJ 5000150c (sz=24, trace=301099, class=java.security.Provider$ServiceKey@50000e7a)
	type		50003af8
	algorithm	50003df9
	originalAlgorithm	50003de8
ARR 5000150d (sz=40, trace=301100, nelems=0, elem type=char[])
OBJ 5000150e (sz=32, trace=301090, class=java.lang.String@50000036)
OBJ 5000150f (sz=40, trace=300868, class=java.util.LinkedHashMap$Entry@500000a3)
	key		5000150c
	value		5000147f
	before		50001502
	after		5000151b
ARR 50001510 (sz=144, trace=301114, nelems=0, elem type=java.util.HashMap$Entry[]@50000054)
ARR 50001511 (sz=104, trace=301083, nelems=0, elem type=char[])
OBJ 50001512 (sz=32, trace=301084, class=java.lang.String@50000036)
OBJ 50001513 (sz=32, trace=301094, class=java.lang.String@50000036)
OBJ 50001514 (sz=32, trace=301095, class=java.lang.String@50000036)
OBJ 50001515 (sz=32, trace=301086, class=java.lang.String@50000036)
ARR 50001516 (sz=24, trace=301096, nelems=0, elem type=java.lang.String[]@50000037)
OBJ 50001517 (sz=24, trace=301097, class=java.security.Provider$ServiceKey@50000e7a)
ARR 50001518 (sz=40, trace=301098, nelems=0, elem type=char[])
OBJ 50001519 (sz=32, trace=301090, class=java.lang.String@50000036)
OBJ 5000151a (sz=24, trace=301099, class=java.security.Provider$ServiceKey@50000e7a)
	type		50003af8
	algorithm	50003de9
	originalAlgorithm	50003de9
OBJ 5000151b (sz=40, trace=300868, class=java.util.LinkedHashMap$Entry@500000a3)
	key		5000151a
	value		5000147f
	before		5000150f
	after		50001527
ARR 5000151c (sz=64, trace=300192, nelems=11, elem type=java.lang.Object[]@500000ac)
	[0]		50003aac
	[1]		50003de3
	[2]		50003de4
	[3]		50003de5
	[4]		50003de6
	[5]		50003de7
	[6]		50003de8
	[7]		50003de9
	[8]		50003de0
	[9]		50003dea
	[10]		50003deb
ARR 5000151d (sz=96, trace=301083, nelems=0, elem type=char[])
OBJ 5000151e (sz=32, trace=301084, class=java.lang.String@50000036)
OBJ 5000151f (sz=32, trace=301094, class=java.lang.String@50000036)
OBJ 50001520 (sz=32, trace=301095, class=java.lang.String@50000036)
OBJ 50001521 (sz=32, trace=301086, class=java.lang.String@50000036)
ARR 50001522 (sz=24, trace=301096, nelems=0, elem type=java.lang.String[]@50000037)
OBJ 50001523 (sz=24, trace=301097, class=java.security.Provider$ServiceKey@50000e7a)
ARR 50001524 (sz=40, trace=301098, nelems=0, elem type=char[])
OBJ 50001525 (sz=32, trace=301090, class=java.lang.String@50000036)
OBJ 50001526 (sz=24, trace=301099, class=java.security.Provider$ServiceKey@50000e7a)
	type		50003af8
	algorithm	50003de0
	originalAlgorithm	50003de0
OBJ 50001527 (sz=40, trace=300868, class=java.util.LinkedHashMap$Entry@500000a3)
	key		50001526
	value		5000147f
	before		5000151b
	after		50001532
ARR 50001528 (sz=88, trace=301083, nelems=0, elem type=char[])
OBJ 50001529 (sz=32, trace=301084, class=java.lang.String@50000036)
OBJ 5000152a (sz=32, trace=301094, class=java.lang.String@50000036)
OBJ 5000152b (sz=32, trace=301095, class=java.lang.String@50000036)
OBJ 5000152c (sz=32, trace=301086, class=java.lang.String@50000036)
ARR 5000152d (sz=24, trace=301096, nelems=0, elem type=java.lang.String[]@50000037)
OBJ 5000152e (sz=24, trace=301097, class=java.security.Provider$ServiceKey@50000e7a)
ARR 5000152f (sz=40, trace=301098, nelems=0, elem type=char[])
OBJ 50001530 (sz=32, trace=301090, class=java.lang.String@50000036)
OBJ 50001531 (sz=24, trace=301099, class=java.security.Provider$ServiceKey@50000e7a)
	type		50003af8
	algorithm	50003dea
	originalAlgorithm	50003dea
OBJ 50001532 (sz=40, trace=300868, class=java.util.LinkedHashMap$Entry@500000a3)
	key		50001531
	value		5000147f
	before		50001527
	after		5000153d
ARR 50001533 (sz=88, trace=301083, nelems=0, elem type=char[])
OBJ 50001534 (sz=32, trace=301084, class=java.lang.String@50000036)
OBJ 50001535 (sz=32, trace=301094, class=java.lang.String@50000036)
OBJ 50001536 (sz=32, trace=301095, class=java.lang.String@50000036)
OBJ 50001537 (sz=32, trace=301086, class=java.lang.String@50000036)
ARR 50001538 (sz=24, trace=301096, nelems=0, elem type=java.lang.String[]@50000037)
OBJ 50001539 (sz=24, trace=301097, class=java.security.Provider$ServiceKey@50000e7a)
ARR 5000153a (sz=40, trace=301098, nelems=0, elem type=char[])
OBJ 5000153b (sz=32, trace=301090, class=java.lang.String@50000036)
OBJ 5000153c (sz=24, trace=301099, class=java.security.Provider$ServiceKey@50000e7a)
	type		50003af8
	algorithm	50003deb
	originalAlgorithm	50003deb
OBJ 5000153d (sz=40, trace=300868, class=java.util.LinkedHashMap$Entry@500000a3)
	key		5000153c
	value		5000147f
	before		50001532
	after		50001545
ARR 5000153e (sz=56, trace=301083, nelems=0, elem type=char[])
OBJ 5000153f (sz=32, trace=301084, class=java.lang.String@50000036)
OBJ 50001540 (sz=32, trace=301085, class=java.lang.String@50000036)
OBJ 50001541 (sz=32, trace=301086, class=java.lang.String@50000036)
ARR 50001542 (sz=24, trace=301087, nelems=0, elem type=java.lang.String[]@50000037)
OBJ 50001543 (sz=24, trace=301088, class=java.security.Provider$ServiceKey@50000e7a)
	type		50003af5
	algorithm	50003aac
	originalAlgorithm	50003aac
OBJ 50001544 (sz=56, trace=301093, class=java.security.Provider$Service@5000146b)
	type		50003af5
	algorithm	50003aac
	className	50003c19
	provider	50001239
	aliases		5000154f
	attributes	5000168e
OBJ 50001545 (sz=40, trace=300868, class=java.util.LinkedHashMap$Entry@500000a3)
	key		50001543
	value		50001544
	before		5000153d
	after		5000154e
ARR 50001546 (sz=112, trace=301083, nelems=0, elem type=char[])
OBJ 50001547 (sz=32, trace=301084, class=java.lang.String@50000036)
OBJ 50001548 (sz=32, trace=301094, class=java.lang.String@50000036)
OBJ 50001549 (sz=32, trace=301095, class=java.lang.String@50000036)
OBJ 5000154a (sz=32, trace=301086, class=java.lang.String@50000036)
ARR 5000154b (sz=24, trace=301096, nelems=0, elem type=java.lang.String[]@50000037)
OBJ 5000154c (sz=24, trace=301097, class=java.security.Provider$ServiceKey@50000e7a)
OBJ 5000154d (sz=24, trace=301099, class=java.security.Provider$ServiceKey@50000e7a)
	type		50003af5
	algorithm	50003e17
	originalAlgorithm	50003e17
OBJ 5000154e (sz=40, trace=300868, class=java.util.LinkedHashMap$Entry@500000a3)
	key		5000154d
	value		50001544
	before		50001545
	after		50001559
OBJ 5000154f (sz=24, trace=301101, class=java.util.ArrayList@5000011e)
	elementData	50001563
ARR 50001550 (sz=24, trace=301102, nelems=0, elem type=java.lang.Object[]@500000ac)
ARR 50001551 (sz=104, trace=301083, nelems=0, elem type=char[])
OBJ 50001552 (sz=32, trace=301084, class=java.lang.String@50000036)
OBJ 50001553 (sz=32, trace=301094, class=java.lang.String@50000036)
OBJ 50001554 (sz=32, trace=301095, class=java.lang.String@50000036)
OBJ 50001555 (sz=32, trace=301086, class=java.lang.String@50000036)
ARR 50001556 (sz=24, trace=301096, nelems=0, elem type=java.lang.String[]@50000037)
OBJ 50001557 (sz=24, trace=301097, class=java.security.Provider$ServiceKey@50000e7a)
OBJ 50001558 (sz=24, trace=301099, class=java.security.Provider$ServiceKey@50000e7a)
	type		50003af5
	algorithm	50003e18
	originalAlgorithm	50003e18
OBJ 50001559 (sz=40, trace=300868, class=java.util.LinkedHashMap$Entry@500000a3)
	key		50001558
	value		50001544
	before		5000154e
	after		50001562
ARR 5000155a (sz=96, trace=301083, nelems=0, elem type=char[])
OBJ 5000155b (sz=32, trace=301084, class=java.lang.String@50000036)
OBJ 5000155c (sz=32, trace=301094, class=java.lang.String@50000036)
OBJ 5000155d (sz=32, trace=301095, class=java.lang.String@50000036)
OBJ 5000155e (sz=32, trace=301086, class=java.lang.String@50000036)
ARR 5000155f (sz=24, trace=301096, nelems=0, elem type=java.lang.String[]@50000037)
OBJ 50001560 (sz=24, trace=301097, class=java.security.Provider$ServiceKey@50000e7a)
OBJ 50001561 (sz=24, trace=301099, class=java.security.Provider$ServiceKey@50000e7a)
	type		50003af5
	algorithm	50003e19
	originalAlgorithm	50003e19
OBJ 50001562 (sz=40, trace=300868, class=java.util.LinkedHashMap$Entry@500000a3)
	key		50001561
	value		50001544
	before		50001559
	after		5000156b
ARR 50001563 (sz=32, trace=300192, nelems=3, elem type=java.lang.Object[]@500000ac)
	[0]		50003e17
	[1]		50003e18
	[2]		50003e19
ARR 50001564 (sz=56, trace=301083, nelems=0, elem type=char[])
OBJ 50001565 (sz=32, trace=301084, class=java.lang.String@50000036)
OBJ 50001566 (sz=32, trace=301085, class=java.lang.String@50000036)
OBJ 50001567 (sz=32, trace=301086, class=java.lang.String@50000036)
ARR 50001568 (sz=24, trace=301087, nelems=0, elem type=java.lang.String[]@50000037)
OBJ 50001569 (sz=24, trace=301088, class=java.security.Provider$ServiceKey@50000e7a)
	type		50003ae5
	algorithm	50003aa6
	originalAlgorithm	50003aa6
OBJ 5000156a (sz=56, trace=301093, class=java.security.Provider$Service@5000146b)
	type		50003ae5
	algorithm	50003aa6
	className	50003c30
	provider	50001239
	aliases		50003b3d
	attributes	50003b3c
OBJ 5000156b (sz=40, trace=300868, class=java.util.LinkedHashMap$Entry@500000a3)
	key		50001569
	value		5000156a
	next		50001562
	before		50001562
	after		50001573
ARR 5000156c (sz=56, trace=301083, nelems=0, elem type=char[])
OBJ 5000156d (sz=32, trace=301084, class=java.lang.String@50000036)
OBJ 5000156e (sz=32, trace=301085, class=java.lang.String@50000036)
OBJ 5000156f (sz=32, trace=301086, class=java.lang.String@50000036)
ARR 50001570 (sz=24, trace=301087, nelems=0, elem type=java.lang.String[]@50000037)
OBJ 50001571 (sz=24, trace=301088, class=java.security.Provider$ServiceKey@50000e7a)
	type		50003ae5
	algorithm	50003aa5
	originalAlgorithm	50003aa5
OBJ 50001572 (sz=56, trace=301093, class=java.security.Provider$Service@5000146b)
	type		50003ae5
	algorithm	50003aa5
	className	50003c24
	provider	50001239
	aliases		50003b3d
	attributes	500016c4
OBJ 50001573 (sz=40, trace=300868, class=java.util.LinkedHashMap$Entry@500000a3)
	key		50001571
	value		50001572
	next		500014c5
	before		5000156b
	after		5000157b
ARR 50001574 (sz=56, trace=301083, nelems=0, elem type=char[])
OBJ 50001575 (sz=32, trace=301084, class=java.lang.String@50000036)
OBJ 50001576 (sz=32, trace=301085, class=java.lang.String@50000036)
OBJ 50001577 (sz=32, trace=301086, class=java.lang.String@50000036)
ARR 50001578 (sz=24, trace=301087, nelems=0, elem type=java.lang.String[]@50000037)
OBJ 50001579 (sz=24, trace=301088, class=java.security.Provider$ServiceKey@50000e7a)
	type		50003ae5
	algorithm	50003aa4
	originalAlgorithm	50003aa4
OBJ 5000157a (sz=56, trace=301093, class=java.security.Provider$Service@5000146b)
	type		50003ae5
	algorithm	50003aa4
	className	50003b7b
	provider	50001239
	aliases		50001586
	attributes	500016d2
	classRef	500023f5
OBJ 5000157b (sz=40, trace=300868, class=java.util.LinkedHashMap$Entry@500000a3)
	key		50001579
	value		5000157a
	before		50001573
	after		50001584
ARR 5000157c (sz=80, trace=301083, nelems=0, elem type=char[])
OBJ 5000157d (sz=32, trace=301084, class=java.lang.String@50000036)
OBJ 5000157e (sz=32, trace=301094, class=java.lang.String@50000036)
OBJ 5000157f (sz=32, trace=301095, class=java.lang.String@50000036)
OBJ 50001580 (sz=32, trace=301086, class=java.lang.String@50000036)
ARR 50001581 (sz=24, trace=301096, nelems=0, elem type=java.lang.String[]@50000037)
OBJ 50001582 (sz=24, trace=301097, class=java.security.Provider$ServiceKey@50000e7a)
OBJ 50001583 (sz=24, trace=301099, class=java.security.Provider$ServiceKey@50000e7a)
	type		50003ae5
	algorithm	50003df7
	originalAlgorithm	50003df7
OBJ 50001584 (sz=40, trace=300868, class=java.util.LinkedHashMap$Entry@500000a3)
	key		50001583
	value		5000157a
	next		50001559
	before		5000157b
	after		50001590
ARR 50001585 (sz=272, trace=301114, nelems=64, elem type=java.util.HashMap$Entry[]@50000054)
	[3]		500015c1
	[4]		500015b8
	[7]		5000156b
	[8]		50001573
	[11]		50001621
	[12]		5000148a
	[15]		5000153d
	[16]		5000157b
	[18]		5000154e
	[19]		50001655
	[20]		500015dd
	[21]		50001617
	[23]		50001590
	[25]		500015e8
	[26]		500015f9
	[28]		500015a8
	[29]		5000166d
	[31]		500014d2
	[32]		50001584
	[33]		50001677
	[35]		500014dd
	[41]		5000151b
	[42]		500015cc
	[46]		500015f0
	[48]		50001545
	[49]		50001603
	[50]		50001598
	[57]		500015d4
	[60]		50001497
	[61]		5000163f
	[63]		50001629
OBJ 50001586 (sz=24, trace=301101, class=java.util.ArrayList@5000011e)
	elementData	50001587
ARR 50001587 (sz=24, trace=301102, nelems=2, elem type=java.lang.Object[]@500000ac)
	[0]		50003df7
	[1]		50003e1d
ARR 50001588 (sz=72, trace=301083, nelems=0, elem type=char[])
OBJ 50001589 (sz=32, trace=301084, class=java.lang.String@50000036)
OBJ 5000158a (sz=32, trace=301094, class=java.lang.String@50000036)
OBJ 5000158b (sz=32, trace=301095, class=java.lang.String@50000036)
OBJ 5000158c (sz=32, trace=301086, class=java.lang.String@50000036)
ARR 5000158d (sz=24, trace=301096, nelems=0, elem type=java.lang.String[]@50000037)
OBJ 5000158e (sz=24, trace=301097, class=java.security.Provider$ServiceKey@50000e7a)
OBJ 5000158f (sz=24, trace=301099, class=java.security.Provider$ServiceKey@50000e7a)
	type		50003ae5
	algorithm	50003e1d
	originalAlgorithm	50003e1d
OBJ 50001590 (sz=40, trace=300868, class=java.util.LinkedHashMap$Entry@500000a3)
	key		5000158f
	value		5000157a
	next		5000150f
	before		50001584
	after		50001598
ARR 50001591 (sz=64, trace=301083, nelems=0, elem type=char[])
OBJ 50001592 (sz=32, trace=301084, class=java.lang.String@50000036)
OBJ 50001593 (sz=32, trace=301085, class=java.lang.String@50000036)
OBJ 50001594 (sz=32, trace=301086, class=java.lang.String@50000036)
ARR 50001595 (sz=24, trace=301087, nelems=0, elem type=java.lang.String[]@50000037)
OBJ 50001596 (sz=24, trace=301088, class=java.security.Provider$ServiceKey@50000e7a)
	type		50003ae5
	algorithm	50003e29
	originalAlgorithm	50003e29
OBJ 50001597 (sz=56, trace=301093, class=java.security.Provider$Service@5000146b)
	type		50003ae5
	algorithm	50003e29
	className	50003c2a
	provider	50001239
	aliases		50003b3d
	attributes	50003b3c
OBJ 50001598 (sz=40, trace=300868, class=java.util.LinkedHashMap$Entry@500000a3)
	key		50001596
	value		50001597
	next		500014e9
	before		50001590
	after		500015a0
ARR 50001599 (sz=64, trace=301083, nelems=0, elem type=char[])
OBJ 5000159a (sz=32, trace=301084, class=java.lang.String@50000036)
OBJ 5000159b (sz=32, trace=301085, class=java.lang.String@50000036)
OBJ 5000159c (sz=32, trace=301086, class=java.lang.String@50000036)
ARR 5000159d (sz=24, trace=301087, nelems=0, elem type=java.lang.String[]@50000037)
OBJ 5000159e (sz=24, trace=301088, class=java.security.Provider$ServiceKey@50000e7a)
	type		50003ae5
	algorithm	50003e2b
	originalAlgorithm	50003e2b
OBJ 5000159f (sz=56, trace=301093, class=java.security.Provider$Service@5000146b)
	type		50003ae5
	algorithm	50003e2b
	className	50003bc5
	provider	50001239
	aliases		50003b3d
	attributes	50003b3c
OBJ 500015a0 (sz=40, trace=300868, class=java.util.LinkedHashMap$Entry@500000a3)
	key		5000159e
	value		5000159f
	next		5000146e
	before		50001598
	after		500015a8
ARR 500015a1 (sz=64, trace=301083, nelems=0, elem type=char[])
OBJ 500015a2 (sz=32, trace=301084, class=java.lang.String@50000036)
OBJ 500015a3 (sz=32, trace=301085, class=java.lang.String@50000036)
OBJ 500015a4 (sz=32, trace=301086, class=java.lang.String@50000036)
ARR 500015a5 (sz=24, trace=301087, nelems=0, elem type=java.lang.String[]@50000037)
OBJ 500015a6 (sz=24, trace=301088, class=java.security.Provider$ServiceKey@50000e7a)
	type		50003ae5
	algorithm	50003e2d
	originalAlgorithm	50003e2d
OBJ 500015a7 (sz=56, trace=301093, class=java.security.Provider$Service@5000146b)
	type		50003ae5
	algorithm	50003e2d
	className	50003bd3
	provider	50001239
	aliases		50003b3d
	attributes	50003b3c
OBJ 500015a8 (sz=40, trace=300868, class=java.util.LinkedHashMap$Entry@500000a3)
	key		500015a6
	value		500015a7
	next		500015a0
	before		500015a0
	after		500015b0
ARR 500015a9 (sz=80, trace=301083, nelems=0, elem type=char[])
OBJ 500015aa (sz=32, trace=301084, class=java.lang.String@50000036)
OBJ 500015ab (sz=32, trace=301085, class=java.lang.String@50000036)
OBJ 500015ac (sz=32, trace=301086, class=java.lang.String@50000036)
ARR 500015ad (sz=24, trace=301087, nelems=0, elem type=java.lang.String[]@50000037)
OBJ 500015ae (sz=24, trace=301088, class=java.security.Provider$ServiceKey@50000e7a)
	type		50003af3
	algorithm	50003aac
	originalAlgorithm	50003aac
OBJ 500015af (sz=56, trace=301093, class=java.security.Provider$Service@5000146b)
	type		50003af3
	algorithm	50003aac
	className	50003bcb
	provider	50001239
	aliases		50003b3d
	attributes	5000169c
OBJ 500015b0 (sz=40, trace=300868, class=java.util.LinkedHashMap$Entry@500000a3)
	key		500015ae
	value		500015af
	before		500015a8
	after		500015b8
ARR 500015b1 (sz=64, trace=301083, nelems=0, elem type=char[])
OBJ 500015b2 (sz=32, trace=301084, class=java.lang.String@50000036)
OBJ 500015b3 (sz=32, trace=301085, class=java.lang.String@50000036)
OBJ 500015b4 (sz=32, trace=301086, class=java.lang.String@50000036)
ARR 500015b5 (sz=24, trace=301087, nelems=0, elem type=java.lang.String[]@50000037)
OBJ 500015b6 (sz=24, trace=301088, class=java.security.Provider$ServiceKey@50000e7a)
	type		50003adc
	algorithm	50003aac
	originalAlgorithm	50003aac
OBJ 500015b7 (sz=56, trace=301093, class=java.security.Provider$Service@5000146b)
	type		50003adc
	algorithm	50003aac
	className	50003bdf
	provider	50001239
	aliases		500015c2
	attributes	500016ec
	classRef	50001a4e
OBJ 500015b8 (sz=40, trace=300868, class=java.util.LinkedHashMap$Entry@500000a3)
	key		500015b6
	value		500015b7
	before		500015b0
	after		500015c1
ARR 500015b9 (sz=104, trace=301083, nelems=0, elem type=char[])
OBJ 500015ba (sz=32, trace=301084, class=java.lang.String@50000036)
OBJ 500015bb (sz=32, trace=301094, class=java.lang.String@50000036)
OBJ 500015bc (sz=32, trace=301095, class=java.lang.String@50000036)
OBJ 500015bd (sz=32, trace=301086, class=java.lang.String@50000036)
ARR 500015be (sz=24, trace=301096, nelems=0, elem type=java.lang.String[]@50000037)
OBJ 500015bf (sz=24, trace=301097, class=java.security.Provider$ServiceKey@50000e7a)
OBJ 500015c0 (sz=24, trace=301099, class=java.security.Provider$ServiceKey@50000e7a)
	type		50003adc
	algorithm	50003e19
	originalAlgorithm	50003e19
OBJ 500015c1 (sz=40, trace=300868, class=java.util.LinkedHashMap$Entry@500000a3)
	key		500015c0
	value		500015b7
	before		500015b8
	after		500015cc
OBJ 500015c2 (sz=24, trace=301101, class=java.util.ArrayList@5000011e)
	elementData	500015c3
ARR 500015c3 (sz=24, trace=301102, nelems=2, elem type=java.lang.Object[]@500000ac)
	[0]		50003e19
	[1]		50003e18
ARR 500015c4 (sz=112, trace=301083, nelems=0, elem type=char[])
OBJ 500015c5 (sz=32, trace=301084, class=java.lang.String@50000036)
OBJ 500015c6 (sz=32, trace=301094, class=java.lang.String@50000036)
OBJ 500015c7 (sz=32, trace=301095, class=java.lang.String@50000036)
OBJ 500015c8 (sz=32, trace=301086, class=java.lang.String@50000036)
ARR 500015c9 (sz=24, trace=301096, nelems=0, elem type=java.lang.String[]@50000037)
OBJ 500015ca (sz=24, trace=301097, class=java.security.Provider$ServiceKey@50000e7a)
OBJ 500015cb (sz=24, trace=301099, class=java.security.Provider$ServiceKey@50000e7a)
	type		50003adc
	algorithm	50003e18
	originalAlgorithm	50003e18
OBJ 500015cc (sz=40, trace=300868, class=java.util.LinkedHashMap$Entry@500000a3)
	key		500015cb
	value		500015b7
	next		500015b0
	before		500015c1
	after		500015d4
ARR 500015cd (sz=48, trace=301083, nelems=0, elem type=char[])
OBJ 500015ce (sz=32, trace=301084, class=java.lang.String@50000036)
OBJ 500015cf (sz=32, trace=301085, class=java.lang.String@50000036)
OBJ 500015d0 (sz=32, trace=301086, class=java.lang.String@50000036)
ARR 500015d1 (sz=24, trace=301087, nelems=0, elem type=java.lang.String[]@50000037)
OBJ 500015d2 (sz=24, trace=301088, class=java.security.Provider$ServiceKey@50000e7a)
	type		50003af4
	algorithm	50003aac
	originalAlgorithm	50003aac
OBJ 500015d3 (sz=56, trace=301093, class=java.security.Provider$Service@5000146b)
	type		50003af4
	algorithm	50003aac
	className	50003ba0
	provider	50001239
	aliases		500015de
	attributes	500016fa
	classRef	50001aa8
OBJ 500015d4 (sz=40, trace=300868, class=java.util.LinkedHashMap$Entry@500000a3)
	key		500015d2
	value		500015d3
	before		500015cc
	after		500015dd
ARR 500015d5 (sz=88, trace=301083, nelems=0, elem type=char[])
OBJ 500015d6 (sz=32, trace=301084, class=java.lang.String@50000036)
OBJ 500015d7 (sz=32, trace=301094, class=java.lang.String@50000036)
OBJ 500015d8 (sz=32, trace=301095, class=java.lang.String@50000036)
OBJ 500015d9 (sz=32, trace=301086, class=java.lang.String@50000036)
ARR 500015da (sz=24, trace=301096, nelems=0, elem type=java.lang.String[]@50000037)
OBJ 500015db (sz=24, trace=301097, class=java.security.Provider$ServiceKey@50000e7a)
OBJ 500015dc (sz=24, trace=301099, class=java.security.Provider$ServiceKey@50000e7a)
	type		50003af4
	algorithm	50003e19
	originalAlgorithm	50003e19
OBJ 500015dd (sz=40, trace=300868, class=java.util.LinkedHashMap$Entry@500000a3)
	key		500015dc
	value		500015d3
	before		500015d4
	after		500015e8
OBJ 500015de (sz=24, trace=301101, class=java.util.ArrayList@5000011e)
	elementData	500015df
ARR 500015df (sz=24, trace=301102, nelems=2, elem type=java.lang.Object[]@500000ac)
	[0]		50003e19
	[1]		50003e18
ARR 500015e0 (sz=96, trace=301083, nelems=0, elem type=char[])
OBJ 500015e1 (sz=32, trace=301084, class=java.lang.String@50000036)
OBJ 500015e2 (sz=32, trace=301094, class=java.lang.String@50000036)
OBJ 500015e3 (sz=32, trace=301095, class=java.lang.String@50000036)
OBJ 500015e4 (sz=32, trace=301086, class=java.lang.String@50000036)
ARR 500015e5 (sz=24, trace=301096, nelems=0, elem type=java.lang.String[]@50000037)
OBJ 500015e6 (sz=24, trace=301097, class=java.security.Provider$ServiceKey@50000e7a)
OBJ 500015e7 (sz=24, trace=301099, class=java.security.Provider$ServiceKey@50000e7a)
	type		50003af4
	algorithm	50003e18
	originalAlgorithm	50003e18
OBJ 500015e8 (sz=40, trace=300868, class=java.util.LinkedHashMap$Entry@500000a3)
	key		500015e7
	value		500015d3
	before		500015dd
	after		500015f0
ARR 500015e9 (sz=64, trace=301083, nelems=0, elem type=char[])
OBJ 500015ea (sz=32, trace=301084, class=java.lang.String@50000036)
OBJ 500015eb (sz=32, trace=301085, class=java.lang.String@50000036)
OBJ 500015ec (sz=32, trace=301086, class=java.lang.String@50000036)
ARR 500015ed (sz=24, trace=301087, nelems=0, elem type=java.lang.String[]@50000037)
OBJ 500015ee (sz=24, trace=301088, class=java.security.Provider$ServiceKey@50000e7a)
	type		50003af9
	algorithm	50003a14
	originalAlgorithm	50003a14
OBJ 500015ef (sz=56, trace=301093, class=java.security.Provider$Service@5000146b)
	type		50003af9
	algorithm	50003a14
	className	50003bf1
	provider	50001239
	aliases		500015fa
	attributes	50001716
	classRef	50001780
OBJ 500015f0 (sz=40, trace=300868, class=java.util.LinkedHashMap$Entry@500000a3)
	key		500015ee
	value		500015ef
	next		50001532
	before		500015e8
	after		500015f9
ARR 500015f1 (sz=88, trace=301083, nelems=0, elem type=char[])
OBJ 500015f2 (sz=32, trace=301084, class=java.lang.String@50000036)
OBJ 500015f3 (sz=32, trace=301094, class=java.lang.String@50000036)
OBJ 500015f4 (sz=32, trace=301095, class=java.lang.String@50000036)
OBJ 500015f5 (sz=32, trace=301086, class=java.lang.String@50000036)
ARR 500015f6 (sz=24, trace=301096, nelems=0, elem type=java.lang.String[]@50000037)
OBJ 500015f7 (sz=24, trace=301097, class=java.security.Provider$ServiceKey@50000e7a)
OBJ 500015f8 (sz=24, trace=301099, class=java.security.Provider$ServiceKey@50000e7a)
	type		50003af9
	algorithm	50003c48
	originalAlgorithm	50003c48
OBJ 500015f9 (sz=40, trace=300868, class=java.util.LinkedHashMap$Entry@500000a3)
	key		500015f8
	value		500015ef
	next		50001527
	before		500015f0
	after		50001603
OBJ 500015fa (sz=24, trace=301101, class=java.util.ArrayList@5000011e)
	elementData	500015fb
ARR 500015fb (sz=24, trace=301102, nelems=1, elem type=java.lang.Object[]@500000ac)
	[0]		50003c48
ARR 500015fc (sz=40, trace=301083, nelems=0, elem type=char[])
OBJ 500015fd (sz=32, trace=301084, class=java.lang.String@50000036)
OBJ 500015fe (sz=32, trace=301085, class=java.lang.String@50000036)
OBJ 500015ff (sz=32, trace=301086, class=java.lang.String@50000036)
ARR 50001600 (sz=24, trace=301087, nelems=0, elem type=java.lang.String[]@50000037)
OBJ 50001601 (sz=24, trace=301088, class=java.security.Provider$ServiceKey@50000e7a)
	type		50003af6
	algorithm	50003c46
	originalAlgorithm	50003c46
OBJ 50001602 (sz=56, trace=301093, class=java.security.Provider$Service@5000146b)
	type		50003af6
	algorithm	50003c46
	className	50003b75
	provider	50001239
	aliases		50003b3d
	attributes	50001724
OBJ 50001603 (sz=40, trace=300868, class=java.util.LinkedHashMap$Entry@500000a3)
	key		50001601
	value		50001602
	before		500015f9
	after		5000160d
ARR 50001604 (sz=64, trace=301083, nelems=0, elem type=char[])
OBJ 50001605 (sz=32, trace=301084, class=java.lang.String@50000036)
OBJ 50001606 (sz=32, trace=301085, class=java.lang.String@50000036)
OBJ 50001607 (sz=32, trace=301086, class=java.lang.String@50000036)
ARR 50001608 (sz=24, trace=301087, nelems=0, elem type=java.lang.String[]@50000037)
OBJ 50001609 (sz=24, trace=301088, class=java.security.Provider$ServiceKey@50000e7a)
	type		50003af6
	algorithm	50003c43
	originalAlgorithm	50003c42
ARR 5000160a (sz=40, trace=301089, nelems=0, elem type=char[])
OBJ 5000160b (sz=32, trace=301090, class=java.lang.String@50000036)
OBJ 5000160c (sz=56, trace=301093, class=java.security.Provider$Service@5000146b)
	type		50003af6
	algorithm	50003c42
	className	50003b7f
	provider	50001239
	aliases		50003b3d
	attributes	50003b3c
OBJ 5000160d (sz=40, trace=300868, class=java.util.LinkedHashMap$Entry@500000a3)
	key		50001609
	value		5000160c
	before		50001603
	after		50001617
ARR 5000160e (sz=56, trace=301083, nelems=0, elem type=char[])
OBJ 5000160f (sz=32, trace=301084, class=java.lang.String@50000036)
OBJ 50001610 (sz=32, trace=301085, class=java.lang.String@50000036)
OBJ 50001611 (sz=32, trace=301086, class=java.lang.String@50000036)
ARR 50001612 (sz=24, trace=301087, nelems=0, elem type=java.lang.String[]@50000037)
OBJ 50001613 (sz=24, trace=301088, class=java.security.Provider$ServiceKey@50000e7a)
	type		50003b0a
	algorithm	50003c3f
	originalAlgorithm	50003c3e
ARR 50001614 (sz=40, trace=301089, nelems=0, elem type=char[])
OBJ 50001615 (sz=32, trace=301090, class=java.lang.String@50000036)
OBJ 50001616 (sz=56, trace=301093, class=java.security.Provider$Service@5000146b)
	type		50003b0a
	algorithm	50003c3e
	className	50003bbb
	provider	50001239
	aliases		50003b3d
	attributes	50003b3c
OBJ 50001617 (sz=40, trace=300868, class=java.util.LinkedHashMap$Entry@500000a3)
	key		50001613
	value		50001616
	before		5000160d
	after		50001621
ARR 50001618 (sz=80, trace=301083, nelems=0, elem type=char[])
OBJ 50001619 (sz=32, trace=301084, class=java.lang.String@50000036)
OBJ 5000161a (sz=32, trace=301085, class=java.lang.String@50000036)
OBJ 5000161b (sz=32, trace=301086, class=java.lang.String@50000036)
ARR 5000161c (sz=24, trace=301087, nelems=0, elem type=java.lang.String[]@50000037)
OBJ 5000161d (sz=24, trace=301088, class=java.security.Provider$ServiceKey@50000e7a)
	type		50003b0c
	algorithm	50003c3b
	originalAlgorithm	50003c3a
ARR 5000161e (sz=48, trace=301089, nelems=0, elem type=char[])
OBJ 5000161f (sz=32, trace=301090, class=java.lang.String@50000036)
OBJ 50001620 (sz=56, trace=301093, class=java.security.Provider$Service@5000146b)
	type		50003b0c
	algorithm	50003c3a
	className	50003ba6
	provider	50001239
	aliases		50003b3d
	attributes	50003b3c
OBJ 50001621 (sz=40, trace=300868, class=java.util.LinkedHashMap$Entry@500000a3)
	key		5000161d
	value		50001620
	before		50001617
	after		50001629
ARR 50001622 (sz=56, trace=301083, nelems=0, elem type=char[])
OBJ 50001623 (sz=32, trace=301084, class=java.lang.String@50000036)
OBJ 50001624 (sz=32, trace=301085, class=java.lang.String@50000036)
OBJ 50001625 (sz=32, trace=301086, class=java.lang.String@50000036)
ARR 50001626 (sz=24, trace=301087, nelems=0, elem type=java.lang.String[]@50000037)
OBJ 50001627 (sz=24, trace=301088, class=java.security.Provider$ServiceKey@50000e7a)
	type		50003afa
	algorithm	50003c34
	originalAlgorithm	50003c34
OBJ 50001628 (sz=56, trace=301093, class=java.security.Provider$Service@5000146b)
	type		50003afa
	algorithm	50003c34
	className	50003bd7
	provider	50001239
	aliases		50003b3d
	attributes	50001632
OBJ 50001629 (sz=40, trace=300868, class=java.util.LinkedHashMap$Entry@500000a3)
	key		50001627
	value		50001628
	before		50001621
	after		5000163f
ARR 5000162a (sz=96, trace=301083, nelems=0, elem type=char[])
OBJ 5000162b (sz=32, trace=301084, class=java.lang.String@50000036)
OBJ 5000162c (sz=32, trace=301085, class=java.lang.String@50000036)
OBJ 5000162d (sz=32, trace=301086, class=java.lang.String@50000036)
ARR 5000162e (sz=24, trace=301087, nelems=0, elem type=java.lang.String[]@50000037)
OBJ 5000162f (sz=32, trace=301103, class=java.lang.String@50000036)
OBJ 50001630 (sz=32, trace=301104, class=java.lang.String@50000036)
OBJ 50001631 (sz=24, trace=301105, class=java.security.Provider$ServiceKey@50000e7a)
OBJ 50001632 (sz=48, trace=301107, class=java.util.HashMap@500000cb)
	table		50001633
ARR 50001633 (sz=48, trace=301108, nelems=2, elem type=java.util.HashMap$Entry[]@50000054)
	[0]		50001637
	[1]		50001741
OBJ 50001634 (sz=24, trace=301110, class=java.security.Provider$UString@500014a6)
	string		50003c38
	lowerString	50001636
ARR 50001635 (sz=38, trace=301111, nelems=19, elem type=char[])
OBJ 50001636 (sz=32, trace=301112, class=java.lang.String@50000036)
	value		50001635
OBJ 50001637 (sz=32, trace=301113, class=java.util.HashMap$Entry@50000053)
	key		50001634
	value		50003bb7
ARR 50001638 (sz=64, trace=301083, nelems=0, elem type=char[])
OBJ 50001639 (sz=32, trace=301084, class=java.lang.String@50000036)
OBJ 5000163a (sz=32, trace=301085, class=java.lang.String@50000036)
OBJ 5000163b (sz=32, trace=301086, class=java.lang.String@50000036)
ARR 5000163c (sz=24, trace=301087, nelems=0, elem type=java.lang.String[]@50000037)
OBJ 5000163d (sz=24, trace=301088, class=java.security.Provider$ServiceKey@50000e7a)
	type		50003afb
	algorithm	50003c34
	originalAlgorithm	50003c34
OBJ 5000163e (sz=56, trace=301093, class=java.security.Provider$Service@5000146b)
	type		50003afb
	algorithm	50003c34
	className	50003c07
	provider	50001239
	aliases		50003b3d
	attributes	50001648
OBJ 5000163f (sz=40, trace=300868, class=java.util.LinkedHashMap$Entry@500000a3)
	key		5000163d
	value		5000163e
	next		5000160d
	before		50001629
	after		50001655
ARR 50001640 (sz=104, trace=301083, nelems=0, elem type=char[])
OBJ 50001641 (sz=32, trace=301084, class=java.lang.String@50000036)
OBJ 50001642 (sz=32, trace=301085, class=java.lang.String@50000036)
OBJ 50001643 (sz=32, trace=301086, class=java.lang.String@50000036)
ARR 50001644 (sz=24, trace=301087, nelems=0, elem type=java.lang.String[]@50000037)
OBJ 50001645 (sz=32, trace=301103, class=java.lang.String@50000036)
OBJ 50001646 (sz=32, trace=301104, class=java.lang.String@50000036)
OBJ 50001647 (sz=24, trace=301105, class=java.security.Provider$ServiceKey@50000e7a)
OBJ 50001648 (sz=48, trace=301107, class=java.util.HashMap@500000cb)
	table		50001649
ARR 50001649 (sz=48, trace=301108, nelems=2, elem type=java.util.HashMap$Entry[]@50000054)
	[0]		5000164d
	[1]		50001735
OBJ 5000164a (sz=24, trace=301110, class=java.security.Provider$UString@500014a6)
	string		50003c38
	lowerString	5000164c
ARR 5000164b (sz=38, trace=301111, nelems=19, elem type=char[])
OBJ 5000164c (sz=32, trace=301112, class=java.lang.String@50000036)
	value		5000164b
OBJ 5000164d (sz=32, trace=301113, class=java.util.HashMap$Entry@50000053)
	key		5000164a
	value		50003bb7
ARR 5000164e (sz=48, trace=301083, nelems=0, elem type=char[])
OBJ 5000164f (sz=32, trace=301084, class=java.lang.String@50000036)
OBJ 50001650 (sz=32, trace=301085, class=java.lang.String@50000036)
OBJ 50001651 (sz=32, trace=301086, class=java.lang.String@50000036)
ARR 50001652 (sz=24, trace=301087, nelems=0, elem type=java.lang.String[]@50000037)
OBJ 50001653 (sz=24, trace=301088, class=java.security.Provider$ServiceKey@50000e7a)
	type		50003afc
	algorithm	50003e0d
	originalAlgorithm	50003e0d
OBJ 50001654 (sz=56, trace=301093, class=java.security.Provider$Service@5000146b)
	type		50003afc
	algorithm	50003e0d
	className	50003bed
	provider	50001239
	aliases		50003b3d
	attributes	5000165e
OBJ 50001655 (sz=40, trace=300868, class=java.util.LinkedHashMap$Entry@500000a3)
	key		50001653
	value		50001654
	next		500014f4
	before		5000163f
	after		5000166d
ARR 50001656 (sz=72, trace=301083, nelems=0, elem type=char[])
OBJ 50001657 (sz=32, trace=301084, class=java.lang.String@50000036)
OBJ 50001658 (sz=32, trace=301085, class=java.lang.String@50000036)
OBJ 50001659 (sz=32, trace=301086, class=java.lang.String@50000036)
ARR 5000165a (sz=24, trace=301087, nelems=0, elem type=java.lang.String[]@50000037)
OBJ 5000165b (sz=32, trace=301103, class=java.lang.String@50000036)
OBJ 5000165c (sz=32, trace=301104, class=java.lang.String@50000036)
OBJ 5000165d (sz=24, trace=301105, class=java.security.Provider$ServiceKey@50000e7a)
OBJ 5000165e (sz=48, trace=301107, class=java.util.HashMap@500000cb)
	table		5000165f
ARR 5000165f (sz=48, trace=301108, nelems=6, elem type=java.util.HashMap$Entry[]@50000054)
	[1]		5000174d
	[5]		50001663
OBJ 50001660 (sz=24, trace=301110, class=java.security.Provider$UString@500014a6)
	string		50003e0f
	lowerString	50001662
ARR 50001661 (sz=20, trace=301111, nelems=10, elem type=char[])
OBJ 50001662 (sz=32, trace=301112, class=java.lang.String@50000036)
	value		50001661
OBJ 50001663 (sz=32, trace=301113, class=java.util.HashMap$Entry@50000053)
	key		50001660
	value		50003bf9
ARR 50001664 (sz=56, trace=301083, nelems=0, elem type=char[])
OBJ 50001665 (sz=32, trace=301084, class=java.lang.String@50000036)
OBJ 50001666 (sz=32, trace=301085, class=java.lang.String@50000036)
OBJ 50001667 (sz=32, trace=301086, class=java.lang.String@50000036)
ARR 50001668 (sz=24, trace=301087, nelems=0, elem type=java.lang.String[]@50000037)
OBJ 50001669 (sz=24, trace=301088, class=java.security.Provider$ServiceKey@50000e7a)
	type		50003afc
	algorithm	50003e0a
	originalAlgorithm	50003e09
ARR 5000166a (sz=40, trace=301089, nelems=0, elem type=char[])
OBJ 5000166b (sz=32, trace=301090, class=java.lang.String@50000036)
OBJ 5000166c (sz=56, trace=301093, class=java.security.Provider$Service@5000146b)
	type		50003afc
	algorithm	50003e09
	className	50003be5
	provider	50001239
	aliases		50003b3d
	attributes	50001758
OBJ 5000166d (sz=40, trace=300868, class=java.util.LinkedHashMap$Entry@500000a3)
	key		50001669
	value		5000166c
	next		50001476
	before		50001655
	after		50001677
ARR 5000166e (sz=104, trace=301083, nelems=0, elem type=char[])
OBJ 5000166f (sz=32, trace=301084, class=java.lang.String@50000036)
OBJ 50001670 (sz=32, trace=301085, class=java.lang.String@50000036)
OBJ 50001671 (sz=32, trace=301086, class=java.lang.String@50000036)
ARR 50001672 (sz=24, trace=301087, nelems=0, elem type=java.lang.String[]@50000037)
OBJ 50001673 (sz=24, trace=301088, class=java.security.Provider$ServiceKey@50000e7a)
	type		50003afc
	algorithm	50003e06
	originalAlgorithm	50003e05
ARR 50001674 (sz=88, trace=301089, nelems=0, elem type=char[])
OBJ 50001675 (sz=32, trace=301090, class=java.lang.String@50000036)
OBJ 50001676 (sz=56, trace=301093, class=java.security.Provider$Service@5000146b)
	type		50003afc
	algorithm	50003e05
	className	50003b93
	provider	50001239
	aliases		50003b3d
	attributes	50001768
OBJ 50001677 (sz=40, trace=300868, class=java.util.LinkedHashMap$Entry@500000a3)
	key		50001673
	value		50001676
	next		50001502
	before		5000166d
	after		5000145d
ARR 50001678 (sz=80, trace=301083, nelems=0, elem type=char[])
OBJ 50001679 (sz=32, trace=301084, class=java.lang.String@50000036)
OBJ 5000167a (sz=32, trace=301085, class=java.lang.String@50000036)
OBJ 5000167b (sz=32, trace=301086, class=java.lang.String@50000036)
ARR 5000167c (sz=24, trace=301087, nelems=0, elem type=java.lang.String[]@50000037)
OBJ 5000167d (sz=32, trace=301103, class=java.lang.String@50000036)
OBJ 5000167e (sz=32, trace=301104, class=java.lang.String@50000036)
OBJ 5000167f (sz=24, trace=301105, class=java.security.Provider$ServiceKey@50000e7a)
ARR 50001680 (sz=40, trace=301106, nelems=0, elem type=char[])
OBJ 50001681 (sz=32, trace=301090, class=java.lang.String@50000036)
OBJ 50001682 (sz=24, trace=301110, class=java.security.Provider$UString@500014a6)
	string		50003df5
	lowerString	50001684
ARR 50001683 (sz=14, trace=301111, nelems=7, elem type=char[])
OBJ 50001684 (sz=32, trace=301112, class=java.lang.String@50000036)
	value		50001683
OBJ 50001685 (sz=32, trace=301113, class=java.util.HashMap$Entry@50000053)
	key		50001682
	value		50003b9c
ARR 50001686 (sz=72, trace=301083, nelems=0, elem type=char[])
OBJ 50001687 (sz=32, trace=301084, class=java.lang.String@50000036)
OBJ 50001688 (sz=32, trace=301085, class=java.lang.String@50000036)
OBJ 50001689 (sz=32, trace=301086, class=java.lang.String@50000036)
ARR 5000168a (sz=24, trace=301087, nelems=0, elem type=java.lang.String[]@50000037)
OBJ 5000168b (sz=32, trace=301103, class=java.lang.String@50000036)
OBJ 5000168c (sz=32, trace=301104, class=java.lang.String@50000036)
OBJ 5000168d (sz=24, trace=301105, class=java.security.Provider$ServiceKey@50000e7a)
OBJ 5000168e (sz=48, trace=301107, class=java.util.HashMap@500000cb)
	table		5000168f
ARR 5000168f (sz=48, trace=301108, nelems=5, elem type=java.util.HashMap$Entry[]@50000054)
	[1]		500016bb
	[4]		50001693
OBJ 50001690 (sz=24, trace=301110, class=java.security.Provider$UString@500014a6)
	string		50003df5
	lowerString	50001692
ARR 50001691 (sz=14, trace=301111, nelems=7, elem type=char[])
OBJ 50001692 (sz=32, trace=301112, class=java.lang.String@50000036)
	value		50001691
OBJ 50001693 (sz=32, trace=301113, class=java.util.HashMap$Entry@50000053)
	key		50001690
	value		50003b9c
ARR 50001694 (sz=96, trace=301083, nelems=0, elem type=char[])
OBJ 50001695 (sz=32, trace=301084, class=java.lang.String@50000036)
OBJ 50001696 (sz=32, trace=301085, class=java.lang.String@50000036)
OBJ 50001697 (sz=32, trace=301086, class=java.lang.String@50000036)
ARR 50001698 (sz=24, trace=301087, nelems=0, elem type=java.lang.String[]@50000037)
OBJ 50001699 (sz=32, trace=301103, class=java.lang.String@50000036)
OBJ 5000169a (sz=32, trace=301104, class=java.lang.String@50000036)
OBJ 5000169b (sz=24, trace=301105, class=java.security.Provider$ServiceKey@50000e7a)
OBJ 5000169c (sz=48, trace=301107, class=java.util.HashMap@500000cb)
	table		5000169d
ARR 5000169d (sz=48, trace=301108, nelems=5, elem type=java.util.HashMap$Entry[]@50000054)
	[1]		500016e3
	[4]		500016a1
OBJ 5000169e (sz=24, trace=301110, class=java.security.Provider$UString@500014a6)
	string		50003df5
	lowerString	500016a0
ARR 5000169f (sz=14, trace=301111, nelems=7, elem type=char[])
OBJ 500016a0 (sz=32, trace=301112, class=java.lang.String@50000036)
	value		5000169f
OBJ 500016a1 (sz=32, trace=301113, class=java.util.HashMap$Entry@50000053)
	key		5000169e
	value		50003b9c
ARR 500016a2 (sz=88, trace=301083, nelems=0, elem type=char[])
OBJ 500016a3 (sz=32, trace=301084, class=java.lang.String@50000036)
OBJ 500016a4 (sz=32, trace=301085, class=java.lang.String@50000036)
OBJ 500016a5 (sz=32, trace=301086, class=java.lang.String@50000036)
ARR 500016a6 (sz=24, trace=301087, nelems=0, elem type=java.lang.String[]@50000037)
OBJ 500016a7 (sz=32, trace=301103, class=java.lang.String@50000036)
OBJ 500016a8 (sz=32, trace=301104, class=java.lang.String@50000036)
OBJ 500016a9 (sz=24, trace=301105, class=java.security.Provider$ServiceKey@50000e7a)
ARR 500016aa (sz=40, trace=301106, nelems=0, elem type=char[])
OBJ 500016ab (sz=32, trace=301090, class=java.lang.String@50000036)
OBJ 500016ac (sz=24, trace=301110, class=java.security.Provider$UString@500014a6)
	string		50003c36
	lowerString	500016ae
ARR 500016ad (sz=26, trace=301111, nelems=13, elem type=char[])
OBJ 500016ae (sz=32, trace=301112, class=java.lang.String@50000036)
	value		500016ad
OBJ 500016af (sz=32, trace=301113, class=java.util.HashMap$Entry@50000053)
	key		500016ac
	value		50003b71
ARR 500016b0 (sz=88, trace=301083, nelems=0, elem type=char[])
OBJ 500016b1 (sz=32, trace=301084, class=java.lang.String@50000036)
OBJ 500016b2 (sz=32, trace=301085, class=java.lang.String@50000036)
OBJ 500016b3 (sz=32, trace=301086, class=java.lang.String@50000036)
ARR 500016b4 (sz=24, trace=301087, nelems=0, elem type=java.lang.String[]@50000037)
OBJ 500016b5 (sz=32, trace=301103, class=java.lang.String@50000036)
OBJ 500016b6 (sz=32, trace=301104, class=java.lang.String@50000036)
OBJ 500016b7 (sz=24, trace=301105, class=java.security.Provider$ServiceKey@50000e7a)
OBJ 500016b8 (sz=24, trace=301110, class=java.security.Provider$UString@500014a6)
	string		50003c36
	lowerString	500016ba
ARR 500016b9 (sz=26, trace=301111, nelems=13, elem type=char[])
OBJ 500016ba (sz=32, trace=301112, class=java.lang.String@50000036)
	value		500016b9
OBJ 500016bb (sz=32, trace=301113, class=java.util.HashMap$Entry@50000053)
	key		500016b8
	value		50003b71
ARR 500016bc (sz=80, trace=301083, nelems=0, elem type=char[])
OBJ 500016bd (sz=32, trace=301084, class=java.lang.String@50000036)
OBJ 500016be (sz=32, trace=301085, class=java.lang.String@50000036)
OBJ 500016bf (sz=32, trace=301086, class=java.lang.String@50000036)
ARR 500016c0 (sz=24, trace=301087, nelems=0, elem type=java.lang.String[]@50000037)
OBJ 500016c1 (sz=32, trace=301103, class=java.lang.String@50000036)
OBJ 500016c2 (sz=32, trace=301104, class=java.lang.String@50000036)
OBJ 500016c3 (sz=24, trace=301105, class=java.security.Provider$ServiceKey@50000e7a)
OBJ 500016c4 (sz=48, trace=301107, class=java.util.HashMap@500000cb)
	table		500016c5
ARR 500016c5 (sz=48, trace=301108, nelems=2, elem type=java.util.HashMap$Entry[]@50000054)
	[1]		500016c9
OBJ 500016c6 (sz=24, trace=301110, class=java.security.Provider$UString@500014a6)
	string		50003c36
	lowerString	500016c8
ARR 500016c7 (sz=26, trace=301111, nelems=13, elem type=char[])
OBJ 500016c8 (sz=32, trace=301112, class=java.lang.String@50000036)
	value		500016c7
OBJ 500016c9 (sz=32, trace=301113, class=java.util.HashMap$Entry@50000053)
	key		500016c6
	value		50003b71
ARR 500016ca (sz=80, trace=301083, nelems=0, elem type=char[])
OBJ 500016cb (sz=32, trace=301084, class=java.lang.String@50000036)
OBJ 500016cc (sz=32, trace=301085, class=java.lang.String@50000036)
OBJ 500016cd (sz=32, trace=301086, class=java.lang.String@50000036)
ARR 500016ce (sz=24, trace=301087, nelems=0, elem type=java.lang.String[]@50000037)
OBJ 500016cf (sz=32, trace=301103, class=java.lang.String@50000036)
OBJ 500016d0 (sz=32, trace=301104, class=java.lang.String@50000036)
OBJ 500016d1 (sz=24, trace=301105, class=java.security.Provider$ServiceKey@50000e7a)
OBJ 500016d2 (sz=48, trace=301107, class=java.util.HashMap@500000cb)
	table		500016d3
ARR 500016d3 (sz=48, trace=301108, nelems=2, elem type=java.util.HashMap$Entry[]@50000054)
	[1]		500016d7
OBJ 500016d4 (sz=24, trace=301110, class=java.security.Provider$UString@500014a6)
	string		50003c36
	lowerString	500016d6
ARR 500016d5 (sz=26, trace=301111, nelems=13, elem type=char[])
OBJ 500016d6 (sz=32, trace=301112, class=java.lang.String@50000036)
	value		500016d5
OBJ 500016d7 (sz=32, trace=301113, class=java.util.HashMap$Entry@50000053)
	key		500016d4
	value		50003b71
ARR 500016d8 (sz=112, trace=301083, nelems=0, elem type=char[])
OBJ 500016d9 (sz=32, trace=301084, class=java.lang.String@50000036)
OBJ 500016da (sz=32, trace=301085, class=java.lang.String@50000036)
OBJ 500016db (sz=32, trace=301086, class=java.lang.String@50000036)
ARR 500016dc (sz=24, trace=301087, nelems=0, elem type=java.lang.String[]@50000037)
OBJ 500016dd (sz=32, trace=301103, class=java.lang.String@50000036)
OBJ 500016de (sz=32, trace=301104, class=java.lang.String@50000036)
OBJ 500016df (sz=24, trace=301105, class=java.security.Provider$ServiceKey@50000e7a)
OBJ 500016e0 (sz=24, trace=301110, class=java.security.Provider$UString@500014a6)
	string		50003c36
	lowerString	500016e2
ARR 500016e1 (sz=26, trace=301111, nelems=13, elem type=char[])
OBJ 500016e2 (sz=32, trace=301112, class=java.lang.String@50000036)
	value		500016e1
OBJ 500016e3 (sz=32, trace=301113, class=java.util.HashMap$Entry@50000053)
	key		500016e0
	value		50003b71
ARR 500016e4 (sz=96, trace=301083, nelems=0, elem type=char[])
OBJ 500016e5 (sz=32, trace=301084, class=java.lang.String@50000036)
OBJ 500016e6 (sz=32, trace=301085, class=java.lang.String@50000036)
OBJ 500016e7 (sz=32, trace=301086, class=java.lang.String@50000036)
ARR 500016e8 (sz=24, trace=301087, nelems=0, elem type=java.lang.String[]@50000037)
OBJ 500016e9 (sz=32, trace=301103, class=java.lang.String@50000036)
OBJ 500016ea (sz=32, trace=301104, class=java.lang.String@50000036)
OBJ 500016eb (sz=24, trace=301105, class=java.security.Provider$ServiceKey@50000e7a)
OBJ 500016ec (sz=48, trace=301107, class=java.util.HashMap@500000cb)
	table		500016ed
ARR 500016ed (sz=48, trace=301108, nelems=2, elem type=java.util.HashMap$Entry[]@50000054)
	[1]		500016f1
OBJ 500016ee (sz=24, trace=301110, class=java.security.Provider$UString@500014a6)
	string		50003c36
	lowerString	500016f0
ARR 500016ef (sz=26, trace=301111, nelems=13, elem type=char[])
OBJ 500016f0 (sz=32, trace=301112, class=java.lang.String@50000036)
	value		500016ef
OBJ 500016f1 (sz=32, trace=301113, class=java.util.HashMap$Entry@50000053)
	key		500016ee
	value		50003b71
ARR 500016f2 (sz=72, trace=301083, nelems=0, elem type=char[])
OBJ 500016f3 (sz=32, trace=301084, class=java.lang.String@50000036)
OBJ 500016f4 (sz=32, trace=301085, class=java.lang.String@50000036)
OBJ 500016f5 (sz=32, trace=301086, class=java.lang.String@50000036)
ARR 500016f6 (sz=24, trace=301087, nelems=0, elem type=java.lang.String[]@50000037)
OBJ 500016f7 (sz=32, trace=301103, class=java.lang.String@50000036)
OBJ 500016f8 (sz=32, trace=301104, class=java.lang.String@50000036)
OBJ 500016f9 (sz=24, trace=301105, class=java.security.Provider$ServiceKey@50000e7a)
OBJ 500016fa (sz=48, trace=301107, class=java.util.HashMap@500000cb)
	table		500016fb
ARR 500016fb (sz=48, trace=301108, nelems=2, elem type=java.util.HashMap$Entry[]@50000054)
	[1]		500016ff
OBJ 500016fc (sz=24, trace=301110, class=java.security.Provider$UString@500014a6)
	string		50003c36
	lowerString	500016fe
ARR 500016fd (sz=26, trace=301111, nelems=13, elem type=char[])
OBJ 500016fe (sz=32, trace=301112, class=java.lang.String@50000036)
	value		500016fd
OBJ 500016ff (sz=32, trace=301113, class=java.util.HashMap$Entry@50000053)
	key		500016fc
	value		50003b71
ARR 50001700 (sz=88, trace=301083, nelems=0, elem type=char[])
OBJ 50001701 (sz=32, trace=301084, class=java.lang.String@50000036)
OBJ 50001702 (sz=32, trace=301085, class=java.lang.String@50000036)
OBJ 50001703 (sz=32, trace=301086, class=java.lang.String@50000036)
ARR 50001704 (sz=24, trace=301087, nelems=0, elem type=java.lang.String[]@50000037)
OBJ 50001705 (sz=32, trace=301103, class=java.lang.String@50000036)
OBJ 50001706 (sz=32, trace=301104, class=java.lang.String@50000036)
OBJ 50001707 (sz=24, trace=301105, class=java.security.Provider$ServiceKey@50000e7a)
OBJ 50001708 (sz=48, trace=301107, class=java.util.HashMap@500000cb)
	table		50001709
ARR 50001709 (sz=48, trace=301108, nelems=2, elem type=java.util.HashMap$Entry[]@50000054)
	[1]		5000170d
OBJ 5000170a (sz=24, trace=301110, class=java.security.Provider$UString@500014a6)
	string		50003c36
	lowerString	5000170c
ARR 5000170b (sz=26, trace=301111, nelems=13, elem type=char[])
OBJ 5000170c (sz=32, trace=301112, class=java.lang.String@50000036)
	value		5000170b
OBJ 5000170d (sz=32, trace=301113, class=java.util.HashMap$Entry@50000053)
	key		5000170a
	value		50003b71
ARR 5000170e (sz=96, trace=301083, nelems=0, elem type=char[])
OBJ 5000170f (sz=32, trace=301084, class=java.lang.String@50000036)
OBJ 50001710 (sz=32, trace=301085, class=java.lang.String@50000036)
OBJ 50001711 (sz=32, trace=301086, class=java.lang.String@50000036)
ARR 50001712 (sz=24, trace=301087, nelems=0, elem type=java.lang.String[]@50000037)
OBJ 50001713 (sz=32, trace=301103, class=java.lang.String@50000036)
OBJ 50001714 (sz=32, trace=301104, class=java.lang.String@50000036)
OBJ 50001715 (sz=24, trace=301105, class=java.security.Provider$ServiceKey@50000e7a)
OBJ 50001716 (sz=48, trace=301107, class=java.util.HashMap@500000cb)
	table		50001717
ARR 50001717 (sz=48, trace=301108, nelems=2, elem type=java.util.HashMap$Entry[]@50000054)
	[1]		5000171b
OBJ 50001718 (sz=24, trace=301110, class=java.security.Provider$UString@500014a6)
	string		50003c36
	lowerString	5000171a
ARR 50001719 (sz=26, trace=301111, nelems=13, elem type=char[])
OBJ 5000171a (sz=32, trace=301112, class=java.lang.String@50000036)
	value		50001719
OBJ 5000171b (sz=32, trace=301113, class=java.util.HashMap$Entry@50000053)
	key		50001718
	value		50003b71
ARR 5000171c (sz=72, trace=301083, nelems=0, elem type=char[])
OBJ 5000171d (sz=32, trace=301084, class=java.lang.String@50000036)
OBJ 5000171e (sz=32, trace=301085, class=java.lang.String@50000036)
OBJ 5000171f (sz=32, trace=301086, class=java.lang.String@50000036)
ARR 50001720 (sz=24, trace=301087, nelems=0, elem type=java.lang.String[]@50000037)
OBJ 50001721 (sz=32, trace=301103, class=java.lang.String@50000036)
OBJ 50001722 (sz=32, trace=301104, class=java.lang.String@50000036)
OBJ 50001723 (sz=24, trace=301105, class=java.security.Provider$ServiceKey@50000e7a)
OBJ 50001724 (sz=48, trace=301107, class=java.util.HashMap@500000cb)
	table		50001725
ARR 50001725 (sz=48, trace=301108, nelems=2, elem type=java.util.HashMap$Entry[]@50000054)
	[1]		50001729
OBJ 50001726 (sz=24, trace=301110, class=java.security.Provider$UString@500014a6)
	string		50003c36
	lowerString	50001728
ARR 50001727 (sz=26, trace=301111, nelems=13, elem type=char[])
OBJ 50001728 (sz=32, trace=301112, class=java.lang.String@50000036)
	value		50001727
OBJ 50001729 (sz=32, trace=301113, class=java.util.HashMap$Entry@50000053)
	key		50001726
	value		50003b71
ARR 5000172a (sz=88, trace=301083, nelems=0, elem type=char[])
OBJ 5000172b (sz=32, trace=301084, class=java.lang.String@50000036)
OBJ 5000172c (sz=32, trace=301085, class=java.lang.String@50000036)
OBJ 5000172d (sz=32, trace=301086, class=java.lang.String@50000036)
ARR 5000172e (sz=24, trace=301087, nelems=0, elem type=java.lang.String[]@50000037)
OBJ 5000172f (sz=32, trace=301103, class=java.lang.String@50000036)
OBJ 50001730 (sz=32, trace=301104, class=java.lang.String@50000036)
OBJ 50001731 (sz=24, trace=301105, class=java.security.Provider$ServiceKey@50000e7a)
OBJ 50001732 (sz=24, trace=301110, class=java.security.Provider$UString@500014a6)
	string		50003c36
	lowerString	50001734
ARR 50001733 (sz=26, trace=301111, nelems=13, elem type=char[])
OBJ 50001734 (sz=32, trace=301112, class=java.lang.String@50000036)
	value		50001733
OBJ 50001735 (sz=32, trace=301113, class=java.util.HashMap$Entry@50000053)
	key		50001732
	value		50003b71
ARR 50001736 (sz=88, trace=301083, nelems=0, elem type=char[])
OBJ 50001737 (sz=32, trace=301084, class=java.lang.String@50000036)
OBJ 50001738 (sz=32, trace=301085, class=java.lang.String@50000036)
OBJ 50001739 (sz=32, trace=301086, class=java.lang.String@50000036)
ARR 5000173a (sz=24, trace=301087, nelems=0, elem type=java.lang.String[]@50000037)
OBJ 5000173b (sz=32, trace=301103, class=java.lang.String@50000036)
OBJ 5000173c (sz=32, trace=301104, class=java.lang.String@50000036)
OBJ 5000173d (sz=24, trace=301105, class=java.security.Provider$ServiceKey@50000e7a)
OBJ 5000173e (sz=24, trace=301110, class=java.security.Provider$UString@500014a6)
	string		50003c36
	lowerString	50001740
ARR 5000173f (sz=26, trace=301111, nelems=13, elem type=char[])
OBJ 50001740 (sz=32, trace=301112, class=java.lang.String@50000036)
	value		5000173f
OBJ 50001741 (sz=32, trace=301113, class=java.util.HashMap$Entry@50000053)
	key		5000173e
	value		50003b71
ARR 50001742 (sz=72, trace=301083, nelems=0, elem type=char[])
OBJ 50001743 (sz=32, trace=301084, class=java.lang.String@50000036)
OBJ 50001744 (sz=32, trace=301085, class=java.lang.String@50000036)
OBJ 50001745 (sz=32, trace=301086, class=java.lang.String@50000036)
ARR 50001746 (sz=24, trace=301087, nelems=0, elem type=java.lang.String[]@50000037)
OBJ 50001747 (sz=32, trace=301103, class=java.lang.String@50000036)
OBJ 50001748 (sz=32, trace=301104, class=java.lang.String@50000036)
OBJ 50001749 (sz=24, trace=301105, class=java.security.Provider$ServiceKey@50000e7a)
OBJ 5000174a (sz=24, trace=301110, class=java.security.Provider$UString@500014a6)
	string		50003c36
	lowerString	5000174c
ARR 5000174b (sz=26, trace=301111, nelems=13, elem type=char[])
OBJ 5000174c (sz=32, trace=301112, class=java.lang.String@50000036)
	value		5000174b
OBJ 5000174d (sz=32, trace=301113, class=java.util.HashMap$Entry@50000053)
	key		5000174a
	value		50003b71
ARR 5000174e (sz=88, trace=301083, nelems=0, elem type=char[])
OBJ 5000174f (sz=32, trace=301084, class=java.lang.String@50000036)
OBJ 50001750 (sz=32, trace=301085, class=java.lang.String@50000036)
OBJ 50001751 (sz=32, trace=301086, class=java.lang.String@50000036)
ARR 50001752 (sz=24, trace=301087, nelems=0, elem type=java.lang.String[]@50000037)
OBJ 50001753 (sz=32, trace=301103, class=java.lang.String@50000036)
OBJ 50001754 (sz=32, trace=301104, class=java.lang.String@50000036)
OBJ 50001755 (sz=24, trace=301105, class=java.security.Provider$ServiceKey@50000e7a)
ARR 50001756 (sz=40, trace=301106, nelems=0, elem type=char[])
OBJ 50001757 (sz=32, trace=301090, class=java.lang.String@50000036)
OBJ 50001758 (sz=48, trace=301107, class=java.util.HashMap@500000cb)
	table		50001759
ARR 50001759 (sz=48, trace=301108, nelems=2, elem type=java.util.HashMap$Entry[]@50000054)
	[1]		5000175d
OBJ 5000175a (sz=24, trace=301110, class=java.security.Provider$UString@500014a6)
	string		50003c36
	lowerString	5000175c
ARR 5000175b (sz=26, trace=301111, nelems=13, elem type=char[])
OBJ 5000175c (sz=32, trace=301112, class=java.lang.String@50000036)
	value		5000175b
OBJ 5000175d (sz=32, trace=301113, class=java.util.HashMap$Entry@50000053)
	key		5000175a
	value		50003b71
ARR 5000175e (sz=136, trace=301083, nelems=0, elem type=char[])
OBJ 5000175f (sz=32, trace=301084, class=java.lang.String@50000036)
OBJ 50001760 (sz=32, trace=301085, class=java.lang.String@50000036)
OBJ 50001761 (sz=32, trace=301086, class=java.lang.String@50000036)
ARR 50001762 (sz=24, trace=301087, nelems=0, elem type=java.lang.String[]@50000037)
OBJ 50001763 (sz=32, trace=301103, class=java.lang.String@50000036)
OBJ 50001764 (sz=32, trace=301104, class=java.lang.String@50000036)
OBJ 50001765 (sz=24, trace=301105, class=java.security.Provider$ServiceKey@50000e7a)
ARR 50001766 (sz=88, trace=301106, nelems=0, elem type=char[])
OBJ 50001767 (sz=32, trace=301090, class=java.lang.String@50000036)
OBJ 50001768 (sz=48, trace=301107, class=java.util.HashMap@500000cb)
	table		50001769
ARR 50001769 (sz=48, trace=301108, nelems=2, elem type=java.util.HashMap$Entry[]@50000054)
	[1]		5000176d
OBJ 5000176a (sz=24, trace=301110, class=java.security.Provider$UString@500014a6)
	string		50003c36
	lowerString	5000176c
ARR 5000176b (sz=26, trace=301111, nelems=13, elem type=char[])
OBJ 5000176c (sz=32, trace=301112, class=java.lang.String@50000036)
	value		5000176b
OBJ 5000176d (sz=32, trace=301113, class=java.util.HashMap$Entry@50000053)
	key		5000176a
	value		50003b71
OBJ 5000176e (sz=16, trace=301080, class=java.util.HashMap$EntrySet@5000145e)
	this$0		5000145b
OBJ 5000176f (sz=32, trace=301082, class=java.util.LinkedHashMap$EntryIterator@50001461)
ARR 50001771 (sz=16, trace=301116, nelems=8, elem type=char[])
OBJ 50001774 (sz=32, trace=301119, class=sun.security.util.MemoryCache@50001773)
	cacheMap	50001777
	queue		50001775
OBJ 50001775 (sz=32, trace=301120, class=java.lang.ref.ReferenceQueue@5000009c)
	lock		50001776
OBJ 50001776 (sz=16, trace=301121, class=java.lang.ref.ReferenceQueue$Lock@50000070)
OBJ 50001777 (sz=56, trace=301122, class=java.util.LinkedHashMap@500000e0)
	table		50001778
	header		50001779
ARR 50001778 (sz=4112, trace=301123, nelems=217, elem type=java.util.HashMap$Entry[]@50000054)
	[49]		50001e7c
	[216]		50001c30
OBJ 50001779 (sz=40, trace=301124, class=java.util.LinkedHashMap$Entry@500000a3)
	before		50001e7c
	after		50001c30
OBJ 5000177a (sz=32, trace=301119, class=sun.security.util.MemoryCache@50001773)
	cacheMap	5000177d
	queue		5000177b
OBJ 5000177b (sz=32, trace=301120, class=java.lang.ref.ReferenceQueue@5000009c)
	lock		5000177c
OBJ 5000177c (sz=16, trace=301121, class=java.lang.ref.ReferenceQueue$Lock@50000070)
OBJ 5000177d (sz=56, trace=301122, class=java.util.LinkedHashMap@500000e0)
	table		5000177e
	header		5000177f
ARR 5000177e (sz=4112, trace=301123, nelems=0, elem type=java.util.HashMap$Entry[]@50000054)
OBJ 5000177f (sz=40, trace=301124, class=java.util.LinkedHashMap$Entry@500000a3)
	before		5000177f
	after		5000177f
OBJ 50001780 (sz=32, trace=301125, class=java.lang.ref.WeakReference@50000113)
	referent	50001770
	queue		500039c6
ARR 50001781 (sz=16, trace=301126, nelems=0, elem type=java.lang.Class[]@5000002d)
OBJ 50001782 (sz=40, trace=300834, class=java.lang.ref.SoftReference@500000c8)
OBJ 50001783 (sz=72, trace=300835, class=java.lang.reflect.Constructor@5000000d)
OBJ 50001784 (sz=24, trace=301127, class=java.lang.Class$1@500000f0)
OBJ 50001785 (sz=24, trace=300837, class=sun.reflect.NativeConstructorAccessorImpl@500000e3)
OBJ 50001786 (sz=16, trace=300838, class=sun.reflect.DelegatingConstructorAccessorImpl@500000bc)
OBJ 50001787 (sz=16, trace=301128, class=sun.security.provider.X509Factory@50001770)
OBJ 50001789 (sz=24, trace=301130, class=sun.security.jca.GetInstance$Instance@50001788)
OBJ 5000178a (sz=24, trace=301131, class=java.security.cert.CertificateFactory@5000121f)
OBJ 5000178b (sz=24, trace=301132, class=sun.security.util.DerInputStream@50001066)
OBJ 5000178c (sz=32, trace=300067, class=java.util.Vector@50000004)
ARR 5000178d (sz=24, trace=300583, nelems=0, elem type=java.lang.Object[]@500000ac)
OBJ 5000178e (sz=32, trace=301133, class=sun.security.util.DerValue@50001086)
OBJ 5000178f (sz=24, trace=300585, class=sun.security.util.DerInputStream@50001066)
OBJ 50001790 (sz=32, trace=301133, class=sun.security.util.DerValue@50001086)
OBJ 50001791 (sz=24, trace=300585, class=sun.security.util.DerInputStream@50001066)
ARR 50001792 (sz=24, trace=301134, nelems=0, elem type=sun.security.util.DerValue[]@5000108b)
ARR 50001796 (sz=24, trace=301136, nelems=0, elem type=java.security.cert.X509Certificate[]@50001795)
OBJ 50001797 (sz=24, trace=300571, class=sun.security.util.DerOutputStream@5000108e)
ARR 50001798 (sz=48, trace=300572, nelems=0, elem type=byte[])
ARR 50001799 (sz=960, trace=301137, nelems=0, elem type=byte[])
ARR 5000179a (sz=968, trace=300580, nelems=0, elem type=byte[])
ARR 5000179b (sz=968, trace=301138, nelems=0, elem type=byte[])
OBJ 5000179c (sz=32, trace=301139, class=java.io.ByteArrayInputStream@50000a72)
ARR 5000179d (sz=24, trace=301140, nelems=0, elem type=byte[])
ARR 5000179e (sz=968, trace=301141, nelems=0, elem type=byte[])
OBJ 500017a0 (sz=24, trace=301143, class=sun.security.util.Cache$EqualByteArray@5000179f)
OBJ 500017a2 (sz=72, trace=301145, class=sun.security.x509.X509CertImpl@500017a1)
	type		50003a14
	signedCert	500017ae
	info		500018cf
	algId		500017bc
	signature	500017bd
OBJ 500017a3 (sz=32, trace=301146, class=sun.security.util.DerValue@50001086)
OBJ 500017a4 (sz=32, trace=301147, class=java.io.ByteArrayInputStream@50000a72)
ARR 500017a6 (sz=16, trace=301149, nelems=0, elem type=byte[])
ARR 500017a7 (sz=960, trace=301150, nelems=0, elem type=byte[])
OBJ 500017a8 (sz=32, trace=301151, class=sun.security.util.DerInputBuffer@50001069)
OBJ 500017a9 (sz=24, trace=301152, class=sun.security.util.DerInputStream@50001066)
OBJ 500017aa (sz=24, trace=300571, class=sun.security.util.DerOutputStream@5000108e)
ARR 500017ab (sz=48, trace=300572, nelems=0, elem type=byte[])
ARR 500017ac (sz=960, trace=301153, nelems=0, elem type=byte[])
ARR 500017ad (sz=968, trace=300580, nelems=0, elem type=byte[])
ARR 500017ae (sz=946, trace=301154, nelems=946, elem type=byte[])
ARR 500017af (sz=32, trace=301155, nelems=0, elem type=sun.security.util.DerValue[]@5000108b)
OBJ 500017b0 (sz=32, trace=301156, class=sun.security.util.DerValue@50001086)
OBJ 500017b1 (sz=24, trace=301157, class=sun.security.util.DerInputStream@50001066)
OBJ 500017b2 (sz=32, trace=301158, class=sun.security.util.DerValue@50001086)
OBJ 500017b3 (sz=24, trace=301159, class=sun.security.util.DerInputStream@50001066)
OBJ 500017b4 (sz=32, trace=301160, class=sun.security.util.DerValue@50001086)
OBJ 500017b5 (sz=24, trace=301161, class=sun.security.util.DerInputStream@50001066)
OBJ 500017b6 (sz=24, trace=301162, class=sun.security.util.DerInputStream@50001066)
OBJ 500017b7 (sz=24, trace=301163, class=sun.security.util.ObjectIdentifier@50001077)
	components	500017b9
ARR 500017b8 (sz=40, trace=300806, nelems=0, elem type=int[])
ARR 500017b9 (sz=40, trace=300807, nelems=10, elem type=int[])
OBJ 500017ba (sz=32, trace=301164, class=sun.security.util.DerValue@50001086)
OBJ 500017bb (sz=24, trace=300809, class=sun.security.util.DerInputStream@50001066)
OBJ 500017bc (sz=32, trace=301165, class=sun.security.x509.AlgorithmId@50001199)
	algid		500017b7
ARR 500017bd (sz=46, trace=301166, nelems=46, elem type=byte[])
OBJ 500017c0 (sz=48, trace=301168, class=java.util.HashMap@500000cb)
	table		500017c1
ARR 500017c1 (sz=80, trace=301169, nelems=16, elem type=java.util.HashMap$Entry[]@50000054)
	[2]		500018cc
	[4]		500018c8
	[5]		500018cd
	[6]		500018ca
	[9]		500018c6
	[13]		500018ce
	[14]		500018cb
	[15]		500018c5
ARR 500017c4 (sz=1040, trace=301171, nelems=256, elem type=java.lang.Integer[]@500017c3)
	[0]		500017c5
	[1]		500017c6
	[2]		500017c7
	[3]		500017c8
	[4]		500017c9
	[5]		500017ca
	[6]		500017cb
	[7]		500017cc
	[8]		500017cd
	[9]		500017ce
	[10]		500017cf
	[11]		500017d0
	[12]		500017d1
	[13]		500017d2
	[14]		500017d3
	[15]		500017d4
	[16]		500017d5
	[17]		500017d6
	[18]		500017d7
	[19]		500017d8
	[20]		500017d9
	[21]		500017da
	[22]		500017db
	[23]		500017dc
	[24]		500017dd
	[25]		500017de
	[26]		500017df
	[27]		500017e0
	[28]		500017e1
	[29]		500017e2
	[30]		500017e3
	[31]		500017e4
	[32]		500017e5
	[33]		500017e6
	[34]		500017e7
	[35]		500017e8
	[36]		500017e9
	[37]		500017ea
	[38]		500017eb
	[39]		500017ec
	[40]		500017ed
	[41]		500017ee
	[42]		500017ef
	[43]		500017f0
	[44]		500017f1
	[45]		500017f2
	[46]		500017f3
	[47]		500017f4
	[48]		500017f5
	[49]		500017f6
	[50]		500017f7
	[51]		500017f8
	[52]		500017f9
	[53]		500017fa
	[54]		500017fb
	[55]		500017fc
	[56]		500017fd
	[57]		500017fe
	[58]		500017ff
	[59]		50001800
	[60]		50001801
	[61]		50001802
	[62]		50001803
	[63]		50001804
	[64]		50001805
	[65]		50001806
	[66]		50001807
	[67]		50001808
	[68]		50001809
	[69]		5000180a
	[70]		5000180b
	[71]		5000180c
	[72]		5000180d
	[73]		5000180e
	[74]		5000180f
	[75]		50001810
	[76]		50001811
	[77]		50001812
	[78]		50001813
	[79]		50001814
	[80]		50001815
	[81]		50001816
	[82]		50001817
	[83]		50001818
	[84]		50001819
	[85]		5000181a
	[86]		5000181b
	[87]		5000181c
	[88]		5000181d
	[89]		5000181e
	[90]		5000181f
	[91]		50001820
	[92]		50001821
	[93]		50001822
	[94]		50001823
	[95]		50001824
	[96]		50001825
	[97]		50001826
	[98]		50001827
	[99]		50001828
	[100]		50001829
	[101]		5000182a
	[102]		5000182b
	[103]		5000182c
	[104]		5000182d
	[105]		5000182e
	[106]		5000182f
	[107]		50001830
	[108]		50001831
	[109]		50001832
	[110]		50001833
	[111]		50001834
	[112]		50001835
	[113]		50001836
	[114]		50001837
	[115]		50001838
	[116]		50001839
	[117]		5000183a
	[118]		5000183b
	[119]		5000183c
	[120]		5000183d
	[121]		5000183e
	[122]		5000183f
	[123]		50001840
	[124]		50001841
	[125]		50001842
	[126]		50001843
	[127]		50001844
	[128]		50001845
	[129]		50001846
	[130]		50001847
	[131]		50001848
	[132]		50001849
	[133]		5000184a
	[134]		5000184b
	[135]		5000184c
	[136]		5000184d
	[137]		5000184e
	[138]		5000184f
	[139]		50001850
	[140]		50001851
	[141]		50001852
	[142]		50001853
	[143]		50001854
	[144]		50001855
	[145]		50001856
	[146]		50001857
	[147]		50001858
	[148]		50001859
	[149]		5000185a
	[150]		5000185b
	[151]		5000185c
	[152]		5000185d
	[153]		5000185e
	[154]		5000185f
	[155]		50001860
	[156]		50001861
	[157]		50001862
	[158]		50001863
	[159]		50001864
	[160]		50001865
	[161]		50001866
	[162]		50001867
	[163]		50001868
	[164]		50001869
	[165]		5000186a
	[166]		5000186b
	[167]		5000186c
	[168]		5000186d
	[169]		5000186e
	[170]		5000186f
	[171]		50001870
	[172]		50001871
	[173]		50001872
	[174]		50001873
	[175]		50001874
	[176]		50001875
	[177]		50001876
	[178]		50001877
	[179]		50001878
	[180]		50001879
	[181]		5000187a
	[182]		5000187b
	[183]		5000187c
	[184]		5000187d
	[185]		5000187e
	[186]		5000187f
	[187]		50001880
	[188]		50001881
	[189]		50001882
	[190]		50001883
	[191]		50001884
	[192]		50001885
	[193]		50001886
	[194]		50001887
	[195]		50001888
	[196]		50001889
	[197]		5000188a
	[198]		5000188b
	[199]		5000188c
	[200]		5000188d
	[201]		5000188e
	[202]		5000188f
	[203]		50001890
	[204]		50001891
	[205]		50001892
	[206]		50001893
	[207]		50001894
	[208]		50001895
	[209]		50001896
	[210]		50001897
	[211]		50001898
	[212]		50001899
	[213]		5000189a
	[214]		5000189b
	[215]		5000189c
	[216]		5000189d
	[217]		5000189e
	[218]		5000189f
	[219]		500018a0
	[220]		500018a1
	[221]		500018a2
	[222]		500018a3
	[223]		500018a4
	[224]		500018a5
	[225]		500018a6
	[226]		500018a7
	[227]		500018a8
	[228]		500018a9
	[229]		500018aa
	[230]		500018ab
	[231]		500018ac
	[232]		500018ad
	[233]		500018ae
	[234]		500018af
	[235]		500018b0
	[236]		500018b1
	[237]		500018b2
	[238]		500018b3
	[239]		500018b4
	[240]		500018b5
	[241]		500018b6
	[242]		500018b7
	[243]		500018b8
	[244]		500018b9
	[245]		500018ba
	[246]		500018bb
	[247]		500018bc
	[248]		500018bd
	[249]		500018be
	[250]		500018bf
	[251]		500018c0
	[252]		500018c1
	[253]		500018c2
	[254]		500018c3
	[255]		500018c4
OBJ 500017c5 (sz=16, trace=301172, class=java.lang.Integer@50000035)
OBJ 500017c6 (sz=16, trace=301172, class=java.lang.Integer@50000035)
OBJ 500017c7 (sz=16, trace=301172, class=java.lang.Integer@50000035)
OBJ 500017c8 (sz=16, trace=301172, class=java.lang.Integer@50000035)
OBJ 500017c9 (sz=16, trace=301172, class=java.lang.Integer@50000035)
OBJ 500017ca (sz=16, trace=301172, class=java.lang.Integer@50000035)
OBJ 500017cb (sz=16, trace=301172, class=java.lang.Integer@50000035)
OBJ 500017cc (sz=16, trace=301172, class=java.lang.Integer@50000035)
OBJ 500017cd (sz=16, trace=301172, class=java.lang.Integer@50000035)
OBJ 500017ce (sz=16, trace=301172, class=java.lang.Integer@50000035)
OBJ 500017cf (sz=16, trace=301172, class=java.lang.Integer@50000035)
OBJ 500017d0 (sz=16, trace=301172, class=java.lang.Integer@50000035)
OBJ 500017d1 (sz=16, trace=301172, class=java.lang.Integer@50000035)
OBJ 500017d2 (sz=16, trace=301172, class=java.lang.Integer@50000035)
OBJ 500017d3 (sz=16, trace=301172, class=java.lang.Integer@50000035)
OBJ 500017d4 (sz=16, trace=301172, class=java.lang.Integer@50000035)
OBJ 500017d5 (sz=16, trace=301172, class=java.lang.Integer@50000035)
OBJ 500017d6 (sz=16, trace=301172, class=java.lang.Integer@50000035)
OBJ 500017d7 (sz=16, trace=301172, class=java.lang.Integer@50000035)
OBJ 500017d8 (sz=16, trace=301172, class=java.lang.Integer@50000035)
OBJ 500017d9 (sz=16, trace=301172, class=java.lang.Integer@50000035)
OBJ 500017da (sz=16, trace=301172, class=java.lang.Integer@50000035)
OBJ 500017db (sz=16, trace=301172, class=java.lang.Integer@50000035)
OBJ 500017dc (sz=16, trace=301172, class=java.lang.Integer@50000035)
OBJ 500017dd (sz=16, trace=301172, class=java.lang.Integer@50000035)
OBJ 500017de (sz=16, trace=301172, class=java.lang.Integer@50000035)
OBJ 500017df (sz=16, trace=301172, class=java.lang.Integer@50000035)
OBJ 500017e0 (sz=16, trace=301172, class=java.lang.Integer@50000035)
OBJ 500017e1 (sz=16, trace=301172, class=java.lang.Integer@50000035)
OBJ 500017e2 (sz=16, trace=301172, class=java.lang.Integer@50000035)
OBJ 500017e3 (sz=16, trace=301172, class=java.lang.Integer@50000035)
OBJ 500017e4 (sz=16, trace=301172, class=java.lang.Integer@50000035)
OBJ 500017e5 (sz=16, trace=301172, class=java.lang.Integer@50000035)
OBJ 500017e6 (sz=16, trace=301172, class=java.lang.Integer@50000035)
OBJ 500017e7 (sz=16, trace=301172, class=java.lang.Integer@50000035)
OBJ 500017e8 (sz=16, trace=301172, class=java.lang.Integer@50000035)
OBJ 500017e9 (sz=16, trace=301172, class=java.lang.Integer@50000035)
OBJ 500017ea (sz=16, trace=301172, class=java.lang.Integer@50000035)
OBJ 500017eb (sz=16, trace=301172, class=java.lang.Integer@50000035)
OBJ 500017ec (sz=16, trace=301172, class=java.lang.Integer@50000035)
OBJ 500017ed (sz=16, trace=301172, class=java.lang.Integer@50000035)
OBJ 500017ee (sz=16, trace=301172, class=java.lang.Integer@50000035)
OBJ 500017ef (sz=16, trace=301172, class=java.lang.Integer@50000035)
OBJ 500017f0 (sz=16, trace=301172, class=java.lang.Integer@50000035)
OBJ 500017f1 (sz=16, trace=301172, class=java.lang.Integer@50000035)
OBJ 500017f2 (sz=16, trace=301172, class=java.lang.Integer@50000035)
OBJ 500017f3 (sz=16, trace=301172, class=java.lang.Integer@50000035)
OBJ 500017f4 (sz=16, trace=301172, class=java.lang.Integer@50000035)
OBJ 500017f5 (sz=16, trace=301172, class=java.lang.Integer@50000035)
OBJ 500017f6 (sz=16, trace=301172, class=java.lang.Integer@50000035)
OBJ 500017f7 (sz=16, trace=301172, class=java.lang.Integer@50000035)
OBJ 500017f8 (sz=16, trace=301172, class=java.lang.Integer@50000035)
OBJ 500017f9 (sz=16, trace=301172, class=java.lang.Integer@50000035)
OBJ 500017fa (sz=16, trace=301172, class=java.lang.Integer@50000035)
OBJ 500017fb (sz=16, trace=301172, class=java.lang.Integer@50000035)
OBJ 500017fc (sz=16, trace=301172, class=java.lang.Integer@50000035)
OBJ 500017fd (sz=16, trace=301172, class=java.lang.Integer@50000035)
OBJ 500017fe (sz=16, trace=301172, class=java.lang.Integer@50000035)
OBJ 500017ff (sz=16, trace=301172, class=java.lang.Integer@50000035)
OBJ 50001800 (sz=16, trace=301172, class=java.lang.Integer@50000035)
OBJ 50001801 (sz=16, trace=301172, class=java.lang.Integer@50000035)
OBJ 50001802 (sz=16, trace=301172, class=java.lang.Integer@50000035)
OBJ 50001803 (sz=16, trace=301172, class=java.lang.Integer@50000035)
OBJ 50001804 (sz=16, trace=301172, class=java.lang.Integer@50000035)
OBJ 50001805 (sz=16, trace=301172, class=java.lang.Integer@50000035)
OBJ 50001806 (sz=16, trace=301172, class=java.lang.Integer@50000035)
OBJ 50001807 (sz=16, trace=301172, class=java.lang.Integer@50000035)
OBJ 50001808 (sz=16, trace=301172, class=java.lang.Integer@50000035)
OBJ 50001809 (sz=16, trace=301172, class=java.lang.Integer@50000035)
OBJ 5000180a (sz=16, trace=301172, class=java.lang.Integer@50000035)
OBJ 5000180b (sz=16, trace=301172, class=java.lang.Integer@50000035)
OBJ 5000180c (sz=16, trace=301172, class=java.lang.Integer@50000035)
OBJ 5000180d (sz=16, trace=301172, class=java.lang.Integer@50000035)
OBJ 5000180e (sz=16, trace=301172, class=java.lang.Integer@50000035)
OBJ 5000180f (sz=16, trace=301172, class=java.lang.Integer@50000035)
OBJ 50001810 (sz=16, trace=301172, class=java.lang.Integer@50000035)
OBJ 50001811 (sz=16, trace=301172, class=java.lang.Integer@50000035)
OBJ 50001812 (sz=16, trace=301172, class=java.lang.Integer@50000035)
OBJ 50001813 (sz=16, trace=301172, class=java.lang.Integer@50000035)
OBJ 50001814 (sz=16, trace=301172, class=java.lang.Integer@50000035)
OBJ 50001815 (sz=16, trace=301172, class=java.lang.Integer@50000035)
OBJ 50001816 (sz=16, trace=301172, class=java.lang.Integer@50000035)
OBJ 50001817 (sz=16, trace=301172, class=java.lang.Integer@50000035)
OBJ 50001818 (sz=16, trace=301172, class=java.lang.Integer@50000035)
OBJ 50001819 (sz=16, trace=301172, class=java.lang.Integer@50000035)
OBJ 5000181a (sz=16, trace=301172, class=java.lang.Integer@50000035)
OBJ 5000181b (sz=16, trace=301172, class=java.lang.Integer@50000035)
OBJ 5000181c (sz=16, trace=301172, class=java.lang.Integer@50000035)
OBJ 5000181d (sz=16, trace=301172, class=java.lang.Integer@50000035)
OBJ 5000181e (sz=16, trace=301172, class=java.lang.Integer@50000035)
OBJ 5000181f (sz=16, trace=301172, class=java.lang.Integer@50000035)
OBJ 50001820 (sz=16, trace=301172, class=java.lang.Integer@50000035)
OBJ 50001821 (sz=16, trace=301172, class=java.lang.Integer@50000035)
OBJ 50001822 (sz=16, trace=301172, class=java.lang.Integer@50000035)
OBJ 50001823 (sz=16, trace=301172, class=java.lang.Integer@50000035)
OBJ 50001824 (sz=16, trace=301172, class=java.lang.Integer@50000035)
OBJ 50001825 (sz=16, trace=301172, class=java.lang.Integer@50000035)
OBJ 50001826 (sz=16, trace=301172, class=java.lang.Integer@50000035)
OBJ 50001827 (sz=16, trace=301172, class=java.lang.Integer@50000035)
OBJ 50001828 (sz=16, trace=301172, class=java.lang.Integer@50000035)
OBJ 50001829 (sz=16, trace=301172, class=java.lang.Integer@50000035)
OBJ 5000182a (sz=16, trace=301172, class=java.lang.Integer@50000035)
OBJ 5000182b (sz=16, trace=301172, class=java.lang.Integer@50000035)
OBJ 5000182c (sz=16, trace=301172, class=java.lang.Integer@50000035)
OBJ 5000182d (sz=16, trace=301172, class=java.lang.Integer@50000035)
OBJ 5000182e (sz=16, trace=301172, class=java.lang.Integer@50000035)
OBJ 5000182f (sz=16, trace=301172, class=java.lang.Integer@50000035)
OBJ 50001830 (sz=16, trace=301172, class=java.lang.Integer@50000035)
OBJ 50001831 (sz=16, trace=301172, class=java.lang.Integer@50000035)
OBJ 50001832 (sz=16, trace=301172, class=java.lang.Integer@50000035)
OBJ 50001833 (sz=16, trace=301172, class=java.lang.Integer@50000035)
OBJ 50001834 (sz=16, trace=301172, class=java.lang.Integer@50000035)
OBJ 50001835 (sz=16, trace=301172, class=java.lang.Integer@50000035)
OBJ 50001836 (sz=16, trace=301172, class=java.lang.Integer@50000035)
OBJ 50001837 (sz=16, trace=301172, class=java.lang.Integer@50000035)
OBJ 50001838 (sz=16, trace=301172, class=java.lang.Integer@50000035)
OBJ 50001839 (sz=16, trace=301172, class=java.lang.Integer@50000035)
OBJ 5000183a (sz=16, trace=301172, class=java.lang.Integer@50000035)
OBJ 5000183b (sz=16, trace=301172, class=java.lang.Integer@50000035)
OBJ 5000183c (sz=16, trace=301172, class=java.lang.Integer@50000035)
OBJ 5000183d (sz=16, trace=301172, class=java.lang.Integer@50000035)
OBJ 5000183e (sz=16, trace=301172, class=java.lang.Integer@50000035)
OBJ 5000183f (sz=16, trace=301172, class=java.lang.Integer@50000035)
OBJ 50001840 (sz=16, trace=301172, class=java.lang.Integer@50000035)
OBJ 50001841 (sz=16, trace=301172, class=java.lang.Integer@50000035)
OBJ 50001842 (sz=16, trace=301172, class=java.lang.Integer@50000035)
OBJ 50001843 (sz=16, trace=301172, class=java.lang.Integer@50000035)
OBJ 50001844 (sz=16, trace=301172, class=java.lang.Integer@50000035)
OBJ 50001845 (sz=16, trace=301172, class=java.lang.Integer@50000035)
OBJ 50001846 (sz=16, trace=301172, class=java.lang.Integer@50000035)
OBJ 50001847 (sz=16, trace=301172, class=java.lang.Integer@50000035)
OBJ 50001848 (sz=16, trace=301172, class=java.lang.Integer@50000035)
OBJ 50001849 (sz=16, trace=301172, class=java.lang.Integer@50000035)
OBJ 5000184a (sz=16, trace=301172, class=java.lang.Integer@50000035)
OBJ 5000184b (sz=16, trace=301172, class=java.lang.Integer@50000035)
OBJ 5000184c (sz=16, trace=301172, class=java.lang.Integer@50000035)
OBJ 5000184d (sz=16, trace=301172, class=java.lang.Integer@50000035)
OBJ 5000184e (sz=16, trace=301172, class=java.lang.Integer@50000035)
OBJ 5000184f (sz=16, trace=301172, class=java.lang.Integer@50000035)
OBJ 50001850 (sz=16, trace=301172, class=java.lang.Integer@50000035)
OBJ 50001851 (sz=16, trace=301172, class=java.lang.Integer@50000035)
OBJ 50001852 (sz=16, trace=301172, class=java.lang.Integer@50000035)
OBJ 50001853 (sz=16, trace=301172, class=java.lang.Integer@50000035)
OBJ 50001854 (sz=16, trace=301172, class=java.lang.Integer@50000035)
OBJ 50001855 (sz=16, trace=301172, class=java.lang.Integer@50000035)
OBJ 50001856 (sz=16, trace=301172, class=java.lang.Integer@50000035)
OBJ 50001857 (sz=16, trace=301172, class=java.lang.Integer@50000035)
OBJ 50001858 (sz=16, trace=301172, class=java.lang.Integer@50000035)
OBJ 50001859 (sz=16, trace=301172, class=java.lang.Integer@50000035)
OBJ 5000185a (sz=16, trace=301172, class=java.lang.Integer@50000035)
OBJ 5000185b (sz=16, trace=301172, class=java.lang.Integer@50000035)
OBJ 5000185c (sz=16, trace=301172, class=java.lang.Integer@50000035)
OBJ 5000185d (sz=16, trace=301172, class=java.lang.Integer@50000035)
OBJ 5000185e (sz=16, trace=301172, class=java.lang.Integer@50000035)
OBJ 5000185f (sz=16, trace=301172, class=java.lang.Integer@50000035)
OBJ 50001860 (sz=16, trace=301172, class=java.lang.Integer@50000035)
OBJ 50001861 (sz=16, trace=301172, class=java.lang.Integer@50000035)
OBJ 50001862 (sz=16, trace=301172, class=java.lang.Integer@50000035)
OBJ 50001863 (sz=16, trace=301172, class=java.lang.Integer@50000035)
OBJ 50001864 (sz=16, trace=301172, class=java.lang.Integer@50000035)
OBJ 50001865 (sz=16, trace=301172, class=java.lang.Integer@50000035)
OBJ 50001866 (sz=16, trace=301172, class=java.lang.Integer@50000035)
OBJ 50001867 (sz=16, trace=301172, class=java.lang.Integer@50000035)
OBJ 50001868 (sz=16, trace=301172, class=java.lang.Integer@50000035)
OBJ 50001869 (sz=16, trace=301172, class=java.lang.Integer@50000035)
OBJ 5000186a (sz=16, trace=301172, class=java.lang.Integer@50000035)
OBJ 5000186b (sz=16, trace=301172, class=java.lang.Integer@50000035)
OBJ 5000186c (sz=16, trace=301172, class=java.lang.Integer@50000035)
OBJ 5000186d (sz=16, trace=301172, class=java.lang.Integer@50000035)
OBJ 5000186e (sz=16, trace=301172, class=java.lang.Integer@50000035)
OBJ 5000186f (sz=16, trace=301172, class=java.lang.Integer@50000035)
OBJ 50001870 (sz=16, trace=301172, class=java.lang.Integer@50000035)
OBJ 50001871 (sz=16, trace=301172, class=java.lang.Integer@50000035)
OBJ 50001872 (sz=16, trace=301172, class=java.lang.Integer@50000035)
OBJ 50001873 (sz=16, trace=301172, class=java.lang.Integer@50000035)
OBJ 50001874 (sz=16, trace=301172, class=java.lang.Integer@50000035)
OBJ 50001875 (sz=16, trace=301172, class=java.lang.Integer@50000035)
OBJ 50001876 (sz=16, trace=301172, class=java.lang.Integer@50000035)
OBJ 50001877 (sz=16, trace=301172, class=java.lang.Integer@50000035)
OBJ 50001878 (sz=16, trace=301172, class=java.lang.Integer@50000035)
OBJ 50001879 (sz=16, trace=301172, class=java.lang.Integer@50000035)
OBJ 5000187a (sz=16, trace=301172, class=java.lang.Integer@50000035)
OBJ 5000187b (sz=16, trace=301172, class=java.lang.Integer@50000035)
OBJ 5000187c (sz=16, trace=301172, class=java.lang.Integer@50000035)
OBJ 5000187d (sz=16, trace=301172, class=java.lang.Integer@50000035)
OBJ 5000187e (sz=16, trace=301172, class=java.lang.Integer@50000035)
OBJ 5000187f (sz=16, trace=301172, class=java.lang.Integer@50000035)
OBJ 50001880 (sz=16, trace=301172, class=java.lang.Integer@50000035)
OBJ 50001881 (sz=16, trace=301172, class=java.lang.Integer@50000035)
OBJ 50001882 (sz=16, trace=301172, class=java.lang.Integer@50000035)
OBJ 50001883 (sz=16, trace=301172, class=java.lang.Integer@50000035)
OBJ 50001884 (sz=16, trace=301172, class=java.lang.Integer@50000035)
OBJ 50001885 (sz=16, trace=301172, class=java.lang.Integer@50000035)
OBJ 50001886 (sz=16, trace=301172, class=java.lang.Integer@50000035)
OBJ 50001887 (sz=16, trace=301172, class=java.lang.Integer@50000035)
OBJ 50001888 (sz=16, trace=301172, class=java.lang.Integer@50000035)
OBJ 50001889 (sz=16, trace=301172, class=java.lang.Integer@50000035)
OBJ 5000188a (sz=16, trace=301172, class=java.lang.Integer@50000035)
OBJ 5000188b (sz=16, trace=301172, class=java.lang.Integer@50000035)
OBJ 5000188c (sz=16, trace=301172, class=java.lang.Integer@50000035)
OBJ 5000188d (sz=16, trace=301172, class=java.lang.Integer@50000035)
OBJ 5000188e (sz=16, trace=301172, class=java.lang.Integer@50000035)
OBJ 5000188f (sz=16, trace=301172, class=java.lang.Integer@50000035)
OBJ 50001890 (sz=16, trace=301172, class=java.lang.Integer@50000035)
OBJ 50001891 (sz=16, trace=301172, class=java.lang.Integer@50000035)
OBJ 50001892 (sz=16, trace=301172, class=java.lang.Integer@50000035)
OBJ 50001893 (sz=16, trace=301172, class=java.lang.Integer@50000035)
OBJ 50001894 (sz=16, trace=301172, class=java.lang.Integer@50000035)
OBJ 50001895 (sz=16, trace=301172, class=java.lang.Integer@50000035)
OBJ 50001896 (sz=16, trace=301172, class=java.lang.Integer@50000035)
OBJ 50001897 (sz=16, trace=301172, class=java.lang.Integer@50000035)
OBJ 50001898 (sz=16, trace=301172, class=java.lang.Integer@50000035)
OBJ 50001899 (sz=16, trace=301172, class=java.lang.Integer@50000035)
OBJ 5000189a (sz=16, trace=301172, class=java.lang.Integer@50000035)
OBJ 5000189b (sz=16, trace=301172, class=java.lang.Integer@50000035)
OBJ 5000189c (sz=16, trace=301172, class=java.lang.Integer@50000035)
OBJ 5000189d (sz=16, trace=301172, class=java.lang.Integer@50000035)
OBJ 5000189e (sz=16, trace=301172, class=java.lang.Integer@50000035)
OBJ 5000189f (sz=16, trace=301172, class=java.lang.Integer@50000035)
OBJ 500018a0 (sz=16, trace=301172, class=java.lang.Integer@50000035)
OBJ 500018a1 (sz=16, trace=301172, class=java.lang.Integer@50000035)
OBJ 500018a2 (sz=16, trace=301172, class=java.lang.Integer@50000035)
OBJ 500018a3 (sz=16, trace=301172, class=java.lang.Integer@50000035)
OBJ 500018a4 (sz=16, trace=301172, class=java.lang.Integer@50000035)
OBJ 500018a5 (sz=16, trace=301172, class=java.lang.Integer@50000035)
OBJ 500018a6 (sz=16, trace=301172, class=java.lang.Integer@50000035)
OBJ 500018a7 (sz=16, trace=301172, class=java.lang.Integer@50000035)
OBJ 500018a8 (sz=16, trace=301172, class=java.lang.Integer@50000035)
OBJ 500018a9 (sz=16, trace=301172, class=java.lang.Integer@50000035)
OBJ 500018aa (sz=16, trace=301172, class=java.lang.Integer@50000035)
OBJ 500018ab (sz=16, trace=301172, class=java.lang.Integer@50000035)
OBJ 500018ac (sz=16, trace=301172, class=java.lang.Integer@50000035)
OBJ 500018ad (sz=16, trace=301172, class=java.lang.Integer@50000035)
OBJ 500018ae (sz=16, trace=301172, class=java.lang.Integer@50000035)
OBJ 500018af (sz=16, trace=301172, class=java.lang.Integer@50000035)
OBJ 500018b0 (sz=16, trace=301172, class=java.lang.Integer@50000035)
OBJ 500018b1 (sz=16, trace=301172, class=java.lang.Integer@50000035)
OBJ 500018b2 (sz=16, trace=301172, class=java.lang.Integer@50000035)
OBJ 500018b3 (sz=16, trace=301172, class=java.lang.Integer@50000035)
OBJ 500018b4 (sz=16, trace=301172, class=java.lang.Integer@50000035)
OBJ 500018b5 (sz=16, trace=301172, class=java.lang.Integer@50000035)
OBJ 500018b6 (sz=16, trace=301172, class=java.lang.Integer@50000035)
OBJ 500018b7 (sz=16, trace=301172, class=java.lang.Integer@50000035)
OBJ 500018b8 (sz=16, trace=301172, class=java.lang.Integer@50000035)
OBJ 500018b9 (sz=16, trace=301172, class=java.lang.Integer@50000035)
OBJ 500018ba (sz=16, trace=301172, class=java.lang.Integer@50000035)
OBJ 500018bb (sz=16, trace=301172, class=java.lang.Integer@50000035)
OBJ 500018bc (sz=16, trace=301172, class=java.lang.Integer@50000035)
OBJ 500018bd (sz=16, trace=301172, class=java.lang.Integer@50000035)
OBJ 500018be (sz=16, trace=301172, class=java.lang.Integer@50000035)
OBJ 500018bf (sz=16, trace=301172, class=java.lang.Integer@50000035)
OBJ 500018c0 (sz=16, trace=301172, class=java.lang.Integer@50000035)
OBJ 500018c1 (sz=16, trace=301172, class=java.lang.Integer@50000035)
OBJ 500018c2 (sz=16, trace=301172, class=java.lang.Integer@50000035)
OBJ 500018c3 (sz=16, trace=301172, class=java.lang.Integer@50000035)
OBJ 500018c4 (sz=16, trace=301172, class=java.lang.Integer@50000035)
OBJ 500018c5 (sz=32, trace=301173, class=java.util.HashMap$Entry@50000053)
	key		50003a17
	value		50001846
OBJ 500018c6 (sz=32, trace=301174, class=java.util.HashMap$Entry@50000053)
	key		50003aa0
	value		50001847
OBJ 500018c7 (sz=32, trace=301175, class=java.util.HashMap$Entry@50000053)
	key		50003c50
	value		50001848
OBJ 500018c8 (sz=32, trace=301176, class=java.util.HashMap$Entry@50000053)
	key		50003d8d
	value		50001849
	next		500018c7
OBJ 500018c9 (sz=32, trace=301177, class=java.util.HashMap$Entry@50000053)
	key		50003d95
	value		5000184a
OBJ 500018ca (sz=32, trace=301178, class=java.util.HashMap$Entry@50000053)
	key		50003d9e
	value		5000184b
	next		500018c9
OBJ 500018cb (sz=32, trace=301179, class=java.util.HashMap$Entry@50000053)
	key		50003da7
	value		5000184c
OBJ 500018cc (sz=32, trace=301180, class=java.util.HashMap$Entry@50000053)
	key		50003dab
	value		5000184d
OBJ 500018cd (sz=32, trace=301181, class=java.util.HashMap$Entry@50000053)
	key		50003dac
	value		5000184e
OBJ 500018ce (sz=32, trace=301182, class=java.util.HashMap$Entry@50000053)
	key		50003ce3
	value		5000184f
OBJ 500018cf (sz=56, trace=301183, class=sun.security.x509.X509CertInfo@500017bf)
	version		500018d9
	serialNum	500018e6
	algId		500018ed
	issuer		500018f8
	interval	500019c3
	subject		500019e9
	pubKey		50001a2f
	extensions	50001aef
	rawCertInfo	500018d6
OBJ 500018d1 (sz=16, trace=301185, class=sun.security.x509.CertificateVersion@500018d0)
OBJ 500018d2 (sz=24, trace=300571, class=sun.security.util.DerOutputStream@5000108e)
ARR 500018d3 (sz=48, trace=300572, nelems=0, elem type=byte[])
ARR 500018d4 (sz=896, trace=301186, nelems=0, elem type=byte[])
ARR 500018d5 (sz=896, trace=300580, nelems=0, elem type=byte[])
ARR 500018d6 (sz=880, trace=301187, nelems=880, elem type=byte[])
OBJ 500018d7 (sz=32, trace=301188, class=sun.security.util.DerValue@50001086)
OBJ 500018d8 (sz=24, trace=301189, class=sun.security.util.DerInputStream@50001066)
OBJ 500018d9 (sz=16, trace=301190, class=sun.security.x509.CertificateVersion@500018d0)
OBJ 500018da (sz=32, trace=301191, class=sun.security.util.DerValue@50001086)
OBJ 500018db (sz=24, trace=301192, class=sun.security.util.DerInputStream@50001066)
ARR 500018dc (sz=24, trace=301193, nelems=0, elem type=byte[])
OBJ 500018dd (sz=40, trace=301194, class=java.math.BigInteger@500010aa)
ARR 500018de (sz=24, trace=301195, nelems=0, elem type=int[])
OBJ 500018df (sz=40, trace=301196, class=java.math.BigInteger@500010aa)
ARR 500018e0 (sz=24, trace=301197, nelems=0, elem type=int[])
OBJ 500018e1 (sz=40, trace=301198, class=java.math.BigInteger@500010aa)
ARR 500018e2 (sz=24, trace=301199, nelems=0, elem type=int[])
OBJ 500018e3 (sz=32, trace=301200, class=sun.security.util.DerValue@50001086)
OBJ 500018e4 (sz=24, trace=301201, class=sun.security.util.DerInputStream@50001066)
OBJ 500018e6 (sz=16, trace=301203, class=sun.security.x509.CertificateSerialNumber@500018e5)
	serial		500018e8
OBJ 500018e8 (sz=16, trace=301205, class=sun.security.x509.SerialNumber@500018e7)
	serialNum	500018ea
ARR 500018e9 (sz=24, trace=301206, nelems=0, elem type=byte[])
OBJ 500018ea (sz=40, trace=301207, class=java.math.BigInteger@500010aa)
	mag		500018eb
ARR 500018eb (sz=4, trace=301208, nelems=1, elem type=int[])
OBJ 500018ed (sz=16, trace=301210, class=sun.security.x509.CertificateAlgorithmId@500018ec)
	algId		500018f6
OBJ 500018ee (sz=32, trace=301211, class=sun.security.util.DerValue@50001086)
OBJ 500018ef (sz=24, trace=301212, class=sun.security.util.DerInputStream@50001066)
OBJ 500018f0 (sz=24, trace=301213, class=sun.security.util.DerInputStream@50001066)
OBJ 500018f1 (sz=24, trace=301214, class=sun.security.util.ObjectIdentifier@50001077)
	components	500018f3
ARR 500018f2 (sz=40, trace=300806, nelems=0, elem type=int[])
ARR 500018f3 (sz=40, trace=300807, nelems=10, elem type=int[])
OBJ 500018f4 (sz=32, trace=301215, class=sun.security.util.DerValue@50001086)
OBJ 500018f5 (sz=24, trace=300809, class=sun.security.util.DerInputStream@50001066)
OBJ 500018f6 (sz=32, trace=301216, class=sun.security.x509.AlgorithmId@50001199)
	algid		500018f1
OBJ 500018f8 (sz=24, trace=301218, class=sun.security.x509.CertificateIssuerName@500018f7)
	dnName		5000193b
OBJ 500018fc (sz=48, trace=301220, class=java.util.HashMap@500000cb)
	table		50001929
ARR 500018fd (sz=80, trace=301221, nelems=0, elem type=java.util.HashMap$Entry[]@50000054)
ARR 500018fe (sz=16, trace=301222, nelems=4, elem type=int[])
ARR 500018ff (sz=16, trace=301223, nelems=4, elem type=int[])
ARR 50001900 (sz=16, trace=301224, nelems=4, elem type=int[])
ARR 50001901 (sz=16, trace=301225, nelems=4, elem type=int[])
ARR 50001902 (sz=16, trace=301226, nelems=4, elem type=int[])
ARR 50001903 (sz=16, trace=301227, nelems=4, elem type=int[])
ARR 50001904 (sz=16, trace=301228, nelems=4, elem type=int[])
ARR 50001905 (sz=16, trace=301229, nelems=4, elem type=int[])
ARR 50001906 (sz=16, trace=301230, nelems=4, elem type=int[])
ARR 50001907 (sz=16, trace=301231, nelems=4, elem type=int[])
ARR 50001908 (sz=16, trace=301232, nelems=4, elem type=int[])
ARR 50001909 (sz=16, trace=301233, nelems=4, elem type=int[])
ARR 5000190a (sz=16, trace=301234, nelems=4, elem type=int[])
ARR 5000190b (sz=16, trace=301235, nelems=4, elem type=int[])
ARR 5000190c (sz=44, trace=301236, nelems=11, elem type=int[])
ARR 5000190d (sz=28, trace=301237, nelems=7, elem type=int[])
ARR 5000190e (sz=28, trace=301238, nelems=7, elem type=int[])
OBJ 5000190f (sz=24, trace=301239, class=sun.security.util.ObjectIdentifier@50001077)
	components	500018fe
	stringForm	50002290
OBJ 50001910 (sz=32, trace=301240, class=java.util.HashMap$Entry@50000053)
	key		5000190f
	value		5000190f
OBJ 50001911 (sz=24, trace=301241, class=sun.security.util.ObjectIdentifier@50001077)
	components	50001900
OBJ 50001912 (sz=32, trace=301240, class=java.util.HashMap$Entry@50000053)
	key		50001911
	value		50001911
	next		50001922
OBJ 50001913 (sz=24, trace=301242, class=sun.security.util.ObjectIdentifier@50001077)
	components	50001901
	stringForm	50002315
OBJ 50001914 (sz=32, trace=301240, class=java.util.HashMap$Entry@50000053)
	key		50001913
	value		50001913
OBJ 50001915 (sz=24, trace=301243, class=sun.security.util.ObjectIdentifier@50001077)
	components	50001902
	stringForm	500022ed
OBJ 50001916 (sz=32, trace=301240, class=java.util.HashMap$Entry@50000053)
	key		50001915
	value		50001915
OBJ 50001917 (sz=24, trace=301244, class=sun.security.util.ObjectIdentifier@50001077)
	components	50001905
	stringForm	500022d7
OBJ 50001918 (sz=32, trace=301240, class=java.util.HashMap$Entry@50000053)
	key		50001917
	value		50001917
OBJ 50001919 (sz=24, trace=301245, class=sun.security.util.ObjectIdentifier@50001077)
	components	50001906
	stringForm	500022c0
OBJ 5000191a (sz=32, trace=301240, class=java.util.HashMap$Entry@50000053)
	key		50001919
	value		50001919
OBJ 5000191b (sz=24, trace=301246, class=sun.security.util.ObjectIdentifier@50001077)
	components	50001903
	stringForm	50002302
OBJ 5000191c (sz=32, trace=301240, class=java.util.HashMap$Entry@50000053)
	key		5000191b
	value		5000191b
OBJ 5000191d (sz=24, trace=301247, class=sun.security.util.ObjectIdentifier@50001077)
	components	50001904
OBJ 5000191e (sz=32, trace=301240, class=java.util.HashMap$Entry@50000053)
	key		5000191d
	value		5000191d
OBJ 5000191f (sz=24, trace=301248, class=sun.security.util.ObjectIdentifier@50001077)
	components	50001907
OBJ 50001920 (sz=32, trace=301240, class=java.util.HashMap$Entry@50000053)
	key		5000191f
	value		5000191f
OBJ 50001921 (sz=24, trace=301249, class=sun.security.util.ObjectIdentifier@50001077)
	components	5000190b
OBJ 50001922 (sz=32, trace=301240, class=java.util.HashMap$Entry@50000053)
	key		50001921
	value		50001921
OBJ 50001923 (sz=24, trace=301250, class=sun.security.util.ObjectIdentifier@50001077)
	components	500018ff
OBJ 50001924 (sz=32, trace=301240, class=java.util.HashMap$Entry@50000053)
	key		50001923
	value		50001923
OBJ 50001925 (sz=24, trace=301251, class=sun.security.util.ObjectIdentifier@50001077)
	components	50001908
OBJ 50001926 (sz=32, trace=301240, class=java.util.HashMap$Entry@50000053)
	key		50001925
	value		50001925
OBJ 50001927 (sz=24, trace=301252, class=sun.security.util.ObjectIdentifier@50001077)
	components	50001909
OBJ 50001928 (sz=32, trace=301240, class=java.util.HashMap$Entry@50000053)
	key		50001927
	value		50001927
ARR 50001929 (sz=144, trace=301253, nelems=28, elem type=java.util.HashMap$Entry[]@50000054)
	[0]		50001928
	[3]		5000192d
	[4]		50001920
	[7]		5000192b
	[9]		50001924
	[10]		5000191c
	[14]		5000192f
	[18]		50001916
	[21]		50001912
	[23]		50001931
	[24]		50001926
	[26]		50001914
	[27]		50001918
OBJ 5000192a (sz=24, trace=301254, class=sun.security.util.ObjectIdentifier@50001077)
	components	5000190a
OBJ 5000192b (sz=32, trace=301240, class=java.util.HashMap$Entry@50000053)
	key		5000192a
	value		5000192a
	next		5000191a
OBJ 5000192c (sz=24, trace=301255, class=sun.security.util.ObjectIdentifier@50001077)
	components	5000190c
OBJ 5000192d (sz=32, trace=301240, class=java.util.HashMap$Entry@50000053)
	key		5000192c
	value		5000192c
	next		5000191e
OBJ 5000192e (sz=24, trace=301256, class=sun.security.util.ObjectIdentifier@50001077)
	components	5000190d
OBJ 5000192f (sz=32, trace=301240, class=java.util.HashMap$Entry@50000053)
	key		5000192e
	value		5000192e
	next		50001910
OBJ 50001930 (sz=24, trace=301257, class=sun.security.util.ObjectIdentifier@50001077)
	components	5000190e
OBJ 50001931 (sz=32, trace=301240, class=java.util.HashMap$Entry@50000053)
	key		50001930
	value		50001930
OBJ 50001933 (sz=16, trace=301259, class=sun.security.x509.X500Name$1@50001932)
ARR 50001935 (sz=24, trace=301261, nelems=0, elem type=java.lang.Class[]@5000002d)
OBJ 50001936 (sz=40, trace=300834, class=java.lang.ref.SoftReference@500000c8)
OBJ 50001937 (sz=72, trace=300835, class=java.lang.reflect.Constructor@5000000d)
	clazz		50001934
	parameterTypes	50003c6b
	exceptionTypes	500032a3
	root		50003c6a
OBJ 50001938 (sz=40, trace=300685, class=java.lang.ref.SoftReference@500000c8)
OBJ 50001939 (sz=72, trace=300686, class=java.lang.reflect.Field@5000004e)
	clazz		50001934
	name		50003c73
	type		500018fb
	root		50003c72
ARR 5000193a (sz=24, trace=301262, nelems=0, elem type=java.lang.Object[]@500000ac)
OBJ 5000193b (sz=48, trace=301263, class=sun.security.x509.X500Name@500018fb)
	canonicalDn	5000238e
	names		50001950
ARR 5000193c (sz=872, trace=301264, nelems=0, elem type=byte[])
OBJ 5000193d (sz=24, trace=300812, class=sun.security.util.DerInputStream@50001066)
OBJ 5000193e (sz=32, trace=300067, class=java.util.Vector@50000004)
ARR 5000193f (sz=40, trace=300561, nelems=0, elem type=java.lang.Object[]@500000ac)
OBJ 50001940 (sz=32, trace=301265, class=sun.security.util.DerValue@50001086)
OBJ 50001941 (sz=24, trace=300564, class=sun.security.util.DerInputStream@50001066)
OBJ 50001942 (sz=32, trace=301265, class=sun.security.util.DerValue@50001086)
OBJ 50001943 (sz=24, trace=300564, class=sun.security.util.DerInputStream@50001066)
OBJ 50001944 (sz=32, trace=301265, class=sun.security.util.DerValue@50001086)
OBJ 50001945 (sz=24, trace=300564, class=sun.security.util.DerInputStream@50001066)
OBJ 50001946 (sz=32, trace=301265, class=sun.security.util.DerValue@50001086)
OBJ 50001947 (sz=24, trace=300564, class=sun.security.util.DerInputStream@50001066)
OBJ 50001948 (sz=32, trace=301265, class=sun.security.util.DerValue@50001086)
OBJ 50001949 (sz=24, trace=300564, class=sun.security.util.DerInputStream@50001066)
OBJ 5000194a (sz=32, trace=301265, class=sun.security.util.DerValue@50001086)
OBJ 5000194b (sz=24, trace=300564, class=sun.security.util.DerInputStream@50001066)
ARR 5000194c (sz=56, trace=301266, nelems=0, elem type=java.lang.Object[]@500000ac)
ARR 5000194d (sz=40, trace=301267, nelems=0, elem type=sun.security.util.DerValue[]@5000108b)
ARR 50001950 (sz=40, trace=301269, nelems=6, elem type=sun.security.x509.RDN[]@5000194f)
	[0]		50001951
	[1]		50001967
	[2]		50001979
	[3]		5000198b
	[4]		5000199d
	[5]		500019b0
OBJ 50001951 (sz=24, trace=301270, class=sun.security.x509.RDN@5000194e)
	assertion	5000195f
	canonicalString	5000238d
OBJ 50001952 (sz=24, trace=300571, class=sun.security.util.DerOutputStream@5000108e)
ARR 50001953 (sz=48, trace=300572, nelems=0, elem type=byte[])
ARR 50001954 (sz=32, trace=301271, nelems=0, elem type=byte[])
ARR 50001955 (sz=13, trace=301272, nelems=13, elem type=byte[])
OBJ 50001956 (sz=24, trace=301273, class=sun.security.util.DerInputStream@50001066)
OBJ 50001957 (sz=32, trace=300535, class=sun.security.util.DerInputBuffer@50001069)
OBJ 50001958 (sz=32, trace=300067, class=java.util.Vector@50000004)
ARR 50001959 (sz=40, trace=300690, nelems=0, elem type=java.lang.Object[]@500000ac)
OBJ 5000195a (sz=32, trace=301274, class=sun.security.util.DerValue@50001086)
OBJ 5000195b (sz=24, trace=300692, class=sun.security.util.DerInputStream@50001066)
ARR 5000195c (sz=24, trace=301275, nelems=0, elem type=sun.security.util.DerValue[]@5000108b)
ARR 5000195f (sz=24, trace=301277, nelems=1, elem type=sun.security.x509.AVA[]@5000195e)
	[0]		50001962
OBJ 50001961 (sz=16, trace=301279, class=sun.security.action.GetBooleanAction@50001960)
OBJ 50001962 (sz=24, trace=301280, class=sun.security.x509.AVA@5000195d)
	oid		50001913
	value		50001965
OBJ 50001963 (sz=24, trace=301281, class=sun.security.util.ObjectIdentifier@50001077)
ARR 50001964 (sz=40, trace=301282, nelems=0, elem type=int[])
OBJ 50001965 (sz=32, trace=301283, class=sun.security.util.DerValue@50001086)
	buffer		50003d8a
	data		50001966
OBJ 50001966 (sz=24, trace=301284, class=sun.security.util.DerInputStream@50001066)
	buffer		50003d8a
OBJ 50001967 (sz=24, trace=301270, class=sun.security.x509.RDN@5000194e)
	assertion	50001973
	canonicalString	5000237e
OBJ 50001968 (sz=24, trace=300571, class=sun.security.util.DerOutputStream@5000108e)
ARR 50001969 (sz=48, trace=300572, nelems=0, elem type=byte[])
ARR 5000196a (sz=32, trace=301271, nelems=0, elem type=byte[])
ARR 5000196b (sz=13, trace=301272, nelems=13, elem type=byte[])
OBJ 5000196c (sz=24, trace=301273, class=sun.security.util.DerInputStream@50001066)
OBJ 5000196d (sz=32, trace=300535, class=sun.security.util.DerInputBuffer@50001069)
OBJ 5000196e (sz=32, trace=300067, class=java.util.Vector@50000004)
ARR 5000196f (sz=40, trace=300690, nelems=0, elem type=java.lang.Object[]@500000ac)
OBJ 50001970 (sz=32, trace=301274, class=sun.security.util.DerValue@50001086)
OBJ 50001971 (sz=24, trace=300692, class=sun.security.util.DerInputStream@50001066)
ARR 50001972 (sz=24, trace=301275, nelems=0, elem type=sun.security.util.DerValue[]@5000108b)
ARR 50001973 (sz=24, trace=301277, nelems=1, elem type=sun.security.x509.AVA[]@5000195e)
	[0]		50001974
OBJ 50001974 (sz=24, trace=301280, class=sun.security.x509.AVA@5000195d)
	oid		5000191b
	value		50001977
OBJ 50001975 (sz=24, trace=301281, class=sun.security.util.ObjectIdentifier@50001077)
ARR 50001976 (sz=40, trace=301282, nelems=0, elem type=int[])
OBJ 50001977 (sz=32, trace=301283, class=sun.security.util.DerValue@50001086)
	buffer		50003d89
	data		50001978
OBJ 50001978 (sz=24, trace=301284, class=sun.security.util.DerInputStream@50001066)
	buffer		50003d89
OBJ 50001979 (sz=24, trace=301270, class=sun.security.x509.RDN@5000194e)
	assertion	50001985
	canonicalString	5000236f
OBJ 5000197a (sz=24, trace=300571, class=sun.security.util.DerOutputStream@5000108e)
ARR 5000197b (sz=48, trace=300572, nelems=0, elem type=byte[])
ARR 5000197c (sz=40, trace=301271, nelems=0, elem type=byte[])
ARR 5000197d (sz=20, trace=301272, nelems=20, elem type=byte[])
OBJ 5000197e (sz=24, trace=301273, class=sun.security.util.DerInputStream@50001066)
OBJ 5000197f (sz=32, trace=300535, class=sun.security.util.DerInputBuffer@50001069)
OBJ 50001980 (sz=32, trace=300067, class=java.util.Vector@50000004)
ARR 50001981 (sz=40, trace=300690, nelems=0, elem type=java.lang.Object[]@500000ac)
OBJ 50001982 (sz=32, trace=301274, class=sun.security.util.DerValue@50001086)
OBJ 50001983 (sz=24, trace=300692, class=sun.security.util.DerInputStream@50001066)
ARR 50001984 (sz=24, trace=301275, nelems=0, elem type=sun.security.util.DerValue[]@5000108b)
ARR 50001985 (sz=24, trace=301277, nelems=1, elem type=sun.security.x509.AVA[]@5000195e)
	[0]		50001986
OBJ 50001986 (sz=24, trace=301280, class=sun.security.x509.AVA@5000195d)
	oid		50001915
	value		50001989
OBJ 50001987 (sz=24, trace=301281, class=sun.security.util.ObjectIdentifier@50001077)
ARR 50001988 (sz=40, trace=301282, nelems=0, elem type=int[])
OBJ 50001989 (sz=32, trace=301283, class=sun.security.util.DerValue@50001086)
	buffer		50003d88
	data		5000198a
OBJ 5000198a (sz=24, trace=301284, class=sun.security.util.DerInputStream@50001066)
	buffer		50003d88
OBJ 5000198b (sz=24, trace=301270, class=sun.security.x509.RDN@5000194e)
	assertion	50001997
	canonicalString	5000235e
OBJ 5000198c (sz=24, trace=300571, class=sun.security.util.DerOutputStream@5000108e)
ARR 5000198d (sz=48, trace=300572, nelems=0, elem type=byte[])
ARR 5000198e (sz=48, trace=301271, nelems=0, elem type=byte[])
ARR 5000198f (sz=31, trace=301272, nelems=31, elem type=byte[])
OBJ 50001990 (sz=24, trace=301273, class=sun.security.util.DerInputStream@50001066)
OBJ 50001991 (sz=32, trace=300535, class=sun.security.util.DerInputBuffer@50001069)
OBJ 50001992 (sz=32, trace=300067, class=java.util.Vector@50000004)
ARR 50001993 (sz=40, trace=300690, nelems=0, elem type=java.lang.Object[]@500000ac)
OBJ 50001994 (sz=32, trace=301274, class=sun.security.util.DerValue@50001086)
OBJ 50001995 (sz=24, trace=300692, class=sun.security.util.DerInputStream@50001066)
ARR 50001996 (sz=24, trace=301275, nelems=0, elem type=sun.security.util.DerValue[]@5000108b)
ARR 50001997 (sz=24, trace=301277, nelems=1, elem type=sun.security.x509.AVA[]@5000195e)
	[0]		50001998
OBJ 50001998 (sz=24, trace=301280, class=sun.security.x509.AVA@5000195d)
	oid		50001917
	value		5000199b
OBJ 50001999 (sz=24, trace=301281, class=sun.security.util.ObjectIdentifier@50001077)
ARR 5000199a (sz=40, trace=301282, nelems=0, elem type=int[])
OBJ 5000199b (sz=32, trace=301283, class=sun.security.util.DerValue@50001086)
	buffer		50003d87
	data		5000199c
OBJ 5000199c (sz=24, trace=301284, class=sun.security.util.DerInputStream@50001066)
	buffer		50003d87
OBJ 5000199d (sz=24, trace=301270, class=sun.security.x509.RDN@5000194e)
	assertion	500019aa
	canonicalString	5000234b
OBJ 5000199e (sz=24, trace=300571, class=sun.security.util.DerOutputStream@5000108e)
ARR 5000199f (sz=48, trace=300572, nelems=0, elem type=byte[])
ARR 500019a0 (sz=56, trace=301271, nelems=0, elem type=byte[])
ARR 500019a1 (sz=80, trace=300580, nelems=0, elem type=byte[])
ARR 500019a2 (sz=37, trace=301272, nelems=37, elem type=byte[])
OBJ 500019a3 (sz=24, trace=301273, class=sun.security.util.DerInputStream@50001066)
OBJ 500019a4 (sz=32, trace=300535, class=sun.security.util.DerInputBuffer@50001069)
OBJ 500019a5 (sz=32, trace=300067, class=java.util.Vector@50000004)
ARR 500019a6 (sz=40, trace=300690, nelems=0, elem type=java.lang.Object[]@500000ac)
OBJ 500019a7 (sz=32, trace=301274, class=sun.security.util.DerValue@50001086)
OBJ 500019a8 (sz=24, trace=300692, class=sun.security.util.DerInputStream@50001066)
ARR 500019a9 (sz=24, trace=301275, nelems=0, elem type=sun.security.util.DerValue[]@5000108b)
ARR 500019aa (sz=24, trace=301277, nelems=1, elem type=sun.security.x509.AVA[]@5000195e)
	[0]		500019ab
OBJ 500019ab (sz=24, trace=301280, class=sun.security.x509.AVA@5000195d)
	oid		50001919
	value		500019ae
OBJ 500019ac (sz=24, trace=301281, class=sun.security.util.ObjectIdentifier@50001077)
ARR 500019ad (sz=40, trace=301282, nelems=0, elem type=int[])
OBJ 500019ae (sz=32, trace=301283, class=sun.security.util.DerValue@50001086)
	buffer		50003d86
	data		500019af
OBJ 500019af (sz=24, trace=301284, class=sun.security.util.DerInputStream@50001066)
	buffer		50003d86
OBJ 500019b0 (sz=24, trace=301270, class=sun.security.x509.RDN@5000194e)
	assertion	500019bc
	canonicalString	50002339
OBJ 500019b1 (sz=24, trace=300571, class=sun.security.util.DerOutputStream@5000108e)
ARR 500019b2 (sz=48, trace=300572, nelems=0, elem type=byte[])
ARR 500019b3 (sz=48, trace=301271, nelems=0, elem type=byte[])
ARR 500019b4 (sz=30, trace=301272, nelems=30, elem type=byte[])
OBJ 500019b5 (sz=24, trace=301273, class=sun.security.util.DerInputStream@50001066)
OBJ 500019b6 (sz=32, trace=300535, class=sun.security.util.DerInputBuffer@50001069)
OBJ 500019b7 (sz=32, trace=300067, class=java.util.Vector@50000004)
ARR 500019b8 (sz=40, trace=300690, nelems=0, elem type=java.lang.Object[]@500000ac)
OBJ 500019b9 (sz=32, trace=301274, class=sun.security.util.DerValue@50001086)
OBJ 500019ba (sz=24, trace=300692, class=sun.security.util.DerInputStream@50001066)
ARR 500019bb (sz=24, trace=301275, nelems=0, elem type=sun.security.util.DerValue[]@5000108b)
ARR 500019bc (sz=24, trace=301277, nelems=1, elem type=sun.security.x509.AVA[]@5000195e)
	[0]		500019bd
OBJ 500019bd (sz=24, trace=301280, class=sun.security.x509.AVA@5000195d)
	oid		5000190f
	value		500019c0
OBJ 500019be (sz=24, trace=301281, class=sun.security.util.ObjectIdentifier@50001077)
ARR 500019bf (sz=40, trace=301282, nelems=0, elem type=int[])
OBJ 500019c0 (sz=32, trace=301283, class=sun.security.util.DerValue@50001086)
	buffer		50003c55
	data		500019c1
OBJ 500019c1 (sz=24, trace=301284, class=sun.security.util.DerInputStream@50001066)
	buffer		50003c55
OBJ 500019c3 (sz=24, trace=301286, class=sun.security.x509.CertificateValidity@500019c2)
	notBefore	500019e5
	notAfter	500019e7
OBJ 500019c4 (sz=32, trace=301287, class=sun.security.util.DerValue@50001086)
OBJ 500019c5 (sz=24, trace=301288, class=sun.security.util.DerInputStream@50001066)
OBJ 500019c6 (sz=24, trace=300571, class=sun.security.util.DerOutputStream@5000108e)
ARR 500019c7 (sz=48, trace=300572, nelems=0, elem type=byte[])
ARR 500019c8 (sz=48, trace=301289, nelems=0, elem type=byte[])
ARR 500019c9 (sz=48, trace=301290, nelems=0, elem type=byte[])
OBJ 500019ca (sz=24, trace=301291, class=sun.security.util.DerInputStream@50001066)
OBJ 500019cb (sz=32, trace=300535, class=sun.security.util.DerInputBuffer@50001069)
OBJ 500019cc (sz=32, trace=300067, class=java.util.Vector@50000004)
ARR 500019cd (sz=24, trace=300561, nelems=0, elem type=java.lang.Object[]@500000ac)
OBJ 500019ce (sz=32, trace=301292, class=sun.security.util.DerValue@50001086)
OBJ 500019cf (sz=24, trace=300564, class=sun.security.util.DerInputStream@50001066)
OBJ 500019d0 (sz=32, trace=301292, class=sun.security.util.DerValue@50001086)
OBJ 500019d1 (sz=24, trace=300564, class=sun.security.util.DerInputStream@50001066)
ARR 500019d2 (sz=24, trace=301293, nelems=0, elem type=sun.security.util.DerValue[]@5000108b)
ARR 500019d4 (sz=40, trace=301295, nelems=6, elem type=java.lang.String[]@50000037)
	[0]		50003a1e
	[1]		50003a20
	[2]		50003a21
	[3]		50003a1f
	[4]		50003a22
	[5]		50003a23
ARR 500019d8 (sz=280, trace=301297, nelems=70, elem type=int[])
ARR 500019d9 (sz=52, trace=301298, nelems=13, elem type=int[])
ARR 500019da (sz=52, trace=301299, nelems=13, elem type=int[])
ARR 500019db (sz=52, trace=301300, nelems=13, elem type=int[])
OBJ 500019dc (sz=16, trace=301301, class=sun.util.calendar.Gregorian@500019d7)
OBJ 500019e0 (sz=96, trace=301303, class=sun.util.calendar.Gregorian$Date@500019df)
ARR 500019e3 (sz=144, trace=301306, nelems=32, elem type=java.lang.String[]@50000037)
	[0]		50003a2b
	[1]		50003a2c
	[2]		50003a2d
	[3]		50003a2e
	[4]		50003a2f
	[5]		50003a30
	[6]		50003a31
	[7]		50003a32
	[8]		50003a33
	[9]		50003a34
	[10]		50003a35
	[11]		50003a36
	[12]		50003a37
	[13]		50003a38
	[14]		50003a39
	[15]		50003a3a
	[16]		50003a3b
	[17]		50003a3c
	[18]		50003a3d
	[19]		50003a3e
	[20]		50003a3f
	[21]		50003a40
	[22]		50003a41
	[23]		50003a42
	[24]		50003a43
	[25]		50003a44
	[26]		50003a45
	[27]		50003a46
	[28]		50003a47
	[29]		50003a48
	[30]		50003a49
	[31]		50003a4a
ARR 500019e4 (sz=128, trace=301307, nelems=32, elem type=int[])
OBJ 500019e5 (sz=24, trace=301308, class=java.util.Date@500019e2)
OBJ 500019e6 (sz=96, trace=301303, class=sun.util.calendar.Gregorian$Date@500019df)
OBJ 500019e7 (sz=24, trace=301308, class=java.util.Date@500019e2)
OBJ 500019e9 (sz=24, trace=301310, class=sun.security.x509.CertificateSubjectName@500019e8)
	dnName		500019ea
OBJ 500019ea (sz=48, trace=301311, class=sun.security.x509.X500Name@500018fb)
	names		500019f6
ARR 500019eb (sz=696, trace=301264, nelems=0, elem type=byte[])
OBJ 500019ec (sz=24, trace=300812, class=sun.security.util.DerInputStream@50001066)
OBJ 500019ed (sz=32, trace=300067, class=java.util.Vector@50000004)
ARR 500019ee (sz=40, trace=300561, nelems=0, elem type=java.lang.Object[]@500000ac)
OBJ 500019ef (sz=32, trace=301265, class=sun.security.util.DerValue@50001086)
OBJ 500019f0 (sz=24, trace=300564, class=sun.security.util.DerInputStream@50001066)
OBJ 500019f1 (sz=32, trace=301265, class=sun.security.util.DerValue@50001086)
OBJ 500019f2 (sz=24, trace=300564, class=sun.security.util.DerInputStream@50001066)
OBJ 500019f3 (sz=32, trace=301265, class=sun.security.util.DerValue@50001086)
OBJ 500019f4 (sz=24, trace=300564, class=sun.security.util.DerInputStream@50001066)
ARR 500019f5 (sz=32, trace=301267, nelems=0, elem type=sun.security.util.DerValue[]@5000108b)
ARR 500019f6 (sz=32, trace=301312, nelems=3, elem type=sun.security.x509.RDN[]@5000194f)
	[0]		500019f7
	[1]		50001a09
	[2]		50001a1c
OBJ 500019f7 (sz=24, trace=301313, class=sun.security.x509.RDN@5000194e)
	assertion	50001a03
OBJ 500019f8 (sz=24, trace=300571, class=sun.security.util.DerOutputStream@5000108e)
ARR 500019f9 (sz=48, trace=300572, nelems=0, elem type=byte[])
ARR 500019fa (sz=48, trace=301271, nelems=0, elem type=byte[])
ARR 500019fb (sz=31, trace=301272, nelems=31, elem type=byte[])
OBJ 500019fc (sz=24, trace=301273, class=sun.security.util.DerInputStream@50001066)
OBJ 500019fd (sz=32, trace=300535, class=sun.security.util.DerInputBuffer@50001069)
OBJ 500019fe (sz=32, trace=300067, class=java.util.Vector@50000004)
ARR 500019ff (sz=40, trace=300690, nelems=0, elem type=java.lang.Object[]@500000ac)
OBJ 50001a00 (sz=32, trace=301274, class=sun.security.util.DerValue@50001086)
OBJ 50001a01 (sz=24, trace=300692, class=sun.security.util.DerInputStream@50001066)
ARR 50001a02 (sz=24, trace=301275, nelems=0, elem type=sun.security.util.DerValue[]@5000108b)
ARR 50001a03 (sz=24, trace=301314, nelems=1, elem type=sun.security.x509.AVA[]@5000195e)
	[0]		50001a04
OBJ 50001a04 (sz=24, trace=301280, class=sun.security.x509.AVA@5000195d)
	oid		50001917
	value		50001a07
OBJ 50001a05 (sz=24, trace=301281, class=sun.security.util.ObjectIdentifier@50001077)
ARR 50001a06 (sz=40, trace=301282, nelems=0, elem type=int[])
OBJ 50001a07 (sz=32, trace=301283, class=sun.security.util.DerValue@50001086)
	buffer		50003d9d
	data		50001a08
OBJ 50001a08 (sz=24, trace=301284, class=sun.security.util.DerInputStream@50001066)
	buffer		50003d9d
OBJ 50001a09 (sz=24, trace=301313, class=sun.security.x509.RDN@5000194e)
	assertion	50001a16
OBJ 50001a0a (sz=24, trace=300571, class=sun.security.util.DerOutputStream@5000108e)
ARR 50001a0b (sz=48, trace=300572, nelems=0, elem type=byte[])
ARR 50001a0c (sz=56, trace=301271, nelems=0, elem type=byte[])
ARR 50001a0d (sz=80, trace=300580, nelems=0, elem type=byte[])
ARR 50001a0e (sz=37, trace=301272, nelems=37, elem type=byte[])
OBJ 50001a0f (sz=24, trace=301273, class=sun.security.util.DerInputStream@50001066)
OBJ 50001a10 (sz=32, trace=300535, class=sun.security.util.DerInputBuffer@50001069)
OBJ 50001a11 (sz=32, trace=300067, class=java.util.Vector@50000004)
ARR 50001a12 (sz=40, trace=300690, nelems=0, elem type=java.lang.Object[]@500000ac)
OBJ 50001a13 (sz=32, trace=301274, class=sun.security.util.DerValue@50001086)
OBJ 50001a14 (sz=24, trace=300692, class=sun.security.util.DerInputStream@50001066)
ARR 50001a15 (sz=24, trace=301275, nelems=0, elem type=sun.security.util.DerValue[]@5000108b)
ARR 50001a16 (sz=24, trace=301314, nelems=1, elem type=sun.security.x509.AVA[]@5000195e)
	[0]		50001a17
OBJ 50001a17 (sz=24, trace=301280, class=sun.security.x509.AVA@5000195d)
	oid		50001919
	value		50001a1a
OBJ 50001a18 (sz=24, trace=301281, class=sun.security.util.ObjectIdentifier@50001077)
ARR 50001a19 (sz=40, trace=301282, nelems=0, elem type=int[])
OBJ 50001a1a (sz=32, trace=301283, class=sun.security.util.DerValue@50001086)
	buffer		50003d9c
	data		50001a1b
OBJ 50001a1b (sz=24, trace=301284, class=sun.security.util.DerInputStream@50001066)
	buffer		50003d9c
OBJ 50001a1c (sz=24, trace=301313, class=sun.security.x509.RDN@5000194e)
	assertion	50001a28
OBJ 50001a1d (sz=24, trace=300571, class=sun.security.util.DerOutputStream@5000108e)
ARR 50001a1e (sz=48, trace=300572, nelems=0, elem type=byte[])
ARR 50001a1f (sz=40, trace=301271, nelems=0, elem type=byte[])
ARR 50001a20 (sz=25, trace=301272, nelems=25, elem type=byte[])
OBJ 50001a21 (sz=24, trace=301273, class=sun.security.util.DerInputStream@50001066)
OBJ 50001a22 (sz=32, trace=300535, class=sun.security.util.DerInputBuffer@50001069)
OBJ 50001a23 (sz=32, trace=300067, class=java.util.Vector@50000004)
ARR 50001a24 (sz=40, trace=300690, nelems=0, elem type=java.lang.Object[]@500000ac)
OBJ 50001a25 (sz=32, trace=301274, class=sun.security.util.DerValue@50001086)
OBJ 50001a26 (sz=24, trace=300692, class=sun.security.util.DerInputStream@50001066)
ARR 50001a27 (sz=24, trace=301275, nelems=0, elem type=sun.security.util.DerValue[]@5000108b)
ARR 50001a28 (sz=24, trace=301314, nelems=1, elem type=sun.security.x509.AVA[]@5000195e)
	[0]		50001a29
OBJ 50001a29 (sz=24, trace=301280, class=sun.security.x509.AVA@5000195d)
	oid		5000190f
	value		50001a2c
OBJ 50001a2a (sz=24, trace=301281, class=sun.security.util.ObjectIdentifier@50001077)
ARR 50001a2b (sz=40, trace=301282, nelems=0, elem type=int[])
OBJ 50001a2c (sz=32, trace=301283, class=sun.security.util.DerValue@50001086)
	buffer		50003d9b
	data		50001a2d
OBJ 50001a2d (sz=24, trace=301284, class=sun.security.util.DerInputStream@50001066)
	buffer		50003d9b
OBJ 50001a2f (sz=16, trace=301316, class=sun.security.x509.CertificateX509Key@50001a2e)
	key		50001ab5
OBJ 50001a30 (sz=32, trace=301317, class=sun.security.util.DerValue@50001086)
OBJ 50001a31 (sz=24, trace=301318, class=sun.security.util.DerInputStream@50001066)
OBJ 50001a35 (sz=32, trace=301320, class=sun.security.util.DerValue@50001086)
OBJ 50001a36 (sz=24, trace=301321, class=sun.security.util.DerInputStream@50001066)
OBJ 50001a37 (sz=24, trace=301322, class=sun.security.util.DerInputStream@50001066)
OBJ 50001a38 (sz=24, trace=301323, class=sun.security.util.ObjectIdentifier@50001077)
ARR 50001a39 (sz=40, trace=300806, nelems=0, elem type=int[])
ARR 50001a3a (sz=56, trace=300807, nelems=0, elem type=int[])
OBJ 50001a3b (sz=32, trace=301324, class=sun.security.util.DerValue@50001086)
OBJ 50001a3c (sz=24, trace=300809, class=sun.security.util.DerInputStream@50001066)
OBJ 50001a3d (sz=32, trace=301325, class=sun.security.x509.AlgorithmId@50001199)
OBJ 50001a3e (sz=24, trace=301326, class=java.lang.StringBuffer@5000005e)
ARR 50001a3f (sz=64, trace=301327, nelems=0, elem type=char[])
OBJ 50001a40 (sz=32, trace=301328, class=java.lang.String@50000036)
ARR 50001a41 (sz=56, trace=301329, nelems=0, elem type=char[])
OBJ 50001a43 (sz=24, trace=301331, class=java.lang.StringBuilder@5000004d)
ARR 50001a44 (sz=48, trace=301332, nelems=0, elem type=char[])
ARR 50001a45 (sz=88, trace=300030, nelems=0, elem type=char[])
ARR 50001a46 (sz=160, trace=300030, nelems=0, elem type=char[])
OBJ 50001a47 (sz=32, trace=301333, class=java.lang.String@50000036)
ARR 50001a48 (sz=88, trace=301334, nelems=0, elem type=char[])
OBJ 50001a4a (sz=32, trace=301336, class=java.util.concurrent.ConcurrentHashMap$HashEntry@500000f4)
	key		50003adc
	value		50001a49
OBJ 50001a4b (sz=24, trace=301076, class=java.security.Provider$ServiceKey@50000e7a)
OBJ 50001a4c (sz=24, trace=301337, class=java.security.Provider$ServiceKey@50000e7a)
OBJ 50001a4e (sz=32, trace=301125, class=java.lang.ref.WeakReference@50000113)
	referent	50001a4d
	queue		500039c6
ARR 50001a4f (sz=16, trace=301126, nelems=0, elem type=java.lang.Class[]@5000002d)
OBJ 50001a50 (sz=40, trace=300834, class=java.lang.ref.SoftReference@500000c8)
OBJ 50001a51 (sz=72, trace=300835, class=java.lang.reflect.Constructor@5000000d)
OBJ 50001a52 (sz=24, trace=301127, class=java.lang.Class$1@500000f0)
OBJ 50001a53 (sz=24, trace=300837, class=sun.reflect.NativeConstructorAccessorImpl@500000e3)
OBJ 50001a54 (sz=16, trace=300838, class=sun.reflect.DelegatingConstructorAccessorImpl@500000bc)
OBJ 50001a55 (sz=24, trace=301338, class=sun.security.provider.DSAParameters@50001a4d)
OBJ 50001a56 (sz=24, trace=301130, class=sun.security.jca.GetInstance$Instance@50001788)
ARR 50001a57 (sz=24, trace=301339, nelems=0, elem type=java.lang.Object[]@500000ac)
OBJ 50001a58 (sz=32, trace=301340, class=java.security.AlgorithmParameters@50001a42)
OBJ 50001a59 (sz=24, trace=300571, class=sun.security.util.DerOutputStream@5000108e)
ARR 50001a5a (sz=48, trace=300572, nelems=0, elem type=byte[])
ARR 50001a5b (sz=304, trace=301341, nelems=0, elem type=byte[])
ARR 50001a5c (sz=312, trace=300580, nelems=0, elem type=byte[])
ARR 50001a5d (sz=312, trace=301342, nelems=0, elem type=byte[])
OBJ 50001a5e (sz=32, trace=301343, class=sun.security.util.DerValue@50001086)
OBJ 50001a5f (sz=32, trace=301344, class=java.io.ByteArrayInputStream@50000a72)
ARR 50001a60 (sz=16, trace=301345, nelems=0, elem type=byte[])
ARR 50001a61 (sz=304, trace=301150, nelems=0, elem type=byte[])
OBJ 50001a62 (sz=32, trace=301151, class=sun.security.util.DerInputBuffer@50001069)
OBJ 50001a63 (sz=24, trace=301346, class=sun.security.util.DerInputStream@50001066)
ARR 50001a64 (sz=152, trace=301347, nelems=0, elem type=byte[])
OBJ 50001a65 (sz=40, trace=300687, class=java.math.BigInteger@500010aa)
ARR 50001a66 (sz=144, trace=300688, nelems=0, elem type=int[])
ARR 50001a67 (sz=40, trace=301348, nelems=0, elem type=byte[])
OBJ 50001a68 (sz=40, trace=300687, class=java.math.BigInteger@500010aa)
ARR 50001a69 (sz=40, trace=300688, nelems=0, elem type=int[])
ARR 50001a6a (sz=152, trace=301349, nelems=0, elem type=byte[])
OBJ 50001a6b (sz=40, trace=300687, class=java.math.BigInteger@500010aa)
ARR 50001a6c (sz=144, trace=300688, nelems=0, elem type=int[])
ARR 50001a6d (sz=152, trace=301350, nelems=0, elem type=byte[])
ARR 50001a70 (sz=80, trace=301352, nelems=16, elem type=byte[][]@50001a6f)
	[0]		50001a71
	[1]		50001a72
	[2]		50001a73
	[3]		50001a74
	[4]		50001a75
	[5]		50001a76
	[6]		50001a77
	[7]		50001a78
	[8]		50001a79
	[9]		50001a7a
	[10]		50001a7b
	[11]		50001a7c
	[12]		50001a7d
	[13]		50001a7e
	[14]		50001a7f
	[15]		50001a80
ARR 50001a71 (sz=4, trace=301353, nelems=4, elem type=byte[])
ARR 50001a72 (sz=4, trace=301354, nelems=4, elem type=byte[])
ARR 50001a73 (sz=4, trace=301355, nelems=4, elem type=byte[])
ARR 50001a74 (sz=4, trace=301356, nelems=4, elem type=byte[])
ARR 50001a75 (sz=4, trace=301357, nelems=4, elem type=byte[])
ARR 50001a76 (sz=4, trace=301358, nelems=4, elem type=byte[])
ARR 50001a77 (sz=4, trace=301359, nelems=4, elem type=byte[])
ARR 50001a78 (sz=4, trace=301360, nelems=4, elem type=byte[])
ARR 50001a79 (sz=4, trace=301361, nelems=4, elem type=byte[])
ARR 50001a7a (sz=4, trace=301362, nelems=4, elem type=byte[])
ARR 50001a7b (sz=4, trace=301363, nelems=4, elem type=byte[])
ARR 50001a7c (sz=4, trace=301364, nelems=4, elem type=byte[])
ARR 50001a7d (sz=4, trace=301365, nelems=4, elem type=byte[])
ARR 50001a7e (sz=4, trace=301366, nelems=4, elem type=byte[])
ARR 50001a7f (sz=4, trace=301367, nelems=4, elem type=byte[])
ARR 50001a80 (sz=4, trace=301368, nelems=4, elem type=byte[])
OBJ 50001a81 (sz=24, trace=301369, class=sun.security.util.BitArray@50001a6e)
ARR 50001a82 (sz=152, trace=301370, nelems=0, elem type=byte[])
OBJ 50001a83 (sz=24, trace=300571, class=sun.security.util.DerOutputStream@5000108e)
ARR 50001a84 (sz=48, trace=301371, nelems=0, elem type=byte[])
OBJ 50001a85 (sz=24, trace=300571, class=sun.security.util.DerOutputStream@5000108e)
ARR 50001a86 (sz=48, trace=301372, nelems=0, elem type=byte[])
OBJ 50001a87 (sz=24, trace=300571, class=sun.security.util.DerOutputStream@5000108e)
ARR 50001a88 (sz=48, trace=301373, nelems=0, elem type=byte[])
OBJ 50001a89 (sz=24, trace=300571, class=sun.security.util.DerOutputStream@5000108e)
ARR 50001a8a (sz=48, trace=301374, nelems=0, elem type=byte[])
OBJ 50001a8b (sz=24, trace=300571, class=sun.security.util.DerOutputStream@5000108e)
ARR 50001a8c (sz=48, trace=301375, nelems=0, elem type=byte[])
ARR 50001a8d (sz=24, trace=301376, nelems=0, elem type=byte[])
ARR 50001a8e (sz=24, trace=301376, nelems=0, elem type=byte[])
ARR 50001a8f (sz=24, trace=301376, nelems=0, elem type=byte[])
ARR 50001a90 (sz=24, trace=301376, nelems=0, elem type=byte[])
ARR 50001a91 (sz=304, trace=301377, nelems=0, elem type=byte[])
ARR 50001a92 (sz=320, trace=300580, nelems=0, elem type=byte[])
ARR 50001a93 (sz=320, trace=301378, nelems=0, elem type=byte[])
ARR 50001a94 (sz=320, trace=301379, nelems=0, elem type=byte[])
ARR 50001a95 (sz=320, trace=301380, nelems=0, elem type=byte[])
ARR 50001a96 (sz=624, trace=301381, nelems=0, elem type=byte[])
ARR 50001a97 (sz=464, trace=301382, nelems=0, elem type=byte[])
ARR 50001a9b (sz=464, trace=301384, nelems=0, elem type=byte[])
OBJ 50001a9c (sz=16, trace=301385, class=java.security.spec.X509EncodedKeySpec@50001a9a)
OBJ 50001a9e (sz=32, trace=301387, class=java.security.KeyFactory@50001a9d)
OBJ 50001a9f (sz=16, trace=301388, class=java.lang.Object@500000ab)
OBJ 50001aa1 (sz=48, trace=301390, class=sun.security.jca.ProviderList$ServiceList@50001aa0)
OBJ 50001aa3 (sz=24, trace=301392, class=sun.security.jca.ProviderList$ServiceList$1@50001aa2)
OBJ 50001aa4 (sz=24, trace=301393, class=java.security.Provider$ServiceKey@50000e7a)
OBJ 50001aa7 (sz=24, trace=301394, class=sun.security.action.GetPropertyAction@500000ad)
OBJ 50001aa8 (sz=32, trace=301125, class=java.lang.ref.WeakReference@50000113)
	referent	50001aa6
	queue		500039c6
ARR 50001aa9 (sz=16, trace=301395, nelems=0, elem type=java.lang.Class[]@5000002d)
OBJ 50001aaa (sz=40, trace=300834, class=java.lang.ref.SoftReference@500000c8)
OBJ 50001aab (sz=72, trace=300835, class=java.lang.reflect.Constructor@5000000d)
OBJ 50001aac (sz=24, trace=301127, class=java.lang.Class$1@500000f0)
OBJ 50001aad (sz=24, trace=300837, class=sun.reflect.NativeConstructorAccessorImpl@500000e3)
OBJ 50001aae (sz=16, trace=300838, class=sun.reflect.DelegatingConstructorAccessorImpl@500000bc)
OBJ 50001aaf (sz=16, trace=301396, class=sun.security.provider.DSAKeyFactory@50001aa6)
OBJ 50001ab5 (sz=40, trace=301399, class=sun.security.provider.DSAPublicKeyImpl@50001ab4)
	algid		50001ac4
	key		50003da2
	bitStringKey	50001ae5
	y		50001ae9
OBJ 50001ab6 (sz=32, trace=301400, class=java.io.ByteArrayInputStream@50000a72)
OBJ 50001ab7 (sz=32, trace=301401, class=sun.security.util.DerValue@50001086)
ARR 50001ab8 (sz=16, trace=301402, nelems=0, elem type=byte[])
ARR 50001ab9 (sz=440, trace=301403, nelems=440, elem type=byte[])
OBJ 50001aba (sz=32, trace=301151, class=sun.security.util.DerInputBuffer@50001069)
OBJ 50001abb (sz=24, trace=301404, class=sun.security.util.DerInputStream@50001066)
OBJ 50001abc (sz=32, trace=301405, class=sun.security.util.DerValue@50001086)
OBJ 50001abd (sz=24, trace=301406, class=sun.security.util.DerInputStream@50001066)
OBJ 50001abe (sz=24, trace=301407, class=sun.security.util.DerInputStream@50001066)
OBJ 50001abf (sz=24, trace=301408, class=sun.security.util.ObjectIdentifier@50001077)
	components	50001ac1
	stringForm	50001ac7
ARR 50001ac0 (sz=40, trace=300806, nelems=0, elem type=int[])
ARR 50001ac1 (sz=40, trace=300807, nelems=10, elem type=int[])
OBJ 50001ac2 (sz=32, trace=301409, class=sun.security.util.DerValue@50001086)
	buffer		50003da5
	data		50001ac3
OBJ 50001ac3 (sz=24, trace=300809, class=sun.security.util.DerInputStream@50001066)
	buffer		50003da5
OBJ 50001ac4 (sz=32, trace=301410, class=sun.security.x509.AlgorithmId@50001199)
	algid		50001abf
	algParams	50001acd
	params		50001ac2
OBJ 50001ac5 (sz=24, trace=301326, class=java.lang.StringBuffer@5000005e)
ARR 50001ac6 (sz=64, trace=301327, nelems=0, elem type=char[])
OBJ 50001ac7 (sz=32, trace=301328, class=java.lang.String@50000036)
	value		50001ac8
ARR 50001ac8 (sz=34, trace=301329, nelems=17, elem type=char[])
OBJ 50001ac9 (sz=24, trace=301076, class=java.security.Provider$ServiceKey@50000e7a)
OBJ 50001aca (sz=24, trace=301338, class=sun.security.provider.DSAParameters@50001a4d)
	p		50001ada
	q		50001add
	g		50001ae0
OBJ 50001acb (sz=24, trace=301130, class=sun.security.jca.GetInstance$Instance@50001788)
ARR 50001acc (sz=24, trace=301339, nelems=0, elem type=java.lang.Object[]@500000ac)
OBJ 50001acd (sz=32, trace=301340, class=java.security.AlgorithmParameters@50001a42)
	provider	50001239
	paramSpi	50001aca
	algorithm	50001ac7
OBJ 50001ace (sz=24, trace=300571, class=sun.security.util.DerOutputStream@5000108e)
ARR 50001acf (sz=48, trace=300572, nelems=0, elem type=byte[])
ARR 50001ad0 (sz=304, trace=301341, nelems=0, elem type=byte[])
ARR 50001ad1 (sz=312, trace=300580, nelems=0, elem type=byte[])
ARR 50001ad2 (sz=312, trace=301342, nelems=0, elem type=byte[])
OBJ 50001ad3 (sz=32, trace=301343, class=sun.security.util.DerValue@50001086)
OBJ 50001ad4 (sz=32, trace=301344, class=java.io.ByteArrayInputStream@50000a72)
ARR 50001ad5 (sz=16, trace=301345, nelems=0, elem type=byte[])
ARR 50001ad6 (sz=304, trace=301150, nelems=0, elem type=byte[])
OBJ 50001ad7 (sz=32, trace=301151, class=sun.security.util.DerInputBuffer@50001069)
OBJ 50001ad8 (sz=24, trace=301346, class=sun.security.util.DerInputStream@50001066)
ARR 50001ad9 (sz=152, trace=301347, nelems=0, elem type=byte[])
OBJ 50001ada (sz=40, trace=300687, class=java.math.BigInteger@500010aa)
	mag		50001adb
ARR 50001adb (sz=128, trace=300688, nelems=32, elem type=int[])
ARR 50001adc (sz=40, trace=301348, nelems=0, elem type=byte[])
OBJ 50001add (sz=40, trace=300687, class=java.math.BigInteger@500010aa)
	mag		50001ade
ARR 50001ade (sz=20, trace=300688, nelems=5, elem type=int[])
ARR 50001adf (sz=152, trace=301349, nelems=0, elem type=byte[])
OBJ 50001ae0 (sz=40, trace=300687, class=java.math.BigInteger@500010aa)
	mag		50001ae1
ARR 50001ae1 (sz=128, trace=300688, nelems=32, elem type=int[])
ARR 50001ae2 (sz=152, trace=301411, nelems=0, elem type=byte[])
OBJ 50001ae3 (sz=24, trace=301412, class=sun.security.util.BitArray@50001a6e)
ARR 50001ae4 (sz=152, trace=301413, nelems=0, elem type=byte[])
OBJ 50001ae5 (sz=24, trace=301414, class=sun.security.util.BitArray@50001a6e)
	repn		50003da6
OBJ 50001ae6 (sz=24, trace=301415, class=sun.security.util.DerInputStream@50001066)
OBJ 50001ae7 (sz=32, trace=300535, class=sun.security.util.DerInputBuffer@50001069)
ARR 50001ae8 (sz=152, trace=301416, nelems=0, elem type=byte[])
OBJ 50001ae9 (sz=40, trace=300687, class=java.math.BigInteger@500010aa)
	mag		50001aea
ARR 50001aea (sz=128, trace=300688, nelems=32, elem type=int[])
OBJ 50001aeb (sz=32, trace=301417, class=sun.security.util.DerValue@50001086)
OBJ 50001aec (sz=24, trace=301418, class=sun.security.util.DerInputStream@50001066)
ARR 50001aee (sz=24, trace=301420, nelems=2, elem type=java.lang.Class[]@5000002d)
	[0]		50000044
	[1]		500000ab
OBJ 50001aef (sz=24, trace=301421, class=sun.security.x509.CertificateExtensions@50001aed)
	map		50001af0
OBJ 50001af0 (sz=48, trace=301422, class=java.util.Hashtable@50000033)
	table		50001af1
ARR 50001af1 (sz=64, trace=301423, nelems=8, elem type=java.util.Hashtable$Entry[]@500000fe)
	[1]		50001bc7
	[3]		50001c27
	[6]		50001bf9
	[7]		50001bdf
OBJ 50001af2 (sz=32, trace=300067, class=java.util.Vector@50000004)
ARR 50001af3 (sz=40, trace=300561, nelems=0, elem type=java.lang.Object[]@500000ac)
OBJ 50001af4 (sz=32, trace=301424, class=sun.security.util.DerValue@50001086)
OBJ 50001af5 (sz=24, trace=300564, class=sun.security.util.DerInputStream@50001066)
OBJ 50001af6 (sz=32, trace=301424, class=sun.security.util.DerValue@50001086)
OBJ 50001af7 (sz=24, trace=300564, class=sun.security.util.DerInputStream@50001066)
OBJ 50001af8 (sz=32, trace=301424, class=sun.security.util.DerValue@50001086)
OBJ 50001af9 (sz=24, trace=300564, class=sun.security.util.DerInputStream@50001066)
OBJ 50001afa (sz=32, trace=301424, class=sun.security.util.DerValue@50001086)
OBJ 50001afb (sz=24, trace=300564, class=sun.security.util.DerInputStream@50001066)
OBJ 50001afc (sz=32, trace=301424, class=sun.security.util.DerValue@50001086)
OBJ 50001afd (sz=24, trace=300564, class=sun.security.util.DerInputStream@50001066)
ARR 50001afe (sz=40, trace=301425, nelems=0, elem type=sun.security.util.DerValue[]@5000108b)
OBJ 50001b00 (sz=24, trace=301427, class=sun.security.x509.Extension@50001aff)
OBJ 50001b01 (sz=24, trace=301428, class=sun.security.util.DerInputStream@50001066)
OBJ 50001b02 (sz=24, trace=301429, class=sun.security.util.ObjectIdentifier@50001077)
ARR 50001b03 (sz=40, trace=301430, nelems=0, elem type=int[])
ARR 50001b04 (sz=56, trace=301431, nelems=0, elem type=int[])
OBJ 50001b05 (sz=32, trace=301432, class=sun.security.util.DerValue@50001086)
OBJ 50001b06 (sz=24, trace=301433, class=sun.security.util.DerInputStream@50001066)
ARR 50001b07 (sz=4, trace=301434, nelems=4, elem type=byte[])
ARR 50001b09 (sz=28, trace=301436, nelems=7, elem type=int[])
OBJ 50001b0a (sz=48, trace=301437, class=java.util.HashMap@500000cb)
	table		50001b6c
ARR 50001b0b (sz=80, trace=301438, nelems=0, elem type=java.util.HashMap$Entry[]@50000054)
OBJ 50001b0c (sz=48, trace=301439, class=java.util.HashMap@500000cb)
	table		50001b6e
ARR 50001b0d (sz=80, trace=301440, nelems=0, elem type=java.util.HashMap$Entry[]@50000054)
ARR 50001b0f (sz=16, trace=301442, nelems=4, elem type=int[])
ARR 50001b10 (sz=16, trace=301443, nelems=4, elem type=int[])
ARR 50001b11 (sz=16, trace=301444, nelems=4, elem type=int[])
ARR 50001b12 (sz=16, trace=301445, nelems=4, elem type=int[])
ARR 50001b13 (sz=16, trace=301446, nelems=4, elem type=int[])
ARR 50001b14 (sz=16, trace=301447, nelems=4, elem type=int[])
ARR 50001b15 (sz=16, trace=301448, nelems=4, elem type=int[])
ARR 50001b16 (sz=16, trace=301449, nelems=4, elem type=int[])
ARR 50001b17 (sz=16, trace=301450, nelems=4, elem type=int[])
ARR 50001b18 (sz=16, trace=301451, nelems=4, elem type=int[])
ARR 50001b19 (sz=16, trace=301452, nelems=4, elem type=int[])
ARR 50001b1a (sz=16, trace=301453, nelems=4, elem type=int[])
ARR 50001b1b (sz=16, trace=301454, nelems=4, elem type=int[])
ARR 50001b1c (sz=16, trace=301455, nelems=4, elem type=int[])
ARR 50001b1d (sz=16, trace=301456, nelems=4, elem type=int[])
ARR 50001b1e (sz=16, trace=301457, nelems=4, elem type=int[])
ARR 50001b1f (sz=16, trace=301458, nelems=4, elem type=int[])
ARR 50001b20 (sz=16, trace=301459, nelems=4, elem type=int[])
ARR 50001b21 (sz=16, trace=301460, nelems=4, elem type=int[])
ARR 50001b22 (sz=16, trace=301461, nelems=4, elem type=int[])
ARR 50001b23 (sz=16, trace=301462, nelems=4, elem type=int[])
ARR 50001b24 (sz=16, trace=301463, nelems=4, elem type=int[])
ARR 50001b25 (sz=36, trace=301464, nelems=9, elem type=int[])
ARR 50001b26 (sz=36, trace=301465, nelems=9, elem type=int[])
ARR 50001b27 (sz=16, trace=301466, nelems=4, elem type=int[])
ARR 50001b28 (sz=40, trace=301467, nelems=10, elem type=int[])
OBJ 50001b29 (sz=24, trace=301468, class=sun.security.util.ObjectIdentifier@50001077)
	components	50001b0f
OBJ 50001b2a (sz=24, trace=301469, class=sun.security.util.ObjectIdentifier@50001077)
	components	50001b10
OBJ 50001b2b (sz=24, trace=301470, class=sun.security.util.ObjectIdentifier@50001077)
	components	50001b11
OBJ 50001b2c (sz=24, trace=301471, class=sun.security.util.ObjectIdentifier@50001077)
	components	50001b12
OBJ 50001b2d (sz=24, trace=301472, class=sun.security.util.ObjectIdentifier@50001077)
	components	50001b13
OBJ 50001b2e (sz=24, trace=301473, class=sun.security.util.ObjectIdentifier@50001077)
	components	50001b14
OBJ 50001b2f (sz=24, trace=301474, class=sun.security.util.ObjectIdentifier@50001077)
	components	50001b15
OBJ 50001b30 (sz=24, trace=301475, class=sun.security.util.ObjectIdentifier@50001077)
	components	50001b16
OBJ 50001b31 (sz=24, trace=301476, class=sun.security.util.ObjectIdentifier@50001077)
	components	50001b22
OBJ 50001b32 (sz=24, trace=301477, class=sun.security.util.ObjectIdentifier@50001077)
	components	50001b23
OBJ 50001b33 (sz=24, trace=301478, class=sun.security.util.ObjectIdentifier@50001077)
	components	50001b17
OBJ 50001b34 (sz=24, trace=301479, class=sun.security.util.ObjectIdentifier@50001077)
	components	50001b18
OBJ 50001b35 (sz=24, trace=301480, class=sun.security.util.ObjectIdentifier@50001077)
	components	50001b1f
OBJ 50001b36 (sz=24, trace=301481, class=sun.security.util.ObjectIdentifier@50001077)
	components	50001b20
OBJ 50001b37 (sz=24, trace=301482, class=sun.security.util.ObjectIdentifier@50001077)
	components	50001b21
OBJ 50001b38 (sz=24, trace=301483, class=sun.security.util.ObjectIdentifier@50001077)
	components	50001b19
OBJ 50001b39 (sz=24, trace=301484, class=sun.security.util.ObjectIdentifier@50001077)
	components	50001b1a
OBJ 50001b3a (sz=24, trace=301485, class=sun.security.util.ObjectIdentifier@50001077)
	components	50001b1b
OBJ 50001b3b (sz=24, trace=301486, class=sun.security.util.ObjectIdentifier@50001077)
	components	50001b1c
OBJ 50001b3c (sz=24, trace=301487, class=sun.security.util.ObjectIdentifier@50001077)
	components	50001b1d
OBJ 50001b3d (sz=24, trace=301488, class=sun.security.util.ObjectIdentifier@50001077)
	components	50001b1e
OBJ 50001b3e (sz=24, trace=301489, class=sun.security.util.ObjectIdentifier@50001077)
	components	50001b24
OBJ 50001b3f (sz=24, trace=301490, class=sun.security.util.ObjectIdentifier@50001077)
	components	50001b25
OBJ 50001b40 (sz=24, trace=301491, class=sun.security.util.ObjectIdentifier@50001077)
	components	50001b26
OBJ 50001b41 (sz=24, trace=301492, class=sun.security.util.ObjectIdentifier@50001077)
	components	50001b27
OBJ 50001b42 (sz=24, trace=301493, class=sun.security.util.ObjectIdentifier@50001077)
	components	50001b28
OBJ 50001b44 (sz=32, trace=301495, class=sun.security.x509.OIDMap$OIDInfo@50001b43)
	oid		50001b2a
	name		50003ce7
	className	50003ce8
	clazz		50001bcf
OBJ 50001b45 (sz=32, trace=301496, class=java.util.HashMap$Entry@50000053)
	key		50001b2a
	value		50001b44
OBJ 50001b46 (sz=32, trace=301497, class=java.util.HashMap$Entry@50000053)
	key		50003ce7
	value		50001b44
	next		50001b52
OBJ 50001b47 (sz=32, trace=301498, class=sun.security.x509.OIDMap$OIDInfo@50001b43)
	oid		50001b2b
	name		50003ce9
	className	50003cea
	clazz		50001bb6
OBJ 50001b48 (sz=32, trace=301496, class=java.util.HashMap$Entry@50000053)
	key		50001b2b
	value		50001b47
OBJ 50001b49 (sz=32, trace=301497, class=java.util.HashMap$Entry@50000053)
	key		50003ce9
	value		50001b47
OBJ 50001b4a (sz=32, trace=301499, class=sun.security.x509.OIDMap$OIDInfo@50001b43)
	oid		50001b2c
	name		50003ceb
	className	50003cec
OBJ 50001b4b (sz=32, trace=301496, class=java.util.HashMap$Entry@50000053)
	key		50001b2c
	value		50001b4a
OBJ 50001b4c (sz=32, trace=301497, class=java.util.HashMap$Entry@50000053)
	key		50003ceb
	value		50001b4a
OBJ 50001b4d (sz=32, trace=301500, class=sun.security.x509.OIDMap$OIDInfo@50001b43)
	oid		50001b2f
	name		50003ced
	className	50003cee
	clazz		50001c01
OBJ 50001b4e (sz=32, trace=301496, class=java.util.HashMap$Entry@50000053)
	key		50001b2f
	value		50001b4d
OBJ 50001b4f (sz=32, trace=301497, class=java.util.HashMap$Entry@50000053)
	key		50003ced
	value		50001b4d
OBJ 50001b50 (sz=32, trace=301501, class=sun.security.x509.OIDMap$OIDInfo@50001b43)
	oid		50001b30
	name		50003cef
	className	50003cf0
OBJ 50001b51 (sz=32, trace=301496, class=java.util.HashMap$Entry@50000053)
	key		50001b30
	value		50001b50
OBJ 50001b52 (sz=32, trace=301497, class=java.util.HashMap$Entry@50000053)
	key		50003cef
	value		50001b50
OBJ 50001b53 (sz=32, trace=301502, class=sun.security.x509.OIDMap$OIDInfo@50001b43)
	oid		50001b34
	name		50003cf1
	className	50003cf2
	clazz		50001e3f
OBJ 50001b54 (sz=32, trace=301496, class=java.util.HashMap$Entry@50000053)
	key		50001b34
	value		50001b53
OBJ 50001b55 (sz=32, trace=301497, class=java.util.HashMap$Entry@50000053)
	key		50003cf1
	value		50001b53
OBJ 50001b56 (sz=32, trace=301503, class=sun.security.x509.OIDMap$OIDInfo@50001b43)
	oid		50001b3b
	name		50003cf3
	className	50003cf4
OBJ 50001b57 (sz=32, trace=301496, class=java.util.HashMap$Entry@50000053)
	key		50001b3b
	value		50001b56
OBJ 50001b58 (sz=32, trace=301497, class=java.util.HashMap$Entry@50000053)
	key		50003cf3
	value		50001b56
OBJ 50001b59 (sz=32, trace=301504, class=sun.security.x509.OIDMap$OIDInfo@50001b43)
	oid		50001b35
	name		50003cf5
	className	50003cf6
OBJ 50001b5a (sz=32, trace=301496, class=java.util.HashMap$Entry@50000053)
	key		50001b35
	value		50001b59
OBJ 50001b5b (sz=32, trace=301497, class=java.util.HashMap$Entry@50000053)
	key		50003cf5
	value		50001b59
OBJ 50001b5c (sz=32, trace=301505, class=sun.security.x509.OIDMap$OIDInfo@50001b43)
	oid		50001b38
	name		50003cf7
	className	50003cf8
OBJ 50001b5d (sz=32, trace=301496, class=java.util.HashMap$Entry@50000053)
	key		50001b38
	value		50001b5c
OBJ 50001b5e (sz=32, trace=301497, class=java.util.HashMap$Entry@50000053)
	key		50003cf7
	value		50001b5c
	next		50001b67
OBJ 50001b5f (sz=32, trace=301506, class=sun.security.x509.OIDMap$OIDInfo@50001b43)
	oid		50001b2e
	name		50003cf9
	className	50003cfa
OBJ 50001b60 (sz=32, trace=301496, class=java.util.HashMap$Entry@50000053)
	key		50001b2e
	value		50001b5f
OBJ 50001b61 (sz=32, trace=301497, class=java.util.HashMap$Entry@50000053)
	key		50003cf9
	value		50001b5f
OBJ 50001b62 (sz=32, trace=301507, class=sun.security.x509.OIDMap$OIDInfo@50001b43)
	oid		50001b29
	name		50003cfb
	className	50003cfc
	clazz		50001be7
OBJ 50001b63 (sz=32, trace=301496, class=java.util.HashMap$Entry@50000053)
	key		50001b29
	value		50001b62
OBJ 50001b64 (sz=32, trace=301497, class=java.util.HashMap$Entry@50000053)
	key		50003cfb
	value		50001b62
OBJ 50001b65 (sz=32, trace=301508, class=sun.security.x509.OIDMap$OIDInfo@50001b43)
	oid		50001b39
	name		50003cfd
	className	50003cfe
OBJ 50001b66 (sz=32, trace=301496, class=java.util.HashMap$Entry@50000053)
	key		50001b39
	value		50001b65
OBJ 50001b67 (sz=32, trace=301497, class=java.util.HashMap$Entry@50000053)
	key		50003cfd
	value		50001b65
ARR 50001b68 (sz=28, trace=301509, nelems=7, elem type=int[])
OBJ 50001b69 (sz=24, trace=301510, class=sun.security.util.ObjectIdentifier@50001077)
	components	50001b68
OBJ 50001b6a (sz=32, trace=301511, class=sun.security.x509.OIDMap$OIDInfo@50001b43)
	oid		50001b69
	name		50003cff
	className	50003d00
	clazz		50001b8d
OBJ 50001b6b (sz=32, trace=301496, class=java.util.HashMap$Entry@50000053)
	key		50001b69
	value		50001b6a
ARR 50001b6c (sz=144, trace=301512, nelems=32, elem type=java.util.HashMap$Entry[]@50000054)
	[0]		50001b51
	[1]		50001b6b
	[2]		50001b82
	[3]		50001b45
	[5]		50001b5d
	[7]		50001b54
	[12]		50001b76
	[13]		50001b8b
	[17]		50001b60
	[18]		50001b7f
	[20]		50001b88
	[21]		50001b5a
	[22]		50001b70
	[23]		50001b63
	[24]		50001b4e
	[27]		50001b79
	[28]		50001b85
	[30]		50001b66
	[31]		50001b4b
OBJ 50001b6d (sz=32, trace=301497, class=java.util.HashMap$Entry@50000053)
	key		50003cff
	value		50001b6a
ARR 50001b6e (sz=144, trace=301513, nelems=29, elem type=java.util.HashMap$Entry[]@50000054)
	[3]		50001b49
	[4]		50001b46
	[6]		50001b71
	[7]		50001b5e
	[8]		50001b89
	[10]		50001b7a
	[12]		50001b4c
	[14]		50001b5b
	[15]		50001b8c
	[16]		50001b55
	[18]		50001b86
	[19]		50001b6d
	[20]		50001b7d
	[22]		50001b74
	[23]		50001b83
	[24]		50001b77
	[26]		50001b4f
	[27]		50001b80
	[28]		50001b61
OBJ 50001b6f (sz=32, trace=301514, class=sun.security.x509.OIDMap$OIDInfo@50001b43)
	oid		50001b2d
	name		50003d01
	className	50003d02
OBJ 50001b70 (sz=32, trace=301496, class=java.util.HashMap$Entry@50000053)
	key		50001b2d
	value		50001b6f
OBJ 50001b71 (sz=32, trace=301497, class=java.util.HashMap$Entry@50000053)
	key		50003d01
	value		50001b6f
OBJ 50001b72 (sz=32, trace=301515, class=sun.security.x509.OIDMap$OIDInfo@50001b43)
	oid		50001b31
	name		50003d03
	className	50003d04
OBJ 50001b73 (sz=32, trace=301496, class=java.util.HashMap$Entry@50000053)
	key		50001b31
	value		50001b72
	next		50001b57
OBJ 50001b74 (sz=32, trace=301497, class=java.util.HashMap$Entry@50000053)
	key		50003d03
	value		50001b72
OBJ 50001b75 (sz=32, trace=301516, class=sun.security.x509.OIDMap$OIDInfo@50001b43)
	oid		50001b32
	name		50003d05
	className	50003d06
OBJ 50001b76 (sz=32, trace=301496, class=java.util.HashMap$Entry@50000053)
	key		50001b32
	value		50001b75
OBJ 50001b77 (sz=32, trace=301497, class=java.util.HashMap$Entry@50000053)
	key		50003d05
	value		50001b75
	next		50001b64
OBJ 50001b78 (sz=32, trace=301517, class=sun.security.x509.OIDMap$OIDInfo@50001b43)
	oid		50001b3a
	name		50003d07
	className	50003d08
OBJ 50001b79 (sz=32, trace=301496, class=java.util.HashMap$Entry@50000053)
	key		50001b3a
	value		50001b78
	next		50001b48
OBJ 50001b7a (sz=32, trace=301497, class=java.util.HashMap$Entry@50000053)
	key		50003d07
	value		50001b78
OBJ 50001b7b (sz=32, trace=301518, class=sun.security.x509.OIDMap$OIDInfo@50001b43)
	oid		50001b3e
	name		50003d09
	className	50003d0a
OBJ 50001b7c (sz=32, trace=301496, class=java.util.HashMap$Entry@50000053)
	key		50001b3e
	value		50001b7b
	next		50001b73
OBJ 50001b7d (sz=32, trace=301497, class=java.util.HashMap$Entry@50000053)
	key		50003d09
	value		50001b7b
OBJ 50001b7e (sz=32, trace=301519, class=sun.security.x509.OIDMap$OIDInfo@50001b43)
	oid		50001b3f
	name		50003d0b
	className	50003d0c
OBJ 50001b7f (sz=32, trace=301496, class=java.util.HashMap$Entry@50000053)
	key		50001b3f
	value		50001b7e
OBJ 50001b80 (sz=32, trace=301497, class=java.util.HashMap$Entry@50000053)
	key		50003d0b
	value		50001b7e
OBJ 50001b81 (sz=32, trace=301520, class=sun.security.x509.OIDMap$OIDInfo@50001b43)
	oid		50001b3c
	name		50003d0d
	className	50003d0e
OBJ 50001b82 (sz=32, trace=301496, class=java.util.HashMap$Entry@50000053)
	key		50001b3c
	value		50001b81
OBJ 50001b83 (sz=32, trace=301497, class=java.util.HashMap$Entry@50000053)
	key		50003d0d
	value		50001b81
OBJ 50001b84 (sz=32, trace=301521, class=sun.security.x509.OIDMap$OIDInfo@50001b43)
	oid		50001b3d
	name		50003d0f
	className	50003d10
OBJ 50001b85 (sz=32, trace=301496, class=java.util.HashMap$Entry@50000053)
	key		50001b3d
	value		50001b84
OBJ 50001b86 (sz=32, trace=301497, class=java.util.HashMap$Entry@50000053)
	key		50003d0f
	value		50001b84
	next		50001b58
OBJ 50001b87 (sz=32, trace=301522, class=sun.security.x509.OIDMap$OIDInfo@50001b43)
	oid		50001b41
	name		50003d11
	className	50003d12
OBJ 50001b88 (sz=32, trace=301496, class=java.util.HashMap$Entry@50000053)
	key		50001b41
	value		50001b87
OBJ 50001b89 (sz=32, trace=301497, class=java.util.HashMap$Entry@50000053)
	key		50003d11
	value		50001b87
OBJ 50001b8a (sz=32, trace=301523, class=sun.security.x509.OIDMap$OIDInfo@50001b43)
	oid		50001b42
	name		50003d13
	className	50003d14
OBJ 50001b8b (sz=32, trace=301496, class=java.util.HashMap$Entry@50000053)
	key		50001b42
	value		50001b8a
	next		50001b7c
OBJ 50001b8c (sz=32, trace=301497, class=java.util.HashMap$Entry@50000053)
	key		50003d13
	value		50001b8a
ARR 50001b8e (sz=28, trace=301525, nelems=7, elem type=int[])
OBJ 50001b8f (sz=24, trace=301526, class=sun.security.util.ObjectIdentifier@50001077)
	components	50003d7a
ARR 50001b92 (sz=48, trace=301528, nelems=7, elem type=sun.security.x509.NetscapeCertTypeExtension$MapEntry[]@50001b91)
	[0]		50001b93
	[1]		50001b94
	[2]		50001b95
	[3]		50001b96
	[4]		50001b97
	[5]		50001b98
	[6]		50001b99
OBJ 50001b93 (sz=24, trace=301529, class=sun.security.x509.NetscapeCertTypeExtension$MapEntry@50001b90)
	mName		50003d6a
OBJ 50001b94 (sz=24, trace=301530, class=sun.security.x509.NetscapeCertTypeExtension$MapEntry@50001b90)
	mName		50003d6b
OBJ 50001b95 (sz=24, trace=301531, class=sun.security.x509.NetscapeCertTypeExtension$MapEntry@50001b90)
	mName		50003d6c
OBJ 50001b96 (sz=24, trace=301532, class=sun.security.x509.NetscapeCertTypeExtension$MapEntry@50001b90)
	mName		50003d6d
OBJ 50001b97 (sz=24, trace=301533, class=sun.security.x509.NetscapeCertTypeExtension$MapEntry@50001b90)
	mName		50003d6e
OBJ 50001b98 (sz=24, trace=301534, class=sun.security.x509.NetscapeCertTypeExtension$MapEntry@50001b90)
	mName		50003d6f
OBJ 50001b99 (sz=24, trace=301535, class=sun.security.x509.NetscapeCertTypeExtension$MapEntry@50001b90)
	mName		50003d70
OBJ 50001b9a (sz=32, trace=300067, class=java.util.Vector@50000004)
	elementData	50001b9b
ARR 50001b9b (sz=56, trace=301536, nelems=7, elem type=java.lang.Object[]@500000ac)
	[0]		50003d6a
	[1]		50003d6b
	[2]		50003d6c
	[3]		50003d6d
	[4]		50003d6e
	[5]		50003d6f
	[6]		50003d70
OBJ 50001b9c (sz=40, trace=301537, class=java.lang.ref.SoftReference@500000c8)
OBJ 50001b9d (sz=72, trace=300835, class=java.lang.reflect.Constructor@5000000d)
ARR 50001b9e (sz=24, trace=301538, nelems=0, elem type=java.lang.Object[]@500000ac)
OBJ 50001b9f (sz=24, trace=300837, class=sun.reflect.NativeConstructorAccessorImpl@500000e3)
OBJ 50001ba0 (sz=16, trace=300838, class=sun.reflect.DelegatingConstructorAccessorImpl@500000bc)
OBJ 50001ba1 (sz=32, trace=301539, class=sun.security.x509.NetscapeCertTypeExtension@50001b8d)
	extensionId	50001b8f
	extensionValue	50001b07
	bitString	50001bab
OBJ 50001ba2 (sz=32, trace=301540, class=sun.security.util.DerValue@50001086)
OBJ 50001ba3 (sz=32, trace=301541, class=java.io.ByteArrayInputStream@50000a72)
ARR 50001ba4 (sz=16, trace=301542, nelems=0, elem type=byte[])
ARR 50001ba5 (sz=24, trace=301150, nelems=0, elem type=byte[])
OBJ 50001ba6 (sz=32, trace=301151, class=sun.security.util.DerInputBuffer@50001069)
OBJ 50001ba7 (sz=24, trace=301543, class=sun.security.util.DerInputStream@50001066)
ARR 50001ba8 (sz=24, trace=301544, nelems=0, elem type=byte[])
OBJ 50001ba9 (sz=24, trace=301545, class=sun.security.util.BitArray@50001a6e)
ARR 50001baa (sz=24, trace=301546, nelems=0, elem type=byte[])
ARR 50001bab (sz=4, trace=301547, nelems=4, elem type=boolean[])
OBJ 50001bac (sz=32, trace=301548, class=java.util.Hashtable$Entry@500000fd)
	key		50003d71
	value		50001ba1
OBJ 50001bad (sz=24, trace=301427, class=sun.security.x509.Extension@50001aff)
OBJ 50001bae (sz=24, trace=301428, class=sun.security.util.DerInputStream@50001066)
OBJ 50001baf (sz=24, trace=301429, class=sun.security.util.ObjectIdentifier@50001077)
ARR 50001bb0 (sz=40, trace=301430, nelems=0, elem type=int[])
OBJ 50001bb1 (sz=32, trace=301432, class=sun.security.util.DerValue@50001086)
OBJ 50001bb2 (sz=24, trace=301433, class=sun.security.util.DerInputStream@50001066)
OBJ 50001bb3 (sz=32, trace=301549, class=sun.security.util.DerValue@50001086)
OBJ 50001bb4 (sz=24, trace=301550, class=sun.security.util.DerInputStream@50001066)
ARR 50001bb5 (sz=4, trace=301551, nelems=4, elem type=byte[])
OBJ 50001bb7 (sz=40, trace=301537, class=java.lang.ref.SoftReference@500000c8)
OBJ 50001bb8 (sz=72, trace=300835, class=java.lang.reflect.Constructor@5000000d)
ARR 50001bb9 (sz=24, trace=301538, nelems=0, elem type=java.lang.Object[]@500000ac)
OBJ 50001bba (sz=24, trace=300837, class=sun.reflect.NativeConstructorAccessorImpl@500000e3)
OBJ 50001bbb (sz=16, trace=300838, class=sun.reflect.DelegatingConstructorAccessorImpl@500000bc)
OBJ 50001bbc (sz=32, trace=301552, class=sun.security.x509.KeyUsageExtension@50001bb6)
	extensionId	50001b2b
	extensionValue	50001bb5
	bitString	50001bc6
OBJ 50001bbd (sz=32, trace=301553, class=sun.security.util.DerValue@50001086)
OBJ 50001bbe (sz=32, trace=301554, class=java.io.ByteArrayInputStream@50000a72)
ARR 50001bbf (sz=16, trace=301555, nelems=0, elem type=byte[])
ARR 50001bc0 (sz=24, trace=301150, nelems=0, elem type=byte[])
OBJ 50001bc1 (sz=32, trace=301151, class=sun.security.util.DerInputBuffer@50001069)
OBJ 50001bc2 (sz=24, trace=301556, class=sun.security.util.DerInputStream@50001066)
ARR 50001bc3 (sz=24, trace=301557, nelems=0, elem type=byte[])
OBJ 50001bc4 (sz=24, trace=301558, class=sun.security.util.BitArray@50001a6e)
ARR 50001bc5 (sz=24, trace=301559, nelems=0, elem type=byte[])
ARR 50001bc6 (sz=3, trace=301560, nelems=3, elem type=boolean[])
OBJ 50001bc7 (sz=32, trace=301548, class=java.util.Hashtable$Entry@500000fd)
	key		50003d3a
	value		50001bbc
OBJ 50001bc8 (sz=24, trace=301427, class=sun.security.x509.Extension@50001aff)
OBJ 50001bc9 (sz=24, trace=301428, class=sun.security.util.DerInputStream@50001066)
OBJ 50001bca (sz=24, trace=301429, class=sun.security.util.ObjectIdentifier@50001077)
ARR 50001bcb (sz=40, trace=301430, nelems=0, elem type=int[])
OBJ 50001bcc (sz=32, trace=301432, class=sun.security.util.DerValue@50001086)
OBJ 50001bcd (sz=24, trace=301433, class=sun.security.util.DerInputStream@50001066)
ARR 50001bce (sz=22, trace=301434, nelems=22, elem type=byte[])
OBJ 50001bd0 (sz=40, trace=301537, class=java.lang.ref.SoftReference@500000c8)
OBJ 50001bd1 (sz=72, trace=300835, class=java.lang.reflect.Constructor@5000000d)
ARR 50001bd2 (sz=24, trace=301538, nelems=0, elem type=java.lang.Object[]@500000ac)
OBJ 50001bd3 (sz=24, trace=300837, class=sun.reflect.NativeConstructorAccessorImpl@500000e3)
OBJ 50001bd4 (sz=16, trace=300838, class=sun.reflect.DelegatingConstructorAccessorImpl@500000bc)
OBJ 50001bd5 (sz=32, trace=301561, class=sun.security.x509.SubjectKeyIdentifierExtension@50001bcf)
	extensionId	50001b2a
	extensionValue	50001bce
	id		50001bdd
OBJ 50001bd6 (sz=32, trace=301562, class=sun.security.util.DerValue@50001086)
OBJ 50001bd7 (sz=32, trace=301563, class=java.io.ByteArrayInputStream@50000a72)
ARR 50001bd8 (sz=16, trace=301564, nelems=0, elem type=byte[])
ARR 50001bd9 (sz=40, trace=301150, nelems=0, elem type=byte[])
OBJ 50001bda (sz=32, trace=301151, class=sun.security.util.DerInputBuffer@50001069)
OBJ 50001bdb (sz=24, trace=301565, class=sun.security.util.DerInputStream@50001066)
OBJ 50001bdd (sz=16, trace=301567, class=sun.security.x509.KeyIdentifier@50001bdc)
	octetString	50001bde
ARR 50001bde (sz=20, trace=301568, nelems=20, elem type=byte[])
OBJ 50001bdf (sz=32, trace=301548, class=java.util.Hashtable$Entry@500000fd)
	key		50003d66
	value		50001bd5
	next		50001bac
OBJ 50001be0 (sz=24, trace=301427, class=sun.security.x509.Extension@50001aff)
OBJ 50001be1 (sz=24, trace=301428, class=sun.security.util.DerInputStream@50001066)
OBJ 50001be2 (sz=24, trace=301429, class=sun.security.util.ObjectIdentifier@50001077)
ARR 50001be3 (sz=40, trace=301430, nelems=0, elem type=int[])
OBJ 50001be4 (sz=32, trace=301432, class=sun.security.util.DerValue@50001086)
OBJ 50001be5 (sz=24, trace=301433, class=sun.security.util.DerInputStream@50001066)
ARR 50001be6 (sz=24, trace=301434, nelems=24, elem type=byte[])
OBJ 50001be9 (sz=40, trace=301537, class=java.lang.ref.SoftReference@500000c8)
OBJ 50001bea (sz=72, trace=300835, class=java.lang.reflect.Constructor@5000000d)
ARR 50001beb (sz=24, trace=301538, nelems=0, elem type=java.lang.Object[]@500000ac)
OBJ 50001bec (sz=24, trace=300837, class=sun.reflect.NativeConstructorAccessorImpl@500000e3)
OBJ 50001bed (sz=16, trace=300838, class=sun.reflect.DelegatingConstructorAccessorImpl@500000bc)
OBJ 50001bee (sz=40, trace=301570, class=sun.security.x509.AuthorityKeyIdentifierExtension@50001be7)
	extensionId	50001b29
	extensionValue	50001be6
	id		50001bf7
OBJ 50001bef (sz=32, trace=301571, class=sun.security.util.DerValue@50001086)
OBJ 50001bf0 (sz=32, trace=301572, class=java.io.ByteArrayInputStream@50000a72)
ARR 50001bf1 (sz=16, trace=301573, nelems=0, elem type=byte[])
ARR 50001bf2 (sz=40, trace=301150, nelems=0, elem type=byte[])
OBJ 50001bf3 (sz=32, trace=301151, class=sun.security.util.DerInputBuffer@50001069)
OBJ 50001bf4 (sz=24, trace=301574, class=sun.security.util.DerInputStream@50001066)
OBJ 50001bf5 (sz=32, trace=301575, class=sun.security.util.DerValue@50001086)
OBJ 50001bf6 (sz=24, trace=301576, class=sun.security.util.DerInputStream@50001066)
OBJ 50001bf7 (sz=16, trace=301577, class=sun.security.x509.KeyIdentifier@50001bdc)
	octetString	50001bf8
ARR 50001bf8 (sz=20, trace=301578, nelems=20, elem type=byte[])
OBJ 50001bf9 (sz=32, trace=301548, class=java.util.Hashtable$Entry@500000fd)
	key		50003d4e
	value		50001bee
OBJ 50001bfa (sz=24, trace=301427, class=sun.security.x509.Extension@50001aff)
OBJ 50001bfb (sz=24, trace=301428, class=sun.security.util.DerInputStream@50001066)
OBJ 50001bfc (sz=24, trace=301429, class=sun.security.util.ObjectIdentifier@50001077)
ARR 50001bfd (sz=40, trace=301430, nelems=0, elem type=int[])
OBJ 50001bfe (sz=32, trace=301432, class=sun.security.util.DerValue@50001086)
OBJ 50001bff (sz=24, trace=301433, class=sun.security.util.DerInputStream@50001066)
ARR 50001c00 (sz=22, trace=301434, nelems=22, elem type=byte[])
OBJ 50001c02 (sz=40, trace=301537, class=java.lang.ref.SoftReference@500000c8)
OBJ 50001c03 (sz=72, trace=300835, class=java.lang.reflect.Constructor@5000000d)
ARR 50001c04 (sz=24, trace=301538, nelems=0, elem type=java.lang.Object[]@500000ac)
OBJ 50001c05 (sz=24, trace=300837, class=sun.reflect.NativeConstructorAccessorImpl@500000e3)
OBJ 50001c06 (sz=16, trace=300838, class=sun.reflect.DelegatingConstructorAccessorImpl@500000bc)
OBJ 50001c07 (sz=32, trace=301579, class=sun.security.x509.SubjectAlternativeNameExtension@50001c01)
	extensionId	50001b2f
	extensionValue	50001c00
	names		50001c0e
OBJ 50001c08 (sz=32, trace=301580, class=sun.security.util.DerValue@50001086)
OBJ 50001c09 (sz=32, trace=301581, class=java.io.ByteArrayInputStream@50000a72)
ARR 50001c0a (sz=16, trace=301582, nelems=0, elem type=byte[])
ARR 50001c0b (sz=40, trace=301150, nelems=0, elem type=byte[])
OBJ 50001c0c (sz=32, trace=301151, class=sun.security.util.DerInputBuffer@50001069)
OBJ 50001c0d (sz=24, trace=301583, class=sun.security.util.DerInputStream@50001066)
OBJ 50001c0e (sz=16, trace=301584, class=sun.security.x509.GeneralNames@50001be8)
	names		50001c0f
OBJ 50001c0f (sz=24, trace=300273, class=java.util.ArrayList@5000011e)
	elementData	50001c10
ARR 50001c10 (sz=56, trace=301585, nelems=1, elem type=java.lang.Object[]@500000ac)
	[0]		50001c14
OBJ 50001c11 (sz=32, trace=301586, class=sun.security.util.DerValue@50001086)
OBJ 50001c12 (sz=24, trace=301587, class=sun.security.util.DerInputStream@50001066)
OBJ 50001c14 (sz=16, trace=301589, class=sun.security.x509.GeneralName@50001c13)
	name		50001c16
OBJ 50001c16 (sz=16, trace=301591, class=sun.security.x509.RFC822Name@50001c15)
	name		50001c18
ARR 50001c17 (sz=40, trace=301592, nelems=0, elem type=byte[])
OBJ 50001c18 (sz=32, trace=301593, class=java.lang.String@50000036)
	value		50001c23
ARR 50001c19 (sz=32, trace=300153, nelems=0, elem type=char[])
OBJ 50001c1a (sz=32, trace=300154, class=java.lang.String@50000036)
ARR 50001c1b (sz=32, trace=300155, nelems=0, elem type=char[])
OBJ 50001c1d (sz=24, trace=301595, class=sun.nio.cs.US_ASCII@50001c1c)
	name		50003907
	aliases		50003906
ARR 50001c1e (sz=24, trace=300156, nelems=0, elem type=java.lang.Object[]@500000ac)
OBJ 50001c1f (sz=24, trace=300217, class=java.lang.StringCoding$StringDecoder@50000a83)
OBJ 50001c21 (sz=40, trace=301597, class=sun.nio.cs.US_ASCII$Decoder@50001c20)
OBJ 50001c22 (sz=40, trace=300218, class=java.lang.ref.SoftReference@500000c8)
ARR 50001c23 (sz=36, trace=301598, nelems=18, elem type=char[])
OBJ 50001c24 (sz=48, trace=300053, class=java.nio.HeapByteBuffer@50000087)
OBJ 50001c25 (sz=48, trace=300054, class=java.nio.HeapCharBuffer@500000a5)
OBJ 50001c26 (sz=32, trace=301599, class=java.lang.String@50000036)
OBJ 50001c27 (sz=32, trace=301548, class=java.util.Hashtable$Entry@500000fd)
	key		50003d47
	value		50001c07
OBJ 50001c29 (sz=24, trace=301601, class=sun.security.x509.X509AttributeName@50001c28)
OBJ 50001c2a (sz=32, trace=301602, class=java.lang.String@50000036)
OBJ 50001c2b (sz=32, trace=301603, class=java.lang.String@50000036)
OBJ 50001c2c (sz=24, trace=301604, class=sun.security.util.Cache$EqualByteArray@5000179f)
	b		500017ae
OBJ 50001c2f (sz=56, trace=301606, class=sun.security.util.MemoryCache$SoftCacheEntry@50001c2e)
	referent	500017a2
	queue		50001775
	key		50001c2c
OBJ 50001c30 (sz=40, trace=300868, class=java.util.LinkedHashMap$Entry@500000a3)
	key		50001c2c
	value		50001c2f
	before		50001779
	after		50001e7c
OBJ 50001c31 (sz=24, trace=300571, class=sun.security.util.DerOutputStream@5000108e)
ARR 50001c32 (sz=48, trace=300572, nelems=0, elem type=byte[])
ARR 50001c33 (sz=976, trace=301137, nelems=0, elem type=byte[])
ARR 50001c34 (sz=984, trace=300580, nelems=0, elem type=byte[])
ARR 50001c35 (sz=984, trace=301138, nelems=0, elem type=byte[])
OBJ 50001c36 (sz=32, trace=301139, class=java.io.ByteArrayInputStream@50000a72)
ARR 50001c37 (sz=24, trace=301140, nelems=0, elem type=byte[])
ARR 50001c38 (sz=984, trace=301141, nelems=0, elem type=byte[])
OBJ 50001c39 (sz=24, trace=301143, class=sun.security.util.Cache$EqualByteArray@5000179f)
OBJ 50001c3a (sz=72, trace=301145, class=sun.security.x509.X509CertImpl@500017a1)
	type		50003a14
	signedCert	50001c45
	info		50001c55
	algId		50001c53
	signature	50001c54
OBJ 50001c3b (sz=32, trace=301146, class=sun.security.util.DerValue@50001086)
OBJ 50001c3c (sz=32, trace=301147, class=java.io.ByteArrayInputStream@50000a72)
ARR 50001c3d (sz=16, trace=301149, nelems=0, elem type=byte[])
ARR 50001c3e (sz=976, trace=301150, nelems=0, elem type=byte[])
OBJ 50001c3f (sz=32, trace=301151, class=sun.security.util.DerInputBuffer@50001069)
OBJ 50001c40 (sz=24, trace=301152, class=sun.security.util.DerInputStream@50001066)
OBJ 50001c41 (sz=24, trace=300571, class=sun.security.util.DerOutputStream@5000108e)
ARR 50001c42 (sz=48, trace=300572, nelems=0, elem type=byte[])
ARR 50001c43 (sz=976, trace=301153, nelems=0, elem type=byte[])
ARR 50001c44 (sz=984, trace=300580, nelems=0, elem type=byte[])
ARR 50001c45 (sz=964, trace=301154, nelems=964, elem type=byte[])
ARR 50001c46 (sz=32, trace=301155, nelems=0, elem type=sun.security.util.DerValue[]@5000108b)
OBJ 50001c47 (sz=32, trace=301156, class=sun.security.util.DerValue@50001086)
OBJ 50001c48 (sz=24, trace=301157, class=sun.security.util.DerInputStream@50001066)
OBJ 50001c49 (sz=32, trace=301158, class=sun.security.util.DerValue@50001086)
OBJ 50001c4a (sz=24, trace=301159, class=sun.security.util.DerInputStream@50001066)
OBJ 50001c4b (sz=32, trace=301160, class=sun.security.util.DerValue@50001086)
OBJ 50001c4c (sz=24, trace=301161, class=sun.security.util.DerInputStream@50001066)
OBJ 50001c4d (sz=24, trace=301162, class=sun.security.util.DerInputStream@50001066)
OBJ 50001c4e (sz=24, trace=301163, class=sun.security.util.ObjectIdentifier@50001077)
	components	50001c50
ARR 50001c4f (sz=40, trace=300806, nelems=0, elem type=int[])
ARR 50001c50 (sz=40, trace=300807, nelems=10, elem type=int[])
OBJ 50001c51 (sz=32, trace=301164, class=sun.security.util.DerValue@50001086)
OBJ 50001c52 (sz=24, trace=300809, class=sun.security.util.DerInputStream@50001066)
OBJ 50001c53 (sz=32, trace=301165, class=sun.security.x509.AlgorithmId@50001199)
	algid		50001c4e
ARR 50001c54 (sz=46, trace=301166, nelems=46, elem type=byte[])
OBJ 50001c55 (sz=56, trace=301183, class=sun.security.x509.X509CertInfo@500017bf)
	version		50001c5e
	serialNum	50001c6a
	algId		50001c6f
	issuer		50001c79
	interval	50001cfb
	subject		50001d0f
	pubKey		50001d91
	extensions	50001e12
	rawCertInfo	50001c5b
OBJ 50001c56 (sz=16, trace=301185, class=sun.security.x509.CertificateVersion@500018d0)
OBJ 50001c57 (sz=24, trace=300571, class=sun.security.util.DerOutputStream@5000108e)
ARR 50001c58 (sz=48, trace=300572, nelems=0, elem type=byte[])
ARR 50001c59 (sz=912, trace=301186, nelems=0, elem type=byte[])
ARR 50001c5a (sz=920, trace=300580, nelems=0, elem type=byte[])
ARR 50001c5b (sz=898, trace=301187, nelems=898, elem type=byte[])
OBJ 50001c5c (sz=32, trace=301188, class=sun.security.util.DerValue@50001086)
OBJ 50001c5d (sz=24, trace=301189, class=sun.security.util.DerInputStream@50001066)
OBJ 50001c5e (sz=16, trace=301190, class=sun.security.x509.CertificateVersion@500018d0)
OBJ 50001c5f (sz=32, trace=301191, class=sun.security.util.DerValue@50001086)
OBJ 50001c60 (sz=24, trace=301192, class=sun.security.util.DerInputStream@50001066)
ARR 50001c61 (sz=24, trace=301193, nelems=0, elem type=byte[])
OBJ 50001c62 (sz=40, trace=301194, class=java.math.BigInteger@500010aa)
ARR 50001c63 (sz=24, trace=301195, nelems=0, elem type=int[])
OBJ 50001c64 (sz=40, trace=301196, class=java.math.BigInteger@500010aa)
ARR 50001c65 (sz=24, trace=301197, nelems=0, elem type=int[])
OBJ 50001c66 (sz=40, trace=301198, class=java.math.BigInteger@500010aa)
ARR 50001c67 (sz=24, trace=301199, nelems=0, elem type=int[])
OBJ 50001c68 (sz=32, trace=301200, class=sun.security.util.DerValue@50001086)
OBJ 50001c69 (sz=24, trace=301201, class=sun.security.util.DerInputStream@50001066)
OBJ 50001c6a (sz=16, trace=301203, class=sun.security.x509.CertificateSerialNumber@500018e5)
	serial		50001c6b
OBJ 50001c6b (sz=16, trace=301205, class=sun.security.x509.SerialNumber@500018e7)
	serialNum	50001c6d
ARR 50001c6c (sz=24, trace=301206, nelems=0, elem type=byte[])
OBJ 50001c6d (sz=40, trace=301207, class=java.math.BigInteger@500010aa)
	mag		50001c6e
ARR 50001c6e (sz=4, trace=301208, nelems=1, elem type=int[])
OBJ 50001c6f (sz=16, trace=301210, class=sun.security.x509.CertificateAlgorithmId@500018ec)
	algId		50001c78
OBJ 50001c70 (sz=32, trace=301211, class=sun.security.util.DerValue@50001086)
OBJ 50001c71 (sz=24, trace=301212, class=sun.security.util.DerInputStream@50001066)
OBJ 50001c72 (sz=24, trace=301213, class=sun.security.util.DerInputStream@50001066)
OBJ 50001c73 (sz=24, trace=301214, class=sun.security.util.ObjectIdentifier@50001077)
	components	50001c75
ARR 50001c74 (sz=40, trace=300806, nelems=0, elem type=int[])
ARR 50001c75 (sz=40, trace=300807, nelems=10, elem type=int[])
OBJ 50001c76 (sz=32, trace=301215, class=sun.security.util.DerValue@50001086)
OBJ 50001c77 (sz=24, trace=300809, class=sun.security.util.DerInputStream@50001066)
OBJ 50001c78 (sz=32, trace=301216, class=sun.security.x509.AlgorithmId@50001199)
	algid		50001c73
OBJ 50001c79 (sz=24, trace=301218, class=sun.security.x509.CertificateIssuerName@500018f7)
	dnName		50001c7a
OBJ 50001c7a (sz=48, trace=301263, class=sun.security.x509.X500Name@500018fb)
	canonicalDn	500025a0
	names		50001c8d
ARR 50001c7b (sz=896, trace=301264, nelems=0, elem type=byte[])
OBJ 50001c7c (sz=24, trace=300812, class=sun.security.util.DerInputStream@50001066)
OBJ 50001c7d (sz=32, trace=300067, class=java.util.Vector@50000004)
ARR 50001c7e (sz=40, trace=300561, nelems=0, elem type=java.lang.Object[]@500000ac)
OBJ 50001c7f (sz=32, trace=301265, class=sun.security.util.DerValue@50001086)
OBJ 50001c80 (sz=24, trace=300564, class=sun.security.util.DerInputStream@50001066)
OBJ 50001c81 (sz=32, trace=301265, class=sun.security.util.DerValue@50001086)
OBJ 50001c82 (sz=24, trace=300564, class=sun.security.util.DerInputStream@50001066)
OBJ 50001c83 (sz=32, trace=301265, class=sun.security.util.DerValue@50001086)
OBJ 50001c84 (sz=24, trace=300564, class=sun.security.util.DerInputStream@50001066)
OBJ 50001c85 (sz=32, trace=301265, class=sun.security.util.DerValue@50001086)
OBJ 50001c86 (sz=24, trace=300564, class=sun.security.util.DerInputStream@50001066)
OBJ 50001c87 (sz=32, trace=301265, class=sun.security.util.DerValue@50001086)
OBJ 50001c88 (sz=24, trace=300564, class=sun.security.util.DerInputStream@50001066)
OBJ 50001c89 (sz=32, trace=301265, class=sun.security.util.DerValue@50001086)
OBJ 50001c8a (sz=24, trace=300564, class=sun.security.util.DerInputStream@50001066)
ARR 50001c8b (sz=56, trace=301266, nelems=0, elem type=java.lang.Object[]@500000ac)
ARR 50001c8c (sz=40, trace=301267, nelems=0, elem type=sun.security.util.DerValue[]@5000108b)
ARR 50001c8d (sz=40, trace=301269, nelems=6, elem type=sun.security.x509.RDN[]@5000194f)
	[0]		50001c8e
	[1]		50001ca0
	[2]		50001cb2
	[3]		50001cc4
	[4]		50001cd6
	[5]		50001ce9
OBJ 50001c8e (sz=24, trace=301270, class=sun.security.x509.RDN@5000194e)
	assertion	50001c9a
	canonicalString	5000259f
OBJ 50001c8f (sz=24, trace=300571, class=sun.security.util.DerOutputStream@5000108e)
ARR 50001c90 (sz=48, trace=300572, nelems=0, elem type=byte[])
ARR 50001c91 (sz=32, trace=301271, nelems=0, elem type=byte[])
ARR 50001c92 (sz=13, trace=301272, nelems=13, elem type=byte[])
OBJ 50001c93 (sz=24, trace=301273, class=sun.security.util.DerInputStream@50001066)
OBJ 50001c94 (sz=32, trace=300535, class=sun.security.util.DerInputBuffer@50001069)
OBJ 50001c95 (sz=32, trace=300067, class=java.util.Vector@50000004)
ARR 50001c96 (sz=40, trace=300690, nelems=0, elem type=java.lang.Object[]@500000ac)
OBJ 50001c97 (sz=32, trace=301274, class=sun.security.util.DerValue@50001086)
OBJ 50001c98 (sz=24, trace=300692, class=sun.security.util.DerInputStream@50001066)
ARR 50001c99 (sz=24, trace=301275, nelems=0, elem type=sun.security.util.DerValue[]@5000108b)
ARR 50001c9a (sz=24, trace=301277, nelems=1, elem type=sun.security.x509.AVA[]@5000195e)
	[0]		50001c9b
OBJ 50001c9b (sz=24, trace=301280, class=sun.security.x509.AVA@5000195d)
	oid		50001913
	value		50001c9e
OBJ 50001c9c (sz=24, trace=301281, class=sun.security.util.ObjectIdentifier@50001077)
ARR 50001c9d (sz=40, trace=301282, nelems=0, elem type=int[])
OBJ 50001c9e (sz=32, trace=301283, class=sun.security.util.DerValue@50001086)
	buffer		50003e4e
	data		50001c9f
OBJ 50001c9f (sz=24, trace=301284, class=sun.security.util.DerInputStream@50001066)
	buffer		50003e4e
OBJ 50001ca0 (sz=24, trace=301270, class=sun.security.x509.RDN@5000194e)
	assertion	50001cac
	canonicalString	50002590
OBJ 50001ca1 (sz=24, trace=300571, class=sun.security.util.DerOutputStream@5000108e)
ARR 50001ca2 (sz=48, trace=300572, nelems=0, elem type=byte[])
ARR 50001ca3 (sz=32, trace=301271, nelems=0, elem type=byte[])
ARR 50001ca4 (sz=13, trace=301272, nelems=13, elem type=byte[])
OBJ 50001ca5 (sz=24, trace=301273, class=sun.security.util.DerInputStream@50001066)
OBJ 50001ca6 (sz=32, trace=300535, class=sun.security.util.DerInputBuffer@50001069)
OBJ 50001ca7 (sz=32, trace=300067, class=java.util.Vector@50000004)
ARR 50001ca8 (sz=40, trace=300690, nelems=0, elem type=java.lang.Object[]@500000ac)
OBJ 50001ca9 (sz=32, trace=301274, class=sun.security.util.DerValue@50001086)
OBJ 50001caa (sz=24, trace=300692, class=sun.security.util.DerInputStream@50001066)
ARR 50001cab (sz=24, trace=301275, nelems=0, elem type=sun.security.util.DerValue[]@5000108b)
ARR 50001cac (sz=24, trace=301277, nelems=1, elem type=sun.security.x509.AVA[]@5000195e)
	[0]		50001cad
OBJ 50001cad (sz=24, trace=301280, class=sun.security.x509.AVA@5000195d)
	oid		5000191b
	value		50001cb0
OBJ 50001cae (sz=24, trace=301281, class=sun.security.util.ObjectIdentifier@50001077)
ARR 50001caf (sz=40, trace=301282, nelems=0, elem type=int[])
OBJ 50001cb0 (sz=32, trace=301283, class=sun.security.util.DerValue@50001086)
	buffer		50003e4d
	data		50001cb1
OBJ 50001cb1 (sz=24, trace=301284, class=sun.security.util.DerInputStream@50001066)
	buffer		50003e4d
OBJ 50001cb2 (sz=24, trace=301270, class=sun.security.x509.RDN@5000194e)
	assertion	50001cbe
	canonicalString	50002581
OBJ 50001cb3 (sz=24, trace=300571, class=sun.security.util.DerOutputStream@5000108e)
ARR 50001cb4 (sz=48, trace=300572, nelems=0, elem type=byte[])
ARR 50001cb5 (sz=40, trace=301271, nelems=0, elem type=byte[])
ARR 50001cb6 (sz=20, trace=301272, nelems=20, elem type=byte[])
OBJ 50001cb7 (sz=24, trace=301273, class=sun.security.util.DerInputStream@50001066)
OBJ 50001cb8 (sz=32, trace=300535, class=sun.security.util.DerInputBuffer@50001069)
OBJ 50001cb9 (sz=32, trace=300067, class=java.util.Vector@50000004)
ARR 50001cba (sz=40, trace=300690, nelems=0, elem type=java.lang.Object[]@500000ac)
OBJ 50001cbb (sz=32, trace=301274, class=sun.security.util.DerValue@50001086)
OBJ 50001cbc (sz=24, trace=300692, class=sun.security.util.DerInputStream@50001066)
ARR 50001cbd (sz=24, trace=301275, nelems=0, elem type=sun.security.util.DerValue[]@5000108b)
ARR 50001cbe (sz=24, trace=301277, nelems=1, elem type=sun.security.x509.AVA[]@5000195e)
	[0]		50001cbf
OBJ 50001cbf (sz=24, trace=301280, class=sun.security.x509.AVA@5000195d)
	oid		50001915
	value		50001cc2
OBJ 50001cc0 (sz=24, trace=301281, class=sun.security.util.ObjectIdentifier@50001077)
ARR 50001cc1 (sz=40, trace=301282, nelems=0, elem type=int[])
OBJ 50001cc2 (sz=32, trace=301283, class=sun.security.util.DerValue@50001086)
	buffer		50003e4c
	data		50001cc3
OBJ 50001cc3 (sz=24, trace=301284, class=sun.security.util.DerInputStream@50001066)
	buffer		50003e4c
OBJ 50001cc4 (sz=24, trace=301270, class=sun.security.x509.RDN@5000194e)
	assertion	50001cd0
	canonicalString	50002570
OBJ 50001cc5 (sz=24, trace=300571, class=sun.security.util.DerOutputStream@5000108e)
ARR 50001cc6 (sz=48, trace=300572, nelems=0, elem type=byte[])
ARR 50001cc7 (sz=48, trace=301271, nelems=0, elem type=byte[])
ARR 50001cc8 (sz=31, trace=301272, nelems=31, elem type=byte[])
OBJ 50001cc9 (sz=24, trace=301273, class=sun.security.util.DerInputStream@50001066)
OBJ 50001cca (sz=32, trace=300535, class=sun.security.util.DerInputBuffer@50001069)
OBJ 50001ccb (sz=32, trace=300067, class=java.util.Vector@50000004)
ARR 50001ccc (sz=40, trace=300690, nelems=0, elem type=java.lang.Object[]@500000ac)
OBJ 50001ccd (sz=32, trace=301274, class=sun.security.util.DerValue@50001086)
OBJ 50001cce (sz=24, trace=300692, class=sun.security.util.DerInputStream@50001066)
ARR 50001ccf (sz=24, trace=301275, nelems=0, elem type=sun.security.util.DerValue[]@5000108b)
ARR 50001cd0 (sz=24, trace=301277, nelems=1, elem type=sun.security.x509.AVA[]@5000195e)
	[0]		50001cd1
OBJ 50001cd1 (sz=24, trace=301280, class=sun.security.x509.AVA@5000195d)
	oid		50001917
	value		50001cd4
OBJ 50001cd2 (sz=24, trace=301281, class=sun.security.util.ObjectIdentifier@50001077)
ARR 50001cd3 (sz=40, trace=301282, nelems=0, elem type=int[])
OBJ 50001cd4 (sz=32, trace=301283, class=sun.security.util.DerValue@50001086)
	buffer		50003e4b
	data		50001cd5
OBJ 50001cd5 (sz=24, trace=301284, class=sun.security.util.DerInputStream@50001066)
	buffer		50003e4b
OBJ 50001cd6 (sz=24, trace=301270, class=sun.security.x509.RDN@5000194e)
	assertion	50001ce3
	canonicalString	5000255d
OBJ 50001cd7 (sz=24, trace=300571, class=sun.security.util.DerOutputStream@5000108e)
ARR 50001cd8 (sz=48, trace=300572, nelems=0, elem type=byte[])
ARR 50001cd9 (sz=56, trace=301271, nelems=0, elem type=byte[])
ARR 50001cda (sz=80, trace=300580, nelems=0, elem type=byte[])
ARR 50001cdb (sz=37, trace=301272, nelems=37, elem type=byte[])
OBJ 50001cdc (sz=24, trace=301273, class=sun.security.util.DerInputStream@50001066)
OBJ 50001cdd (sz=32, trace=300535, class=sun.security.util.DerInputBuffer@50001069)
OBJ 50001cde (sz=32, trace=300067, class=java.util.Vector@50000004)
ARR 50001cdf (sz=40, trace=300690, nelems=0, elem type=java.lang.Object[]@500000ac)
OBJ 50001ce0 (sz=32, trace=301274, class=sun.security.util.DerValue@50001086)
OBJ 50001ce1 (sz=24, trace=300692, class=sun.security.util.DerInputStream@50001066)
ARR 50001ce2 (sz=24, trace=301275, nelems=0, elem type=sun.security.util.DerValue[]@5000108b)
ARR 50001ce3 (sz=24, trace=301277, nelems=1, elem type=sun.security.x509.AVA[]@5000195e)
	[0]		50001ce4
OBJ 50001ce4 (sz=24, trace=301280, class=sun.security.x509.AVA@5000195d)
	oid		50001919
	value		50001ce7
OBJ 50001ce5 (sz=24, trace=301281, class=sun.security.util.ObjectIdentifier@50001077)
ARR 50001ce6 (sz=40, trace=301282, nelems=0, elem type=int[])
OBJ 50001ce7 (sz=32, trace=301283, class=sun.security.util.DerValue@50001086)
	buffer		50003e4a
	data		50001ce8
OBJ 50001ce8 (sz=24, trace=301284, class=sun.security.util.DerInputStream@50001066)
	buffer		50003e4a
OBJ 50001ce9 (sz=24, trace=301270, class=sun.security.x509.RDN@5000194e)
	assertion	50001cf5
	canonicalString	5000254b
OBJ 50001cea (sz=24, trace=300571, class=sun.security.util.DerOutputStream@5000108e)
ARR 50001ceb (sz=48, trace=300572, nelems=0, elem type=byte[])
ARR 50001cec (sz=48, trace=301271, nelems=0, elem type=byte[])
ARR 50001ced (sz=30, trace=301272, nelems=30, elem type=byte[])
OBJ 50001cee (sz=24, trace=301273, class=sun.security.util.DerInputStream@50001066)
OBJ 50001cef (sz=32, trace=300535, class=sun.security.util.DerInputBuffer@50001069)
OBJ 50001cf0 (sz=32, trace=300067, class=java.util.Vector@50000004)
ARR 50001cf1 (sz=40, trace=300690, nelems=0, elem type=java.lang.Object[]@500000ac)
OBJ 50001cf2 (sz=32, trace=301274, class=sun.security.util.DerValue@50001086)
OBJ 50001cf3 (sz=24, trace=300692, class=sun.security.util.DerInputStream@50001066)
ARR 50001cf4 (sz=24, trace=301275, nelems=0, elem type=sun.security.util.DerValue[]@5000108b)
ARR 50001cf5 (sz=24, trace=301277, nelems=1, elem type=sun.security.x509.AVA[]@5000195e)
	[0]		50001cf6
OBJ 50001cf6 (sz=24, trace=301280, class=sun.security.x509.AVA@5000195d)
	oid		5000190f
	value		50001cf9
OBJ 50001cf7 (sz=24, trace=301281, class=sun.security.util.ObjectIdentifier@50001077)
ARR 50001cf8 (sz=40, trace=301282, nelems=0, elem type=int[])
OBJ 50001cf9 (sz=32, trace=301283, class=sun.security.util.DerValue@50001086)
	buffer		50003e49
	data		50001cfa
OBJ 50001cfa (sz=24, trace=301284, class=sun.security.util.DerInputStream@50001066)
	buffer		50003e49
OBJ 50001cfb (sz=24, trace=301286, class=sun.security.x509.CertificateValidity@500019c2)
	notBefore	50001d0c
	notAfter	50001d0e
OBJ 50001cfc (sz=32, trace=301287, class=sun.security.util.DerValue@50001086)
OBJ 50001cfd (sz=24, trace=301288, class=sun.security.util.DerInputStream@50001066)
OBJ 50001cfe (sz=24, trace=300571, class=sun.security.util.DerOutputStream@5000108e)
ARR 50001cff (sz=48, trace=300572, nelems=0, elem type=byte[])
ARR 50001d00 (sz=48, trace=301289, nelems=0, elem type=byte[])
ARR 50001d01 (sz=48, trace=301290, nelems=0, elem type=byte[])
OBJ 50001d02 (sz=24, trace=301291, class=sun.security.util.DerInputStream@50001066)
OBJ 50001d03 (sz=32, trace=300535, class=sun.security.util.DerInputBuffer@50001069)
OBJ 50001d04 (sz=32, trace=300067, class=java.util.Vector@50000004)
ARR 50001d05 (sz=24, trace=300561, nelems=0, elem type=java.lang.Object[]@500000ac)
OBJ 50001d06 (sz=32, trace=301292, class=sun.security.util.DerValue@50001086)
OBJ 50001d07 (sz=24, trace=300564, class=sun.security.util.DerInputStream@50001066)
OBJ 50001d08 (sz=32, trace=301292, class=sun.security.util.DerValue@50001086)
OBJ 50001d09 (sz=24, trace=300564, class=sun.security.util.DerInputStream@50001066)
ARR 50001d0a (sz=24, trace=301293, nelems=0, elem type=sun.security.util.DerValue[]@5000108b)
OBJ 50001d0b (sz=96, trace=301303, class=sun.util.calendar.Gregorian$Date@500019df)
OBJ 50001d0c (sz=24, trace=301308, class=java.util.Date@500019e2)
OBJ 50001d0d (sz=96, trace=301303, class=sun.util.calendar.Gregorian$Date@500019df)
OBJ 50001d0e (sz=24, trace=301308, class=java.util.Date@500019e2)
OBJ 50001d0f (sz=24, trace=301310, class=sun.security.x509.CertificateSubjectName@500019e8)
	dnName		50001d10
OBJ 50001d10 (sz=48, trace=301311, class=sun.security.x509.X500Name@500018fb)
	canonicalDn	50002530
	names		50001d23
ARR 50001d11 (sz=712, trace=301264, nelems=0, elem type=byte[])
OBJ 50001d12 (sz=24, trace=300812, class=sun.security.util.DerInputStream@50001066)
OBJ 50001d13 (sz=32, trace=300067, class=java.util.Vector@50000004)
ARR 50001d14 (sz=40, trace=300561, nelems=0, elem type=java.lang.Object[]@500000ac)
OBJ 50001d15 (sz=32, trace=301265, class=sun.security.util.DerValue@50001086)
OBJ 50001d16 (sz=24, trace=300564, class=sun.security.util.DerInputStream@50001066)
OBJ 50001d17 (sz=32, trace=301265, class=sun.security.util.DerValue@50001086)
OBJ 50001d18 (sz=24, trace=300564, class=sun.security.util.DerInputStream@50001066)
OBJ 50001d19 (sz=32, trace=301265, class=sun.security.util.DerValue@50001086)
OBJ 50001d1a (sz=24, trace=300564, class=sun.security.util.DerInputStream@50001066)
OBJ 50001d1b (sz=32, trace=301265, class=sun.security.util.DerValue@50001086)
OBJ 50001d1c (sz=24, trace=300564, class=sun.security.util.DerInputStream@50001066)
OBJ 50001d1d (sz=32, trace=301265, class=sun.security.util.DerValue@50001086)
OBJ 50001d1e (sz=24, trace=300564, class=sun.security.util.DerInputStream@50001066)
OBJ 50001d1f (sz=32, trace=301265, class=sun.security.util.DerValue@50001086)
OBJ 50001d20 (sz=24, trace=300564, class=sun.security.util.DerInputStream@50001066)
ARR 50001d21 (sz=56, trace=301266, nelems=0, elem type=java.lang.Object[]@500000ac)
ARR 50001d22 (sz=40, trace=301267, nelems=0, elem type=sun.security.util.DerValue[]@5000108b)
ARR 50001d23 (sz=40, trace=301312, nelems=6, elem type=sun.security.x509.RDN[]@5000194f)
	[0]		50001d24
	[1]		50001d36
	[2]		50001d48
	[3]		50001d5a
	[4]		50001d6c
	[5]		50001d7f
OBJ 50001d24 (sz=24, trace=301313, class=sun.security.x509.RDN@5000194e)
	assertion	50001d30
	canonicalString	5000252f
OBJ 50001d25 (sz=24, trace=300571, class=sun.security.util.DerOutputStream@5000108e)
ARR 50001d26 (sz=48, trace=300572, nelems=0, elem type=byte[])
ARR 50001d27 (sz=32, trace=301271, nelems=0, elem type=byte[])
ARR 50001d28 (sz=13, trace=301272, nelems=13, elem type=byte[])
OBJ 50001d29 (sz=24, trace=301273, class=sun.security.util.DerInputStream@50001066)
OBJ 50001d2a (sz=32, trace=300535, class=sun.security.util.DerInputBuffer@50001069)
OBJ 50001d2b (sz=32, trace=300067, class=java.util.Vector@50000004)
ARR 50001d2c (sz=40, trace=300690, nelems=0, elem type=java.lang.Object[]@500000ac)
OBJ 50001d2d (sz=32, trace=301274, class=sun.security.util.DerValue@50001086)
OBJ 50001d2e (sz=24, trace=300692, class=sun.security.util.DerInputStream@50001066)
ARR 50001d2f (sz=24, trace=301275, nelems=0, elem type=sun.security.util.DerValue[]@5000108b)
ARR 50001d30 (sz=24, trace=301314, nelems=1, elem type=sun.security.x509.AVA[]@5000195e)
	[0]		50001d31
OBJ 50001d31 (sz=24, trace=301280, class=sun.security.x509.AVA@5000195d)
	oid		50001913
	value		50001d34
OBJ 50001d32 (sz=24, trace=301281, class=sun.security.util.ObjectIdentifier@50001077)
ARR 50001d33 (sz=40, trace=301282, nelems=0, elem type=int[])
OBJ 50001d34 (sz=32, trace=301283, class=sun.security.util.DerValue@50001086)
	buffer		50003e54
	data		50001d35
OBJ 50001d35 (sz=24, trace=301284, class=sun.security.util.DerInputStream@50001066)
	buffer		50003e54
OBJ 50001d36 (sz=24, trace=301313, class=sun.security.x509.RDN@5000194e)
	assertion	50001d42
	canonicalString	50002520
OBJ 50001d37 (sz=24, trace=300571, class=sun.security.util.DerOutputStream@5000108e)
ARR 50001d38 (sz=48, trace=300572, nelems=0, elem type=byte[])
ARR 50001d39 (sz=32, trace=301271, nelems=0, elem type=byte[])
ARR 50001d3a (sz=13, trace=301272, nelems=13, elem type=byte[])
OBJ 50001d3b (sz=24, trace=301273, class=sun.security.util.DerInputStream@50001066)
OBJ 50001d3c (sz=32, trace=300535, class=sun.security.util.DerInputBuffer@50001069)
OBJ 50001d3d (sz=32, trace=300067, class=java.util.Vector@50000004)
ARR 50001d3e (sz=40, trace=300690, nelems=0, elem type=java.lang.Object[]@500000ac)
OBJ 50001d3f (sz=32, trace=301274, class=sun.security.util.DerValue@50001086)
OBJ 50001d40 (sz=24, trace=300692, class=sun.security.util.DerInputStream@50001066)
ARR 50001d41 (sz=24, trace=301275, nelems=0, elem type=sun.security.util.DerValue[]@5000108b)
ARR 50001d42 (sz=24, trace=301314, nelems=1, elem type=sun.security.x509.AVA[]@5000195e)
	[0]		50001d43
OBJ 50001d43 (sz=24, trace=301280, class=sun.security.x509.AVA@5000195d)
	oid		5000191b
	value		50001d46
OBJ 50001d44 (sz=24, trace=301281, class=sun.security.util.ObjectIdentifier@50001077)
ARR 50001d45 (sz=40, trace=301282, nelems=0, elem type=int[])
OBJ 50001d46 (sz=32, trace=301283, class=sun.security.util.DerValue@50001086)
	buffer		50003e53
	data		50001d47
OBJ 50001d47 (sz=24, trace=301284, class=sun.security.util.DerInputStream@50001066)
	buffer		50003e53
OBJ 50001d48 (sz=24, trace=301313, class=sun.security.x509.RDN@5000194e)
	assertion	50001d54
	canonicalString	50002511
OBJ 50001d49 (sz=24, trace=300571, class=sun.security.util.DerOutputStream@5000108e)
ARR 50001d4a (sz=48, trace=300572, nelems=0, elem type=byte[])
ARR 50001d4b (sz=40, trace=301271, nelems=0, elem type=byte[])
ARR 50001d4c (sz=20, trace=301272, nelems=20, elem type=byte[])
OBJ 50001d4d (sz=24, trace=301273, class=sun.security.util.DerInputStream@50001066)
OBJ 50001d4e (sz=32, trace=300535, class=sun.security.util.DerInputBuffer@50001069)
OBJ 50001d4f (sz=32, trace=300067, class=java.util.Vector@50000004)
ARR 50001d50 (sz=40, trace=300690, nelems=0, elem type=java.lang.Object[]@500000ac)
OBJ 50001d51 (sz=32, trace=301274, class=sun.security.util.DerValue@50001086)
OBJ 50001d52 (sz=24, trace=300692, class=sun.security.util.DerInputStream@50001066)
ARR 50001d53 (sz=24, trace=301275, nelems=0, elem type=sun.security.util.DerValue[]@5000108b)
ARR 50001d54 (sz=24, trace=301314, nelems=1, elem type=sun.security.x509.AVA[]@5000195e)
	[0]		50001d55
OBJ 50001d55 (sz=24, trace=301280, class=sun.security.x509.AVA@5000195d)
	oid		50001915
	value		50001d58
OBJ 50001d56 (sz=24, trace=301281, class=sun.security.util.ObjectIdentifier@50001077)
ARR 50001d57 (sz=40, trace=301282, nelems=0, elem type=int[])
OBJ 50001d58 (sz=32, trace=301283, class=sun.security.util.DerValue@50001086)
	buffer		50003e52
	data		50001d59
OBJ 50001d59 (sz=24, trace=301284, class=sun.security.util.DerInputStream@50001066)
	buffer		50003e52
OBJ 50001d5a (sz=24, trace=301313, class=sun.security.x509.RDN@5000194e)
	assertion	50001d66
	canonicalString	50002500
OBJ 50001d5b (sz=24, trace=300571, class=sun.security.util.DerOutputStream@5000108e)
ARR 50001d5c (sz=48, trace=300572, nelems=0, elem type=byte[])
ARR 50001d5d (sz=48, trace=301271, nelems=0, elem type=byte[])
ARR 50001d5e (sz=31, trace=301272, nelems=31, elem type=byte[])
OBJ 50001d5f (sz=24, trace=301273, class=sun.security.util.DerInputStream@50001066)
OBJ 50001d60 (sz=32, trace=300535, class=sun.security.util.DerInputBuffer@50001069)
OBJ 50001d61 (sz=32, trace=300067, class=java.util.Vector@50000004)
ARR 50001d62 (sz=40, trace=300690, nelems=0, elem type=java.lang.Object[]@500000ac)
OBJ 50001d63 (sz=32, trace=301274, class=sun.security.util.DerValue@50001086)
OBJ 50001d64 (sz=24, trace=300692, class=sun.security.util.DerInputStream@50001066)
ARR 50001d65 (sz=24, trace=301275, nelems=0, elem type=sun.security.util.DerValue[]@5000108b)
ARR 50001d66 (sz=24, trace=301314, nelems=1, elem type=sun.security.x509.AVA[]@5000195e)
	[0]		50001d67
OBJ 50001d67 (sz=24, trace=301280, class=sun.security.x509.AVA@5000195d)
	oid		50001917
	value		50001d6a
OBJ 50001d68 (sz=24, trace=301281, class=sun.security.util.ObjectIdentifier@50001077)
ARR 50001d69 (sz=40, trace=301282, nelems=0, elem type=int[])
OBJ 50001d6a (sz=32, trace=301283, class=sun.security.util.DerValue@50001086)
	buffer		50003e51
	data		50001d6b
OBJ 50001d6b (sz=24, trace=301284, class=sun.security.util.DerInputStream@50001066)
	buffer		50003e51
OBJ 50001d6c (sz=24, trace=301313, class=sun.security.x509.RDN@5000194e)
	assertion	50001d79
	canonicalString	500024ed
OBJ 50001d6d (sz=24, trace=300571, class=sun.security.util.DerOutputStream@5000108e)
ARR 50001d6e (sz=48, trace=300572, nelems=0, elem type=byte[])
ARR 50001d6f (sz=56, trace=301271, nelems=0, elem type=byte[])
ARR 50001d70 (sz=80, trace=300580, nelems=0, elem type=byte[])
ARR 50001d71 (sz=37, trace=301272, nelems=37, elem type=byte[])
OBJ 50001d72 (sz=24, trace=301273, class=sun.security.util.DerInputStream@50001066)
OBJ 50001d73 (sz=32, trace=300535, class=sun.security.util.DerInputBuffer@50001069)
OBJ 50001d74 (sz=32, trace=300067, class=java.util.Vector@50000004)
ARR 50001d75 (sz=40, trace=300690, nelems=0, elem type=java.lang.Object[]@500000ac)
OBJ 50001d76 (sz=32, trace=301274, class=sun.security.util.DerValue@50001086)
OBJ 50001d77 (sz=24, trace=300692, class=sun.security.util.DerInputStream@50001066)
ARR 50001d78 (sz=24, trace=301275, nelems=0, elem type=sun.security.util.DerValue[]@5000108b)
ARR 50001d79 (sz=24, trace=301314, nelems=1, elem type=sun.security.x509.AVA[]@5000195e)
	[0]		50001d7a
OBJ 50001d7a (sz=24, trace=301280, class=sun.security.x509.AVA@5000195d)
	oid		50001919
	value		50001d7d
OBJ 50001d7b (sz=24, trace=301281, class=sun.security.util.ObjectIdentifier@50001077)
ARR 50001d7c (sz=40, trace=301282, nelems=0, elem type=int[])
OBJ 50001d7d (sz=32, trace=301283, class=sun.security.util.DerValue@50001086)
	buffer		50003e50
	data		50001d7e
OBJ 50001d7e (sz=24, trace=301284, class=sun.security.util.DerInputStream@50001066)
	buffer		50003e50
OBJ 50001d7f (sz=24, trace=301313, class=sun.security.x509.RDN@5000194e)
	assertion	50001d8b
	canonicalString	500024db
OBJ 50001d80 (sz=24, trace=300571, class=sun.security.util.DerOutputStream@5000108e)
ARR 50001d81 (sz=48, trace=300572, nelems=0, elem type=byte[])
ARR 50001d82 (sz=48, trace=301271, nelems=0, elem type=byte[])
ARR 50001d83 (sz=30, trace=301272, nelems=30, elem type=byte[])
OBJ 50001d84 (sz=24, trace=301273, class=sun.security.util.DerInputStream@50001066)
OBJ 50001d85 (sz=32, trace=300535, class=sun.security.util.DerInputBuffer@50001069)
OBJ 50001d86 (sz=32, trace=300067, class=java.util.Vector@50000004)
ARR 50001d87 (sz=40, trace=300690, nelems=0, elem type=java.lang.Object[]@500000ac)
OBJ 50001d88 (sz=32, trace=301274, class=sun.security.util.DerValue@50001086)
OBJ 50001d89 (sz=24, trace=300692, class=sun.security.util.DerInputStream@50001066)
ARR 50001d8a (sz=24, trace=301275, nelems=0, elem type=sun.security.util.DerValue[]@5000108b)
ARR 50001d8b (sz=24, trace=301314, nelems=1, elem type=sun.security.x509.AVA[]@5000195e)
	[0]		50001d8c
OBJ 50001d8c (sz=24, trace=301280, class=sun.security.x509.AVA@5000195d)
	oid		5000190f
	value		50001d8f
OBJ 50001d8d (sz=24, trace=301281, class=sun.security.util.ObjectIdentifier@50001077)
ARR 50001d8e (sz=40, trace=301282, nelems=0, elem type=int[])
OBJ 50001d8f (sz=32, trace=301283, class=sun.security.util.DerValue@50001086)
	buffer		50003e4f
	data		50001d90
OBJ 50001d90 (sz=24, trace=301284, class=sun.security.util.DerInputStream@50001066)
	buffer		50003e4f
OBJ 50001d91 (sz=16, trace=301316, class=sun.security.x509.CertificateX509Key@50001a2e)
	key		50001dda
OBJ 50001d92 (sz=32, trace=301317, class=sun.security.util.DerValue@50001086)
OBJ 50001d93 (sz=24, trace=301318, class=sun.security.util.DerInputStream@50001066)
OBJ 50001d94 (sz=32, trace=301320, class=sun.security.util.DerValue@50001086)
OBJ 50001d95 (sz=24, trace=301321, class=sun.security.util.DerInputStream@50001066)
OBJ 50001d96 (sz=24, trace=301322, class=sun.security.util.DerInputStream@50001066)
OBJ 50001d97 (sz=24, trace=301323, class=sun.security.util.ObjectIdentifier@50001077)
ARR 50001d98 (sz=40, trace=300806, nelems=0, elem type=int[])
ARR 50001d99 (sz=56, trace=300807, nelems=0, elem type=int[])
OBJ 50001d9a (sz=32, trace=301324, class=sun.security.util.DerValue@50001086)
OBJ 50001d9b (sz=24, trace=300809, class=sun.security.util.DerInputStream@50001066)
OBJ 50001d9c (sz=32, trace=301325, class=sun.security.x509.AlgorithmId@50001199)
OBJ 50001d9d (sz=24, trace=301326, class=java.lang.StringBuffer@5000005e)
ARR 50001d9e (sz=64, trace=301327, nelems=0, elem type=char[])
OBJ 50001d9f (sz=32, trace=301328, class=java.lang.String@50000036)
ARR 50001da0 (sz=56, trace=301329, nelems=0, elem type=char[])
OBJ 50001da1 (sz=24, trace=301076, class=java.security.Provider$ServiceKey@50000e7a)
OBJ 50001da2 (sz=24, trace=301338, class=sun.security.provider.DSAParameters@50001a4d)
OBJ 50001da3 (sz=24, trace=301130, class=sun.security.jca.GetInstance$Instance@50001788)
ARR 50001da4 (sz=24, trace=301339, nelems=0, elem type=java.lang.Object[]@500000ac)
OBJ 50001da5 (sz=32, trace=301340, class=java.security.AlgorithmParameters@50001a42)
OBJ 50001da6 (sz=24, trace=300571, class=sun.security.util.DerOutputStream@5000108e)
ARR 50001da7 (sz=48, trace=300572, nelems=0, elem type=byte[])
ARR 50001da8 (sz=304, trace=301341, nelems=0, elem type=byte[])
ARR 50001da9 (sz=312, trace=300580, nelems=0, elem type=byte[])
ARR 50001daa (sz=312, trace=301342, nelems=0, elem type=byte[])
OBJ 50001dab (sz=32, trace=301343, class=sun.security.util.DerValue@50001086)
OBJ 50001dac (sz=32, trace=301344, class=java.io.ByteArrayInputStream@50000a72)
ARR 50001dad (sz=16, trace=301345, nelems=0, elem type=byte[])
ARR 50001dae (sz=304, trace=301150, nelems=0, elem type=byte[])
OBJ 50001daf (sz=32, trace=301151, class=sun.security.util.DerInputBuffer@50001069)
OBJ 50001db0 (sz=24, trace=301346, class=sun.security.util.DerInputStream@50001066)
ARR 50001db1 (sz=152, trace=301347, nelems=0, elem type=byte[])
OBJ 50001db2 (sz=40, trace=300687, class=java.math.BigInteger@500010aa)
ARR 50001db3 (sz=144, trace=300688, nelems=0, elem type=int[])
ARR 50001db4 (sz=40, trace=301348, nelems=0, elem type=byte[])
OBJ 50001db5 (sz=40, trace=300687, class=java.math.BigInteger@500010aa)
ARR 50001db6 (sz=40, trace=300688, nelems=0, elem type=int[])
ARR 50001db7 (sz=152, trace=301349, nelems=0, elem type=byte[])
OBJ 50001db8 (sz=40, trace=300687, class=java.math.BigInteger@500010aa)
ARR 50001db9 (sz=144, trace=300688, nelems=0, elem type=int[])
ARR 50001dba (sz=152, trace=301350, nelems=0, elem type=byte[])
OBJ 50001dbb (sz=24, trace=301369, class=sun.security.util.BitArray@50001a6e)
ARR 50001dbc (sz=152, trace=301370, nelems=0, elem type=byte[])
OBJ 50001dbd (sz=24, trace=300571, class=sun.security.util.DerOutputStream@5000108e)
ARR 50001dbe (sz=48, trace=301371, nelems=0, elem type=byte[])
OBJ 50001dbf (sz=24, trace=300571, class=sun.security.util.DerOutputStream@5000108e)
ARR 50001dc0 (sz=48, trace=301372, nelems=0, elem type=byte[])
OBJ 50001dc1 (sz=24, trace=300571, class=sun.security.util.DerOutputStream@5000108e)
ARR 50001dc2 (sz=48, trace=301373, nelems=0, elem type=byte[])
OBJ 50001dc3 (sz=24, trace=300571, class=sun.security.util.DerOutputStream@5000108e)
ARR 50001dc4 (sz=48, trace=301374, nelems=0, elem type=byte[])
OBJ 50001dc5 (sz=24, trace=300571, class=sun.security.util.DerOutputStream@5000108e)
ARR 50001dc6 (sz=48, trace=301375, nelems=0, elem type=byte[])
ARR 50001dc7 (sz=24, trace=301376, nelems=0, elem type=byte[])
ARR 50001dc8 (sz=24, trace=301376, nelems=0, elem type=byte[])
ARR 50001dc9 (sz=24, trace=301376, nelems=0, elem type=byte[])
ARR 50001dca (sz=24, trace=301376, nelems=0, elem type=byte[])
ARR 50001dcb (sz=304, trace=301377, nelems=0, elem type=byte[])
ARR 50001dcc (sz=320, trace=300580, nelems=0, elem type=byte[])
ARR 50001dcd (sz=320, trace=301378, nelems=0, elem type=byte[])
ARR 50001dce (sz=320, trace=301379, nelems=0, elem type=byte[])
ARR 50001dcf (sz=320, trace=301380, nelems=0, elem type=byte[])
ARR 50001dd0 (sz=624, trace=301381, nelems=0, elem type=byte[])
ARR 50001dd1 (sz=464, trace=301382, nelems=0, elem type=byte[])
ARR 50001dd2 (sz=464, trace=301384, nelems=0, elem type=byte[])
OBJ 50001dd3 (sz=16, trace=301385, class=java.security.spec.X509EncodedKeySpec@50001a9a)
OBJ 50001dd4 (sz=32, trace=301387, class=java.security.KeyFactory@50001a9d)
OBJ 50001dd5 (sz=16, trace=301388, class=java.lang.Object@500000ab)
OBJ 50001dd6 (sz=48, trace=301390, class=sun.security.jca.ProviderList$ServiceList@50001aa0)
OBJ 50001dd7 (sz=24, trace=301392, class=sun.security.jca.ProviderList$ServiceList$1@50001aa2)
OBJ 50001dd8 (sz=24, trace=301393, class=java.security.Provider$ServiceKey@50000e7a)
OBJ 50001dd9 (sz=16, trace=301396, class=sun.security.provider.DSAKeyFactory@50001aa6)
OBJ 50001dda (sz=40, trace=301399, class=sun.security.provider.DSAPublicKeyImpl@50001ab4)
	algid		50001de9
	key		50003e55
	bitStringKey	50001e0a
	y		50001e0e
OBJ 50001ddb (sz=32, trace=301400, class=java.io.ByteArrayInputStream@50000a72)
OBJ 50001ddc (sz=32, trace=301401, class=sun.security.util.DerValue@50001086)
ARR 50001ddd (sz=16, trace=301402, nelems=0, elem type=byte[])
ARR 50001dde (sz=439, trace=301403, nelems=439, elem type=byte[])
OBJ 50001ddf (sz=32, trace=301151, class=sun.security.util.DerInputBuffer@50001069)
OBJ 50001de0 (sz=24, trace=301404, class=sun.security.util.DerInputStream@50001066)
OBJ 50001de1 (sz=32, trace=301405, class=sun.security.util.DerValue@50001086)
OBJ 50001de2 (sz=24, trace=301406, class=sun.security.util.DerInputStream@50001066)
OBJ 50001de3 (sz=24, trace=301407, class=sun.security.util.DerInputStream@50001066)
OBJ 50001de4 (sz=24, trace=301408, class=sun.security.util.ObjectIdentifier@50001077)
	components	50001de6
	stringForm	50001dec
ARR 50001de5 (sz=40, trace=300806, nelems=0, elem type=int[])
ARR 50001de6 (sz=40, trace=300807, nelems=10, elem type=int[])
OBJ 50001de7 (sz=32, trace=301409, class=sun.security.util.DerValue@50001086)
	buffer		50003e56
	data		50001de8
OBJ 50001de8 (sz=24, trace=300809, class=sun.security.util.DerInputStream@50001066)
	buffer		50003e56
OBJ 50001de9 (sz=32, trace=301410, class=sun.security.x509.AlgorithmId@50001199)
	algid		50001de4
	algParams	50001df2
	params		50001de7
OBJ 50001dea (sz=24, trace=301326, class=java.lang.StringBuffer@5000005e)
ARR 50001deb (sz=64, trace=301327, nelems=0, elem type=char[])
OBJ 50001dec (sz=32, trace=301328, class=java.lang.String@50000036)
	value		50001ded
ARR 50001ded (sz=34, trace=301329, nelems=17, elem type=char[])
OBJ 50001dee (sz=24, trace=301076, class=java.security.Provider$ServiceKey@50000e7a)
OBJ 50001def (sz=24, trace=301338, class=sun.security.provider.DSAParameters@50001a4d)
	p		50001dff
	q		50001e02
	g		50001e05
OBJ 50001df0 (sz=24, trace=301130, class=sun.security.jca.GetInstance$Instance@50001788)
ARR 50001df1 (sz=24, trace=301339, nelems=0, elem type=java.lang.Object[]@500000ac)
OBJ 50001df2 (sz=32, trace=301340, class=java.security.AlgorithmParameters@50001a42)
	provider	50001239
	paramSpi	50001def
	algorithm	50001dec
OBJ 50001df3 (sz=24, trace=300571, class=sun.security.util.DerOutputStream@5000108e)
ARR 50001df4 (sz=48, trace=300572, nelems=0, elem type=byte[])
ARR 50001df5 (sz=304, trace=301341, nelems=0, elem type=byte[])
ARR 50001df6 (sz=312, trace=300580, nelems=0, elem type=byte[])
ARR 50001df7 (sz=312, trace=301342, nelems=0, elem type=byte[])
OBJ 50001df8 (sz=32, trace=301343, class=sun.security.util.DerValue@50001086)
OBJ 50001df9 (sz=32, trace=301344, class=java.io.ByteArrayInputStream@50000a72)
ARR 50001dfa (sz=16, trace=301345, nelems=0, elem type=byte[])
ARR 50001dfb (sz=304, trace=301150, nelems=0, elem type=byte[])
OBJ 50001dfc (sz=32, trace=301151, class=sun.security.util.DerInputBuffer@50001069)
OBJ 50001dfd (sz=24, trace=301346, class=sun.security.util.DerInputStream@50001066)
ARR 50001dfe (sz=152, trace=301347, nelems=0, elem type=byte[])
OBJ 50001dff (sz=40, trace=300687, class=java.math.BigInteger@500010aa)
	mag		50001e00
ARR 50001e00 (sz=128, trace=300688, nelems=32, elem type=int[])
ARR 50001e01 (sz=40, trace=301348, nelems=0, elem type=byte[])
OBJ 50001e02 (sz=40, trace=300687, class=java.math.BigInteger@500010aa)
	mag		50001e03
ARR 50001e03 (sz=20, trace=300688, nelems=5, elem type=int[])
ARR 50001e04 (sz=152, trace=301349, nelems=0, elem type=byte[])
OBJ 50001e05 (sz=40, trace=300687, class=java.math.BigInteger@500010aa)
	mag		50001e06
ARR 50001e06 (sz=128, trace=300688, nelems=32, elem type=int[])
ARR 50001e07 (sz=152, trace=301411, nelems=0, elem type=byte[])
OBJ 50001e08 (sz=24, trace=301412, class=sun.security.util.BitArray@50001a6e)
ARR 50001e09 (sz=152, trace=301413, nelems=0, elem type=byte[])
OBJ 50001e0a (sz=24, trace=301414, class=sun.security.util.BitArray@50001a6e)
	repn		50003e57
OBJ 50001e0b (sz=24, trace=301415, class=sun.security.util.DerInputStream@50001066)
OBJ 50001e0c (sz=32, trace=300535, class=sun.security.util.DerInputBuffer@50001069)
ARR 50001e0d (sz=144, trace=301416, nelems=0, elem type=byte[])
OBJ 50001e0e (sz=40, trace=300687, class=java.math.BigInteger@500010aa)
	mag		50001e0f
ARR 50001e0f (sz=128, trace=300688, nelems=32, elem type=int[])
OBJ 50001e10 (sz=32, trace=301417, class=sun.security.util.DerValue@50001086)
OBJ 50001e11 (sz=24, trace=301418, class=sun.security.util.DerInputStream@50001066)
OBJ 50001e12 (sz=24, trace=301421, class=sun.security.x509.CertificateExtensions@50001aed)
	map		50001e13
OBJ 50001e13 (sz=48, trace=301422, class=java.util.Hashtable@50000033)
	table		50001e14
ARR 50001e14 (sz=64, trace=301423, nelems=8, elem type=java.util.Hashtable$Entry[]@500000fe)
	[0]		50001e4e
	[6]		50001e63
	[7]		50001e76
OBJ 50001e15 (sz=32, trace=300067, class=java.util.Vector@50000004)
ARR 50001e16 (sz=40, trace=300561, nelems=0, elem type=java.lang.Object[]@500000ac)
OBJ 50001e17 (sz=32, trace=301424, class=sun.security.util.DerValue@50001086)
OBJ 50001e18 (sz=24, trace=300564, class=sun.security.util.DerInputStream@50001066)
OBJ 50001e19 (sz=32, trace=301424, class=sun.security.util.DerValue@50001086)
OBJ 50001e1a (sz=24, trace=300564, class=sun.security.util.DerInputStream@50001066)
OBJ 50001e1b (sz=32, trace=301424, class=sun.security.util.DerValue@50001086)
OBJ 50001e1c (sz=24, trace=300564, class=sun.security.util.DerInputStream@50001066)
OBJ 50001e1d (sz=32, trace=301424, class=sun.security.util.DerValue@50001086)
OBJ 50001e1e (sz=24, trace=300564, class=sun.security.util.DerInputStream@50001066)
ARR 50001e1f (sz=32, trace=301425, nelems=0, elem type=sun.security.util.DerValue[]@5000108b)
OBJ 50001e20 (sz=24, trace=301427, class=sun.security.x509.Extension@50001aff)
OBJ 50001e21 (sz=24, trace=301428, class=sun.security.util.DerInputStream@50001066)
OBJ 50001e22 (sz=24, trace=301429, class=sun.security.util.ObjectIdentifier@50001077)
ARR 50001e23 (sz=40, trace=301430, nelems=0, elem type=int[])
ARR 50001e24 (sz=56, trace=301431, nelems=0, elem type=int[])
OBJ 50001e25 (sz=32, trace=301432, class=sun.security.util.DerValue@50001086)
OBJ 50001e26 (sz=24, trace=301433, class=sun.security.util.DerInputStream@50001066)
ARR 50001e27 (sz=4, trace=301434, nelems=4, elem type=byte[])
OBJ 50001e28 (sz=72, trace=300835, class=java.lang.reflect.Constructor@5000000d)
ARR 50001e29 (sz=24, trace=301538, nelems=0, elem type=java.lang.Object[]@500000ac)
OBJ 50001e2a (sz=32, trace=301539, class=sun.security.x509.NetscapeCertTypeExtension@50001b8d)
	extensionId	50001b8f
	extensionValue	50001e27
	bitString	50001e34
OBJ 50001e2b (sz=32, trace=301540, class=sun.security.util.DerValue@50001086)
OBJ 50001e2c (sz=32, trace=301541, class=java.io.ByteArrayInputStream@50000a72)
ARR 50001e2d (sz=16, trace=301542, nelems=0, elem type=byte[])
ARR 50001e2e (sz=24, trace=301150, nelems=0, elem type=byte[])
OBJ 50001e2f (sz=32, trace=301151, class=sun.security.util.DerInputBuffer@50001069)
OBJ 50001e30 (sz=24, trace=301543, class=sun.security.util.DerInputStream@50001066)
ARR 50001e31 (sz=24, trace=301544, nelems=0, elem type=byte[])
OBJ 50001e32 (sz=24, trace=301545, class=sun.security.util.BitArray@50001a6e)
ARR 50001e33 (sz=24, trace=301546, nelems=0, elem type=byte[])
ARR 50001e34 (sz=8, trace=301547, nelems=8, elem type=boolean[])
OBJ 50001e35 (sz=32, trace=301548, class=java.util.Hashtable$Entry@500000fd)
	key		50003d71
	value		50001e2a
OBJ 50001e36 (sz=24, trace=301427, class=sun.security.x509.Extension@50001aff)
OBJ 50001e37 (sz=24, trace=301428, class=sun.security.util.DerInputStream@50001066)
OBJ 50001e38 (sz=24, trace=301429, class=sun.security.util.ObjectIdentifier@50001077)
ARR 50001e39 (sz=40, trace=301430, nelems=0, elem type=int[])
OBJ 50001e3a (sz=32, trace=301432, class=sun.security.util.DerValue@50001086)
OBJ 50001e3b (sz=24, trace=301433, class=sun.security.util.DerInputStream@50001066)
OBJ 50001e3c (sz=32, trace=301549, class=sun.security.util.DerValue@50001086)
OBJ 50001e3d (sz=24, trace=301550, class=sun.security.util.DerInputStream@50001066)
ARR 50001e3e (sz=5, trace=301551, nelems=5, elem type=byte[])
OBJ 50001e40 (sz=40, trace=301537, class=java.lang.ref.SoftReference@500000c8)
OBJ 50001e41 (sz=72, trace=300835, class=java.lang.reflect.Constructor@5000000d)
ARR 50001e42 (sz=24, trace=301538, nelems=0, elem type=java.lang.Object[]@500000ac)
OBJ 50001e43 (sz=24, trace=300837, class=sun.reflect.NativeConstructorAccessorImpl@500000e3)
OBJ 50001e44 (sz=16, trace=300838, class=sun.reflect.DelegatingConstructorAccessorImpl@500000bc)
OBJ 50001e45 (sz=32, trace=301607, class=sun.security.x509.BasicConstraintsExtension@50001e3f)
	extensionId	50001b34
	extensionValue	50001e3e
OBJ 50001e46 (sz=32, trace=301608, class=sun.security.util.DerValue@50001086)
OBJ 50001e47 (sz=32, trace=301609, class=java.io.ByteArrayInputStream@50000a72)
ARR 50001e48 (sz=16, trace=301610, nelems=0, elem type=byte[])
ARR 50001e49 (sz=24, trace=301150, nelems=0, elem type=byte[])
OBJ 50001e4a (sz=32, trace=301151, class=sun.security.util.DerInputBuffer@50001069)
OBJ 50001e4b (sz=24, trace=301611, class=sun.security.util.DerInputStream@50001066)
OBJ 50001e4c (sz=32, trace=301612, class=sun.security.util.DerValue@50001086)
OBJ 50001e4d (sz=24, trace=301613, class=sun.security.util.DerInputStream@50001066)
OBJ 50001e4e (sz=32, trace=301548, class=java.util.Hashtable$Entry@500000fd)
	key		50003d60
	value		50001e45
OBJ 50001e4f (sz=24, trace=301427, class=sun.security.x509.Extension@50001aff)
OBJ 50001e50 (sz=24, trace=301428, class=sun.security.util.DerInputStream@50001066)
OBJ 50001e51 (sz=24, trace=301429, class=sun.security.util.ObjectIdentifier@50001077)
ARR 50001e52 (sz=40, trace=301430, nelems=0, elem type=int[])
OBJ 50001e53 (sz=32, trace=301432, class=sun.security.util.DerValue@50001086)
OBJ 50001e54 (sz=24, trace=301433, class=sun.security.util.DerInputStream@50001066)
ARR 50001e55 (sz=24, trace=301434, nelems=24, elem type=byte[])
OBJ 50001e56 (sz=72, trace=300835, class=java.lang.reflect.Constructor@5000000d)
ARR 50001e57 (sz=24, trace=301538, nelems=0, elem type=java.lang.Object[]@500000ac)
OBJ 50001e58 (sz=40, trace=301570, class=sun.security.x509.AuthorityKeyIdentifierExtension@50001be7)
	extensionId	50001b29
	extensionValue	50001e55
	id		50001e61
OBJ 50001e59 (sz=32, trace=301571, class=sun.security.util.DerValue@50001086)
OBJ 50001e5a (sz=32, trace=301572, class=java.io.ByteArrayInputStream@50000a72)
ARR 50001e5b (sz=16, trace=301573, nelems=0, elem type=byte[])
ARR 50001e5c (sz=40, trace=301150, nelems=0, elem type=byte[])
OBJ 50001e5d (sz=32, trace=301151, class=sun.security.util.DerInputBuffer@50001069)
OBJ 50001e5e (sz=24, trace=301574, class=sun.security.util.DerInputStream@50001066)
OBJ 50001e5f (sz=32, trace=301575, class=sun.security.util.DerValue@50001086)
OBJ 50001e60 (sz=24, trace=301576, class=sun.security.util.DerInputStream@50001066)
OBJ 50001e61 (sz=16, trace=301577, class=sun.security.x509.KeyIdentifier@50001bdc)
	octetString	50001e62
ARR 50001e62 (sz=20, trace=301578, nelems=20, elem type=byte[])
OBJ 50001e63 (sz=32, trace=301548, class=java.util.Hashtable$Entry@500000fd)
	key		50003d4e
	value		50001e58
OBJ 50001e64 (sz=24, trace=301427, class=sun.security.x509.Extension@50001aff)
OBJ 50001e65 (sz=24, trace=301428, class=sun.security.util.DerInputStream@50001066)
OBJ 50001e66 (sz=24, trace=301429, class=sun.security.util.ObjectIdentifier@50001077)
ARR 50001e67 (sz=40, trace=301430, nelems=0, elem type=int[])
OBJ 50001e68 (sz=32, trace=301432, class=sun.security.util.DerValue@50001086)
OBJ 50001e69 (sz=24, trace=301433, class=sun.security.util.DerInputStream@50001066)
ARR 50001e6a (sz=22, trace=301434, nelems=22, elem type=byte[])
OBJ 50001e6b (sz=72, trace=300835, class=java.lang.reflect.Constructor@5000000d)
ARR 50001e6c (sz=24, trace=301538, nelems=0, elem type=java.lang.Object[]@500000ac)
OBJ 50001e6d (sz=32, trace=301561, class=sun.security.x509.SubjectKeyIdentifierExtension@50001bcf)
	extensionId	50001b2a
	extensionValue	50001e6a
	id		50001e74
OBJ 50001e6e (sz=32, trace=301562, class=sun.security.util.DerValue@50001086)
OBJ 50001e6f (sz=32, trace=301563, class=java.io.ByteArrayInputStream@50000a72)
ARR 50001e70 (sz=16, trace=301564, nelems=0, elem type=byte[])
ARR 50001e71 (sz=40, trace=301150, nelems=0, elem type=byte[])
OBJ 50001e72 (sz=32, trace=301151, class=sun.security.util.DerInputBuffer@50001069)
OBJ 50001e73 (sz=24, trace=301565, class=sun.security.util.DerInputStream@50001066)
OBJ 50001e74 (sz=16, trace=301567, class=sun.security.x509.KeyIdentifier@50001bdc)
	octetString	50001e75
ARR 50001e75 (sz=20, trace=301568, nelems=20, elem type=byte[])
OBJ 50001e76 (sz=32, trace=301548, class=java.util.Hashtable$Entry@500000fd)
	key		50003d66
	value		50001e6d
	next		50001e35
OBJ 50001e77 (sz=24, trace=301601, class=sun.security.x509.X509AttributeName@50001c28)
OBJ 50001e78 (sz=32, trace=301602, class=java.lang.String@50000036)
OBJ 50001e79 (sz=32, trace=301603, class=java.lang.String@50000036)
OBJ 50001e7a (sz=24, trace=301604, class=sun.security.util.Cache$EqualByteArray@5000179f)
	b		50001c45
OBJ 50001e7b (sz=56, trace=301606, class=sun.security.util.MemoryCache$SoftCacheEntry@50001c2e)
	referent	50001c3a
	queue		50001775
	key		50001e7a
OBJ 50001e7c (sz=40, trace=300868, class=java.util.LinkedHashMap$Entry@500000a3)
	key		50001e7a
	value		50001e7b
	before		50001c30
	after		50001779
OBJ 50001e7d (sz=32, trace=300067, class=java.util.Vector@50000004)
ARR 50001e7e (sz=24, trace=300690, nelems=0, elem type=java.lang.Object[]@500000ac)
OBJ 50001e7f (sz=32, trace=301614, class=sun.security.util.DerValue@50001086)
OBJ 50001e80 (sz=24, trace=300692, class=sun.security.util.DerInputStream@50001066)
ARR 50001e81 (sz=24, trace=301615, nelems=0, elem type=sun.security.util.DerValue[]@5000108b)
ARR 50001e84 (sz=24, trace=301617, nelems=0, elem type=sun.security.pkcs.SignerInfo[]@50001e83)
OBJ 50001e85 (sz=24, trace=301618, class=sun.security.util.DerInputStream@50001066)
OBJ 50001e86 (sz=48, trace=301619, class=sun.security.pkcs.SignerInfo@50001e82)
ARR 50001e87 (sz=24, trace=301620, nelems=0, elem type=byte[])
OBJ 50001e88 (sz=40, trace=300687, class=java.math.BigInteger@500010aa)
ARR 50001e89 (sz=24, trace=300688, nelems=0, elem type=int[])
OBJ 50001e8a (sz=24, trace=300812, class=sun.security.util.DerInputStream@50001066)
OBJ 50001e8b (sz=32, trace=300067, class=java.util.Vector@50000004)
ARR 50001e8c (sz=24, trace=300561, nelems=0, elem type=java.lang.Object[]@500000ac)
OBJ 50001e8d (sz=32, trace=301621, class=sun.security.util.DerValue@50001086)
OBJ 50001e8e (sz=24, trace=300564, class=sun.security.util.DerInputStream@50001066)
OBJ 50001e8f (sz=32, trace=301621, class=sun.security.util.DerValue@50001086)
OBJ 50001e90 (sz=24, trace=300564, class=sun.security.util.DerInputStream@50001066)
ARR 50001e91 (sz=24, trace=301622, nelems=0, elem type=sun.security.util.DerValue[]@5000108b)
OBJ 50001e92 (sz=24, trace=300571, class=sun.security.util.DerOutputStream@5000108e)
ARR 50001e93 (sz=48, trace=300572, nelems=0, elem type=byte[])
ARR 50001e94 (sz=160, trace=301623, nelems=0, elem type=byte[])
ARR 50001e95 (sz=168, trace=300580, nelems=0, elem type=byte[])
ARR 50001e96 (sz=168, trace=301624, nelems=0, elem type=byte[])
OBJ 50001e97 (sz=32, trace=301625, class=sun.security.util.DerValue@50001086)
OBJ 50001e98 (sz=32, trace=301626, class=sun.security.util.DerInputBuffer@50001069)
OBJ 50001e99 (sz=24, trace=301627, class=sun.security.util.DerInputStream@50001066)
OBJ 50001e9a (sz=24, trace=301628, class=sun.security.util.DerInputStream@50001066)
OBJ 50001e9b (sz=48, trace=301629, class=sun.security.x509.X500Name@500018fb)
ARR 50001e9c (sz=168, trace=301264, nelems=0, elem type=byte[])
OBJ 50001e9d (sz=32, trace=300067, class=java.util.Vector@50000004)
ARR 50001e9e (sz=40, trace=300561, nelems=0, elem type=java.lang.Object[]@500000ac)
OBJ 50001e9f (sz=32, trace=301265, class=sun.security.util.DerValue@50001086)
OBJ 50001ea0 (sz=24, trace=300564, class=sun.security.util.DerInputStream@50001066)
OBJ 50001ea1 (sz=32, trace=301265, class=sun.security.util.DerValue@50001086)
OBJ 50001ea2 (sz=24, trace=300564, class=sun.security.util.DerInputStream@50001066)
OBJ 50001ea3 (sz=32, trace=301265, class=sun.security.util.DerValue@50001086)
OBJ 50001ea4 (sz=24, trace=300564, class=sun.security.util.DerInputStream@50001066)
OBJ 50001ea5 (sz=32, trace=301265, class=sun.security.util.DerValue@50001086)
OBJ 50001ea6 (sz=24, trace=300564, class=sun.security.util.DerInputStream@50001066)
OBJ 50001ea7 (sz=32, trace=301265, class=sun.security.util.DerValue@50001086)
OBJ 50001ea8 (sz=24, trace=300564, class=sun.security.util.DerInputStream@50001066)
OBJ 50001ea9 (sz=32, trace=301265, class=sun.security.util.DerValue@50001086)
OBJ 50001eaa (sz=24, trace=300564, class=sun.security.util.DerInputStream@50001066)
ARR 50001eab (sz=56, trace=301266, nelems=0, elem type=java.lang.Object[]@500000ac)
ARR 50001eac (sz=40, trace=301267, nelems=0, elem type=sun.security.util.DerValue[]@5000108b)
ARR 50001ead (sz=40, trace=301630, nelems=0, elem type=sun.security.x509.RDN[]@5000194f)
OBJ 50001eae (sz=24, trace=301631, class=sun.security.x509.RDN@5000194e)
OBJ 50001eaf (sz=24, trace=300571, class=sun.security.util.DerOutputStream@5000108e)
ARR 50001eb0 (sz=48, trace=300572, nelems=0, elem type=byte[])
ARR 50001eb1 (sz=32, trace=301271, nelems=0, elem type=byte[])
ARR 50001eb2 (sz=32, trace=301272, nelems=0, elem type=byte[])
OBJ 50001eb3 (sz=24, trace=301273, class=sun.security.util.DerInputStream@50001066)
OBJ 50001eb4 (sz=32, trace=300535, class=sun.security.util.DerInputBuffer@50001069)
OBJ 50001eb5 (sz=32, trace=300067, class=java.util.Vector@50000004)
ARR 50001eb6 (sz=40, trace=300690, nelems=0, elem type=java.lang.Object[]@500000ac)
OBJ 50001eb7 (sz=32, trace=301274, class=sun.security.util.DerValue@50001086)
OBJ 50001eb8 (sz=24, trace=300692, class=sun.security.util.DerInputStream@50001066)
ARR 50001eb9 (sz=24, trace=301275, nelems=0, elem type=sun.security.util.DerValue[]@5000108b)
ARR 50001eba (sz=24, trace=301632, nelems=0, elem type=sun.security.x509.AVA[]@5000195e)
OBJ 50001ebb (sz=24, trace=301280, class=sun.security.x509.AVA@5000195d)
OBJ 50001ebc (sz=24, trace=301281, class=sun.security.util.ObjectIdentifier@50001077)
ARR 50001ebd (sz=40, trace=301282, nelems=0, elem type=int[])
OBJ 50001ebe (sz=32, trace=301283, class=sun.security.util.DerValue@50001086)
OBJ 50001ebf (sz=24, trace=301284, class=sun.security.util.DerInputStream@50001066)
OBJ 50001ec0 (sz=24, trace=301631, class=sun.security.x509.RDN@5000194e)
OBJ 50001ec1 (sz=24, trace=300571, class=sun.security.util.DerOutputStream@5000108e)
ARR 50001ec2 (sz=48, trace=300572, nelems=0, elem type=byte[])
ARR 50001ec3 (sz=32, trace=301271, nelems=0, elem type=byte[])
ARR 50001ec4 (sz=32, trace=301272, nelems=0, elem type=byte[])
OBJ 50001ec5 (sz=24, trace=301273, class=sun.security.util.DerInputStream@50001066)
OBJ 50001ec6 (sz=32, trace=300535, class=sun.security.util.DerInputBuffer@50001069)
OBJ 50001ec7 (sz=32, trace=300067, class=java.util.Vector@50000004)
ARR 50001ec8 (sz=40, trace=300690, nelems=0, elem type=java.lang.Object[]@500000ac)
OBJ 50001ec9 (sz=32, trace=301274, class=sun.security.util.DerValue@50001086)
OBJ 50001eca (sz=24, trace=300692, class=sun.security.util.DerInputStream@50001066)
ARR 50001ecb (sz=24, trace=301275, nelems=0, elem type=sun.security.util.DerValue[]@5000108b)
ARR 50001ecc (sz=24, trace=301632, nelems=0, elem type=sun.security.x509.AVA[]@5000195e)
OBJ 50001ecd (sz=24, trace=301280, class=sun.security.x509.AVA@5000195d)
OBJ 50001ece (sz=24, trace=301281, class=sun.security.util.ObjectIdentifier@50001077)
ARR 50001ecf (sz=40, trace=301282, nelems=0, elem type=int[])
OBJ 50001ed0 (sz=32, trace=301283, class=sun.security.util.DerValue@50001086)
OBJ 50001ed1 (sz=24, trace=301284, class=sun.security.util.DerInputStream@50001066)
OBJ 50001ed2 (sz=24, trace=301631, class=sun.security.x509.RDN@5000194e)
OBJ 50001ed3 (sz=24, trace=300571, class=sun.security.util.DerOutputStream@5000108e)
ARR 50001ed4 (sz=48, trace=300572, nelems=0, elem type=byte[])
ARR 50001ed5 (sz=40, trace=301271, nelems=0, elem type=byte[])
ARR 50001ed6 (sz=40, trace=301272, nelems=0, elem type=byte[])
OBJ 50001ed7 (sz=24, trace=301273, class=sun.security.util.DerInputStream@50001066)
OBJ 50001ed8 (sz=32, trace=300535, class=sun.security.util.DerInputBuffer@50001069)
OBJ 50001ed9 (sz=32, trace=300067, class=java.util.Vector@50000004)
ARR 50001eda (sz=40, trace=300690, nelems=0, elem type=java.lang.Object[]@500000ac)
OBJ 50001edb (sz=32, trace=301274, class=sun.security.util.DerValue@50001086)
OBJ 50001edc (sz=24, trace=300692, class=sun.security.util.DerInputStream@50001066)
ARR 50001edd (sz=24, trace=301275, nelems=0, elem type=sun.security.util.DerValue[]@5000108b)
ARR 50001ede (sz=24, trace=301632, nelems=0, elem type=sun.security.x509.AVA[]@5000195e)
OBJ 50001edf (sz=24, trace=301280, class=sun.security.x509.AVA@5000195d)
OBJ 50001ee0 (sz=24, trace=301281, class=sun.security.util.ObjectIdentifier@50001077)
ARR 50001ee1 (sz=40, trace=301282, nelems=0, elem type=int[])
OBJ 50001ee2 (sz=32, trace=301283, class=sun.security.util.DerValue@50001086)
OBJ 50001ee3 (sz=24, trace=301284, class=sun.security.util.DerInputStream@50001066)
OBJ 50001ee4 (sz=24, trace=301631, class=sun.security.x509.RDN@5000194e)
OBJ 50001ee5 (sz=24, trace=300571, class=sun.security.util.DerOutputStream@5000108e)
ARR 50001ee6 (sz=48, trace=300572, nelems=0, elem type=byte[])
ARR 50001ee7 (sz=48, trace=301271, nelems=0, elem type=byte[])
ARR 50001ee8 (sz=48, trace=301272, nelems=0, elem type=byte[])
OBJ 50001ee9 (sz=24, trace=301273, class=sun.security.util.DerInputStream@50001066)
OBJ 50001eea (sz=32, trace=300535, class=sun.security.util.DerInputBuffer@50001069)
OBJ 50001eeb (sz=32, trace=300067, class=java.util.Vector@50000004)
ARR 50001eec (sz=40, trace=300690, nelems=0, elem type=java.lang.Object[]@500000ac)
OBJ 50001eed (sz=32, trace=301274, class=sun.security.util.DerValue@50001086)
OBJ 50001eee (sz=24, trace=300692, class=sun.security.util.DerInputStream@50001066)
ARR 50001eef (sz=24, trace=301275, nelems=0, elem type=sun.security.util.DerValue[]@5000108b)
ARR 50001ef0 (sz=24, trace=301632, nelems=0, elem type=sun.security.x509.AVA[]@5000195e)
OBJ 50001ef1 (sz=24, trace=301280, class=sun.security.x509.AVA@5000195d)
OBJ 50001ef2 (sz=24, trace=301281, class=sun.security.util.ObjectIdentifier@50001077)
ARR 50001ef3 (sz=40, trace=301282, nelems=0, elem type=int[])
OBJ 50001ef4 (sz=32, trace=301283, class=sun.security.util.DerValue@50001086)
OBJ 50001ef5 (sz=24, trace=301284, class=sun.security.util.DerInputStream@50001066)
OBJ 50001ef6 (sz=24, trace=301631, class=sun.security.x509.RDN@5000194e)
OBJ 50001ef7 (sz=24, trace=300571, class=sun.security.util.DerOutputStream@5000108e)
ARR 50001ef8 (sz=48, trace=300572, nelems=0, elem type=byte[])
ARR 50001ef9 (sz=56, trace=301271, nelems=0, elem type=byte[])
ARR 50001efa (sz=80, trace=300580, nelems=0, elem type=byte[])
ARR 50001efb (sz=56, trace=301272, nelems=0, elem type=byte[])
OBJ 50001efc (sz=24, trace=301273, class=sun.security.util.DerInputStream@50001066)
OBJ 50001efd (sz=32, trace=300535, class=sun.security.util.DerInputBuffer@50001069)
OBJ 50001efe (sz=32, trace=300067, class=java.util.Vector@50000004)
ARR 50001eff (sz=40, trace=300690, nelems=0, elem type=java.lang.Object[]@500000ac)
OBJ 50001f00 (sz=32, trace=301274, class=sun.security.util.DerValue@50001086)
OBJ 50001f01 (sz=24, trace=300692, class=sun.security.util.DerInputStream@50001066)
ARR 50001f02 (sz=24, trace=301275, nelems=0, elem type=sun.security.util.DerValue[]@5000108b)
ARR 50001f03 (sz=24, trace=301632, nelems=0, elem type=sun.security.x509.AVA[]@5000195e)
OBJ 50001f04 (sz=24, trace=301280, class=sun.security.x509.AVA@5000195d)
OBJ 50001f05 (sz=24, trace=301281, class=sun.security.util.ObjectIdentifier@50001077)
ARR 50001f06 (sz=40, trace=301282, nelems=0, elem type=int[])
OBJ 50001f07 (sz=32, trace=301283, class=sun.security.util.DerValue@50001086)
OBJ 50001f08 (sz=24, trace=301284, class=sun.security.util.DerInputStream@50001066)
OBJ 50001f09 (sz=24, trace=301631, class=sun.security.x509.RDN@5000194e)
OBJ 50001f0a (sz=24, trace=300571, class=sun.security.util.DerOutputStream@5000108e)
ARR 50001f0b (sz=48, trace=300572, nelems=0, elem type=byte[])
ARR 50001f0c (sz=48, trace=301271, nelems=0, elem type=byte[])
ARR 50001f0d (sz=48, trace=301272, nelems=0, elem type=byte[])
OBJ 50001f0e (sz=24, trace=301273, class=sun.security.util.DerInputStream@50001066)
OBJ 50001f0f (sz=32, trace=300535, class=sun.security.util.DerInputBuffer@50001069)
OBJ 50001f10 (sz=32, trace=300067, class=java.util.Vector@50000004)
ARR 50001f11 (sz=40, trace=300690, nelems=0, elem type=java.lang.Object[]@500000ac)
OBJ 50001f12 (sz=32, trace=301274, class=sun.security.util.DerValue@50001086)
OBJ 50001f13 (sz=24, trace=300692, class=sun.security.util.DerInputStream@50001066)
ARR 50001f14 (sz=24, trace=301275, nelems=0, elem type=sun.security.util.DerValue[]@5000108b)
ARR 50001f15 (sz=24, trace=301632, nelems=0, elem type=sun.security.x509.AVA[]@5000195e)
OBJ 50001f16 (sz=24, trace=301280, class=sun.security.x509.AVA@5000195d)
OBJ 50001f17 (sz=24, trace=301281, class=sun.security.util.ObjectIdentifier@50001077)
ARR 50001f18 (sz=40, trace=301282, nelems=0, elem type=int[])
OBJ 50001f19 (sz=32, trace=301283, class=sun.security.util.DerValue@50001086)
OBJ 50001f1a (sz=24, trace=301284, class=sun.security.util.DerInputStream@50001066)
ARR 50001f1b (sz=24, trace=301633, nelems=0, elem type=byte[])
OBJ 50001f1c (sz=40, trace=301207, class=java.math.BigInteger@500010aa)
ARR 50001f1d (sz=24, trace=301208, nelems=0, elem type=int[])
OBJ 50001f1e (sz=32, trace=301634, class=sun.security.util.DerValue@50001086)
OBJ 50001f1f (sz=24, trace=301635, class=sun.security.util.DerInputStream@50001066)
OBJ 50001f20 (sz=24, trace=301636, class=sun.security.util.DerInputStream@50001066)
OBJ 50001f21 (sz=24, trace=301637, class=sun.security.util.ObjectIdentifier@50001077)
ARR 50001f22 (sz=40, trace=300806, nelems=0, elem type=int[])
ARR 50001f23 (sz=56, trace=300807, nelems=0, elem type=int[])
OBJ 50001f24 (sz=32, trace=301638, class=sun.security.util.DerValue@50001086)
OBJ 50001f25 (sz=24, trace=300809, class=sun.security.util.DerInputStream@50001066)
OBJ 50001f26 (sz=32, trace=301639, class=sun.security.x509.AlgorithmId@50001199)
OBJ 50001f27 (sz=32, trace=301640, class=sun.security.util.DerValue@50001086)
OBJ 50001f28 (sz=24, trace=301641, class=sun.security.util.DerInputStream@50001066)
OBJ 50001f29 (sz=24, trace=301642, class=sun.security.util.DerInputStream@50001066)
OBJ 50001f2a (sz=24, trace=301643, class=sun.security.util.ObjectIdentifier@50001077)
ARR 50001f2b (sz=40, trace=300806, nelems=0, elem type=int[])
ARR 50001f2c (sz=56, trace=300807, nelems=0, elem type=int[])
OBJ 50001f2d (sz=32, trace=301644, class=sun.security.util.DerValue@50001086)
OBJ 50001f2e (sz=24, trace=300809, class=sun.security.util.DerInputStream@50001066)
OBJ 50001f2f (sz=32, trace=301645, class=sun.security.x509.AlgorithmId@50001199)
ARR 50001f30 (sz=64, trace=301646, nelems=0, elem type=byte[])
OBJ 50001f31 (sz=24, trace=301076, class=java.security.Provider$ServiceKey@50000e7a)
OBJ 50001f32 (sz=16, trace=301128, class=sun.security.provider.X509Factory@50001770)
OBJ 50001f33 (sz=24, trace=301130, class=sun.security.jca.GetInstance$Instance@50001788)
OBJ 50001f34 (sz=24, trace=301647, class=java.security.cert.CertificateFactory@5000121f)
OBJ 50001f35 (sz=32, trace=301648, class=java.lang.String@50000036)
OBJ 50001f36 (sz=24, trace=300273, class=java.util.ArrayList@5000011e)
ARR 50001f37 (sz=56, trace=300524, nelems=0, elem type=java.lang.Object[]@500000ac)
OBJ 50001f38 (sz=32, trace=300525, class=sun.security.jca.ProviderConfig@50000e70)
OBJ 50001f39 (sz=32, trace=300525, class=sun.security.jca.ProviderConfig@50000e70)
OBJ 50001f3a (sz=24, trace=301649, class=sun.security.jca.ProviderList@50000e6f)
OBJ 50001f3b (sz=24, trace=300342, class=sun.security.jca.ProviderList$3@50000e77)
OBJ 50001f3c (sz=32, trace=300215, class=java.lang.ThreadLocal$ThreadLocalMap$Entry@5000008e)
OBJ 50001f3d (sz=24, trace=301650, class=java.util.jar.Manifest@50000a71)
OBJ 50001f3e (sz=16, trace=301651, class=java.util.jar.Attributes@50000a75)
OBJ 50001f3f (sz=48, trace=300204, class=java.util.HashMap@500000cb)
ARR 50001f40 (sz=80, trace=300205, nelems=0, elem type=java.util.HashMap$Entry[]@50000054)
OBJ 50001f41 (sz=48, trace=301652, class=java.util.HashMap@500000cb)
ARR 50001f42 (sz=80, trace=301653, nelems=0, elem type=java.util.HashMap$Entry[]@50000054)
OBJ 50001f43 (sz=32, trace=301654, class=java.io.ByteArrayInputStream@50000a72)
OBJ 50001f44 (sz=32, trace=300209, class=java.util.jar.Manifest$FastInputStream@50000a7b)
ARR 50001f45 (sz=8208, trace=301655, nelems=0, elem type=byte[])
ARR 50001f46 (sz=528, trace=301656, nelems=0, elem type=byte[])
OBJ 50001f47 (sz=32, trace=301657, class=java.lang.String@50000036)
ARR 50001f48 (sz=56, trace=301658, nelems=0, elem type=char[])
OBJ 50001f49 (sz=32, trace=301659, class=java.lang.String@50000036)
OBJ 50001f4a (sz=24, trace=300217, class=java.lang.StringCoding$StringDecoder@50000a83)
OBJ 50001f4b (sz=40, trace=300158, class=sun.nio.cs.UTF_8$Decoder@50000281)
OBJ 50001f4c (sz=40, trace=300218, class=java.lang.ref.SoftReference@500000c8)
ARR 50001f4d (sz=24, trace=300219, nelems=0, elem type=char[])
OBJ 50001f4e (sz=48, trace=300053, class=java.nio.HeapByteBuffer@50000087)
OBJ 50001f4f (sz=48, trace=300054, class=java.nio.HeapCharBuffer@500000a5)
OBJ 50001f50 (sz=24, trace=300238, class=java.util.jar.Attributes$Name@50000a8a)
OBJ 50001f51 (sz=32, trace=300241, class=java.util.HashMap$Entry@50000053)
OBJ 50001f52 (sz=32, trace=301657, class=java.lang.String@50000036)
ARR 50001f53 (sz=88, trace=301658, nelems=0, elem type=char[])
OBJ 50001f54 (sz=32, trace=301659, class=java.lang.String@50000036)
ARR 50001f55 (sz=72, trace=300219, nelems=0, elem type=char[])
OBJ 50001f56 (sz=48, trace=300053, class=java.nio.HeapByteBuffer@50000087)
OBJ 50001f57 (sz=48, trace=300054, class=java.nio.HeapCharBuffer@500000a5)
OBJ 50001f58 (sz=24, trace=300238, class=java.util.jar.Attributes$Name@50000a8a)
OBJ 50001f59 (sz=32, trace=300241, class=java.util.HashMap$Entry@50000053)
OBJ 50001f5a (sz=32, trace=301657, class=java.lang.String@50000036)
ARR 50001f5b (sz=40, trace=301658, nelems=0, elem type=char[])
OBJ 50001f5c (sz=32, trace=301659, class=java.lang.String@50000036)
ARR 50001f5d (sz=64, trace=300219, nelems=0, elem type=char[])
OBJ 50001f5e (sz=48, trace=300053, class=java.nio.HeapByteBuffer@50000087)
OBJ 50001f5f (sz=48, trace=300054, class=java.nio.HeapCharBuffer@500000a5)
OBJ 50001f60 (sz=24, trace=300238, class=java.util.jar.Attributes$Name@50000a8a)
OBJ 50001f61 (sz=32, trace=300241, class=java.util.HashMap$Entry@50000053)
OBJ 50001f62 (sz=32, trace=301657, class=java.lang.String@50000036)
ARR 50001f63 (sz=56, trace=301658, nelems=0, elem type=char[])
OBJ 50001f64 (sz=32, trace=301659, class=java.lang.String@50000036)
	value		50001f65
ARR 50001f65 (sz=56, trace=300219, nelems=28, elem type=char[])
OBJ 50001f66 (sz=48, trace=300053, class=java.nio.HeapByteBuffer@50000087)
OBJ 50001f67 (sz=48, trace=300054, class=java.nio.HeapCharBuffer@500000a5)
OBJ 50001f68 (sz=24, trace=300238, class=java.util.jar.Attributes$Name@50000a8a)
OBJ 50001f69 (sz=32, trace=300241, class=java.util.HashMap$Entry@50000053)
OBJ 50001f6a (sz=32, trace=301660, class=java.lang.String@50000036)
	value		50001f6b
ARR 50001f6b (sz=94, trace=300243, nelems=47, elem type=char[])
OBJ 50001f6c (sz=48, trace=300053, class=java.nio.HeapByteBuffer@50000087)
OBJ 50001f6d (sz=48, trace=300054, class=java.nio.HeapCharBuffer@500000a5)
OBJ 50001f6e (sz=16, trace=301661, class=java.util.jar.Attributes@50000a75)
OBJ 50001f6f (sz=48, trace=300204, class=java.util.HashMap@500000cb)
ARR 50001f70 (sz=24, trace=300245, nelems=0, elem type=java.util.HashMap$Entry[]@50000054)
OBJ 50001f71 (sz=32, trace=300246, class=java.util.HashMap$Entry@50000053)
OBJ 50001f72 (sz=32, trace=301662, class=java.lang.String@50000036)
ARR 50001f73 (sz=40, trace=301663, nelems=0, elem type=char[])
OBJ 50001f74 (sz=32, trace=301664, class=java.lang.String@50000036)
ARR 50001f75 (sz=72, trace=300219, nelems=0, elem type=char[])
OBJ 50001f76 (sz=48, trace=300053, class=java.nio.HeapByteBuffer@50000087)
OBJ 50001f77 (sz=48, trace=300054, class=java.nio.HeapCharBuffer@500000a5)
OBJ 50001f78 (sz=24, trace=300250, class=java.util.jar.Attributes$Name@50000a8a)
OBJ 50001f79 (sz=32, trace=300241, class=java.util.HashMap$Entry@50000053)
OBJ 50001f7a (sz=32, trace=301660, class=java.lang.String@50000036)
	value		50001f7b
ARR 50001f7b (sz=86, trace=300243, nelems=43, elem type=char[])
OBJ 50001f7c (sz=48, trace=300053, class=java.nio.HeapByteBuffer@50000087)
OBJ 50001f7d (sz=48, trace=300054, class=java.nio.HeapCharBuffer@500000a5)
OBJ 50001f7e (sz=16, trace=301661, class=java.util.jar.Attributes@50000a75)
OBJ 50001f7f (sz=48, trace=300204, class=java.util.HashMap@500000cb)
ARR 50001f80 (sz=24, trace=300245, nelems=0, elem type=java.util.HashMap$Entry[]@50000054)
OBJ 50001f81 (sz=32, trace=300246, class=java.util.HashMap$Entry@50000053)
OBJ 50001f82 (sz=32, trace=301662, class=java.lang.String@50000036)
ARR 50001f83 (sz=40, trace=301663, nelems=0, elem type=char[])
OBJ 50001f84 (sz=32, trace=301664, class=java.lang.String@50000036)
ARR 50001f85 (sz=72, trace=300219, nelems=0, elem type=char[])
OBJ 50001f86 (sz=48, trace=300053, class=java.nio.HeapByteBuffer@50000087)
OBJ 50001f87 (sz=48, trace=300054, class=java.nio.HeapCharBuffer@500000a5)
OBJ 50001f88 (sz=24, trace=300250, class=java.util.jar.Attributes$Name@50000a8a)
OBJ 50001f89 (sz=32, trace=300241, class=java.util.HashMap$Entry@50000053)
OBJ 50001f8a (sz=32, trace=301660, class=java.lang.String@50000036)
	value		50001f8b
ARR 50001f8b (sz=90, trace=300243, nelems=45, elem type=char[])
OBJ 50001f8c (sz=48, trace=300053, class=java.nio.HeapByteBuffer@50000087)
OBJ 50001f8d (sz=48, trace=300054, class=java.nio.HeapCharBuffer@500000a5)
OBJ 50001f8e (sz=16, trace=301661, class=java.util.jar.Attributes@50000a75)
OBJ 50001f8f (sz=48, trace=300204, class=java.util.HashMap@500000cb)
ARR 50001f90 (sz=24, trace=300245, nelems=0, elem type=java.util.HashMap$Entry[]@50000054)
OBJ 50001f91 (sz=32, trace=300246, class=java.util.HashMap$Entry@50000053)
OBJ 50001f92 (sz=32, trace=301662, class=java.lang.String@50000036)
ARR 50001f93 (sz=40, trace=301663, nelems=0, elem type=char[])
OBJ 50001f94 (sz=32, trace=301664, class=java.lang.String@50000036)
ARR 50001f95 (sz=72, trace=300219, nelems=0, elem type=char[])
OBJ 50001f96 (sz=48, trace=300053, class=java.nio.HeapByteBuffer@50000087)
OBJ 50001f97 (sz=48, trace=300054, class=java.nio.HeapCharBuffer@500000a5)
OBJ 50001f98 (sz=24, trace=300250, class=java.util.jar.Attributes$Name@50000a8a)
OBJ 50001f99 (sz=32, trace=300241, class=java.util.HashMap$Entry@50000053)
OBJ 50001f9a (sz=32, trace=301660, class=java.lang.String@50000036)
	value		50001f9b
ARR 50001f9b (sz=80, trace=300243, nelems=40, elem type=char[])
OBJ 50001f9c (sz=48, trace=300053, class=java.nio.HeapByteBuffer@50000087)
OBJ 50001f9d (sz=48, trace=300054, class=java.nio.HeapCharBuffer@500000a5)
OBJ 50001f9e (sz=16, trace=301661, class=java.util.jar.Attributes@50000a75)
OBJ 50001f9f (sz=48, trace=300204, class=java.util.HashMap@500000cb)
ARR 50001fa0 (sz=24, trace=300245, nelems=0, elem type=java.util.HashMap$Entry[]@50000054)
OBJ 50001fa1 (sz=32, trace=300246, class=java.util.HashMap$Entry@50000053)
OBJ 50001fa2 (sz=32, trace=301662, class=java.lang.String@50000036)
ARR 50001fa3 (sz=40, trace=301663, nelems=0, elem type=char[])
OBJ 50001fa4 (sz=32, trace=301664, class=java.lang.String@50000036)
ARR 50001fa5 (sz=72, trace=300219, nelems=0, elem type=char[])
OBJ 50001fa6 (sz=48, trace=300053, class=java.nio.HeapByteBuffer@50000087)
OBJ 50001fa7 (sz=48, trace=300054, class=java.nio.HeapCharBuffer@500000a5)
OBJ 50001fa8 (sz=24, trace=300250, class=java.util.jar.Attributes$Name@50000a8a)
OBJ 50001fa9 (sz=32, trace=300241, class=java.util.HashMap$Entry@50000053)
OBJ 50001faa (sz=32, trace=301660, class=java.lang.String@50000036)
	value		50001fab
ARR 50001fab (sz=90, trace=300243, nelems=45, elem type=char[])
OBJ 50001fac (sz=48, trace=300053, class=java.nio.HeapByteBuffer@50000087)
OBJ 50001fad (sz=48, trace=300054, class=java.nio.HeapCharBuffer@500000a5)
OBJ 50001fae (sz=16, trace=301661, class=java.util.jar.Attributes@50000a75)
OBJ 50001faf (sz=48, trace=300204, class=java.util.HashMap@500000cb)
ARR 50001fb0 (sz=24, trace=300245, nelems=0, elem type=java.util.HashMap$Entry[]@50000054)
OBJ 50001fb1 (sz=32, trace=300246, class=java.util.HashMap$Entry@50000053)
OBJ 50001fb2 (sz=32, trace=301662, class=java.lang.String@50000036)
ARR 50001fb3 (sz=40, trace=301663, nelems=0, elem type=char[])
OBJ 50001fb4 (sz=32, trace=301664, class=java.lang.String@50000036)
ARR 50001fb5 (sz=72, trace=300219, nelems=0, elem type=char[])
OBJ 50001fb6 (sz=48, trace=300053, class=java.nio.HeapByteBuffer@50000087)
OBJ 50001fb7 (sz=48, trace=300054, class=java.nio.HeapCharBuffer@500000a5)
OBJ 50001fb8 (sz=24, trace=300250, class=java.util.jar.Attributes$Name@50000a8a)
OBJ 50001fb9 (sz=32, trace=300241, class=java.util.HashMap$Entry@50000053)
OBJ 50001fba (sz=32, trace=301660, class=java.lang.String@50000036)
	value		50001fbb
ARR 50001fbb (sz=94, trace=300243, nelems=47, elem type=char[])
OBJ 50001fbc (sz=48, trace=300053, class=java.nio.HeapByteBuffer@50000087)
OBJ 50001fbd (sz=48, trace=300054, class=java.nio.HeapCharBuffer@500000a5)
OBJ 50001fbe (sz=16, trace=301661, class=java.util.jar.Attributes@50000a75)
OBJ 50001fbf (sz=48, trace=300204, class=java.util.HashMap@500000cb)
ARR 50001fc0 (sz=24, trace=300245, nelems=0, elem type=java.util.HashMap$Entry[]@50000054)
OBJ 50001fc1 (sz=32, trace=300246, class=java.util.HashMap$Entry@50000053)
OBJ 50001fc2 (sz=32, trace=301662, class=java.lang.String@50000036)
ARR 50001fc3 (sz=40, trace=301663, nelems=0, elem type=char[])
OBJ 50001fc4 (sz=32, trace=301664, class=java.lang.String@50000036)
ARR 50001fc5 (sz=72, trace=300219, nelems=0, elem type=char[])
OBJ 50001fc6 (sz=48, trace=300053, class=java.nio.HeapByteBuffer@50000087)
OBJ 50001fc7 (sz=48, trace=300054, class=java.nio.HeapCharBuffer@500000a5)
OBJ 50001fc8 (sz=24, trace=300250, class=java.util.jar.Attributes$Name@50000a8a)
OBJ 50001fc9 (sz=32, trace=300241, class=java.util.HashMap$Entry@50000053)
OBJ 50001fca (sz=32, trace=301660, class=java.lang.String@50000036)
	value		50001fcb
ARR 50001fcb (sz=90, trace=300243, nelems=45, elem type=char[])
OBJ 50001fcc (sz=48, trace=300053, class=java.nio.HeapByteBuffer@50000087)
OBJ 50001fcd (sz=48, trace=300054, class=java.nio.HeapCharBuffer@500000a5)
OBJ 50001fce (sz=16, trace=301661, class=java.util.jar.Attributes@50000a75)
OBJ 50001fcf (sz=48, trace=300204, class=java.util.HashMap@500000cb)
ARR 50001fd0 (sz=24, trace=300245, nelems=0, elem type=java.util.HashMap$Entry[]@50000054)
OBJ 50001fd1 (sz=32, trace=300246, class=java.util.HashMap$Entry@50000053)
OBJ 50001fd2 (sz=32, trace=301662, class=java.lang.String@50000036)
ARR 50001fd3 (sz=40, trace=301663, nelems=0, elem type=char[])
OBJ 50001fd4 (sz=32, trace=301664, class=java.lang.String@50000036)
ARR 50001fd5 (sz=72, trace=300219, nelems=0, elem type=char[])
OBJ 50001fd6 (sz=48, trace=300053, class=java.nio.HeapByteBuffer@50000087)
OBJ 50001fd7 (sz=48, trace=300054, class=java.nio.HeapCharBuffer@500000a5)
OBJ 50001fd8 (sz=24, trace=300250, class=java.util.jar.Attributes$Name@50000a8a)
OBJ 50001fd9 (sz=32, trace=300241, class=java.util.HashMap$Entry@50000053)
OBJ 50001fda (sz=32, trace=301660, class=java.lang.String@50000036)
ARR 50001fdb (sz=144, trace=300243, nelems=0, elem type=char[])
OBJ 50001fdc (sz=48, trace=300053, class=java.nio.HeapByteBuffer@50000087)
OBJ 50001fdd (sz=48, trace=300054, class=java.nio.HeapCharBuffer@500000a5)
ARR 50001fde (sz=80, trace=301665, nelems=0, elem type=byte[])
ARR 50001fdf (sz=96, trace=301666, nelems=0, elem type=byte[])
OBJ 50001fe0 (sz=32, trace=301667, class=java.lang.String@50000036)
	value		50001fe1
ARR 50001fe1 (sz=158, trace=300254, nelems=79, elem type=char[])
OBJ 50001fe2 (sz=48, trace=300053, class=java.nio.HeapByteBuffer@50000087)
OBJ 50001fe3 (sz=48, trace=300054, class=java.nio.HeapCharBuffer@500000a5)
OBJ 50001fe4 (sz=16, trace=301661, class=java.util.jar.Attributes@50000a75)
OBJ 50001fe5 (sz=48, trace=300204, class=java.util.HashMap@500000cb)
ARR 50001fe6 (sz=24, trace=300245, nelems=0, elem type=java.util.HashMap$Entry[]@50000054)
OBJ 50001fe7 (sz=32, trace=300246, class=java.util.HashMap$Entry@50000053)
OBJ 50001fe8 (sz=32, trace=301662, class=java.lang.String@50000036)
ARR 50001fe9 (sz=40, trace=301663, nelems=0, elem type=char[])
OBJ 50001fea (sz=32, trace=301664, class=java.lang.String@50000036)
ARR 50001feb (sz=72, trace=300219, nelems=0, elem type=char[])
OBJ 50001fec (sz=48, trace=300053, class=java.nio.HeapByteBuffer@50000087)
OBJ 50001fed (sz=48, trace=300054, class=java.nio.HeapCharBuffer@500000a5)
OBJ 50001fee (sz=24, trace=300250, class=java.util.jar.Attributes$Name@50000a8a)
OBJ 50001fef (sz=32, trace=300241, class=java.util.HashMap$Entry@50000053)
OBJ 50001ff0 (sz=32, trace=301660, class=java.lang.String@50000036)
	value		50001ff1
ARR 50001ff1 (sz=78, trace=300243, nelems=39, elem type=char[])
OBJ 50001ff2 (sz=48, trace=300053, class=java.nio.HeapByteBuffer@50000087)
OBJ 50001ff3 (sz=48, trace=300054, class=java.nio.HeapCharBuffer@500000a5)
OBJ 50001ff4 (sz=16, trace=301661, class=java.util.jar.Attributes@50000a75)
OBJ 50001ff5 (sz=48, trace=300204, class=java.util.HashMap@500000cb)
ARR 50001ff6 (sz=24, trace=300245, nelems=0, elem type=java.util.HashMap$Entry[]@50000054)
OBJ 50001ff7 (sz=32, trace=300246, class=java.util.HashMap$Entry@50000053)
OBJ 50001ff8 (sz=32, trace=301662, class=java.lang.String@50000036)
ARR 50001ff9 (sz=40, trace=301663, nelems=0, elem type=char[])
OBJ 50001ffa (sz=32, trace=301664, class=java.lang.String@50000036)
ARR 50001ffb (sz=72, trace=300219, nelems=0, elem type=char[])
OBJ 50001ffc (sz=48, trace=300053, class=java.nio.HeapByteBuffer@50000087)
OBJ 50001ffd (sz=48, trace=300054, class=java.nio.HeapCharBuffer@500000a5)
OBJ 50001ffe (sz=24, trace=300250, class=java.util.jar.Attributes$Name@50000a8a)
OBJ 50001fff (sz=32, trace=300241, class=java.util.HashMap$Entry@50000053)
OBJ 50002000 (sz=32, trace=301660, class=java.lang.String@50000036)
	value		50002001
ARR 50002001 (sz=80, trace=300243, nelems=40, elem type=char[])
OBJ 50002002 (sz=48, trace=300053, class=java.nio.HeapByteBuffer@50000087)
OBJ 50002003 (sz=48, trace=300054, class=java.nio.HeapCharBuffer@500000a5)
OBJ 50002004 (sz=16, trace=301661, class=java.util.jar.Attributes@50000a75)
OBJ 50002005 (sz=48, trace=300204, class=java.util.HashMap@500000cb)
ARR 50002006 (sz=24, trace=300245, nelems=0, elem type=java.util.HashMap$Entry[]@50000054)
OBJ 50002007 (sz=32, trace=300246, class=java.util.HashMap$Entry@50000053)
OBJ 50002008 (sz=32, trace=301662, class=java.lang.String@50000036)
ARR 50002009 (sz=40, trace=301663, nelems=0, elem type=char[])
OBJ 5000200a (sz=32, trace=301664, class=java.lang.String@50000036)
ARR 5000200b (sz=72, trace=300219, nelems=0, elem type=char[])
OBJ 5000200c (sz=48, trace=300053, class=java.nio.HeapByteBuffer@50000087)
OBJ 5000200d (sz=48, trace=300054, class=java.nio.HeapCharBuffer@500000a5)
OBJ 5000200e (sz=24, trace=300250, class=java.util.jar.Attributes$Name@50000a8a)
OBJ 5000200f (sz=32, trace=300241, class=java.util.HashMap$Entry@50000053)
OBJ 50002010 (sz=32, trace=301660, class=java.lang.String@50000036)
	value		50002011
ARR 50002011 (sz=78, trace=300243, nelems=39, elem type=char[])
OBJ 50002012 (sz=48, trace=300053, class=java.nio.HeapByteBuffer@50000087)
OBJ 50002013 (sz=48, trace=300054, class=java.nio.HeapCharBuffer@500000a5)
OBJ 50002014 (sz=16, trace=301661, class=java.util.jar.Attributes@50000a75)
OBJ 50002015 (sz=48, trace=300204, class=java.util.HashMap@500000cb)
ARR 50002016 (sz=24, trace=300245, nelems=0, elem type=java.util.HashMap$Entry[]@50000054)
OBJ 50002017 (sz=32, trace=300246, class=java.util.HashMap$Entry@50000053)
OBJ 50002018 (sz=32, trace=301662, class=java.lang.String@50000036)
ARR 50002019 (sz=40, trace=301663, nelems=0, elem type=char[])
OBJ 5000201a (sz=32, trace=301664, class=java.lang.String@50000036)
ARR 5000201b (sz=72, trace=300219, nelems=0, elem type=char[])
OBJ 5000201c (sz=48, trace=300053, class=java.nio.HeapByteBuffer@50000087)
OBJ 5000201d (sz=48, trace=300054, class=java.nio.HeapCharBuffer@500000a5)
OBJ 5000201e (sz=24, trace=300250, class=java.util.jar.Attributes$Name@50000a8a)
OBJ 5000201f (sz=32, trace=300241, class=java.util.HashMap$Entry@50000053)
OBJ 50002020 (sz=32, trace=301660, class=java.lang.String@50000036)
	value		50002021
ARR 50002021 (sz=128, trace=300243, nelems=64, elem type=char[])
OBJ 50002022 (sz=48, trace=300053, class=java.nio.HeapByteBuffer@50000087)
OBJ 50002023 (sz=48, trace=300054, class=java.nio.HeapCharBuffer@500000a5)
OBJ 50002024 (sz=16, trace=301661, class=java.util.jar.Attributes@50000a75)
OBJ 50002025 (sz=48, trace=300204, class=java.util.HashMap@500000cb)
ARR 50002026 (sz=24, trace=300245, nelems=0, elem type=java.util.HashMap$Entry[]@50000054)
OBJ 50002027 (sz=32, trace=300246, class=java.util.HashMap$Entry@50000053)
OBJ 50002028 (sz=32, trace=301662, class=java.lang.String@50000036)
ARR 50002029 (sz=40, trace=301663, nelems=0, elem type=char[])
OBJ 5000202a (sz=32, trace=301664, class=java.lang.String@50000036)
ARR 5000202b (sz=72, trace=300219, nelems=0, elem type=char[])
OBJ 5000202c (sz=48, trace=300053, class=java.nio.HeapByteBuffer@50000087)
OBJ 5000202d (sz=48, trace=300054, class=java.nio.HeapCharBuffer@500000a5)
OBJ 5000202e (sz=24, trace=300250, class=java.util.jar.Attributes$Name@50000a8a)
OBJ 5000202f (sz=32, trace=300241, class=java.util.HashMap$Entry@50000053)
OBJ 50002030 (sz=32, trace=301660, class=java.lang.String@50000036)
	value		50002031
ARR 50002031 (sz=110, trace=300243, nelems=55, elem type=char[])
OBJ 50002032 (sz=48, trace=300053, class=java.nio.HeapByteBuffer@50000087)
OBJ 50002033 (sz=48, trace=300054, class=java.nio.HeapCharBuffer@500000a5)
OBJ 50002034 (sz=16, trace=301661, class=java.util.jar.Attributes@50000a75)
OBJ 50002035 (sz=48, trace=300204, class=java.util.HashMap@500000cb)
ARR 50002036 (sz=24, trace=300245, nelems=0, elem type=java.util.HashMap$Entry[]@50000054)
OBJ 50002037 (sz=32, trace=300246, class=java.util.HashMap$Entry@50000053)
ARR 50002038 (sz=144, trace=300255, nelems=0, elem type=java.util.HashMap$Entry[]@50000054)
OBJ 50002039 (sz=32, trace=301662, class=java.lang.String@50000036)
ARR 5000203a (sz=40, trace=301663, nelems=0, elem type=char[])
OBJ 5000203b (sz=32, trace=301664, class=java.lang.String@50000036)
ARR 5000203c (sz=72, trace=300219, nelems=0, elem type=char[])
OBJ 5000203d (sz=48, trace=300053, class=java.nio.HeapByteBuffer@50000087)
OBJ 5000203e (sz=48, trace=300054, class=java.nio.HeapCharBuffer@500000a5)
OBJ 5000203f (sz=24, trace=300250, class=java.util.jar.Attributes$Name@50000a8a)
OBJ 50002040 (sz=32, trace=300241, class=java.util.HashMap$Entry@50000053)
OBJ 50002041 (sz=32, trace=301660, class=java.lang.String@50000036)
	value		50002042
ARR 50002042 (sz=124, trace=300243, nelems=62, elem type=char[])
OBJ 50002043 (sz=48, trace=300053, class=java.nio.HeapByteBuffer@50000087)
OBJ 50002044 (sz=48, trace=300054, class=java.nio.HeapCharBuffer@500000a5)
OBJ 50002045 (sz=16, trace=301661, class=java.util.jar.Attributes@50000a75)
OBJ 50002046 (sz=48, trace=300204, class=java.util.HashMap@500000cb)
ARR 50002047 (sz=24, trace=300245, nelems=0, elem type=java.util.HashMap$Entry[]@50000054)
OBJ 50002048 (sz=32, trace=300246, class=java.util.HashMap$Entry@50000053)
OBJ 50002049 (sz=32, trace=301662, class=java.lang.String@50000036)
ARR 5000204a (sz=40, trace=301663, nelems=0, elem type=char[])
OBJ 5000204b (sz=32, trace=301664, class=java.lang.String@50000036)
ARR 5000204c (sz=72, trace=300219, nelems=0, elem type=char[])
OBJ 5000204d (sz=48, trace=300053, class=java.nio.HeapByteBuffer@50000087)
OBJ 5000204e (sz=48, trace=300054, class=java.nio.HeapCharBuffer@500000a5)
OBJ 5000204f (sz=24, trace=300250, class=java.util.jar.Attributes$Name@50000a8a)
OBJ 50002050 (sz=32, trace=300241, class=java.util.HashMap$Entry@50000053)
OBJ 50002051 (sz=32, trace=301660, class=java.lang.String@50000036)
	value		50002052
ARR 50002052 (sz=74, trace=300243, nelems=37, elem type=char[])
OBJ 50002053 (sz=48, trace=300053, class=java.nio.HeapByteBuffer@50000087)
OBJ 50002054 (sz=48, trace=300054, class=java.nio.HeapCharBuffer@500000a5)
OBJ 50002055 (sz=16, trace=301661, class=java.util.jar.Attributes@50000a75)
OBJ 50002056 (sz=48, trace=300204, class=java.util.HashMap@500000cb)
ARR 50002057 (sz=24, trace=300245, nelems=0, elem type=java.util.HashMap$Entry[]@50000054)
OBJ 50002058 (sz=32, trace=300246, class=java.util.HashMap$Entry@50000053)
OBJ 50002059 (sz=32, trace=301662, class=java.lang.String@50000036)
ARR 5000205a (sz=40, trace=301663, nelems=0, elem type=char[])
OBJ 5000205b (sz=32, trace=301664, class=java.lang.String@50000036)
ARR 5000205c (sz=72, trace=300219, nelems=0, elem type=char[])
OBJ 5000205d (sz=48, trace=300053, class=java.nio.HeapByteBuffer@50000087)
OBJ 5000205e (sz=48, trace=300054, class=java.nio.HeapCharBuffer@500000a5)
OBJ 5000205f (sz=24, trace=300250, class=java.util.jar.Attributes$Name@50000a8a)
OBJ 50002060 (sz=32, trace=300241, class=java.util.HashMap$Entry@50000053)
OBJ 50002061 (sz=32, trace=301660, class=java.lang.String@50000036)
	value		50002062
ARR 50002062 (sz=78, trace=300243, nelems=39, elem type=char[])
OBJ 50002063 (sz=48, trace=300053, class=java.nio.HeapByteBuffer@50000087)
OBJ 50002064 (sz=48, trace=300054, class=java.nio.HeapCharBuffer@500000a5)
OBJ 50002065 (sz=16, trace=301661, class=java.util.jar.Attributes@50000a75)
OBJ 50002066 (sz=48, trace=300204, class=java.util.HashMap@500000cb)
ARR 50002067 (sz=24, trace=300245, nelems=0, elem type=java.util.HashMap$Entry[]@50000054)
OBJ 50002068 (sz=32, trace=300246, class=java.util.HashMap$Entry@50000053)
OBJ 50002069 (sz=32, trace=301662, class=java.lang.String@50000036)
ARR 5000206a (sz=40, trace=301663, nelems=0, elem type=char[])
OBJ 5000206b (sz=32, trace=301664, class=java.lang.String@50000036)
ARR 5000206c (sz=72, trace=300219, nelems=0, elem type=char[])
OBJ 5000206d (sz=48, trace=300053, class=java.nio.HeapByteBuffer@50000087)
OBJ 5000206e (sz=48, trace=300054, class=java.nio.HeapCharBuffer@500000a5)
OBJ 5000206f (sz=24, trace=300250, class=java.util.jar.Attributes$Name@50000a8a)
OBJ 50002070 (sz=32, trace=300241, class=java.util.HashMap$Entry@50000053)
OBJ 50002071 (sz=32, trace=301660, class=java.lang.String@50000036)
	value		50002072
ARR 50002072 (sz=82, trace=300243, nelems=41, elem type=char[])
OBJ 50002073 (sz=48, trace=300053, class=java.nio.HeapByteBuffer@50000087)
OBJ 50002074 (sz=48, trace=300054, class=java.nio.HeapCharBuffer@500000a5)
OBJ 50002075 (sz=16, trace=301661, class=java.util.jar.Attributes@50000a75)
OBJ 50002076 (sz=48, trace=300204, class=java.util.HashMap@500000cb)
ARR 50002077 (sz=24, trace=300245, nelems=0, elem type=java.util.HashMap$Entry[]@50000054)
OBJ 50002078 (sz=32, trace=300246, class=java.util.HashMap$Entry@50000053)
OBJ 50002079 (sz=32, trace=301662, class=java.lang.String@50000036)
ARR 5000207a (sz=40, trace=301663, nelems=0, elem type=char[])
OBJ 5000207b (sz=32, trace=301664, class=java.lang.String@50000036)
ARR 5000207c (sz=72, trace=300219, nelems=0, elem type=char[])
OBJ 5000207d (sz=48, trace=300053, class=java.nio.HeapByteBuffer@50000087)
OBJ 5000207e (sz=48, trace=300054, class=java.nio.HeapCharBuffer@500000a5)
OBJ 5000207f (sz=24, trace=300250, class=java.util.jar.Attributes$Name@50000a8a)
OBJ 50002080 (sz=32, trace=300241, class=java.util.HashMap$Entry@50000053)
OBJ 50002081 (sz=32, trace=301660, class=java.lang.String@50000036)
	value		50002082
ARR 50002082 (sz=90, trace=300243, nelems=45, elem type=char[])
OBJ 50002083 (sz=48, trace=300053, class=java.nio.HeapByteBuffer@50000087)
OBJ 50002084 (sz=48, trace=300054, class=java.nio.HeapCharBuffer@500000a5)
OBJ 50002085 (sz=16, trace=301661, class=java.util.jar.Attributes@50000a75)
OBJ 50002086 (sz=48, trace=300204, class=java.util.HashMap@500000cb)
ARR 50002087 (sz=24, trace=300245, nelems=0, elem type=java.util.HashMap$Entry[]@50000054)
OBJ 50002088 (sz=32, trace=300246, class=java.util.HashMap$Entry@50000053)
OBJ 50002089 (sz=32, trace=301662, class=java.lang.String@50000036)
ARR 5000208a (sz=40, trace=301663, nelems=0, elem type=char[])
OBJ 5000208b (sz=32, trace=301664, class=java.lang.String@50000036)
ARR 5000208c (sz=72, trace=300219, nelems=0, elem type=char[])
OBJ 5000208d (sz=48, trace=300053, class=java.nio.HeapByteBuffer@50000087)
OBJ 5000208e (sz=48, trace=300054, class=java.nio.HeapCharBuffer@500000a5)
OBJ 5000208f (sz=24, trace=300250, class=java.util.jar.Attributes$Name@50000a8a)
OBJ 50002090 (sz=32, trace=300241, class=java.util.HashMap$Entry@50000053)
OBJ 50002091 (sz=32, trace=301660, class=java.lang.String@50000036)
	value		50002092
ARR 50002092 (sz=92, trace=300243, nelems=46, elem type=char[])
OBJ 50002093 (sz=48, trace=300053, class=java.nio.HeapByteBuffer@50000087)
OBJ 50002094 (sz=48, trace=300054, class=java.nio.HeapCharBuffer@500000a5)
OBJ 50002095 (sz=16, trace=301661, class=java.util.jar.Attributes@50000a75)
OBJ 50002096 (sz=48, trace=300204, class=java.util.HashMap@500000cb)
ARR 50002097 (sz=24, trace=300245, nelems=0, elem type=java.util.HashMap$Entry[]@50000054)
OBJ 50002098 (sz=32, trace=300246, class=java.util.HashMap$Entry@50000053)
OBJ 50002099 (sz=32, trace=301662, class=java.lang.String@50000036)
ARR 5000209a (sz=40, trace=301663, nelems=0, elem type=char[])
OBJ 5000209b (sz=32, trace=301664, class=java.lang.String@50000036)
ARR 5000209c (sz=72, trace=300219, nelems=0, elem type=char[])
OBJ 5000209d (sz=48, trace=300053, class=java.nio.HeapByteBuffer@50000087)
OBJ 5000209e (sz=48, trace=300054, class=java.nio.HeapCharBuffer@500000a5)
OBJ 5000209f (sz=24, trace=300250, class=java.util.jar.Attributes$Name@50000a8a)
OBJ 500020a0 (sz=32, trace=300241, class=java.util.HashMap$Entry@50000053)
OBJ 500020a1 (sz=32, trace=301660, class=java.lang.String@50000036)
	value		500020a2
ARR 500020a2 (sz=102, trace=300243, nelems=51, elem type=char[])
OBJ 500020a3 (sz=48, trace=300053, class=java.nio.HeapByteBuffer@50000087)
OBJ 500020a4 (sz=48, trace=300054, class=java.nio.HeapCharBuffer@500000a5)
OBJ 500020a5 (sz=16, trace=301661, class=java.util.jar.Attributes@50000a75)
OBJ 500020a6 (sz=48, trace=300204, class=java.util.HashMap@500000cb)
ARR 500020a7 (sz=24, trace=300245, nelems=0, elem type=java.util.HashMap$Entry[]@50000054)
OBJ 500020a8 (sz=32, trace=300246, class=java.util.HashMap$Entry@50000053)
OBJ 500020a9 (sz=32, trace=301662, class=java.lang.String@50000036)
ARR 500020aa (sz=40, trace=301663, nelems=0, elem type=char[])
OBJ 500020ab (sz=32, trace=301664, class=java.lang.String@50000036)
ARR 500020ac (sz=72, trace=300219, nelems=0, elem type=char[])
OBJ 500020ad (sz=48, trace=300053, class=java.nio.HeapByteBuffer@50000087)
OBJ 500020ae (sz=48, trace=300054, class=java.nio.HeapCharBuffer@500000a5)
OBJ 500020af (sz=24, trace=300250, class=java.util.jar.Attributes$Name@50000a8a)
OBJ 500020b0 (sz=32, trace=300241, class=java.util.HashMap$Entry@50000053)
OBJ 500020b1 (sz=32, trace=301660, class=java.lang.String@50000036)
	value		500020b2
ARR 500020b2 (sz=108, trace=300243, nelems=54, elem type=char[])
OBJ 500020b3 (sz=48, trace=300053, class=java.nio.HeapByteBuffer@50000087)
OBJ 500020b4 (sz=48, trace=300054, class=java.nio.HeapCharBuffer@500000a5)
OBJ 500020b5 (sz=16, trace=301661, class=java.util.jar.Attributes@50000a75)
OBJ 500020b6 (sz=48, trace=300204, class=java.util.HashMap@500000cb)
ARR 500020b7 (sz=24, trace=300245, nelems=0, elem type=java.util.HashMap$Entry[]@50000054)
OBJ 500020b8 (sz=32, trace=300246, class=java.util.HashMap$Entry@50000053)
OBJ 500020b9 (sz=32, trace=301662, class=java.lang.String@50000036)
ARR 500020ba (sz=40, trace=301663, nelems=0, elem type=char[])
OBJ 500020bb (sz=32, trace=301664, class=java.lang.String@50000036)
ARR 500020bc (sz=72, trace=300219, nelems=0, elem type=char[])
OBJ 500020bd (sz=48, trace=300053, class=java.nio.HeapByteBuffer@50000087)
OBJ 500020be (sz=48, trace=300054, class=java.nio.HeapCharBuffer@500000a5)
OBJ 500020bf (sz=24, trace=300250, class=java.util.jar.Attributes$Name@50000a8a)
OBJ 500020c0 (sz=32, trace=300241, class=java.util.HashMap$Entry@50000053)
OBJ 500020c1 (sz=32, trace=301660, class=java.lang.String@50000036)
	value		500020c2
ARR 500020c2 (sz=106, trace=300243, nelems=53, elem type=char[])
OBJ 500020c3 (sz=48, trace=300053, class=java.nio.HeapByteBuffer@50000087)
OBJ 500020c4 (sz=48, trace=300054, class=java.nio.HeapCharBuffer@500000a5)
OBJ 500020c5 (sz=16, trace=301661, class=java.util.jar.Attributes@50000a75)
OBJ 500020c6 (sz=48, trace=300204, class=java.util.HashMap@500000cb)
ARR 500020c7 (sz=24, trace=300245, nelems=0, elem type=java.util.HashMap$Entry[]@50000054)
OBJ 500020c8 (sz=32, trace=300246, class=java.util.HashMap$Entry@50000053)
OBJ 500020c9 (sz=32, trace=301662, class=java.lang.String@50000036)
ARR 500020ca (sz=40, trace=301663, nelems=0, elem type=char[])
OBJ 500020cb (sz=32, trace=301664, class=java.lang.String@50000036)
ARR 500020cc (sz=72, trace=300219, nelems=0, elem type=char[])
OBJ 500020cd (sz=48, trace=300053, class=java.nio.HeapByteBuffer@50000087)
OBJ 500020ce (sz=48, trace=300054, class=java.nio.HeapCharBuffer@500000a5)
OBJ 500020cf (sz=24, trace=300250, class=java.util.jar.Attributes$Name@50000a8a)
OBJ 500020d0 (sz=32, trace=300241, class=java.util.HashMap$Entry@50000053)
OBJ 500020d1 (sz=32, trace=301660, class=java.lang.String@50000036)
ARR 500020d2 (sz=144, trace=300243, nelems=0, elem type=char[])
OBJ 500020d3 (sz=48, trace=300053, class=java.nio.HeapByteBuffer@50000087)
OBJ 500020d4 (sz=48, trace=300054, class=java.nio.HeapCharBuffer@500000a5)
ARR 500020d5 (sz=80, trace=301665, nelems=0, elem type=byte[])
ARR 500020d6 (sz=88, trace=301666, nelems=0, elem type=byte[])
OBJ 500020d7 (sz=32, trace=301667, class=java.lang.String@50000036)
	value		500020d8
ARR 500020d8 (sz=138, trace=300254, nelems=69, elem type=char[])
OBJ 500020d9 (sz=48, trace=300053, class=java.nio.HeapByteBuffer@50000087)
OBJ 500020da (sz=48, trace=300054, class=java.nio.HeapCharBuffer@500000a5)
OBJ 500020db (sz=16, trace=301661, class=java.util.jar.Attributes@50000a75)
OBJ 500020dc (sz=48, trace=300204, class=java.util.HashMap@500000cb)
ARR 500020dd (sz=24, trace=300245, nelems=0, elem type=java.util.HashMap$Entry[]@50000054)
OBJ 500020de (sz=32, trace=300246, class=java.util.HashMap$Entry@50000053)
OBJ 500020df (sz=32, trace=301662, class=java.lang.String@50000036)
ARR 500020e0 (sz=40, trace=301663, nelems=0, elem type=char[])
OBJ 500020e1 (sz=32, trace=301664, class=java.lang.String@50000036)
ARR 500020e2 (sz=72, trace=300219, nelems=0, elem type=char[])
OBJ 500020e3 (sz=48, trace=300053, class=java.nio.HeapByteBuffer@50000087)
OBJ 500020e4 (sz=48, trace=300054, class=java.nio.HeapCharBuffer@500000a5)
OBJ 500020e5 (sz=24, trace=300250, class=java.util.jar.Attributes$Name@50000a8a)
OBJ 500020e6 (sz=32, trace=300241, class=java.util.HashMap$Entry@50000053)
OBJ 500020e7 (sz=32, trace=301660, class=java.lang.String@50000036)
ARR 500020e8 (sz=144, trace=300243, nelems=0, elem type=char[])
OBJ 500020e9 (sz=48, trace=300053, class=java.nio.HeapByteBuffer@50000087)
OBJ 500020ea (sz=48, trace=300054, class=java.nio.HeapCharBuffer@500000a5)
ARR 500020eb (sz=80, trace=301665, nelems=0, elem type=byte[])
ARR 500020ec (sz=88, trace=301666, nelems=0, elem type=byte[])
OBJ 500020ed (sz=32, trace=301667, class=java.lang.String@50000036)
	value		500020ee
ARR 500020ee (sz=134, trace=300254, nelems=67, elem type=char[])
OBJ 500020ef (sz=48, trace=300053, class=java.nio.HeapByteBuffer@50000087)
OBJ 500020f0 (sz=48, trace=300054, class=java.nio.HeapCharBuffer@500000a5)
OBJ 500020f1 (sz=16, trace=301661, class=java.util.jar.Attributes@50000a75)
OBJ 500020f2 (sz=48, trace=300204, class=java.util.HashMap@500000cb)
ARR 500020f3 (sz=24, trace=300245, nelems=0, elem type=java.util.HashMap$Entry[]@50000054)
OBJ 500020f4 (sz=32, trace=300246, class=java.util.HashMap$Entry@50000053)
OBJ 500020f5 (sz=32, trace=301662, class=java.lang.String@50000036)
ARR 500020f6 (sz=40, trace=301663, nelems=0, elem type=char[])
OBJ 500020f7 (sz=32, trace=301664, class=java.lang.String@50000036)
ARR 500020f8 (sz=72, trace=300219, nelems=0, elem type=char[])
OBJ 500020f9 (sz=48, trace=300053, class=java.nio.HeapByteBuffer@50000087)
OBJ 500020fa (sz=48, trace=300054, class=java.nio.HeapCharBuffer@500000a5)
OBJ 500020fb (sz=24, trace=300250, class=java.util.jar.Attributes$Name@50000a8a)
OBJ 500020fc (sz=32, trace=300241, class=java.util.HashMap$Entry@50000053)
OBJ 500020fd (sz=32, trace=301660, class=java.lang.String@50000036)
	value		500020fe
ARR 500020fe (sz=74, trace=300243, nelems=37, elem type=char[])
OBJ 500020ff (sz=48, trace=300053, class=java.nio.HeapByteBuffer@50000087)
OBJ 50002100 (sz=48, trace=300054, class=java.nio.HeapCharBuffer@500000a5)
OBJ 50002101 (sz=16, trace=301661, class=java.util.jar.Attributes@50000a75)
OBJ 50002102 (sz=48, trace=300204, class=java.util.HashMap@500000cb)
ARR 50002103 (sz=24, trace=300245, nelems=0, elem type=java.util.HashMap$Entry[]@50000054)
OBJ 50002104 (sz=32, trace=300246, class=java.util.HashMap$Entry@50000053)
ARR 50002105 (sz=272, trace=300255, nelems=0, elem type=java.util.HashMap$Entry[]@50000054)
OBJ 50002106 (sz=32, trace=301662, class=java.lang.String@50000036)
ARR 50002107 (sz=40, trace=301663, nelems=0, elem type=char[])
OBJ 50002108 (sz=32, trace=301664, class=java.lang.String@50000036)
ARR 50002109 (sz=72, trace=300219, nelems=0, elem type=char[])
OBJ 5000210a (sz=48, trace=300053, class=java.nio.HeapByteBuffer@50000087)
OBJ 5000210b (sz=48, trace=300054, class=java.nio.HeapCharBuffer@500000a5)
OBJ 5000210c (sz=24, trace=300250, class=java.util.jar.Attributes$Name@50000a8a)
OBJ 5000210d (sz=32, trace=300241, class=java.util.HashMap$Entry@50000053)
OBJ 5000210e (sz=32, trace=301660, class=java.lang.String@50000036)
	value		5000210f
ARR 5000210f (sz=96, trace=300243, nelems=48, elem type=char[])
OBJ 50002110 (sz=48, trace=300053, class=java.nio.HeapByteBuffer@50000087)
OBJ 50002111 (sz=48, trace=300054, class=java.nio.HeapCharBuffer@500000a5)
OBJ 50002112 (sz=16, trace=301661, class=java.util.jar.Attributes@50000a75)
OBJ 50002113 (sz=48, trace=300204, class=java.util.HashMap@500000cb)
ARR 50002114 (sz=24, trace=300245, nelems=0, elem type=java.util.HashMap$Entry[]@50000054)
OBJ 50002115 (sz=32, trace=300246, class=java.util.HashMap$Entry@50000053)
OBJ 50002116 (sz=32, trace=301662, class=java.lang.String@50000036)
ARR 50002117 (sz=40, trace=301663, nelems=0, elem type=char[])
OBJ 50002118 (sz=32, trace=301664, class=java.lang.String@50000036)
ARR 50002119 (sz=72, trace=300219, nelems=0, elem type=char[])
OBJ 5000211a (sz=48, trace=300053, class=java.nio.HeapByteBuffer@50000087)
OBJ 5000211b (sz=48, trace=300054, class=java.nio.HeapCharBuffer@500000a5)
OBJ 5000211c (sz=24, trace=300250, class=java.util.jar.Attributes$Name@50000a8a)
OBJ 5000211d (sz=32, trace=300241, class=java.util.HashMap$Entry@50000053)
OBJ 5000211e (sz=32, trace=301660, class=java.lang.String@50000036)
	value		5000211f
ARR 5000211f (sz=98, trace=300243, nelems=49, elem type=char[])
OBJ 50002120 (sz=48, trace=300053, class=java.nio.HeapByteBuffer@50000087)
OBJ 50002121 (sz=48, trace=300054, class=java.nio.HeapCharBuffer@500000a5)
OBJ 50002122 (sz=16, trace=301661, class=java.util.jar.Attributes@50000a75)
OBJ 50002123 (sz=48, trace=300204, class=java.util.HashMap@500000cb)
ARR 50002124 (sz=24, trace=300245, nelems=0, elem type=java.util.HashMap$Entry[]@50000054)
OBJ 50002125 (sz=32, trace=300246, class=java.util.HashMap$Entry@50000053)
OBJ 50002126 (sz=32, trace=301662, class=java.lang.String@50000036)
ARR 50002127 (sz=40, trace=301663, nelems=0, elem type=char[])
OBJ 50002128 (sz=32, trace=301664, class=java.lang.String@50000036)
ARR 50002129 (sz=72, trace=300219, nelems=0, elem type=char[])
OBJ 5000212a (sz=48, trace=300053, class=java.nio.HeapByteBuffer@50000087)
OBJ 5000212b (sz=48, trace=300054, class=java.nio.HeapCharBuffer@500000a5)
OBJ 5000212c (sz=24, trace=300250, class=java.util.jar.Attributes$Name@50000a8a)
OBJ 5000212d (sz=32, trace=300241, class=java.util.HashMap$Entry@50000053)
OBJ 5000212e (sz=32, trace=301660, class=java.lang.String@50000036)
ARR 5000212f (sz=144, trace=300243, nelems=0, elem type=char[])
OBJ 50002130 (sz=48, trace=300053, class=java.nio.HeapByteBuffer@50000087)
OBJ 50002131 (sz=48, trace=300054, class=java.nio.HeapCharBuffer@500000a5)
ARR 50002132 (sz=80, trace=301665, nelems=0, elem type=byte[])
ARR 50002133 (sz=88, trace=301666, nelems=0, elem type=byte[])
OBJ 50002134 (sz=32, trace=301667, class=java.lang.String@50000036)
	value		50002135
ARR 50002135 (sz=132, trace=300254, nelems=66, elem type=char[])
OBJ 50002136 (sz=48, trace=300053, class=java.nio.HeapByteBuffer@50000087)
OBJ 50002137 (sz=48, trace=300054, class=java.nio.HeapCharBuffer@500000a5)
OBJ 50002138 (sz=16, trace=301661, class=java.util.jar.Attributes@50000a75)
OBJ 50002139 (sz=48, trace=300204, class=java.util.HashMap@500000cb)
ARR 5000213a (sz=24, trace=300245, nelems=0, elem type=java.util.HashMap$Entry[]@50000054)
OBJ 5000213b (sz=32, trace=300246, class=java.util.HashMap$Entry@50000053)
OBJ 5000213c (sz=32, trace=301662, class=java.lang.String@50000036)
ARR 5000213d (sz=40, trace=301663, nelems=0, elem type=char[])
OBJ 5000213e (sz=32, trace=301664, class=java.lang.String@50000036)
ARR 5000213f (sz=72, trace=300219, nelems=0, elem type=char[])
OBJ 50002140 (sz=48, trace=300053, class=java.nio.HeapByteBuffer@50000087)
OBJ 50002141 (sz=48, trace=300054, class=java.nio.HeapCharBuffer@500000a5)
OBJ 50002142 (sz=24, trace=300250, class=java.util.jar.Attributes$Name@50000a8a)
OBJ 50002143 (sz=32, trace=300241, class=java.util.HashMap$Entry@50000053)
OBJ 50002144 (sz=32, trace=301660, class=java.lang.String@50000036)
	value		50002145
ARR 50002145 (sz=98, trace=300243, nelems=49, elem type=char[])
OBJ 50002146 (sz=48, trace=300053, class=java.nio.HeapByteBuffer@50000087)
OBJ 50002147 (sz=48, trace=300054, class=java.nio.HeapCharBuffer@500000a5)
OBJ 50002148 (sz=16, trace=301661, class=java.util.jar.Attributes@50000a75)
OBJ 50002149 (sz=48, trace=300204, class=java.util.HashMap@500000cb)
ARR 5000214a (sz=24, trace=300245, nelems=0, elem type=java.util.HashMap$Entry[]@50000054)
OBJ 5000214b (sz=32, trace=300246, class=java.util.HashMap$Entry@50000053)
OBJ 5000214c (sz=32, trace=301662, class=java.lang.String@50000036)
ARR 5000214d (sz=40, trace=301663, nelems=0, elem type=char[])
OBJ 5000214e (sz=32, trace=301664, class=java.lang.String@50000036)
ARR 5000214f (sz=72, trace=300219, nelems=0, elem type=char[])
OBJ 50002150 (sz=48, trace=300053, class=java.nio.HeapByteBuffer@50000087)
OBJ 50002151 (sz=48, trace=300054, class=java.nio.HeapCharBuffer@500000a5)
OBJ 50002152 (sz=24, trace=300250, class=java.util.jar.Attributes$Name@50000a8a)
OBJ 50002153 (sz=32, trace=300241, class=java.util.HashMap$Entry@50000053)
OBJ 50002154 (sz=32, trace=301660, class=java.lang.String@50000036)
	value		50002155
ARR 50002155 (sz=124, trace=300243, nelems=62, elem type=char[])
OBJ 50002156 (sz=48, trace=300053, class=java.nio.HeapByteBuffer@50000087)
OBJ 50002157 (sz=48, trace=300054, class=java.nio.HeapCharBuffer@500000a5)
OBJ 50002158 (sz=16, trace=301661, class=java.util.jar.Attributes@50000a75)
OBJ 50002159 (sz=48, trace=300204, class=java.util.HashMap@500000cb)
ARR 5000215a (sz=24, trace=300245, nelems=0, elem type=java.util.HashMap$Entry[]@50000054)
OBJ 5000215b (sz=32, trace=300246, class=java.util.HashMap$Entry@50000053)
OBJ 5000215c (sz=32, trace=301662, class=java.lang.String@50000036)
ARR 5000215d (sz=40, trace=301663, nelems=0, elem type=char[])
OBJ 5000215e (sz=32, trace=301664, class=java.lang.String@50000036)
ARR 5000215f (sz=72, trace=300219, nelems=0, elem type=char[])
OBJ 50002160 (sz=48, trace=300053, class=java.nio.HeapByteBuffer@50000087)
OBJ 50002161 (sz=48, trace=300054, class=java.nio.HeapCharBuffer@500000a5)
OBJ 50002162 (sz=24, trace=300250, class=java.util.jar.Attributes$Name@50000a8a)
OBJ 50002163 (sz=32, trace=300241, class=java.util.HashMap$Entry@50000053)
OBJ 50002164 (sz=32, trace=301660, class=java.lang.String@50000036)
ARR 50002165 (sz=56, trace=300243, nelems=0, elem type=char[])
OBJ 50002166 (sz=48, trace=300053, class=java.nio.HeapByteBuffer@50000087)
OBJ 50002167 (sz=48, trace=300054, class=java.nio.HeapCharBuffer@500000a5)
OBJ 50002168 (sz=16, trace=301661, class=java.util.jar.Attributes@50000a75)
OBJ 50002169 (sz=48, trace=300204, class=java.util.HashMap@500000cb)
ARR 5000216a (sz=24, trace=300245, nelems=0, elem type=java.util.HashMap$Entry[]@50000054)
OBJ 5000216b (sz=32, trace=300246, class=java.util.HashMap$Entry@50000053)
OBJ 5000216c (sz=32, trace=301662, class=java.lang.String@50000036)
ARR 5000216d (sz=40, trace=301663, nelems=0, elem type=char[])
OBJ 5000216e (sz=32, trace=301664, class=java.lang.String@50000036)
ARR 5000216f (sz=72, trace=300219, nelems=0, elem type=char[])
OBJ 50002170 (sz=48, trace=300053, class=java.nio.HeapByteBuffer@50000087)
OBJ 50002171 (sz=48, trace=300054, class=java.nio.HeapCharBuffer@500000a5)
OBJ 50002172 (sz=24, trace=300250, class=java.util.jar.Attributes$Name@50000a8a)
OBJ 50002173 (sz=32, trace=300241, class=java.util.HashMap$Entry@50000053)
OBJ 50002174 (sz=32, trace=300067, class=java.util.Vector@50000004)
ARR 50002175 (sz=56, trace=301668, nelems=0, elem type=java.lang.Object[]@500000ac)
OBJ 50002176 (sz=24, trace=301669, class=java.lang.StringBuilder@5000004d)
ARR 50002177 (sz=48, trace=301670, nelems=0, elem type=char[])
OBJ 50002178 (sz=32, trace=301671, class=java.lang.String@50000036)
ARR 50002179 (sz=40, trace=301672, nelems=0, elem type=char[])
ARR 5000217e (sz=40, trace=301675, nelems=5, elem type=sun.security.jca.ServiceId[]@5000217d)
	[0]		5000217f
	[1]		50002180
	[2]		50002181
	[3]		50002182
	[4]		50002183
OBJ 5000217f (sz=24, trace=301676, class=sun.security.jca.ServiceId@5000217c)
	type		50003af8
	algorithm	50003e63
OBJ 50002180 (sz=24, trace=301677, class=sun.security.jca.ServiceId@5000217c)
	type		50003afe
	algorithm	50003e64
OBJ 50002181 (sz=24, trace=301678, class=sun.security.jca.ServiceId@5000217c)
	type		50003afe
	algorithm	50003e65
OBJ 50002182 (sz=24, trace=301679, class=sun.security.jca.ServiceId@5000217c)
	type		50003afe
	algorithm	50003e66
OBJ 50002183 (sz=24, trace=301680, class=sun.security.jca.ServiceId@5000217c)
	type		50003afe
	algorithm	50003aaa
OBJ 50002185 (sz=24, trace=301682, class=java.util.Arrays$ArrayList@50002184)
	a		5000217e
OBJ 50002186 (sz=48, trace=301683, class=java.util.concurrent.ConcurrentHashMap@50000062)
	segments	50002187
ARR 50002187 (sz=80, trace=301684, nelems=16, elem type=java.util.concurrent.ConcurrentHashMap$Segment[]@5000010b)
	[0]		50002188
	[1]		5000218b
	[2]		5000218e
	[3]		50002191
	[4]		50002194
	[5]		50002197
	[6]		5000219a
	[7]		5000219d
	[8]		500021a0
	[9]		500021a3
	[10]		500021a6
	[11]		500021a9
	[12]		500021ac
	[13]		500021af
	[14]		500021b2
	[15]		500021b5
OBJ 50002188 (sz=40, trace=300503, class=java.util.concurrent.ConcurrentHashMap$Segment@5000010a)
	sync		50002189
	table		5000218a
OBJ 50002189 (sz=32, trace=300504, class=java.util.concurrent.locks.ReentrantLock$NonfairSync@50000100)
ARR 5000218a (sz=24, trace=300505, nelems=0, elem type=java.util.concurrent.ConcurrentHashMap$HashEntry[]@500000f5)
OBJ 5000218b (sz=40, trace=300503, class=java.util.concurrent.ConcurrentHashMap$Segment@5000010a)
	sync		5000218c
	table		5000218d
OBJ 5000218c (sz=32, trace=300504, class=java.util.concurrent.locks.ReentrantLock$NonfairSync@50000100)
ARR 5000218d (sz=24, trace=300505, nelems=0, elem type=java.util.concurrent.ConcurrentHashMap$HashEntry[]@500000f5)
OBJ 5000218e (sz=40, trace=300503, class=java.util.concurrent.ConcurrentHashMap$Segment@5000010a)
	sync		5000218f
	table		50002190
OBJ 5000218f (sz=32, trace=300504, class=java.util.concurrent.locks.ReentrantLock$NonfairSync@50000100)
ARR 50002190 (sz=24, trace=300505, nelems=0, elem type=java.util.concurrent.ConcurrentHashMap$HashEntry[]@500000f5)
OBJ 50002191 (sz=40, trace=300503, class=java.util.concurrent.ConcurrentHashMap$Segment@5000010a)
	sync		50002192
	table		50002193
OBJ 50002192 (sz=32, trace=300504, class=java.util.concurrent.locks.ReentrantLock$NonfairSync@50000100)
ARR 50002193 (sz=24, trace=300505, nelems=1, elem type=java.util.concurrent.ConcurrentHashMap$HashEntry[]@500000f5)
	[0]		500021c2
OBJ 50002194 (sz=40, trace=300503, class=java.util.concurrent.ConcurrentHashMap$Segment@5000010a)
	sync		50002195
	table		50002196
OBJ 50002195 (sz=32, trace=300504, class=java.util.concurrent.locks.ReentrantLock$NonfairSync@50000100)
ARR 50002196 (sz=24, trace=300505, nelems=0, elem type=java.util.concurrent.ConcurrentHashMap$HashEntry[]@500000f5)
OBJ 50002197 (sz=40, trace=300503, class=java.util.concurrent.ConcurrentHashMap$Segment@5000010a)
	sync		50002198
	table		50002199
OBJ 50002198 (sz=32, trace=300504, class=java.util.concurrent.locks.ReentrantLock$NonfairSync@50000100)
ARR 50002199 (sz=24, trace=300505, nelems=0, elem type=java.util.concurrent.ConcurrentHashMap$HashEntry[]@500000f5)
OBJ 5000219a (sz=40, trace=300503, class=java.util.concurrent.ConcurrentHashMap$Segment@5000010a)
	sync		5000219b
	table		5000219c
OBJ 5000219b (sz=32, trace=300504, class=java.util.concurrent.locks.ReentrantLock$NonfairSync@50000100)
ARR 5000219c (sz=24, trace=300505, nelems=0, elem type=java.util.concurrent.ConcurrentHashMap$HashEntry[]@500000f5)
OBJ 5000219d (sz=40, trace=300503, class=java.util.concurrent.ConcurrentHashMap$Segment@5000010a)
	sync		5000219e
	table		5000219f
OBJ 5000219e (sz=32, trace=300504, class=java.util.concurrent.locks.ReentrantLock$NonfairSync@50000100)
ARR 5000219f (sz=24, trace=300505, nelems=0, elem type=java.util.concurrent.ConcurrentHashMap$HashEntry[]@500000f5)
OBJ 500021a0 (sz=40, trace=300503, class=java.util.concurrent.ConcurrentHashMap$Segment@5000010a)
	sync		500021a1
	table		500021a2
OBJ 500021a1 (sz=32, trace=300504, class=java.util.concurrent.locks.ReentrantLock$NonfairSync@50000100)
ARR 500021a2 (sz=24, trace=300505, nelems=1, elem type=java.util.concurrent.ConcurrentHashMap$HashEntry[]@500000f5)
	[0]		500021bd
OBJ 500021a3 (sz=40, trace=300503, class=java.util.concurrent.ConcurrentHashMap$Segment@5000010a)
	sync		500021a4
	table		500021a5
OBJ 500021a4 (sz=32, trace=300504, class=java.util.concurrent.locks.ReentrantLock$NonfairSync@50000100)
ARR 500021a5 (sz=24, trace=300505, nelems=1, elem type=java.util.concurrent.ConcurrentHashMap$HashEntry[]@500000f5)
	[0]		500021be
OBJ 500021a6 (sz=40, trace=300503, class=java.util.concurrent.ConcurrentHashMap$Segment@5000010a)
	sync		500021a7
	table		500021a8
OBJ 500021a7 (sz=32, trace=300504, class=java.util.concurrent.locks.ReentrantLock$NonfairSync@50000100)
ARR 500021a8 (sz=24, trace=300505, nelems=1, elem type=java.util.concurrent.ConcurrentHashMap$HashEntry[]@500000f5)
	[0]		500021ba
OBJ 500021a9 (sz=40, trace=300503, class=java.util.concurrent.ConcurrentHashMap$Segment@5000010a)
	sync		500021aa
	table		500021ab
OBJ 500021aa (sz=32, trace=300504, class=java.util.concurrent.locks.ReentrantLock$NonfairSync@50000100)
ARR 500021ab (sz=24, trace=300505, nelems=0, elem type=java.util.concurrent.ConcurrentHashMap$HashEntry[]@500000f5)
OBJ 500021ac (sz=40, trace=300503, class=java.util.concurrent.ConcurrentHashMap$Segment@5000010a)
	sync		500021ad
	table		500021c3
OBJ 500021ad (sz=32, trace=300504, class=java.util.concurrent.locks.ReentrantLock$NonfairSync@50000100)
ARR 500021ae (sz=24, trace=300505, nelems=0, elem type=java.util.concurrent.ConcurrentHashMap$HashEntry[]@500000f5)
OBJ 500021af (sz=40, trace=300503, class=java.util.concurrent.ConcurrentHashMap$Segment@5000010a)
	sync		500021b0
	table		500021bb
OBJ 500021b0 (sz=32, trace=300504, class=java.util.concurrent.locks.ReentrantLock$NonfairSync@50000100)
ARR 500021b1 (sz=24, trace=300505, nelems=0, elem type=java.util.concurrent.ConcurrentHashMap$HashEntry[]@500000f5)
OBJ 500021b2 (sz=40, trace=300503, class=java.util.concurrent.ConcurrentHashMap$Segment@5000010a)
	sync		500021b3
	table		500021b4
OBJ 500021b3 (sz=32, trace=300504, class=java.util.concurrent.locks.ReentrantLock$NonfairSync@50000100)
ARR 500021b4 (sz=24, trace=300505, nelems=0, elem type=java.util.concurrent.ConcurrentHashMap$HashEntry[]@500000f5)
OBJ 500021b5 (sz=40, trace=300503, class=java.util.concurrent.ConcurrentHashMap$Segment@5000010a)
	sync		500021b6
	table		500021b7
OBJ 500021b6 (sz=32, trace=300504, class=java.util.concurrent.locks.ReentrantLock$NonfairSync@50000100)
ARR 500021b7 (sz=24, trace=300505, nelems=1, elem type=java.util.concurrent.ConcurrentHashMap$HashEntry[]@500000f5)
	[0]		500021c1
OBJ 500021b8 (sz=32, trace=301685, class=java.util.concurrent.ConcurrentHashMap$HashEntry@500000f4)
	key		50003b8d
	value		500032dc
OBJ 500021b9 (sz=32, trace=301686, class=java.util.concurrent.ConcurrentHashMap$HashEntry@500000f4)
	key		50003c13
	value		500032dc
OBJ 500021ba (sz=32, trace=301687, class=java.util.concurrent.ConcurrentHashMap$HashEntry@500000f4)
	key		50003e67
	value		500032dc
ARR 500021bb (sz=24, trace=301688, nelems=1, elem type=java.util.concurrent.ConcurrentHashMap$HashEntry[]@500000f5)
	[0]		500021bc
OBJ 500021bc (sz=32, trace=301689, class=java.util.concurrent.ConcurrentHashMap$HashEntry@500000f4)
	key		50003e68
	value		500032dc
	next		500021b8
OBJ 500021bd (sz=32, trace=301690, class=java.util.concurrent.ConcurrentHashMap$HashEntry@500000f4)
	key		50003e69
	value		500032dc
OBJ 500021be (sz=32, trace=301691, class=java.util.concurrent.ConcurrentHashMap$HashEntry@500000f4)
	key		50003e6a
	value		500032dc
ARR 500021bf (sz=24, trace=301688, nelems=0, elem type=java.util.concurrent.ConcurrentHashMap$HashEntry[]@500000f5)
OBJ 500021c0 (sz=32, trace=301692, class=java.util.concurrent.ConcurrentHashMap$HashEntry@500000f4)
	key		50003e6b
	value		500032dc
OBJ 500021c1 (sz=32, trace=301693, class=java.util.concurrent.ConcurrentHashMap$HashEntry@500000f4)
	key		50003e6c
	value		500032dc
OBJ 500021c2 (sz=32, trace=301694, class=java.util.concurrent.ConcurrentHashMap$HashEntry@500000f4)
	key		50003e6d
	value		500032dc
ARR 500021c3 (sz=32, trace=301688, nelems=3, elem type=java.util.concurrent.ConcurrentHashMap$HashEntry[]@500000f5)
	[1]		500021c0
	[2]		500021c4
OBJ 500021c4 (sz=32, trace=301695, class=java.util.concurrent.ConcurrentHashMap$HashEntry@500000f4)
	key		50003e6e
	value		500032dc
	next		500021b9
OBJ 500021c5 (sz=48, trace=301390, class=sun.security.jca.ProviderList$ServiceList@50001aa0)
OBJ 500021c6 (sz=24, trace=301696, class=sun.security.jca.ProviderList$ServiceList$1@50001aa2)
OBJ 500021c7 (sz=24, trace=301393, class=java.security.Provider$ServiceKey@50000e7a)
ARR 500021c8 (sz=40, trace=301697, nelems=0, elem type=char[])
OBJ 500021c9 (sz=32, trace=301090, class=java.lang.String@50000036)
OBJ 500021cb (sz=48, trace=301699, class=java.security.Signature$Delegate@500021ca)
OBJ 500021cc (sz=16, trace=301700, class=java.lang.Object@500000ab)
ARR 500021ce (sz=24, trace=301701, nelems=0, elem type=java.security.Principal[]@500021cd)
OBJ 500021cf (sz=24, trace=301702, class=sun.security.x509.X509AttributeName@50001c28)
OBJ 500021d0 (sz=32, trace=301602, class=java.lang.String@50000036)
OBJ 500021d1 (sz=32, trace=301603, class=java.lang.String@50000036)
OBJ 500021d2 (sz=24, trace=301702, class=sun.security.x509.X509AttributeName@50001c28)
OBJ 500021d3 (sz=32, trace=301602, class=java.lang.String@50000036)
OBJ 500021d4 (sz=32, trace=301603, class=java.lang.String@50000036)
OBJ 500021d5 (sz=24, trace=301703, class=sun.security.x509.X509AttributeName@50001c28)
OBJ 500021d6 (sz=32, trace=301602, class=java.lang.String@50000036)
OBJ 500021d7 (sz=32, trace=301603, class=java.lang.String@50000036)
OBJ 500021d8 (sz=24, trace=301704, class=java.lang.StringBuilder@5000004d)
ARR 500021d9 (sz=112, trace=301705, nelems=0, elem type=char[])
OBJ 500021da (sz=24, trace=301706, class=java.lang.StringBuilder@5000004d)
ARR 500021db (sz=96, trace=301707, nelems=0, elem type=char[])
OBJ 500021dd (sz=48, trace=301709, class=java.util.HashMap@500000cb)
	table		5000220c
ARR 500021de (sz=80, trace=301710, nelems=0, elem type=java.util.HashMap$Entry[]@50000054)
OBJ 500021df (sz=48, trace=301711, class=java.util.HashMap@500000cb)
	table		50002206
ARR 500021e0 (sz=80, trace=301712, nelems=0, elem type=java.util.HashMap$Entry[]@50000054)
OBJ 500021e1 (sz=24, trace=301713, class=sun.security.x509.AVAKeyword@500021dc)
	keyword		50003315
	oid		5000190f
OBJ 500021e2 (sz=32, trace=301714, class=java.util.HashMap$Entry@50000053)
	key		5000190f
	value		500021e1
	next		500021ff
OBJ 500021e3 (sz=32, trace=301715, class=java.util.HashMap$Entry@50000053)
	key		50003315
	value		500021e1
OBJ 500021e4 (sz=24, trace=301716, class=sun.security.x509.AVAKeyword@500021dc)
	keyword		50003c75
	oid		50001913
OBJ 500021e5 (sz=32, trace=301714, class=java.util.HashMap$Entry@50000053)
	key		50001913
	value		500021e4
OBJ 500021e6 (sz=32, trace=301715, class=java.util.HashMap$Entry@50000053)
	key		50003c75
	value		500021e4
	next		500021fa
OBJ 500021e7 (sz=24, trace=301717, class=sun.security.x509.AVAKeyword@500021dc)
	keyword		50003c76
	oid		50001915
OBJ 500021e8 (sz=32, trace=301714, class=java.util.HashMap$Entry@50000053)
	key		50001915
	value		500021e7
OBJ 500021e9 (sz=32, trace=301715, class=java.util.HashMap$Entry@50000053)
	key		50003c76
	value		500021e7
	next		50002200
OBJ 500021ea (sz=24, trace=301718, class=sun.security.x509.AVAKeyword@500021dc)
	keyword		50003c77
	oid		5000191b
OBJ 500021eb (sz=32, trace=301714, class=java.util.HashMap$Entry@50000053)
	key		5000191b
	value		500021ed
OBJ 500021ec (sz=32, trace=301715, class=java.util.HashMap$Entry@50000053)
	key		50003c77
	value		500021ea
OBJ 500021ed (sz=24, trace=301719, class=sun.security.x509.AVAKeyword@500021dc)
	keyword		50003c78
	oid		5000191b
OBJ 500021ee (sz=32, trace=301715, class=java.util.HashMap$Entry@50000053)
	key		50003c78
	value		500021ed
	next		50002203
OBJ 500021ef (sz=24, trace=301720, class=sun.security.x509.AVAKeyword@500021dc)
	keyword		50003c79
	oid		50001917
OBJ 500021f0 (sz=32, trace=301714, class=java.util.HashMap$Entry@50000053)
	key		50001917
	value		500021ef
OBJ 500021f1 (sz=32, trace=301715, class=java.util.HashMap$Entry@50000053)
	key		50003c79
	value		500021ef
	next		500021f4
OBJ 500021f2 (sz=24, trace=301721, class=sun.security.x509.AVAKeyword@500021dc)
	keyword		50003c7a
	oid		50001919
OBJ 500021f3 (sz=32, trace=301714, class=java.util.HashMap$Entry@50000053)
	key		50001919
	value		500021f2
OBJ 500021f4 (sz=32, trace=301715, class=java.util.HashMap$Entry@50000053)
	key		50003c7a
	value		500021f2
OBJ 500021f5 (sz=24, trace=301722, class=sun.security.x509.AVAKeyword@500021dc)
	keyword		50003c7b
	oid		5000191f
OBJ 500021f6 (sz=32, trace=301714, class=java.util.HashMap$Entry@50000053)
	key		5000191f
	value		500021f5
OBJ 500021f7 (sz=32, trace=301715, class=java.util.HashMap$Entry@50000053)
	key		50003c7b
	value		500021f5
OBJ 500021f8 (sz=24, trace=301723, class=sun.security.x509.AVAKeyword@500021dc)
	keyword		50003c7c
	oid		5000192c
OBJ 500021f9 (sz=32, trace=301714, class=java.util.HashMap$Entry@50000053)
	key		5000192c
	value		500021f8
	next		500021fc
OBJ 500021fa (sz=32, trace=301715, class=java.util.HashMap$Entry@50000053)
	key		50003c7c
	value		500021f8
OBJ 500021fb (sz=24, trace=301724, class=sun.security.x509.AVAKeyword@500021dc)
	keyword		50003c7d
	oid		5000191d
OBJ 500021fc (sz=32, trace=301714, class=java.util.HashMap$Entry@50000053)
	key		5000191d
	value		500021fb
OBJ 500021fd (sz=32, trace=301715, class=java.util.HashMap$Entry@50000053)
	key		50003c7d
	value		500021fb
OBJ 500021fe (sz=24, trace=301725, class=sun.security.x509.AVAKeyword@500021dc)
	keyword		50003c7e
	oid		5000192e
OBJ 500021ff (sz=32, trace=301714, class=java.util.HashMap$Entry@50000053)
	key		5000192e
	value		500021fe
OBJ 50002200 (sz=32, trace=301715, class=java.util.HashMap$Entry@50000053)
	key		50003c7e
	value		500021fe
OBJ 50002201 (sz=24, trace=301726, class=sun.security.x509.AVAKeyword@500021dc)
	keyword		50003c7f
	oid		50001921
OBJ 50002202 (sz=32, trace=301714, class=java.util.HashMap$Entry@50000053)
	key		50001921
	value		50002204
OBJ 50002203 (sz=32, trace=301715, class=java.util.HashMap$Entry@50000053)
	key		50003c7f
	value		50002201
OBJ 50002204 (sz=24, trace=301727, class=sun.security.x509.AVAKeyword@500021dc)
	keyword		50003c80
	oid		50001921
OBJ 50002205 (sz=32, trace=301715, class=java.util.HashMap$Entry@50000053)
	key		50003c80
	value		50002204
ARR 50002206 (sz=144, trace=301728, nelems=31, elem type=java.util.HashMap$Entry[]@50000054)
	[4]		5000228d
	[7]		50002210
	[8]		500021e9
	[11]		500021f1
	[12]		500021fd
	[17]		500021f7
	[19]		500021ee
	[20]		50002213
	[22]		5000228a
	[26]		50002285
	[29]		500021e3
	[30]		50002287
OBJ 50002207 (sz=24, trace=301729, class=sun.security.x509.AVAKeyword@500021dc)
	keyword		50003c81
	oid		50001923
OBJ 50002208 (sz=32, trace=301714, class=java.util.HashMap$Entry@50000053)
	key		50001923
	value		50002207
OBJ 50002209 (sz=32, trace=301715, class=java.util.HashMap$Entry@50000053)
	key		50003c81
	value		50002207
OBJ 5000220a (sz=24, trace=301730, class=sun.security.x509.AVAKeyword@500021dc)
	keyword		50003c82
	oid		50001925
OBJ 5000220b (sz=32, trace=301714, class=java.util.HashMap$Entry@50000053)
	key		50001925
	value		5000220a
ARR 5000220c (sz=144, trace=301731, nelems=28, elem type=java.util.HashMap$Entry[]@50000054)
	[0]		5000220f
	[3]		500021f9
	[4]		500021f6
	[7]		50002212
	[9]		50002208
	[10]		500021eb
	[14]		500021e2
	[18]		500021e8
	[19]		50002284
	[21]		5000228c
	[23]		50002289
	[24]		5000220b
	[26]		500021e5
	[27]		500021f0
OBJ 5000220d (sz=32, trace=301715, class=java.util.HashMap$Entry@50000053)
	key		50003c82
	value		5000220a
	next		500021ec
OBJ 5000220e (sz=24, trace=301732, class=sun.security.x509.AVAKeyword@500021dc)
	keyword		50003c83
	oid		50001927
OBJ 5000220f (sz=32, trace=301714, class=java.util.HashMap$Entry@50000053)
	key		50001927
	value		5000220e
OBJ 50002210 (sz=32, trace=301715, class=java.util.HashMap$Entry@50000053)
	key		50003c83
	value		5000220e
	next		500021e6
OBJ 50002211 (sz=24, trace=301733, class=sun.security.x509.AVAKeyword@500021dc)
	keyword		50003c84
	oid		5000192a
OBJ 50002212 (sz=32, trace=301714, class=java.util.HashMap$Entry@50000053)
	key		5000192a
	value		50002211
	next		500021f3
OBJ 50002213 (sz=32, trace=301715, class=java.util.HashMap$Entry@50000053)
	key		50003c84
	value		50002211
	next		50002205
ARR 50002216 (sz=88, trace=301735, nelems=18, elem type=sun.security.util.ObjectIdentifier[]@50002215)
	[1]		50002218
	[2]		5000221a
	[3]		5000221c
	[4]		5000221e
	[5]		50002220
	[6]		50002222
	[7]		50002224
	[8]		50002226
	[9]		50002228
	[10]		5000222a
	[11]		5000222c
	[12]		5000222e
	[13]		50002230
	[14]		50002232
	[15]		50002234
	[16]		50002236
	[17]		50002238
ARR 50002217 (sz=28, trace=301736, nelems=7, elem type=int[])
OBJ 50002218 (sz=24, trace=301737, class=sun.security.util.ObjectIdentifier@50001077)
	components	50002217
ARR 50002219 (sz=28, trace=301736, nelems=7, elem type=int[])
OBJ 5000221a (sz=24, trace=301737, class=sun.security.util.ObjectIdentifier@50001077)
	components	50002219
ARR 5000221b (sz=28, trace=301736, nelems=7, elem type=int[])
OBJ 5000221c (sz=24, trace=301737, class=sun.security.util.ObjectIdentifier@50001077)
	components	5000221b
ARR 5000221d (sz=28, trace=301736, nelems=7, elem type=int[])
OBJ 5000221e (sz=24, trace=301737, class=sun.security.util.ObjectIdentifier@50001077)
	components	5000221d
ARR 5000221f (sz=28, trace=301736, nelems=7, elem type=int[])
OBJ 50002220 (sz=24, trace=301737, class=sun.security.util.ObjectIdentifier@50001077)
	components	5000221f
ARR 50002221 (sz=28, trace=301736, nelems=7, elem type=int[])
OBJ 50002222 (sz=24, trace=301737, class=sun.security.util.ObjectIdentifier@50001077)
	components	50002221
ARR 50002223 (sz=28, trace=301736, nelems=7, elem type=int[])
OBJ 50002224 (sz=24, trace=301737, class=sun.security.util.ObjectIdentifier@50001077)
	components	50002223
ARR 50002225 (sz=28, trace=301736, nelems=7, elem type=int[])
OBJ 50002226 (sz=24, trace=301737, class=sun.security.util.ObjectIdentifier@50001077)
	components	50002225
ARR 50002227 (sz=28, trace=301736, nelems=7, elem type=int[])
OBJ 50002228 (sz=24, trace=301737, class=sun.security.util.ObjectIdentifier@50001077)
	components	50002227
ARR 50002229 (sz=28, trace=301736, nelems=7, elem type=int[])
OBJ 5000222a (sz=24, trace=301737, class=sun.security.util.ObjectIdentifier@50001077)
	components	50002229
ARR 5000222b (sz=28, trace=301736, nelems=7, elem type=int[])
OBJ 5000222c (sz=24, trace=301737, class=sun.security.util.ObjectIdentifier@50001077)
	components	5000222b
ARR 5000222d (sz=28, trace=301736, nelems=7, elem type=int[])
OBJ 5000222e (sz=24, trace=301737, class=sun.security.util.ObjectIdentifier@50001077)
	components	5000222d
ARR 5000222f (sz=28, trace=301736, nelems=7, elem type=int[])
OBJ 50002230 (sz=24, trace=301737, class=sun.security.util.ObjectIdentifier@50001077)
	components	5000222f
ARR 50002231 (sz=28, trace=301736, nelems=7, elem type=int[])
OBJ 50002232 (sz=24, trace=301737, class=sun.security.util.ObjectIdentifier@50001077)
	components	50002231
ARR 50002233 (sz=28, trace=301736, nelems=7, elem type=int[])
OBJ 50002234 (sz=24, trace=301737, class=sun.security.util.ObjectIdentifier@50001077)
	components	50002233
ARR 50002235 (sz=36, trace=301738, nelems=9, elem type=int[])
OBJ 50002236 (sz=24, trace=301739, class=sun.security.util.ObjectIdentifier@50001077)
	components	50002235
ARR 50002237 (sz=36, trace=301740, nelems=9, elem type=int[])
OBJ 50002238 (sz=24, trace=301741, class=sun.security.util.ObjectIdentifier@50001077)
	components	50002237
OBJ 50002239 (sz=48, trace=301742, class=java.util.Hashtable@50000033)
	table		50002248
ARR 5000223a (sz=88, trace=301743, nelems=0, elem type=java.util.Hashtable$Entry[]@500000fe)
OBJ 5000223b (sz=32, trace=301744, class=java.util.Hashtable$Entry@500000fd)
	key		50003c9d
	value		50002218
OBJ 5000223c (sz=32, trace=301745, class=java.util.Hashtable$Entry@500000fd)
	key		50003c9e
	value		5000221a
OBJ 5000223d (sz=32, trace=301746, class=java.util.Hashtable$Entry@500000fd)
	key		50003c9f
	value		5000221c
	next		50002247
OBJ 5000223e (sz=32, trace=301747, class=java.util.Hashtable$Entry@500000fd)
	key		50003ca0
	value		5000221e
OBJ 5000223f (sz=32, trace=301748, class=java.util.Hashtable$Entry@500000fd)
	key		50003ca1
	value		50002220
OBJ 50002240 (sz=32, trace=301749, class=java.util.Hashtable$Entry@500000fd)
	key		50003ca2
	value		50002222
OBJ 50002241 (sz=32, trace=301750, class=java.util.Hashtable$Entry@500000fd)
	key		50003ca3
	value		50002224
OBJ 50002242 (sz=32, trace=301751, class=java.util.Hashtable$Entry@500000fd)
	key		50003ca4
	value		50002226
OBJ 50002243 (sz=32, trace=301752, class=java.util.Hashtable$Entry@500000fd)
	key		50003ca5
	value		50002228
	next		50002246
OBJ 50002244 (sz=32, trace=301753, class=java.util.Hashtable$Entry@500000fd)
	key		50003ca6
	value		5000222a
OBJ 50002245 (sz=32, trace=301754, class=java.util.Hashtable$Entry@500000fd)
	key		50003ca7
	value		5000222e
OBJ 50002246 (sz=32, trace=301755, class=java.util.Hashtable$Entry@500000fd)
	key		50003ca8
	value		50002230
OBJ 50002247 (sz=32, trace=301756, class=java.util.Hashtable$Entry@500000fd)
	key		50003ca9
	value		50002232
ARR 50002248 (sz=168, trace=301757, nelems=37, elem type=java.util.Hashtable$Entry[]@500000fe)
	[2]		50002242
	[4]		50002244
	[5]		5000224a
	[9]		5000223f
	[14]		50002240
	[20]		50002241
	[22]		5000223c
	[25]		5000223e
	[26]		50002243
	[27]		5000223b
	[32]		5000224b
	[34]		50002249
	[36]		50002245
OBJ 50002249 (sz=32, trace=301758, class=java.util.Hashtable$Entry@500000fd)
	key		50003caa
	value		50002234
	next		5000223d
OBJ 5000224a (sz=32, trace=301759, class=java.util.Hashtable$Entry@500000fd)
	key		50003cab
	value		50002236
OBJ 5000224b (sz=32, trace=301760, class=java.util.Hashtable$Entry@500000fd)
	key		50003cac
	value		50002238
OBJ 5000224c (sz=48, trace=301761, class=java.util.Hashtable@50000033)
	table		5000225a
ARR 5000224d (sz=80, trace=301762, nelems=0, elem type=java.util.Hashtable$Entry[]@500000fe)
OBJ 5000224e (sz=32, trace=301763, class=java.util.Hashtable$Entry@500000fd)
	key		50002218
	value		50003cad
OBJ 5000224f (sz=32, trace=301764, class=java.util.Hashtable$Entry@500000fd)
	key		5000221a
	value		50003cae
OBJ 50002250 (sz=32, trace=301765, class=java.util.Hashtable$Entry@500000fd)
	key		5000221c
	value		50003caf
OBJ 50002251 (sz=32, trace=301766, class=java.util.Hashtable$Entry@500000fd)
	key		5000221e
	value		50003ae5
OBJ 50002252 (sz=32, trace=301767, class=java.util.Hashtable$Entry@500000fd)
	key		50002220
	value		50003cb0
OBJ 50002253 (sz=32, trace=301768, class=java.util.Hashtable$Entry@500000fd)
	key		50002222
	value		50003cb1
OBJ 50002254 (sz=32, trace=301769, class=java.util.Hashtable$Entry@500000fd)
	key		50002224
	value		50003cb2
OBJ 50002255 (sz=32, trace=301770, class=java.util.Hashtable$Entry@500000fd)
	key		50002226
	value		50003cb3
OBJ 50002256 (sz=32, trace=301771, class=java.util.Hashtable$Entry@500000fd)
	key		50002228
	value		50003cb4
OBJ 50002257 (sz=32, trace=301772, class=java.util.Hashtable$Entry@500000fd)
	key		5000222a
	value		50003cb5
OBJ 50002258 (sz=32, trace=301773, class=java.util.Hashtable$Entry@500000fd)
	key		5000222c
	value		50003cb6
OBJ 50002259 (sz=32, trace=301774, class=java.util.Hashtable$Entry@500000fd)
	key		5000222e
	value		50003cb6
ARR 5000225a (sz=152, trace=301775, nelems=33, elem type=java.util.Hashtable$Entry[]@500000fe)
	[2]		5000225f
	[3]		50002255
	[7]		50002256
	[8]		5000224e
	[11]		50002257
	[12]		5000224f
	[15]		50002258
	[16]		50002250
	[19]		50002259
	[20]		50002251
	[23]		5000225b
	[24]		50002252
	[27]		5000225e
	[28]		50002253
	[31]		5000225d
	[32]		50002254
OBJ 5000225b (sz=32, trace=301776, class=java.util.Hashtable$Entry@500000fd)
	key		50002230
	value		50003cb7
OBJ 5000225c (sz=32, trace=301777, class=java.util.Hashtable$Entry@500000fd)
	key		50002232
	value		50003cb8
OBJ 5000225d (sz=32, trace=301778, class=java.util.Hashtable$Entry@500000fd)
	key		50002234
	value		50003cb9
OBJ 5000225e (sz=32, trace=301779, class=java.util.Hashtable$Entry@500000fd)
	key		50002236
	value		50003cba
	next		5000225c
OBJ 5000225f (sz=32, trace=301780, class=java.util.Hashtable$Entry@500000fd)
	key		50002238
	value		50003cbb
ARR 50002261 (sz=88, trace=301781, nelems=18, elem type=java.lang.Byte[][]@50002260)
	[1]		50002263
	[2]		50002265
	[3]		50002267
	[4]		50002269
	[5]		5000226b
	[6]		5000226d
	[7]		5000226f
	[8]		50002272
	[9]		50002275
	[10]		50002277
	[14]		50002279
	[15]		5000227b
	[16]		5000227d
	[17]		5000227f
ARR 50002263 (sz=24, trace=301782, nelems=1, elem type=java.lang.Byte[]@50002262)
	[0]		50002264
OBJ 50002264 (sz=16, trace=301783, class=java.lang.Byte@500000d7)
ARR 50002265 (sz=24, trace=301784, nelems=1, elem type=java.lang.Byte[]@50002262)
	[0]		50002266
OBJ 50002266 (sz=16, trace=301785, class=java.lang.Byte@500000d7)
ARR 50002267 (sz=24, trace=301786, nelems=1, elem type=java.lang.Byte[]@50002262)
	[0]		50002268
OBJ 50002268 (sz=16, trace=301787, class=java.lang.Byte@500000d7)
ARR 50002269 (sz=24, trace=301788, nelems=1, elem type=java.lang.Byte[]@50002262)
	[0]		5000226a
OBJ 5000226a (sz=16, trace=301789, class=java.lang.Byte@500000d7)
ARR 5000226b (sz=24, trace=301790, nelems=1, elem type=java.lang.Byte[]@50002262)
	[0]		5000226c
OBJ 5000226c (sz=16, trace=301791, class=java.lang.Byte@500000d7)
ARR 5000226d (sz=24, trace=301792, nelems=1, elem type=java.lang.Byte[]@50002262)
	[0]		5000226e
OBJ 5000226e (sz=16, trace=301793, class=java.lang.Byte@500000d7)
ARR 5000226f (sz=24, trace=301794, nelems=2, elem type=java.lang.Byte[]@50002262)
	[0]		50002270
	[1]		50002271
OBJ 50002270 (sz=16, trace=301795, class=java.lang.Byte@500000d7)
OBJ 50002271 (sz=16, trace=301796, class=java.lang.Byte@500000d7)
ARR 50002272 (sz=24, trace=301797, nelems=2, elem type=java.lang.Byte[]@50002262)
	[0]		50002273
	[1]		50002274
OBJ 50002273 (sz=16, trace=301798, class=java.lang.Byte@500000d7)
OBJ 50002274 (sz=16, trace=301799, class=java.lang.Byte@500000d7)
ARR 50002275 (sz=24, trace=301800, nelems=1, elem type=java.lang.Byte[]@50002262)
	[0]		50002276
OBJ 50002276 (sz=16, trace=301801, class=java.lang.Byte@500000d7)
ARR 50002277 (sz=24, trace=301802, nelems=1, elem type=java.lang.Byte[]@50002262)
	[0]		50002278
OBJ 50002278 (sz=16, trace=301803, class=java.lang.Byte@500000d7)
ARR 50002279 (sz=24, trace=301804, nelems=1, elem type=java.lang.Byte[]@50002262)
	[0]		5000227a
OBJ 5000227a (sz=16, trace=301805, class=java.lang.Byte@500000d7)
ARR 5000227b (sz=24, trace=301806, nelems=1, elem type=java.lang.Byte[]@50002262)
	[0]		5000227c
OBJ 5000227c (sz=16, trace=301807, class=java.lang.Byte@500000d7)
ARR 5000227d (sz=24, trace=301808, nelems=1, elem type=java.lang.Byte[]@50002262)
	[0]		5000227e
OBJ 5000227e (sz=16, trace=301809, class=java.lang.Byte@500000d7)
ARR 5000227f (sz=24, trace=301810, nelems=1, elem type=java.lang.Byte[]@50002262)
	[0]		50002280
OBJ 50002280 (sz=16, trace=301811, class=java.lang.Byte@500000d7)
ARR 50002281 (sz=88, trace=301812, nelems=18, elem type=java.lang.Class[]@5000002d)
	[1]		50000037
	[2]		50000037
	[3]		50001077
	[4]		50000149
	[5]		500019e2
	[6]		50001e83
	[7]		50000036
	[8]		50000037
	[14]		50001aed
	[17]		50000149
ARR 50002282 (sz=18, trace=301813, nelems=18, elem type=boolean[])
OBJ 50002283 (sz=24, trace=301814, class=sun.security.x509.AVAKeyword@500021dc)
	keyword		50003c85
	oid		50002218
OBJ 50002284 (sz=32, trace=301714, class=java.util.HashMap$Entry@50000053)
	key		50002218
	value		50002286
OBJ 50002285 (sz=32, trace=301715, class=java.util.HashMap$Entry@50000053)
	key		50003c85
	value		50002283
OBJ 50002286 (sz=24, trace=301815, class=sun.security.x509.AVAKeyword@500021dc)
	keyword		50003c86
	oid		50002218
OBJ 50002287 (sz=32, trace=301715, class=java.util.HashMap$Entry@50000053)
	key		50003c86
	value		50002286
OBJ 50002288 (sz=24, trace=301816, class=sun.security.x509.AVAKeyword@500021dc)
	keyword		50003c87
	oid		50001930
OBJ 50002289 (sz=32, trace=301714, class=java.util.HashMap$Entry@50000053)
	key		50001930
	value		50002288
OBJ 5000228a (sz=32, trace=301715, class=java.util.HashMap$Entry@50000053)
	key		50003c87
	value		50002288
	next		5000220d
OBJ 5000228b (sz=24, trace=301817, class=sun.security.x509.AVAKeyword@500021dc)
	keyword		50003c88
	oid		50001911
OBJ 5000228c (sz=32, trace=301714, class=java.util.HashMap$Entry@50000053)
	key		50001911
	value		5000228b
	next		50002202
OBJ 5000228d (sz=32, trace=301715, class=java.util.HashMap$Entry@50000053)
	key		50003c88
	value		5000228b
	next		50002209
OBJ 5000228e (sz=24, trace=301818, class=java.lang.StringBuffer@5000005e)
ARR 5000228f (sz=48, trace=301819, nelems=0, elem type=char[])
OBJ 50002290 (sz=32, trace=301820, class=java.lang.String@50000036)
	value		50002291
ARR 50002291 (sz=14, trace=301329, nelems=7, elem type=char[])
ARR 50002292 (sz=40, trace=301821, nelems=0, elem type=byte[])
OBJ 50002293 (sz=32, trace=301822, class=java.lang.String@50000036)
ARR 50002294 (sz=56, trace=301598, nelems=0, elem type=char[])
OBJ 50002295 (sz=48, trace=300053, class=java.nio.HeapByteBuffer@50000087)
OBJ 50002296 (sz=48, trace=300054, class=java.nio.HeapCharBuffer@500000a5)
OBJ 50002297 (sz=24, trace=301823, class=java.lang.StringBuilder@5000004d)
ARR 50002298 (sz=48, trace=301824, nelems=0, elem type=char[])
ARR 50002299 (sz=88, trace=300038, nelems=0, elem type=char[])
OBJ 5000229a (sz=32, trace=301825, class=java.lang.String@50000036)
ARR 5000229b (sz=56, trace=301826, nelems=0, elem type=char[])
OBJ 5000229c (sz=32, trace=301827, class=java.lang.String@50000036)
ARR 5000229d (sz=64, trace=301828, nelems=0, elem type=char[])
ARR 5000229e (sz=64, trace=301829, nelems=0, elem type=char[])
OBJ 5000229f (sz=32, trace=301830, class=java.lang.String@50000036)
ARR 500022a0 (sz=64, trace=301831, nelems=0, elem type=char[])
OBJ 500022a1 (sz=32, trace=301832, class=java.lang.String@50000036)
OBJ 500022a4 (sz=24, trace=301834, class=java.text.Normalizer$Form@500022a3)
	name		50003c62
OBJ 500022a5 (sz=24, trace=301835, class=java.text.Normalizer$Form@500022a3)
	name		50003c63
OBJ 500022a6 (sz=24, trace=301836, class=java.text.Normalizer$Form@500022a3)
	name		50003c64
OBJ 500022a7 (sz=24, trace=301837, class=java.text.Normalizer$Form@500022a3)
	name		50003c65
ARR 500022a9 (sz=32, trace=301838, nelems=4, elem type=java.text.Normalizer$Form[]@500022a8)
	[0]		500022a4
	[1]		500022a5
	[2]		500022a6
	[3]		500022a7
OBJ 500022ad (sz=16, trace=301842, class=sun.text.normalizer.NormalizerBase$Mode@500022ac)
OBJ 500022af (sz=16, trace=301844, class=sun.text.normalizer.NormalizerBase$NFDMode@500022ae)
OBJ 500022b1 (sz=16, trace=301846, class=sun.text.normalizer.NormalizerBase$NFKDMode@500022b0)
OBJ 500022b3 (sz=16, trace=301848, class=sun.text.normalizer.NormalizerBase$NFCMode@500022b2)
OBJ 500022b5 (sz=16, trace=301850, class=sun.text.normalizer.NormalizerBase$NFKCMode@500022b4)
OBJ 500022b7 (sz=16, trace=301852, class=sun.text.normalizer.NormalizerBase$QuickCheckResult@500022b6)
OBJ 500022b8 (sz=16, trace=301853, class=sun.text.normalizer.NormalizerBase$QuickCheckResult@500022b6)
OBJ 500022b9 (sz=16, trace=301854, class=sun.text.normalizer.NormalizerBase$QuickCheckResult@500022b6)
ARR 500022bb (sz=16, trace=301856, nelems=4, elem type=int[])
OBJ 500022bc (sz=24, trace=301706, class=java.lang.StringBuilder@5000004d)
ARR 500022bd (sz=96, trace=301707, nelems=0, elem type=char[])
OBJ 500022be (sz=24, trace=301818, class=java.lang.StringBuffer@5000005e)
ARR 500022bf (sz=48, trace=301819, nelems=0, elem type=char[])
OBJ 500022c0 (sz=32, trace=301820, class=java.lang.String@50000036)
	value		500022c1
ARR 500022c1 (sz=16, trace=301329, nelems=8, elem type=char[])
ARR 500022c2 (sz=48, trace=301821, nelems=0, elem type=byte[])
OBJ 500022c3 (sz=32, trace=301822, class=java.lang.String@50000036)
ARR 500022c4 (sz=72, trace=301598, nelems=0, elem type=char[])
OBJ 500022c5 (sz=48, trace=300053, class=java.nio.HeapByteBuffer@50000087)
OBJ 500022c6 (sz=48, trace=300054, class=java.nio.HeapCharBuffer@500000a5)
OBJ 500022c7 (sz=24, trace=301823, class=java.lang.StringBuilder@5000004d)
ARR 500022c8 (sz=48, trace=301824, nelems=0, elem type=char[])
ARR 500022c9 (sz=88, trace=300038, nelems=0, elem type=char[])
OBJ 500022ca (sz=32, trace=301825, class=java.lang.String@50000036)
ARR 500022cb (sz=72, trace=301826, nelems=0, elem type=char[])
OBJ 500022cc (sz=32, trace=301827, class=java.lang.String@50000036)
ARR 500022cd (sz=80, trace=301828, nelems=0, elem type=char[])
ARR 500022ce (sz=80, trace=301829, nelems=0, elem type=char[])
OBJ 500022cf (sz=32, trace=301830, class=java.lang.String@50000036)
ARR 500022d0 (sz=80, trace=301831, nelems=0, elem type=char[])
OBJ 500022d1 (sz=32, trace=301832, class=java.lang.String@50000036)
ARR 500022d2 (sz=216, trace=300030, nelems=0, elem type=char[])
OBJ 500022d3 (sz=24, trace=301706, class=java.lang.StringBuilder@5000004d)
ARR 500022d4 (sz=96, trace=301707, nelems=0, elem type=char[])
OBJ 500022d5 (sz=24, trace=301818, class=java.lang.StringBuffer@5000005e)
ARR 500022d6 (sz=48, trace=301819, nelems=0, elem type=char[])
OBJ 500022d7 (sz=32, trace=301820, class=java.lang.String@50000036)
	value		500022d8
ARR 500022d8 (sz=16, trace=301329, nelems=8, elem type=char[])
ARR 500022d9 (sz=40, trace=301821, nelems=0, elem type=byte[])
OBJ 500022da (sz=32, trace=301822, class=java.lang.String@50000036)
ARR 500022db (sz=56, trace=301598, nelems=0, elem type=char[])
OBJ 500022dc (sz=48, trace=300053, class=java.nio.HeapByteBuffer@50000087)
OBJ 500022dd (sz=48, trace=300054, class=java.nio.HeapCharBuffer@500000a5)
OBJ 500022de (sz=24, trace=301823, class=java.lang.StringBuilder@5000004d)
ARR 500022df (sz=48, trace=301824, nelems=0, elem type=char[])
ARR 500022e0 (sz=88, trace=300038, nelems=0, elem type=char[])
OBJ 500022e1 (sz=32, trace=301825, class=java.lang.String@50000036)
ARR 500022e2 (sz=56, trace=301826, nelems=0, elem type=char[])
OBJ 500022e3 (sz=32, trace=301827, class=java.lang.String@50000036)
ARR 500022e4 (sz=64, trace=301828, nelems=0, elem type=char[])
ARR 500022e5 (sz=64, trace=301829, nelems=0, elem type=char[])
OBJ 500022e6 (sz=32, trace=301830, class=java.lang.String@50000036)
ARR 500022e7 (sz=64, trace=301831, nelems=0, elem type=char[])
OBJ 500022e8 (sz=32, trace=301832, class=java.lang.String@50000036)
OBJ 500022e9 (sz=24, trace=301706, class=java.lang.StringBuilder@5000004d)
ARR 500022ea (sz=96, trace=301707, nelems=0, elem type=char[])
OBJ 500022eb (sz=24, trace=301818, class=java.lang.StringBuffer@5000005e)
ARR 500022ec (sz=48, trace=301819, nelems=0, elem type=char[])
OBJ 500022ed (sz=32, trace=301820, class=java.lang.String@50000036)
	value		500022ee
ARR 500022ee (sz=14, trace=301329, nelems=7, elem type=char[])
ARR 500022ef (sz=32, trace=301821, nelems=0, elem type=byte[])
OBJ 500022f0 (sz=32, trace=301822, class=java.lang.String@50000036)
ARR 500022f1 (sz=40, trace=301598, nelems=0, elem type=char[])
OBJ 500022f2 (sz=48, trace=300053, class=java.nio.HeapByteBuffer@50000087)
OBJ 500022f3 (sz=48, trace=300054, class=java.nio.HeapCharBuffer@500000a5)
OBJ 500022f4 (sz=24, trace=301823, class=java.lang.StringBuilder@5000004d)
ARR 500022f5 (sz=48, trace=301824, nelems=0, elem type=char[])
OBJ 500022f6 (sz=32, trace=301825, class=java.lang.String@50000036)
ARR 500022f7 (sz=40, trace=301826, nelems=0, elem type=char[])
OBJ 500022f8 (sz=32, trace=301827, class=java.lang.String@50000036)
ARR 500022f9 (sz=40, trace=301828, nelems=0, elem type=char[])
ARR 500022fa (sz=40, trace=301829, nelems=0, elem type=char[])
OBJ 500022fb (sz=32, trace=301830, class=java.lang.String@50000036)
ARR 500022fc (sz=40, trace=301831, nelems=0, elem type=char[])
OBJ 500022fd (sz=32, trace=301832, class=java.lang.String@50000036)
OBJ 500022fe (sz=24, trace=301706, class=java.lang.StringBuilder@5000004d)
ARR 500022ff (sz=96, trace=301707, nelems=0, elem type=char[])
OBJ 50002300 (sz=24, trace=301818, class=java.lang.StringBuffer@5000005e)
ARR 50002301 (sz=48, trace=301819, nelems=0, elem type=char[])
OBJ 50002302 (sz=32, trace=301820, class=java.lang.String@50000036)
	value		50002303
ARR 50002303 (sz=14, trace=301329, nelems=7, elem type=char[])
ARR 50002304 (sz=24, trace=301821, nelems=0, elem type=byte[])
OBJ 50002305 (sz=32, trace=301822, class=java.lang.String@50000036)
ARR 50002306 (sz=24, trace=301598, nelems=0, elem type=char[])
OBJ 50002307 (sz=48, trace=300053, class=java.nio.HeapByteBuffer@50000087)
OBJ 50002308 (sz=48, trace=300054, class=java.nio.HeapCharBuffer@500000a5)
OBJ 50002309 (sz=24, trace=301823, class=java.lang.StringBuilder@5000004d)
ARR 5000230a (sz=48, trace=301824, nelems=0, elem type=char[])
OBJ 5000230b (sz=32, trace=301825, class=java.lang.String@50000036)
ARR 5000230c (sz=24, trace=301826, nelems=0, elem type=char[])
OBJ 5000230d (sz=32, trace=301827, class=java.lang.String@50000036)
ARR 5000230e (sz=32, trace=301828, nelems=0, elem type=char[])
ARR 5000230f (sz=32, trace=301831, nelems=0, elem type=char[])
OBJ 50002310 (sz=32, trace=301832, class=java.lang.String@50000036)
OBJ 50002311 (sz=24, trace=301706, class=java.lang.StringBuilder@5000004d)
ARR 50002312 (sz=96, trace=301707, nelems=0, elem type=char[])
OBJ 50002313 (sz=24, trace=301818, class=java.lang.StringBuffer@5000005e)
ARR 50002314 (sz=48, trace=301819, nelems=0, elem type=char[])
OBJ 50002315 (sz=32, trace=301820, class=java.lang.String@50000036)
	value		50002316
ARR 50002316 (sz=14, trace=301329, nelems=7, elem type=char[])
ARR 50002317 (sz=24, trace=301821, nelems=0, elem type=byte[])
OBJ 50002318 (sz=32, trace=301822, class=java.lang.String@50000036)
ARR 50002319 (sz=24, trace=301598, nelems=0, elem type=char[])
OBJ 5000231a (sz=48, trace=300053, class=java.nio.HeapByteBuffer@50000087)
OBJ 5000231b (sz=48, trace=300054, class=java.nio.HeapCharBuffer@500000a5)
OBJ 5000231c (sz=24, trace=301823, class=java.lang.StringBuilder@5000004d)
ARR 5000231d (sz=48, trace=301824, nelems=0, elem type=char[])
OBJ 5000231e (sz=32, trace=301825, class=java.lang.String@50000036)
ARR 5000231f (sz=24, trace=301826, nelems=0, elem type=char[])
OBJ 50002320 (sz=32, trace=301827, class=java.lang.String@50000036)
ARR 50002321 (sz=24, trace=301828, nelems=0, elem type=char[])
ARR 50002322 (sz=24, trace=301831, nelems=0, elem type=char[])
OBJ 50002323 (sz=32, trace=301832, class=java.lang.String@50000036)
OBJ 50002324 (sz=32, trace=301857, class=java.lang.String@50000036)
ARR 50002325 (sz=216, trace=301858, nelems=0, elem type=char[])
OBJ 50002326 (sz=24, trace=301859, class=java.lang.StringBuilder@5000004d)
ARR 50002327 (sz=112, trace=301860, nelems=0, elem type=char[])
OBJ 50002328 (sz=24, trace=301706, class=java.lang.StringBuilder@5000004d)
ARR 50002329 (sz=96, trace=301707, nelems=0, elem type=char[])
ARR 5000232a (sz=40, trace=301821, nelems=0, elem type=byte[])
OBJ 5000232b (sz=32, trace=301822, class=java.lang.String@50000036)
ARR 5000232c (sz=56, trace=301598, nelems=0, elem type=char[])
OBJ 5000232d (sz=48, trace=300053, class=java.nio.HeapByteBuffer@50000087)
OBJ 5000232e (sz=48, trace=300054, class=java.nio.HeapCharBuffer@500000a5)
OBJ 5000232f (sz=24, trace=301823, class=java.lang.StringBuilder@5000004d)
ARR 50002330 (sz=48, trace=301824, nelems=0, elem type=char[])
ARR 50002331 (sz=88, trace=300038, nelems=0, elem type=char[])
OBJ 50002332 (sz=32, trace=301825, class=java.lang.String@50000036)
ARR 50002333 (sz=56, trace=301826, nelems=0, elem type=char[])
OBJ 50002334 (sz=32, trace=301827, class=java.lang.String@50000036)
ARR 50002335 (sz=64, trace=301828, nelems=0, elem type=char[])
ARR 50002336 (sz=64, trace=301829, nelems=0, elem type=char[])
OBJ 50002337 (sz=32, trace=301830, class=java.lang.String@50000036)
ARR 50002338 (sz=44, trace=301831, nelems=22, elem type=char[])
OBJ 50002339 (sz=32, trace=301832, class=java.lang.String@50000036)
	value		50002338
OBJ 5000233a (sz=24, trace=301706, class=java.lang.StringBuilder@5000004d)
ARR 5000233b (sz=96, trace=301707, nelems=0, elem type=char[])
ARR 5000233c (sz=48, trace=301821, nelems=0, elem type=byte[])
OBJ 5000233d (sz=32, trace=301822, class=java.lang.String@50000036)
ARR 5000233e (sz=72, trace=301598, nelems=0, elem type=char[])
OBJ 5000233f (sz=48, trace=300053, class=java.nio.HeapByteBuffer@50000087)
OBJ 50002340 (sz=48, trace=300054, class=java.nio.HeapCharBuffer@500000a5)
OBJ 50002341 (sz=24, trace=301823, class=java.lang.StringBuilder@5000004d)
ARR 50002342 (sz=48, trace=301824, nelems=0, elem type=char[])
ARR 50002343 (sz=88, trace=300038, nelems=0, elem type=char[])
OBJ 50002344 (sz=32, trace=301825, class=java.lang.String@50000036)
ARR 50002345 (sz=72, trace=301826, nelems=0, elem type=char[])
OBJ 50002346 (sz=32, trace=301827, class=java.lang.String@50000036)
ARR 50002347 (sz=80, trace=301828, nelems=0, elem type=char[])
ARR 50002348 (sz=80, trace=301829, nelems=0, elem type=char[])
OBJ 50002349 (sz=32, trace=301830, class=java.lang.String@50000036)
ARR 5000234a (sz=58, trace=301831, nelems=29, elem type=char[])
OBJ 5000234b (sz=32, trace=301832, class=java.lang.String@50000036)
	value		5000234a
ARR 5000234c (sz=216, trace=300030, nelems=0, elem type=char[])
OBJ 5000234d (sz=24, trace=301706, class=java.lang.StringBuilder@5000004d)
ARR 5000234e (sz=96, trace=301707, nelems=0, elem type=char[])
ARR 5000234f (sz=40, trace=301821, nelems=0, elem type=byte[])
OBJ 50002350 (sz=32, trace=301822, class=java.lang.String@50000036)
ARR 50002351 (sz=56, trace=301598, nelems=0, elem type=char[])
OBJ 50002352 (sz=48, trace=300053, class=java.nio.HeapByteBuffer@50000087)
OBJ 50002353 (sz=48, trace=300054, class=java.nio.HeapCharBuffer@500000a5)
OBJ 50002354 (sz=24, trace=301823, class=java.lang.StringBuilder@5000004d)
ARR 50002355 (sz=48, trace=301824, nelems=0, elem type=char[])
ARR 50002356 (sz=88, trace=300038, nelems=0, elem type=char[])
OBJ 50002357 (sz=32, trace=301825, class=java.lang.String@50000036)
ARR 50002358 (sz=56, trace=301826, nelems=0, elem type=char[])
OBJ 50002359 (sz=32, trace=301827, class=java.lang.String@50000036)
ARR 5000235a (sz=64, trace=301828, nelems=0, elem type=char[])
ARR 5000235b (sz=64, trace=301829, nelems=0, elem type=char[])
OBJ 5000235c (sz=32, trace=301830, class=java.lang.String@50000036)
ARR 5000235d (sz=44, trace=301831, nelems=22, elem type=char[])
OBJ 5000235e (sz=32, trace=301832, class=java.lang.String@50000036)
	value		5000235d
OBJ 5000235f (sz=24, trace=301706, class=java.lang.StringBuilder@5000004d)
ARR 50002360 (sz=96, trace=301707, nelems=0, elem type=char[])
ARR 50002361 (sz=32, trace=301821, nelems=0, elem type=byte[])
OBJ 50002362 (sz=32, trace=301822, class=java.lang.String@50000036)
ARR 50002363 (sz=40, trace=301598, nelems=0, elem type=char[])
OBJ 50002364 (sz=48, trace=300053, class=java.nio.HeapByteBuffer@50000087)
OBJ 50002365 (sz=48, trace=300054, class=java.nio.HeapCharBuffer@500000a5)
OBJ 50002366 (sz=24, trace=301823, class=java.lang.StringBuilder@5000004d)
ARR 50002367 (sz=48, trace=301824, nelems=0, elem type=char[])
OBJ 50002368 (sz=32, trace=301825, class=java.lang.String@50000036)
ARR 50002369 (sz=40, trace=301826, nelems=0, elem type=char[])
OBJ 5000236a (sz=32, trace=301827, class=java.lang.String@50000036)
ARR 5000236b (sz=40, trace=301828, nelems=0, elem type=char[])
ARR 5000236c (sz=40, trace=301829, nelems=0, elem type=char[])
OBJ 5000236d (sz=32, trace=301830, class=java.lang.String@50000036)
ARR 5000236e (sz=22, trace=301831, nelems=11, elem type=char[])
OBJ 5000236f (sz=32, trace=301832, class=java.lang.String@50000036)
	value		5000236e
OBJ 50002370 (sz=24, trace=301706, class=java.lang.StringBuilder@5000004d)
ARR 50002371 (sz=96, trace=301707, nelems=0, elem type=char[])
ARR 50002372 (sz=24, trace=301821, nelems=0, elem type=byte[])
OBJ 50002373 (sz=32, trace=301822, class=java.lang.String@50000036)
ARR 50002374 (sz=24, trace=301598, nelems=0, elem type=char[])
OBJ 50002375 (sz=48, trace=300053, class=java.nio.HeapByteBuffer@50000087)
OBJ 50002376 (sz=48, trace=300054, class=java.nio.HeapCharBuffer@500000a5)
OBJ 50002377 (sz=24, trace=301823, class=java.lang.StringBuilder@5000004d)
ARR 50002378 (sz=48, trace=301824, nelems=0, elem type=char[])
OBJ 50002379 (sz=32, trace=301825, class=java.lang.String@50000036)
ARR 5000237a (sz=24, trace=301826, nelems=0, elem type=char[])
OBJ 5000237b (sz=32, trace=301827, class=java.lang.String@50000036)
ARR 5000237c (sz=32, trace=301828, nelems=0, elem type=char[])
ARR 5000237d (sz=10, trace=301831, nelems=5, elem type=char[])
OBJ 5000237e (sz=32, trace=301832, class=java.lang.String@50000036)
	value		5000237d
OBJ 5000237f (sz=24, trace=301706, class=java.lang.StringBuilder@5000004d)
ARR 50002380 (sz=96, trace=301707, nelems=0, elem type=char[])
ARR 50002381 (sz=24, trace=301821, nelems=0, elem type=byte[])
OBJ 50002382 (sz=32, trace=301822, class=java.lang.String@50000036)
ARR 50002383 (sz=24, trace=301598, nelems=0, elem type=char[])
OBJ 50002384 (sz=48, trace=300053, class=java.nio.HeapByteBuffer@50000087)
OBJ 50002385 (sz=48, trace=300054, class=java.nio.HeapCharBuffer@500000a5)
OBJ 50002386 (sz=24, trace=301823, class=java.lang.StringBuilder@5000004d)
ARR 50002387 (sz=48, trace=301824, nelems=0, elem type=char[])
OBJ 50002388 (sz=32, trace=301825, class=java.lang.String@50000036)
ARR 50002389 (sz=24, trace=301826, nelems=0, elem type=char[])
OBJ 5000238a (sz=32, trace=301827, class=java.lang.String@50000036)
ARR 5000238b (sz=24, trace=301828, nelems=0, elem type=char[])
ARR 5000238c (sz=8, trace=301831, nelems=4, elem type=char[])
OBJ 5000238d (sz=32, trace=301832, class=java.lang.String@50000036)
	value		5000238c
OBJ 5000238e (sz=32, trace=301861, class=java.lang.String@50000036)
	value		5000238f
ARR 5000238f (sz=196, trace=301858, nelems=98, elem type=char[])
OBJ 50002390 (sz=24, trace=301862, class=sun.security.x509.X509AttributeName@50001c28)
OBJ 50002391 (sz=24, trace=301863, class=sun.security.x509.X509AttributeName@50001c28)
OBJ 50002392 (sz=32, trace=301864, class=java.lang.String@50000036)
OBJ 50002393 (sz=32, trace=301603, class=java.lang.String@50000036)
OBJ 50002394 (sz=24, trace=301865, class=sun.security.x509.X509AttributeName@50001c28)
OBJ 50002395 (sz=32, trace=301866, class=java.lang.String@50000036)
OBJ 50002396 (sz=32, trace=301603, class=java.lang.String@50000036)
OBJ 50002397 (sz=24, trace=301867, class=sun.security.x509.X509AttributeName@50001c28)
OBJ 50002398 (sz=32, trace=301602, class=java.lang.String@50000036)
OBJ 50002399 (sz=32, trace=301603, class=java.lang.String@50000036)
ARR 5000239a (sz=32, trace=301868, nelems=0, elem type=boolean[])
OBJ 5000239b (sz=32, trace=301869, class=sun.security.x509.KeyUsageExtension@50001bb6)
OBJ 5000239c (sz=24, trace=300571, class=sun.security.util.DerOutputStream@5000108e)
ARR 5000239d (sz=48, trace=301870, nelems=0, elem type=byte[])
OBJ 5000239e (sz=24, trace=301871, class=sun.security.util.BitArray@50001a6e)
ARR 5000239f (sz=24, trace=301872, nelems=0, elem type=byte[])
ARR 500023a0 (sz=24, trace=301873, nelems=0, elem type=byte[])
OBJ 500023a1 (sz=24, trace=301874, class=sun.security.x509.X509AttributeName@50001c28)
OBJ 500023a2 (sz=32, trace=301602, class=java.lang.String@50000036)
OBJ 500023a3 (sz=32, trace=301603, class=java.lang.String@50000036)
OBJ 500023a4 (sz=24, trace=301875, class=java.security.Provider$UString@500014a6)
ARR 500023a5 (sz=56, trace=301876, nelems=0, elem type=char[])
OBJ 500023a6 (sz=32, trace=301877, class=java.lang.String@50000036)
OBJ 500023a7 (sz=24, trace=301878, class=java.security.Provider$UString@500014a6)
ARR 500023a8 (sz=56, trace=301879, nelems=0, elem type=char[])
OBJ 500023a9 (sz=32, trace=301877, class=java.lang.String@50000036)
OBJ 500023ad (sz=16, trace=301882, class=java.util.regex.Pattern$5@500023ac)
OBJ 500023ae (sz=16, trace=301883, class=java.util.regex.Pattern$Node@500023ab)
OBJ 500023b0 (sz=16, trace=301885, class=java.util.regex.Pattern$LastNode@500023af)
	next		500023ae
OBJ 500023b1 (sz=64, trace=301886, class=java.util.regex.Pattern@500023aa)
ARR 500023b2 (sz=32, trace=301887, nelems=0, elem type=int[])
ARR 500023b3 (sz=144, trace=301888, nelems=0, elem type=int[])
ARR 500023b6 (sz=56, trace=301890, nelems=0, elem type=java.util.regex.Pattern$GroupHead[]@500023b5)
OBJ 500023ba (sz=24, trace=301892, class=java.util.regex.Pattern$Single@500023b9)
OBJ 500023c0 (sz=24, trace=301897, class=java.util.regex.Pattern$Start@500023bf)
OBJ 500023c2 (sz=24, trace=301899, class=java.util.regex.Pattern$TreeInfo@500023c1)
OBJ 500023c3 (sz=24, trace=300273, class=java.util.ArrayList@5000011e)
ARR 500023c4 (sz=56, trace=301900, nelems=0, elem type=java.lang.Object[]@500000ac)
OBJ 500023c7 (sz=64, trace=301902, class=java.util.regex.Matcher@500023c6)
ARR 500023c8 (sz=96, trace=301903, nelems=0, elem type=int[])
ARR 500023c9 (sz=16, trace=301904, nelems=0, elem type=int[])
OBJ 500023ca (sz=32, trace=301905, class=java.lang.String@50000036)
OBJ 500023cb (sz=32, trace=301906, class=java.lang.String@50000036)
ARR 500023cc (sz=24, trace=301907, nelems=0, elem type=java.lang.String[]@50000037)
OBJ 500023cf (sz=32, trace=301909, class=java.util.RandomAccessSubList@500023ce)
OBJ 500023d2 (sz=24, trace=301911, class=java.util.SubList$1@500023d1)
OBJ 500023d4 (sz=32, trace=301913, class=java.util.AbstractList$ListItr@500023d3)
OBJ 500023d5 (sz=24, trace=301914, class=java.util.ArrayList@5000011e)
ARR 500023d6 (sz=24, trace=301915, nelems=0, elem type=java.lang.Object[]@500000ac)
OBJ 500023d9 (sz=24, trace=301337, class=java.security.Provider$ServiceKey@50000e7a)
ARR 500023da (sz=40, trace=301697, nelems=0, elem type=char[])
OBJ 500023db (sz=32, trace=301090, class=java.lang.String@50000036)
OBJ 500023de (sz=32, trace=301125, class=java.lang.ref.WeakReference@50000113)
	referent	500023dd
	queue		500039c6
ARR 500023df (sz=16, trace=301917, nelems=0, elem type=java.lang.Class[]@5000002d)
OBJ 500023e2 (sz=40, trace=300834, class=java.lang.ref.SoftReference@500000c8)
OBJ 500023e3 (sz=72, trace=300835, class=java.lang.reflect.Constructor@5000000d)
OBJ 500023e4 (sz=24, trace=301127, class=java.lang.Class$1@500000f0)
OBJ 500023e5 (sz=24, trace=300837, class=sun.reflect.NativeConstructorAccessorImpl@500000e3)
OBJ 500023e6 (sz=16, trace=300838, class=sun.reflect.DelegatingConstructorAccessorImpl@500000bc)
OBJ 500023e7 (sz=64, trace=301919, class=sun.security.provider.DSA$SHA1withDSA@500023dd)
OBJ 500023ea (sz=24, trace=301331, class=java.lang.StringBuilder@5000004d)
ARR 500023eb (sz=48, trace=301332, nelems=0, elem type=char[])
ARR 500023ec (sz=88, trace=300030, nelems=0, elem type=char[])
OBJ 500023ed (sz=32, trace=301333, class=java.lang.String@50000036)
ARR 500023ee (sz=80, trace=301334, nelems=0, elem type=char[])
OBJ 500023ef (sz=32, trace=301336, class=java.util.concurrent.ConcurrentHashMap$HashEntry@500000f4)
	key		50003ae5
	value		500023e8
OBJ 500023f0 (sz=24, trace=301076, class=java.security.Provider$ServiceKey@50000e7a)
OBJ 500023f1 (sz=24, trace=301337, class=java.security.Provider$ServiceKey@50000e7a)
ARR 500023f4 (sz=136, trace=301921, nelems=136, elem type=byte[])
OBJ 500023f5 (sz=32, trace=301125, class=java.lang.ref.WeakReference@50000113)
	referent	500023f3
	queue		500039c6
ARR 500023f6 (sz=16, trace=301126, nelems=0, elem type=java.lang.Class[]@5000002d)
OBJ 500023f7 (sz=40, trace=300834, class=java.lang.ref.SoftReference@500000c8)
OBJ 500023f8 (sz=72, trace=300835, class=java.lang.reflect.Constructor@5000000d)
OBJ 500023f9 (sz=24, trace=301127, class=java.lang.Class$1@500000f0)
OBJ 500023fa (sz=24, trace=300837, class=sun.reflect.NativeConstructorAccessorImpl@500000e3)
OBJ 500023fb (sz=16, trace=300838, class=sun.reflect.DelegatingConstructorAccessorImpl@500000bc)
OBJ 500023fc (sz=56, trace=301922, class=sun.security.provider.SHA@500023f3)
ARR 500023fd (sz=80, trace=301923, nelems=0, elem type=byte[])
ARR 500023fe (sz=40, trace=301924, nelems=0, elem type=int[])
ARR 500023ff (sz=336, trace=301925, nelems=0, elem type=int[])
OBJ 50002400 (sz=24, trace=301130, class=sun.security.jca.GetInstance$Instance@50001788)
ARR 50002401 (sz=24, trace=301926, nelems=0, elem type=java.lang.Object[]@500000ac)
OBJ 50002403 (sz=32, trace=301928, class=java.security.MessageDigest$Delegate@50002402)
OBJ 50002407 (sz=24, trace=301931, class=java.security.spec.DSAParameterSpec@50002406)
OBJ 50002409 (sz=24, trace=301933, class=sun.security.action.GetPropertyAction@500000ad)
OBJ 5000240a (sz=24, trace=301934, class=sun.security.util.DerInputStream@50001066)
OBJ 5000240b (sz=32, trace=300535, class=sun.security.util.DerInputBuffer@50001069)
OBJ 5000240c (sz=32, trace=300067, class=java.util.Vector@50000004)
ARR 5000240d (sz=24, trace=300561, nelems=0, elem type=java.lang.Object[]@500000ac)
OBJ 5000240e (sz=32, trace=301935, class=sun.security.util.DerValue@50001086)
OBJ 5000240f (sz=24, trace=300564, class=sun.security.util.DerInputStream@50001066)
OBJ 50002410 (sz=32, trace=301935, class=sun.security.util.DerValue@50001086)
OBJ 50002411 (sz=24, trace=300564, class=sun.security.util.DerInputStream@50001066)
ARR 50002412 (sz=24, trace=301936, nelems=0, elem type=sun.security.util.DerValue[]@5000108b)
ARR 50002413 (sz=40, trace=301937, nelems=0, elem type=byte[])
OBJ 50002414 (sz=40, trace=301207, class=java.math.BigInteger@500010aa)
ARR 50002415 (sz=40, trace=301208, nelems=0, elem type=int[])
ARR 50002416 (sz=40, trace=301938, nelems=0, elem type=byte[])
OBJ 50002417 (sz=40, trace=301207, class=java.math.BigInteger@500010aa)
ARR 50002418 (sz=40, trace=301208, nelems=0, elem type=int[])
OBJ 5000241a (sz=24, trace=301940, class=java.math.MutableBigInteger@50002419)
	value		5000241b
ARR 5000241b (sz=4, trace=301941, nelems=1, elem type=int[])
OBJ 5000241c (sz=24, trace=301942, class=java.math.MutableBigInteger@50002419)
ARR 5000241d (sz=40, trace=301943, nelems=0, elem type=int[])
OBJ 5000241e (sz=24, trace=301944, class=java.math.MutableBigInteger@50002419)
ARR 5000241f (sz=40, trace=301945, nelems=0, elem type=int[])
OBJ 50002420 (sz=24, trace=301946, class=java.math.MutableBigInteger@50002419)
ARR 50002421 (sz=40, trace=301947, nelems=0, elem type=int[])
OBJ 50002422 (sz=24, trace=301948, class=java.math.MutableBigInteger@50002419)
ARR 50002423 (sz=40, trace=301949, nelems=0, elem type=int[])
OBJ 50002424 (sz=24, trace=301950, class=java.math.MutableBigInteger@50002419)
ARR 50002425 (sz=40, trace=301951, nelems=0, elem type=int[])
OBJ 50002427 (sz=32, trace=301953, class=java.math.SignedMutableBigInteger@50002426)
ARR 50002428 (sz=24, trace=301954, nelems=0, elem type=int[])
OBJ 50002429 (sz=32, trace=301955, class=java.math.SignedMutableBigInteger@50002426)
ARR 5000242a (sz=24, trace=301956, nelems=0, elem type=int[])
ARR 5000242b (sz=24, trace=301957, nelems=0, elem type=int[])
ARR 5000242c (sz=24, trace=301958, nelems=0, elem type=int[])
ARR 5000242d (sz=32, trace=301957, nelems=0, elem type=int[])
ARR 5000242e (sz=32, trace=301957, nelems=0, elem type=int[])
ARR 5000242f (sz=32, trace=301957, nelems=0, elem type=int[])
ARR 50002430 (sz=32, trace=301957, nelems=0, elem type=int[])
ARR 50002431 (sz=40, trace=301957, nelems=0, elem type=int[])
ARR 50002432 (sz=40, trace=301957, nelems=0, elem type=int[])
OBJ 50002433 (sz=24, trace=301959, class=java.math.MutableBigInteger@50002419)
ARR 50002434 (sz=24, trace=301960, nelems=0, elem type=int[])
ARR 50002435 (sz=40, trace=301961, nelems=0, elem type=int[])
ARR 50002436 (sz=40, trace=301962, nelems=0, elem type=int[])
ARR 50002437 (sz=40, trace=301963, nelems=0, elem type=int[])
OBJ 50002438 (sz=40, trace=301964, class=java.math.BigInteger@500010aa)
ARR 50002439 (sz=40, trace=301965, nelems=0, elem type=byte[])
OBJ 5000243a (sz=40, trace=301966, class=java.math.BigInteger@500010aa)
ARR 5000243b (sz=40, trace=301967, nelems=0, elem type=int[])
ARR 5000243c (sz=56, trace=301968, nelems=0, elem type=int[])
OBJ 5000243d (sz=40, trace=301969, class=java.math.BigInteger@500010aa)
OBJ 5000243e (sz=24, trace=301970, class=java.math.MutableBigInteger@50002419)
ARR 5000243f (sz=24, trace=301971, nelems=0, elem type=int[])
OBJ 50002440 (sz=24, trace=301972, class=java.math.MutableBigInteger@50002419)
OBJ 50002441 (sz=24, trace=301973, class=java.math.MutableBigInteger@50002419)
ARR 50002442 (sz=40, trace=301974, nelems=0, elem type=int[])
ARR 50002443 (sz=64, trace=301975, nelems=0, elem type=int[])
OBJ 50002444 (sz=24, trace=301976, class=java.math.MutableBigInteger@50002419)
ARR 50002445 (sz=40, trace=301977, nelems=0, elem type=int[])
ARR 50002446 (sz=24, trace=301978, nelems=0, elem type=int[])
ARR 50002447 (sz=40, trace=301979, nelems=0, elem type=int[])
OBJ 50002448 (sz=40, trace=301980, class=java.math.BigInteger@500010aa)
ARR 50002449 (sz=56, trace=301981, nelems=0, elem type=int[])
OBJ 5000244a (sz=40, trace=301982, class=java.math.BigInteger@500010aa)
OBJ 5000244b (sz=24, trace=301983, class=java.math.MutableBigInteger@50002419)
ARR 5000244c (sz=24, trace=301984, nelems=0, elem type=int[])
OBJ 5000244d (sz=24, trace=301985, class=java.math.MutableBigInteger@50002419)
OBJ 5000244e (sz=24, trace=301986, class=java.math.MutableBigInteger@50002419)
ARR 5000244f (sz=40, trace=301987, nelems=0, elem type=int[])
ARR 50002450 (sz=64, trace=301988, nelems=0, elem type=int[])
OBJ 50002451 (sz=24, trace=301976, class=java.math.MutableBigInteger@50002419)
ARR 50002452 (sz=40, trace=301989, nelems=0, elem type=int[])
ARR 50002453 (sz=24, trace=301990, nelems=0, elem type=int[])
ARR 50002454 (sz=40, trace=301979, nelems=0, elem type=int[])
OBJ 50002455 (sz=40, trace=301980, class=java.math.BigInteger@500010aa)
ARR 50002457 (sz=48, trace=301991, nelems=0, elem type=int[][]@50002456)
ARR 50002458 (sz=144, trace=301992, nelems=0, elem type=int[])
ARR 50002459 (sz=144, trace=301992, nelems=0, elem type=int[])
ARR 5000245a (sz=144, trace=301992, nelems=0, elem type=int[])
ARR 5000245b (sz=144, trace=301992, nelems=0, elem type=int[])
ARR 5000245c (sz=144, trace=301992, nelems=0, elem type=int[])
ARR 5000245d (sz=144, trace=301992, nelems=0, elem type=int[])
ARR 5000245e (sz=144, trace=301992, nelems=0, elem type=int[])
ARR 5000245f (sz=144, trace=301992, nelems=0, elem type=int[])
ARR 50002460 (sz=272, trace=301993, nelems=0, elem type=int[])
OBJ 50002461 (sz=24, trace=301994, class=java.math.MutableBigInteger@50002419)
ARR 50002462 (sz=24, trace=301995, nelems=0, elem type=int[])
OBJ 50002463 (sz=24, trace=301996, class=java.math.MutableBigInteger@50002419)
OBJ 50002464 (sz=24, trace=301997, class=java.math.MutableBigInteger@50002419)
ARR 50002465 (sz=144, trace=301998, nelems=0, elem type=int[])
ARR 50002466 (sz=280, trace=301999, nelems=0, elem type=int[])
OBJ 50002467 (sz=24, trace=302000, class=java.math.MutableBigInteger@50002419)
ARR 50002468 (sz=152, trace=302001, nelems=0, elem type=int[])
ARR 50002469 (sz=24, trace=302002, nelems=0, elem type=int[])
ARR 5000246a (sz=144, trace=302003, nelems=0, elem type=int[])
ARR 5000246b (sz=272, trace=302004, nelems=0, elem type=int[])
ARR 5000246c (sz=144, trace=302005, nelems=0, elem type=int[])
ARR 5000246d (sz=272, trace=302006, nelems=0, elem type=int[])
ARR 5000246e (sz=272, trace=302006, nelems=0, elem type=int[])
ARR 5000246f (sz=272, trace=302006, nelems=0, elem type=int[])
ARR 50002470 (sz=272, trace=302006, nelems=0, elem type=int[])
ARR 50002471 (sz=272, trace=302006, nelems=0, elem type=int[])
ARR 50002472 (sz=272, trace=302006, nelems=0, elem type=int[])
ARR 50002473 (sz=272, trace=302006, nelems=0, elem type=int[])
ARR 50002474 (sz=272, trace=302007, nelems=0, elem type=int[])
ARR 50002475 (sz=144, trace=302008, nelems=0, elem type=int[])
OBJ 50002476 (sz=40, trace=302009, class=java.math.BigInteger@500010aa)
ARR 50002477 (sz=144, trace=302010, nelems=0, elem type=int[])
ARR 50002478 (sz=48, trace=302011, nelems=0, elem type=int[][]@50002456)
ARR 50002479 (sz=144, trace=302012, nelems=0, elem type=int[])
ARR 5000247a (sz=144, trace=302012, nelems=0, elem type=int[])
ARR 5000247b (sz=144, trace=302012, nelems=0, elem type=int[])
ARR 5000247c (sz=144, trace=302012, nelems=0, elem type=int[])
ARR 5000247d (sz=144, trace=302012, nelems=0, elem type=int[])
ARR 5000247e (sz=144, trace=302012, nelems=0, elem type=int[])
ARR 5000247f (sz=144, trace=302012, nelems=0, elem type=int[])
ARR 50002480 (sz=144, trace=302012, nelems=0, elem type=int[])
ARR 50002481 (sz=272, trace=302013, nelems=0, elem type=int[])
OBJ 50002482 (sz=24, trace=302014, class=java.math.MutableBigInteger@50002419)
ARR 50002483 (sz=24, trace=302015, nelems=0, elem type=int[])
OBJ 50002484 (sz=24, trace=302016, class=java.math.MutableBigInteger@50002419)
OBJ 50002485 (sz=24, trace=302017, class=java.math.MutableBigInteger@50002419)
ARR 50002486 (sz=144, trace=301998, nelems=0, elem type=int[])
ARR 50002487 (sz=280, trace=301999, nelems=0, elem type=int[])
OBJ 50002488 (sz=24, trace=302000, class=java.math.MutableBigInteger@50002419)
ARR 50002489 (sz=152, trace=302001, nelems=0, elem type=int[])
ARR 5000248a (sz=24, trace=302002, nelems=0, elem type=int[])
ARR 5000248b (sz=144, trace=302018, nelems=0, elem type=int[])
ARR 5000248c (sz=272, trace=302019, nelems=0, elem type=int[])
ARR 5000248d (sz=144, trace=302020, nelems=0, elem type=int[])
ARR 5000248e (sz=272, trace=302021, nelems=0, elem type=int[])
ARR 5000248f (sz=272, trace=302021, nelems=0, elem type=int[])
ARR 50002490 (sz=272, trace=302021, nelems=0, elem type=int[])
ARR 50002491 (sz=272, trace=302021, nelems=0, elem type=int[])
ARR 50002492 (sz=272, trace=302021, nelems=0, elem type=int[])
ARR 50002493 (sz=272, trace=302021, nelems=0, elem type=int[])
ARR 50002494 (sz=272, trace=302021, nelems=0, elem type=int[])
ARR 50002495 (sz=272, trace=302022, nelems=0, elem type=int[])
ARR 50002496 (sz=144, trace=302023, nelems=0, elem type=int[])
OBJ 50002497 (sz=40, trace=302009, class=java.math.BigInteger@500010aa)
ARR 50002498 (sz=144, trace=302010, nelems=0, elem type=int[])
ARR 50002499 (sz=272, trace=302024, nelems=0, elem type=int[])
OBJ 5000249a (sz=40, trace=302025, class=java.math.BigInteger@500010aa)
OBJ 5000249b (sz=24, trace=302026, class=java.math.MutableBigInteger@50002419)
ARR 5000249c (sz=24, trace=302027, nelems=0, elem type=int[])
OBJ 5000249d (sz=24, trace=302028, class=java.math.MutableBigInteger@50002419)
OBJ 5000249e (sz=24, trace=302029, class=java.math.MutableBigInteger@50002419)
ARR 5000249f (sz=144, trace=302030, nelems=0, elem type=int[])
ARR 500024a0 (sz=280, trace=302031, nelems=0, elem type=int[])
OBJ 500024a1 (sz=24, trace=301976, class=java.math.MutableBigInteger@50002419)
ARR 500024a2 (sz=152, trace=302032, nelems=0, elem type=int[])
ARR 500024a3 (sz=24, trace=302033, nelems=0, elem type=int[])
ARR 500024a4 (sz=144, trace=301979, nelems=0, elem type=int[])
OBJ 500024a5 (sz=40, trace=301980, class=java.math.BigInteger@500010aa)
OBJ 500024a6 (sz=24, trace=302034, class=java.math.MutableBigInteger@50002419)
ARR 500024a7 (sz=24, trace=302035, nelems=0, elem type=int[])
OBJ 500024a8 (sz=24, trace=302036, class=java.math.MutableBigInteger@50002419)
OBJ 500024a9 (sz=24, trace=302037, class=java.math.MutableBigInteger@50002419)
ARR 500024aa (sz=40, trace=302038, nelems=0, elem type=int[])
ARR 500024ab (sz=152, trace=302039, nelems=0, elem type=int[])
OBJ 500024ac (sz=24, trace=301976, class=java.math.MutableBigInteger@50002419)
ARR 500024ad (sz=128, trace=302040, nelems=0, elem type=int[])
ARR 500024ae (sz=24, trace=302041, nelems=0, elem type=int[])
ARR 500024af (sz=40, trace=301979, nelems=0, elem type=int[])
OBJ 500024b0 (sz=40, trace=301980, class=java.math.BigInteger@500010aa)
ARR 500024b1 (sz=24, trace=302042, nelems=0, elem type=sun.security.pkcs.SignerInfo[]@50001e83)
OBJ 500024b2 (sz=16, trace=302043, class=sun.misc.BASE64Decoder@50000ce0)
ARR 500024b3 (sz=24, trace=302044, nelems=0, elem type=byte[])
OBJ 500024b4 (sz=24, trace=301703, class=sun.security.x509.X509AttributeName@50001c28)
OBJ 500024b5 (sz=32, trace=301602, class=java.lang.String@50000036)
OBJ 500024b6 (sz=32, trace=301603, class=java.lang.String@50000036)
OBJ 500024b7 (sz=24, trace=300273, class=java.util.ArrayList@5000011e)
ARR 500024b8 (sz=56, trace=302045, nelems=0, elem type=java.lang.Object[]@500000ac)
OBJ 500024b9 (sz=24, trace=302046, class=sun.security.x509.X509AttributeName@50001c28)
OBJ 500024ba (sz=32, trace=301602, class=java.lang.String@50000036)
OBJ 500024bb (sz=32, trace=301603, class=java.lang.String@50000036)
OBJ 500024bc (sz=24, trace=302047, class=sun.security.x509.X509AttributeName@50001c28)
OBJ 500024bd (sz=32, trace=301602, class=java.lang.String@50000036)
OBJ 500024be (sz=32, trace=301603, class=java.lang.String@50000036)
OBJ 500024bf (sz=24, trace=302048, class=sun.security.x509.X509AttributeName@50001c28)
OBJ 500024c0 (sz=32, trace=301602, class=java.lang.String@50000036)
OBJ 500024c1 (sz=32, trace=301603, class=java.lang.String@50000036)
OBJ 500024c2 (sz=24, trace=302049, class=sun.security.x509.X509AttributeName@50001c28)
OBJ 500024c3 (sz=32, trace=301602, class=java.lang.String@50000036)
OBJ 500024c4 (sz=32, trace=301603, class=java.lang.String@50000036)
OBJ 500024c5 (sz=24, trace=302049, class=sun.security.x509.X509AttributeName@50001c28)
OBJ 500024c6 (sz=32, trace=301602, class=java.lang.String@50000036)
OBJ 500024c7 (sz=32, trace=301603, class=java.lang.String@50000036)
OBJ 500024c8 (sz=24, trace=301859, class=java.lang.StringBuilder@5000004d)
ARR 500024c9 (sz=112, trace=301860, nelems=0, elem type=char[])
OBJ 500024ca (sz=24, trace=301706, class=java.lang.StringBuilder@5000004d)
ARR 500024cb (sz=96, trace=301707, nelems=0, elem type=char[])
ARR 500024cc (sz=40, trace=301821, nelems=0, elem type=byte[])
OBJ 500024cd (sz=32, trace=301822, class=java.lang.String@50000036)
ARR 500024ce (sz=56, trace=301598, nelems=0, elem type=char[])
OBJ 500024cf (sz=48, trace=300053, class=java.nio.HeapByteBuffer@50000087)
OBJ 500024d0 (sz=48, trace=300054, class=java.nio.HeapCharBuffer@500000a5)
OBJ 500024d1 (sz=24, trace=301823, class=java.lang.StringBuilder@5000004d)
ARR 500024d2 (sz=48, trace=301824, nelems=0, elem type=char[])
ARR 500024d3 (sz=88, trace=300038, nelems=0, elem type=char[])
OBJ 500024d4 (sz=32, trace=301825, class=java.lang.String@50000036)
ARR 500024d5 (sz=56, trace=301826, nelems=0, elem type=char[])
OBJ 500024d6 (sz=32, trace=301827, class=java.lang.String@50000036)
ARR 500024d7 (sz=64, trace=301828, nelems=0, elem type=char[])
ARR 500024d8 (sz=64, trace=301829, nelems=0, elem type=char[])
OBJ 500024d9 (sz=32, trace=301830, class=java.lang.String@50000036)
ARR 500024da (sz=44, trace=301831, nelems=22, elem type=char[])
OBJ 500024db (sz=32, trace=301832, class=java.lang.String@50000036)
	value		500024da
OBJ 500024dc (sz=24, trace=301706, class=java.lang.StringBuilder@5000004d)
ARR 500024dd (sz=96, trace=301707, nelems=0, elem type=char[])
ARR 500024de (sz=48, trace=301821, nelems=0, elem type=byte[])
OBJ 500024df (sz=32, trace=301822, class=java.lang.String@50000036)
ARR 500024e0 (sz=72, trace=301598, nelems=0, elem type=char[])
OBJ 500024e1 (sz=48, trace=300053, class=java.nio.HeapByteBuffer@50000087)
OBJ 500024e2 (sz=48, trace=300054, class=java.nio.HeapCharBuffer@500000a5)
OBJ 500024e3 (sz=24, trace=301823, class=java.lang.StringBuilder@5000004d)
ARR 500024e4 (sz=48, trace=301824, nelems=0, elem type=char[])
ARR 500024e5 (sz=88, trace=300038, nelems=0, elem type=char[])
OBJ 500024e6 (sz=32, trace=301825, class=java.lang.String@50000036)
ARR 500024e7 (sz=72, trace=301826, nelems=0, elem type=char[])
OBJ 500024e8 (sz=32, trace=301827, class=java.lang.String@50000036)
ARR 500024e9 (sz=80, trace=301828, nelems=0, elem type=char[])
ARR 500024ea (sz=80, trace=301829, nelems=0, elem type=char[])
OBJ 500024eb (sz=32, trace=301830, class=java.lang.String@50000036)
ARR 500024ec (sz=58, trace=301831, nelems=29, elem type=char[])
OBJ 500024ed (sz=32, trace=301832, class=java.lang.String@50000036)
	value		500024ec
ARR 500024ee (sz=216, trace=300030, nelems=0, elem type=char[])
OBJ 500024ef (sz=24, trace=301706, class=java.lang.StringBuilder@5000004d)
ARR 500024f0 (sz=96, trace=301707, nelems=0, elem type=char[])
ARR 500024f1 (sz=40, trace=301821, nelems=0, elem type=byte[])
OBJ 500024f2 (sz=32, trace=301822, class=java.lang.String@50000036)
ARR 500024f3 (sz=56, trace=301598, nelems=0, elem type=char[])
OBJ 500024f4 (sz=48, trace=300053, class=java.nio.HeapByteBuffer@50000087)
OBJ 500024f5 (sz=48, trace=300054, class=java.nio.HeapCharBuffer@500000a5)
OBJ 500024f6 (sz=24, trace=301823, class=java.lang.StringBuilder@5000004d)
ARR 500024f7 (sz=48, trace=301824, nelems=0, elem type=char[])
ARR 500024f8 (sz=88, trace=300038, nelems=0, elem type=char[])
OBJ 500024f9 (sz=32, trace=301825, class=java.lang.String@50000036)
ARR 500024fa (sz=56, trace=301826, nelems=0, elem type=char[])
OBJ 500024fb (sz=32, trace=301827, class=java.lang.String@50000036)
ARR 500024fc (sz=64, trace=301828, nelems=0, elem type=char[])
ARR 500024fd (sz=64, trace=301829, nelems=0, elem type=char[])
OBJ 500024fe (sz=32, trace=301830, class=java.lang.String@50000036)
ARR 500024ff (sz=44, trace=301831, nelems=22, elem type=char[])
OBJ 50002500 (sz=32, trace=301832, class=java.lang.String@50000036)
	value		500024ff
OBJ 50002501 (sz=24, trace=301706, class=java.lang.StringBuilder@5000004d)
ARR 50002502 (sz=96, trace=301707, nelems=0, elem type=char[])
ARR 50002503 (sz=32, trace=301821, nelems=0, elem type=byte[])
OBJ 50002504 (sz=32, trace=301822, class=java.lang.String@50000036)
ARR 50002505 (sz=40, trace=301598, nelems=0, elem type=char[])
OBJ 50002506 (sz=48, trace=300053, class=java.nio.HeapByteBuffer@50000087)
OBJ 50002507 (sz=48, trace=300054, class=java.nio.HeapCharBuffer@500000a5)
OBJ 50002508 (sz=24, trace=301823, class=java.lang.StringBuilder@5000004d)
ARR 50002509 (sz=48, trace=301824, nelems=0, elem type=char[])
OBJ 5000250a (sz=32, trace=301825, class=java.lang.String@50000036)
ARR 5000250b (sz=40, trace=301826, nelems=0, elem type=char[])
OBJ 5000250c (sz=32, trace=301827, class=java.lang.String@50000036)
ARR 5000250d (sz=40, trace=301828, nelems=0, elem type=char[])
ARR 5000250e (sz=40, trace=301829, nelems=0, elem type=char[])
OBJ 5000250f (sz=32, trace=301830, class=java.lang.String@50000036)
ARR 50002510 (sz=22, trace=301831, nelems=11, elem type=char[])
OBJ 50002511 (sz=32, trace=301832, class=java.lang.String@50000036)
	value		50002510
OBJ 50002512 (sz=24, trace=301706, class=java.lang.StringBuilder@5000004d)
ARR 50002513 (sz=96, trace=301707, nelems=0, elem type=char[])
ARR 50002514 (sz=24, trace=301821, nelems=0, elem type=byte[])
OBJ 50002515 (sz=32, trace=301822, class=java.lang.String@50000036)
ARR 50002516 (sz=24, trace=301598, nelems=0, elem type=char[])
OBJ 50002517 (sz=48, trace=300053, class=java.nio.HeapByteBuffer@50000087)
OBJ 50002518 (sz=48, trace=300054, class=java.nio.HeapCharBuffer@500000a5)
OBJ 50002519 (sz=24, trace=301823, class=java.lang.StringBuilder@5000004d)
ARR 5000251a (sz=48, trace=301824, nelems=0, elem type=char[])
OBJ 5000251b (sz=32, trace=301825, class=java.lang.String@50000036)
ARR 5000251c (sz=24, trace=301826, nelems=0, elem type=char[])
OBJ 5000251d (sz=32, trace=301827, class=java.lang.String@50000036)
ARR 5000251e (sz=32, trace=301828, nelems=0, elem type=char[])
ARR 5000251f (sz=10, trace=301831, nelems=5, elem type=char[])
OBJ 50002520 (sz=32, trace=301832, class=java.lang.String@50000036)
	value		5000251f
OBJ 50002521 (sz=24, trace=301706, class=java.lang.StringBuilder@5000004d)
ARR 50002522 (sz=96, trace=301707, nelems=0, elem type=char[])
ARR 50002523 (sz=24, trace=301821, nelems=0, elem type=byte[])
OBJ 50002524 (sz=32, trace=301822, class=java.lang.String@50000036)
ARR 50002525 (sz=24, trace=301598, nelems=0, elem type=char[])
OBJ 50002526 (sz=48, trace=300053, class=java.nio.HeapByteBuffer@50000087)
OBJ 50002527 (sz=48, trace=300054, class=java.nio.HeapCharBuffer@500000a5)
OBJ 50002528 (sz=24, trace=301823, class=java.lang.StringBuilder@5000004d)
ARR 50002529 (sz=48, trace=301824, nelems=0, elem type=char[])
OBJ 5000252a (sz=32, trace=301825, class=java.lang.String@50000036)
ARR 5000252b (sz=24, trace=301826, nelems=0, elem type=char[])
OBJ 5000252c (sz=32, trace=301827, class=java.lang.String@50000036)
ARR 5000252d (sz=24, trace=301828, nelems=0, elem type=char[])
ARR 5000252e (sz=8, trace=301831, nelems=4, elem type=char[])
OBJ 5000252f (sz=32, trace=301832, class=java.lang.String@50000036)
	value		5000252e
OBJ 50002530 (sz=32, trace=301861, class=java.lang.String@50000036)
	value		50002531
ARR 50002531 (sz=196, trace=301858, nelems=98, elem type=char[])
OBJ 50002532 (sz=24, trace=302050, class=sun.security.x509.X509AttributeName@50001c28)
OBJ 50002533 (sz=32, trace=301602, class=java.lang.String@50000036)
OBJ 50002534 (sz=32, trace=301603, class=java.lang.String@50000036)
OBJ 50002535 (sz=24, trace=302051, class=sun.security.x509.X509AttributeName@50001c28)
OBJ 50002536 (sz=32, trace=301602, class=java.lang.String@50000036)
OBJ 50002537 (sz=32, trace=301603, class=java.lang.String@50000036)
OBJ 50002538 (sz=24, trace=301859, class=java.lang.StringBuilder@5000004d)
ARR 50002539 (sz=112, trace=301860, nelems=0, elem type=char[])
OBJ 5000253a (sz=24, trace=301706, class=java.lang.StringBuilder@5000004d)
ARR 5000253b (sz=96, trace=301707, nelems=0, elem type=char[])
ARR 5000253c (sz=40, trace=301821, nelems=0, elem type=byte[])
OBJ 5000253d (sz=32, trace=301822, class=java.lang.String@50000036)
ARR 5000253e (sz=56, trace=301598, nelems=0, elem type=char[])
OBJ 5000253f (sz=48, trace=300053, class=java.nio.HeapByteBuffer@50000087)
OBJ 50002540 (sz=48, trace=300054, class=java.nio.HeapCharBuffer@500000a5)
OBJ 50002541 (sz=24, trace=301823, class=java.lang.StringBuilder@5000004d)
ARR 50002542 (sz=48, trace=301824, nelems=0, elem type=char[])
ARR 50002543 (sz=88, trace=300038, nelems=0, elem type=char[])
OBJ 50002544 (sz=32, trace=301825, class=java.lang.String@50000036)
ARR 50002545 (sz=56, trace=301826, nelems=0, elem type=char[])
OBJ 50002546 (sz=32, trace=301827, class=java.lang.String@50000036)
ARR 50002547 (sz=64, trace=301828, nelems=0, elem type=char[])
ARR 50002548 (sz=64, trace=301829, nelems=0, elem type=char[])
OBJ 50002549 (sz=32, trace=301830, class=java.lang.String@50000036)
ARR 5000254a (sz=44, trace=301831, nelems=22, elem type=char[])
OBJ 5000254b (sz=32, trace=301832, class=java.lang.String@50000036)
	value		5000254a
OBJ 5000254c (sz=24, trace=301706, class=java.lang.StringBuilder@5000004d)
ARR 5000254d (sz=96, trace=301707, nelems=0, elem type=char[])
ARR 5000254e (sz=48, trace=301821, nelems=0, elem type=byte[])
OBJ 5000254f (sz=32, trace=301822, class=java.lang.String@50000036)
ARR 50002550 (sz=72, trace=301598, nelems=0, elem type=char[])
OBJ 50002551 (sz=48, trace=300053, class=java.nio.HeapByteBuffer@50000087)
OBJ 50002552 (sz=48, trace=300054, class=java.nio.HeapCharBuffer@500000a5)
OBJ 50002553 (sz=24, trace=301823, class=java.lang.StringBuilder@5000004d)
ARR 50002554 (sz=48, trace=301824, nelems=0, elem type=char[])
ARR 50002555 (sz=88, trace=300038, nelems=0, elem type=char[])
OBJ 50002556 (sz=32, trace=301825, class=java.lang.String@50000036)
ARR 50002557 (sz=72, trace=301826, nelems=0, elem type=char[])
OBJ 50002558 (sz=32, trace=301827, class=java.lang.String@50000036)
ARR 50002559 (sz=80, trace=301828, nelems=0, elem type=char[])
ARR 5000255a (sz=80, trace=301829, nelems=0, elem type=char[])
OBJ 5000255b (sz=32, trace=301830, class=java.lang.String@50000036)
ARR 5000255c (sz=58, trace=301831, nelems=29, elem type=char[])
OBJ 5000255d (sz=32, trace=301832, class=java.lang.String@50000036)
	value		5000255c
ARR 5000255e (sz=216, trace=300030, nelems=0, elem type=char[])
OBJ 5000255f (sz=24, trace=301706, class=java.lang.StringBuilder@5000004d)
ARR 50002560 (sz=96, trace=301707, nelems=0, elem type=char[])
ARR 50002561 (sz=40, trace=301821, nelems=0, elem type=byte[])
OBJ 50002562 (sz=32, trace=301822, class=java.lang.String@50000036)
ARR 50002563 (sz=56, trace=301598, nelems=0, elem type=char[])
OBJ 50002564 (sz=48, trace=300053, class=java.nio.HeapByteBuffer@50000087)
OBJ 50002565 (sz=48, trace=300054, class=java.nio.HeapCharBuffer@500000a5)
OBJ 50002566 (sz=24, trace=301823, class=java.lang.StringBuilder@5000004d)
ARR 50002567 (sz=48, trace=301824, nelems=0, elem type=char[])
ARR 50002568 (sz=88, trace=300038, nelems=0, elem type=char[])
OBJ 50002569 (sz=32, trace=301825, class=java.lang.String@50000036)
ARR 5000256a (sz=56, trace=301826, nelems=0, elem type=char[])
OBJ 5000256b (sz=32, trace=301827, class=java.lang.String@50000036)
ARR 5000256c (sz=64, trace=301828, nelems=0, elem type=char[])
ARR 5000256d (sz=64, trace=301829, nelems=0, elem type=char[])
OBJ 5000256e (sz=32, trace=301830, class=java.lang.String@50000036)
ARR 5000256f (sz=44, trace=301831, nelems=22, elem type=char[])
OBJ 50002570 (sz=32, trace=301832, class=java.lang.String@50000036)
	value		5000256f
OBJ 50002571 (sz=24, trace=301706, class=java.lang.StringBuilder@5000004d)
ARR 50002572 (sz=96, trace=301707, nelems=0, elem type=char[])
ARR 50002573 (sz=32, trace=301821, nelems=0, elem type=byte[])
OBJ 50002574 (sz=32, trace=301822, class=java.lang.String@50000036)
ARR 50002575 (sz=40, trace=301598, nelems=0, elem type=char[])
OBJ 50002576 (sz=48, trace=300053, class=java.nio.HeapByteBuffer@50000087)
OBJ 50002577 (sz=48, trace=300054, class=java.nio.HeapCharBuffer@500000a5)
OBJ 50002578 (sz=24, trace=301823, class=java.lang.StringBuilder@5000004d)
ARR 50002579 (sz=48, trace=301824, nelems=0, elem type=char[])
OBJ 5000257a (sz=32, trace=301825, class=java.lang.String@50000036)
ARR 5000257b (sz=40, trace=301826, nelems=0, elem type=char[])
OBJ 5000257c (sz=32, trace=301827, class=java.lang.String@50000036)
ARR 5000257d (sz=40, trace=301828, nelems=0, elem type=char[])
ARR 5000257e (sz=40, trace=301829, nelems=0, elem type=char[])
OBJ 5000257f (sz=32, trace=301830, class=java.lang.String@50000036)
ARR 50002580 (sz=22, trace=301831, nelems=11, elem type=char[])
OBJ 50002581 (sz=32, trace=301832, class=java.lang.String@50000036)
	value		50002580
OBJ 50002582 (sz=24, trace=301706, class=java.lang.StringBuilder@5000004d)
ARR 50002583 (sz=96, trace=301707, nelems=0, elem type=char[])
ARR 50002584 (sz=24, trace=301821, nelems=0, elem type=byte[])
OBJ 50002585 (sz=32, trace=301822, class=java.lang.String@50000036)
ARR 50002586 (sz=24, trace=301598, nelems=0, elem type=char[])
OBJ 50002587 (sz=48, trace=300053, class=java.nio.HeapByteBuffer@50000087)
OBJ 50002588 (sz=48, trace=300054, class=java.nio.HeapCharBuffer@500000a5)
OBJ 50002589 (sz=24, trace=301823, class=java.lang.StringBuilder@5000004d)
ARR 5000258a (sz=48, trace=301824, nelems=0, elem type=char[])
OBJ 5000258b (sz=32, trace=301825, class=java.lang.String@50000036)
ARR 5000258c (sz=24, trace=301826, nelems=0, elem type=char[])
OBJ 5000258d (sz=32, trace=301827, class=java.lang.String@50000036)
ARR 5000258e (sz=32, trace=301828, nelems=0, elem type=char[])
ARR 5000258f (sz=10, trace=301831, nelems=5, elem type=char[])
OBJ 50002590 (sz=32, trace=301832, class=java.lang.String@50000036)
	value		5000258f
OBJ 50002591 (sz=24, trace=301706, class=java.lang.StringBuilder@5000004d)
ARR 50002592 (sz=96, trace=301707, nelems=0, elem type=char[])
ARR 50002593 (sz=24, trace=301821, nelems=0, elem type=byte[])
OBJ 50002594 (sz=32, trace=301822, class=java.lang.String@50000036)
ARR 50002595 (sz=24, trace=301598, nelems=0, elem type=char[])
OBJ 50002596 (sz=48, trace=300053, class=java.nio.HeapByteBuffer@50000087)
OBJ 50002597 (sz=48, trace=300054, class=java.nio.HeapCharBuffer@500000a5)
OBJ 50002598 (sz=24, trace=301823, class=java.lang.StringBuilder@5000004d)
ARR 50002599 (sz=48, trace=301824, nelems=0, elem type=char[])
OBJ 5000259a (sz=32, trace=301825, class=java.lang.String@50000036)
ARR 5000259b (sz=24, trace=301826, nelems=0, elem type=char[])
OBJ 5000259c (sz=32, trace=301827, class=java.lang.String@50000036)
ARR 5000259d (sz=24, trace=301828, nelems=0, elem type=char[])
ARR 5000259e (sz=8, trace=301831, nelems=4, elem type=char[])
OBJ 5000259f (sz=32, trace=301832, class=java.lang.String@50000036)
	value		5000259e
OBJ 500025a0 (sz=32, trace=301861, class=java.lang.String@50000036)
	value		500025a1
ARR 500025a1 (sz=196, trace=301858, nelems=98, elem type=char[])
OBJ 500025a4 (sz=24, trace=302053, class=java.util.ArrayList@5000011e)
	elementData	500025a5
ARR 500025a5 (sz=24, trace=302054, nelems=2, elem type=java.lang.Object[]@500000ac)
	[0]		50003ddc
	[1]		50003ddd
OBJ 500025a7 (sz=16, trace=302056, class=java.util.Collections$UnmodifiableCollection@500025a6)
	c		500025a4
OBJ 500025a8 (sz=24, trace=302057, class=sun.security.provider.certpath.X509CertPath@500025a3)
	type		50003a14
	certs		500025ad
OBJ 500025a9 (sz=24, trace=302058, class=java.util.ArrayList@5000011e)
	elementData	500025aa
ARR 500025aa (sz=24, trace=302059, nelems=2, elem type=java.lang.Object[]@500000ac)
	[0]		500017a2
	[1]		50001c3a
OBJ 500025ad (sz=24, trace=302061, class=java.util.Collections$UnmodifiableRandomAccessList@500025ac)
	c		500025a9
	list		500025a9
OBJ 500025af (sz=24, trace=302063, class=java.util.Collections$UnmodifiableCollection$1@500025ae)
OBJ 500025b0 (sz=32, trace=302064, class=java.util.AbstractList$Itr@50000d05)
OBJ 500025b1 (sz=24, trace=300273, class=java.util.ArrayList@5000011e)
ARR 500025b2 (sz=56, trace=302065, nelems=0, elem type=java.lang.Object[]@500000ac)
OBJ 500025b3 (sz=24, trace=302066, class=java.security.CodeSigner@50000cc1)
	signerCertPath	500025a8
ARR 500025b4 (sz=24, trace=302067, nelems=1, elem type=java.security.CodeSigner[]@50000cc2)
	[0]		500025b3
OBJ 500025b5 (sz=16, trace=301080, class=java.util.HashMap$EntrySet@5000145e)
OBJ 500025b8 (sz=40, trace=302069, class=java.util.HashMap$EntryIterator@500025b7)
OBJ 500025b9 (sz=16, trace=301080, class=java.util.HashMap$EntrySet@5000145e)
OBJ 500025ba (sz=40, trace=302069, class=java.util.HashMap$EntryIterator@500025b7)
ARR 500025bb (sz=88, trace=302070, nelems=0, elem type=char[])
OBJ 500025bc (sz=32, trace=302071, class=java.lang.String@50000036)
ARR 500025bd (sz=40, trace=302070, nelems=0, elem type=char[])
OBJ 500025be (sz=32, trace=302071, class=java.lang.String@50000036)
ARR 500025bf (sz=56, trace=302070, nelems=0, elem type=char[])
OBJ 500025c0 (sz=32, trace=302071, class=java.lang.String@50000036)
OBJ 500025c1 (sz=32, trace=302072, class=java.lang.String@50000036)
OBJ 500025c2 (sz=48, trace=302073, class=java.util.HashMap@500000cb)
ARR 500025c3 (sz=80, trace=302074, nelems=0, elem type=java.util.HashMap$Entry[]@50000054)
OBJ 500025c4 (sz=24, trace=301076, class=java.security.Provider$ServiceKey@50000e7a)
OBJ 500025c5 (sz=56, trace=301922, class=sun.security.provider.SHA@500023f3)
ARR 500025c6 (sz=80, trace=301923, nelems=0, elem type=byte[])
ARR 500025c7 (sz=40, trace=301924, nelems=0, elem type=int[])
ARR 500025c8 (sz=336, trace=301925, nelems=0, elem type=int[])
OBJ 500025c9 (sz=24, trace=301130, class=sun.security.jca.GetInstance$Instance@50001788)
ARR 500025ca (sz=24, trace=302075, nelems=0, elem type=java.lang.Object[]@500000ac)
OBJ 500025cb (sz=32, trace=301928, class=java.security.MessageDigest$Delegate@50002402)
OBJ 500025cc (sz=32, trace=302076, class=java.util.HashMap$Entry@50000053)
ARR 500025cd (sz=40, trace=302077, nelems=0, elem type=byte[])
ARR 500025ce (sz=48, trace=302078, nelems=0, elem type=byte[])
OBJ 500025cf (sz=32, trace=302079, class=java.io.ByteArrayInputStream@50000a72)
OBJ 500025d0 (sz=24, trace=302080, class=java.io.ByteArrayOutputStream@50000cce)
ARR 500025d1 (sz=48, trace=302081, nelems=0, elem type=byte[])
OBJ 500025d3 (sz=24, trace=302083, class=java.io.PushbackInputStream@500025d2)
ARR 500025d4 (sz=24, trace=302084, nelems=0, elem type=byte[])
OBJ 500025d6 (sz=32, trace=302086, class=sun.misc.CEStreamExhausted@500025d5)
ARR 500025d7 (sz=40, trace=302087, nelems=0, elem type=byte[])
ARR 500025d8 (sz=56, trace=302070, nelems=0, elem type=char[])
OBJ 500025d9 (sz=32, trace=302071, class=java.lang.String@50000036)
OBJ 500025da (sz=32, trace=302088, class=java.util.Hashtable$Entry@500000fd)
	key		50001f6a
	value		500025b4
OBJ 500025db (sz=32, trace=302089, class=java.util.Hashtable$Entry@500000fd)
	key		50001f7a
	value		500025b4
OBJ 500025dc (sz=32, trace=302089, class=java.util.Hashtable$Entry@500000fd)
	key		50001f8a
	value		500025b4
OBJ 500025dd (sz=32, trace=302089, class=java.util.Hashtable$Entry@500000fd)
	key		50001f9a
	value		500025b4
	next		500025df
OBJ 500025de (sz=32, trace=302089, class=java.util.Hashtable$Entry@500000fd)
	key		50001faa
	value		500025b4
	next		500025e1
OBJ 500025df (sz=32, trace=302089, class=java.util.Hashtable$Entry@500000fd)
	key		50001fba
	value		500025b4
OBJ 500025e0 (sz=32, trace=302089, class=java.util.Hashtable$Entry@500000fd)
	key		50001fca
	value		500025b4
OBJ 500025e1 (sz=32, trace=302089, class=java.util.Hashtable$Entry@500000fd)
	key		50001fe0
	value		500025b4
ARR 500025e2 (sz=112, trace=302090, nelems=0, elem type=java.util.Hashtable$Entry[]@500000fe)
OBJ 500025e3 (sz=32, trace=302089, class=java.util.Hashtable$Entry@500000fd)
	key		50001ff0
	value		500025b4
OBJ 500025e4 (sz=32, trace=302089, class=java.util.Hashtable$Entry@500000fd)
	key		50002000
	value		500025b4
OBJ 500025e5 (sz=32, trace=302089, class=java.util.Hashtable$Entry@500000fd)
	key		50002020
	value		500025b4
	next		500025ea
OBJ 500025e6 (sz=32, trace=302089, class=java.util.Hashtable$Entry@500000fd)
	key		50002010
	value		500025b4
OBJ 500025e7 (sz=32, trace=302089, class=java.util.Hashtable$Entry@500000fd)
	key		50002030
	value		500025b4
	next		500025e6
OBJ 500025e8 (sz=32, trace=302089, class=java.util.Hashtable$Entry@500000fd)
	key		50002041
	value		500025b4
OBJ 500025e9 (sz=32, trace=302089, class=java.util.Hashtable$Entry@500000fd)
	key		50002051
	value		500025b4
OBJ 500025ea (sz=32, trace=302089, class=java.util.Hashtable$Entry@500000fd)
	key		50002061
	value		500025b4
	next		500025e7
OBJ 500025eb (sz=32, trace=302089, class=java.util.Hashtable$Entry@500000fd)
	key		50002071
	value		500025b4
ARR 500025ec (sz=208, trace=302090, nelems=45, elem type=java.util.Hashtable$Entry[]@500000fe)
	[0]		500025f5
	[6]		500025f8
	[12]		500025ef
	[13]		500025dc
	[14]		500025f0
	[17]		500025e0
	[18]		500025db
	[20]		500025e5
	[22]		500025f7
	[23]		500025de
	[26]		500025ed
	[27]		500025e4
	[28]		500025eb
	[29]		500025f9
	[30]		500025e8
	[32]		500025f3
	[36]		500025f2
	[37]		500025f4
	[40]		500025da
	[41]		500025f1
	[44]		500025f6
OBJ 500025ed (sz=32, trace=302089, class=java.util.Hashtable$Entry@500000fd)
	key		50002081
	value		500025b4
OBJ 500025ee (sz=32, trace=302089, class=java.util.Hashtable$Entry@500000fd)
	key		50002091
	value		500025b4
OBJ 500025ef (sz=32, trace=302089, class=java.util.Hashtable$Entry@500000fd)
	key		500020a1
	value		500025b4
	next		500025dd
OBJ 500025f0 (sz=32, trace=302089, class=java.util.Hashtable$Entry@500000fd)
	key		500020b1
	value		500025b4
OBJ 500025f1 (sz=32, trace=302089, class=java.util.Hashtable$Entry@500000fd)
	key		500020c1
	value		500025b4
OBJ 500025f2 (sz=32, trace=302089, class=java.util.Hashtable$Entry@500000fd)
	key		500020d7
	value		500025b4
OBJ 500025f3 (sz=32, trace=302089, class=java.util.Hashtable$Entry@500000fd)
	key		500020ed
	value		500025b4
OBJ 500025f4 (sz=32, trace=302089, class=java.util.Hashtable$Entry@500000fd)
	key		500020fd
	value		500025b4
OBJ 500025f5 (sz=32, trace=302089, class=java.util.Hashtable$Entry@500000fd)
	key		5000210e
	value		500025b4
OBJ 500025f6 (sz=32, trace=302089, class=java.util.Hashtable$Entry@500000fd)
	key		5000211e
	value		500025b4
	next		500025e9
OBJ 500025f7 (sz=32, trace=302089, class=java.util.Hashtable$Entry@500000fd)
	key		50002134
	value		500025b4
	next		500025e3
OBJ 500025f8 (sz=32, trace=302089, class=java.util.Hashtable$Entry@500000fd)
	key		50002154
	value		500025b4
	next		500025ee
OBJ 500025f9 (sz=32, trace=302089, class=java.util.Hashtable$Entry@500000fd)
	key		50002144
	value		500025b4
OBJ 500025fa (sz=32, trace=302089, class=java.util.Hashtable$Entry@500000fd)
OBJ 500025fb (sz=64, trace=300120, class=java.util.zip.ZipEntry@5000021b)
OBJ 500025fc (sz=80, trace=300122, class=java.util.jar.JarFile$JarFileEntry@5000021e)
OBJ 500025fd (sz=64, trace=300120, class=java.util.zip.ZipEntry@5000021b)
OBJ 500025fe (sz=80, trace=300122, class=java.util.jar.JarFile$JarFileEntry@5000021e)
ARR 500025ff (sz=120, trace=300292, nelems=0, elem type=byte[])
OBJ 50002600 (sz=48, trace=300126, class=java.util.zip.ZipFile$ZipFileInputStream@50000223)
	this$0		50000a53
OBJ 50002601 (sz=40, trace=300066, class=java.lang.ref.Finalizer@500000f9)
	referent	50002600
	queue		500032ae
	next		50001264
	prev		5000260c
OBJ 50002602 (sz=56, trace=300140, class=java.util.zip.ZipFile$1@50000268)
ARR 50002603 (sz=24, trace=300141, nelems=0, elem type=byte[])
ARR 50002604 (sz=528, trace=300142, nelems=0, elem type=byte[])
ARR 50002605 (sz=120, trace=300143, nelems=0, elem type=byte[])
OBJ 50002606 (sz=32, trace=300194, class=java.io.DataInputStream@50000222)
ARR 50002607 (sz=96, trace=300293, nelems=0, elem type=byte[])
ARR 50002608 (sz=176, trace=300294, nelems=0, elem type=char[])
ARR 50002609 (sz=24, trace=300295, nelems=0, elem type=byte[])
OBJ 5000260b (sz=48, trace=300126, class=java.util.zip.ZipFile$ZipFileInputStream@50000223)
	this$0		50000a53
OBJ 5000260c (sz=40, trace=300066, class=java.lang.ref.Finalizer@500000f9)
	referent	5000260b
	queue		500032ae
	next		50002601
	prev		50002bb4
OBJ 5000260d (sz=56, trace=300140, class=java.util.zip.ZipFile$1@50000268)
ARR 5000260e (sz=24, trace=300141, nelems=0, elem type=byte[])
ARR 5000260f (sz=528, trace=300142, nelems=0, elem type=byte[])
ARR 50002610 (sz=102, trace=300143, nelems=102, elem type=byte[])
OBJ 50002611 (sz=32, trace=302092, class=java.util.jar.JarVerifier$VerifierStream@5000260a)
OBJ 50002612 (sz=48, trace=302093, class=sun.security.util.ManifestEntryVerifier@50000cd6)
OBJ 50002613 (sz=48, trace=300283, class=java.util.HashMap@500000cb)
ARR 50002614 (sz=80, trace=302094, nelems=0, elem type=java.util.HashMap$Entry[]@50000054)
OBJ 50002615 (sz=24, trace=300273, class=java.util.ArrayList@5000011e)
ARR 50002616 (sz=56, trace=302095, nelems=0, elem type=java.lang.Object[]@500000ac)
OBJ 50002617 (sz=24, trace=300273, class=java.util.ArrayList@5000011e)
ARR 50002618 (sz=56, trace=302096, nelems=0, elem type=java.lang.Object[]@500000ac)
OBJ 50002619 (sz=16, trace=302097, class=sun.misc.BASE64Decoder@50000ce0)
ARR 5000261a (sz=24, trace=302098, nelems=0, elem type=byte[])
OBJ 5000261b (sz=16, trace=301080, class=java.util.HashMap$EntrySet@5000145e)
	this$0		50000caf
OBJ 5000261c (sz=40, trace=302069, class=java.util.HashMap$EntryIterator@500025b7)
ARR 5000261d (sz=40, trace=302099, nelems=0, elem type=char[])
OBJ 5000261e (sz=32, trace=302100, class=java.lang.String@50000036)
OBJ 5000261f (sz=32, trace=302101, class=java.lang.String@50000036)
OBJ 50002621 (sz=96, trace=300442, class=sun.security.provider.Sun@50001230)
	table		5000280f
	name		50003b6a
	info		50003b69
	legacyStrings	50002630
	legacyMap	50002819
ARR 50002622 (sz=64, trace=300443, nelems=0, elem type=java.util.Hashtable$Entry[]@500000fe)
OBJ 50002623 (sz=32, trace=300444, class=java.util.Hashtable$Entry@500000fd)
	key		50003ae9
	value		50003b6a
OBJ 50002624 (sz=40, trace=300458, class=sun.misc.FloatingDecimal@50000f1b)
ARR 50002625 (sz=56, trace=300843, nelems=0, elem type=char[])
OBJ 50002626 (sz=32, trace=300461, class=java.lang.String@50000036)
	value		50002627
ARR 50002627 (sz=6, trace=300462, nelems=3, elem type=char[])
OBJ 50002628 (sz=32, trace=300463, class=java.util.Hashtable$Entry@500000fd)
	key		50003aea
	value		50002626
OBJ 50002629 (sz=32, trace=300464, class=java.util.Hashtable$Entry@500000fd)
	key		50003aeb
	value		50003b69
OBJ 5000262a (sz=32, trace=300465, class=java.util.Hashtable$Entry@500000fd)
	key		50003aec
	value		50003b66
OBJ 5000262b (sz=24, trace=300861, class=java.lang.StringBuilder@5000004d)
ARR 5000262c (sz=48, trace=300862, nelems=0, elem type=char[])
ARR 5000262d (sz=88, trace=300030, nelems=0, elem type=char[])
OBJ 5000262e (sz=32, trace=300863, class=java.lang.String@50000036)
ARR 5000262f (sz=64, trace=300864, nelems=0, elem type=char[])
OBJ 50002630 (sz=56, trace=300865, class=java.util.LinkedHashMap@500000e0)
	table		50002782
	entrySet	5000281c
	header		50002632
ARR 50002631 (sz=80, trace=300866, nelems=0, elem type=java.util.HashMap$Entry[]@50000054)
OBJ 50002632 (sz=40, trace=300867, class=java.util.LinkedHashMap$Entry@500000a3)
	before		50002816
	after		50002633
OBJ 50002633 (sz=40, trace=300868, class=java.util.LinkedHashMap$Entry@500000a3)
	key		50003bf6
	value		50003bf5
	before		50002632
	after		5000263a
OBJ 50002634 (sz=32, trace=300869, class=java.util.Hashtable$Entry@500000fd)
	key		50003bf6
	value		50003bf5
OBJ 50002635 (sz=24, trace=300870, class=java.lang.StringBuilder@5000004d)
ARR 50002636 (sz=48, trace=300871, nelems=0, elem type=char[])
ARR 50002637 (sz=88, trace=300030, nelems=0, elem type=char[])
OBJ 50002638 (sz=32, trace=300872, class=java.lang.String@50000036)
ARR 50002639 (sz=64, trace=300864, nelems=0, elem type=char[])
OBJ 5000263a (sz=40, trace=300868, class=java.util.LinkedHashMap$Entry@500000a3)
	key		50003c10
	value		50003c0f
	before		50002633
	after		50002641
OBJ 5000263b (sz=32, trace=300869, class=java.util.Hashtable$Entry@500000fd)
	key		50003c10
	value		50003c0f
OBJ 5000263c (sz=24, trace=300873, class=java.lang.StringBuilder@5000004d)
ARR 5000263d (sz=48, trace=300874, nelems=0, elem type=char[])
ARR 5000263e (sz=88, trace=300030, nelems=0, elem type=char[])
OBJ 5000263f (sz=32, trace=300875, class=java.lang.String@50000036)
ARR 50002640 (sz=64, trace=300864, nelems=0, elem type=char[])
OBJ 50002641 (sz=40, trace=300868, class=java.util.LinkedHashMap$Entry@500000a3)
	key		50003c14
	value		50003c13
	before		5000263a
	after		50002648
OBJ 50002642 (sz=32, trace=300869, class=java.util.Hashtable$Entry@500000fd)
	key		50003c14
	value		50003c13
OBJ 50002643 (sz=24, trace=300876, class=java.lang.StringBuilder@5000004d)
ARR 50002644 (sz=48, trace=300877, nelems=0, elem type=char[])
ARR 50002645 (sz=88, trace=300030, nelems=0, elem type=char[])
OBJ 50002646 (sz=32, trace=300878, class=java.lang.String@50000036)
ARR 50002647 (sz=64, trace=300864, nelems=0, elem type=char[])
OBJ 50002648 (sz=40, trace=300868, class=java.util.LinkedHashMap$Entry@500000a3)
	key		50003b8e
	value		50003b8d
	before		50002641
	after		5000264f
OBJ 50002649 (sz=32, trace=300869, class=java.util.Hashtable$Entry@500000fd)
	key		50003b8e
	value		50003b8d
OBJ 5000264a (sz=24, trace=300879, class=java.lang.StringBuilder@5000004d)
ARR 5000264b (sz=48, trace=300880, nelems=0, elem type=char[])
ARR 5000264c (sz=88, trace=300030, nelems=0, elem type=char[])
OBJ 5000264d (sz=32, trace=300881, class=java.lang.String@50000036)
ARR 5000264e (sz=64, trace=300864, nelems=0, elem type=char[])
OBJ 5000264f (sz=40, trace=300868, class=java.util.LinkedHashMap$Entry@500000a3)
	key		50003bb1
	value		50003bb0
	before		50002648
	after		50002657
ARR 50002650 (sz=112, trace=300882, nelems=0, elem type=java.util.Hashtable$Entry[]@500000fe)
OBJ 50002651 (sz=32, trace=300869, class=java.util.Hashtable$Entry@500000fd)
	key		50003bb1
	value		50003bb0
	next		50002623
OBJ 50002652 (sz=24, trace=300883, class=java.lang.StringBuilder@5000004d)
ARR 50002653 (sz=48, trace=300884, nelems=0, elem type=char[])
ARR 50002654 (sz=88, trace=300030, nelems=0, elem type=char[])
OBJ 50002655 (sz=32, trace=300885, class=java.lang.String@50000036)
ARR 50002656 (sz=64, trace=300864, nelems=0, elem type=char[])
OBJ 50002657 (sz=40, trace=300868, class=java.util.LinkedHashMap$Entry@500000a3)
	key		50003be3
	value		50003bcf
	before		5000264f
	after		5000265e
OBJ 50002658 (sz=32, trace=300869, class=java.util.Hashtable$Entry@500000fd)
	key		50003be3
	value		50003bcf
OBJ 50002659 (sz=24, trace=300886, class=java.lang.StringBuilder@5000004d)
ARR 5000265a (sz=48, trace=300887, nelems=0, elem type=char[])
ARR 5000265b (sz=88, trace=300030, nelems=0, elem type=char[])
OBJ 5000265c (sz=32, trace=300888, class=java.lang.String@50000036)
ARR 5000265d (sz=64, trace=300864, nelems=0, elem type=char[])
OBJ 5000265e (sz=40, trace=300868, class=java.util.LinkedHashMap$Entry@500000a3)
	key		50003bd0
	value		50003bcf
	before		50002657
	after		50002665
OBJ 5000265f (sz=32, trace=300869, class=java.util.Hashtable$Entry@500000fd)
	key		50003bd0
	value		50003bcf
OBJ 50002660 (sz=24, trace=300889, class=java.lang.StringBuilder@5000004d)
ARR 50002661 (sz=48, trace=300890, nelems=0, elem type=char[])
ARR 50002662 (sz=88, trace=300030, nelems=0, elem type=char[])
OBJ 50002663 (sz=32, trace=300891, class=java.lang.String@50000036)
ARR 50002664 (sz=64, trace=300864, nelems=0, elem type=char[])
OBJ 50002665 (sz=40, trace=300868, class=java.util.LinkedHashMap$Entry@500000a3)
	key		50003b85
	value		50003ab0
	before		5000265e
	after		5000266c
OBJ 50002666 (sz=32, trace=300869, class=java.util.Hashtable$Entry@500000fd)
	key		50003b85
	value		50003ab0
OBJ 50002667 (sz=24, trace=300892, class=java.lang.StringBuilder@5000004d)
ARR 50002668 (sz=48, trace=300893, nelems=0, elem type=char[])
ARR 50002669 (sz=88, trace=300030, nelems=0, elem type=char[])
OBJ 5000266a (sz=32, trace=300894, class=java.lang.String@50000036)
ARR 5000266b (sz=64, trace=300864, nelems=0, elem type=char[])
OBJ 5000266c (sz=40, trace=300868, class=java.util.LinkedHashMap$Entry@500000a3)
	key		50003b6f
	value		50003ab0
	before		50002665
	after		50002673
OBJ 5000266d (sz=32, trace=300869, class=java.util.Hashtable$Entry@500000fd)
	key		50003b6f
	value		50003ab0
OBJ 5000266e (sz=24, trace=300895, class=java.lang.StringBuilder@5000004d)
ARR 5000266f (sz=48, trace=300896, nelems=0, elem type=char[])
ARR 50002670 (sz=88, trace=300030, nelems=0, elem type=char[])
OBJ 50002671 (sz=32, trace=300897, class=java.lang.String@50000036)
ARR 50002672 (sz=64, trace=300864, nelems=0, elem type=char[])
OBJ 50002673 (sz=40, trace=300868, class=java.util.LinkedHashMap$Entry@500000a3)
	key		50003bc1
	value		50003ab0
	before		5000266c
	after		5000267a
OBJ 50002674 (sz=32, trace=300869, class=java.util.Hashtable$Entry@500000fd)
	key		50003bc1
	value		50003ab0
	next		500026ca
OBJ 50002675 (sz=24, trace=300898, class=java.lang.StringBuilder@5000004d)
ARR 50002676 (sz=48, trace=300899, nelems=0, elem type=char[])
ARR 50002677 (sz=88, trace=300030, nelems=0, elem type=char[])
OBJ 50002678 (sz=32, trace=300900, class=java.lang.String@50000036)
ARR 50002679 (sz=64, trace=300864, nelems=0, elem type=char[])
OBJ 5000267a (sz=40, trace=300868, class=java.util.LinkedHashMap$Entry@500000a3)
	key		50003b98
	value		50003ab0
	before		50002673
	after		50002681
OBJ 5000267b (sz=32, trace=300869, class=java.util.Hashtable$Entry@500000fd)
	key		50003b98
	value		50003ab0
OBJ 5000267c (sz=24, trace=300901, class=java.lang.StringBuilder@5000004d)
ARR 5000267d (sz=48, trace=300902, nelems=0, elem type=char[])
ARR 5000267e (sz=88, trace=300030, nelems=0, elem type=char[])
OBJ 5000267f (sz=32, trace=300903, class=java.lang.String@50000036)
ARR 50002680 (sz=64, trace=300864, nelems=0, elem type=char[])
OBJ 50002681 (sz=40, trace=300868, class=java.util.LinkedHashMap$Entry@500000a3)
	key		50003b6b
	value		50003ab0
	before		5000267a
	after		50002689
ARR 50002682 (sz=144, trace=300904, nelems=0, elem type=java.util.HashMap$Entry[]@50000054)
OBJ 50002683 (sz=32, trace=300869, class=java.util.Hashtable$Entry@500000fd)
	key		50003b6b
	value		50003ab0
	next		500026a0
OBJ 50002684 (sz=24, trace=300905, class=java.lang.StringBuilder@5000004d)
ARR 50002685 (sz=48, trace=300906, nelems=0, elem type=char[])
ARR 50002686 (sz=88, trace=300030, nelems=0, elem type=char[])
OBJ 50002687 (sz=32, trace=300907, class=java.lang.String@50000036)
ARR 50002688 (sz=64, trace=300864, nelems=0, elem type=char[])
OBJ 50002689 (sz=40, trace=300868, class=java.util.LinkedHashMap$Entry@500000a3)
	key		50003c22
	value		50003ab0
	before		50002681
	after		50002690
OBJ 5000268a (sz=32, trace=300869, class=java.util.Hashtable$Entry@500000fd)
	key		50003c22
	value		50003ab0
	next		500026d9
OBJ 5000268b (sz=24, trace=300908, class=java.lang.StringBuilder@5000004d)
ARR 5000268c (sz=48, trace=300909, nelems=0, elem type=char[])
ARR 5000268d (sz=88, trace=300030, nelems=0, elem type=char[])
OBJ 5000268e (sz=32, trace=300910, class=java.lang.String@50000036)
ARR 5000268f (sz=64, trace=300864, nelems=0, elem type=char[])
OBJ 50002690 (sz=40, trace=300868, class=java.util.LinkedHashMap$Entry@500000a3)
	key		50003c28
	value		50003ab0
	before		50002689
	after		50002698
ARR 50002691 (sz=208, trace=300882, nelems=0, elem type=java.util.Hashtable$Entry[]@500000fe)
OBJ 50002692 (sz=32, trace=300869, class=java.util.Hashtable$Entry@500000fd)
	key		50003c28
	value		50003ab0
	next		500026f5
OBJ 50002693 (sz=24, trace=300911, class=java.lang.StringBuilder@5000004d)
ARR 50002694 (sz=48, trace=300912, nelems=0, elem type=char[])
ARR 50002695 (sz=88, trace=300030, nelems=0, elem type=char[])
OBJ 50002696 (sz=32, trace=300913, class=java.lang.String@50000036)
ARR 50002697 (sz=64, trace=300864, nelems=0, elem type=char[])
OBJ 50002698 (sz=40, trace=300868, class=java.util.LinkedHashMap$Entry@500000a3)
	key		50003baa
	value		50003ab0
	next		5000267a
	before		50002690
	after		5000269f
OBJ 50002699 (sz=32, trace=300869, class=java.util.Hashtable$Entry@500000fd)
	key		50003baa
	value		50003ab0
OBJ 5000269a (sz=24, trace=300914, class=java.lang.StringBuilder@5000004d)
ARR 5000269b (sz=48, trace=300915, nelems=0, elem type=char[])
ARR 5000269c (sz=88, trace=300030, nelems=0, elem type=char[])
OBJ 5000269d (sz=32, trace=300916, class=java.lang.String@50000036)
ARR 5000269e (sz=64, trace=300864, nelems=0, elem type=char[])
OBJ 5000269f (sz=40, trace=300868, class=java.util.LinkedHashMap$Entry@500000a3)
	key		50003b6d
	value		50003ab0
	before		50002698
	after		500026a6
OBJ 500026a0 (sz=32, trace=300869, class=java.util.Hashtable$Entry@500000fd)
	key		50003b6d
	value		50003ab0
OBJ 500026a1 (sz=24, trace=300917, class=java.lang.StringBuilder@5000004d)
ARR 500026a2 (sz=48, trace=300918, nelems=0, elem type=char[])
ARR 500026a3 (sz=88, trace=300030, nelems=0, elem type=char[])
OBJ 500026a4 (sz=32, trace=300919, class=java.lang.String@50000036)
ARR 500026a5 (sz=64, trace=300864, nelems=0, elem type=char[])
OBJ 500026a6 (sz=40, trace=300868, class=java.util.LinkedHashMap$Entry@500000a3)
	key		50003c05
	value		50003ab0
	before		5000269f
	after		500026ad
OBJ 500026a7 (sz=32, trace=300869, class=java.util.Hashtable$Entry@500000fd)
	key		50003c05
	value		50003ab0
OBJ 500026a8 (sz=24, trace=300920, class=java.lang.StringBuilder@5000004d)
ARR 500026a9 (sz=48, trace=300921, nelems=0, elem type=char[])
ARR 500026aa (sz=88, trace=300030, nelems=0, elem type=char[])
OBJ 500026ab (sz=32, trace=300922, class=java.lang.String@50000036)
ARR 500026ac (sz=64, trace=300864, nelems=0, elem type=char[])
OBJ 500026ad (sz=40, trace=300868, class=java.util.LinkedHashMap$Entry@500000a3)
	key		50003bdb
	value		50003ab0
	before		500026a6
	after		500026b4
OBJ 500026ae (sz=32, trace=300869, class=java.util.Hashtable$Entry@500000fd)
	key		50003bdb
	value		50003ab0
OBJ 500026af (sz=24, trace=300923, class=java.lang.StringBuilder@5000004d)
ARR 500026b0 (sz=48, trace=300924, nelems=0, elem type=char[])
ARR 500026b1 (sz=88, trace=300030, nelems=0, elem type=char[])
OBJ 500026b2 (sz=32, trace=300925, class=java.lang.String@50000036)
ARR 500026b3 (sz=64, trace=300864, nelems=0, elem type=char[])
OBJ 500026b4 (sz=40, trace=300868, class=java.util.LinkedHashMap$Entry@500000a3)
	key		50003c1a
	value		50003c19
	before		500026ad
	after		500026bb
OBJ 500026b5 (sz=32, trace=300869, class=java.util.Hashtable$Entry@500000fd)
	key		50003c1a
	value		50003c19
	next		500027c9
OBJ 500026b6 (sz=24, trace=300926, class=java.lang.StringBuilder@5000004d)
ARR 500026b7 (sz=48, trace=300927, nelems=0, elem type=char[])
ARR 500026b8 (sz=88, trace=300030, nelems=0, elem type=char[])
OBJ 500026b9 (sz=32, trace=300928, class=java.lang.String@50000036)
ARR 500026ba (sz=64, trace=300864, nelems=0, elem type=char[])
OBJ 500026bb (sz=40, trace=300868, class=java.util.LinkedHashMap$Entry@500000a3)
	key		50003c2e
	value		50003aac
	next		50002681
	before		500026b4
	after		500026c2
OBJ 500026bc (sz=32, trace=300869, class=java.util.Hashtable$Entry@500000fd)
	key		50003c2e
	value		50003aac
OBJ 500026bd (sz=24, trace=300929, class=java.lang.StringBuilder@5000004d)
ARR 500026be (sz=48, trace=300930, nelems=0, elem type=char[])
ARR 500026bf (sz=88, trace=300030, nelems=0, elem type=char[])
OBJ 500026c0 (sz=32, trace=300931, class=java.lang.String@50000036)
ARR 500026c1 (sz=64, trace=300864, nelems=0, elem type=char[])
OBJ 500026c2 (sz=40, trace=300868, class=java.util.LinkedHashMap$Entry@500000a3)
	key		50003c20
	value		50003aac
	before		500026bb
	after		500026c9
OBJ 500026c3 (sz=32, trace=300869, class=java.util.Hashtable$Entry@500000fd)
	key		50003c20
	value		50003aac
OBJ 500026c4 (sz=24, trace=300932, class=java.lang.StringBuilder@5000004d)
ARR 500026c5 (sz=48, trace=300933, nelems=0, elem type=char[])
ARR 500026c6 (sz=88, trace=300030, nelems=0, elem type=char[])
OBJ 500026c7 (sz=32, trace=300934, class=java.lang.String@50000036)
ARR 500026c8 (sz=64, trace=300864, nelems=0, elem type=char[])
OBJ 500026c9 (sz=40, trace=300868, class=java.util.LinkedHashMap$Entry@500000a3)
	key		50003bc3
	value		50003aac
	before		500026c2
	after		500026d0
OBJ 500026ca (sz=32, trace=300869, class=java.util.Hashtable$Entry@500000fd)
	key		50003bc3
	value		50003aac
	next		500026fc
OBJ 500026cb (sz=24, trace=300935, class=java.lang.StringBuilder@5000004d)
ARR 500026cc (sz=48, trace=300936, nelems=0, elem type=char[])
ARR 500026cd (sz=88, trace=300030, nelems=0, elem type=char[])
OBJ 500026ce (sz=32, trace=300937, class=java.lang.String@50000036)
ARR 500026cf (sz=64, trace=300864, nelems=0, elem type=char[])
OBJ 500026d0 (sz=40, trace=300868, class=java.util.LinkedHashMap$Entry@500000a3)
	key		50003c31
	value		50003c30
	before		500026c9
	after		500026d7
OBJ 500026d1 (sz=32, trace=300869, class=java.util.Hashtable$Entry@500000fd)
	key		50003c31
	value		50003c30
OBJ 500026d2 (sz=24, trace=300938, class=java.lang.StringBuilder@5000004d)
ARR 500026d3 (sz=48, trace=300939, nelems=0, elem type=char[])
ARR 500026d4 (sz=88, trace=300030, nelems=0, elem type=char[])
OBJ 500026d5 (sz=32, trace=300940, class=java.lang.String@50000036)
ARR 500026d6 (sz=64, trace=300864, nelems=0, elem type=char[])
OBJ 500026d7 (sz=40, trace=300868, class=java.util.LinkedHashMap$Entry@500000a3)
	key		50003c25
	value		50003c24
	before		500026d0
	after		500026df
ARR 500026d8 (sz=272, trace=300904, nelems=0, elem type=java.util.HashMap$Entry[]@50000054)
OBJ 500026d9 (sz=32, trace=300869, class=java.util.Hashtable$Entry@500000fd)
	key		50003c25
	value		50003c24
	next		50002692
OBJ 500026da (sz=24, trace=300941, class=java.lang.StringBuilder@5000004d)
ARR 500026db (sz=48, trace=300942, nelems=0, elem type=char[])
ARR 500026dc (sz=88, trace=300030, nelems=0, elem type=char[])
OBJ 500026dd (sz=32, trace=300943, class=java.lang.String@50000036)
ARR 500026de (sz=64, trace=300864, nelems=0, elem type=char[])
OBJ 500026df (sz=40, trace=300868, class=java.util.LinkedHashMap$Entry@500000a3)
	key		50003b7c
	value		50003b7b
	before		500026d7
	after		500026e6
OBJ 500026e0 (sz=32, trace=300869, class=java.util.Hashtable$Entry@500000fd)
	key		50003b7c
	value		50003b7b
OBJ 500026e1 (sz=24, trace=300944, class=java.lang.StringBuilder@5000004d)
ARR 500026e2 (sz=48, trace=300945, nelems=0, elem type=char[])
ARR 500026e3 (sz=88, trace=300030, nelems=0, elem type=char[])
OBJ 500026e4 (sz=32, trace=300946, class=java.lang.String@50000036)
ARR 500026e5 (sz=64, trace=300864, nelems=0, elem type=char[])
OBJ 500026e6 (sz=40, trace=300868, class=java.util.LinkedHashMap$Entry@500000a3)
	key		50003b79
	value		50003aa4
	before		500026df
	after		500026ed
OBJ 500026e7 (sz=32, trace=300869, class=java.util.Hashtable$Entry@500000fd)
	key		50003b79
	value		50003aa4
	next		500026e0
OBJ 500026e8 (sz=24, trace=300947, class=java.lang.StringBuilder@5000004d)
ARR 500026e9 (sz=48, trace=300948, nelems=0, elem type=char[])
ARR 500026ea (sz=88, trace=300030, nelems=0, elem type=char[])
OBJ 500026eb (sz=32, trace=300949, class=java.lang.String@50000036)
ARR 500026ec (sz=64, trace=300864, nelems=0, elem type=char[])
OBJ 500026ed (sz=40, trace=300868, class=java.util.LinkedHashMap$Entry@500000a3)
	key		50003c0b
	value		50003aa4
	before		500026e6
	after		500026f4
OBJ 500026ee (sz=32, trace=300869, class=java.util.Hashtable$Entry@500000fd)
	key		50003c0b
	value		50003aa4
OBJ 500026ef (sz=24, trace=300950, class=java.lang.StringBuilder@5000004d)
ARR 500026f0 (sz=48, trace=300951, nelems=0, elem type=char[])
ARR 500026f1 (sz=88, trace=300030, nelems=0, elem type=char[])
OBJ 500026f2 (sz=32, trace=300952, class=java.lang.String@50000036)
ARR 500026f3 (sz=64, trace=300864, nelems=0, elem type=char[])
OBJ 500026f4 (sz=40, trace=300868, class=java.util.LinkedHashMap$Entry@500000a3)
	key		50003c2b
	value		50003c2a
	before		500026ed
	after		500026fb
OBJ 500026f5 (sz=32, trace=300869, class=java.util.Hashtable$Entry@500000fd)
	key		50003c2b
	value		50003c2a
OBJ 500026f6 (sz=24, trace=300953, class=java.lang.StringBuilder@5000004d)
ARR 500026f7 (sz=48, trace=300954, nelems=0, elem type=char[])
ARR 500026f8 (sz=88, trace=300030, nelems=0, elem type=char[])
OBJ 500026f9 (sz=32, trace=300955, class=java.lang.String@50000036)
ARR 500026fa (sz=64, trace=300864, nelems=0, elem type=char[])
OBJ 500026fb (sz=40, trace=300868, class=java.util.LinkedHashMap$Entry@500000a3)
	key		50003bc6
	value		50003bc5
	before		500026f4
	after		50002702
OBJ 500026fc (sz=32, trace=300869, class=java.util.Hashtable$Entry@500000fd)
	key		50003bc6
	value		50003bc5
OBJ 500026fd (sz=24, trace=300956, class=java.lang.StringBuilder@5000004d)
ARR 500026fe (sz=48, trace=300957, nelems=0, elem type=char[])
ARR 500026ff (sz=88, trace=300030, nelems=0, elem type=char[])
OBJ 50002700 (sz=32, trace=300958, class=java.lang.String@50000036)
ARR 50002701 (sz=64, trace=300864, nelems=0, elem type=char[])
OBJ 50002702 (sz=40, trace=300868, class=java.util.LinkedHashMap$Entry@500000a3)
	key		50003bd4
	value		50003bd3
	before		500026fb
	after		50002709
OBJ 50002703 (sz=32, trace=300869, class=java.util.Hashtable$Entry@500000fd)
	key		50003bd4
	value		50003bd3
OBJ 50002704 (sz=24, trace=300959, class=java.lang.StringBuilder@5000004d)
ARR 50002705 (sz=48, trace=300960, nelems=0, elem type=char[])
ARR 50002706 (sz=88, trace=300030, nelems=0, elem type=char[])
OBJ 50002707 (sz=32, trace=300961, class=java.lang.String@50000036)
ARR 50002708 (sz=64, trace=300864, nelems=0, elem type=char[])
OBJ 50002709 (sz=40, trace=300868, class=java.util.LinkedHashMap$Entry@500000a3)
	key		50003bcc
	value		50003bcb
	before		50002702
	after		50002710
OBJ 5000270a (sz=32, trace=300869, class=java.util.Hashtable$Entry@500000fd)
	key		50003bcc
	value		50003bcb
OBJ 5000270b (sz=24, trace=300962, class=java.lang.StringBuilder@5000004d)
ARR 5000270c (sz=48, trace=300963, nelems=0, elem type=char[])
ARR 5000270d (sz=88, trace=300030, nelems=0, elem type=char[])
OBJ 5000270e (sz=32, trace=300964, class=java.lang.String@50000036)
ARR 5000270f (sz=64, trace=300864, nelems=0, elem type=char[])
OBJ 50002710 (sz=40, trace=300868, class=java.util.LinkedHashMap$Entry@500000a3)
	key		50003be0
	value		50003bdf
	before		50002709
	after		50002718
ARR 50002711 (sz=400, trace=300882, nelems=0, elem type=java.util.Hashtable$Entry[]@500000fe)
OBJ 50002712 (sz=32, trace=300869, class=java.util.Hashtable$Entry@500000fd)
	key		50003be0
	value		50003bdf
OBJ 50002713 (sz=24, trace=300965, class=java.lang.StringBuilder@5000004d)
ARR 50002714 (sz=48, trace=300966, nelems=0, elem type=char[])
ARR 50002715 (sz=88, trace=300030, nelems=0, elem type=char[])
OBJ 50002716 (sz=32, trace=300967, class=java.lang.String@50000036)
ARR 50002717 (sz=64, trace=300864, nelems=0, elem type=char[])
OBJ 50002718 (sz=40, trace=300868, class=java.util.LinkedHashMap$Entry@500000a3)
	key		50003bbf
	value		50003aac
	before		50002710
	after		5000271f
OBJ 50002719 (sz=32, trace=300869, class=java.util.Hashtable$Entry@500000fd)
	key		50003bbf
	value		50003aac
	next		50002674
OBJ 5000271a (sz=24, trace=300968, class=java.lang.StringBuilder@5000004d)
ARR 5000271b (sz=48, trace=300969, nelems=0, elem type=char[])
ARR 5000271c (sz=88, trace=300030, nelems=0, elem type=char[])
OBJ 5000271d (sz=32, trace=300970, class=java.lang.String@50000036)
ARR 5000271e (sz=64, trace=300864, nelems=0, elem type=char[])
OBJ 5000271f (sz=40, trace=300868, class=java.util.LinkedHashMap$Entry@500000a3)
	key		50003bb5
	value		50003aac
	before		50002718
	after		50002726
OBJ 50002720 (sz=32, trace=300869, class=java.util.Hashtable$Entry@500000fd)
	key		50003bb5
	value		50003aac
OBJ 50002721 (sz=24, trace=300971, class=java.lang.StringBuilder@5000004d)
ARR 50002722 (sz=48, trace=300972, nelems=0, elem type=char[])
ARR 50002723 (sz=88, trace=300030, nelems=0, elem type=char[])
OBJ 50002724 (sz=32, trace=300973, class=java.lang.String@50000036)
ARR 50002725 (sz=64, trace=300864, nelems=0, elem type=char[])
OBJ 50002726 (sz=40, trace=300868, class=java.util.LinkedHashMap$Entry@500000a3)
	key		50003ba1
	value		50003ba0
	before		5000271f
	after		5000272d
OBJ 50002727 (sz=32, trace=300869, class=java.util.Hashtable$Entry@500000fd)
	key		50003ba1
	value		50003ba0
	next		500027fa
OBJ 50002728 (sz=24, trace=300974, class=java.lang.StringBuilder@5000004d)
ARR 50002729 (sz=48, trace=300975, nelems=0, elem type=char[])
ARR 5000272a (sz=88, trace=300030, nelems=0, elem type=char[])
OBJ 5000272b (sz=32, trace=300976, class=java.lang.String@50000036)
ARR 5000272c (sz=64, trace=300864, nelems=0, elem type=char[])
OBJ 5000272d (sz=40, trace=300868, class=java.util.LinkedHashMap$Entry@500000a3)
	key		50003c17
	value		50003aac
	before		50002726
	after		50002734
OBJ 5000272e (sz=32, trace=300869, class=java.util.Hashtable$Entry@500000fd)
	key		50003c17
	value		50003aac
OBJ 5000272f (sz=24, trace=300977, class=java.lang.StringBuilder@5000004d)
ARR 50002730 (sz=48, trace=300978, nelems=0, elem type=char[])
ARR 50002731 (sz=88, trace=300030, nelems=0, elem type=char[])
OBJ 50002732 (sz=32, trace=300979, class=java.lang.String@50000036)
ARR 50002733 (sz=64, trace=300864, nelems=0, elem type=char[])
OBJ 50002734 (sz=40, trace=300868, class=java.util.LinkedHashMap$Entry@500000a3)
	key		50003bac
	value		50003aac
	before		5000272d
	after		5000273b
OBJ 50002735 (sz=32, trace=300869, class=java.util.Hashtable$Entry@500000fd)
	key		50003bac
	value		50003aac
OBJ 50002736 (sz=24, trace=300980, class=java.lang.StringBuilder@5000004d)
ARR 50002737 (sz=48, trace=300981, nelems=0, elem type=char[])
ARR 50002738 (sz=88, trace=300030, nelems=0, elem type=char[])
OBJ 50002739 (sz=32, trace=300982, class=java.lang.String@50000036)
ARR 5000273a (sz=64, trace=300864, nelems=0, elem type=char[])
OBJ 5000273b (sz=40, trace=300868, class=java.util.LinkedHashMap$Entry@500000a3)
	key		50003bf2
	value		50003bf1
	before		50002734
	after		50002742
OBJ 5000273c (sz=32, trace=300869, class=java.util.Hashtable$Entry@500000fd)
	key		50003bf2
	value		50003bf1
OBJ 5000273d (sz=24, trace=300983, class=java.lang.StringBuilder@5000004d)
ARR 5000273e (sz=48, trace=300984, nelems=0, elem type=char[])
ARR 5000273f (sz=88, trace=300030, nelems=0, elem type=char[])
OBJ 50002740 (sz=32, trace=300985, class=java.lang.String@50000036)
ARR 50002741 (sz=64, trace=300864, nelems=0, elem type=char[])
OBJ 50002742 (sz=40, trace=300868, class=java.util.LinkedHashMap$Entry@500000a3)
	key		50003b91
	value		50003a14
	next		5000264f
	before		5000273b
	after		50002749
OBJ 50002743 (sz=32, trace=300869, class=java.util.Hashtable$Entry@500000fd)
	key		50003b91
	value		50003a14
OBJ 50002744 (sz=24, trace=300986, class=java.lang.StringBuilder@5000004d)
ARR 50002745 (sz=48, trace=300987, nelems=0, elem type=char[])
ARR 50002746 (sz=88, trace=300030, nelems=0, elem type=char[])
OBJ 50002747 (sz=32, trace=300988, class=java.lang.String@50000036)
ARR 50002748 (sz=64, trace=300864, nelems=0, elem type=char[])
OBJ 50002749 (sz=40, trace=300868, class=java.util.LinkedHashMap$Entry@500000a3)
	key		50003b76
	value		50003b75
	before		50002742
	after		50002750
OBJ 5000274a (sz=32, trace=300869, class=java.util.Hashtable$Entry@500000fd)
	key		50003b76
	value		50003b75
OBJ 5000274b (sz=24, trace=300989, class=java.lang.StringBuilder@5000004d)
ARR 5000274c (sz=48, trace=300990, nelems=0, elem type=char[])
ARR 5000274d (sz=88, trace=300030, nelems=0, elem type=char[])
OBJ 5000274e (sz=32, trace=300991, class=java.lang.String@50000036)
ARR 5000274f (sz=64, trace=300864, nelems=0, elem type=char[])
OBJ 50002750 (sz=40, trace=300868, class=java.util.LinkedHashMap$Entry@500000a3)
	key		50003b80
	value		50003b7f
	next		5000271f
	before		50002749
	after		50002757
OBJ 50002751 (sz=32, trace=300869, class=java.util.Hashtable$Entry@500000fd)
	key		50003b80
	value		50003b7f
OBJ 50002752 (sz=24, trace=300992, class=java.lang.StringBuilder@5000004d)
ARR 50002753 (sz=48, trace=300993, nelems=0, elem type=char[])
ARR 50002754 (sz=88, trace=300030, nelems=0, elem type=char[])
OBJ 50002755 (sz=32, trace=300994, class=java.lang.String@50000036)
ARR 50002756 (sz=64, trace=300864, nelems=0, elem type=char[])
OBJ 50002757 (sz=40, trace=300868, class=java.util.LinkedHashMap$Entry@500000a3)
	key		50003bbc
	value		50003bbb
	before		50002750
	after		5000275e
OBJ 50002758 (sz=32, trace=300869, class=java.util.Hashtable$Entry@500000fd)
	key		50003bbc
	value		50003bbb
OBJ 50002759 (sz=24, trace=300995, class=java.lang.StringBuilder@5000004d)
ARR 5000275a (sz=48, trace=300996, nelems=0, elem type=char[])
ARR 5000275b (sz=88, trace=300030, nelems=0, elem type=char[])
OBJ 5000275c (sz=32, trace=300997, class=java.lang.String@50000036)
ARR 5000275d (sz=64, trace=300864, nelems=0, elem type=char[])
OBJ 5000275e (sz=40, trace=300868, class=java.util.LinkedHashMap$Entry@500000a3)
	key		50003ba7
	value		50003ba6
	before		50002757
	after		50002765
OBJ 5000275f (sz=32, trace=300869, class=java.util.Hashtable$Entry@500000fd)
	key		50003ba7
	value		50003ba6
	next		50002699
OBJ 50002760 (sz=24, trace=300998, class=java.lang.StringBuilder@5000004d)
ARR 50002761 (sz=48, trace=300999, nelems=0, elem type=char[])
ARR 50002762 (sz=88, trace=300030, nelems=0, elem type=char[])
OBJ 50002763 (sz=32, trace=301000, class=java.lang.String@50000036)
ARR 50002764 (sz=64, trace=300864, nelems=0, elem type=char[])
OBJ 50002765 (sz=40, trace=300868, class=java.util.LinkedHashMap$Entry@500000a3)
	key		50003bd8
	value		50003bd7
	before		5000275e
	after		5000276c
OBJ 50002766 (sz=32, trace=300869, class=java.util.Hashtable$Entry@500000fd)
	key		50003bd8
	value		50003bd7
OBJ 50002767 (sz=24, trace=301001, class=java.lang.StringBuilder@5000004d)
ARR 50002768 (sz=48, trace=301002, nelems=0, elem type=char[])
ARR 50002769 (sz=88, trace=300030, nelems=0, elem type=char[])
OBJ 5000276a (sz=32, trace=301003, class=java.lang.String@50000036)
ARR 5000276b (sz=64, trace=300864, nelems=0, elem type=char[])
OBJ 5000276c (sz=40, trace=300868, class=java.util.LinkedHashMap$Entry@500000a3)
	key		50003bb8
	value		50003bb7
	before		50002765
	after		50002773
OBJ 5000276d (sz=32, trace=300869, class=java.util.Hashtable$Entry@500000fd)
	key		50003bb8
	value		50003bb7
OBJ 5000276e (sz=24, trace=301004, class=java.lang.StringBuilder@5000004d)
ARR 5000276f (sz=48, trace=301005, nelems=0, elem type=char[])
ARR 50002770 (sz=88, trace=300030, nelems=0, elem type=char[])
OBJ 50002771 (sz=32, trace=301006, class=java.lang.String@50000036)
ARR 50002772 (sz=64, trace=300864, nelems=0, elem type=char[])
OBJ 50002773 (sz=40, trace=300868, class=java.util.LinkedHashMap$Entry@500000a3)
	key		50003c08
	value		50003c07
	before		5000276c
	after		5000277a
OBJ 50002774 (sz=32, trace=300869, class=java.util.Hashtable$Entry@500000fd)
	key		50003c08
	value		50003c07
OBJ 50002775 (sz=24, trace=301007, class=java.lang.StringBuilder@5000004d)
ARR 50002776 (sz=48, trace=301008, nelems=0, elem type=char[])
ARR 50002777 (sz=88, trace=300030, nelems=0, elem type=char[])
OBJ 50002778 (sz=32, trace=301009, class=java.lang.String@50000036)
ARR 50002779 (sz=64, trace=300864, nelems=0, elem type=char[])
OBJ 5000277a (sz=40, trace=300868, class=java.util.LinkedHashMap$Entry@500000a3)
	key		50003c01
	value		50003bb7
	next		50002742
	before		50002773
	after		50002781
OBJ 5000277b (sz=32, trace=300869, class=java.util.Hashtable$Entry@500000fd)
	key		50003c01
	value		50003bb7
OBJ 5000277c (sz=24, trace=301010, class=java.lang.StringBuilder@5000004d)
ARR 5000277d (sz=48, trace=301011, nelems=0, elem type=char[])
ARR 5000277e (sz=88, trace=300030, nelems=0, elem type=char[])
OBJ 5000277f (sz=32, trace=301012, class=java.lang.String@50000036)
ARR 50002780 (sz=64, trace=300864, nelems=0, elem type=char[])
OBJ 50002781 (sz=40, trace=300868, class=java.util.LinkedHashMap$Entry@500000a3)
	key		50003bee
	value		50003bed
	before		5000277a
	after		50002789
ARR 50002782 (sz=528, trace=300904, nelems=127, elem type=java.util.HashMap$Entry[]@50000054)
	[4]		50002710
	[5]		50002633
	[6]		50002765
	[7]		500027c8
	[9]		50002816
	[10]		500026a6
	[13]		50002734
	[15]		500027cf
	[16]		50002781
	[17]		500026c2
	[18]		50002797
	[21]		5000275e
	[24]		50002773
	[27]		500026b4
	[35]		500027ba
	[36]		500026f4
	[38]		500027e4
	[40]		50002789
	[43]		500027b3
	[46]		500027c1
	[47]		500026df
	[50]		5000279e
	[51]		500027f2
	[53]		500026e6
	[59]		50002807
	[61]		5000269f
	[62]		50002726
	[64]		50002665
	[66]		50002790
	[81]		50002648
	[83]		50002800
	[87]		500026bb
	[89]		500026d0
	[90]		500026d7
	[94]		50002698
	[96]		500026fb
	[98]		5000265e
	[99]		500026ad
	[100]		5000263a
	[103]		50002702
	[107]		500027dd
	[109]		50002641
	[115]		5000277a
	[117]		500027eb
	[119]		50002690
	[120]		500027a5
	[121]		50002689
	[122]		500027f9
	[123]		5000273b
	[125]		50002657
	[126]		50002750
OBJ 50002783 (sz=32, trace=300869, class=java.util.Hashtable$Entry@500000fd)
	key		50003bee
	value		50003bed
OBJ 50002784 (sz=24, trace=301013, class=java.lang.StringBuilder@5000004d)
ARR 50002785 (sz=48, trace=301014, nelems=0, elem type=char[])
ARR 50002786 (sz=88, trace=300030, nelems=0, elem type=char[])
OBJ 50002787 (sz=32, trace=301015, class=java.lang.String@50000036)
ARR 50002788 (sz=64, trace=300864, nelems=0, elem type=char[])
OBJ 50002789 (sz=40, trace=300868, class=java.util.LinkedHashMap$Entry@500000a3)
	key		50003bfa
	value		50003bf9
	next		500026c9
	before		50002781
	after		50002790
OBJ 5000278a (sz=32, trace=300869, class=java.util.Hashtable$Entry@500000fd)
	key		50003bfa
	value		50003bf9
OBJ 5000278b (sz=24, trace=301016, class=java.lang.StringBuilder@5000004d)
ARR 5000278c (sz=48, trace=301017, nelems=0, elem type=char[])
ARR 5000278d (sz=88, trace=300030, nelems=0, elem type=char[])
OBJ 5000278e (sz=32, trace=301018, class=java.lang.String@50000036)
ARR 5000278f (sz=64, trace=300864, nelems=0, elem type=char[])
OBJ 50002790 (sz=40, trace=300868, class=java.util.LinkedHashMap$Entry@500000a3)
	key		50003be6
	value		50003be5
	next		500026ed
	before		50002789
	after		50002797
OBJ 50002791 (sz=32, trace=300869, class=java.util.Hashtable$Entry@500000fd)
	key		50003be6
	value		50003be5
OBJ 50002792 (sz=24, trace=301019, class=java.lang.StringBuilder@5000004d)
ARR 50002793 (sz=48, trace=301020, nelems=0, elem type=char[])
ARR 50002794 (sz=88, trace=300030, nelems=0, elem type=char[])
OBJ 50002795 (sz=32, trace=301021, class=java.lang.String@50000036)
ARR 50002796 (sz=64, trace=300864, nelems=0, elem type=char[])
OBJ 50002797 (sz=40, trace=300868, class=java.util.LinkedHashMap$Entry@500000a3)
	key		50003b94
	value		50003b93
	before		50002790
	after		5000279e
OBJ 50002798 (sz=32, trace=300869, class=java.util.Hashtable$Entry@500000fd)
	key		50003b94
	value		50003b93
OBJ 50002799 (sz=24, trace=301022, class=java.lang.StringBuilder@5000004d)
ARR 5000279a (sz=48, trace=301023, nelems=0, elem type=char[])
ARR 5000279b (sz=88, trace=300030, nelems=0, elem type=char[])
OBJ 5000279c (sz=32, trace=301024, class=java.lang.String@50000036)
ARR 5000279d (sz=64, trace=300864, nelems=0, elem type=char[])
OBJ 5000279e (sz=40, trace=300868, class=java.util.LinkedHashMap$Entry@500000a3)
	key		50003b9d
	value		50003b9c
	next		50002718
	before		50002797
	after		500027a5
OBJ 5000279f (sz=32, trace=300869, class=java.util.Hashtable$Entry@500000fd)
	key		50003b9d
	value		50003b9c
OBJ 500027a0 (sz=24, trace=301025, class=java.lang.StringBuilder@5000004d)
ARR 500027a1 (sz=48, trace=301026, nelems=0, elem type=char[])
ARR 500027a2 (sz=88, trace=300030, nelems=0, elem type=char[])
OBJ 500027a3 (sz=32, trace=301027, class=java.lang.String@50000036)
ARR 500027a4 (sz=64, trace=300864, nelems=0, elem type=char[])
OBJ 500027a5 (sz=40, trace=300868, class=java.util.LinkedHashMap$Entry@500000a3)
	key		50003beb
	value		50003b9c
	next		5000272d
	before		5000279e
	after		500027ac
OBJ 500027a6 (sz=32, trace=300869, class=java.util.Hashtable$Entry@500000fd)
	key		50003beb
	value		50003b9c
OBJ 500027a7 (sz=24, trace=301028, class=java.lang.StringBuilder@5000004d)
ARR 500027a8 (sz=48, trace=301029, nelems=0, elem type=char[])
ARR 500027a9 (sz=88, trace=300030, nelems=0, elem type=char[])
OBJ 500027aa (sz=32, trace=301030, class=java.lang.String@50000036)
ARR 500027ab (sz=64, trace=300864, nelems=0, elem type=char[])
OBJ 500027ac (sz=40, trace=300868, class=java.util.LinkedHashMap$Entry@500000a3)
	key		50003c0d
	value		50003b9c
	next		50002673
	before		500027a5
	after		500027b3
OBJ 500027ad (sz=32, trace=300869, class=java.util.Hashtable$Entry@500000fd)
	key		50003c0d
	value		50003b9c
OBJ 500027ae (sz=24, trace=301031, class=java.lang.StringBuilder@5000004d)
ARR 500027af (sz=48, trace=301032, nelems=0, elem type=char[])
ARR 500027b0 (sz=88, trace=300030, nelems=0, elem type=char[])
OBJ 500027b1 (sz=32, trace=301033, class=java.lang.String@50000036)
ARR 500027b2 (sz=64, trace=300864, nelems=0, elem type=char[])
OBJ 500027b3 (sz=40, trace=300868, class=java.util.LinkedHashMap$Entry@500000a3)
	key		50003bc9
	value		50003b71
	before		500027ac
	after		500027ba
OBJ 500027b4 (sz=32, trace=300869, class=java.util.Hashtable$Entry@500000fd)
	key		50003bc9
	value		50003b71
OBJ 500027b5 (sz=24, trace=301034, class=java.lang.StringBuilder@5000004d)
ARR 500027b6 (sz=48, trace=301035, nelems=0, elem type=char[])
ARR 500027b7 (sz=88, trace=300030, nelems=0, elem type=char[])
OBJ 500027b8 (sz=32, trace=301036, class=java.lang.String@50000036)
ARR 500027b9 (sz=64, trace=300864, nelems=0, elem type=char[])
OBJ 500027ba (sz=40, trace=300868, class=java.util.LinkedHashMap$Entry@500000a3)
	key		50003bff
	value		50003b71
	before		500027b3
	after		500027c1
OBJ 500027bb (sz=32, trace=300869, class=java.util.Hashtable$Entry@500000fd)
	key		50003bff
	value		50003b71
OBJ 500027bc (sz=24, trace=301037, class=java.lang.StringBuilder@5000004d)
ARR 500027bd (sz=48, trace=301038, nelems=0, elem type=char[])
ARR 500027be (sz=88, trace=300030, nelems=0, elem type=char[])
OBJ 500027bf (sz=32, trace=301039, class=java.lang.String@50000036)
ARR 500027c0 (sz=64, trace=300864, nelems=0, elem type=char[])
OBJ 500027c1 (sz=40, trace=300868, class=java.util.LinkedHashMap$Entry@500000a3)
	key		50003bae
	value		50003b71
	next		50002749
	before		500027ba
	after		500027c8
OBJ 500027c2 (sz=32, trace=300869, class=java.util.Hashtable$Entry@500000fd)
	key		50003bae
	value		50003b71
OBJ 500027c3 (sz=24, trace=301040, class=java.lang.StringBuilder@5000004d)
ARR 500027c4 (sz=48, trace=301041, nelems=0, elem type=char[])
ARR 500027c5 (sz=88, trace=300030, nelems=0, elem type=char[])
OBJ 500027c6 (sz=32, trace=301042, class=java.lang.String@50000036)
ARR 500027c7 (sz=64, trace=300864, nelems=0, elem type=char[])
OBJ 500027c8 (sz=40, trace=300868, class=java.util.LinkedHashMap$Entry@500000a3)
	key		50003c1d
	value		50003b71
	next		50002757
	before		500027c1
	after		500027cf
OBJ 500027c9 (sz=32, trace=300869, class=java.util.Hashtable$Entry@500000fd)
	key		50003c1d
	value		50003b71
OBJ 500027ca (sz=24, trace=301043, class=java.lang.StringBuilder@5000004d)
ARR 500027cb (sz=48, trace=301044, nelems=0, elem type=char[])
ARR 500027cc (sz=88, trace=300030, nelems=0, elem type=char[])
OBJ 500027cd (sz=32, trace=301045, class=java.lang.String@50000036)
ARR 500027ce (sz=64, trace=300864, nelems=0, elem type=char[])
OBJ 500027cf (sz=40, trace=300868, class=java.util.LinkedHashMap$Entry@500000a3)
	key		50003be9
	value		50003b71
	before		500027c8
	after		500027d6
OBJ 500027d0 (sz=32, trace=300869, class=java.util.Hashtable$Entry@500000fd)
	key		50003be9
	value		50003b71
OBJ 500027d1 (sz=24, trace=301046, class=java.lang.StringBuilder@5000004d)
ARR 500027d2 (sz=48, trace=301047, nelems=0, elem type=char[])
ARR 500027d3 (sz=88, trace=300030, nelems=0, elem type=char[])
OBJ 500027d4 (sz=32, trace=301048, class=java.lang.String@50000036)
ARR 500027d5 (sz=64, trace=300864, nelems=0, elem type=char[])
OBJ 500027d6 (sz=40, trace=300868, class=java.util.LinkedHashMap$Entry@500000a3)
	key		50003b8b
	value		50003b71
	before		500027cf
	after		500027dd
OBJ 500027d7 (sz=32, trace=300869, class=java.util.Hashtable$Entry@500000fd)
	key		50003b8b
	value		50003b71
OBJ 500027d8 (sz=24, trace=301049, class=java.lang.StringBuilder@5000004d)
ARR 500027d9 (sz=48, trace=301050, nelems=0, elem type=char[])
ARR 500027da (sz=88, trace=300030, nelems=0, elem type=char[])
OBJ 500027db (sz=32, trace=301051, class=java.lang.String@50000036)
ARR 500027dc (sz=64, trace=300864, nelems=0, elem type=char[])
OBJ 500027dd (sz=40, trace=300868, class=java.util.LinkedHashMap$Entry@500000a3)
	key		50003b87
	value		50003b71
	next		50002709
	before		500027d6
	after		500027e4
OBJ 500027de (sz=32, trace=300869, class=java.util.Hashtable$Entry@500000fd)
	key		50003b87
	value		50003b71
OBJ 500027df (sz=24, trace=301052, class=java.lang.StringBuilder@5000004d)
ARR 500027e0 (sz=48, trace=301053, nelems=0, elem type=char[])
ARR 500027e1 (sz=88, trace=300030, nelems=0, elem type=char[])
OBJ 500027e2 (sz=32, trace=301054, class=java.lang.String@50000036)
ARR 500027e3 (sz=64, trace=300864, nelems=0, elem type=char[])
OBJ 500027e4 (sz=40, trace=300868, class=java.util.LinkedHashMap$Entry@500000a3)
	key		50003b72
	value		50003b71
	before		500027dd
	after		500027eb
OBJ 500027e5 (sz=32, trace=300869, class=java.util.Hashtable$Entry@500000fd)
	key		50003b72
	value		50003b71
OBJ 500027e6 (sz=24, trace=301055, class=java.lang.StringBuilder@5000004d)
ARR 500027e7 (sz=48, trace=301056, nelems=0, elem type=char[])
ARR 500027e8 (sz=88, trace=300030, nelems=0, elem type=char[])
OBJ 500027e9 (sz=32, trace=301057, class=java.lang.String@50000036)
ARR 500027ea (sz=64, trace=300864, nelems=0, elem type=char[])
OBJ 500027eb (sz=40, trace=300868, class=java.util.LinkedHashMap$Entry@500000a3)
	key		50003b9a
	value		50003b71
	next		500027d6
	before		500027e4
	after		500027f2
OBJ 500027ec (sz=32, trace=300869, class=java.util.Hashtable$Entry@500000fd)
	key		50003b9a
	value		50003b71
OBJ 500027ed (sz=24, trace=301058, class=java.lang.StringBuilder@5000004d)
ARR 500027ee (sz=48, trace=301059, nelems=0, elem type=char[])
ARR 500027ef (sz=88, trace=300030, nelems=0, elem type=char[])
OBJ 500027f0 (sz=32, trace=301060, class=java.lang.String@50000036)
ARR 500027f1 (sz=64, trace=300864, nelems=0, elem type=char[])
OBJ 500027f2 (sz=40, trace=300868, class=java.util.LinkedHashMap$Entry@500000a3)
	key		50003b89
	value		50003b71
	next		5000276c
	before		500027eb
	after		500027f9
OBJ 500027f3 (sz=32, trace=300869, class=java.util.Hashtable$Entry@500000fd)
	key		50003b89
	value		50003b71
OBJ 500027f4 (sz=24, trace=301061, class=java.lang.StringBuilder@5000004d)
ARR 500027f5 (sz=48, trace=301062, nelems=0, elem type=char[])
ARR 500027f6 (sz=88, trace=300030, nelems=0, elem type=char[])
OBJ 500027f7 (sz=32, trace=301063, class=java.lang.String@50000036)
ARR 500027f8 (sz=64, trace=300864, nelems=0, elem type=char[])
OBJ 500027f9 (sz=40, trace=300868, class=java.util.LinkedHashMap$Entry@500000a3)
	key		50003ba4
	value		50003b71
	next		500027ac
	before		500027f2
	after		50002800
OBJ 500027fa (sz=32, trace=300869, class=java.util.Hashtable$Entry@500000fd)
	key		50003ba4
	value		50003b71
OBJ 500027fb (sz=24, trace=301064, class=java.lang.StringBuilder@5000004d)
ARR 500027fc (sz=48, trace=301065, nelems=0, elem type=char[])
ARR 500027fd (sz=88, trace=300030, nelems=0, elem type=char[])
OBJ 500027fe (sz=32, trace=301066, class=java.lang.String@50000036)
ARR 500027ff (sz=64, trace=300864, nelems=0, elem type=char[])
OBJ 50002800 (sz=40, trace=300868, class=java.util.LinkedHashMap$Entry@500000a3)
	key		50003bdd
	value		50003b71
	next		5000266c
	before		500027f9
	after		50002807
OBJ 50002801 (sz=32, trace=300869, class=java.util.Hashtable$Entry@500000fd)
	key		50003bdd
	value		50003b71
	next		50002628
OBJ 50002802 (sz=24, trace=301067, class=java.lang.StringBuilder@5000004d)
ARR 50002803 (sz=48, trace=301068, nelems=0, elem type=char[])
ARR 50002804 (sz=88, trace=300030, nelems=0, elem type=char[])
OBJ 50002805 (sz=32, trace=301069, class=java.lang.String@50000036)
ARR 50002806 (sz=64, trace=300864, nelems=0, elem type=char[])
OBJ 50002807 (sz=40, trace=300868, class=java.util.LinkedHashMap$Entry@500000a3)
	key		50003bfd
	value		50003b71
	before		50002800
	after		5000280e
OBJ 50002808 (sz=32, trace=300869, class=java.util.Hashtable$Entry@500000fd)
	key		50003bfd
	value		50003b71
	next		500027bb
OBJ 50002809 (sz=24, trace=301070, class=java.lang.StringBuilder@5000004d)
ARR 5000280a (sz=48, trace=301071, nelems=0, elem type=char[])
ARR 5000280b (sz=88, trace=300030, nelems=0, elem type=char[])
OBJ 5000280c (sz=32, trace=301072, class=java.lang.String@50000036)
ARR 5000280d (sz=64, trace=300864, nelems=0, elem type=char[])
OBJ 5000280e (sz=40, trace=300868, class=java.util.LinkedHashMap$Entry@500000a3)
	key		50003c03
	value		50003b71
	before		50002807
	after		50002816
ARR 5000280f (sz=784, trace=300882, nelems=190, elem type=java.util.Hashtable$Entry[]@500000fe)
	[1]		500026d1
	[3]		500026bc
	[4]		5000268a
	[6]		500026c3
	[10]		50002629
	[12]		500026b5
	[20]		5000272e
	[22]		50002642
	[38]		5000263b
	[41]		500027ad
	[42]		500026ee
	[45]		50002774
	[46]		500026a7
	[48]		50002810
	[50]		5000277b
	[51]		50002808
	[52]		5000278a
	[54]		50002634
	[58]		5000273c
	[61]		50002783
	[63]		500027a6
	[66]		500027d0
	[67]		50002791
	[68]		50002658
	[75]		50002712
	[79]		50002801
	[81]		500026ae
	[82]		50002766
	[85]		50002703
	[95]		5000265f
	[96]		5000270a
	[97]		500027b4
	[101]		50002719
	[104]		50002758
	[110]		5000276d
	[112]		50002720
	[114]		50002651
	[118]		500027c2
	[119]		50002735
	[120]		5000275f
	[125]		50002727
	[135]		5000279f
	[140]		500027ec
	[143]		5000267b
	[153]		5000262a
	[154]		50002798
	[164]		50002743
	[165]		50002649
	[166]		500027d7
	[167]		500027f3
	[168]		500027de
	[170]		50002666
	[173]		50002817
	[174]		50002751
	[176]		500026e7
	[178]		5000274a
	[183]		500027e5
	[188]		5000266d
	[189]		50002683
OBJ 50002810 (sz=32, trace=300869, class=java.util.Hashtable$Entry@500000fd)
	key		50003c03
	value		50003b71
OBJ 50002811 (sz=24, trace=301073, class=java.lang.StringBuilder@5000004d)
ARR 50002812 (sz=48, trace=301074, nelems=0, elem type=char[])
ARR 50002813 (sz=88, trace=300030, nelems=0, elem type=char[])
OBJ 50002814 (sz=32, trace=301075, class=java.lang.String@50000036)
ARR 50002815 (sz=64, trace=300864, nelems=0, elem type=char[])
OBJ 50002816 (sz=40, trace=300868, class=java.util.LinkedHashMap$Entry@500000a3)
	key		50003b83
	value		50003b71
	next		5000280e
	before		5000280e
	after		50002632
OBJ 50002817 (sz=32, trace=300869, class=java.util.Hashtable$Entry@500000fd)
	key		50003b83
	value		50003b71
OBJ 50002818 (sz=24, trace=302103, class=java.security.Provider$ServiceKey@50000e7a)
OBJ 50002819 (sz=56, trace=301077, class=java.util.LinkedHashMap@500000e0)
	table		5000293d
	entrySet	50002b26
	header		5000281b
ARR 5000281a (sz=80, trace=301078, nelems=0, elem type=java.util.HashMap$Entry[]@50000054)
OBJ 5000281b (sz=40, trace=300867, class=java.util.LinkedHashMap$Entry@500000a3)
	before		50002a2f
	after		50002827
OBJ 5000281c (sz=16, trace=301080, class=java.util.HashMap$EntrySet@5000145e)
	this$0		50002630
OBJ 5000281d (sz=32, trace=301082, class=java.util.LinkedHashMap$EntryIterator@50001461)
ARR 5000281e (sz=64, trace=301083, nelems=0, elem type=char[])
OBJ 5000281f (sz=32, trace=301084, class=java.lang.String@50000036)
OBJ 50002820 (sz=32, trace=301085, class=java.lang.String@50000036)
OBJ 50002821 (sz=32, trace=301086, class=java.lang.String@50000036)
ARR 50002822 (sz=24, trace=301087, nelems=0, elem type=java.lang.String[]@50000037)
OBJ 50002823 (sz=24, trace=301088, class=java.security.Provider$ServiceKey@50000e7a)
	type		50003af7
	algorithm	50003e02
	originalAlgorithm	50003e01
ARR 50002824 (sz=40, trace=301089, nelems=0, elem type=char[])
OBJ 50002825 (sz=32, trace=301090, class=java.lang.String@50000036)
OBJ 50002826 (sz=56, trace=301093, class=java.security.Provider$Service@5000146b)
	type		50003af7
	algorithm	50003e01
	className	50003bf5
	provider	50002621
	aliases		50003b3d
	attributes	50003b3c
OBJ 50002827 (sz=40, trace=300868, class=java.util.LinkedHashMap$Entry@500000a3)
	key		50002823
	value		50002826
	before		5000281b
	after		5000282f
ARR 50002828 (sz=64, trace=301083, nelems=0, elem type=char[])
OBJ 50002829 (sz=32, trace=301084, class=java.lang.String@50000036)
OBJ 5000282a (sz=32, trace=301085, class=java.lang.String@50000036)
OBJ 5000282b (sz=32, trace=301086, class=java.lang.String@50000036)
ARR 5000282c (sz=24, trace=301087, nelems=0, elem type=java.lang.String[]@50000037)
OBJ 5000282d (sz=24, trace=301088, class=java.security.Provider$ServiceKey@50000e7a)
	type		50003af7
	algorithm	50003dff
	originalAlgorithm	50003dff
OBJ 5000282e (sz=56, trace=301093, class=java.security.Provider$Service@5000146b)
	type		50003af7
	algorithm	50003dff
	className	50003c0f
	provider	50002621
	aliases		50003b3d
	attributes	50002ac0
OBJ 5000282f (sz=40, trace=300868, class=java.util.LinkedHashMap$Entry@500000a3)
	key		5000282d
	value		5000282e
	before		50002827
	after		50002839
ARR 50002830 (sz=64, trace=301083, nelems=0, elem type=char[])
OBJ 50002831 (sz=32, trace=301084, class=java.lang.String@50000036)
OBJ 50002832 (sz=32, trace=301085, class=java.lang.String@50000036)
OBJ 50002833 (sz=32, trace=301086, class=java.lang.String@50000036)
ARR 50002834 (sz=24, trace=301087, nelems=0, elem type=java.lang.String[]@50000037)
OBJ 50002835 (sz=24, trace=301088, class=java.security.Provider$ServiceKey@50000e7a)
	type		50003af8
	algorithm	50003dfd
	originalAlgorithm	50003ab0
ARR 50002836 (sz=40, trace=301089, nelems=0, elem type=char[])
OBJ 50002837 (sz=32, trace=301090, class=java.lang.String@50000036)
OBJ 50002838 (sz=56, trace=301093, class=java.security.Provider$Service@5000146b)
	type		50003af8
	algorithm	50003ab0
	className	50003c13
	provider	50002621
	aliases		5000287e
	attributes	5000285d
OBJ 50002839 (sz=40, trace=300868, class=java.util.LinkedHashMap$Entry@500000a3)
	key		50002835
	value		50002838
	before		5000282f
	after		50002843
ARR 5000283a (sz=64, trace=301083, nelems=0, elem type=char[])
OBJ 5000283b (sz=32, trace=301084, class=java.lang.String@50000036)
OBJ 5000283c (sz=32, trace=301085, class=java.lang.String@50000036)
OBJ 5000283d (sz=32, trace=301086, class=java.lang.String@50000036)
ARR 5000283e (sz=24, trace=301087, nelems=0, elem type=java.lang.String[]@50000037)
OBJ 5000283f (sz=24, trace=301088, class=java.security.Provider$ServiceKey@50000e7a)
	type		50003af8
	algorithm	50003e11
	originalAlgorithm	50003bb0
ARR 50002840 (sz=40, trace=301089, nelems=0, elem type=char[])
OBJ 50002841 (sz=32, trace=301090, class=java.lang.String@50000036)
OBJ 50002842 (sz=56, trace=301093, class=java.security.Provider$Service@5000146b)
	type		50003af8
	algorithm	50003bb0
	className	50003b8d
	provider	50002621
	aliases		50002851
	attributes	5000286d
OBJ 50002843 (sz=40, trace=300868, class=java.util.LinkedHashMap$Entry@500000a3)
	key		5000283f
	value		50002842
	before		50002839
	after		50002850
ARR 50002844 (sz=72, trace=301083, nelems=0, elem type=char[])
OBJ 50002845 (sz=32, trace=301084, class=java.lang.String@50000036)
OBJ 50002846 (sz=32, trace=301094, class=java.lang.String@50000036)
OBJ 50002847 (sz=32, trace=301095, class=java.lang.String@50000036)
OBJ 50002848 (sz=32, trace=301086, class=java.lang.String@50000036)
ARR 50002849 (sz=24, trace=301096, nelems=0, elem type=java.lang.String[]@50000037)
OBJ 5000284a (sz=24, trace=301097, class=java.security.Provider$ServiceKey@50000e7a)
ARR 5000284b (sz=40, trace=301098, nelems=0, elem type=char[])
OBJ 5000284c (sz=32, trace=301090, class=java.lang.String@50000036)
OBJ 5000284d (sz=24, trace=301099, class=java.security.Provider$ServiceKey@50000e7a)
	type		50003af8
	algorithm	50003e15
	originalAlgorithm	50003e13
ARR 5000284e (sz=32, trace=301100, nelems=0, elem type=char[])
OBJ 5000284f (sz=32, trace=301090, class=java.lang.String@50000036)
OBJ 50002850 (sz=40, trace=300868, class=java.util.LinkedHashMap$Entry@500000a3)
	key		5000284d
	value		50002842
	before		50002843
	after		5000287d
OBJ 50002851 (sz=24, trace=301101, class=java.util.ArrayList@5000011e)
	elementData	50002852
ARR 50002852 (sz=24, trace=301102, nelems=1, elem type=java.lang.Object[]@500000ac)
	[0]		50003e13
ARR 50002853 (sz=104, trace=301083, nelems=0, elem type=char[])
OBJ 50002854 (sz=32, trace=301084, class=java.lang.String@50000036)
OBJ 50002855 (sz=32, trace=301085, class=java.lang.String@50000036)
OBJ 50002856 (sz=32, trace=301086, class=java.lang.String@50000036)
ARR 50002857 (sz=24, trace=301087, nelems=0, elem type=java.lang.String[]@50000037)
OBJ 50002858 (sz=32, trace=301103, class=java.lang.String@50000036)
OBJ 50002859 (sz=32, trace=301104, class=java.lang.String@50000036)
OBJ 5000285a (sz=24, trace=301105, class=java.security.Provider$ServiceKey@50000e7a)
ARR 5000285b (sz=40, trace=301106, nelems=0, elem type=char[])
OBJ 5000285c (sz=32, trace=301090, class=java.lang.String@50000036)
OBJ 5000285d (sz=48, trace=301107, class=java.util.HashMap@500000cb)
	table		5000285e
ARR 5000285e (sz=48, trace=301108, nelems=6, elem type=java.util.HashMap$Entry[]@50000054)
	[1]		50002a67
	[4]		50002a3d
	[5]		50002862
OBJ 5000285f (sz=24, trace=301110, class=java.security.Provider$UString@500014a6)
	string		50003b3a
	lowerString	50002861
ARR 50002860 (sz=38, trace=301111, nelems=19, elem type=char[])
OBJ 50002861 (sz=32, trace=301112, class=java.lang.String@50000036)
	value		50002860
OBJ 50002862 (sz=32, trace=301113, class=java.util.HashMap$Entry@50000053)
	key		5000285f
	value		50003bcf
ARR 50002863 (sz=104, trace=301083, nelems=0, elem type=char[])
OBJ 50002864 (sz=32, trace=301084, class=java.lang.String@50000036)
OBJ 50002865 (sz=32, trace=301085, class=java.lang.String@50000036)
OBJ 50002866 (sz=32, trace=301086, class=java.lang.String@50000036)
ARR 50002867 (sz=24, trace=301087, nelems=0, elem type=java.lang.String[]@50000037)
OBJ 50002868 (sz=32, trace=301103, class=java.lang.String@50000036)
OBJ 50002869 (sz=32, trace=301104, class=java.lang.String@50000036)
OBJ 5000286a (sz=24, trace=301105, class=java.security.Provider$ServiceKey@50000e7a)
ARR 5000286b (sz=40, trace=301106, nelems=0, elem type=char[])
OBJ 5000286c (sz=32, trace=301090, class=java.lang.String@50000036)
OBJ 5000286d (sz=48, trace=301107, class=java.util.HashMap@500000cb)
	table		5000286e
ARR 5000286e (sz=48, trace=301108, nelems=6, elem type=java.util.HashMap$Entry[]@50000054)
	[5]		50002872
OBJ 5000286f (sz=24, trace=301110, class=java.security.Provider$UString@500014a6)
	string		50003b3a
	lowerString	50002871
ARR 50002870 (sz=38, trace=301111, nelems=19, elem type=char[])
OBJ 50002871 (sz=32, trace=301112, class=java.lang.String@50000036)
	value		50002870
OBJ 50002872 (sz=32, trace=301113, class=java.util.HashMap$Entry@50000053)
	key		5000286f
	value		50003bcf
ARR 50002873 (sz=64, trace=301083, nelems=0, elem type=char[])
OBJ 50002874 (sz=32, trace=301084, class=java.lang.String@50000036)
OBJ 50002875 (sz=32, trace=301094, class=java.lang.String@50000036)
OBJ 50002876 (sz=32, trace=301095, class=java.lang.String@50000036)
OBJ 50002877 (sz=32, trace=301086, class=java.lang.String@50000036)
ARR 50002878 (sz=24, trace=301096, nelems=0, elem type=java.lang.String[]@50000037)
OBJ 50002879 (sz=24, trace=301097, class=java.security.Provider$ServiceKey@50000e7a)
ARR 5000287a (sz=40, trace=301098, nelems=0, elem type=char[])
OBJ 5000287b (sz=32, trace=301090, class=java.lang.String@50000036)
OBJ 5000287c (sz=24, trace=301099, class=java.security.Provider$ServiceKey@50000e7a)
	type		50003af8
	algorithm	50003aac
	originalAlgorithm	50003aac
OBJ 5000287d (sz=40, trace=300868, class=java.util.LinkedHashMap$Entry@500000a3)
	key		5000287c
	value		50002838
	before		50002850
	after		5000288a
OBJ 5000287e (sz=24, trace=301101, class=java.util.ArrayList@5000011e)
	elementData	500028d4
ARR 5000287f (sz=24, trace=301102, nelems=0, elem type=java.lang.Object[]@500000ac)
ARR 50002880 (sz=64, trace=301083, nelems=0, elem type=char[])
OBJ 50002881 (sz=32, trace=301084, class=java.lang.String@50000036)
OBJ 50002882 (sz=32, trace=301094, class=java.lang.String@50000036)
OBJ 50002883 (sz=32, trace=301095, class=java.lang.String@50000036)
OBJ 50002884 (sz=32, trace=301086, class=java.lang.String@50000036)
ARR 50002885 (sz=24, trace=301096, nelems=0, elem type=java.lang.String[]@50000037)
OBJ 50002886 (sz=24, trace=301097, class=java.security.Provider$ServiceKey@50000e7a)
ARR 50002887 (sz=40, trace=301098, nelems=0, elem type=char[])
OBJ 50002888 (sz=32, trace=301090, class=java.lang.String@50000036)
OBJ 50002889 (sz=24, trace=301099, class=java.security.Provider$ServiceKey@50000e7a)
	type		50003af8
	algorithm	50003de3
	originalAlgorithm	50003de3
OBJ 5000288a (sz=40, trace=300868, class=java.util.LinkedHashMap$Entry@500000a3)
	key		50002889
	value		50002838
	before		5000287d
	after		50002895
ARR 5000288b (sz=72, trace=301083, nelems=0, elem type=char[])
OBJ 5000288c (sz=32, trace=301084, class=java.lang.String@50000036)
OBJ 5000288d (sz=32, trace=301094, class=java.lang.String@50000036)
OBJ 5000288e (sz=32, trace=301095, class=java.lang.String@50000036)
OBJ 5000288f (sz=32, trace=301086, class=java.lang.String@50000036)
ARR 50002890 (sz=24, trace=301096, nelems=0, elem type=java.lang.String[]@50000037)
OBJ 50002891 (sz=24, trace=301097, class=java.security.Provider$ServiceKey@50000e7a)
ARR 50002892 (sz=40, trace=301098, nelems=0, elem type=char[])
OBJ 50002893 (sz=32, trace=301090, class=java.lang.String@50000036)
OBJ 50002894 (sz=24, trace=301099, class=java.security.Provider$ServiceKey@50000e7a)
	type		50003af8
	algorithm	50003de4
	originalAlgorithm	50003de4
OBJ 50002895 (sz=40, trace=300868, class=java.util.LinkedHashMap$Entry@500000a3)
	key		50002894
	value		50002838
	next		50002839
	before		5000288a
	after		500028a1
ARR 50002896 (sz=32, trace=300192, nelems=0, elem type=java.lang.Object[]@500000ac)
ARR 50002897 (sz=80, trace=301083, nelems=0, elem type=char[])
OBJ 50002898 (sz=32, trace=301084, class=java.lang.String@50000036)
OBJ 50002899 (sz=32, trace=301094, class=java.lang.String@50000036)
OBJ 5000289a (sz=32, trace=301095, class=java.lang.String@50000036)
OBJ 5000289b (sz=32, trace=301086, class=java.lang.String@50000036)
ARR 5000289c (sz=24, trace=301096, nelems=0, elem type=java.lang.String[]@50000037)
OBJ 5000289d (sz=24, trace=301097, class=java.security.Provider$ServiceKey@50000e7a)
ARR 5000289e (sz=40, trace=301098, nelems=0, elem type=char[])
OBJ 5000289f (sz=32, trace=301090, class=java.lang.String@50000036)
OBJ 500028a0 (sz=24, trace=301099, class=java.security.Provider$ServiceKey@50000e7a)
	type		50003af8
	algorithm	50003de5
	originalAlgorithm	50003de5
OBJ 500028a1 (sz=40, trace=300868, class=java.util.LinkedHashMap$Entry@500000a3)
	key		500028a0
	value		50002838
	before		50002895
	after		500028ac
ARR 500028a2 (sz=72, trace=301083, nelems=0, elem type=char[])
OBJ 500028a3 (sz=32, trace=301084, class=java.lang.String@50000036)
OBJ 500028a4 (sz=32, trace=301094, class=java.lang.String@50000036)
OBJ 500028a5 (sz=32, trace=301095, class=java.lang.String@50000036)
OBJ 500028a6 (sz=32, trace=301086, class=java.lang.String@50000036)
ARR 500028a7 (sz=24, trace=301096, nelems=0, elem type=java.lang.String[]@50000037)
OBJ 500028a8 (sz=24, trace=301097, class=java.security.Provider$ServiceKey@50000e7a)
ARR 500028a9 (sz=40, trace=301098, nelems=0, elem type=char[])
OBJ 500028aa (sz=32, trace=301090, class=java.lang.String@50000036)
OBJ 500028ab (sz=24, trace=301099, class=java.security.Provider$ServiceKey@50000e7a)
	type		50003af8
	algorithm	50003de6
	originalAlgorithm	50003de6
OBJ 500028ac (sz=40, trace=300868, class=java.util.LinkedHashMap$Entry@500000a3)
	key		500028ab
	value		50002838
	before		500028a1
	after		500028ba
ARR 500028ad (sz=48, trace=300192, nelems=0, elem type=java.lang.Object[]@500000ac)
ARR 500028ae (sz=80, trace=301083, nelems=0, elem type=char[])
OBJ 500028af (sz=32, trace=301084, class=java.lang.String@50000036)
OBJ 500028b0 (sz=32, trace=301094, class=java.lang.String@50000036)
OBJ 500028b1 (sz=32, trace=301095, class=java.lang.String@50000036)
OBJ 500028b2 (sz=32, trace=301086, class=java.lang.String@50000036)
ARR 500028b3 (sz=24, trace=301096, nelems=0, elem type=java.lang.String[]@50000037)
OBJ 500028b4 (sz=24, trace=301097, class=java.security.Provider$ServiceKey@50000e7a)
ARR 500028b5 (sz=40, trace=301098, nelems=0, elem type=char[])
OBJ 500028b6 (sz=32, trace=301090, class=java.lang.String@50000036)
OBJ 500028b7 (sz=24, trace=301099, class=java.security.Provider$ServiceKey@50000e7a)
	type		50003af8
	algorithm	50003dfb
	originalAlgorithm	50003de7
ARR 500028b8 (sz=40, trace=301100, nelems=0, elem type=char[])
OBJ 500028b9 (sz=32, trace=301090, class=java.lang.String@50000036)
OBJ 500028ba (sz=40, trace=300868, class=java.util.LinkedHashMap$Entry@500000a3)
	key		500028b7
	value		50002838
	before		500028ac
	after		500028c7
ARR 500028bb (sz=80, trace=301083, nelems=0, elem type=char[])
OBJ 500028bc (sz=32, trace=301084, class=java.lang.String@50000036)
OBJ 500028bd (sz=32, trace=301094, class=java.lang.String@50000036)
OBJ 500028be (sz=32, trace=301095, class=java.lang.String@50000036)
OBJ 500028bf (sz=32, trace=301086, class=java.lang.String@50000036)
ARR 500028c0 (sz=24, trace=301096, nelems=0, elem type=java.lang.String[]@50000037)
OBJ 500028c1 (sz=24, trace=301097, class=java.security.Provider$ServiceKey@50000e7a)
ARR 500028c2 (sz=40, trace=301098, nelems=0, elem type=char[])
OBJ 500028c3 (sz=32, trace=301090, class=java.lang.String@50000036)
OBJ 500028c4 (sz=24, trace=301099, class=java.security.Provider$ServiceKey@50000e7a)
	type		50003af8
	algorithm	50003df9
	originalAlgorithm	50003de8
ARR 500028c5 (sz=40, trace=301100, nelems=0, elem type=char[])
OBJ 500028c6 (sz=32, trace=301090, class=java.lang.String@50000036)
OBJ 500028c7 (sz=40, trace=300868, class=java.util.LinkedHashMap$Entry@500000a3)
	key		500028c4
	value		50002838
	before		500028ba
	after		500028d3
ARR 500028c8 (sz=144, trace=301114, nelems=0, elem type=java.util.HashMap$Entry[]@50000054)
ARR 500028c9 (sz=104, trace=301083, nelems=0, elem type=char[])
OBJ 500028ca (sz=32, trace=301084, class=java.lang.String@50000036)
OBJ 500028cb (sz=32, trace=301094, class=java.lang.String@50000036)
OBJ 500028cc (sz=32, trace=301095, class=java.lang.String@50000036)
OBJ 500028cd (sz=32, trace=301086, class=java.lang.String@50000036)
ARR 500028ce (sz=24, trace=301096, nelems=0, elem type=java.lang.String[]@50000037)
OBJ 500028cf (sz=24, trace=301097, class=java.security.Provider$ServiceKey@50000e7a)
ARR 500028d0 (sz=40, trace=301098, nelems=0, elem type=char[])
OBJ 500028d1 (sz=32, trace=301090, class=java.lang.String@50000036)
OBJ 500028d2 (sz=24, trace=301099, class=java.security.Provider$ServiceKey@50000e7a)
	type		50003af8
	algorithm	50003de9
	originalAlgorithm	50003de9
OBJ 500028d3 (sz=40, trace=300868, class=java.util.LinkedHashMap$Entry@500000a3)
	key		500028d2
	value		50002838
	before		500028c7
	after		500028df
ARR 500028d4 (sz=64, trace=300192, nelems=11, elem type=java.lang.Object[]@500000ac)
	[0]		50003aac
	[1]		50003de3
	[2]		50003de4
	[3]		50003de5
	[4]		50003de6
	[5]		50003de7
	[6]		50003de8
	[7]		50003de9
	[8]		50003de0
	[9]		50003dea
	[10]		50003deb
ARR 500028d5 (sz=96, trace=301083, nelems=0, elem type=char[])
OBJ 500028d6 (sz=32, trace=301084, class=java.lang.String@50000036)
OBJ 500028d7 (sz=32, trace=301094, class=java.lang.String@50000036)
OBJ 500028d8 (sz=32, trace=301095, class=java.lang.String@50000036)
OBJ 500028d9 (sz=32, trace=301086, class=java.lang.String@50000036)
ARR 500028da (sz=24, trace=301096, nelems=0, elem type=java.lang.String[]@50000037)
OBJ 500028db (sz=24, trace=301097, class=java.security.Provider$ServiceKey@50000e7a)
ARR 500028dc (sz=40, trace=301098, nelems=0, elem type=char[])
OBJ 500028dd (sz=32, trace=301090, class=java.lang.String@50000036)
OBJ 500028de (sz=24, trace=301099, class=java.security.Provider$ServiceKey@50000e7a)
	type		50003af8
	algorithm	50003de0
	originalAlgorithm	50003de0
OBJ 500028df (sz=40, trace=300868, class=java.util.LinkedHashMap$Entry@500000a3)
	key		500028de
	value		50002838
	before		500028d3
	after		500028ea
ARR 500028e0 (sz=88, trace=301083, nelems=0, elem type=char[])
OBJ 500028e1 (sz=32, trace=301084, class=java.lang.String@50000036)
OBJ 500028e2 (sz=32, trace=301094, class=java.lang.String@50000036)
OBJ 500028e3 (sz=32, trace=301095, class=java.lang.String@50000036)
OBJ 500028e4 (sz=32, trace=301086, class=java.lang.String@50000036)
ARR 500028e5 (sz=24, trace=301096, nelems=0, elem type=java.lang.String[]@50000037)
OBJ 500028e6 (sz=24, trace=301097, class=java.security.Provider$ServiceKey@50000e7a)
ARR 500028e7 (sz=40, trace=301098, nelems=0, elem type=char[])
OBJ 500028e8 (sz=32, trace=301090, class=java.lang.String@50000036)
OBJ 500028e9 (sz=24, trace=301099, class=java.security.Provider$ServiceKey@50000e7a)
	type		50003af8
	algorithm	50003dea
	originalAlgorithm	50003dea
OBJ 500028ea (sz=40, trace=300868, class=java.util.LinkedHashMap$Entry@500000a3)
	key		500028e9
	value		50002838
	before		500028df
	after		500028f5
ARR 500028eb (sz=88, trace=301083, nelems=0, elem type=char[])
OBJ 500028ec (sz=32, trace=301084, class=java.lang.String@50000036)
OBJ 500028ed (sz=32, trace=301094, class=java.lang.String@50000036)
OBJ 500028ee (sz=32, trace=301095, class=java.lang.String@50000036)
OBJ 500028ef (sz=32, trace=301086, class=java.lang.String@50000036)
ARR 500028f0 (sz=24, trace=301096, nelems=0, elem type=java.lang.String[]@50000037)
OBJ 500028f1 (sz=24, trace=301097, class=java.security.Provider$ServiceKey@50000e7a)
ARR 500028f2 (sz=40, trace=301098, nelems=0, elem type=char[])
OBJ 500028f3 (sz=32, trace=301090, class=java.lang.String@50000036)
OBJ 500028f4 (sz=24, trace=301099, class=java.security.Provider$ServiceKey@50000e7a)
	type		50003af8
	algorithm	50003deb
	originalAlgorithm	50003deb
OBJ 500028f5 (sz=40, trace=300868, class=java.util.LinkedHashMap$Entry@500000a3)
	key		500028f4
	value		50002838
	before		500028ea
	after		500028fd
ARR 500028f6 (sz=56, trace=301083, nelems=0, elem type=char[])
OBJ 500028f7 (sz=32, trace=301084, class=java.lang.String@50000036)
OBJ 500028f8 (sz=32, trace=301085, class=java.lang.String@50000036)
OBJ 500028f9 (sz=32, trace=301086, class=java.lang.String@50000036)
ARR 500028fa (sz=24, trace=301087, nelems=0, elem type=java.lang.String[]@50000037)
OBJ 500028fb (sz=24, trace=301088, class=java.security.Provider$ServiceKey@50000e7a)
	type		50003af5
	algorithm	50003aac
	originalAlgorithm	50003aac
OBJ 500028fc (sz=56, trace=301093, class=java.security.Provider$Service@5000146b)
	type		50003af5
	algorithm	50003aac
	className	50003c19
	provider	50002621
	aliases		50002907
	attributes	50002a46
OBJ 500028fd (sz=40, trace=300868, class=java.util.LinkedHashMap$Entry@500000a3)
	key		500028fb
	value		500028fc
	before		500028f5
	after		50002906
ARR 500028fe (sz=112, trace=301083, nelems=0, elem type=char[])
OBJ 500028ff (sz=32, trace=301084, class=java.lang.String@50000036)
OBJ 50002900 (sz=32, trace=301094, class=java.lang.String@50000036)
OBJ 50002901 (sz=32, trace=301095, class=java.lang.String@50000036)
OBJ 50002902 (sz=32, trace=301086, class=java.lang.String@50000036)
ARR 50002903 (sz=24, trace=301096, nelems=0, elem type=java.lang.String[]@50000037)
OBJ 50002904 (sz=24, trace=301097, class=java.security.Provider$ServiceKey@50000e7a)
OBJ 50002905 (sz=24, trace=301099, class=java.security.Provider$ServiceKey@50000e7a)
	type		50003af5
	algorithm	50003e17
	originalAlgorithm	50003e17
OBJ 50002906 (sz=40, trace=300868, class=java.util.LinkedHashMap$Entry@500000a3)
	key		50002905
	value		500028fc
	before		500028fd
	after		50002911
OBJ 50002907 (sz=24, trace=301101, class=java.util.ArrayList@5000011e)
	elementData	5000291b
ARR 50002908 (sz=24, trace=301102, nelems=0, elem type=java.lang.Object[]@500000ac)
ARR 50002909 (sz=104, trace=301083, nelems=0, elem type=char[])
OBJ 5000290a (sz=32, trace=301084, class=java.lang.String@50000036)
OBJ 5000290b (sz=32, trace=301094, class=java.lang.String@50000036)
OBJ 5000290c (sz=32, trace=301095, class=java.lang.String@50000036)
OBJ 5000290d (sz=32, trace=301086, class=java.lang.String@50000036)
ARR 5000290e (sz=24, trace=301096, nelems=0, elem type=java.lang.String[]@50000037)
OBJ 5000290f (sz=24, trace=301097, class=java.security.Provider$ServiceKey@50000e7a)
OBJ 50002910 (sz=24, trace=301099, class=java.security.Provider$ServiceKey@50000e7a)
	type		50003af5
	algorithm	50003e18
	originalAlgorithm	50003e18
OBJ 50002911 (sz=40, trace=300868, class=java.util.LinkedHashMap$Entry@500000a3)
	key		50002910
	value		500028fc
	before		50002906
	after		5000291a
ARR 50002912 (sz=96, trace=301083, nelems=0, elem type=char[])
OBJ 50002913 (sz=32, trace=301084, class=java.lang.String@50000036)
OBJ 50002914 (sz=32, trace=301094, class=java.lang.String@50000036)
OBJ 50002915 (sz=32, trace=301095, class=java.lang.String@50000036)
OBJ 50002916 (sz=32, trace=301086, class=java.lang.String@50000036)
ARR 50002917 (sz=24, trace=301096, nelems=0, elem type=java.lang.String[]@50000037)
OBJ 50002918 (sz=24, trace=301097, class=java.security.Provider$ServiceKey@50000e7a)
OBJ 50002919 (sz=24, trace=301099, class=java.security.Provider$ServiceKey@50000e7a)
	type		50003af5
	algorithm	50003e19
	originalAlgorithm	50003e19
OBJ 5000291a (sz=40, trace=300868, class=java.util.LinkedHashMap$Entry@500000a3)
	key		50002919
	value		500028fc
	before		50002911
	after		50002923
ARR 5000291b (sz=32, trace=300192, nelems=3, elem type=java.lang.Object[]@500000ac)
	[0]		50003e17
	[1]		50003e18
	[2]		50003e19
ARR 5000291c (sz=56, trace=301083, nelems=0, elem type=char[])
OBJ 5000291d (sz=32, trace=301084, class=java.lang.String@50000036)
OBJ 5000291e (sz=32, trace=301085, class=java.lang.String@50000036)
OBJ 5000291f (sz=32, trace=301086, class=java.lang.String@50000036)
ARR 50002920 (sz=24, trace=301087, nelems=0, elem type=java.lang.String[]@50000037)
OBJ 50002921 (sz=24, trace=301088, class=java.security.Provider$ServiceKey@50000e7a)
	type		50003ae5
	algorithm	50003aa6
	originalAlgorithm	50003aa6
OBJ 50002922 (sz=56, trace=301093, class=java.security.Provider$Service@5000146b)
	type		50003ae5
	algorithm	50003aa6
	className	50003c30
	provider	50002621
	aliases		50003b3d
	attributes	50003b3c
OBJ 50002923 (sz=40, trace=300868, class=java.util.LinkedHashMap$Entry@500000a3)
	key		50002921
	value		50002922
	next		5000291a
	before		5000291a
	after		5000292b
ARR 50002924 (sz=56, trace=301083, nelems=0, elem type=char[])
OBJ 50002925 (sz=32, trace=301084, class=java.lang.String@50000036)
OBJ 50002926 (sz=32, trace=301085, class=java.lang.String@50000036)
OBJ 50002927 (sz=32, trace=301086, class=java.lang.String@50000036)
ARR 50002928 (sz=24, trace=301087, nelems=0, elem type=java.lang.String[]@50000037)
OBJ 50002929 (sz=24, trace=301088, class=java.security.Provider$ServiceKey@50000e7a)
	type		50003ae5
	algorithm	50003aa5
	originalAlgorithm	50003aa5
OBJ 5000292a (sz=56, trace=301093, class=java.security.Provider$Service@5000146b)
	type		50003ae5
	algorithm	50003aa5
	className	50003c24
	provider	50002621
	aliases		50003b3d
	attributes	50002a7c
OBJ 5000292b (sz=40, trace=300868, class=java.util.LinkedHashMap$Entry@500000a3)
	key		50002929
	value		5000292a
	next		5000287d
	before		50002923
	after		50002933
ARR 5000292c (sz=56, trace=301083, nelems=0, elem type=char[])
OBJ 5000292d (sz=32, trace=301084, class=java.lang.String@50000036)
OBJ 5000292e (sz=32, trace=301085, class=java.lang.String@50000036)
OBJ 5000292f (sz=32, trace=301086, class=java.lang.String@50000036)
ARR 50002930 (sz=24, trace=301087, nelems=0, elem type=java.lang.String[]@50000037)
OBJ 50002931 (sz=24, trace=301088, class=java.security.Provider$ServiceKey@50000e7a)
	type		50003ae5
	algorithm	50003aa4
	originalAlgorithm	50003aa4
OBJ 50002932 (sz=56, trace=301093, class=java.security.Provider$Service@5000146b)
	type		50003ae5
	algorithm	50003aa4
	className	50003b7b
	provider	50002621
	aliases		5000293e
	attributes	50002a8a
	classRef	50002b29
OBJ 50002933 (sz=40, trace=300868, class=java.util.LinkedHashMap$Entry@500000a3)
	key		50002931
	value		50002932
	before		5000292b
	after		5000293c
ARR 50002934 (sz=80, trace=301083, nelems=0, elem type=char[])
OBJ 50002935 (sz=32, trace=301084, class=java.lang.String@50000036)
OBJ 50002936 (sz=32, trace=301094, class=java.lang.String@50000036)
OBJ 50002937 (sz=32, trace=301095, class=java.lang.String@50000036)
OBJ 50002938 (sz=32, trace=301086, class=java.lang.String@50000036)
ARR 50002939 (sz=24, trace=301096, nelems=0, elem type=java.lang.String[]@50000037)
OBJ 5000293a (sz=24, trace=301097, class=java.security.Provider$ServiceKey@50000e7a)
OBJ 5000293b (sz=24, trace=301099, class=java.security.Provider$ServiceKey@50000e7a)
	type		50003ae5
	algorithm	50003df7
	originalAlgorithm	50003df7
OBJ 5000293c (sz=40, trace=300868, class=java.util.LinkedHashMap$Entry@500000a3)
	key		5000293b
	value		50002932
	next		50002911
	before		50002933
	after		50002948
ARR 5000293d (sz=272, trace=301114, nelems=64, elem type=java.util.HashMap$Entry[]@50000054)
	[3]		50002979
	[4]		50002970
	[7]		50002923
	[8]		5000292b
	[11]		500029d9
	[12]		50002843
	[15]		500028f5
	[16]		50002933
	[18]		50002906
	[19]		50002a0d
	[20]		50002995
	[21]		500029cf
	[23]		50002948
	[25]		500029a0
	[26]		500029b1
	[28]		50002960
	[29]		50002a25
	[31]		5000288a
	[32]		5000293c
	[33]		50002a2f
	[35]		50002895
	[41]		500028d3
	[42]		50002984
	[46]		500029a8
	[48]		500028fd
	[49]		500029bb
	[50]		50002950
	[57]		5000298c
	[60]		50002850
	[61]		500029f7
	[63]		500029e1
OBJ 5000293e (sz=24, trace=301101, class=java.util.ArrayList@5000011e)
	elementData	5000293f
ARR 5000293f (sz=24, trace=301102, nelems=2, elem type=java.lang.Object[]@500000ac)
	[0]		50003df7
	[1]		50003e1d
ARR 50002940 (sz=72, trace=301083, nelems=0, elem type=char[])
OBJ 50002941 (sz=32, trace=301084, class=java.lang.String@50000036)
OBJ 50002942 (sz=32, trace=301094, class=java.lang.String@50000036)
OBJ 50002943 (sz=32, trace=301095, class=java.lang.String@50000036)
OBJ 50002944 (sz=32, trace=301086, class=java.lang.String@50000036)
ARR 50002945 (sz=24, trace=301096, nelems=0, elem type=java.lang.String[]@50000037)
OBJ 50002946 (sz=24, trace=301097, class=java.security.Provider$ServiceKey@50000e7a)
OBJ 50002947 (sz=24, trace=301099, class=java.security.Provider$ServiceKey@50000e7a)
	type		50003ae5
	algorithm	50003e1d
	originalAlgorithm	50003e1d
OBJ 50002948 (sz=40, trace=300868, class=java.util.LinkedHashMap$Entry@500000a3)
	key		50002947
	value		50002932
	next		500028c7
	before		5000293c
	after		50002950
ARR 50002949 (sz=64, trace=301083, nelems=0, elem type=char[])
OBJ 5000294a (sz=32, trace=301084, class=java.lang.String@50000036)
OBJ 5000294b (sz=32, trace=301085, class=java.lang.String@50000036)
OBJ 5000294c (sz=32, trace=301086, class=java.lang.String@50000036)
ARR 5000294d (sz=24, trace=301087, nelems=0, elem type=java.lang.String[]@50000037)
OBJ 5000294e (sz=24, trace=301088, class=java.security.Provider$ServiceKey@50000e7a)
	type		50003ae5
	algorithm	50003e29
	originalAlgorithm	50003e29
OBJ 5000294f (sz=56, trace=301093, class=java.security.Provider$Service@5000146b)
	type		50003ae5
	algorithm	50003e29
	className	50003c2a
	provider	50002621
	aliases		50003b3d
	attributes	50003b3c
OBJ 50002950 (sz=40, trace=300868, class=java.util.LinkedHashMap$Entry@500000a3)
	key		5000294e
	value		5000294f
	next		500028a1
	before		50002948
	after		50002958
ARR 50002951 (sz=64, trace=301083, nelems=0, elem type=char[])
OBJ 50002952 (sz=32, trace=301084, class=java.lang.String@50000036)
OBJ 50002953 (sz=32, trace=301085, class=java.lang.String@50000036)
OBJ 50002954 (sz=32, trace=301086, class=java.lang.String@50000036)
ARR 50002955 (sz=24, trace=301087, nelems=0, elem type=java.lang.String[]@50000037)
OBJ 50002956 (sz=24, trace=301088, class=java.security.Provider$ServiceKey@50000e7a)
	type		50003ae5
	algorithm	50003e2b
	originalAlgorithm	50003e2b
OBJ 50002957 (sz=56, trace=301093, class=java.security.Provider$Service@5000146b)
	type		50003ae5
	algorithm	50003e2b
	className	50003bc5
	provider	50002621
	aliases		50003b3d
	attributes	50003b3c
OBJ 50002958 (sz=40, trace=300868, class=java.util.LinkedHashMap$Entry@500000a3)
	key		50002956
	value		50002957
	next		50002827
	before		50002950
	after		50002960
ARR 50002959 (sz=64, trace=301083, nelems=0, elem type=char[])
OBJ 5000295a (sz=32, trace=301084, class=java.lang.String@50000036)
OBJ 5000295b (sz=32, trace=301085, class=java.lang.String@50000036)
OBJ 5000295c (sz=32, trace=301086, class=java.lang.String@50000036)
ARR 5000295d (sz=24, trace=301087, nelems=0, elem type=java.lang.String[]@50000037)
OBJ 5000295e (sz=24, trace=301088, class=java.security.Provider$ServiceKey@50000e7a)
	type		50003ae5
	algorithm	50003e2d
	originalAlgorithm	50003e2d
OBJ 5000295f (sz=56, trace=301093, class=java.security.Provider$Service@5000146b)
	type		50003ae5
	algorithm	50003e2d
	className	50003bd3
	provider	50002621
	aliases		50003b3d
	attributes	50003b3c
OBJ 50002960 (sz=40, trace=300868, class=java.util.LinkedHashMap$Entry@500000a3)
	key		5000295e
	value		5000295f
	next		50002958
	before		50002958
	after		50002968
ARR 50002961 (sz=80, trace=301083, nelems=0, elem type=char[])
OBJ 50002962 (sz=32, trace=301084, class=java.lang.String@50000036)
OBJ 50002963 (sz=32, trace=301085, class=java.lang.String@50000036)
OBJ 50002964 (sz=32, trace=301086, class=java.lang.String@50000036)
ARR 50002965 (sz=24, trace=301087, nelems=0, elem type=java.lang.String[]@50000037)
OBJ 50002966 (sz=24, trace=301088, class=java.security.Provider$ServiceKey@50000e7a)
	type		50003af3
	algorithm	50003aac
	originalAlgorithm	50003aac
OBJ 50002967 (sz=56, trace=301093, class=java.security.Provider$Service@5000146b)
	type		50003af3
	algorithm	50003aac
	className	50003bcb
	provider	50002621
	aliases		50003b3d
	attributes	50002a54
OBJ 50002968 (sz=40, trace=300868, class=java.util.LinkedHashMap$Entry@500000a3)
	key		50002966
	value		50002967
	before		50002960
	after		50002970
ARR 50002969 (sz=64, trace=301083, nelems=0, elem type=char[])
OBJ 5000296a (sz=32, trace=301084, class=java.lang.String@50000036)
OBJ 5000296b (sz=32, trace=301085, class=java.lang.String@50000036)
OBJ 5000296c (sz=32, trace=301086, class=java.lang.String@50000036)
ARR 5000296d (sz=24, trace=301087, nelems=0, elem type=java.lang.String[]@50000037)
OBJ 5000296e (sz=24, trace=301088, class=java.security.Provider$ServiceKey@50000e7a)
	type		50003adc
	algorithm	50003aac
	originalAlgorithm	50003aac
OBJ 5000296f (sz=56, trace=301093, class=java.security.Provider$Service@5000146b)
	type		50003adc
	algorithm	50003aac
	className	50003bdf
	provider	50002621
	aliases		5000297a
	attributes	50002aa4
OBJ 50002970 (sz=40, trace=300868, class=java.util.LinkedHashMap$Entry@500000a3)
	key		5000296e
	value		5000296f
	before		50002968
	after		50002979
ARR 50002971 (sz=104, trace=301083, nelems=0, elem type=char[])
OBJ 50002972 (sz=32, trace=301084, class=java.lang.String@50000036)
OBJ 50002973 (sz=32, trace=301094, class=java.lang.String@50000036)
OBJ 50002974 (sz=32, trace=301095, class=java.lang.String@50000036)
OBJ 50002975 (sz=32, trace=301086, class=java.lang.String@50000036)
ARR 50002976 (sz=24, trace=301096, nelems=0, elem type=java.lang.String[]@50000037)
OBJ 50002977 (sz=24, trace=301097, class=java.security.Provider$ServiceKey@50000e7a)
OBJ 50002978 (sz=24, trace=301099, class=java.security.Provider$ServiceKey@50000e7a)
	type		50003adc
	algorithm	50003e19
	originalAlgorithm	50003e19
OBJ 50002979 (sz=40, trace=300868, class=java.util.LinkedHashMap$Entry@500000a3)
	key		50002978
	value		5000296f
	before		50002970
	after		50002984
OBJ 5000297a (sz=24, trace=301101, class=java.util.ArrayList@5000011e)
	elementData	5000297b
ARR 5000297b (sz=24, trace=301102, nelems=2, elem type=java.lang.Object[]@500000ac)
	[0]		50003e19
	[1]		50003e18
ARR 5000297c (sz=112, trace=301083, nelems=0, elem type=char[])
OBJ 5000297d (sz=32, trace=301084, class=java.lang.String@50000036)
OBJ 5000297e (sz=32, trace=301094, class=java.lang.String@50000036)
OBJ 5000297f (sz=32, trace=301095, class=java.lang.String@50000036)
OBJ 50002980 (sz=32, trace=301086, class=java.lang.String@50000036)
ARR 50002981 (sz=24, trace=301096, nelems=0, elem type=java.lang.String[]@50000037)
OBJ 50002982 (sz=24, trace=301097, class=java.security.Provider$ServiceKey@50000e7a)
OBJ 50002983 (sz=24, trace=301099, class=java.security.Provider$ServiceKey@50000e7a)
	type		50003adc
	algorithm	50003e18
	originalAlgorithm	50003e18
OBJ 50002984 (sz=40, trace=300868, class=java.util.LinkedHashMap$Entry@500000a3)
	key		50002983
	value		5000296f
	next		50002968
	before		50002979
	after		5000298c
ARR 50002985 (sz=48, trace=301083, nelems=0, elem type=char[])
OBJ 50002986 (sz=32, trace=301084, class=java.lang.String@50000036)
OBJ 50002987 (sz=32, trace=301085, class=java.lang.String@50000036)
OBJ 50002988 (sz=32, trace=301086, class=java.lang.String@50000036)
ARR 50002989 (sz=24, trace=301087, nelems=0, elem type=java.lang.String[]@50000037)
OBJ 5000298a (sz=24, trace=301088, class=java.security.Provider$ServiceKey@50000e7a)
	type		50003af4
	algorithm	50003aac
	originalAlgorithm	50003aac
OBJ 5000298b (sz=56, trace=301093, class=java.security.Provider$Service@5000146b)
	type		50003af4
	algorithm	50003aac
	className	50003ba0
	provider	50002621
	aliases		50002996
	attributes	50002ab2
OBJ 5000298c (sz=40, trace=300868, class=java.util.LinkedHashMap$Entry@500000a3)
	key		5000298a
	value		5000298b
	before		50002984
	after		50002995
ARR 5000298d (sz=88, trace=301083, nelems=0, elem type=char[])
OBJ 5000298e (sz=32, trace=301084, class=java.lang.String@50000036)
OBJ 5000298f (sz=32, trace=301094, class=java.lang.String@50000036)
OBJ 50002990 (sz=32, trace=301095, class=java.lang.String@50000036)
OBJ 50002991 (sz=32, trace=301086, class=java.lang.String@50000036)
ARR 50002992 (sz=24, trace=301096, nelems=0, elem type=java.lang.String[]@50000037)
OBJ 50002993 (sz=24, trace=301097, class=java.security.Provider$ServiceKey@50000e7a)
OBJ 50002994 (sz=24, trace=301099, class=java.security.Provider$ServiceKey@50000e7a)
	type		50003af4
	algorithm	50003e19
	originalAlgorithm	50003e19
OBJ 50002995 (sz=40, trace=300868, class=java.util.LinkedHashMap$Entry@500000a3)
	key		50002994
	value		5000298b
	before		5000298c
	after		500029a0
OBJ 50002996 (sz=24, trace=301101, class=java.util.ArrayList@5000011e)
	elementData	50002997
ARR 50002997 (sz=24, trace=301102, nelems=2, elem type=java.lang.Object[]@500000ac)
	[0]		50003e19
	[1]		50003e18
ARR 50002998 (sz=96, trace=301083, nelems=0, elem type=char[])
OBJ 50002999 (sz=32, trace=301084, class=java.lang.String@50000036)
OBJ 5000299a (sz=32, trace=301094, class=java.lang.String@50000036)
OBJ 5000299b (sz=32, trace=301095, class=java.lang.String@50000036)
OBJ 5000299c (sz=32, trace=301086, class=java.lang.String@50000036)
ARR 5000299d (sz=24, trace=301096, nelems=0, elem type=java.lang.String[]@50000037)
OBJ 5000299e (sz=24, trace=301097, class=java.security.Provider$ServiceKey@50000e7a)
OBJ 5000299f (sz=24, trace=301099, class=java.security.Provider$ServiceKey@50000e7a)
	type		50003af4
	algorithm	50003e18
	originalAlgorithm	50003e18
OBJ 500029a0 (sz=40, trace=300868, class=java.util.LinkedHashMap$Entry@500000a3)
	key		5000299f
	value		5000298b
	before		50002995
	after		500029a8
ARR 500029a1 (sz=64, trace=301083, nelems=0, elem type=char[])
OBJ 500029a2 (sz=32, trace=301084, class=java.lang.String@50000036)
OBJ 500029a3 (sz=32, trace=301085, class=java.lang.String@50000036)
OBJ 500029a4 (sz=32, trace=301086, class=java.lang.String@50000036)
ARR 500029a5 (sz=24, trace=301087, nelems=0, elem type=java.lang.String[]@50000037)
OBJ 500029a6 (sz=24, trace=301088, class=java.security.Provider$ServiceKey@50000e7a)
	type		50003af9
	algorithm	50003a14
	originalAlgorithm	50003a14
OBJ 500029a7 (sz=56, trace=301093, class=java.security.Provider$Service@5000146b)
	type		50003af9
	algorithm	50003a14
	className	50003bf1
	provider	50002621
	aliases		500029b2
	attributes	50002ace
OBJ 500029a8 (sz=40, trace=300868, class=java.util.LinkedHashMap$Entry@500000a3)
	key		500029a6
	value		500029a7
	next		500028ea
	before		500029a0
	after		500029b1
ARR 500029a9 (sz=88, trace=301083, nelems=0, elem type=char[])
OBJ 500029aa (sz=32, trace=301084, class=java.lang.String@50000036)
OBJ 500029ab (sz=32, trace=301094, class=java.lang.String@50000036)
OBJ 500029ac (sz=32, trace=301095, class=java.lang.String@50000036)
OBJ 500029ad (sz=32, trace=301086, class=java.lang.String@50000036)
ARR 500029ae (sz=24, trace=301096, nelems=0, elem type=java.lang.String[]@50000037)
OBJ 500029af (sz=24, trace=301097, class=java.security.Provider$ServiceKey@50000e7a)
OBJ 500029b0 (sz=24, trace=301099, class=java.security.Provider$ServiceKey@50000e7a)
	type		50003af9
	algorithm	50003c48
	originalAlgorithm	50003c48
OBJ 500029b1 (sz=40, trace=300868, class=java.util.LinkedHashMap$Entry@500000a3)
	key		500029b0
	value		500029a7
	next		500028df
	before		500029a8
	after		500029bb
OBJ 500029b2 (sz=24, trace=301101, class=java.util.ArrayList@5000011e)
	elementData	500029b3
ARR 500029b3 (sz=24, trace=301102, nelems=1, elem type=java.lang.Object[]@500000ac)
	[0]		50003c48
ARR 500029b4 (sz=40, trace=301083, nelems=0, elem type=char[])
OBJ 500029b5 (sz=32, trace=301084, class=java.lang.String@50000036)
OBJ 500029b6 (sz=32, trace=301085, class=java.lang.String@50000036)
OBJ 500029b7 (sz=32, trace=301086, class=java.lang.String@50000036)
ARR 500029b8 (sz=24, trace=301087, nelems=0, elem type=java.lang.String[]@50000037)
OBJ 500029b9 (sz=24, trace=301088, class=java.security.Provider$ServiceKey@50000e7a)
	type		50003af6
	algorithm	50003c46
	originalAlgorithm	50003c46
OBJ 500029ba (sz=56, trace=301093, class=java.security.Provider$Service@5000146b)
	type		50003af6
	algorithm	50003c46
	className	50003b75
	provider	50002621
	aliases		50003b3d
	attributes	50002adc
OBJ 500029bb (sz=40, trace=300868, class=java.util.LinkedHashMap$Entry@500000a3)
	key		500029b9
	value		500029ba
	before		500029b1
	after		500029c5
ARR 500029bc (sz=64, trace=301083, nelems=0, elem type=char[])
OBJ 500029bd (sz=32, trace=301084, class=java.lang.String@50000036)
OBJ 500029be (sz=32, trace=301085, class=java.lang.String@50000036)
OBJ 500029bf (sz=32, trace=301086, class=java.lang.String@50000036)
ARR 500029c0 (sz=24, trace=301087, nelems=0, elem type=java.lang.String[]@50000037)
OBJ 500029c1 (sz=24, trace=301088, class=java.security.Provider$ServiceKey@50000e7a)
	type		50003af6
	algorithm	50003c43
	originalAlgorithm	50003c42
ARR 500029c2 (sz=40, trace=301089, nelems=0, elem type=char[])
OBJ 500029c3 (sz=32, trace=301090, class=java.lang.String@50000036)
OBJ 500029c4 (sz=56, trace=301093, class=java.security.Provider$Service@5000146b)
	type		50003af6
	algorithm	50003c42
	className	50003b7f
	provider	50002621
	aliases		50003b3d
	attributes	50003b3c
OBJ 500029c5 (sz=40, trace=300868, class=java.util.LinkedHashMap$Entry@500000a3)
	key		500029c1
	value		500029c4
	before		500029bb
	after		500029cf
ARR 500029c6 (sz=56, trace=301083, nelems=0, elem type=char[])
OBJ 500029c7 (sz=32, trace=301084, class=java.lang.String@50000036)
OBJ 500029c8 (sz=32, trace=301085, class=java.lang.String@50000036)
OBJ 500029c9 (sz=32, trace=301086, class=java.lang.String@50000036)
ARR 500029ca (sz=24, trace=301087, nelems=0, elem type=java.lang.String[]@50000037)
OBJ 500029cb (sz=24, trace=301088, class=java.security.Provider$ServiceKey@50000e7a)
	type		50003b0a
	algorithm	50003c3f
	originalAlgorithm	50003c3e
ARR 500029cc (sz=40, trace=301089, nelems=0, elem type=char[])
OBJ 500029cd (sz=32, trace=301090, class=java.lang.String@50000036)
OBJ 500029ce (sz=56, trace=301093, class=java.security.Provider$Service@5000146b)
	type		50003b0a
	algorithm	50003c3e
	className	50003bbb
	provider	50002621
	aliases		50003b3d
	attributes	50003b3c
OBJ 500029cf (sz=40, trace=300868, class=java.util.LinkedHashMap$Entry@500000a3)
	key		500029cb
	value		500029ce
	before		500029c5
	after		500029d9
ARR 500029d0 (sz=80, trace=301083, nelems=0, elem type=char[])
OBJ 500029d1 (sz=32, trace=301084, class=java.lang.String@50000036)
OBJ 500029d2 (sz=32, trace=301085, class=java.lang.String@50000036)
OBJ 500029d3 (sz=32, trace=301086, class=java.lang.String@50000036)
ARR 500029d4 (sz=24, trace=301087, nelems=0, elem type=java.lang.String[]@50000037)
OBJ 500029d5 (sz=24, trace=301088, class=java.security.Provider$ServiceKey@50000e7a)
	type		50003b0c
	algorithm	50003c3b
	originalAlgorithm	50003c3a
ARR 500029d6 (sz=48, trace=301089, nelems=0, elem type=char[])
OBJ 500029d7 (sz=32, trace=301090, class=java.lang.String@50000036)
OBJ 500029d8 (sz=56, trace=301093, class=java.security.Provider$Service@5000146b)
	type		50003b0c
	algorithm	50003c3a
	className	50003ba6
	provider	50002621
	aliases		50003b3d
	attributes	50003b3c
OBJ 500029d9 (sz=40, trace=300868, class=java.util.LinkedHashMap$Entry@500000a3)
	key		500029d5
	value		500029d8
	before		500029cf
	after		500029e1
ARR 500029da (sz=56, trace=301083, nelems=0, elem type=char[])
OBJ 500029db (sz=32, trace=301084, class=java.lang.String@50000036)
OBJ 500029dc (sz=32, trace=301085, class=java.lang.String@50000036)
OBJ 500029dd (sz=32, trace=301086, class=java.lang.String@50000036)
ARR 500029de (sz=24, trace=301087, nelems=0, elem type=java.lang.String[]@50000037)
OBJ 500029df (sz=24, trace=301088, class=java.security.Provider$ServiceKey@50000e7a)
	type		50003afa
	algorithm	50003c34
	originalAlgorithm	50003c34
OBJ 500029e0 (sz=56, trace=301093, class=java.security.Provider$Service@5000146b)
	type		50003afa
	algorithm	50003c34
	className	50003bd7
	provider	50002621
	aliases		50003b3d
	attributes	500029ea
OBJ 500029e1 (sz=40, trace=300868, class=java.util.LinkedHashMap$Entry@500000a3)
	key		500029df
	value		500029e0
	before		500029d9
	after		500029f7
ARR 500029e2 (sz=96, trace=301083, nelems=0, elem type=char[])
OBJ 500029e3 (sz=32, trace=301084, class=java.lang.String@50000036)
OBJ 500029e4 (sz=32, trace=301085, class=java.lang.String@50000036)
OBJ 500029e5 (sz=32, trace=301086, class=java.lang.String@50000036)
ARR 500029e6 (sz=24, trace=301087, nelems=0, elem type=java.lang.String[]@50000037)
OBJ 500029e7 (sz=32, trace=301103, class=java.lang.String@50000036)
OBJ 500029e8 (sz=32, trace=301104, class=java.lang.String@50000036)
OBJ 500029e9 (sz=24, trace=301105, class=java.security.Provider$ServiceKey@50000e7a)
OBJ 500029ea (sz=48, trace=301107, class=java.util.HashMap@500000cb)
	table		500029eb
ARR 500029eb (sz=48, trace=301108, nelems=2, elem type=java.util.HashMap$Entry[]@50000054)
	[0]		500029ef
	[1]		50002af9
OBJ 500029ec (sz=24, trace=301110, class=java.security.Provider$UString@500014a6)
	string		50003c38
	lowerString	500029ee
ARR 500029ed (sz=38, trace=301111, nelems=19, elem type=char[])
OBJ 500029ee (sz=32, trace=301112, class=java.lang.String@50000036)
	value		500029ed
OBJ 500029ef (sz=32, trace=301113, class=java.util.HashMap$Entry@50000053)
	key		500029ec
	value		50003bb7
ARR 500029f0 (sz=64, trace=301083, nelems=0, elem type=char[])
OBJ 500029f1 (sz=32, trace=301084, class=java.lang.String@50000036)
OBJ 500029f2 (sz=32, trace=301085, class=java.lang.String@50000036)
OBJ 500029f3 (sz=32, trace=301086, class=java.lang.String@50000036)
ARR 500029f4 (sz=24, trace=301087, nelems=0, elem type=java.lang.String[]@50000037)
OBJ 500029f5 (sz=24, trace=301088, class=java.security.Provider$ServiceKey@50000e7a)
	type		50003afb
	algorithm	50003c34
	originalAlgorithm	50003c34
OBJ 500029f6 (sz=56, trace=301093, class=java.security.Provider$Service@5000146b)
	type		50003afb
	algorithm	50003c34
	className	50003c07
	provider	50002621
	aliases		50003b3d
	attributes	50002a00
OBJ 500029f7 (sz=40, trace=300868, class=java.util.LinkedHashMap$Entry@500000a3)
	key		500029f5
	value		500029f6
	next		500029c5
	before		500029e1
	after		50002a0d
ARR 500029f8 (sz=104, trace=301083, nelems=0, elem type=char[])
OBJ 500029f9 (sz=32, trace=301084, class=java.lang.String@50000036)
OBJ 500029fa (sz=32, trace=301085, class=java.lang.String@50000036)
OBJ 500029fb (sz=32, trace=301086, class=java.lang.String@50000036)
ARR 500029fc (sz=24, trace=301087, nelems=0, elem type=java.lang.String[]@50000037)
OBJ 500029fd (sz=32, trace=301103, class=java.lang.String@50000036)
OBJ 500029fe (sz=32, trace=301104, class=java.lang.String@50000036)
OBJ 500029ff (sz=24, trace=301105, class=java.security.Provider$ServiceKey@50000e7a)
OBJ 50002a00 (sz=48, trace=301107, class=java.util.HashMap@500000cb)
	table		50002a01
ARR 50002a01 (sz=48, trace=301108, nelems=2, elem type=java.util.HashMap$Entry[]@50000054)
	[0]		50002a05
	[1]		50002aed
OBJ 50002a02 (sz=24, trace=301110, class=java.security.Provider$UString@500014a6)
	string		50003c38
	lowerString	50002a04
ARR 50002a03 (sz=38, trace=301111, nelems=19, elem type=char[])
OBJ 50002a04 (sz=32, trace=301112, class=java.lang.String@50000036)
	value		50002a03
OBJ 50002a05 (sz=32, trace=301113, class=java.util.HashMap$Entry@50000053)
	key		50002a02
	value		50003bb7
ARR 50002a06 (sz=48, trace=301083, nelems=0, elem type=char[])
OBJ 50002a07 (sz=32, trace=301084, class=java.lang.String@50000036)
OBJ 50002a08 (sz=32, trace=301085, class=java.lang.String@50000036)
OBJ 50002a09 (sz=32, trace=301086, class=java.lang.String@50000036)
ARR 50002a0a (sz=24, trace=301087, nelems=0, elem type=java.lang.String[]@50000037)
OBJ 50002a0b (sz=24, trace=301088, class=java.security.Provider$ServiceKey@50000e7a)
	type		50003afc
	algorithm	50003e0d
	originalAlgorithm	50003e0d
OBJ 50002a0c (sz=56, trace=301093, class=java.security.Provider$Service@5000146b)
	type		50003afc
	algorithm	50003e0d
	className	50003bed
	provider	50002621
	aliases		50003b3d
	attributes	50002a16
OBJ 50002a0d (sz=40, trace=300868, class=java.util.LinkedHashMap$Entry@500000a3)
	key		50002a0b
	value		50002a0c
	next		500028ac
	before		500029f7
	after		50002a25
ARR 50002a0e (sz=72, trace=301083, nelems=0, elem type=char[])
OBJ 50002a0f (sz=32, trace=301084, class=java.lang.String@50000036)
OBJ 50002a10 (sz=32, trace=301085, class=java.lang.String@50000036)
OBJ 50002a11 (sz=32, trace=301086, class=java.lang.String@50000036)
ARR 50002a12 (sz=24, trace=301087, nelems=0, elem type=java.lang.String[]@50000037)
OBJ 50002a13 (sz=32, trace=301103, class=java.lang.String@50000036)
OBJ 50002a14 (sz=32, trace=301104, class=java.lang.String@50000036)
OBJ 50002a15 (sz=24, trace=301105, class=java.security.Provider$ServiceKey@50000e7a)
OBJ 50002a16 (sz=48, trace=301107, class=java.util.HashMap@500000cb)
	table		50002a17
ARR 50002a17 (sz=48, trace=301108, nelems=6, elem type=java.util.HashMap$Entry[]@50000054)
	[1]		50002b05
	[5]		50002a1b
OBJ 50002a18 (sz=24, trace=301110, class=java.security.Provider$UString@500014a6)
	string		50003e0f
	lowerString	50002a1a
ARR 50002a19 (sz=20, trace=301111, nelems=10, elem type=char[])
OBJ 50002a1a (sz=32, trace=301112, class=java.lang.String@50000036)
	value		50002a19
OBJ 50002a1b (sz=32, trace=301113, class=java.util.HashMap$Entry@50000053)
	key		50002a18
	value		50003bf9
ARR 50002a1c (sz=56, trace=301083, nelems=0, elem type=char[])
OBJ 50002a1d (sz=32, trace=301084, class=java.lang.String@50000036)
OBJ 50002a1e (sz=32, trace=301085, class=java.lang.String@50000036)
OBJ 50002a1f (sz=32, trace=301086, class=java.lang.String@50000036)
ARR 50002a20 (sz=24, trace=301087, nelems=0, elem type=java.lang.String[]@50000037)
OBJ 50002a21 (sz=24, trace=301088, class=java.security.Provider$ServiceKey@50000e7a)
	type		50003afc
	algorithm	50003e0a
	originalAlgorithm	50003e09
ARR 50002a22 (sz=40, trace=301089, nelems=0, elem type=char[])
OBJ 50002a23 (sz=32, trace=301090, class=java.lang.String@50000036)
OBJ 50002a24 (sz=56, trace=301093, class=java.security.Provider$Service@5000146b)
	type		50003afc
	algorithm	50003e09
	className	50003be5
	provider	50002621
	aliases		50003b3d
	attributes	50002b10
OBJ 50002a25 (sz=40, trace=300868, class=java.util.LinkedHashMap$Entry@500000a3)
	key		50002a21
	value		50002a24
	next		5000282f
	before		50002a0d
	after		50002a2f
ARR 50002a26 (sz=104, trace=301083, nelems=0, elem type=char[])
OBJ 50002a27 (sz=32, trace=301084, class=java.lang.String@50000036)
OBJ 50002a28 (sz=32, trace=301085, class=java.lang.String@50000036)
OBJ 50002a29 (sz=32, trace=301086, class=java.lang.String@50000036)
ARR 50002a2a (sz=24, trace=301087, nelems=0, elem type=java.lang.String[]@50000037)
OBJ 50002a2b (sz=24, trace=301088, class=java.security.Provider$ServiceKey@50000e7a)
	type		50003afc
	algorithm	50003e06
	originalAlgorithm	50003e05
ARR 50002a2c (sz=88, trace=301089, nelems=0, elem type=char[])
OBJ 50002a2d (sz=32, trace=301090, class=java.lang.String@50000036)
OBJ 50002a2e (sz=56, trace=301093, class=java.security.Provider$Service@5000146b)
	type		50003afc
	algorithm	50003e05
	className	50003b93
	provider	50002621
	aliases		50003b3d
	attributes	50002b20
OBJ 50002a2f (sz=40, trace=300868, class=java.util.LinkedHashMap$Entry@500000a3)
	key		50002a2b
	value		50002a2e
	next		500028ba
	before		50002a25
	after		5000281b
ARR 50002a30 (sz=80, trace=301083, nelems=0, elem type=char[])
OBJ 50002a31 (sz=32, trace=301084, class=java.lang.String@50000036)
OBJ 50002a32 (sz=32, trace=301085, class=java.lang.String@50000036)
OBJ 50002a33 (sz=32, trace=301086, class=java.lang.String@50000036)
ARR 50002a34 (sz=24, trace=301087, nelems=0, elem type=java.lang.String[]@50000037)
OBJ 50002a35 (sz=32, trace=301103, class=java.lang.String@50000036)
OBJ 50002a36 (sz=32, trace=301104, class=java.lang.String@50000036)
OBJ 50002a37 (sz=24, trace=301105, class=java.security.Provider$ServiceKey@50000e7a)
ARR 50002a38 (sz=40, trace=301106, nelems=0, elem type=char[])
OBJ 50002a39 (sz=32, trace=301090, class=java.lang.String@50000036)
OBJ 50002a3a (sz=24, trace=301110, class=java.security.Provider$UString@500014a6)
	string		50003df5
	lowerString	50002a3c
ARR 50002a3b (sz=14, trace=301111, nelems=7, elem type=char[])
OBJ 50002a3c (sz=32, trace=301112, class=java.lang.String@50000036)
	value		50002a3b
OBJ 50002a3d (sz=32, trace=301113, class=java.util.HashMap$Entry@50000053)
	key		50002a3a
	value		50003b9c
ARR 50002a3e (sz=72, trace=301083, nelems=0, elem type=char[])
OBJ 50002a3f (sz=32, trace=301084, class=java.lang.String@50000036)
OBJ 50002a40 (sz=32, trace=301085, class=java.lang.String@50000036)
OBJ 50002a41 (sz=32, trace=301086, class=java.lang.String@50000036)
ARR 50002a42 (sz=24, trace=301087, nelems=0, elem type=java.lang.String[]@50000037)
OBJ 50002a43 (sz=32, trace=301103, class=java.lang.String@50000036)
OBJ 50002a44 (sz=32, trace=301104, class=java.lang.String@50000036)
OBJ 50002a45 (sz=24, trace=301105, class=java.security.Provider$ServiceKey@50000e7a)
OBJ 50002a46 (sz=48, trace=301107, class=java.util.HashMap@500000cb)
	table		50002a47
ARR 50002a47 (sz=48, trace=301108, nelems=5, elem type=java.util.HashMap$Entry[]@50000054)
	[1]		50002a73
	[4]		50002a4b
OBJ 50002a48 (sz=24, trace=301110, class=java.security.Provider$UString@500014a6)
	string		50003df5
	lowerString	50002a4a
ARR 50002a49 (sz=14, trace=301111, nelems=7, elem type=char[])
OBJ 50002a4a (sz=32, trace=301112, class=java.lang.String@50000036)
	value		50002a49
OBJ 50002a4b (sz=32, trace=301113, class=java.util.HashMap$Entry@50000053)
	key		50002a48
	value		50003b9c
ARR 50002a4c (sz=96, trace=301083, nelems=0, elem type=char[])
OBJ 50002a4d (sz=32, trace=301084, class=java.lang.String@50000036)
OBJ 50002a4e (sz=32, trace=301085, class=java.lang.String@50000036)
OBJ 50002a4f (sz=32, trace=301086, class=java.lang.String@50000036)
ARR 50002a50 (sz=24, trace=301087, nelems=0, elem type=java.lang.String[]@50000037)
OBJ 50002a51 (sz=32, trace=301103, class=java.lang.String@50000036)
OBJ 50002a52 (sz=32, trace=301104, class=java.lang.String@50000036)
OBJ 50002a53 (sz=24, trace=301105, class=java.security.Provider$ServiceKey@50000e7a)
OBJ 50002a54 (sz=48, trace=301107, class=java.util.HashMap@500000cb)
	table		50002a55
ARR 50002a55 (sz=48, trace=301108, nelems=5, elem type=java.util.HashMap$Entry[]@50000054)
	[1]		50002a9b
	[4]		50002a59
OBJ 50002a56 (sz=24, trace=301110, class=java.security.Provider$UString@500014a6)
	string		50003df5
	lowerString	50002a58
ARR 50002a57 (sz=14, trace=301111, nelems=7, elem type=char[])
OBJ 50002a58 (sz=32, trace=301112, class=java.lang.String@50000036)
	value		50002a57
OBJ 50002a59 (sz=32, trace=301113, class=java.util.HashMap$Entry@50000053)
	key		50002a56
	value		50003b9c
ARR 50002a5a (sz=88, trace=301083, nelems=0, elem type=char[])
OBJ 50002a5b (sz=32, trace=301084, class=java.lang.String@50000036)
OBJ 50002a5c (sz=32, trace=301085, class=java.lang.String@50000036)
OBJ 50002a5d (sz=32, trace=301086, class=java.lang.String@50000036)
ARR 50002a5e (sz=24, trace=301087, nelems=0, elem type=java.lang.String[]@50000037)
OBJ 50002a5f (sz=32, trace=301103, class=java.lang.String@50000036)
OBJ 50002a60 (sz=32, trace=301104, class=java.lang.String@50000036)
OBJ 50002a61 (sz=24, trace=301105, class=java.security.Provider$ServiceKey@50000e7a)
ARR 50002a62 (sz=40, trace=301106, nelems=0, elem type=char[])
OBJ 50002a63 (sz=32, trace=301090, class=java.lang.String@50000036)
OBJ 50002a64 (sz=24, trace=301110, class=java.security.Provider$UString@500014a6)
	string		50003c36
	lowerString	50002a66
ARR 50002a65 (sz=26, trace=301111, nelems=13, elem type=char[])
OBJ 50002a66 (sz=32, trace=301112, class=java.lang.String@50000036)
	value		50002a65
OBJ 50002a67 (sz=32, trace=301113, class=java.util.HashMap$Entry@50000053)
	key		50002a64
	value		50003b71
ARR 50002a68 (sz=88, trace=301083, nelems=0, elem type=char[])
OBJ 50002a69 (sz=32, trace=301084, class=java.lang.String@50000036)
OBJ 50002a6a (sz=32, trace=301085, class=java.lang.String@50000036)
OBJ 50002a6b (sz=32, trace=301086, class=java.lang.String@50000036)
ARR 50002a6c (sz=24, trace=301087, nelems=0, elem type=java.lang.String[]@50000037)
OBJ 50002a6d (sz=32, trace=301103, class=java.lang.String@50000036)
OBJ 50002a6e (sz=32, trace=301104, class=java.lang.String@50000036)
OBJ 50002a6f (sz=24, trace=301105, class=java.security.Provider$ServiceKey@50000e7a)
OBJ 50002a70 (sz=24, trace=301110, class=java.security.Provider$UString@500014a6)
	string		50003c36
	lowerString	50002a72
ARR 50002a71 (sz=26, trace=301111, nelems=13, elem type=char[])
OBJ 50002a72 (sz=32, trace=301112, class=java.lang.String@50000036)
	value		50002a71
OBJ 50002a73 (sz=32, trace=301113, class=java.util.HashMap$Entry@50000053)
	key		50002a70
	value		50003b71
ARR 50002a74 (sz=80, trace=301083, nelems=0, elem type=char[])
OBJ 50002a75 (sz=32, trace=301084, class=java.lang.String@50000036)
OBJ 50002a76 (sz=32, trace=301085, class=java.lang.String@50000036)
OBJ 50002a77 (sz=32, trace=301086, class=java.lang.String@50000036)
ARR 50002a78 (sz=24, trace=301087, nelems=0, elem type=java.lang.String[]@50000037)
OBJ 50002a79 (sz=32, trace=301103, class=java.lang.String@50000036)
OBJ 50002a7a (sz=32, trace=301104, class=java.lang.String@50000036)
OBJ 50002a7b (sz=24, trace=301105, class=java.security.Provider$ServiceKey@50000e7a)
OBJ 50002a7c (sz=48, trace=301107, class=java.util.HashMap@500000cb)
	table		50002a7d
ARR 50002a7d (sz=48, trace=301108, nelems=2, elem type=java.util.HashMap$Entry[]@50000054)
	[1]		50002a81
OBJ 50002a7e (sz=24, trace=301110, class=java.security.Provider$UString@500014a6)
	string		50003c36
	lowerString	50002a80
ARR 50002a7f (sz=26, trace=301111, nelems=13, elem type=char[])
OBJ 50002a80 (sz=32, trace=301112, class=java.lang.String@50000036)
	value		50002a7f
OBJ 50002a81 (sz=32, trace=301113, class=java.util.HashMap$Entry@50000053)
	key		50002a7e
	value		50003b71
ARR 50002a82 (sz=80, trace=301083, nelems=0, elem type=char[])
OBJ 50002a83 (sz=32, trace=301084, class=java.lang.String@50000036)
OBJ 50002a84 (sz=32, trace=301085, class=java.lang.String@50000036)
OBJ 50002a85 (sz=32, trace=301086, class=java.lang.String@50000036)
ARR 50002a86 (sz=24, trace=301087, nelems=0, elem type=java.lang.String[]@50000037)
OBJ 50002a87 (sz=32, trace=301103, class=java.lang.String@50000036)
OBJ 50002a88 (sz=32, trace=301104, class=java.lang.String@50000036)
OBJ 50002a89 (sz=24, trace=301105, class=java.security.Provider$ServiceKey@50000e7a)
OBJ 50002a8a (sz=48, trace=301107, class=java.util.HashMap@500000cb)
	table		50002a8b
ARR 50002a8b (sz=48, trace=301108, nelems=2, elem type=java.util.HashMap$Entry[]@50000054)
	[1]		50002a8f
OBJ 50002a8c (sz=24, trace=301110, class=java.security.Provider$UString@500014a6)
	string		50003c36
	lowerString	50002a8e
ARR 50002a8d (sz=26, trace=301111, nelems=13, elem type=char[])
OBJ 50002a8e (sz=32, trace=301112, class=java.lang.String@50000036)
	value		50002a8d
OBJ 50002a8f (sz=32, trace=301113, class=java.util.HashMap$Entry@50000053)
	key		50002a8c
	value		50003b71
ARR 50002a90 (sz=112, trace=301083, nelems=0, elem type=char[])
OBJ 50002a91 (sz=32, trace=301084, class=java.lang.String@50000036)
OBJ 50002a92 (sz=32, trace=301085, class=java.lang.String@50000036)
OBJ 50002a93 (sz=32, trace=301086, class=java.lang.String@50000036)
ARR 50002a94 (sz=24, trace=301087, nelems=0, elem type=java.lang.String[]@50000037)
OBJ 50002a95 (sz=32, trace=301103, class=java.lang.String@50000036)
OBJ 50002a96 (sz=32, trace=301104, class=java.lang.String@50000036)
OBJ 50002a97 (sz=24, trace=301105, class=java.security.Provider$ServiceKey@50000e7a)
OBJ 50002a98 (sz=24, trace=301110, class=java.security.Provider$UString@500014a6)
	string		50003c36
	lowerString	50002a9a
ARR 50002a99 (sz=26, trace=301111, nelems=13, elem type=char[])
OBJ 50002a9a (sz=32, trace=301112, class=java.lang.String@50000036)
	value		50002a99
OBJ 50002a9b (sz=32, trace=301113, class=java.util.HashMap$Entry@50000053)
	key		50002a98
	value		50003b71
ARR 50002a9c (sz=96, trace=301083, nelems=0, elem type=char[])
OBJ 50002a9d (sz=32, trace=301084, class=java.lang.String@50000036)
OBJ 50002a9e (sz=32, trace=301085, class=java.lang.String@50000036)
OBJ 50002a9f (sz=32, trace=301086, class=java.lang.String@50000036)
ARR 50002aa0 (sz=24, trace=301087, nelems=0, elem type=java.lang.String[]@50000037)
OBJ 50002aa1 (sz=32, trace=301103, class=java.lang.String@50000036)
OBJ 50002aa2 (sz=32, trace=301104, class=java.lang.String@50000036)
OBJ 50002aa3 (sz=24, trace=301105, class=java.security.Provider$ServiceKey@50000e7a)
OBJ 50002aa4 (sz=48, trace=301107, class=java.util.HashMap@500000cb)
	table		50002aa5
ARR 50002aa5 (sz=48, trace=301108, nelems=2, elem type=java.util.HashMap$Entry[]@50000054)
	[1]		50002aa9
OBJ 50002aa6 (sz=24, trace=301110, class=java.security.Provider$UString@500014a6)
	string		50003c36
	lowerString	50002aa8
ARR 50002aa7 (sz=26, trace=301111, nelems=13, elem type=char[])
OBJ 50002aa8 (sz=32, trace=301112, class=java.lang.String@50000036)
	value		50002aa7
OBJ 50002aa9 (sz=32, trace=301113, class=java.util.HashMap$Entry@50000053)
	key		50002aa6
	value		50003b71
ARR 50002aaa (sz=72, trace=301083, nelems=0, elem type=char[])
OBJ 50002aab (sz=32, trace=301084, class=java.lang.String@50000036)
OBJ 50002aac (sz=32, trace=301085, class=java.lang.String@50000036)
OBJ 50002aad (sz=32, trace=301086, class=java.lang.String@50000036)
ARR 50002aae (sz=24, trace=301087, nelems=0, elem type=java.lang.String[]@50000037)
OBJ 50002aaf (sz=32, trace=301103, class=java.lang.String@50000036)
OBJ 50002ab0 (sz=32, trace=301104, class=java.lang.String@50000036)
OBJ 50002ab1 (sz=24, trace=301105, class=java.security.Provider$ServiceKey@50000e7a)
OBJ 50002ab2 (sz=48, trace=301107, class=java.util.HashMap@500000cb)
	table		50002ab3
ARR 50002ab3 (sz=48, trace=301108, nelems=2, elem type=java.util.HashMap$Entry[]@50000054)
	[1]		50002ab7
OBJ 50002ab4 (sz=24, trace=301110, class=java.security.Provider$UString@500014a6)
	string		50003c36
	lowerString	50002ab6
ARR 50002ab5 (sz=26, trace=301111, nelems=13, elem type=char[])
OBJ 50002ab6 (sz=32, trace=301112, class=java.lang.String@50000036)
	value		50002ab5
OBJ 50002ab7 (sz=32, trace=301113, class=java.util.HashMap$Entry@50000053)
	key		50002ab4
	value		50003b71
ARR 50002ab8 (sz=88, trace=301083, nelems=0, elem type=char[])
OBJ 50002ab9 (sz=32, trace=301084, class=java.lang.String@50000036)
OBJ 50002aba (sz=32, trace=301085, class=java.lang.String@50000036)
OBJ 50002abb (sz=32, trace=301086, class=java.lang.String@50000036)
ARR 50002abc (sz=24, trace=301087, nelems=0, elem type=java.lang.String[]@50000037)
OBJ 50002abd (sz=32, trace=301103, class=java.lang.String@50000036)
OBJ 50002abe (sz=32, trace=301104, class=java.lang.String@50000036)
OBJ 50002abf (sz=24, trace=301105, class=java.security.Provider$ServiceKey@50000e7a)
OBJ 50002ac0 (sz=48, trace=301107, class=java.util.HashMap@500000cb)
	table		50002ac1
ARR 50002ac1 (sz=48, trace=301108, nelems=2, elem type=java.util.HashMap$Entry[]@50000054)
	[1]		50002ac5
OBJ 50002ac2 (sz=24, trace=301110, class=java.security.Provider$UString@500014a6)
	string		50003c36
	lowerString	50002ac4
ARR 50002ac3 (sz=26, trace=301111, nelems=13, elem type=char[])
OBJ 50002ac4 (sz=32, trace=301112, class=java.lang.String@50000036)
	value		50002ac3
OBJ 50002ac5 (sz=32, trace=301113, class=java.util.HashMap$Entry@50000053)
	key		50002ac2
	value		50003b71
ARR 50002ac6 (sz=96, trace=301083, nelems=0, elem type=char[])
OBJ 50002ac7 (sz=32, trace=301084, class=java.lang.String@50000036)
OBJ 50002ac8 (sz=32, trace=301085, class=java.lang.String@50000036)
OBJ 50002ac9 (sz=32, trace=301086, class=java.lang.String@50000036)
ARR 50002aca (sz=24, trace=301087, nelems=0, elem type=java.lang.String[]@50000037)
OBJ 50002acb (sz=32, trace=301103, class=java.lang.String@50000036)
OBJ 50002acc (sz=32, trace=301104, class=java.lang.String@50000036)
OBJ 50002acd (sz=24, trace=301105, class=java.security.Provider$ServiceKey@50000e7a)
OBJ 50002ace (sz=48, trace=301107, class=java.util.HashMap@500000cb)
	table		50002acf
ARR 50002acf (sz=48, trace=301108, nelems=2, elem type=java.util.HashMap$Entry[]@50000054)
	[1]		50002ad3
OBJ 50002ad0 (sz=24, trace=301110, class=java.security.Provider$UString@500014a6)
	string		50003c36
	lowerString	50002ad2
ARR 50002ad1 (sz=26, trace=301111, nelems=13, elem type=char[])
OBJ 50002ad2 (sz=32, trace=301112, class=java.lang.String@50000036)
	value		50002ad1
OBJ 50002ad3 (sz=32, trace=301113, class=java.util.HashMap$Entry@50000053)
	key		50002ad0
	value		50003b71
ARR 50002ad4 (sz=72, trace=301083, nelems=0, elem type=char[])
OBJ 50002ad5 (sz=32, trace=301084, class=java.lang.String@50000036)
OBJ 50002ad6 (sz=32, trace=301085, class=java.lang.String@50000036)
OBJ 50002ad7 (sz=32, trace=301086, class=java.lang.String@50000036)
ARR 50002ad8 (sz=24, trace=301087, nelems=0, elem type=java.lang.String[]@50000037)
OBJ 50002ad9 (sz=32, trace=301103, class=java.lang.String@50000036)
OBJ 50002ada (sz=32, trace=301104, class=java.lang.String@50000036)
OBJ 50002adb (sz=24, trace=301105, class=java.security.Provider$ServiceKey@50000e7a)
OBJ 50002adc (sz=48, trace=301107, class=java.util.HashMap@500000cb)
	table		50002add
ARR 50002add (sz=48, trace=301108, nelems=2, elem type=java.util.HashMap$Entry[]@50000054)
	[1]		50002ae1
OBJ 50002ade (sz=24, trace=301110, class=java.security.Provider$UString@500014a6)
	string		50003c36
	lowerString	50002ae0
ARR 50002adf (sz=26, trace=301111, nelems=13, elem type=char[])
OBJ 50002ae0 (sz=32, trace=301112, class=java.lang.String@50000036)
	value		50002adf
OBJ 50002ae1 (sz=32, trace=301113, class=java.util.HashMap$Entry@50000053)
	key		50002ade
	value		50003b71
ARR 50002ae2 (sz=88, trace=301083, nelems=0, elem type=char[])
OBJ 50002ae3 (sz=32, trace=301084, class=java.lang.String@50000036)
OBJ 50002ae4 (sz=32, trace=301085, class=java.lang.String@50000036)
OBJ 50002ae5 (sz=32, trace=301086, class=java.lang.String@50000036)
ARR 50002ae6 (sz=24, trace=301087, nelems=0, elem type=java.lang.String[]@50000037)
OBJ 50002ae7 (sz=32, trace=301103, class=java.lang.String@50000036)
OBJ 50002ae8 (sz=32, trace=301104, class=java.lang.String@50000036)
OBJ 50002ae9 (sz=24, trace=301105, class=java.security.Provider$ServiceKey@50000e7a)
OBJ 50002aea (sz=24, trace=301110, class=java.security.Provider$UString@500014a6)
	string		50003c36
	lowerString	50002aec
ARR 50002aeb (sz=26, trace=301111, nelems=13, elem type=char[])
OBJ 50002aec (sz=32, trace=301112, class=java.lang.String@50000036)
	value		50002aeb
OBJ 50002aed (sz=32, trace=301113, class=java.util.HashMap$Entry@50000053)
	key		50002aea
	value		50003b71
ARR 50002aee (sz=88, trace=301083, nelems=0, elem type=char[])
OBJ 50002aef (sz=32, trace=301084, class=java.lang.String@50000036)
OBJ 50002af0 (sz=32, trace=301085, class=java.lang.String@50000036)
OBJ 50002af1 (sz=32, trace=301086, class=java.lang.String@50000036)
ARR 50002af2 (sz=24, trace=301087, nelems=0, elem type=java.lang.String[]@50000037)
OBJ 50002af3 (sz=32, trace=301103, class=java.lang.String@50000036)
OBJ 50002af4 (sz=32, trace=301104, class=java.lang.String@50000036)
OBJ 50002af5 (sz=24, trace=301105, class=java.security.Provider$ServiceKey@50000e7a)
OBJ 50002af6 (sz=24, trace=301110, class=java.security.Provider$UString@500014a6)
	string		50003c36
	lowerString	50002af8
ARR 50002af7 (sz=26, trace=301111, nelems=13, elem type=char[])
OBJ 50002af8 (sz=32, trace=301112, class=java.lang.String@50000036)
	value		50002af7
OBJ 50002af9 (sz=32, trace=301113, class=java.util.HashMap$Entry@50000053)
	key		50002af6
	value		50003b71
ARR 50002afa (sz=72, trace=301083, nelems=0, elem type=char[])
OBJ 50002afb (sz=32, trace=301084, class=java.lang.String@50000036)
OBJ 50002afc (sz=32, trace=301085, class=java.lang.String@50000036)
OBJ 50002afd (sz=32, trace=301086, class=java.lang.String@50000036)
ARR 50002afe (sz=24, trace=301087, nelems=0, elem type=java.lang.String[]@50000037)
OBJ 50002aff (sz=32, trace=301103, class=java.lang.String@50000036)
OBJ 50002b00 (sz=32, trace=301104, class=java.lang.String@50000036)
OBJ 50002b01 (sz=24, trace=301105, class=java.security.Provider$ServiceKey@50000e7a)
OBJ 50002b02 (sz=24, trace=301110, class=java.security.Provider$UString@500014a6)
	string		50003c36
	lowerString	50002b04
ARR 50002b03 (sz=26, trace=301111, nelems=13, elem type=char[])
OBJ 50002b04 (sz=32, trace=301112, class=java.lang.String@50000036)
	value		50002b03
OBJ 50002b05 (sz=32, trace=301113, class=java.util.HashMap$Entry@50000053)
	key		50002b02
	value		50003b71
ARR 50002b06 (sz=88, trace=301083, nelems=0, elem type=char[])
OBJ 50002b07 (sz=32, trace=301084, class=java.lang.String@50000036)
OBJ 50002b08 (sz=32, trace=301085, class=java.lang.String@50000036)
OBJ 50002b09 (sz=32, trace=301086, class=java.lang.String@50000036)
ARR 50002b0a (sz=24, trace=301087, nelems=0, elem type=java.lang.String[]@50000037)
OBJ 50002b0b (sz=32, trace=301103, class=java.lang.String@50000036)
OBJ 50002b0c (sz=32, trace=301104, class=java.lang.String@50000036)
OBJ 50002b0d (sz=24, trace=301105, class=java.security.Provider$ServiceKey@50000e7a)
ARR 50002b0e (sz=40, trace=301106, nelems=0, elem type=char[])
OBJ 50002b0f (sz=32, trace=301090, class=java.lang.String@50000036)
OBJ 50002b10 (sz=48, trace=301107, class=java.util.HashMap@500000cb)
	table		50002b11
ARR 50002b11 (sz=48, trace=301108, nelems=2, elem type=java.util.HashMap$Entry[]@50000054)
	[1]		50002b15
OBJ 50002b12 (sz=24, trace=301110, class=java.security.Provider$UString@500014a6)
	string		50003c36
	lowerString	50002b14
ARR 50002b13 (sz=26, trace=301111, nelems=13, elem type=char[])
OBJ 50002b14 (sz=32, trace=301112, class=java.lang.String@50000036)
	value		50002b13
OBJ 50002b15 (sz=32, trace=301113, class=java.util.HashMap$Entry@50000053)
	key		50002b12
	value		50003b71
ARR 50002b16 (sz=136, trace=301083, nelems=0, elem type=char[])
OBJ 50002b17 (sz=32, trace=301084, class=java.lang.String@50000036)
OBJ 50002b18 (sz=32, trace=301085, class=java.lang.String@50000036)
OBJ 50002b19 (sz=32, trace=301086, class=java.lang.String@50000036)
ARR 50002b1a (sz=24, trace=301087, nelems=0, elem type=java.lang.String[]@50000037)
OBJ 50002b1b (sz=32, trace=301103, class=java.lang.String@50000036)
OBJ 50002b1c (sz=32, trace=301104, class=java.lang.String@50000036)
OBJ 50002b1d (sz=24, trace=301105, class=java.security.Provider$ServiceKey@50000e7a)
ARR 50002b1e (sz=88, trace=301106, nelems=0, elem type=char[])
OBJ 50002b1f (sz=32, trace=301090, class=java.lang.String@50000036)
OBJ 50002b20 (sz=48, trace=301107, class=java.util.HashMap@500000cb)
	table		50002b21
ARR 50002b21 (sz=48, trace=301108, nelems=2, elem type=java.util.HashMap$Entry[]@50000054)
	[1]		50002b25
OBJ 50002b22 (sz=24, trace=301110, class=java.security.Provider$UString@500014a6)
	string		50003c36
	lowerString	50002b24
ARR 50002b23 (sz=26, trace=301111, nelems=13, elem type=char[])
OBJ 50002b24 (sz=32, trace=301112, class=java.lang.String@50000036)
	value		50002b23
OBJ 50002b25 (sz=32, trace=301113, class=java.util.HashMap$Entry@50000053)
	key		50002b22
	value		50003b71
OBJ 50002b26 (sz=16, trace=301080, class=java.util.HashMap$EntrySet@5000145e)
	this$0		50002819
OBJ 50002b27 (sz=32, trace=301082, class=java.util.LinkedHashMap$EntryIterator@50001461)
OBJ 50002b28 (sz=24, trace=301337, class=java.security.Provider$ServiceKey@50000e7a)
	type		50003ae5
	algorithm	50003aa4
	originalAlgorithm	50003aa4
OBJ 50002b29 (sz=32, trace=301125, class=java.lang.ref.WeakReference@50000113)
	referent	500023f3
	queue		500039c6
OBJ 50002b2a (sz=56, trace=301922, class=sun.security.provider.SHA@500023f3)
ARR 50002b2b (sz=80, trace=301923, nelems=0, elem type=byte[])
ARR 50002b2c (sz=40, trace=301924, nelems=0, elem type=int[])
ARR 50002b2d (sz=336, trace=301925, nelems=0, elem type=int[])
OBJ 50002b2e (sz=24, trace=302104, class=sun.security.jca.GetInstance$Instance@50001788)
ARR 50002b2f (sz=24, trace=302105, nelems=0, elem type=java.lang.Object[]@500000ac)
OBJ 50002b30 (sz=32, trace=302106, class=java.security.MessageDigest$Delegate@50002402)
OBJ 50002b31 (sz=32, trace=302107, class=java.util.HashMap$Entry@50000053)
ARR 50002b32 (sz=48, trace=302108, nelems=0, elem type=byte[])
OBJ 50002b33 (sz=32, trace=302109, class=java.io.ByteArrayInputStream@50000a72)
OBJ 50002b34 (sz=24, trace=302080, class=java.io.ByteArrayOutputStream@50000cce)
ARR 50002b35 (sz=48, trace=302110, nelems=0, elem type=byte[])
OBJ 50002b36 (sz=24, trace=302083, class=java.io.PushbackInputStream@500025d2)
ARR 50002b37 (sz=24, trace=302084, nelems=0, elem type=byte[])
OBJ 50002b38 (sz=32, trace=302086, class=sun.misc.CEStreamExhausted@500025d5)
ARR 50002b39 (sz=40, trace=302111, nelems=0, elem type=byte[])
OBJ 50002b3a (sz=24, trace=300144, class=sun.misc.JarIndex@500001ee)
	indexMap	50002b3b
	jarMap		50002b3d
	jarFiles	50002b77
OBJ 50002b3b (sz=48, trace=300145, class=java.util.HashMap@500000cb)
	table		50002b3c
ARR 50002b3c (sz=80, trace=300146, nelems=15, elem type=java.util.HashMap$Entry[]@50000054)
	[3]		50002b5a
	[4]		50002b72
	[13]		50002b6b
	[14]		50002b64
OBJ 50002b3d (sz=48, trace=300147, class=java.util.HashMap@500000cb)
	table		50002b3e
ARR 50002b3e (sz=80, trace=300148, nelems=15, elem type=java.util.HashMap$Entry[]@50000054)
	[14]		50002b5e
OBJ 50002b3f (sz=24, trace=300151, class=java.io.InputStreamReader@5000027a)
OBJ 50002b40 (sz=40, trace=300158, class=sun.nio.cs.UTF_8$Decoder@50000281)
OBJ 50002b41 (sz=48, trace=300160, class=sun.nio.cs.StreamDecoder@5000027c)
ARR 50002b42 (sz=8208, trace=300161, nelems=0, elem type=byte[])
OBJ 50002b43 (sz=48, trace=300162, class=java.nio.HeapByteBuffer@50000087)
OBJ 50002b44 (sz=48, trace=300163, class=java.io.BufferedReader@50000279)
ARR 50002b45 (sz=16400, trace=300164, nelems=0, elem type=char[])
OBJ 50002b46 (sz=32, trace=300067, class=java.util.Vector@50000004)
ARR 50002b47 (sz=56, trace=300165, nelems=0, elem type=java.lang.Object[]@500000ac)
OBJ 50002b48 (sz=48, trace=300054, class=java.nio.HeapCharBuffer@500000a5)
ARR 50002b49 (sz=40, trace=302112, nelems=0, elem type=byte[])
OBJ 50002b4a (sz=32, trace=302113, class=java.util.Hashtable$Entry@500000fd)
	key		50003581
	value		500025b4
OBJ 50002b4b (sz=24, trace=300273, class=java.util.ArrayList@5000011e)
ARR 50002b4c (sz=56, trace=302114, nelems=0, elem type=java.lang.Object[]@500000ac)
ARR 50002b4d (sz=24, trace=302115, nelems=0, elem type=java.lang.Object[]@500000ac)
ARR 50002b4e (sz=24, trace=302116, nelems=0, elem type=java.security.cert.Certificate[]@5000010e)
OBJ 50002b4f (sz=32, trace=300166, class=java.lang.String@50000036)
ARR 50002b50 (sz=64, trace=300167, nelems=0, elem type=char[])
OBJ 50002b51 (sz=32, trace=300166, class=java.lang.String@50000036)
ARR 50002b52 (sz=16, trace=300167, nelems=0, elem type=char[])
OBJ 50002b53 (sz=32, trace=300166, class=java.lang.String@50000036)
	value		50002b54
ARR 50002b54 (sz=36, trace=300167, nelems=18, elem type=char[])
OBJ 50002b55 (sz=32, trace=300168, class=java.lang.String@50000036)
	value		50002b56
ARR 50002b56 (sz=6, trace=300167, nelems=3, elem type=char[])
OBJ 50002b57 (sz=24, trace=300170, class=java.util.LinkedList@50000297)
	header		50002b58
OBJ 50002b58 (sz=24, trace=300172, class=java.util.LinkedList$Entry@50000299)
	next		50002b59
	previous	50002b59
OBJ 50002b59 (sz=24, trace=300173, class=java.util.LinkedList$Entry@50000299)
	element		50002b53
	next		50002b58
	previous	50002b58
OBJ 50002b5a (sz=32, trace=300174, class=java.util.HashMap$Entry@50000053)
	key		50002b55
	value		50002b57
OBJ 50002b5b (sz=24, trace=300170, class=java.util.LinkedList@50000297)
	header		50002b5c
OBJ 50002b5c (sz=24, trace=300175, class=java.util.LinkedList$Entry@50000299)
	next		50002b5d
	previous	50002b73
OBJ 50002b5d (sz=24, trace=300173, class=java.util.LinkedList$Entry@50000299)
	element		50002b55
	next		50002b65
	previous	50002b5c
OBJ 50002b5e (sz=32, trace=300174, class=java.util.HashMap$Entry@50000053)
	key		50002b53
	value		50002b5b
OBJ 50002b5f (sz=32, trace=300168, class=java.lang.String@50000036)
	value		50002b60
ARR 50002b60 (sz=18, trace=300167, nelems=9, elem type=char[])
OBJ 50002b61 (sz=24, trace=300170, class=java.util.LinkedList@50000297)
	header		50002b62
OBJ 50002b62 (sz=24, trace=300172, class=java.util.LinkedList$Entry@50000299)
	next		50002b63
	previous	50002b63
OBJ 50002b63 (sz=24, trace=300173, class=java.util.LinkedList$Entry@50000299)
	element		50002b53
	next		50002b62
	previous	50002b62
OBJ 50002b64 (sz=32, trace=300174, class=java.util.HashMap$Entry@50000053)
	key		50002b5f
	value		50002b61
OBJ 50002b65 (sz=24, trace=300176, class=java.util.LinkedList$Entry@50000299)
	element		50002b5f
	next		50002b6c
	previous	50002b5d
OBJ 50002b66 (sz=32, trace=300168, class=java.lang.String@50000036)
	value		50002b67
ARR 50002b67 (sz=32, trace=300167, nelems=16, elem type=char[])
OBJ 50002b68 (sz=24, trace=300170, class=java.util.LinkedList@50000297)
	header		50002b69
OBJ 50002b69 (sz=24, trace=300172, class=java.util.LinkedList$Entry@50000299)
	next		50002b6a
	previous	50002b6a
OBJ 50002b6a (sz=24, trace=300173, class=java.util.LinkedList$Entry@50000299)
	element		50002b53
	next		50002b69
	previous	50002b69
OBJ 50002b6b (sz=32, trace=300174, class=java.util.HashMap$Entry@50000053)
	key		50002b66
	value		50002b68
OBJ 50002b6c (sz=24, trace=300176, class=java.util.LinkedList$Entry@50000299)
	element		50002b66
	next		50002b73
	previous	50002b65
OBJ 50002b6d (sz=32, trace=300168, class=java.lang.String@50000036)
	value		50002b6e
ARR 50002b6e (sz=50, trace=300167, nelems=25, elem type=char[])
OBJ 50002b6f (sz=24, trace=300170, class=java.util.LinkedList@50000297)
	header		50002b70
OBJ 50002b70 (sz=24, trace=300172, class=java.util.LinkedList$Entry@50000299)
	next		50002b71
	previous	50002b71
OBJ 50002b71 (sz=24, trace=300173, class=java.util.LinkedList$Entry@50000299)
	element		50002b53
	next		50002b70
	previous	50002b70
OBJ 50002b72 (sz=32, trace=300174, class=java.util.HashMap$Entry@50000053)
	key		50002b6d
	value		50002b6f
OBJ 50002b73 (sz=24, trace=300176, class=java.util.LinkedList$Entry@50000299)
	element		50002b6d
	next		50002b5c
	previous	50002b6c
OBJ 50002b74 (sz=32, trace=300168, class=java.lang.String@50000036)
ARR 50002b75 (sz=16, trace=300167, nelems=0, elem type=char[])
OBJ 50002b76 (sz=48, trace=300054, class=java.nio.HeapCharBuffer@500000a5)
ARR 50002b77 (sz=24, trace=300177, nelems=1, elem type=java.lang.String[]@50000037)
	[0]		50002b53
OBJ 50002b78 (sz=64, trace=300178, class=java.net.URL@50000050)
OBJ 50002b79 (sz=24, trace=300179, class=java.lang.StringBuilder@5000004d)
ARR 50002b7a (sz=48, trace=300180, nelems=0, elem type=char[])
OBJ 50002b7b (sz=32, trace=300181, class=java.lang.String@50000036)
ARR 50002b7c (sz=168, trace=300030, nelems=0, elem type=char[])
ARR 50002b7d (sz=312, trace=300030, nelems=0, elem type=char[])
OBJ 50002b7e (sz=32, trace=300182, class=java.lang.String@50000036)
ARR 50002b7f (sz=200, trace=300183, nelems=0, elem type=char[])
OBJ 50002b80 (sz=24, trace=300184, class=java.lang.StringBuilder@5000004d)
ARR 50002b81 (sz=272, trace=300185, nelems=0, elem type=char[])
OBJ 50002b82 (sz=32, trace=300186, class=java.lang.String@50000036)
	value		50002b83
ARR 50002b83 (sz=196, trace=300012, nelems=98, elem type=char[])
OBJ 50002b84 (sz=32, trace=300187, class=java.util.HashMap$Entry@50000053)
	key		50002b82
	value		50000a3a
ARR 50002b85 (sz=144, trace=302117, nelems=30, elem type=java.util.HashMap$Entry[]@50000054)
	[1]		50002bbf
	[6]		5000022a
	[7]		50000420
	[8]		50002c65
	[11]		500005ac
	[12]		500009af
	[13]		500003a0
	[18]		50000a25
	[20]		50000757
	[21]		500002b8
	[22]		50002c2d
	[23]		50002b84
	[25]		50002bf6
	[26]		50000300
	[29]		500008e9
OBJ 50002b86 (sz=16, trace=300188, class=java.util.HashSet@500000d6)
OBJ 50002b87 (sz=48, trace=300189, class=java.util.HashMap@500000cb)
ARR 50002b88 (sz=80, trace=300190, nelems=0, elem type=java.util.HashMap$Entry[]@50000054)
OBJ 50002b89 (sz=24, trace=300009, class=java.lang.StringBuilder@5000004d)
ARR 50002b8a (sz=272, trace=300010, nelems=0, elem type=char[])
OBJ 50002b8b (sz=32, trace=300011, class=java.lang.String@50000036)
	value		50002b8c
ARR 50002b8c (sz=178, trace=300012, nelems=89, elem type=char[])
OBJ 50002b8d (sz=24, trace=300014, class=sun.misc.URLClassPath$3@50000164)
OBJ 50002b8e (sz=24, trace=300016, class=java.lang.StringBuilder@5000004d)
ARR 50002b8f (sz=48, trace=300017, nelems=0, elem type=char[])
OBJ 50002b90 (sz=24, trace=300026, class=java.lang.StringBuffer@5000005e)
ARR 50002b91 (sz=192, trace=300027, nelems=0, elem type=char[])
OBJ 50002b92 (sz=32, trace=300028, class=java.lang.String@50000036)
ARR 50002b93 (sz=192, trace=300029, nelems=0, elem type=char[])
ARR 50002b94 (sz=192, trace=300030, nelems=0, elem type=char[])
ARR 50002b95 (sz=368, trace=300030, nelems=0, elem type=char[])
OBJ 50002b96 (sz=32, trace=300031, class=java.lang.String@50000036)
	value		50002b97
ARR 50002b97 (sz=178, trace=300032, nelems=89, elem type=char[])
OBJ 50002b98 (sz=64, trace=300033, class=java.net.URL@50000050)
	protocol	5000357d
	host		500032b6
	file		50002b96
	authority	500032b6
	path		50002b96
	handler		500033f6
OBJ 50002b99 (sz=24, trace=300034, class=java.net.Parts@500000c3)
OBJ 50002b9a (sz=40, trace=300035, class=sun.misc.URLClassPath$JarLoader@50000167)
	base		50002b98
	jar		50002bb3
	csu		50003410
	handler		500033f6
	lmap		500033f7
OBJ 50002b9b (sz=24, trace=300036, class=java.lang.StringBuilder@5000004d)
ARR 50002b9c (sz=48, trace=300037, nelems=0, elem type=char[])
ARR 50002b9d (sz=88, trace=300038, nelems=0, elem type=char[])
ARR 50002b9e (sz=160, trace=300038, nelems=0, elem type=char[])
ARR 50002b9f (sz=304, trace=300038, nelems=0, elem type=char[])
OBJ 50002ba0 (sz=32, trace=300039, class=java.lang.String@50000036)
ARR 50002ba1 (sz=184, trace=300040, nelems=0, elem type=char[])
OBJ 50002ba2 (sz=24, trace=300041, class=java.io.File@500000b8)
OBJ 50002ba3 (sz=16, trace=300045, class=sun.misc.URLClassPath$JarLoader$1@5000018e)
OBJ 50002ba4 (sz=24, trace=300047, class=sun.misc.FileURLMapper@50000190)
OBJ 50002ba5 (sz=24, trace=300048, class=java.lang.StringBuilder@5000004d)
ARR 50002ba6 (sz=48, trace=300049, nelems=0, elem type=char[])
ARR 50002ba7 (sz=88, trace=300038, nelems=0, elem type=char[])
ARR 50002ba8 (sz=160, trace=300038, nelems=0, elem type=char[])
ARR 50002ba9 (sz=304, trace=300038, nelems=0, elem type=char[])
OBJ 50002baa (sz=32, trace=300050, class=java.lang.String@50000036)
	value		50002bab
ARR 50002bab (sz=164, trace=300040, nelems=82, elem type=char[])
OBJ 50002bac (sz=24, trace=300051, class=java.io.File@500000b8)
ARR 50002bad (sz=344, trace=300052, nelems=0, elem type=byte[])
OBJ 50002bae (sz=48, trace=300053, class=java.nio.HeapByteBuffer@50000087)
OBJ 50002baf (sz=48, trace=300054, class=java.nio.HeapCharBuffer@500000a5)
ARR 50002bb0 (sz=104, trace=300055, nelems=0, elem type=byte[])
OBJ 50002bb1 (sz=32, trace=300056, class=java.lang.String@50000036)
OBJ 50002bb2 (sz=24, trace=300064, class=java.io.File@500000b8)
OBJ 50002bb3 (sz=56, trace=300065, class=java.util.jar.JarFile@500001a0)
	name		50002baa
	inflaters	50002bb5
OBJ 50002bb4 (sz=40, trace=300066, class=java.lang.ref.Finalizer@500000f9)
	referent	50002bb3
	queue		500032ae
	next		5000260c
	prev		50002beb
OBJ 50002bb5 (sz=32, trace=300067, class=java.util.Vector@50000004)
	elementData	50002bb6
ARR 50002bb6 (sz=56, trace=300068, nelems=0, elem type=java.lang.Object[]@500000ac)
ARR 50002bb7 (sz=344, trace=300069, nelems=0, elem type=byte[])
OBJ 50002bb8 (sz=48, trace=300053, class=java.nio.HeapByteBuffer@50000087)
OBJ 50002bb9 (sz=48, trace=300054, class=java.nio.HeapCharBuffer@500000a5)
ARR 50002bba (sz=104, trace=300055, nelems=0, elem type=byte[])
ARR 50002bbb (sz=344, trace=300070, nelems=0, elem type=byte[])
OBJ 50002bbc (sz=48, trace=300053, class=java.nio.HeapByteBuffer@50000087)
OBJ 50002bbd (sz=48, trace=300054, class=java.nio.HeapCharBuffer@500000a5)
ARR 50002bbe (sz=104, trace=300055, nelems=0, elem type=byte[])
OBJ 50002bbf (sz=32, trace=300131, class=java.util.HashMap$Entry@50000053)
	key		50002b8b
	value		50002b9a
OBJ 50002bc0 (sz=24, trace=300009, class=java.lang.StringBuilder@5000004d)
ARR 50002bc1 (sz=272, trace=300010, nelems=0, elem type=char[])
OBJ 50002bc2 (sz=32, trace=300011, class=java.lang.String@50000036)
	value		50002bc3
ARR 50002bc3 (sz=188, trace=300012, nelems=94, elem type=char[])
OBJ 50002bc4 (sz=24, trace=300014, class=sun.misc.URLClassPath$3@50000164)
OBJ 50002bc5 (sz=24, trace=300016, class=java.lang.StringBuilder@5000004d)
ARR 50002bc6 (sz=48, trace=300017, nelems=0, elem type=char[])
OBJ 50002bc7 (sz=24, trace=300026, class=java.lang.StringBuffer@5000005e)
ARR 50002bc8 (sz=200, trace=300027, nelems=0, elem type=char[])
OBJ 50002bc9 (sz=32, trace=300028, class=java.lang.String@50000036)
ARR 50002bca (sz=200, trace=300029, nelems=0, elem type=char[])
ARR 50002bcb (sz=200, trace=300030, nelems=0, elem type=char[])
ARR 50002bcc (sz=392, trace=300030, nelems=0, elem type=char[])
OBJ 50002bcd (sz=32, trace=300031, class=java.lang.String@50000036)
	value		50002bce
ARR 50002bce (sz=188, trace=300032, nelems=94, elem type=char[])
OBJ 50002bcf (sz=64, trace=300033, class=java.net.URL@50000050)
	protocol	5000357d
	host		500032b6
	file		50002bcd
	authority	500032b6
	path		50002bcd
	handler		500033f6
OBJ 50002bd0 (sz=24, trace=300034, class=java.net.Parts@500000c3)
OBJ 50002bd1 (sz=40, trace=300035, class=sun.misc.URLClassPath$JarLoader@50000167)
	base		50002bcf
	jar		50002bea
	csu		50003411
	handler		500033f6
	lmap		500033f7
OBJ 50002bd2 (sz=24, trace=300036, class=java.lang.StringBuilder@5000004d)
ARR 50002bd3 (sz=48, trace=300037, nelems=0, elem type=char[])
ARR 50002bd4 (sz=88, trace=300038, nelems=0, elem type=char[])
ARR 50002bd5 (sz=160, trace=300038, nelems=0, elem type=char[])
ARR 50002bd6 (sz=304, trace=300038, nelems=0, elem type=char[])
OBJ 50002bd7 (sz=32, trace=300039, class=java.lang.String@50000036)
ARR 50002bd8 (sz=192, trace=300040, nelems=0, elem type=char[])
OBJ 50002bd9 (sz=24, trace=300041, class=java.io.File@500000b8)
OBJ 50002bda (sz=16, trace=300045, class=sun.misc.URLClassPath$JarLoader$1@5000018e)
OBJ 50002bdb (sz=24, trace=300047, class=sun.misc.FileURLMapper@50000190)
OBJ 50002bdc (sz=24, trace=300048, class=java.lang.StringBuilder@5000004d)
ARR 50002bdd (sz=48, trace=300049, nelems=0, elem type=char[])
ARR 50002bde (sz=88, trace=300038, nelems=0, elem type=char[])
ARR 50002bdf (sz=160, trace=300038, nelems=0, elem type=char[])
ARR 50002be0 (sz=304, trace=300038, nelems=0, elem type=char[])
OBJ 50002be1 (sz=32, trace=300050, class=java.lang.String@50000036)
	value		50002be2
ARR 50002be2 (sz=174, trace=300040, nelems=87, elem type=char[])
OBJ 50002be3 (sz=24, trace=300051, class=java.io.File@500000b8)
ARR 50002be4 (sz=368, trace=300052, nelems=0, elem type=byte[])
OBJ 50002be5 (sz=48, trace=300053, class=java.nio.HeapByteBuffer@50000087)
OBJ 50002be6 (sz=48, trace=300054, class=java.nio.HeapCharBuffer@500000a5)
ARR 50002be7 (sz=104, trace=300055, nelems=0, elem type=byte[])
OBJ 50002be8 (sz=32, trace=300056, class=java.lang.String@50000036)
OBJ 50002be9 (sz=24, trace=300064, class=java.io.File@500000b8)
OBJ 50002bea (sz=56, trace=300065, class=java.util.jar.JarFile@500001a0)
	name		50002be1
	inflaters	50002bec
OBJ 50002beb (sz=40, trace=300066, class=java.lang.ref.Finalizer@500000f9)
	referent	50002bea
	queue		500032ae
	next		50002bb4
	prev		50002c22
OBJ 50002bec (sz=32, trace=300067, class=java.util.Vector@50000004)
	elementData	50002bed
ARR 50002bed (sz=56, trace=300068, nelems=0, elem type=java.lang.Object[]@500000ac)
ARR 50002bee (sz=368, trace=300069, nelems=0, elem type=byte[])
OBJ 50002bef (sz=48, trace=300053, class=java.nio.HeapByteBuffer@50000087)
OBJ 50002bf0 (sz=48, trace=300054, class=java.nio.HeapCharBuffer@500000a5)
ARR 50002bf1 (sz=104, trace=300055, nelems=0, elem type=byte[])
ARR 50002bf2 (sz=368, trace=300070, nelems=0, elem type=byte[])
OBJ 50002bf3 (sz=48, trace=300053, class=java.nio.HeapByteBuffer@50000087)
OBJ 50002bf4 (sz=48, trace=300054, class=java.nio.HeapCharBuffer@500000a5)
ARR 50002bf5 (sz=104, trace=300055, nelems=0, elem type=byte[])
OBJ 50002bf6 (sz=32, trace=300131, class=java.util.HashMap$Entry@50000053)
	key		50002bc2
	value		50002bd1
OBJ 50002bf7 (sz=24, trace=300009, class=java.lang.StringBuilder@5000004d)
ARR 50002bf8 (sz=272, trace=300010, nelems=0, elem type=char[])
OBJ 50002bf9 (sz=32, trace=300011, class=java.lang.String@50000036)
	value		50002bfa
ARR 50002bfa (sz=198, trace=300012, nelems=99, elem type=char[])
OBJ 50002bfb (sz=24, trace=300014, class=sun.misc.URLClassPath$3@50000164)
OBJ 50002bfc (sz=24, trace=300016, class=java.lang.StringBuilder@5000004d)
ARR 50002bfd (sz=48, trace=300017, nelems=0, elem type=char[])
OBJ 50002bfe (sz=24, trace=300026, class=java.lang.StringBuffer@5000005e)
ARR 50002bff (sz=216, trace=300027, nelems=0, elem type=char[])
OBJ 50002c00 (sz=32, trace=300028, class=java.lang.String@50000036)
ARR 50002c01 (sz=216, trace=300029, nelems=0, elem type=char[])
ARR 50002c02 (sz=216, trace=300030, nelems=0, elem type=char[])
ARR 50002c03 (sz=408, trace=300030, nelems=0, elem type=char[])
OBJ 50002c04 (sz=32, trace=300031, class=java.lang.String@50000036)
	value		50002c05
ARR 50002c05 (sz=198, trace=300032, nelems=99, elem type=char[])
OBJ 50002c06 (sz=64, trace=300033, class=java.net.URL@50000050)
	protocol	5000357d
	host		500032b6
	file		50002c04
	authority	500032b6
	path		50002c04
	handler		500033f6
OBJ 50002c07 (sz=24, trace=300034, class=java.net.Parts@500000c3)
OBJ 50002c08 (sz=40, trace=300035, class=sun.misc.URLClassPath$JarLoader@50000167)
	base		50002c06
	jar		50002c21
	csu		50003412
	handler		500033f6
	lmap		500033f7
OBJ 50002c09 (sz=24, trace=300036, class=java.lang.StringBuilder@5000004d)
ARR 50002c0a (sz=48, trace=300037, nelems=0, elem type=char[])
ARR 50002c0b (sz=88, trace=300038, nelems=0, elem type=char[])
ARR 50002c0c (sz=160, trace=300038, nelems=0, elem type=char[])
ARR 50002c0d (sz=304, trace=300038, nelems=0, elem type=char[])
OBJ 50002c0e (sz=32, trace=300039, class=java.lang.String@50000036)
ARR 50002c0f (sz=200, trace=300040, nelems=0, elem type=char[])
OBJ 50002c10 (sz=24, trace=300041, class=java.io.File@500000b8)
OBJ 50002c11 (sz=16, trace=300045, class=sun.misc.URLClassPath$JarLoader$1@5000018e)
OBJ 50002c12 (sz=24, trace=300047, class=sun.misc.FileURLMapper@50000190)
OBJ 50002c13 (sz=24, trace=300048, class=java.lang.StringBuilder@5000004d)
ARR 50002c14 (sz=48, trace=300049, nelems=0, elem type=char[])
ARR 50002c15 (sz=88, trace=300038, nelems=0, elem type=char[])
ARR 50002c16 (sz=160, trace=300038, nelems=0, elem type=char[])
ARR 50002c17 (sz=304, trace=300038, nelems=0, elem type=char[])
OBJ 50002c18 (sz=32, trace=300050, class=java.lang.String@50000036)
	value		50002c19
ARR 50002c19 (sz=184, trace=300040, nelems=92, elem type=char[])
OBJ 50002c1a (sz=24, trace=300051, class=java.io.File@500000b8)
ARR 50002c1b (sz=384, trace=300052, nelems=0, elem type=byte[])
OBJ 50002c1c (sz=48, trace=300053, class=java.nio.HeapByteBuffer@50000087)
OBJ 50002c1d (sz=48, trace=300054, class=java.nio.HeapCharBuffer@500000a5)
ARR 50002c1e (sz=112, trace=300055, nelems=0, elem type=byte[])
OBJ 50002c1f (sz=32, trace=300056, class=java.lang.String@50000036)
OBJ 50002c20 (sz=24, trace=300064, class=java.io.File@500000b8)
OBJ 50002c21 (sz=56, trace=300065, class=java.util.jar.JarFile@500001a0)
	name		50002c18
	inflaters	50002c23
OBJ 50002c22 (sz=40, trace=300066, class=java.lang.ref.Finalizer@500000f9)
	referent	50002c21
	queue		500032ae
	next		50002beb
	prev		50002c59
OBJ 50002c23 (sz=32, trace=300067, class=java.util.Vector@50000004)
	elementData	50002c24
ARR 50002c24 (sz=56, trace=300068, nelems=0, elem type=java.lang.Object[]@500000ac)
ARR 50002c25 (sz=384, trace=300069, nelems=0, elem type=byte[])
OBJ 50002c26 (sz=48, trace=300053, class=java.nio.HeapByteBuffer@50000087)
OBJ 50002c27 (sz=48, trace=300054, class=java.nio.HeapCharBuffer@500000a5)
ARR 50002c28 (sz=112, trace=300055, nelems=0, elem type=byte[])
ARR 50002c29 (sz=384, trace=300070, nelems=0, elem type=byte[])
OBJ 50002c2a (sz=48, trace=300053, class=java.nio.HeapByteBuffer@50000087)
OBJ 50002c2b (sz=48, trace=300054, class=java.nio.HeapCharBuffer@500000a5)
ARR 50002c2c (sz=112, trace=300055, nelems=0, elem type=byte[])
OBJ 50002c2d (sz=32, trace=300131, class=java.util.HashMap$Entry@50000053)
	key		50002bf9
	value		50002c08
OBJ 50002c2e (sz=24, trace=300009, class=java.lang.StringBuilder@5000004d)
ARR 50002c2f (sz=272, trace=300010, nelems=0, elem type=char[])
OBJ 50002c30 (sz=32, trace=300011, class=java.lang.String@50000036)
	value		50002c31
ARR 50002c31 (sz=186, trace=300012, nelems=93, elem type=char[])
OBJ 50002c32 (sz=24, trace=300014, class=sun.misc.URLClassPath$3@50000164)
OBJ 50002c33 (sz=24, trace=300016, class=java.lang.StringBuilder@5000004d)
ARR 50002c34 (sz=48, trace=300017, nelems=0, elem type=char[])
OBJ 50002c35 (sz=24, trace=300026, class=java.lang.StringBuffer@5000005e)
ARR 50002c36 (sz=200, trace=300027, nelems=0, elem type=char[])
OBJ 50002c37 (sz=32, trace=300028, class=java.lang.String@50000036)
ARR 50002c38 (sz=200, trace=300029, nelems=0, elem type=char[])
ARR 50002c39 (sz=200, trace=300030, nelems=0, elem type=char[])
ARR 50002c3a (sz=384, trace=300030, nelems=0, elem type=char[])
OBJ 50002c3b (sz=32, trace=300031, class=java.lang.String@50000036)
	value		50002c3c
ARR 50002c3c (sz=186, trace=300032, nelems=93, elem type=char[])
OBJ 50002c3d (sz=64, trace=300033, class=java.net.URL@50000050)
	protocol	5000357d
	host		500032b6
	file		50002c3b
	authority	500032b6
	path		50002c3b
	handler		500033f6
OBJ 50002c3e (sz=24, trace=300034, class=java.net.Parts@500000c3)
OBJ 50002c3f (sz=40, trace=300035, class=sun.misc.URLClassPath$JarLoader@50000167)
	base		50002c3d
	jar		50002c58
	csu		50003413
	handler		500033f6
	lmap		500033f7
OBJ 50002c40 (sz=24, trace=300036, class=java.lang.StringBuilder@5000004d)
ARR 50002c41 (sz=48, trace=300037, nelems=0, elem type=char[])
ARR 50002c42 (sz=88, trace=300038, nelems=0, elem type=char[])
ARR 50002c43 (sz=160, trace=300038, nelems=0, elem type=char[])
ARR 50002c44 (sz=304, trace=300038, nelems=0, elem type=char[])
OBJ 50002c45 (sz=32, trace=300039, class=java.lang.String@50000036)
ARR 50002c46 (sz=192, trace=300040, nelems=0, elem type=char[])
OBJ 50002c47 (sz=24, trace=300041, class=java.io.File@500000b8)
OBJ 50002c48 (sz=16, trace=300045, class=sun.misc.URLClassPath$JarLoader$1@5000018e)
OBJ 50002c49 (sz=24, trace=300047, class=sun.misc.FileURLMapper@50000190)
OBJ 50002c4a (sz=24, trace=300048, class=java.lang.StringBuilder@5000004d)
ARR 50002c4b (sz=48, trace=300049, nelems=0, elem type=char[])
ARR 50002c4c (sz=88, trace=300038, nelems=0, elem type=char[])
ARR 50002c4d (sz=160, trace=300038, nelems=0, elem type=char[])
ARR 50002c4e (sz=304, trace=300038, nelems=0, elem type=char[])
OBJ 50002c4f (sz=32, trace=300050, class=java.lang.String@50000036)
	value		50002c50
ARR 50002c50 (sz=172, trace=300040, nelems=86, elem type=char[])
OBJ 50002c51 (sz=24, trace=300051, class=java.io.File@500000b8)
ARR 50002c52 (sz=360, trace=300052, nelems=0, elem type=byte[])
OBJ 50002c53 (sz=48, trace=300053, class=java.nio.HeapByteBuffer@50000087)
OBJ 50002c54 (sz=48, trace=300054, class=java.nio.HeapCharBuffer@500000a5)
ARR 50002c55 (sz=104, trace=300055, nelems=0, elem type=byte[])
OBJ 50002c56 (sz=32, trace=300056, class=java.lang.String@50000036)
OBJ 50002c57 (sz=24, trace=300064, class=java.io.File@500000b8)
OBJ 50002c58 (sz=56, trace=300065, class=java.util.jar.JarFile@500001a0)
	name		50002c4f
	inflaters	50002c5a
OBJ 50002c59 (sz=40, trace=300066, class=java.lang.ref.Finalizer@500000f9)
	referent	50002c58
	queue		500032ae
	next		50002c22
	prev		50002ca3
OBJ 50002c5a (sz=32, trace=300067, class=java.util.Vector@50000004)
	elementData	50002c5b
ARR 50002c5b (sz=56, trace=300068, nelems=0, elem type=java.lang.Object[]@500000ac)
ARR 50002c5c (sz=360, trace=300069, nelems=0, elem type=byte[])
OBJ 50002c5d (sz=48, trace=300053, class=java.nio.HeapByteBuffer@50000087)
OBJ 50002c5e (sz=48, trace=300054, class=java.nio.HeapCharBuffer@500000a5)
ARR 50002c5f (sz=104, trace=300055, nelems=0, elem type=byte[])
ARR 50002c60 (sz=360, trace=300070, nelems=0, elem type=byte[])
OBJ 50002c61 (sz=48, trace=300053, class=java.nio.HeapByteBuffer@50000087)
OBJ 50002c62 (sz=48, trace=300054, class=java.nio.HeapCharBuffer@500000a5)
ARR 50002c63 (sz=104, trace=300055, nelems=0, elem type=byte[])
ARR 50002c64 (sz=120, trace=300192, nelems=17, elem type=java.lang.Object[]@500000ac)
	[0]		500001cb
	[1]		5000023c
	[2]		500002cd
	[3]		50000312
	[4]		500003b5
	[5]		50000435
	[6]		500005c1
	[7]		50000664
	[8]		500008b6
	[9]		500008fb
	[10]		5000097b
	[11]		500009c1
	[12]		50000a3a
	[13]		50002b9a
	[14]		50002bd1
	[15]		50002c08
	[16]		50002c3f
OBJ 50002c65 (sz=32, trace=300131, class=java.util.HashMap$Entry@50000053)
	key		50002c30
	value		50002c3f
OBJ 50002c66 (sz=32, trace=302118, class=java.lang.ClassNotFoundException@50000068)
OBJ 50002c67 (sz=32, trace=302119, class=java.security.PrivilegedActionException@500001b7)
OBJ 50002c68 (sz=24, trace=302120, class=java.net.URLClassLoader$1@5000015b)
ARR 50002c69 (sz=64, trace=300006, nelems=0, elem type=char[])
OBJ 50002c6a (sz=32, trace=300007, class=java.lang.String@50000036)
OBJ 50002c6b (sz=24, trace=300009, class=java.lang.StringBuilder@5000004d)
ARR 50002c6c (sz=272, trace=300010, nelems=0, elem type=char[])
OBJ 50002c6d (sz=32, trace=300011, class=java.lang.String@50000036)
	value		50002c6e
ARR 50002c6e (sz=86, trace=300012, nelems=43, elem type=char[])
OBJ 50002c6f (sz=24, trace=300014, class=sun.misc.URLClassPath$3@50000164)
OBJ 50002c71 (sz=24, trace=302122, class=sun.misc.URLClassPath$FileLoader@50002c70)
	base		50003edf
	dir		50002c7e
OBJ 50002c72 (sz=24, trace=302123, class=java.lang.StringBuilder@5000004d)
ARR 50002c73 (sz=48, trace=302124, nelems=0, elem type=char[])
ARR 50002c74 (sz=88, trace=300038, nelems=0, elem type=char[])
ARR 50002c75 (sz=160, trace=300038, nelems=0, elem type=char[])
OBJ 50002c76 (sz=32, trace=302125, class=java.lang.String@50000036)
ARR 50002c77 (sz=88, trace=300040, nelems=0, elem type=char[])
OBJ 50002c78 (sz=24, trace=302126, class=java.io.File@500000b8)
OBJ 50002c79 (sz=24, trace=302127, class=java.lang.StringBuffer@5000005e)
ARR 50002c7a (sz=88, trace=302128, nelems=0, elem type=char[])
OBJ 50002c7b (sz=32, trace=302129, class=java.lang.String@50000036)
OBJ 50002c7c (sz=32, trace=302130, class=java.lang.String@50000036)
ARR 50002c7d (sz=88, trace=302131, nelems=0, elem type=char[])
OBJ 50002c7e (sz=24, trace=302132, class=java.io.File@500000b8)
	path		50003497
OBJ 50002c7f (sz=32, trace=300131, class=java.util.HashMap$Entry@50000053)
	key		50002c6d
	value		50002c71
OBJ 50002c80 (sz=64, trace=302133, class=java.net.URL@50000050)
OBJ 50002c81 (sz=24, trace=300179, class=java.lang.StringBuilder@5000004d)
ARR 50002c82 (sz=48, trace=300180, nelems=0, elem type=char[])
ARR 50002c83 (sz=88, trace=300030, nelems=0, elem type=char[])
ARR 50002c84 (sz=168, trace=300030, nelems=0, elem type=char[])
OBJ 50002c85 (sz=32, trace=300182, class=java.lang.String@50000036)
ARR 50002c86 (sz=96, trace=300183, nelems=0, elem type=char[])
OBJ 50002c87 (sz=32, trace=302134, class=java.lang.String@50000036)
ARR 50002c88 (sz=144, trace=302135, nelems=0, elem type=char[])
ARR 50002c89 (sz=64, trace=302136, nelems=0, elem type=char[])
OBJ 50002c8a (sz=32, trace=302137, class=java.lang.String@50000036)
ARR 50002c8b (sz=64, trace=302138, nelems=0, elem type=char[])
OBJ 50002c8c (sz=64, trace=302139, class=java.net.URL@50000050)
OBJ 50002c8d (sz=24, trace=300179, class=java.lang.StringBuilder@5000004d)
ARR 50002c8e (sz=48, trace=300180, nelems=0, elem type=char[])
ARR 50002c8f (sz=88, trace=300030, nelems=0, elem type=char[])
ARR 50002c90 (sz=168, trace=300030, nelems=0, elem type=char[])
OBJ 50002c91 (sz=32, trace=300182, class=java.lang.String@50000036)
ARR 50002c92 (sz=136, trace=300183, nelems=0, elem type=char[])
OBJ 50002c93 (sz=24, trace=302140, class=java.io.File@500000b8)
OBJ 50002c94 (sz=24, trace=302141, class=java.lang.StringBuilder@5000004d)
ARR 50002c95 (sz=48, trace=302142, nelems=0, elem type=char[])
ARR 50002c96 (sz=88, trace=300030, nelems=0, elem type=char[])
ARR 50002c97 (sz=160, trace=300038, nelems=0, elem type=char[])
OBJ 50002c98 (sz=32, trace=302143, class=java.lang.String@50000036)
ARR 50002c99 (sz=136, trace=302144, nelems=0, elem type=char[])
ARR 50002c9a (sz=256, trace=300052, nelems=0, elem type=byte[])
OBJ 50002c9b (sz=48, trace=300053, class=java.nio.HeapByteBuffer@50000087)
OBJ 50002c9c (sz=48, trace=300054, class=java.nio.HeapCharBuffer@500000a5)
ARR 50002c9d (sz=80, trace=300055, nelems=0, elem type=byte[])
OBJ 50002c9e (sz=32, trace=300056, class=java.lang.String@50000036)
OBJ 50002ca1 (sz=32, trace=302146, class=sun.misc.URLClassPath$FileLoader$1@50002ca0)
OBJ 50002ca2 (sz=32, trace=302147, class=java.io.FileInputStream@500000cc)
	fd		50002ca5
	closeLock	50002ca4
OBJ 50002ca3 (sz=40, trace=300066, class=java.lang.ref.Finalizer@500000f9)
	referent	50002ca2
	queue		500032ae
	next		50002c59
	prev		50002d66
OBJ 50002ca4 (sz=16, trace=302148, class=java.lang.Object@500000ab)
OBJ 50002ca5 (sz=24, trace=302149, class=java.io.FileDescriptor@500000d1)
	useCount	50002ca6
OBJ 50002ca6 (sz=16, trace=300486, class=java.util.concurrent.atomic.AtomicInteger@500000d4)
ARR 50002ca7 (sz=256, trace=300487, nelems=0, elem type=byte[])
OBJ 50002ca8 (sz=48, trace=300053, class=java.nio.HeapByteBuffer@50000087)
OBJ 50002ca9 (sz=48, trace=300054, class=java.nio.HeapCharBuffer@500000a5)
ARR 50002caa (sz=80, trace=300055, nelems=0, elem type=byte[])
ARR 50002cac (sz=256, trace=302151, nelems=0, elem type=byte[])
OBJ 50002cad (sz=48, trace=300053, class=java.nio.HeapByteBuffer@50000087)
OBJ 50002cae (sz=48, trace=300054, class=java.nio.HeapCharBuffer@500000a5)
ARR 50002caf (sz=80, trace=300055, nelems=0, elem type=byte[])
ARR 50002cb0 (sz=16, trace=302152, nelems=0, elem type=byte[])
ARR 50002cb1 (sz=920, trace=302153, nelems=0, elem type=byte[])
OBJ 50002cb2 (sz=32, trace=302154, class=java.security.CodeSource@50000082)
	location	50003edf
ARR 50002cb4 (sz=24, trace=302156, nelems=2, elem type=java.io.ObjectStreamField[]@50000030)
	[0]		50002cb5
	[1]		50002cc2
OBJ 50002cb5 (sz=40, trace=302157, class=java.io.ObjectStreamField@5000002f)
	name		50003545
	signature	50003549
	type		50000033
OBJ 50002cb6 (sz=24, trace=300020, class=java.lang.StringBuilder@5000004d)
ARR 50002cb7 (sz=48, trace=300021, nelems=0, elem type=char[])
OBJ 50002cb8 (sz=24, trace=302158, class=java.lang.StringBuilder@5000004d)
ARR 50002cb9 (sz=48, trace=302159, nelems=0, elem type=char[])
ARR 50002cba (sz=56, trace=302160, nelems=0, elem type=char[])
OBJ 50002cbb (sz=32, trace=302161, class=java.lang.String@50000036)
ARR 50002cbc (sz=88, trace=300030, nelems=0, elem type=char[])
OBJ 50002cbd (sz=32, trace=302162, class=java.lang.String@50000036)
ARR 50002cbe (sz=64, trace=302163, nelems=0, elem type=char[])
ARR 50002cbf (sz=88, trace=300030, nelems=0, elem type=char[])
OBJ 50002cc0 (sz=32, trace=300022, class=java.lang.String@50000036)
ARR 50002cc1 (sz=64, trace=300023, nelems=0, elem type=char[])
OBJ 50002cc2 (sz=40, trace=302164, class=java.io.ObjectStreamField@5000002f)
	name		50003544
	signature	50003546
	type		50000026
OBJ 50002cc3 (sz=24, trace=300020, class=java.lang.StringBuilder@5000004d)
ARR 50002cc4 (sz=48, trace=300021, nelems=0, elem type=char[])
OBJ 50002cc5 (sz=24, trace=302158, class=java.lang.StringBuilder@5000004d)
ARR 50002cc6 (sz=48, trace=302159, nelems=0, elem type=char[])
ARR 50002cc7 (sz=88, trace=302160, nelems=0, elem type=char[])
OBJ 50002cc8 (sz=32, trace=302161, class=java.lang.String@50000036)
ARR 50002cc9 (sz=88, trace=300030, nelems=0, elem type=char[])
ARR 50002cca (sz=160, trace=300038, nelems=0, elem type=char[])
OBJ 50002ccb (sz=32, trace=302162, class=java.lang.String@50000036)
ARR 50002ccc (sz=88, trace=302163, nelems=0, elem type=char[])
ARR 50002ccd (sz=88, trace=300030, nelems=0, elem type=char[])
OBJ 50002cce (sz=32, trace=300022, class=java.lang.String@50000036)
ARR 50002ccf (sz=88, trace=300023, nelems=0, elem type=char[])
OBJ 50002cd0 (sz=32, trace=302165, class=java.security.Permissions@50002cb3)
	permsMap	50002cd1
OBJ 50002cd1 (sz=48, trace=302166, class=java.util.HashMap@500000cb)
	table		50002cd2
ARR 50002cd2 (sz=80, trace=302167, nelems=16, elem type=java.util.HashMap$Entry[]@50000054)
	[5]		50002d52
	[15]		50002d2a
OBJ 50002cd3 (sz=24, trace=302168, class=java.lang.StringBuilder@5000004d)
ARR 50002cd4 (sz=48, trace=302169, nelems=0, elem type=char[])
ARR 50002cd5 (sz=88, trace=300038, nelems=0, elem type=char[])
ARR 50002cd6 (sz=160, trace=300038, nelems=0, elem type=char[])
OBJ 50002cd7 (sz=32, trace=302170, class=java.lang.String@50000036)
ARR 50002cd8 (sz=88, trace=300040, nelems=0, elem type=char[])
OBJ 50002cd9 (sz=24, trace=302171, class=java.io.File@500000b8)
OBJ 50002cda (sz=24, trace=302127, class=java.lang.StringBuffer@5000005e)
ARR 50002cdb (sz=88, trace=302128, nelems=0, elem type=char[])
OBJ 50002cdc (sz=32, trace=302129, class=java.lang.String@50000036)
OBJ 50002cdd (sz=32, trace=302130, class=java.lang.String@50000036)
ARR 50002cde (sz=88, trace=302131, nelems=0, elem type=char[])
OBJ 50002ce2 (sz=48, trace=302173, class=java.util.Hashtable@50000033)
	table		50002ce3
ARR 50002ce3 (sz=64, trace=302174, nelems=0, elem type=java.util.Hashtable$Entry[]@500000fe)
OBJ 50002ce6 (sz=16, trace=302176, class=java.net.UnknownContentHandler@50002ce5)
OBJ 50002ce7 (sz=48, trace=302177, class=java.util.HashMap@500000cb)
	table		50002ce8
ARR 50002ce8 (sz=80, trace=302178, nelems=0, elem type=java.util.HashMap$Entry[]@50000054)
OBJ 50002ce9 (sz=104, trace=302179, class=sun.net.www.protocol.file.FileURLConnection@50002ce1)
OBJ 50002ceb (sz=24, trace=302181, class=sun.net.www.MessageHeader@50002cea)
ARR 50002cec (sz=32, trace=302182, nelems=0, elem type=java.lang.String[]@50000037)
ARR 50002ced (sz=32, trace=302183, nelems=0, elem type=java.lang.String[]@50000037)
OBJ 50002cee (sz=24, trace=302184, class=java.lang.StringBuilder@5000004d)
ARR 50002cef (sz=48, trace=302185, nelems=0, elem type=char[])
ARR 50002cf0 (sz=88, trace=300038, nelems=0, elem type=char[])
ARR 50002cf1 (sz=160, trace=300038, nelems=0, elem type=char[])
OBJ 50002cf2 (sz=32, trace=302186, class=java.lang.String@50000036)
ARR 50002cf3 (sz=88, trace=300040, nelems=0, elem type=char[])
OBJ 50002cf5 (sz=32, trace=302188, class=java.io.FilePermission@50002cf4)
OBJ 50002cf7 (sz=16, trace=302190, class=java.io.FilePermission$1@50002cf6)
OBJ 50002cfb (sz=24, trace=302193, class=java.security.Policy$UnsupportedEmptyCollection@50002cfa)
	perms		50002cfc
OBJ 50002cfc (sz=32, trace=302194, class=java.security.Permissions@50002cb3)
	permsMap	50002cfd
OBJ 50002cfd (sz=48, trace=302166, class=java.util.HashMap@500000cb)
	table		50002cfe
ARR 50002cfe (sz=80, trace=302195, nelems=0, elem type=java.util.HashMap$Entry[]@50000054)
ARR 50002cff (sz=16, trace=302196, nelems=0, elem type=java.lang.Class[]@5000002d)
ARR 50002d00 (sz=24, trace=302197, nelems=1, elem type=java.lang.Class[]@5000002d)
	[0]		50000036
ARR 50002d01 (sz=24, trace=302198, nelems=2, elem type=java.lang.Class[]@5000002d)
	[0]		50000036
	[1]		50000036
OBJ 50002d02 (sz=24, trace=302199, class=java.io.File@500000b8)
OBJ 50002d03 (sz=24, trace=302127, class=java.lang.StringBuffer@5000005e)
ARR 50002d04 (sz=88, trace=302128, nelems=0, elem type=char[])
OBJ 50002d05 (sz=32, trace=302129, class=java.lang.String@50000036)
OBJ 50002d06 (sz=32, trace=302130, class=java.lang.String@50000036)
ARR 50002d07 (sz=88, trace=302131, nelems=0, elem type=char[])
OBJ 50002d08 (sz=24, trace=302200, class=java.lang.StringBuilder@5000004d)
ARR 50002d09 (sz=48, trace=302201, nelems=0, elem type=char[])
ARR 50002d0a (sz=88, trace=300030, nelems=0, elem type=char[])
ARR 50002d0b (sz=168, trace=300030, nelems=0, elem type=char[])
OBJ 50002d0c (sz=32, trace=302202, class=java.lang.String@50000036)
	value		50002d0d
ARR 50002d0d (sz=74, trace=302203, nelems=37, elem type=char[])
OBJ 50002d0e (sz=32, trace=302204, class=java.io.FilePermission@50002cf4)
	name		50002d0c
	cpath		50002d17
OBJ 50002d0f (sz=16, trace=302205, class=java.io.FilePermission$1@50002cf6)
OBJ 50002d10 (sz=24, trace=302199, class=java.io.File@500000b8)
ARR 50002d11 (sz=168, trace=302206, nelems=0, elem type=byte[])
OBJ 50002d12 (sz=48, trace=300053, class=java.nio.HeapByteBuffer@50000087)
OBJ 50002d13 (sz=48, trace=300054, class=java.nio.HeapCharBuffer@500000a5)
ARR 50002d14 (sz=56, trace=300055, nelems=0, elem type=byte[])
OBJ 50002d15 (sz=24, trace=302207, class=java.io.ExpiringCache$Entry@50000005)
	val		50003492
OBJ 50002d16 (sz=40, trace=300868, class=java.util.LinkedHashMap$Entry@500000a3)
	key		50002d0c
	value		50002d15
	before		5000343a
	after		50003431
OBJ 50002d17 (sz=32, trace=302208, class=java.lang.String@50000036)
	value		50003493
ARR 50002d19 (sz=24, trace=302210, nelems=1, elem type=java.io.ObjectStreamField[]@50000030)
	[0]		50002d1a
OBJ 50002d1a (sz=40, trace=302211, class=java.io.ObjectStreamField@5000002f)
	name		500032d4
	signature	50003525
	type		50000004
OBJ 50002d1b (sz=24, trace=300020, class=java.lang.StringBuilder@5000004d)
ARR 50002d1c (sz=48, trace=300021, nelems=0, elem type=char[])
OBJ 50002d1d (sz=24, trace=302158, class=java.lang.StringBuilder@5000004d)
ARR 50002d1e (sz=48, trace=302159, nelems=0, elem type=char[])
ARR 50002d1f (sz=48, trace=302160, nelems=0, elem type=char[])
OBJ 50002d20 (sz=32, trace=302161, class=java.lang.String@50000036)
ARR 50002d21 (sz=88, trace=300030, nelems=0, elem type=char[])
OBJ 50002d22 (sz=32, trace=302162, class=java.lang.String@50000036)
ARR 50002d23 (sz=56, trace=302163, nelems=0, elem type=char[])
ARR 50002d24 (sz=88, trace=300030, nelems=0, elem type=char[])
OBJ 50002d25 (sz=32, trace=300022, class=java.lang.String@50000036)
ARR 50002d26 (sz=56, trace=300023, nelems=0, elem type=char[])
OBJ 50002d27 (sz=24, trace=302212, class=java.io.FilePermissionCollection@50002d18)
	perms		50002d28
OBJ 50002d28 (sz=24, trace=300273, class=java.util.ArrayList@5000011e)
	elementData	50002d29
ARR 50002d29 (sz=56, trace=302213, nelems=1, elem type=java.lang.Object[]@500000ac)
	[0]		50002d0e
OBJ 50002d2a (sz=32, trace=302214, class=java.util.HashMap$Entry@50000053)
	key		50002cf4
	value		50002d27
OBJ 50002d2d (sz=24, trace=302217, class=java.lang.RuntimePermission@50000083)
	name		500032ce
	path		500032cf
ARR 50002d2f (sz=32, trace=302219, nelems=3, elem type=java.io.ObjectStreamField[]@50000030)
	[0]		50002d30
	[1]		50002d3d
	[2]		50002d42
OBJ 50002d30 (sz=40, trace=302220, class=java.io.ObjectStreamField@5000002f)
	name		500032d4
	signature	50003549
	type		50000033
OBJ 50002d31 (sz=24, trace=300020, class=java.lang.StringBuilder@5000004d)
ARR 50002d32 (sz=48, trace=300021, nelems=0, elem type=char[])
OBJ 50002d33 (sz=24, trace=302158, class=java.lang.StringBuilder@5000004d)
ARR 50002d34 (sz=48, trace=302159, nelems=0, elem type=char[])
ARR 50002d35 (sz=56, trace=302160, nelems=0, elem type=char[])
OBJ 50002d36 (sz=32, trace=302161, class=java.lang.String@50000036)
ARR 50002d37 (sz=88, trace=300030, nelems=0, elem type=char[])
OBJ 50002d38 (sz=32, trace=302162, class=java.lang.String@50000036)
ARR 50002d39 (sz=64, trace=302163, nelems=0, elem type=char[])
ARR 50002d3a (sz=88, trace=300030, nelems=0, elem type=char[])
OBJ 50002d3b (sz=32, trace=300022, class=java.lang.String@50000036)
ARR 50002d3c (sz=64, trace=300023, nelems=0, elem type=char[])
OBJ 50002d3d (sz=40, trace=302221, class=java.io.ObjectStreamField@5000002f)
	name		500032d3
	signature	500034e2
	type		5000329a
OBJ 50002d3e (sz=24, trace=300020, class=java.lang.StringBuilder@5000004d)
ARR 50002d3f (sz=48, trace=300021, nelems=0, elem type=char[])
OBJ 50002d40 (sz=32, trace=300022, class=java.lang.String@50000036)
ARR 50002d41 (sz=24, trace=300023, nelems=0, elem type=char[])
OBJ 50002d42 (sz=40, trace=302222, class=java.io.ObjectStreamField@5000002f)
	name		500032d5
	signature	500032d6
	type		5000002c
OBJ 50002d43 (sz=24, trace=300020, class=java.lang.StringBuilder@5000004d)
ARR 50002d44 (sz=48, trace=300021, nelems=0, elem type=char[])
OBJ 50002d45 (sz=24, trace=302158, class=java.lang.StringBuilder@5000004d)
ARR 50002d46 (sz=48, trace=302159, nelems=0, elem type=char[])
ARR 50002d47 (sz=48, trace=302160, nelems=0, elem type=char[])
OBJ 50002d48 (sz=32, trace=302161, class=java.lang.String@50000036)
ARR 50002d49 (sz=88, trace=300038, nelems=0, elem type=char[])
OBJ 50002d4a (sz=32, trace=302162, class=java.lang.String@50000036)
ARR 50002d4b (sz=56, trace=302163, nelems=0, elem type=char[])
ARR 50002d4c (sz=88, trace=300030, nelems=0, elem type=char[])
OBJ 50002d4d (sz=32, trace=300022, class=java.lang.String@50000036)
ARR 50002d4e (sz=56, trace=300023, nelems=0, elem type=char[])
OBJ 50002d4f (sz=32, trace=302223, class=java.security.BasicPermissionCollection@50002d2e)
	perms		50002d50
	permClass	50000083
OBJ 50002d50 (sz=48, trace=302224, class=java.util.HashMap@500000cb)
	table		50002d51
ARR 50002d51 (sz=80, trace=302225, nelems=14, elem type=java.util.HashMap$Entry[]@50000054)
	[13]		50002d53
OBJ 50002d52 (sz=32, trace=302214, class=java.util.HashMap$Entry@50000053)
	key		50000083
	value		50002d4f
OBJ 50002d53 (sz=32, trace=302226, class=java.util.HashMap$Entry@50000053)
	key		500032d0
	value		50002d2d
OBJ 50002d56 (sz=16, trace=302228, class=java.security.ProtectionDomain$2@50002d55)
OBJ 50002d57 (sz=40, trace=302229, class=java.security.ProtectionDomain@50000146)
	codesource	50002cb2
	classloader	5000328f
	principals	50002d5a
	permissions	50002cd0
	key		50002d59
OBJ 50002d59 (sz=16, trace=302231, class=java.security.ProtectionDomain$Key@50002d58)
	this$0		50002d57
ARR 50002d5a (sz=16, trace=302232, nelems=0, elem type=java.security.Principal[]@500021cd)
OBJ 50002d5b (sz=32, trace=302233, class=java.util.HashMap$Entry@50000053)
	key		50002cb2
	value		50002d57
ARR 50002d5c (sz=16, trace=302234, nelems=0, elem type=java.security.cert.Certificate[]@5000010e)
OBJ 50002d5d (sz=32, trace=302235, class=java.util.Hashtable$Entry@500000fd)
	key		500032b6
	value		50002d5c
OBJ 50002d5e (sz=24, trace=300026, class=java.lang.StringBuffer@5000005e)
ARR 50002d5f (sz=104, trace=300027, nelems=0, elem type=char[])
OBJ 50002d60 (sz=32, trace=300028, class=java.lang.String@50000036)
ARR 50002d61 (sz=104, trace=300029, nelems=0, elem type=char[])
OBJ 50002d62 (sz=32, trace=302236, class=java.util.HashMap$Entry@50000053)
	key		50002d57
	value		500033f2
OBJ 50002d64 (sz=24, trace=302238, class=java.io.File@500000b8)
OBJ 50002d65 (sz=32, trace=302239, class=java.io.FileInputStream@500000cc)
	fd		50002d68
	closeLock	50002d67
OBJ 50002d66 (sz=40, trace=300066, class=java.lang.ref.Finalizer@500000f9)
	referent	50002d65
	queue		500032ae
	next		50002ca3
	prev		50002db2
OBJ 50002d67 (sz=16, trace=302240, class=java.lang.Object@500000ab)
OBJ 50002d68 (sz=24, trace=302241, class=java.io.FileDescriptor@500000d1)
	useCount	50002d69
OBJ 50002d69 (sz=16, trace=300486, class=java.util.concurrent.atomic.AtomicInteger@500000d4)
ARR 50002d6a (sz=128, trace=300487, nelems=0, elem type=byte[])
OBJ 50002d6b (sz=48, trace=300053, class=java.nio.HeapByteBuffer@50000087)
OBJ 50002d6c (sz=48, trace=300054, class=java.nio.HeapCharBuffer@500000a5)
ARR 50002d6d (sz=48, trace=300055, nelems=0, elem type=byte[])
OBJ 50002d6e (sz=24, trace=300005, class=java.net.URLClassLoader$1@5000015b)
ARR 50002d6f (sz=64, trace=300006, nelems=0, elem type=char[])
OBJ 50002d70 (sz=32, trace=300007, class=java.lang.String@50000036)
OBJ 50002d71 (sz=16, trace=300188, class=java.util.HashSet@500000d6)
OBJ 50002d72 (sz=48, trace=300189, class=java.util.HashMap@500000cb)
ARR 50002d73 (sz=80, trace=300190, nelems=0, elem type=java.util.HashMap$Entry[]@50000054)
OBJ 50002d74 (sz=16, trace=300188, class=java.util.HashSet@500000d6)
OBJ 50002d75 (sz=48, trace=300189, class=java.util.HashMap@500000cb)
ARR 50002d76 (sz=80, trace=300190, nelems=0, elem type=java.util.HashMap$Entry[]@50000054)
OBJ 50002d77 (sz=16, trace=300188, class=java.util.HashSet@500000d6)
OBJ 50002d78 (sz=48, trace=300189, class=java.util.HashMap@500000cb)
ARR 50002d79 (sz=80, trace=300190, nelems=0, elem type=java.util.HashMap$Entry[]@50000054)
OBJ 50002d7a (sz=16, trace=300188, class=java.util.HashSet@500000d6)
OBJ 50002d7b (sz=48, trace=300189, class=java.util.HashMap@500000cb)
ARR 50002d7c (sz=80, trace=300190, nelems=0, elem type=java.util.HashMap$Entry[]@50000054)
OBJ 50002d7d (sz=16, trace=300188, class=java.util.HashSet@500000d6)
OBJ 50002d7e (sz=48, trace=300189, class=java.util.HashMap@500000cb)
ARR 50002d7f (sz=80, trace=300190, nelems=0, elem type=java.util.HashMap$Entry[]@50000054)
OBJ 50002d80 (sz=16, trace=300188, class=java.util.HashSet@500000d6)
OBJ 50002d81 (sz=48, trace=300189, class=java.util.HashMap@500000cb)
ARR 50002d82 (sz=80, trace=300190, nelems=0, elem type=java.util.HashMap$Entry[]@50000054)
OBJ 50002d83 (sz=16, trace=300188, class=java.util.HashSet@500000d6)
OBJ 50002d84 (sz=48, trace=300189, class=java.util.HashMap@500000cb)
ARR 50002d85 (sz=80, trace=300190, nelems=0, elem type=java.util.HashMap$Entry[]@50000054)
OBJ 50002d86 (sz=16, trace=300188, class=java.util.HashSet@500000d6)
OBJ 50002d87 (sz=48, trace=300189, class=java.util.HashMap@500000cb)
ARR 50002d88 (sz=80, trace=300190, nelems=0, elem type=java.util.HashMap$Entry[]@50000054)
OBJ 50002d89 (sz=16, trace=300188, class=java.util.HashSet@500000d6)
OBJ 50002d8a (sz=48, trace=300189, class=java.util.HashMap@500000cb)
ARR 50002d8b (sz=80, trace=300190, nelems=0, elem type=java.util.HashMap$Entry[]@50000054)
OBJ 50002d8c (sz=32, trace=302118, class=java.lang.ClassNotFoundException@50000068)
OBJ 50002d8d (sz=32, trace=302119, class=java.security.PrivilegedActionException@500001b7)
OBJ 50002d8e (sz=24, trace=302120, class=java.net.URLClassLoader$1@5000015b)
ARR 50002d8f (sz=64, trace=300006, nelems=0, elem type=char[])
OBJ 50002d90 (sz=32, trace=300007, class=java.lang.String@50000036)
OBJ 50002d91 (sz=64, trace=302133, class=java.net.URL@50000050)
OBJ 50002d92 (sz=24, trace=300179, class=java.lang.StringBuilder@5000004d)
ARR 50002d93 (sz=48, trace=300180, nelems=0, elem type=char[])
ARR 50002d94 (sz=88, trace=300030, nelems=0, elem type=char[])
ARR 50002d95 (sz=168, trace=300030, nelems=0, elem type=char[])
OBJ 50002d96 (sz=32, trace=300182, class=java.lang.String@50000036)
ARR 50002d97 (sz=96, trace=300183, nelems=0, elem type=char[])
OBJ 50002d98 (sz=32, trace=302134, class=java.lang.String@50000036)
ARR 50002d99 (sz=144, trace=302135, nelems=0, elem type=char[])
ARR 50002d9a (sz=64, trace=302136, nelems=0, elem type=char[])
OBJ 50002d9b (sz=32, trace=302137, class=java.lang.String@50000036)
ARR 50002d9c (sz=64, trace=302138, nelems=0, elem type=char[])
OBJ 50002d9d (sz=64, trace=302139, class=java.net.URL@50000050)
OBJ 50002d9e (sz=24, trace=300179, class=java.lang.StringBuilder@5000004d)
ARR 50002d9f (sz=48, trace=300180, nelems=0, elem type=char[])
ARR 50002da0 (sz=88, trace=300030, nelems=0, elem type=char[])
ARR 50002da1 (sz=168, trace=300030, nelems=0, elem type=char[])
OBJ 50002da2 (sz=32, trace=300182, class=java.lang.String@50000036)
ARR 50002da3 (sz=136, trace=300183, nelems=0, elem type=char[])
OBJ 50002da4 (sz=24, trace=302140, class=java.io.File@500000b8)
OBJ 50002da5 (sz=24, trace=302141, class=java.lang.StringBuilder@5000004d)
ARR 50002da6 (sz=48, trace=302142, nelems=0, elem type=char[])
ARR 50002da7 (sz=88, trace=300030, nelems=0, elem type=char[])
ARR 50002da8 (sz=160, trace=300038, nelems=0, elem type=char[])
OBJ 50002da9 (sz=32, trace=302143, class=java.lang.String@50000036)
ARR 50002daa (sz=136, trace=302144, nelems=0, elem type=char[])
ARR 50002dab (sz=256, trace=300052, nelems=0, elem type=byte[])
OBJ 50002dac (sz=48, trace=300053, class=java.nio.HeapByteBuffer@50000087)
OBJ 50002dad (sz=48, trace=300054, class=java.nio.HeapCharBuffer@500000a5)
ARR 50002dae (sz=80, trace=300055, nelems=0, elem type=byte[])
OBJ 50002daf (sz=32, trace=300056, class=java.lang.String@50000036)
OBJ 50002db0 (sz=32, trace=302146, class=sun.misc.URLClassPath$FileLoader$1@50002ca0)
OBJ 50002db1 (sz=32, trace=302147, class=java.io.FileInputStream@500000cc)
	fd		50002db4
	closeLock	50002db3
OBJ 50002db2 (sz=40, trace=300066, class=java.lang.ref.Finalizer@500000f9)
	referent	50002db1
	queue		500032ae
	next		50002d66
	prev		50002e0c
OBJ 50002db3 (sz=16, trace=302148, class=java.lang.Object@500000ab)
OBJ 50002db4 (sz=24, trace=302149, class=java.io.FileDescriptor@500000d1)
	useCount	50002db5
OBJ 50002db5 (sz=16, trace=300486, class=java.util.concurrent.atomic.AtomicInteger@500000d4)
ARR 50002db6 (sz=256, trace=300487, nelems=0, elem type=byte[])
OBJ 50002db7 (sz=48, trace=300053, class=java.nio.HeapByteBuffer@50000087)
OBJ 50002db8 (sz=48, trace=300054, class=java.nio.HeapCharBuffer@500000a5)
ARR 50002db9 (sz=80, trace=300055, nelems=0, elem type=byte[])
ARR 50002dba (sz=256, trace=302151, nelems=0, elem type=byte[])
OBJ 50002dbb (sz=48, trace=300053, class=java.nio.HeapByteBuffer@50000087)
OBJ 50002dbc (sz=48, trace=300054, class=java.nio.HeapCharBuffer@500000a5)
ARR 50002dbd (sz=80, trace=300055, nelems=0, elem type=byte[])
ARR 50002dbe (sz=16, trace=302152, nelems=0, elem type=byte[])
ARR 50002dbf (sz=1040, trace=302153, nelems=0, elem type=byte[])
ARR 50002dc0 (sz=3088, trace=302153, nelems=0, elem type=byte[])
ARR 50002dc1 (sz=3360, trace=302153, nelems=0, elem type=byte[])
OBJ 50002dc2 (sz=32, trace=302154, class=java.security.CodeSource@50000082)
OBJ 50002dc3 (sz=24, trace=300026, class=java.lang.StringBuffer@5000005e)
ARR 50002dc4 (sz=104, trace=300027, nelems=0, elem type=char[])
OBJ 50002dc5 (sz=32, trace=300028, class=java.lang.String@50000036)
ARR 50002dc6 (sz=104, trace=300029, nelems=0, elem type=char[])
OBJ 50002dc8 (sz=24, trace=300005, class=java.net.URLClassLoader$1@5000015b)
ARR 50002dc9 (sz=40, trace=300006, nelems=0, elem type=char[])
OBJ 50002dca (sz=32, trace=300007, class=java.lang.String@50000036)
OBJ 50002dcb (sz=16, trace=300188, class=java.util.HashSet@500000d6)
OBJ 50002dcc (sz=48, trace=300189, class=java.util.HashMap@500000cb)
ARR 50002dcd (sz=80, trace=300190, nelems=0, elem type=java.util.HashMap$Entry[]@50000054)
OBJ 50002dce (sz=16, trace=300188, class=java.util.HashSet@500000d6)
OBJ 50002dcf (sz=48, trace=300189, class=java.util.HashMap@500000cb)
ARR 50002dd0 (sz=80, trace=300190, nelems=0, elem type=java.util.HashMap$Entry[]@50000054)
OBJ 50002dd1 (sz=16, trace=300188, class=java.util.HashSet@500000d6)
OBJ 50002dd2 (sz=48, trace=300189, class=java.util.HashMap@500000cb)
ARR 50002dd3 (sz=80, trace=300190, nelems=0, elem type=java.util.HashMap$Entry[]@50000054)
OBJ 50002dd4 (sz=16, trace=300188, class=java.util.HashSet@500000d6)
OBJ 50002dd5 (sz=48, trace=300189, class=java.util.HashMap@500000cb)
ARR 50002dd6 (sz=80, trace=300190, nelems=0, elem type=java.util.HashMap$Entry[]@50000054)
OBJ 50002dd7 (sz=16, trace=300188, class=java.util.HashSet@500000d6)
OBJ 50002dd8 (sz=48, trace=300189, class=java.util.HashMap@500000cb)
ARR 50002dd9 (sz=80, trace=300190, nelems=0, elem type=java.util.HashMap$Entry[]@50000054)
OBJ 50002dda (sz=16, trace=300188, class=java.util.HashSet@500000d6)
OBJ 50002ddb (sz=48, trace=300189, class=java.util.HashMap@500000cb)
ARR 50002ddc (sz=80, trace=300190, nelems=0, elem type=java.util.HashMap$Entry[]@50000054)
OBJ 50002ddd (sz=16, trace=300188, class=java.util.HashSet@500000d6)
OBJ 50002dde (sz=48, trace=300189, class=java.util.HashMap@500000cb)
ARR 50002ddf (sz=80, trace=300190, nelems=0, elem type=java.util.HashMap$Entry[]@50000054)
OBJ 50002de0 (sz=16, trace=300188, class=java.util.HashSet@500000d6)
OBJ 50002de1 (sz=48, trace=300189, class=java.util.HashMap@500000cb)
ARR 50002de2 (sz=80, trace=300190, nelems=0, elem type=java.util.HashMap$Entry[]@50000054)
OBJ 50002de3 (sz=16, trace=300188, class=java.util.HashSet@500000d6)
OBJ 50002de4 (sz=48, trace=300189, class=java.util.HashMap@500000cb)
ARR 50002de5 (sz=80, trace=300190, nelems=0, elem type=java.util.HashMap$Entry[]@50000054)
OBJ 50002de6 (sz=32, trace=302118, class=java.lang.ClassNotFoundException@50000068)
OBJ 50002de7 (sz=32, trace=302119, class=java.security.PrivilegedActionException@500001b7)
OBJ 50002de8 (sz=24, trace=302120, class=java.net.URLClassLoader$1@5000015b)
ARR 50002de9 (sz=40, trace=300006, nelems=0, elem type=char[])
OBJ 50002dea (sz=32, trace=300007, class=java.lang.String@50000036)
OBJ 50002deb (sz=64, trace=302133, class=java.net.URL@50000050)
OBJ 50002dec (sz=24, trace=300179, class=java.lang.StringBuilder@5000004d)
ARR 50002ded (sz=48, trace=300180, nelems=0, elem type=char[])
ARR 50002dee (sz=88, trace=300030, nelems=0, elem type=char[])
ARR 50002def (sz=168, trace=300030, nelems=0, elem type=char[])
OBJ 50002df0 (sz=32, trace=300182, class=java.lang.String@50000036)
ARR 50002df1 (sz=96, trace=300183, nelems=0, elem type=char[])
OBJ 50002df2 (sz=32, trace=302134, class=java.lang.String@50000036)
ARR 50002df3 (sz=96, trace=302135, nelems=0, elem type=char[])
ARR 50002df4 (sz=40, trace=302136, nelems=0, elem type=char[])
OBJ 50002df5 (sz=32, trace=302137, class=java.lang.String@50000036)
ARR 50002df6 (sz=40, trace=302138, nelems=0, elem type=char[])
OBJ 50002df7 (sz=64, trace=302139, class=java.net.URL@50000050)
OBJ 50002df8 (sz=24, trace=300179, class=java.lang.StringBuilder@5000004d)
ARR 50002df9 (sz=48, trace=300180, nelems=0, elem type=char[])
ARR 50002dfa (sz=88, trace=300030, nelems=0, elem type=char[])
ARR 50002dfb (sz=168, trace=300030, nelems=0, elem type=char[])
OBJ 50002dfc (sz=32, trace=300182, class=java.lang.String@50000036)
ARR 50002dfd (sz=112, trace=300183, nelems=0, elem type=char[])
OBJ 50002dfe (sz=24, trace=302140, class=java.io.File@500000b8)
OBJ 50002dff (sz=24, trace=302141, class=java.lang.StringBuilder@5000004d)
ARR 50002e00 (sz=48, trace=302142, nelems=0, elem type=char[])
ARR 50002e01 (sz=88, trace=300030, nelems=0, elem type=char[])
ARR 50002e02 (sz=160, trace=300038, nelems=0, elem type=char[])
OBJ 50002e03 (sz=32, trace=302143, class=java.lang.String@50000036)
ARR 50002e04 (sz=112, trace=302144, nelems=0, elem type=char[])
ARR 50002e05 (sz=208, trace=300052, nelems=0, elem type=byte[])
OBJ 50002e06 (sz=48, trace=300053, class=java.nio.HeapByteBuffer@50000087)
OBJ 50002e07 (sz=48, trace=300054, class=java.nio.HeapCharBuffer@500000a5)
ARR 50002e08 (sz=64, trace=300055, nelems=0, elem type=byte[])
OBJ 50002e09 (sz=32, trace=300056, class=java.lang.String@50000036)
OBJ 50002e0a (sz=32, trace=302146, class=sun.misc.URLClassPath$FileLoader$1@50002ca0)
OBJ 50002e0b (sz=32, trace=302147, class=java.io.FileInputStream@500000cc)
	fd		50002e0e
	closeLock	50002e0d
OBJ 50002e0c (sz=40, trace=300066, class=java.lang.ref.Finalizer@500000f9)
	referent	50002e0b
	queue		500032ae
	next		50002db2
	prev		50002eaa
OBJ 50002e0d (sz=16, trace=302148, class=java.lang.Object@500000ab)
OBJ 50002e0e (sz=24, trace=302149, class=java.io.FileDescriptor@500000d1)
	useCount	50002e0f
OBJ 50002e0f (sz=16, trace=300486, class=java.util.concurrent.atomic.AtomicInteger@500000d4)
ARR 50002e10 (sz=208, trace=300487, nelems=0, elem type=byte[])
OBJ 50002e11 (sz=48, trace=300053, class=java.nio.HeapByteBuffer@50000087)
OBJ 50002e12 (sz=48, trace=300054, class=java.nio.HeapCharBuffer@500000a5)
ARR 50002e13 (sz=64, trace=300055, nelems=0, elem type=byte[])
ARR 50002e14 (sz=208, trace=302151, nelems=0, elem type=byte[])
OBJ 50002e15 (sz=48, trace=300053, class=java.nio.HeapByteBuffer@50000087)
OBJ 50002e16 (sz=48, trace=300054, class=java.nio.HeapCharBuffer@500000a5)
ARR 50002e17 (sz=64, trace=300055, nelems=0, elem type=byte[])
ARR 50002e18 (sz=16, trace=302152, nelems=0, elem type=byte[])
ARR 50002e19 (sz=1040, trace=302153, nelems=0, elem type=byte[])
ARR 50002e1a (sz=2080, trace=302153, nelems=0, elem type=byte[])
OBJ 50002e1b (sz=32, trace=302154, class=java.security.CodeSource@50000082)
OBJ 50002e1c (sz=24, trace=300026, class=java.lang.StringBuffer@5000005e)
ARR 50002e1d (sz=104, trace=300027, nelems=0, elem type=char[])
OBJ 50002e1e (sz=32, trace=300028, class=java.lang.String@50000036)
ARR 50002e1f (sz=104, trace=300029, nelems=0, elem type=char[])
OBJ 50002e22 (sz=24, trace=302242, class=java.io.BufferedOutputStream@50000144)
	out		500032e2
	buf		50002e23
ARR 50002e23 (sz=8192, trace=302243, nelems=8192, elem type=byte[])
OBJ 50002e24 (sz=32, trace=302244, class=java.io.OutputStreamWriter@500000db)
	lock		50002e22
	se		50002e32
ARR 50002e25 (sz=32, trace=300153, nelems=0, elem type=char[])
OBJ 50002e26 (sz=32, trace=300154, class=java.lang.String@50000036)
ARR 50002e27 (sz=32, trace=300155, nelems=0, elem type=char[])
ARR 50002e28 (sz=24, trace=300156, nelems=2, elem type=java.lang.Object[]@500000ac)
	[0]		50003664
	[1]		500035a9
ARR 50002e29 (sz=1, trace=302245, nelems=1, elem type=byte[])
OBJ 50002e2a (sz=72, trace=302246, class=sun.nio.cs.MacRoman$Encoder@500000de)
	charset		500035a9
	replacement	50002e29
	malformedInputAction	500039bd
	unmappableCharacterAction	500039bd
	cachedDecoder	50002e2d
	index1		500039cf
	index2		500039ce
	sgp		50002e31
OBJ 50002e2b (sz=48, trace=302247, class=sun.nio.cs.MacRoman$Decoder@5000003a)
	charset		500035a9
	replacement	5000359d
	malformedInputAction	500039bc
	unmappableCharacterAction	500039bc
	byteToCharTable	50002e2c
ARR 50002e2c (sz=512, trace=302248, nelems=256, elem type=char[])
OBJ 50002e2d (sz=32, trace=302249, class=java.lang.ref.WeakReference@50000113)
	referent	50002e2b
	queue		500039c6
OBJ 50002e2e (sz=48, trace=300053, class=java.nio.HeapByteBuffer@50000087)
ARR 50002e2f (sz=24, trace=302250, nelems=0, elem type=char[])
OBJ 50002e30 (sz=48, trace=302251, class=java.nio.HeapCharBuffer@500000a5)
OBJ 50002e31 (sz=24, trace=302252, class=sun.nio.cs.Surrogate$Parser@50000134)
	error		50003590
OBJ 50002e32 (sz=56, trace=302253, class=sun.nio.cs.StreamEncoder@500000ce)
	lock		50002e24
	cs		500035a9
	encoder		50002e2a
	bb		50002e34
	out		50002e22
	lcb		5000312c
ARR 50002e33 (sz=8192, trace=302254, nelems=8192, elem type=byte[])
OBJ 50002e34 (sz=48, trace=300162, class=java.nio.HeapByteBuffer@50000087)
	hb		50002e33
OBJ 50002e35 (sz=48, trace=302255, class=java.io.BufferedWriter@5000001f)
	lock		50002e24
	lineSeparator	50003ee6
ARR 50002e36 (sz=16400, trace=302256, nelems=0, elem type=char[])
OBJ 50002e37 (sz=24, trace=302257, class=sun.security.action.GetPropertyAction@500000ad)
OBJ 50002e38 (sz=64, trace=302258, class=Kattio@50002e21)
	lock		50002e35
	lineSeparator	50003ee6
	r		50002e40
	line		50002f12
	st		50002f14
OBJ 50002e39 (sz=24, trace=302259, class=sun.security.action.GetPropertyAction@500000ad)
OBJ 50002e3a (sz=24, trace=302260, class=java.io.InputStreamReader@5000027a)
	lock		50002d65
	sd		50002e3d
OBJ 50002e3b (sz=48, trace=302247, class=sun.nio.cs.MacRoman$Decoder@5000003a)
	charset		500035a9
	replacement	5000359d
	malformedInputAction	500039bd
	unmappableCharacterAction	500039bd
	byteToCharTable	50002e3c
ARR 50002e3c (sz=512, trace=302248, nelems=256, elem type=char[])
OBJ 50002e3d (sz=48, trace=300160, class=sun.nio.cs.StreamDecoder@5000027c)
	lock		50002e3a
	cs		500035a9
	decoder		50002e3b
	bb		50002e3f
	in		50002d65
ARR 50002e3e (sz=8192, trace=300161, nelems=8192, elem type=byte[])
OBJ 50002e3f (sz=48, trace=300162, class=java.nio.HeapByteBuffer@50000087)
	hb		50002e3e
OBJ 50002e40 (sz=48, trace=302261, class=java.io.BufferedReader@50000279)
	lock		50002e3a
	in		50002e3a
	cb		50002e41
ARR 50002e41 (sz=16384, trace=302262, nelems=8192, elem type=char[])
OBJ 50002e42 (sz=48, trace=300054, class=java.nio.HeapCharBuffer@500000a5)
OBJ 50002e43 (sz=32, trace=302263, class=java.lang.String@50000036)
ARR 50002e44 (sz=24, trace=300167, nelems=0, elem type=char[])
OBJ 50002e45 (sz=48, trace=302264, class=java.util.StringTokenizer@50000142)
OBJ 50002e46 (sz=32, trace=302263, class=java.lang.String@50000036)
ARR 50002e47 (sz=24, trace=300167, nelems=0, elem type=char[])
OBJ 50002e48 (sz=48, trace=302264, class=java.util.StringTokenizer@50000142)
OBJ 50002e49 (sz=32, trace=302265, class=java.lang.String@50000036)
OBJ 50002e4a (sz=32, trace=302265, class=java.lang.String@50000036)
OBJ 50002e4b (sz=32, trace=302263, class=java.lang.String@50000036)
ARR 50002e4c (sz=24, trace=300167, nelems=0, elem type=char[])
OBJ 50002e4d (sz=48, trace=302264, class=java.util.StringTokenizer@50000142)
ARR 50002e4f (sz=48, trace=302266, nelems=0, elem type=java.util.LinkedList[]@50002e4e)
OBJ 50002e50 (sz=24, trace=300170, class=java.util.LinkedList@50000297)
OBJ 50002e51 (sz=24, trace=302267, class=java.util.LinkedList$Entry@50000299)
OBJ 50002e52 (sz=24, trace=300170, class=java.util.LinkedList@50000297)
OBJ 50002e53 (sz=24, trace=302267, class=java.util.LinkedList$Entry@50000299)
OBJ 50002e54 (sz=24, trace=300170, class=java.util.LinkedList@50000297)
OBJ 50002e55 (sz=24, trace=302267, class=java.util.LinkedList$Entry@50000299)
OBJ 50002e56 (sz=24, trace=300170, class=java.util.LinkedList@50000297)
OBJ 50002e57 (sz=24, trace=302267, class=java.util.LinkedList$Entry@50000299)
OBJ 50002e58 (sz=24, trace=300170, class=java.util.LinkedList@50000297)
OBJ 50002e59 (sz=24, trace=302267, class=java.util.LinkedList$Entry@50000299)
OBJ 50002e5a (sz=24, trace=300170, class=java.util.LinkedList@50000297)
OBJ 50002e5b (sz=24, trace=302267, class=java.util.LinkedList$Entry@50000299)
OBJ 50002e5c (sz=24, trace=300170, class=java.util.LinkedList@50000297)
OBJ 50002e5d (sz=24, trace=302267, class=java.util.LinkedList$Entry@50000299)
OBJ 50002e5e (sz=24, trace=300170, class=java.util.LinkedList@50000297)
OBJ 50002e5f (sz=24, trace=302267, class=java.util.LinkedList$Entry@50000299)
OBJ 50002e60 (sz=32, trace=302263, class=java.lang.String@50000036)
ARR 50002e61 (sz=32, trace=300167, nelems=0, elem type=char[])
OBJ 50002e62 (sz=48, trace=302264, class=java.util.StringTokenizer@50000142)
OBJ 50002e63 (sz=32, trace=302265, class=java.lang.String@50000036)
OBJ 50002e64 (sz=32, trace=302265, class=java.lang.String@50000036)
OBJ 50002e65 (sz=32, trace=302265, class=java.lang.String@50000036)
OBJ 50002e66 (sz=24, trace=300005, class=java.net.URLClassLoader$1@5000015b)
ARR 50002e67 (sz=56, trace=300006, nelems=0, elem type=char[])
OBJ 50002e68 (sz=32, trace=300007, class=java.lang.String@50000036)
OBJ 50002e69 (sz=16, trace=300188, class=java.util.HashSet@500000d6)
OBJ 50002e6a (sz=48, trace=300189, class=java.util.HashMap@500000cb)
ARR 50002e6b (sz=80, trace=300190, nelems=0, elem type=java.util.HashMap$Entry[]@50000054)
OBJ 50002e6c (sz=16, trace=300188, class=java.util.HashSet@500000d6)
OBJ 50002e6d (sz=48, trace=300189, class=java.util.HashMap@500000cb)
ARR 50002e6e (sz=80, trace=300190, nelems=0, elem type=java.util.HashMap$Entry[]@50000054)
OBJ 50002e6f (sz=16, trace=300188, class=java.util.HashSet@500000d6)
OBJ 50002e70 (sz=48, trace=300189, class=java.util.HashMap@500000cb)
ARR 50002e71 (sz=80, trace=300190, nelems=0, elem type=java.util.HashMap$Entry[]@50000054)
OBJ 50002e72 (sz=16, trace=300188, class=java.util.HashSet@500000d6)
OBJ 50002e73 (sz=48, trace=300189, class=java.util.HashMap@500000cb)
ARR 50002e74 (sz=80, trace=300190, nelems=0, elem type=java.util.HashMap$Entry[]@50000054)
OBJ 50002e75 (sz=16, trace=300188, class=java.util.HashSet@500000d6)
OBJ 50002e76 (sz=48, trace=300189, class=java.util.HashMap@500000cb)
ARR 50002e77 (sz=80, trace=300190, nelems=0, elem type=java.util.HashMap$Entry[]@50000054)
OBJ 50002e78 (sz=16, trace=300188, class=java.util.HashSet@500000d6)
OBJ 50002e79 (sz=48, trace=300189, class=java.util.HashMap@500000cb)
ARR 50002e7a (sz=80, trace=300190, nelems=0, elem type=java.util.HashMap$Entry[]@50000054)
OBJ 50002e7b (sz=16, trace=300188, class=java.util.HashSet@500000d6)
OBJ 50002e7c (sz=48, trace=300189, class=java.util.HashMap@500000cb)
ARR 50002e7d (sz=80, trace=300190, nelems=0, elem type=java.util.HashMap$Entry[]@50000054)
OBJ 50002e7e (sz=16, trace=300188, class=java.util.HashSet@500000d6)
OBJ 50002e7f (sz=48, trace=300189, class=java.util.HashMap@500000cb)
ARR 50002e80 (sz=80, trace=300190, nelems=0, elem type=java.util.HashMap$Entry[]@50000054)
OBJ 50002e81 (sz=16, trace=300188, class=java.util.HashSet@500000d6)
OBJ 50002e82 (sz=48, trace=300189, class=java.util.HashMap@500000cb)
ARR 50002e83 (sz=80, trace=300190, nelems=0, elem type=java.util.HashMap$Entry[]@50000054)
OBJ 50002e84 (sz=32, trace=302118, class=java.lang.ClassNotFoundException@50000068)
OBJ 50002e85 (sz=32, trace=302119, class=java.security.PrivilegedActionException@500001b7)
OBJ 50002e86 (sz=24, trace=302120, class=java.net.URLClassLoader$1@5000015b)
ARR 50002e87 (sz=56, trace=300006, nelems=0, elem type=char[])
OBJ 50002e88 (sz=32, trace=300007, class=java.lang.String@50000036)
OBJ 50002e89 (sz=64, trace=302133, class=java.net.URL@50000050)
OBJ 50002e8a (sz=24, trace=300179, class=java.lang.StringBuilder@5000004d)
ARR 50002e8b (sz=48, trace=300180, nelems=0, elem type=char[])
ARR 50002e8c (sz=88, trace=300030, nelems=0, elem type=char[])
ARR 50002e8d (sz=168, trace=300030, nelems=0, elem type=char[])
OBJ 50002e8e (sz=32, trace=300182, class=java.lang.String@50000036)
ARR 50002e8f (sz=96, trace=300183, nelems=0, elem type=char[])
OBJ 50002e90 (sz=32, trace=302134, class=java.lang.String@50000036)
ARR 50002e91 (sz=120, trace=302135, nelems=0, elem type=char[])
ARR 50002e92 (sz=56, trace=302136, nelems=0, elem type=char[])
OBJ 50002e93 (sz=32, trace=302137, class=java.lang.String@50000036)
ARR 50002e94 (sz=56, trace=302138, nelems=0, elem type=char[])
OBJ 50002e95 (sz=64, trace=302139, class=java.net.URL@50000050)
OBJ 50002e96 (sz=24, trace=300179, class=java.lang.StringBuilder@5000004d)
ARR 50002e97 (sz=48, trace=300180, nelems=0, elem type=char[])
ARR 50002e98 (sz=88, trace=300030, nelems=0, elem type=char[])
ARR 50002e99 (sz=168, trace=300030, nelems=0, elem type=char[])
OBJ 50002e9a (sz=32, trace=300182, class=java.lang.String@50000036)
ARR 50002e9b (sz=128, trace=300183, nelems=0, elem type=char[])
OBJ 50002e9c (sz=24, trace=302140, class=java.io.File@500000b8)
OBJ 50002e9d (sz=24, trace=302141, class=java.lang.StringBuilder@5000004d)
ARR 50002e9e (sz=48, trace=302142, nelems=0, elem type=char[])
ARR 50002e9f (sz=88, trace=300030, nelems=0, elem type=char[])
ARR 50002ea0 (sz=160, trace=300038, nelems=0, elem type=char[])
OBJ 50002ea1 (sz=32, trace=302143, class=java.lang.String@50000036)
ARR 50002ea2 (sz=128, trace=302144, nelems=0, elem type=char[])
ARR 50002ea3 (sz=232, trace=300052, nelems=0, elem type=byte[])
OBJ 50002ea4 (sz=48, trace=300053, class=java.nio.HeapByteBuffer@50000087)
OBJ 50002ea5 (sz=48, trace=300054, class=java.nio.HeapCharBuffer@500000a5)
ARR 50002ea6 (sz=72, trace=300055, nelems=0, elem type=byte[])
OBJ 50002ea7 (sz=32, trace=300056, class=java.lang.String@50000036)
OBJ 50002ea8 (sz=32, trace=302146, class=sun.misc.URLClassPath$FileLoader$1@50002ca0)
OBJ 50002ea9 (sz=32, trace=302147, class=java.io.FileInputStream@500000cc)
	fd		50002eac
	closeLock	50002eab
OBJ 50002eaa (sz=40, trace=300066, class=java.lang.ref.Finalizer@500000f9)
	referent	50002ea9
	queue		500032ae
	next		50002e0c
	prev		50002f60
OBJ 50002eab (sz=16, trace=302148, class=java.lang.Object@500000ab)
OBJ 50002eac (sz=24, trace=302149, class=java.io.FileDescriptor@500000d1)
	useCount	50002ead
OBJ 50002ead (sz=16, trace=300486, class=java.util.concurrent.atomic.AtomicInteger@500000d4)
ARR 50002eae (sz=232, trace=300487, nelems=0, elem type=byte[])
OBJ 50002eaf (sz=48, trace=300053, class=java.nio.HeapByteBuffer@50000087)
OBJ 50002eb0 (sz=48, trace=300054, class=java.nio.HeapCharBuffer@500000a5)
ARR 50002eb1 (sz=72, trace=300055, nelems=0, elem type=byte[])
ARR 50002eb2 (sz=232, trace=302151, nelems=0, elem type=byte[])
OBJ 50002eb3 (sz=48, trace=300053, class=java.nio.HeapByteBuffer@50000087)
OBJ 50002eb4 (sz=48, trace=300054, class=java.nio.HeapCharBuffer@500000a5)
ARR 50002eb5 (sz=72, trace=300055, nelems=0, elem type=byte[])
ARR 50002eb6 (sz=16, trace=302152, nelems=0, elem type=byte[])
ARR 50002eb7 (sz=768, trace=302153, nelems=0, elem type=byte[])
OBJ 50002eb8 (sz=32, trace=302154, class=java.security.CodeSource@50000082)
OBJ 50002eb9 (sz=24, trace=300026, class=java.lang.StringBuffer@5000005e)
ARR 50002eba (sz=104, trace=300027, nelems=0, elem type=char[])
OBJ 50002ebb (sz=32, trace=300028, class=java.lang.String@50000036)
ARR 50002ebc (sz=104, trace=300029, nelems=0, elem type=char[])
OBJ 50002ebe (sz=32, trace=302268, class=DirectedEdge@50002ebd)
OBJ 50002ebf (sz=32, trace=302269, class=DirectedEdge@50002ebd)
OBJ 50002ec0 (sz=24, trace=302270, class=java.util.LinkedList$Entry@50000299)
OBJ 50002ec1 (sz=24, trace=302271, class=java.util.LinkedList$Entry@50000299)
OBJ 50002ec2 (sz=32, trace=302263, class=java.lang.String@50000036)
ARR 50002ec3 (sz=32, trace=300167, nelems=0, elem type=char[])
OBJ 50002ec4 (sz=48, trace=302264, class=java.util.StringTokenizer@50000142)
OBJ 50002ec5 (sz=32, trace=302265, class=java.lang.String@50000036)
OBJ 50002ec6 (sz=32, trace=302265, class=java.lang.String@50000036)
OBJ 50002ec7 (sz=32, trace=302265, class=java.lang.String@50000036)
OBJ 50002ec8 (sz=32, trace=302268, class=DirectedEdge@50002ebd)
OBJ 50002ec9 (sz=32, trace=302269, class=DirectedEdge@50002ebd)
OBJ 50002eca (sz=24, trace=302270, class=java.util.LinkedList$Entry@50000299)
OBJ 50002ecb (sz=24, trace=302271, class=java.util.LinkedList$Entry@50000299)
OBJ 50002ecc (sz=32, trace=302263, class=java.lang.String@50000036)
ARR 50002ecd (sz=32, trace=300167, nelems=0, elem type=char[])
OBJ 50002ece (sz=48, trace=302264, class=java.util.StringTokenizer@50000142)
OBJ 50002ecf (sz=32, trace=302265, class=java.lang.String@50000036)
OBJ 50002ed0 (sz=32, trace=302265, class=java.lang.String@50000036)
OBJ 50002ed1 (sz=32, trace=302265, class=java.lang.String@50000036)
OBJ 50002ed2 (sz=32, trace=302268, class=DirectedEdge@50002ebd)
OBJ 50002ed3 (sz=32, trace=302269, class=DirectedEdge@50002ebd)
OBJ 50002ed4 (sz=24, trace=302270, class=java.util.LinkedList$Entry@50000299)
OBJ 50002ed5 (sz=24, trace=302271, class=java.util.LinkedList$Entry@50000299)
OBJ 50002ed6 (sz=32, trace=302263, class=java.lang.String@50000036)
ARR 50002ed7 (sz=32, trace=300167, nelems=0, elem type=char[])
OBJ 50002ed8 (sz=48, trace=302264, class=java.util.StringTokenizer@50000142)
OBJ 50002ed9 (sz=32, trace=302265, class=java.lang.String@50000036)
OBJ 50002eda (sz=32, trace=302265, class=java.lang.String@50000036)
OBJ 50002edb (sz=32, trace=302265, class=java.lang.String@50000036)
OBJ 50002edc (sz=32, trace=302268, class=DirectedEdge@50002ebd)
OBJ 50002edd (sz=32, trace=302269, class=DirectedEdge@50002ebd)
OBJ 50002ede (sz=24, trace=302270, class=java.util.LinkedList$Entry@50000299)
OBJ 50002edf (sz=24, trace=302271, class=java.util.LinkedList$Entry@50000299)
OBJ 50002ee0 (sz=32, trace=302263, class=java.lang.String@50000036)
ARR 50002ee1 (sz=32, trace=300167, nelems=0, elem type=char[])
OBJ 50002ee2 (sz=48, trace=302264, class=java.util.StringTokenizer@50000142)
OBJ 50002ee3 (sz=32, trace=302265, class=java.lang.String@50000036)
OBJ 50002ee4 (sz=32, trace=302265, class=java.lang.String@50000036)
OBJ 50002ee5 (sz=32, trace=302265, class=java.lang.String@50000036)
OBJ 50002ee6 (sz=32, trace=302268, class=DirectedEdge@50002ebd)
OBJ 50002ee7 (sz=32, trace=302269, class=DirectedEdge@50002ebd)
OBJ 50002ee8 (sz=24, trace=302270, class=java.util.LinkedList$Entry@50000299)
OBJ 50002ee9 (sz=24, trace=302271, class=java.util.LinkedList$Entry@50000299)
OBJ 50002eea (sz=32, trace=302263, class=java.lang.String@50000036)
ARR 50002eeb (sz=32, trace=300167, nelems=0, elem type=char[])
OBJ 50002eec (sz=48, trace=302264, class=java.util.StringTokenizer@50000142)
OBJ 50002eed (sz=32, trace=302265, class=java.lang.String@50000036)
OBJ 50002eee (sz=32, trace=302265, class=java.lang.String@50000036)
OBJ 50002eef (sz=32, trace=302265, class=java.lang.String@50000036)
OBJ 50002ef0 (sz=32, trace=302268, class=DirectedEdge@50002ebd)
OBJ 50002ef1 (sz=32, trace=302269, class=DirectedEdge@50002ebd)
OBJ 50002ef2 (sz=24, trace=302270, class=java.util.LinkedList$Entry@50000299)
OBJ 50002ef3 (sz=24, trace=302271, class=java.util.LinkedList$Entry@50000299)
OBJ 50002ef4 (sz=32, trace=302263, class=java.lang.String@50000036)
ARR 50002ef5 (sz=32, trace=300167, nelems=0, elem type=char[])
OBJ 50002ef6 (sz=48, trace=302264, class=java.util.StringTokenizer@50000142)
OBJ 50002ef7 (sz=32, trace=302265, class=java.lang.String@50000036)
OBJ 50002ef8 (sz=32, trace=302265, class=java.lang.String@50000036)
OBJ 50002ef9 (sz=32, trace=302265, class=java.lang.String@50000036)
OBJ 50002efa (sz=32, trace=302268, class=DirectedEdge@50002ebd)
OBJ 50002efb (sz=32, trace=302269, class=DirectedEdge@50002ebd)
OBJ 50002efc (sz=24, trace=302270, class=java.util.LinkedList$Entry@50000299)
OBJ 50002efd (sz=24, trace=302271, class=java.util.LinkedList$Entry@50000299)
OBJ 50002efe (sz=32, trace=302263, class=java.lang.String@50000036)
ARR 50002eff (sz=32, trace=300167, nelems=0, elem type=char[])
OBJ 50002f00 (sz=48, trace=302264, class=java.util.StringTokenizer@50000142)
OBJ 50002f01 (sz=32, trace=302265, class=java.lang.String@50000036)
OBJ 50002f02 (sz=32, trace=302265, class=java.lang.String@50000036)
OBJ 50002f03 (sz=32, trace=302265, class=java.lang.String@50000036)
OBJ 50002f04 (sz=32, trace=302268, class=DirectedEdge@50002ebd)
OBJ 50002f05 (sz=32, trace=302269, class=DirectedEdge@50002ebd)
OBJ 50002f06 (sz=24, trace=302270, class=java.util.LinkedList$Entry@50000299)
OBJ 50002f07 (sz=24, trace=302271, class=java.util.LinkedList$Entry@50000299)
OBJ 50002f08 (sz=32, trace=302263, class=java.lang.String@50000036)
ARR 50002f09 (sz=32, trace=300167, nelems=0, elem type=char[])
OBJ 50002f0a (sz=48, trace=302264, class=java.util.StringTokenizer@50000142)
OBJ 50002f0b (sz=32, trace=302265, class=java.lang.String@50000036)
OBJ 50002f0c (sz=32, trace=302265, class=java.lang.String@50000036)
OBJ 50002f0d (sz=32, trace=302265, class=java.lang.String@50000036)
OBJ 50002f0e (sz=32, trace=302268, class=DirectedEdge@50002ebd)
OBJ 50002f0f (sz=32, trace=302269, class=DirectedEdge@50002ebd)
OBJ 50002f10 (sz=24, trace=302270, class=java.util.LinkedList$Entry@50000299)
OBJ 50002f11 (sz=24, trace=302271, class=java.util.LinkedList$Entry@50000299)
OBJ 50002f12 (sz=32, trace=302263, class=java.lang.String@50000036)
	value		50002f13
ARR 50002f13 (sz=12, trace=300167, nelems=6, elem type=char[])
OBJ 50002f14 (sz=48, trace=302264, class=java.util.StringTokenizer@50000142)
	str		50002f12
	delimiters	50003505
OBJ 50002f15 (sz=32, trace=302265, class=java.lang.String@50000036)
OBJ 50002f16 (sz=32, trace=302265, class=java.lang.String@50000036)
OBJ 50002f17 (sz=32, trace=302265, class=java.lang.String@50000036)
OBJ 50002f18 (sz=32, trace=302268, class=DirectedEdge@50002ebd)
OBJ 50002f19 (sz=32, trace=302269, class=DirectedEdge@50002ebd)
OBJ 50002f1a (sz=24, trace=302270, class=java.util.LinkedList$Entry@50000299)
OBJ 50002f1b (sz=24, trace=302271, class=java.util.LinkedList$Entry@50000299)
OBJ 50002f1c (sz=24, trace=300005, class=java.net.URLClassLoader$1@5000015b)
ARR 50002f1d (sz=72, trace=300006, nelems=0, elem type=char[])
OBJ 50002f1e (sz=32, trace=300007, class=java.lang.String@50000036)
OBJ 50002f1f (sz=16, trace=300188, class=java.util.HashSet@500000d6)
OBJ 50002f20 (sz=48, trace=300189, class=java.util.HashMap@500000cb)
ARR 50002f21 (sz=80, trace=300190, nelems=0, elem type=java.util.HashMap$Entry[]@50000054)
OBJ 50002f22 (sz=16, trace=300188, class=java.util.HashSet@500000d6)
OBJ 50002f23 (sz=48, trace=300189, class=java.util.HashMap@500000cb)
ARR 50002f24 (sz=80, trace=300190, nelems=0, elem type=java.util.HashMap$Entry[]@50000054)
OBJ 50002f25 (sz=16, trace=300188, class=java.util.HashSet@500000d6)
OBJ 50002f26 (sz=48, trace=300189, class=java.util.HashMap@500000cb)
ARR 50002f27 (sz=80, trace=300190, nelems=0, elem type=java.util.HashMap$Entry[]@50000054)
OBJ 50002f28 (sz=16, trace=300188, class=java.util.HashSet@500000d6)
OBJ 50002f29 (sz=48, trace=300189, class=java.util.HashMap@500000cb)
ARR 50002f2a (sz=80, trace=300190, nelems=0, elem type=java.util.HashMap$Entry[]@50000054)
OBJ 50002f2b (sz=16, trace=300188, class=java.util.HashSet@500000d6)
OBJ 50002f2c (sz=48, trace=300189, class=java.util.HashMap@500000cb)
ARR 50002f2d (sz=80, trace=300190, nelems=0, elem type=java.util.HashMap$Entry[]@50000054)
OBJ 50002f2e (sz=16, trace=300188, class=java.util.HashSet@500000d6)
OBJ 50002f2f (sz=48, trace=300189, class=java.util.HashMap@500000cb)
ARR 50002f30 (sz=80, trace=300190, nelems=0, elem type=java.util.HashMap$Entry[]@50000054)
OBJ 50002f31 (sz=16, trace=300188, class=java.util.HashSet@500000d6)
OBJ 50002f32 (sz=48, trace=300189, class=java.util.HashMap@500000cb)
ARR 50002f33 (sz=80, trace=300190, nelems=0, elem type=java.util.HashMap$Entry[]@50000054)
OBJ 50002f34 (sz=16, trace=300188, class=java.util.HashSet@500000d6)
OBJ 50002f35 (sz=48, trace=300189, class=java.util.HashMap@500000cb)
ARR 50002f36 (sz=80, trace=300190, nelems=0, elem type=java.util.HashMap$Entry[]@50000054)
OBJ 50002f37 (sz=16, trace=300188, class=java.util.HashSet@500000d6)
OBJ 50002f38 (sz=48, trace=300189, class=java.util.HashMap@500000cb)
ARR 50002f39 (sz=80, trace=300190, nelems=0, elem type=java.util.HashMap$Entry[]@50000054)
OBJ 50002f3a (sz=32, trace=302118, class=java.lang.ClassNotFoundException@50000068)
OBJ 50002f3b (sz=32, trace=302119, class=java.security.PrivilegedActionException@500001b7)
OBJ 50002f3c (sz=24, trace=302120, class=java.net.URLClassLoader$1@5000015b)
ARR 50002f3d (sz=72, trace=300006, nelems=0, elem type=char[])
OBJ 50002f3e (sz=32, trace=300007, class=java.lang.String@50000036)
OBJ 50002f3f (sz=64, trace=302133, class=java.net.URL@50000050)
OBJ 50002f40 (sz=24, trace=300179, class=java.lang.StringBuilder@5000004d)
ARR 50002f41 (sz=48, trace=300180, nelems=0, elem type=char[])
ARR 50002f42 (sz=88, trace=300030, nelems=0, elem type=char[])
ARR 50002f43 (sz=168, trace=300030, nelems=0, elem type=char[])
OBJ 50002f44 (sz=32, trace=300182, class=java.lang.String@50000036)
ARR 50002f45 (sz=96, trace=300183, nelems=0, elem type=char[])
OBJ 50002f46 (sz=32, trace=302134, class=java.lang.String@50000036)
ARR 50002f47 (sz=152, trace=302135, nelems=0, elem type=char[])
ARR 50002f48 (sz=72, trace=302136, nelems=0, elem type=char[])
OBJ 50002f49 (sz=32, trace=302137, class=java.lang.String@50000036)
ARR 50002f4a (sz=72, trace=302138, nelems=0, elem type=char[])
OBJ 50002f4b (sz=64, trace=302139, class=java.net.URL@50000050)
OBJ 50002f4c (sz=24, trace=300179, class=java.lang.StringBuilder@5000004d)
ARR 50002f4d (sz=48, trace=300180, nelems=0, elem type=char[])
ARR 50002f4e (sz=88, trace=300030, nelems=0, elem type=char[])
ARR 50002f4f (sz=168, trace=300030, nelems=0, elem type=char[])
OBJ 50002f50 (sz=32, trace=300182, class=java.lang.String@50000036)
ARR 50002f51 (sz=144, trace=300183, nelems=0, elem type=char[])
OBJ 50002f52 (sz=24, trace=302140, class=java.io.File@500000b8)
OBJ 50002f53 (sz=24, trace=302141, class=java.lang.StringBuilder@5000004d)
ARR 50002f54 (sz=48, trace=302142, nelems=0, elem type=char[])
ARR 50002f55 (sz=88, trace=300030, nelems=0, elem type=char[])
ARR 50002f56 (sz=160, trace=300038, nelems=0, elem type=char[])
OBJ 50002f57 (sz=32, trace=302143, class=java.lang.String@50000036)
ARR 50002f58 (sz=144, trace=302144, nelems=0, elem type=char[])
ARR 50002f59 (sz=264, trace=300052, nelems=0, elem type=byte[])
OBJ 50002f5a (sz=48, trace=300053, class=java.nio.HeapByteBuffer@50000087)
OBJ 50002f5b (sz=48, trace=300054, class=java.nio.HeapCharBuffer@500000a5)
ARR 50002f5c (sz=80, trace=300055, nelems=0, elem type=byte[])
OBJ 50002f5d (sz=32, trace=300056, class=java.lang.String@50000036)
OBJ 50002f5e (sz=32, trace=302146, class=sun.misc.URLClassPath$FileLoader$1@50002ca0)
OBJ 50002f5f (sz=32, trace=302147, class=java.io.FileInputStream@500000cc)
	fd		50002f62
	closeLock	50002f61
OBJ 50002f60 (sz=40, trace=300066, class=java.lang.ref.Finalizer@500000f9)
	referent	50002f5f
	queue		500032ae
	next		50002eaa
OBJ 50002f61 (sz=16, trace=302148, class=java.lang.Object@500000ab)
OBJ 50002f62 (sz=24, trace=302149, class=java.io.FileDescriptor@500000d1)
	useCount	50002f63
OBJ 50002f63 (sz=16, trace=300486, class=java.util.concurrent.atomic.AtomicInteger@500000d4)
ARR 50002f64 (sz=264, trace=300487, nelems=0, elem type=byte[])
OBJ 50002f65 (sz=48, trace=300053, class=java.nio.HeapByteBuffer@50000087)
OBJ 50002f66 (sz=48, trace=300054, class=java.nio.HeapCharBuffer@500000a5)
ARR 50002f67 (sz=80, trace=300055, nelems=0, elem type=byte[])
ARR 50002f68 (sz=264, trace=302151, nelems=0, elem type=byte[])
OBJ 50002f69 (sz=48, trace=300053, class=java.nio.HeapByteBuffer@50000087)
OBJ 50002f6a (sz=48, trace=300054, class=java.nio.HeapCharBuffer@500000a5)
ARR 50002f6b (sz=80, trace=300055, nelems=0, elem type=byte[])
ARR 50002f6c (sz=16, trace=302152, nelems=0, elem type=byte[])
ARR 50002f6d (sz=1040, trace=302153, nelems=0, elem type=byte[])
ARR 50002f6e (sz=3088, trace=302153, nelems=0, elem type=byte[])
ARR 50002f6f (sz=3632, trace=302153, nelems=0, elem type=byte[])
OBJ 50002f70 (sz=32, trace=302154, class=java.security.CodeSource@50000082)
OBJ 50002f71 (sz=24, trace=300026, class=java.lang.StringBuffer@5000005e)
ARR 50002f72 (sz=104, trace=300027, nelems=0, elem type=char[])
OBJ 50002f73 (sz=32, trace=300028, class=java.lang.String@50000036)
ARR 50002f74 (sz=104, trace=300029, nelems=0, elem type=char[])
OBJ 50002f76 (sz=24, trace=300170, class=java.util.LinkedList@50000297)
OBJ 50002f77 (sz=24, trace=302272, class=java.util.LinkedList$Entry@50000299)
ARR 50002f78 (sz=24, trace=302273, nelems=0, elem type=boolean[])
OBJ 50002f79 (sz=24, trace=300170, class=java.util.LinkedList@50000297)
OBJ 50002f7a (sz=24, trace=302274, class=java.util.LinkedList$Entry@50000299)
OBJ 50002f7b (sz=24, trace=302275, class=java.util.LinkedList$Entry@50000299)
OBJ 50002f7c (sz=24, trace=302276, class=java.util.LinkedList$Entry@50000299)
OBJ 50002f7e (sz=32, trace=302278, class=java.util.LinkedList$ListItr@50002f7d)
OBJ 50002f7f (sz=24, trace=300170, class=java.util.LinkedList@50000297)
OBJ 50002f80 (sz=24, trace=302279, class=java.util.LinkedList$Entry@50000299)
ARR 50002f81 (sz=24, trace=302280, nelems=0, elem type=java.lang.Object[]@500000ac)
OBJ 50002f82 (sz=24, trace=302281, class=java.util.LinkedList$Entry@50000299)
OBJ 50002f83 (sz=24, trace=302282, class=java.util.LinkedList$Entry@50000299)
OBJ 50002f84 (sz=24, trace=302283, class=java.util.LinkedList$Entry@50000299)
OBJ 50002f85 (sz=24, trace=300170, class=java.util.LinkedList@50000297)
OBJ 50002f86 (sz=24, trace=302279, class=java.util.LinkedList$Entry@50000299)
ARR 50002f87 (sz=24, trace=302280, nelems=0, elem type=java.lang.Object[]@500000ac)
OBJ 50002f88 (sz=24, trace=302281, class=java.util.LinkedList$Entry@50000299)
OBJ 50002f89 (sz=24, trace=302282, class=java.util.LinkedList$Entry@50000299)
OBJ 50002f8a (sz=24, trace=302283, class=java.util.LinkedList$Entry@50000299)
OBJ 50002f8b (sz=32, trace=302278, class=java.util.LinkedList$ListItr@50002f7d)
OBJ 50002f8c (sz=24, trace=300170, class=java.util.LinkedList@50000297)
OBJ 50002f8d (sz=24, trace=302279, class=java.util.LinkedList$Entry@50000299)
ARR 50002f8e (sz=24, trace=302280, nelems=0, elem type=java.lang.Object[]@500000ac)
OBJ 50002f8f (sz=24, trace=302281, class=java.util.LinkedList$Entry@50000299)
OBJ 50002f90 (sz=24, trace=302281, class=java.util.LinkedList$Entry@50000299)
OBJ 50002f91 (sz=24, trace=302282, class=java.util.LinkedList$Entry@50000299)
OBJ 50002f92 (sz=24, trace=302283, class=java.util.LinkedList$Entry@50000299)
OBJ 50002f93 (sz=24, trace=300170, class=java.util.LinkedList@50000297)
OBJ 50002f94 (sz=24, trace=302279, class=java.util.LinkedList$Entry@50000299)
ARR 50002f95 (sz=24, trace=302280, nelems=0, elem type=java.lang.Object[]@500000ac)
OBJ 50002f96 (sz=24, trace=302281, class=java.util.LinkedList$Entry@50000299)
OBJ 50002f97 (sz=24, trace=302281, class=java.util.LinkedList$Entry@50000299)
OBJ 50002f98 (sz=24, trace=302282, class=java.util.LinkedList$Entry@50000299)
OBJ 50002f99 (sz=24, trace=302283, class=java.util.LinkedList$Entry@50000299)
OBJ 50002f9a (sz=32, trace=302278, class=java.util.LinkedList$ListItr@50002f7d)
OBJ 50002f9b (sz=24, trace=300170, class=java.util.LinkedList@50000297)
OBJ 50002f9c (sz=24, trace=302279, class=java.util.LinkedList$Entry@50000299)
ARR 50002f9d (sz=24, trace=302280, nelems=0, elem type=java.lang.Object[]@500000ac)
OBJ 50002f9e (sz=24, trace=302281, class=java.util.LinkedList$Entry@50000299)
OBJ 50002f9f (sz=24, trace=302281, class=java.util.LinkedList$Entry@50000299)
OBJ 50002fa0 (sz=24, trace=302282, class=java.util.LinkedList$Entry@50000299)
OBJ 50002fa1 (sz=24, trace=302283, class=java.util.LinkedList$Entry@50000299)
OBJ 50002fa2 (sz=32, trace=302278, class=java.util.LinkedList$ListItr@50002f7d)
OBJ 50002fa3 (sz=32, trace=302278, class=java.util.LinkedList$ListItr@50002f7d)
OBJ 50002fa4 (sz=24, trace=300170, class=java.util.LinkedList@50000297)
OBJ 50002fa5 (sz=24, trace=302279, class=java.util.LinkedList$Entry@50000299)
ARR 50002fa6 (sz=32, trace=302280, nelems=0, elem type=java.lang.Object[]@500000ac)
OBJ 50002fa7 (sz=24, trace=302281, class=java.util.LinkedList$Entry@50000299)
OBJ 50002fa8 (sz=24, trace=302281, class=java.util.LinkedList$Entry@50000299)
OBJ 50002fa9 (sz=24, trace=302281, class=java.util.LinkedList$Entry@50000299)
OBJ 50002faa (sz=24, trace=302282, class=java.util.LinkedList$Entry@50000299)
OBJ 50002fab (sz=24, trace=302283, class=java.util.LinkedList$Entry@50000299)
OBJ 50002fac (sz=32, trace=302278, class=java.util.LinkedList$ListItr@50002f7d)
OBJ 50002fad (sz=24, trace=300170, class=java.util.LinkedList@50000297)
OBJ 50002fae (sz=24, trace=302279, class=java.util.LinkedList$Entry@50000299)
ARR 50002faf (sz=32, trace=302280, nelems=0, elem type=java.lang.Object[]@500000ac)
OBJ 50002fb0 (sz=24, trace=302281, class=java.util.LinkedList$Entry@50000299)
OBJ 50002fb1 (sz=24, trace=302281, class=java.util.LinkedList$Entry@50000299)
OBJ 50002fb2 (sz=24, trace=302281, class=java.util.LinkedList$Entry@50000299)
OBJ 50002fb3 (sz=24, trace=302282, class=java.util.LinkedList$Entry@50000299)
ARR 50002fb5 (sz=32, trace=302284, nelems=0, elem type=DirectedEdge[]@50002fb4)
OBJ 50002fb6 (sz=32, trace=302278, class=java.util.LinkedList$ListItr@50002f7d)
OBJ 50002fb7 (sz=32, trace=302278, class=java.util.LinkedList$ListItr@50002f7d)
OBJ 50002fb8 (sz=32, trace=302278, class=java.util.LinkedList$ListItr@50002f7d)
OBJ 50002fb9 (sz=32, trace=302278, class=java.util.LinkedList$ListItr@50002f7d)
OBJ 50002fba (sz=24, trace=300170, class=java.util.LinkedList@50000297)
OBJ 50002fbb (sz=24, trace=302272, class=java.util.LinkedList$Entry@50000299)
ARR 50002fbc (sz=24, trace=302273, nelems=0, elem type=boolean[])
OBJ 50002fbd (sz=24, trace=300170, class=java.util.LinkedList@50000297)
OBJ 50002fbe (sz=24, trace=302274, class=java.util.LinkedList$Entry@50000299)
OBJ 50002fbf (sz=24, trace=302275, class=java.util.LinkedList$Entry@50000299)
OBJ 50002fc0 (sz=24, trace=302276, class=java.util.LinkedList$Entry@50000299)
OBJ 50002fc1 (sz=32, trace=302278, class=java.util.LinkedList$ListItr@50002f7d)
OBJ 50002fc2 (sz=24, trace=300170, class=java.util.LinkedList@50000297)
OBJ 50002fc3 (sz=24, trace=302279, class=java.util.LinkedList$Entry@50000299)
ARR 50002fc4 (sz=24, trace=302280, nelems=0, elem type=java.lang.Object[]@500000ac)
OBJ 50002fc5 (sz=24, trace=302281, class=java.util.LinkedList$Entry@50000299)
OBJ 50002fc6 (sz=24, trace=302282, class=java.util.LinkedList$Entry@50000299)
OBJ 50002fc7 (sz=24, trace=302283, class=java.util.LinkedList$Entry@50000299)
OBJ 50002fc8 (sz=24, trace=300170, class=java.util.LinkedList@50000297)
OBJ 50002fc9 (sz=24, trace=302279, class=java.util.LinkedList$Entry@50000299)
ARR 50002fca (sz=24, trace=302280, nelems=0, elem type=java.lang.Object[]@500000ac)
OBJ 50002fcb (sz=24, trace=302281, class=java.util.LinkedList$Entry@50000299)
OBJ 50002fcc (sz=24, trace=302282, class=java.util.LinkedList$Entry@50000299)
OBJ 50002fcd (sz=24, trace=302283, class=java.util.LinkedList$Entry@50000299)
OBJ 50002fce (sz=32, trace=302278, class=java.util.LinkedList$ListItr@50002f7d)
OBJ 50002fcf (sz=24, trace=300170, class=java.util.LinkedList@50000297)
OBJ 50002fd0 (sz=24, trace=302279, class=java.util.LinkedList$Entry@50000299)
ARR 50002fd1 (sz=24, trace=302280, nelems=0, elem type=java.lang.Object[]@500000ac)
OBJ 50002fd2 (sz=24, trace=302281, class=java.util.LinkedList$Entry@50000299)
OBJ 50002fd3 (sz=24, trace=302281, class=java.util.LinkedList$Entry@50000299)
OBJ 50002fd4 (sz=24, trace=302282, class=java.util.LinkedList$Entry@50000299)
OBJ 50002fd5 (sz=24, trace=302283, class=java.util.LinkedList$Entry@50000299)
OBJ 50002fd6 (sz=24, trace=300170, class=java.util.LinkedList@50000297)
OBJ 50002fd7 (sz=24, trace=302279, class=java.util.LinkedList$Entry@50000299)
ARR 50002fd8 (sz=24, trace=302280, nelems=0, elem type=java.lang.Object[]@500000ac)
OBJ 50002fd9 (sz=24, trace=302281, class=java.util.LinkedList$Entry@50000299)
OBJ 50002fda (sz=24, trace=302281, class=java.util.LinkedList$Entry@50000299)
OBJ 50002fdb (sz=24, trace=302282, class=java.util.LinkedList$Entry@50000299)
OBJ 50002fdc (sz=24, trace=302283, class=java.util.LinkedList$Entry@50000299)
OBJ 50002fdd (sz=32, trace=302278, class=java.util.LinkedList$ListItr@50002f7d)
OBJ 50002fde (sz=24, trace=300170, class=java.util.LinkedList@50000297)
OBJ 50002fdf (sz=24, trace=302279, class=java.util.LinkedList$Entry@50000299)
ARR 50002fe0 (sz=24, trace=302280, nelems=0, elem type=java.lang.Object[]@500000ac)
OBJ 50002fe1 (sz=24, trace=302281, class=java.util.LinkedList$Entry@50000299)
OBJ 50002fe2 (sz=24, trace=302281, class=java.util.LinkedList$Entry@50000299)
OBJ 50002fe3 (sz=24, trace=302282, class=java.util.LinkedList$Entry@50000299)
OBJ 50002fe4 (sz=24, trace=302283, class=java.util.LinkedList$Entry@50000299)
OBJ 50002fe5 (sz=32, trace=302278, class=java.util.LinkedList$ListItr@50002f7d)
OBJ 50002fe6 (sz=32, trace=302278, class=java.util.LinkedList$ListItr@50002f7d)
OBJ 50002fe7 (sz=24, trace=300170, class=java.util.LinkedList@50000297)
OBJ 50002fe8 (sz=24, trace=302279, class=java.util.LinkedList$Entry@50000299)
ARR 50002fe9 (sz=32, trace=302280, nelems=0, elem type=java.lang.Object[]@500000ac)
OBJ 50002fea (sz=24, trace=302281, class=java.util.LinkedList$Entry@50000299)
OBJ 50002feb (sz=24, trace=302281, class=java.util.LinkedList$Entry@50000299)
OBJ 50002fec (sz=24, trace=302281, class=java.util.LinkedList$Entry@50000299)
OBJ 50002fed (sz=24, trace=302282, class=java.util.LinkedList$Entry@50000299)
OBJ 50002fee (sz=24, trace=302283, class=java.util.LinkedList$Entry@50000299)
OBJ 50002fef (sz=32, trace=302278, class=java.util.LinkedList$ListItr@50002f7d)
OBJ 50002ff0 (sz=32, trace=302278, class=java.util.LinkedList$ListItr@50002f7d)
OBJ 50002ff1 (sz=24, trace=300170, class=java.util.LinkedList@50000297)
OBJ 50002ff2 (sz=24, trace=302279, class=java.util.LinkedList$Entry@50000299)
ARR 50002ff3 (sz=32, trace=302280, nelems=0, elem type=java.lang.Object[]@500000ac)
OBJ 50002ff4 (sz=24, trace=302281, class=java.util.LinkedList$Entry@50000299)
OBJ 50002ff5 (sz=24, trace=302281, class=java.util.LinkedList$Entry@50000299)
OBJ 50002ff6 (sz=24, trace=302281, class=java.util.LinkedList$Entry@50000299)
OBJ 50002ff7 (sz=24, trace=302281, class=java.util.LinkedList$Entry@50000299)
OBJ 50002ff8 (sz=24, trace=302282, class=java.util.LinkedList$Entry@50000299)
ARR 50002ff9 (sz=32, trace=302284, nelems=0, elem type=DirectedEdge[]@50002fb4)
OBJ 50002ffa (sz=32, trace=302278, class=java.util.LinkedList$ListItr@50002f7d)
OBJ 50002ffb (sz=32, trace=302278, class=java.util.LinkedList$ListItr@50002f7d)
OBJ 50002ffc (sz=32, trace=302278, class=java.util.LinkedList$ListItr@50002f7d)
OBJ 50002ffd (sz=32, trace=302278, class=java.util.LinkedList$ListItr@50002f7d)
OBJ 50002ffe (sz=32, trace=302278, class=java.util.LinkedList$ListItr@50002f7d)
OBJ 50002fff (sz=24, trace=300170, class=java.util.LinkedList@50000297)
OBJ 50003000 (sz=24, trace=302272, class=java.util.LinkedList$Entry@50000299)
ARR 50003001 (sz=24, trace=302273, nelems=0, elem type=boolean[])
OBJ 50003002 (sz=24, trace=300170, class=java.util.LinkedList@50000297)
OBJ 50003003 (sz=24, trace=302274, class=java.util.LinkedList$Entry@50000299)
OBJ 50003004 (sz=24, trace=302275, class=java.util.LinkedList$Entry@50000299)
OBJ 50003005 (sz=24, trace=302276, class=java.util.LinkedList$Entry@50000299)
OBJ 50003006 (sz=32, trace=302278, class=java.util.LinkedList$ListItr@50002f7d)
OBJ 50003007 (sz=24, trace=300170, class=java.util.LinkedList@50000297)
OBJ 50003008 (sz=24, trace=302279, class=java.util.LinkedList$Entry@50000299)
ARR 50003009 (sz=24, trace=302280, nelems=0, elem type=java.lang.Object[]@500000ac)
OBJ 5000300a (sz=24, trace=302281, class=java.util.LinkedList$Entry@50000299)
OBJ 5000300b (sz=24, trace=302282, class=java.util.LinkedList$Entry@50000299)
OBJ 5000300c (sz=24, trace=302283, class=java.util.LinkedList$Entry@50000299)
OBJ 5000300d (sz=24, trace=300170, class=java.util.LinkedList@50000297)
OBJ 5000300e (sz=24, trace=302279, class=java.util.LinkedList$Entry@50000299)
ARR 5000300f (sz=24, trace=302280, nelems=0, elem type=java.lang.Object[]@500000ac)
OBJ 50003010 (sz=24, trace=302281, class=java.util.LinkedList$Entry@50000299)
OBJ 50003011 (sz=24, trace=302282, class=java.util.LinkedList$Entry@50000299)
OBJ 50003012 (sz=24, trace=302283, class=java.util.LinkedList$Entry@50000299)
OBJ 50003013 (sz=32, trace=302278, class=java.util.LinkedList$ListItr@50002f7d)
OBJ 50003014 (sz=24, trace=300170, class=java.util.LinkedList@50000297)
OBJ 50003015 (sz=24, trace=302279, class=java.util.LinkedList$Entry@50000299)
ARR 50003016 (sz=24, trace=302280, nelems=0, elem type=java.lang.Object[]@500000ac)
OBJ 50003017 (sz=24, trace=302281, class=java.util.LinkedList$Entry@50000299)
OBJ 50003018 (sz=24, trace=302281, class=java.util.LinkedList$Entry@50000299)
OBJ 50003019 (sz=24, trace=302282, class=java.util.LinkedList$Entry@50000299)
OBJ 5000301a (sz=24, trace=302283, class=java.util.LinkedList$Entry@50000299)
OBJ 5000301b (sz=32, trace=302278, class=java.util.LinkedList$ListItr@50002f7d)
OBJ 5000301c (sz=24, trace=300170, class=java.util.LinkedList@50000297)
OBJ 5000301d (sz=24, trace=302279, class=java.util.LinkedList$Entry@50000299)
ARR 5000301e (sz=24, trace=302280, nelems=0, elem type=java.lang.Object[]@500000ac)
OBJ 5000301f (sz=24, trace=302281, class=java.util.LinkedList$Entry@50000299)
OBJ 50003020 (sz=24, trace=302281, class=java.util.LinkedList$Entry@50000299)
OBJ 50003021 (sz=24, trace=302282, class=java.util.LinkedList$Entry@50000299)
OBJ 50003022 (sz=24, trace=302283, class=java.util.LinkedList$Entry@50000299)
OBJ 50003023 (sz=24, trace=300170, class=java.util.LinkedList@50000297)
OBJ 50003024 (sz=24, trace=302279, class=java.util.LinkedList$Entry@50000299)
ARR 50003025 (sz=24, trace=302280, nelems=0, elem type=java.lang.Object[]@500000ac)
OBJ 50003026 (sz=24, trace=302281, class=java.util.LinkedList$Entry@50000299)
OBJ 50003027 (sz=24, trace=302281, class=java.util.LinkedList$Entry@50000299)
OBJ 50003028 (sz=24, trace=302282, class=java.util.LinkedList$Entry@50000299)
OBJ 50003029 (sz=24, trace=302283, class=java.util.LinkedList$Entry@50000299)
OBJ 5000302a (sz=32, trace=302278, class=java.util.LinkedList$ListItr@50002f7d)
OBJ 5000302b (sz=32, trace=302278, class=java.util.LinkedList$ListItr@50002f7d)
OBJ 5000302c (sz=32, trace=302278, class=java.util.LinkedList$ListItr@50002f7d)
OBJ 5000302d (sz=24, trace=300170, class=java.util.LinkedList@50000297)
OBJ 5000302e (sz=24, trace=302279, class=java.util.LinkedList$Entry@50000299)
ARR 5000302f (sz=32, trace=302280, nelems=0, elem type=java.lang.Object[]@500000ac)
OBJ 50003030 (sz=24, trace=302281, class=java.util.LinkedList$Entry@50000299)
OBJ 50003031 (sz=24, trace=302281, class=java.util.LinkedList$Entry@50000299)
OBJ 50003032 (sz=24, trace=302281, class=java.util.LinkedList$Entry@50000299)
OBJ 50003033 (sz=24, trace=302282, class=java.util.LinkedList$Entry@50000299)
OBJ 50003034 (sz=24, trace=302283, class=java.util.LinkedList$Entry@50000299)
OBJ 50003035 (sz=32, trace=302278, class=java.util.LinkedList$ListItr@50002f7d)
OBJ 50003036 (sz=24, trace=300170, class=java.util.LinkedList@50000297)
OBJ 50003037 (sz=24, trace=302279, class=java.util.LinkedList$Entry@50000299)
ARR 50003038 (sz=32, trace=302280, nelems=0, elem type=java.lang.Object[]@500000ac)
OBJ 50003039 (sz=24, trace=302281, class=java.util.LinkedList$Entry@50000299)
OBJ 5000303a (sz=24, trace=302281, class=java.util.LinkedList$Entry@50000299)
OBJ 5000303b (sz=24, trace=302281, class=java.util.LinkedList$Entry@50000299)
OBJ 5000303c (sz=24, trace=302281, class=java.util.LinkedList$Entry@50000299)
OBJ 5000303d (sz=24, trace=302282, class=java.util.LinkedList$Entry@50000299)
ARR 5000303e (sz=32, trace=302284, nelems=0, elem type=DirectedEdge[]@50002fb4)
OBJ 5000303f (sz=32, trace=302278, class=java.util.LinkedList$ListItr@50002f7d)
OBJ 50003040 (sz=32, trace=302278, class=java.util.LinkedList$ListItr@50002f7d)
OBJ 50003041 (sz=32, trace=302278, class=java.util.LinkedList$ListItr@50002f7d)
OBJ 50003042 (sz=32, trace=302278, class=java.util.LinkedList$ListItr@50002f7d)
OBJ 50003043 (sz=32, trace=302278, class=java.util.LinkedList$ListItr@50002f7d)
OBJ 50003044 (sz=24, trace=300170, class=java.util.LinkedList@50000297)
OBJ 50003045 (sz=24, trace=302272, class=java.util.LinkedList$Entry@50000299)
ARR 50003046 (sz=24, trace=302273, nelems=0, elem type=boolean[])
OBJ 50003047 (sz=24, trace=300170, class=java.util.LinkedList@50000297)
OBJ 50003048 (sz=24, trace=302274, class=java.util.LinkedList$Entry@50000299)
OBJ 50003049 (sz=24, trace=302275, class=java.util.LinkedList$Entry@50000299)
OBJ 5000304a (sz=24, trace=302276, class=java.util.LinkedList$Entry@50000299)
OBJ 5000304b (sz=32, trace=302278, class=java.util.LinkedList$ListItr@50002f7d)
OBJ 5000304c (sz=24, trace=300170, class=java.util.LinkedList@50000297)
OBJ 5000304d (sz=24, trace=302279, class=java.util.LinkedList$Entry@50000299)
ARR 5000304e (sz=24, trace=302280, nelems=0, elem type=java.lang.Object[]@500000ac)
OBJ 5000304f (sz=24, trace=302281, class=java.util.LinkedList$Entry@50000299)
OBJ 50003050 (sz=24, trace=302282, class=java.util.LinkedList$Entry@50000299)
OBJ 50003051 (sz=24, trace=302283, class=java.util.LinkedList$Entry@50000299)
OBJ 50003052 (sz=32, trace=302278, class=java.util.LinkedList$ListItr@50002f7d)
OBJ 50003053 (sz=24, trace=300170, class=java.util.LinkedList@50000297)
OBJ 50003054 (sz=24, trace=302279, class=java.util.LinkedList$Entry@50000299)
ARR 50003055 (sz=24, trace=302280, nelems=0, elem type=java.lang.Object[]@500000ac)
OBJ 50003056 (sz=24, trace=302281, class=java.util.LinkedList$Entry@50000299)
OBJ 50003057 (sz=24, trace=302281, class=java.util.LinkedList$Entry@50000299)
OBJ 50003058 (sz=24, trace=302282, class=java.util.LinkedList$Entry@50000299)
OBJ 50003059 (sz=24, trace=302283, class=java.util.LinkedList$Entry@50000299)
OBJ 5000305a (sz=32, trace=302278, class=java.util.LinkedList$ListItr@50002f7d)
OBJ 5000305b (sz=24, trace=300170, class=java.util.LinkedList@50000297)
OBJ 5000305c (sz=24, trace=302279, class=java.util.LinkedList$Entry@50000299)
ARR 5000305d (sz=32, trace=302280, nelems=0, elem type=java.lang.Object[]@500000ac)
OBJ 5000305e (sz=24, trace=302281, class=java.util.LinkedList$Entry@50000299)
OBJ 5000305f (sz=24, trace=302281, class=java.util.LinkedList$Entry@50000299)
OBJ 50003060 (sz=24, trace=302281, class=java.util.LinkedList$Entry@50000299)
OBJ 50003061 (sz=24, trace=302282, class=java.util.LinkedList$Entry@50000299)
OBJ 50003062 (sz=24, trace=302283, class=java.util.LinkedList$Entry@50000299)
OBJ 50003063 (sz=32, trace=302278, class=java.util.LinkedList$ListItr@50002f7d)
OBJ 50003064 (sz=24, trace=300170, class=java.util.LinkedList@50000297)
OBJ 50003065 (sz=24, trace=302279, class=java.util.LinkedList$Entry@50000299)
ARR 50003066 (sz=32, trace=302280, nelems=0, elem type=java.lang.Object[]@500000ac)
OBJ 50003067 (sz=24, trace=302281, class=java.util.LinkedList$Entry@50000299)
OBJ 50003068 (sz=24, trace=302281, class=java.util.LinkedList$Entry@50000299)
OBJ 50003069 (sz=24, trace=302281, class=java.util.LinkedList$Entry@50000299)
OBJ 5000306a (sz=24, trace=302281, class=java.util.LinkedList$Entry@50000299)
OBJ 5000306b (sz=24, trace=302282, class=java.util.LinkedList$Entry@50000299)
OBJ 5000306c (sz=24, trace=302283, class=java.util.LinkedList$Entry@50000299)
OBJ 5000306d (sz=32, trace=302278, class=java.util.LinkedList$ListItr@50002f7d)
OBJ 5000306e (sz=24, trace=300170, class=java.util.LinkedList@50000297)
OBJ 5000306f (sz=24, trace=302279, class=java.util.LinkedList$Entry@50000299)
ARR 50003070 (sz=40, trace=302280, nelems=0, elem type=java.lang.Object[]@500000ac)
OBJ 50003071 (sz=24, trace=302281, class=java.util.LinkedList$Entry@50000299)
OBJ 50003072 (sz=24, trace=302281, class=java.util.LinkedList$Entry@50000299)
OBJ 50003073 (sz=24, trace=302281, class=java.util.LinkedList$Entry@50000299)
OBJ 50003074 (sz=24, trace=302281, class=java.util.LinkedList$Entry@50000299)
OBJ 50003075 (sz=24, trace=302281, class=java.util.LinkedList$Entry@50000299)
OBJ 50003076 (sz=24, trace=302282, class=java.util.LinkedList$Entry@50000299)
OBJ 50003077 (sz=24, trace=302283, class=java.util.LinkedList$Entry@50000299)
OBJ 50003078 (sz=32, trace=302278, class=java.util.LinkedList$ListItr@50002f7d)
OBJ 50003079 (sz=24, trace=300170, class=java.util.LinkedList@50000297)
OBJ 5000307a (sz=24, trace=302279, class=java.util.LinkedList$Entry@50000299)
ARR 5000307b (sz=40, trace=302280, nelems=0, elem type=java.lang.Object[]@500000ac)
OBJ 5000307c (sz=24, trace=302281, class=java.util.LinkedList$Entry@50000299)
OBJ 5000307d (sz=24, trace=302281, class=java.util.LinkedList$Entry@50000299)
OBJ 5000307e (sz=24, trace=302281, class=java.util.LinkedList$Entry@50000299)
OBJ 5000307f (sz=24, trace=302281, class=java.util.LinkedList$Entry@50000299)
OBJ 50003080 (sz=24, trace=302281, class=java.util.LinkedList$Entry@50000299)
OBJ 50003081 (sz=24, trace=302281, class=java.util.LinkedList$Entry@50000299)
OBJ 50003082 (sz=24, trace=302282, class=java.util.LinkedList$Entry@50000299)
OBJ 50003083 (sz=24, trace=302283, class=java.util.LinkedList$Entry@50000299)
OBJ 50003084 (sz=32, trace=302278, class=java.util.LinkedList$ListItr@50002f7d)
OBJ 50003085 (sz=24, trace=300170, class=java.util.LinkedList@50000297)
OBJ 50003086 (sz=24, trace=302279, class=java.util.LinkedList$Entry@50000299)
ARR 50003087 (sz=48, trace=302280, nelems=0, elem type=java.lang.Object[]@500000ac)
OBJ 50003088 (sz=24, trace=302281, class=java.util.LinkedList$Entry@50000299)
OBJ 50003089 (sz=24, trace=302281, class=java.util.LinkedList$Entry@50000299)
OBJ 5000308a (sz=24, trace=302281, class=java.util.LinkedList$Entry@50000299)
OBJ 5000308b (sz=24, trace=302281, class=java.util.LinkedList$Entry@50000299)
OBJ 5000308c (sz=24, trace=302281, class=java.util.LinkedList$Entry@50000299)
OBJ 5000308d (sz=24, trace=302281, class=java.util.LinkedList$Entry@50000299)
OBJ 5000308e (sz=24, trace=302281, class=java.util.LinkedList$Entry@50000299)
OBJ 5000308f (sz=24, trace=302282, class=java.util.LinkedList$Entry@50000299)
ARR 50003090 (sz=48, trace=302284, nelems=0, elem type=DirectedEdge[]@50002fb4)
OBJ 50003091 (sz=32, trace=302278, class=java.util.LinkedList$ListItr@50002f7d)
OBJ 50003092 (sz=32, trace=302278, class=java.util.LinkedList$ListItr@50002f7d)
OBJ 50003093 (sz=32, trace=302278, class=java.util.LinkedList$ListItr@50002f7d)
OBJ 50003094 (sz=32, trace=302278, class=java.util.LinkedList$ListItr@50002f7d)
OBJ 50003095 (sz=32, trace=302278, class=java.util.LinkedList$ListItr@50002f7d)
OBJ 50003096 (sz=32, trace=302278, class=java.util.LinkedList$ListItr@50002f7d)
OBJ 50003097 (sz=32, trace=302278, class=java.util.LinkedList$ListItr@50002f7d)
OBJ 50003098 (sz=32, trace=302278, class=java.util.LinkedList$ListItr@50002f7d)
OBJ 50003099 (sz=24, trace=300170, class=java.util.LinkedList@50000297)
OBJ 5000309a (sz=24, trace=302272, class=java.util.LinkedList$Entry@50000299)
ARR 5000309b (sz=24, trace=302273, nelems=0, elem type=boolean[])
OBJ 5000309c (sz=24, trace=300170, class=java.util.LinkedList@50000297)
OBJ 5000309d (sz=24, trace=302274, class=java.util.LinkedList$Entry@50000299)
OBJ 5000309e (sz=24, trace=302275, class=java.util.LinkedList$Entry@50000299)
OBJ 5000309f (sz=24, trace=302276, class=java.util.LinkedList$Entry@50000299)
OBJ 500030a0 (sz=32, trace=302278, class=java.util.LinkedList$ListItr@50002f7d)
OBJ 500030a1 (sz=24, trace=300170, class=java.util.LinkedList@50000297)
OBJ 500030a2 (sz=24, trace=302279, class=java.util.LinkedList$Entry@50000299)
ARR 500030a3 (sz=24, trace=302280, nelems=0, elem type=java.lang.Object[]@500000ac)
OBJ 500030a4 (sz=24, trace=302281, class=java.util.LinkedList$Entry@50000299)
OBJ 500030a5 (sz=24, trace=302282, class=java.util.LinkedList$Entry@50000299)
OBJ 500030a6 (sz=24, trace=302283, class=java.util.LinkedList$Entry@50000299)
OBJ 500030a7 (sz=32, trace=302278, class=java.util.LinkedList$ListItr@50002f7d)
OBJ 500030a8 (sz=24, trace=300170, class=java.util.LinkedList@50000297)
OBJ 500030a9 (sz=24, trace=302279, class=java.util.LinkedList$Entry@50000299)
ARR 500030aa (sz=24, trace=302280, nelems=0, elem type=java.lang.Object[]@500000ac)
OBJ 500030ab (sz=24, trace=302281, class=java.util.LinkedList$Entry@50000299)
OBJ 500030ac (sz=24, trace=302281, class=java.util.LinkedList$Entry@50000299)
OBJ 500030ad (sz=24, trace=302282, class=java.util.LinkedList$Entry@50000299)
OBJ 500030ae (sz=24, trace=302283, class=java.util.LinkedList$Entry@50000299)
OBJ 500030af (sz=32, trace=302278, class=java.util.LinkedList$ListItr@50002f7d)
OBJ 500030b0 (sz=24, trace=300170, class=java.util.LinkedList@50000297)
OBJ 500030b1 (sz=24, trace=302279, class=java.util.LinkedList$Entry@50000299)
ARR 500030b2 (sz=32, trace=302280, nelems=0, elem type=java.lang.Object[]@500000ac)
OBJ 500030b3 (sz=24, trace=302281, class=java.util.LinkedList$Entry@50000299)
OBJ 500030b4 (sz=24, trace=302281, class=java.util.LinkedList$Entry@50000299)
OBJ 500030b5 (sz=24, trace=302281, class=java.util.LinkedList$Entry@50000299)
OBJ 500030b6 (sz=24, trace=302282, class=java.util.LinkedList$Entry@50000299)
OBJ 500030b7 (sz=24, trace=302283, class=java.util.LinkedList$Entry@50000299)
OBJ 500030b8 (sz=32, trace=302278, class=java.util.LinkedList$ListItr@50002f7d)
OBJ 500030b9 (sz=24, trace=300170, class=java.util.LinkedList@50000297)
OBJ 500030ba (sz=24, trace=302279, class=java.util.LinkedList$Entry@50000299)
ARR 500030bb (sz=32, trace=302280, nelems=0, elem type=java.lang.Object[]@500000ac)
OBJ 500030bc (sz=24, trace=302281, class=java.util.LinkedList$Entry@50000299)
OBJ 500030bd (sz=24, trace=302281, class=java.util.LinkedList$Entry@50000299)
OBJ 500030be (sz=24, trace=302281, class=java.util.LinkedList$Entry@50000299)
OBJ 500030bf (sz=24, trace=302281, class=java.util.LinkedList$Entry@50000299)
OBJ 500030c0 (sz=24, trace=302282, class=java.util.LinkedList$Entry@50000299)
OBJ 500030c1 (sz=24, trace=302283, class=java.util.LinkedList$Entry@50000299)
OBJ 500030c2 (sz=32, trace=302278, class=java.util.LinkedList$ListItr@50002f7d)
OBJ 500030c3 (sz=32, trace=302278, class=java.util.LinkedList$ListItr@50002f7d)
OBJ 500030c7 (sz=16, trace=302285, class=java.lang.Object@500000ab)
OBJ 500030cb (sz=48, trace=302287, class=java.util.TreeMap@500030ca)
OBJ 500030cc (sz=16, trace=302288, class=java.util.TreeSet@500030c6)
OBJ 500030cd (sz=24, trace=302289, class=java.lang.StringBuilder@5000004d)
ARR 500030ce (sz=48, trace=302290, nelems=0, elem type=char[])
OBJ 500030cf (sz=32, trace=302278, class=java.util.LinkedList$ListItr@50002f7d)
ARR 500030d0 (sz=24, trace=302291, nelems=0, elem type=char[])
OBJ 500030d1 (sz=32, trace=302292, class=java.lang.String@50000036)
OBJ 500030d2 (sz=24, trace=302293, class=java.lang.StringBuilder@5000004d)
ARR 500030d3 (sz=56, trace=302294, nelems=0, elem type=char[])
OBJ 500030d4 (sz=32, trace=302295, class=java.lang.String@50000036)
ARR 500030d5 (sz=32, trace=302296, nelems=0, elem type=char[])
OBJ 500030d7 (sz=40, trace=302298, class=java.util.TreeMap$Entry@500030d6)
OBJ 500030d8 (sz=40, trace=302299, class=java.util.TreeMap$Entry@500030d6)
ARR 500030d9 (sz=24, trace=302291, nelems=0, elem type=char[])
OBJ 500030da (sz=32, trace=302292, class=java.lang.String@50000036)
OBJ 500030db (sz=24, trace=302293, class=java.lang.StringBuilder@5000004d)
ARR 500030dc (sz=56, trace=302294, nelems=0, elem type=char[])
OBJ 500030dd (sz=32, trace=302295, class=java.lang.String@50000036)
ARR 500030de (sz=32, trace=302296, nelems=0, elem type=char[])
OBJ 500030df (sz=40, trace=302299, class=java.util.TreeMap$Entry@500030d6)
OBJ 500030e0 (sz=32, trace=302278, class=java.util.LinkedList$ListItr@50002f7d)
ARR 500030e1 (sz=24, trace=302291, nelems=0, elem type=char[])
OBJ 500030e2 (sz=32, trace=302292, class=java.lang.String@50000036)
OBJ 500030e3 (sz=24, trace=302293, class=java.lang.StringBuilder@5000004d)
ARR 500030e4 (sz=56, trace=302294, nelems=0, elem type=char[])
OBJ 500030e5 (sz=32, trace=302295, class=java.lang.String@50000036)
ARR 500030e6 (sz=32, trace=302296, nelems=0, elem type=char[])
ARR 500030e7 (sz=88, trace=300030, nelems=0, elem type=char[])
OBJ 500030e8 (sz=40, trace=302299, class=java.util.TreeMap$Entry@500030d6)
ARR 500030e9 (sz=24, trace=302291, nelems=0, elem type=char[])
OBJ 500030ea (sz=32, trace=302292, class=java.lang.String@50000036)
OBJ 500030eb (sz=24, trace=302293, class=java.lang.StringBuilder@5000004d)
ARR 500030ec (sz=56, trace=302294, nelems=0, elem type=char[])
OBJ 500030ed (sz=32, trace=302295, class=java.lang.String@50000036)
ARR 500030ee (sz=32, trace=302296, nelems=0, elem type=char[])
OBJ 500030ef (sz=40, trace=302299, class=java.util.TreeMap$Entry@500030d6)
OBJ 500030f0 (sz=32, trace=302278, class=java.util.LinkedList$ListItr@50002f7d)
ARR 500030f1 (sz=24, trace=302291, nelems=0, elem type=char[])
OBJ 500030f2 (sz=32, trace=302292, class=java.lang.String@50000036)
OBJ 500030f3 (sz=24, trace=302293, class=java.lang.StringBuilder@5000004d)
ARR 500030f4 (sz=56, trace=302294, nelems=0, elem type=char[])
OBJ 500030f5 (sz=32, trace=302295, class=java.lang.String@50000036)
ARR 500030f6 (sz=32, trace=302296, nelems=0, elem type=char[])
OBJ 500030f7 (sz=40, trace=302299, class=java.util.TreeMap$Entry@500030d6)
OBJ 500030f8 (sz=32, trace=302278, class=java.util.LinkedList$ListItr@50002f7d)
ARR 500030f9 (sz=24, trace=302291, nelems=0, elem type=char[])
OBJ 500030fa (sz=32, trace=302292, class=java.lang.String@50000036)
OBJ 500030fb (sz=24, trace=302293, class=java.lang.StringBuilder@5000004d)
ARR 500030fc (sz=56, trace=302294, nelems=0, elem type=char[])
OBJ 500030fd (sz=32, trace=302295, class=java.lang.String@50000036)
ARR 500030fe (sz=32, trace=302296, nelems=0, elem type=char[])
ARR 500030ff (sz=160, trace=300030, nelems=0, elem type=char[])
OBJ 50003100 (sz=40, trace=302299, class=java.util.TreeMap$Entry@500030d6)
OBJ 50003101 (sz=32, trace=302278, class=java.util.LinkedList$ListItr@50002f7d)
OBJ 50003102 (sz=32, trace=302278, class=java.util.LinkedList$ListItr@50002f7d)
ARR 50003103 (sz=24, trace=302291, nelems=0, elem type=char[])
OBJ 50003104 (sz=32, trace=302292, class=java.lang.String@50000036)
OBJ 50003105 (sz=24, trace=302293, class=java.lang.StringBuilder@5000004d)
ARR 50003106 (sz=56, trace=302294, nelems=0, elem type=char[])
OBJ 50003107 (sz=32, trace=302295, class=java.lang.String@50000036)
ARR 50003108 (sz=32, trace=302296, nelems=0, elem type=char[])
ARR 50003109 (sz=24, trace=302291, nelems=0, elem type=char[])
OBJ 5000310a (sz=32, trace=302292, class=java.lang.String@50000036)
OBJ 5000310b (sz=24, trace=302293, class=java.lang.StringBuilder@5000004d)
ARR 5000310c (sz=56, trace=302294, nelems=0, elem type=char[])
OBJ 5000310d (sz=32, trace=302295, class=java.lang.String@50000036)
ARR 5000310e (sz=32, trace=302296, nelems=0, elem type=char[])
OBJ 5000310f (sz=32, trace=302278, class=java.util.LinkedList$ListItr@50002f7d)
ARR 50003110 (sz=24, trace=302291, nelems=0, elem type=char[])
OBJ 50003111 (sz=32, trace=302292, class=java.lang.String@50000036)
OBJ 50003112 (sz=24, trace=302293, class=java.lang.StringBuilder@5000004d)
ARR 50003113 (sz=56, trace=302294, nelems=0, elem type=char[])
OBJ 50003114 (sz=32, trace=302295, class=java.lang.String@50000036)
ARR 50003115 (sz=32, trace=302296, nelems=0, elem type=char[])
OBJ 50003116 (sz=40, trace=302299, class=java.util.TreeMap$Entry@500030d6)
OBJ 50003117 (sz=32, trace=302278, class=java.util.LinkedList$ListItr@50002f7d)
ARR 50003118 (sz=24, trace=302291, nelems=0, elem type=char[])
OBJ 50003119 (sz=32, trace=302292, class=java.lang.String@50000036)
OBJ 5000311a (sz=24, trace=302293, class=java.lang.StringBuilder@5000004d)
ARR 5000311b (sz=56, trace=302294, nelems=0, elem type=char[])
OBJ 5000311c (sz=32, trace=302295, class=java.lang.String@50000036)
ARR 5000311d (sz=32, trace=302296, nelems=0, elem type=char[])
ARR 5000311e (sz=24, trace=302300, nelems=0, elem type=char[])
OBJ 5000311f (sz=32, trace=302292, class=java.lang.String@50000036)
ARR 50003120 (sz=24, trace=302301, nelems=0, elem type=char[])
OBJ 50003121 (sz=32, trace=302292, class=java.lang.String@50000036)
OBJ 50003122 (sz=24, trace=302302, class=java.lang.StringBuilder@5000004d)
ARR 50003123 (sz=56, trace=302303, nelems=0, elem type=char[])
OBJ 50003124 (sz=32, trace=302304, class=java.lang.String@50000036)
ARR 50003125 (sz=32, trace=302305, nelems=0, elem type=char[])
ARR 50003126 (sz=24, trace=302300, nelems=0, elem type=char[])
OBJ 50003127 (sz=32, trace=302292, class=java.lang.String@50000036)
OBJ 50003128 (sz=32, trace=302306, class=java.lang.String@50000036)
ARR 50003129 (sz=144, trace=302307, nelems=0, elem type=char[])
OBJ 5000312a (sz=48, trace=300054, class=java.nio.HeapCharBuffer@500000a5)
ARR 5000312b (sz=4, trace=302308, nelems=2, elem type=char[])
OBJ 5000312c (sz=48, trace=302251, class=java.nio.HeapCharBuffer@500000a5)
	hb		5000312b
ARR 5000312d (sz=24, trace=302308, nelems=0, elem type=char[])
OBJ 5000312e (sz=48, trace=302251, class=java.nio.HeapCharBuffer@500000a5)
OBJ 5000312f (sz=112, trace=302309, class=java.lang.Thread@50000077)
	name		50003131
	group		500032ac
	inheritedAccessControlContext	500040d4
	blockerLock	50003130
	me		5000312f
OBJ 50003130 (sz=16, trace=302310, class=java.lang.Object@500000ab)
ARR 50003131 (sz=26, trace=302311, nelems=13, elem type=char[])
OBJ 50003133 (sz=16, trace=302313, class=java.util.IdentityHashMap$KeySet@50003132)
OBJ 50003136 (sz=40, trace=302315, class=java.util.IdentityHashMap$KeyIterator@50003135)
OBJ 50003137 (sz=40, trace=302315, class=java.util.IdentityHashMap$KeyIterator@50003135)
OBJ 50003138 (sz=112, trace=300000, class=java.lang.Thread@50000077)
OBJ 5000313a (sz=16, trace=302317, class=com.apple.java.Usage$3@50003139)
OBJ 5000313c (sz=32, trace=302319, class=java.lang.IllegalStateException@5000313b)
OBJ 5000313f (sz=16, trace=302322, class=com.apple.java.Application$1@5000313e)
OBJ 50003141 (sz=48, trace=302324, class=java.util.HashMap@500000cb)
	table		50003142
ARR 50003142 (sz=144, trace=302325, nelems=31, elem type=java.util.HashMap$Entry[]@50000054)
	[0]		5000323e
	[1]		50003249
	[3]		50003233
	[4]		5000321d
	[8]		50003254
	[9]		500031d0
	[12]		500031f1
	[13]		5000318e
	[14]		50003157
	[15]		500031fc
	[16]		500031c5
	[17]		50003207
	[18]		500031af
	[20]		50003199
	[23]		50003228
	[26]		50003183
	[27]		500031e6
	[30]		500031ba
OBJ 50003145 (sz=32, trace=302327, class=java.lang.String@50000036)
	value		5000314d
OBJ 50003146 (sz=24, trace=302328, class=java.lang.ThreadLocal$ThreadLocalMap@50000136)
ARR 50003147 (sz=80, trace=302329, nelems=0, elem type=java.lang.ThreadLocal$ThreadLocalMap$Entry[]@5000008f)
OBJ 50003148 (sz=32, trace=300215, class=java.lang.ThreadLocal$ThreadLocalMap$Entry@5000008e)
OBJ 50003149 (sz=24, trace=302330, class=java.lang.StringCoding$StringDecoder@50000a83)
OBJ 5000314a (sz=48, trace=302247, class=sun.nio.cs.MacRoman$Decoder@5000003a)
ARR 5000314b (sz=528, trace=302248, nelems=0, elem type=char[])
OBJ 5000314c (sz=40, trace=300218, class=java.lang.ref.SoftReference@500000c8)
ARR 5000314d (sz=42, trace=302331, nelems=21, elem type=char[])
OBJ 5000314e (sz=48, trace=300053, class=java.nio.HeapByteBuffer@50000087)
OBJ 5000314f (sz=48, trace=300054, class=java.nio.HeapCharBuffer@500000a5)
OBJ 50003150 (sz=24, trace=302332, class=java.lang.ProcessEnvironment$Variable@50003144)
	str		50003145
	bytes		5000407c
OBJ 50003152 (sz=32, trace=302334, class=java.lang.String@50000036)
	value		50003153
ARR 50003153 (sz=36, trace=302331, nelems=18, elem type=char[])
OBJ 50003154 (sz=48, trace=300053, class=java.nio.HeapByteBuffer@50000087)
OBJ 50003155 (sz=48, trace=300054, class=java.nio.HeapCharBuffer@500000a5)
OBJ 50003156 (sz=24, trace=302335, class=java.lang.ProcessEnvironment$Value@50003151)
	str		50003152
	bytes		5000407d
OBJ 50003157 (sz=32, trace=302336, class=java.util.HashMap$Entry@50000053)
	key		50003150
	value		50003156
OBJ 50003158 (sz=32, trace=302327, class=java.lang.String@50000036)
	value		50003159
ARR 50003159 (sz=44, trace=302331, nelems=22, elem type=char[])
OBJ 5000315a (sz=48, trace=300053, class=java.nio.HeapByteBuffer@50000087)
OBJ 5000315b (sz=48, trace=300054, class=java.nio.HeapCharBuffer@500000a5)
OBJ 5000315c (sz=24, trace=302332, class=java.lang.ProcessEnvironment$Variable@50003144)
	str		50003158
	bytes		5000408e
OBJ 5000315d (sz=32, trace=302334, class=java.lang.String@50000036)
	value		5000315e
ARR 5000315e (sz=12, trace=302331, nelems=6, elem type=char[])
OBJ 5000315f (sz=48, trace=300053, class=java.nio.HeapByteBuffer@50000087)
OBJ 50003160 (sz=48, trace=300054, class=java.nio.HeapCharBuffer@500000a5)
OBJ 50003161 (sz=24, trace=302335, class=java.lang.ProcessEnvironment$Value@50003151)
	str		5000315d
	bytes		5000408f
OBJ 50003162 (sz=32, trace=302336, class=java.util.HashMap$Entry@50000053)
	key		5000315c
	value		50003161
OBJ 50003163 (sz=32, trace=302327, class=java.lang.String@50000036)
	value		50003164
ARR 50003164 (sz=18, trace=302331, nelems=9, elem type=char[])
OBJ 50003165 (sz=48, trace=300053, class=java.nio.HeapByteBuffer@50000087)
OBJ 50003166 (sz=48, trace=300054, class=java.nio.HeapCharBuffer@500000a5)
OBJ 50003167 (sz=24, trace=302332, class=java.lang.ProcessEnvironment$Variable@50003144)
	str		50003163
	bytes		50004078
OBJ 50003168 (sz=32, trace=302334, class=java.lang.String@50000036)
	value		50003169
ARR 50003169 (sz=12, trace=302331, nelems=6, elem type=char[])
OBJ 5000316a (sz=48, trace=300053, class=java.nio.HeapByteBuffer@50000087)
OBJ 5000316b (sz=48, trace=300054, class=java.nio.HeapCharBuffer@500000a5)
OBJ 5000316c (sz=24, trace=302335, class=java.lang.ProcessEnvironment$Value@50003151)
	str		50003168
	bytes		50004079
OBJ 5000316d (sz=32, trace=302336, class=java.util.HashMap$Entry@50000053)
	key		50003167
	value		5000316c
OBJ 5000316e (sz=32, trace=302327, class=java.lang.String@50000036)
	value		5000316f
ARR 5000316f (sz=44, trace=302331, nelems=22, elem type=char[])
OBJ 50003170 (sz=48, trace=300053, class=java.nio.HeapByteBuffer@50000087)
OBJ 50003171 (sz=48, trace=300054, class=java.nio.HeapCharBuffer@500000a5)
OBJ 50003172 (sz=24, trace=302332, class=java.lang.ProcessEnvironment$Variable@50003144)
	str		5000316e
	bytes		50004076
OBJ 50003173 (sz=32, trace=302334, class=java.lang.String@50000036)
	value		50003174
ARR 50003174 (sz=32, trace=302331, nelems=16, elem type=char[])
OBJ 50003175 (sz=48, trace=300053, class=java.nio.HeapByteBuffer@50000087)
OBJ 50003176 (sz=48, trace=300054, class=java.nio.HeapCharBuffer@500000a5)
OBJ 50003177 (sz=24, trace=302335, class=java.lang.ProcessEnvironment$Value@50003151)
	str		50003173
	bytes		50004077
OBJ 50003178 (sz=32, trace=302336, class=java.util.HashMap$Entry@50000053)
	key		50003172
	value		50003177
	next		5000316d
OBJ 50003179 (sz=32, trace=302327, class=java.lang.String@50000036)
	value		5000317a
ARR 5000317a (sz=2, trace=302331, nelems=1, elem type=char[])
OBJ 5000317b (sz=48, trace=300053, class=java.nio.HeapByteBuffer@50000087)
OBJ 5000317c (sz=48, trace=300054, class=java.nio.HeapCharBuffer@500000a5)
OBJ 5000317d (sz=24, trace=302332, class=java.lang.ProcessEnvironment$Variable@50003144)
	str		50003179
	bytes		5000406a
OBJ 5000317e (sz=32, trace=302334, class=java.lang.String@50000036)
	value		5000317f
ARR 5000317f (sz=26, trace=302331, nelems=13, elem type=char[])
OBJ 50003180 (sz=48, trace=300053, class=java.nio.HeapByteBuffer@50000087)
OBJ 50003181 (sz=48, trace=300054, class=java.nio.HeapCharBuffer@500000a5)
OBJ 50003182 (sz=24, trace=302335, class=java.lang.ProcessEnvironment$Value@50003151)
	str		5000317e
	bytes		5000406b
OBJ 50003183 (sz=32, trace=302336, class=java.util.HashMap$Entry@50000053)
	key		5000317d
	value		50003182
OBJ 50003184 (sz=32, trace=302327, class=java.lang.String@50000036)
	value		50003185
ARR 50003185 (sz=14, trace=302331, nelems=7, elem type=char[])
OBJ 50003186 (sz=48, trace=300053, class=java.nio.HeapByteBuffer@50000087)
OBJ 50003187 (sz=48, trace=300054, class=java.nio.HeapCharBuffer@500000a5)
OBJ 50003188 (sz=24, trace=302332, class=java.lang.ProcessEnvironment$Variable@50003144)
	str		50003184
	bytes		5000407e
OBJ 50003189 (sz=32, trace=302334, class=java.lang.String@50000036)
	value		5000318a
ARR 5000318a (sz=52, trace=302331, nelems=26, elem type=char[])
OBJ 5000318b (sz=48, trace=300053, class=java.nio.HeapByteBuffer@50000087)
OBJ 5000318c (sz=48, trace=300054, class=java.nio.HeapCharBuffer@500000a5)
OBJ 5000318d (sz=24, trace=302335, class=java.lang.ProcessEnvironment$Value@50003151)
	str		50003189
	bytes		5000407f
OBJ 5000318e (sz=32, trace=302336, class=java.util.HashMap$Entry@50000053)
	key		50003188
	value		5000318d
OBJ 5000318f (sz=32, trace=302327, class=java.lang.String@50000036)
	value		50003190
ARR 50003190 (sz=14, trace=302331, nelems=7, elem type=char[])
OBJ 50003191 (sz=48, trace=300053, class=java.nio.HeapByteBuffer@50000087)
OBJ 50003192 (sz=48, trace=300054, class=java.nio.HeapCharBuffer@500000a5)
OBJ 50003193 (sz=24, trace=302332, class=java.lang.ProcessEnvironment$Variable@50003144)
	str		5000318f
	bytes		5000406e
OBJ 50003194 (sz=32, trace=302334, class=java.lang.String@50000036)
	value		50003195
ARR 50003195 (sz=10, trace=302331, nelems=5, elem type=char[])
OBJ 50003196 (sz=48, trace=300053, class=java.nio.HeapByteBuffer@50000087)
OBJ 50003197 (sz=48, trace=300054, class=java.nio.HeapCharBuffer@500000a5)
OBJ 50003198 (sz=24, trace=302335, class=java.lang.ProcessEnvironment$Value@50003151)
	str		50003194
	bytes		5000406f
OBJ 50003199 (sz=32, trace=302336, class=java.util.HashMap$Entry@50000053)
	key		50003193
	value		50003198
OBJ 5000319a (sz=32, trace=302327, class=java.lang.String@50000036)
	value		5000319b
ARR 5000319b (sz=10, trace=302331, nelems=5, elem type=char[])
OBJ 5000319c (sz=48, trace=300053, class=java.nio.HeapByteBuffer@50000087)
OBJ 5000319d (sz=48, trace=300054, class=java.nio.HeapCharBuffer@500000a5)
OBJ 5000319e (sz=24, trace=302332, class=java.lang.ProcessEnvironment$Variable@50003144)
	str		5000319a
	bytes		5000408a
OBJ 5000319f (sz=32, trace=302334, class=java.lang.String@50000036)
	value		500031a0
ARR 500031a0 (sz=2, trace=302331, nelems=1, elem type=char[])
OBJ 500031a1 (sz=48, trace=300053, class=java.nio.HeapByteBuffer@50000087)
OBJ 500031a2 (sz=48, trace=300054, class=java.nio.HeapCharBuffer@500000a5)
OBJ 500031a3 (sz=24, trace=302335, class=java.lang.ProcessEnvironment$Value@50003151)
	str		5000319f
	bytes		5000408b
OBJ 500031a4 (sz=32, trace=302336, class=java.util.HashMap$Entry@50000053)
	key		5000319e
	value		500031a3
OBJ 500031a5 (sz=32, trace=302327, class=java.lang.String@50000036)
	value		500031a6
ARR 500031a6 (sz=8, trace=302331, nelems=4, elem type=char[])
OBJ 500031a7 (sz=48, trace=300053, class=java.nio.HeapByteBuffer@50000087)
OBJ 500031a8 (sz=48, trace=300054, class=java.nio.HeapCharBuffer@500000a5)
OBJ 500031a9 (sz=24, trace=302332, class=java.lang.ProcessEnvironment$Variable@50003144)
	str		500031a5
	bytes		50004070
OBJ 500031aa (sz=32, trace=302334, class=java.lang.String@50000036)
	value		500031ab
ARR 500031ab (sz=24, trace=302331, nelems=12, elem type=char[])
OBJ 500031ac (sz=48, trace=300053, class=java.nio.HeapByteBuffer@50000087)
OBJ 500031ad (sz=48, trace=300054, class=java.nio.HeapCharBuffer@500000a5)
OBJ 500031ae (sz=24, trace=302335, class=java.lang.ProcessEnvironment$Value@50003151)
	str		500031aa
	bytes		50004071
OBJ 500031af (sz=32, trace=302336, class=java.util.HashMap$Entry@50000053)
	key		500031a9
	value		500031ae
OBJ 500031b0 (sz=32, trace=302327, class=java.lang.String@50000036)
	value		500031b1
ARR 500031b1 (sz=8, trace=302331, nelems=4, elem type=char[])
OBJ 500031b2 (sz=48, trace=300053, class=java.nio.HeapByteBuffer@50000087)
OBJ 500031b3 (sz=48, trace=300054, class=java.nio.HeapCharBuffer@500000a5)
OBJ 500031b4 (sz=24, trace=302332, class=java.lang.ProcessEnvironment$Variable@50003144)
	str		500031b0
	bytes		50004066
OBJ 500031b5 (sz=32, trace=302334, class=java.lang.String@50000036)
	value		500031b6
ARR 500031b6 (sz=22, trace=302331, nelems=11, elem type=char[])
OBJ 500031b7 (sz=48, trace=300053, class=java.nio.HeapByteBuffer@50000087)
OBJ 500031b8 (sz=48, trace=300054, class=java.nio.HeapCharBuffer@500000a5)
OBJ 500031b9 (sz=24, trace=302335, class=java.lang.ProcessEnvironment$Value@50003151)
	str		500031b5
	bytes		50004067
OBJ 500031ba (sz=32, trace=302336, class=java.util.HashMap$Entry@50000053)
	key		500031b4
	value		500031b9
OBJ 500031bb (sz=32, trace=302327, class=java.lang.String@50000036)
	value		500031bc
ARR 500031bc (sz=6, trace=302331, nelems=3, elem type=char[])
OBJ 500031bd (sz=48, trace=300053, class=java.nio.HeapByteBuffer@50000087)
OBJ 500031be (sz=48, trace=300054, class=java.nio.HeapCharBuffer@500000a5)
OBJ 500031bf (sz=24, trace=302332, class=java.lang.ProcessEnvironment$Variable@50003144)
	str		500031bb
	bytes		50004074
OBJ 500031c0 (sz=32, trace=302334, class=java.lang.String@50000036)
	value		500031c1
ARR 500031c1 (sz=62, trace=302331, nelems=31, elem type=char[])
OBJ 500031c2 (sz=48, trace=300053, class=java.nio.HeapByteBuffer@50000087)
OBJ 500031c3 (sz=48, trace=300054, class=java.nio.HeapCharBuffer@500000a5)
OBJ 500031c4 (sz=24, trace=302335, class=java.lang.ProcessEnvironment$Value@50003151)
	str		500031c0
	bytes		50004075
OBJ 500031c5 (sz=32, trace=302336, class=java.util.HashMap$Entry@50000053)
	key		500031bf
	value		500031c4
	next		50003178
OBJ 500031c6 (sz=32, trace=302327, class=java.lang.String@50000036)
	value		500031c7
ARR 500031c7 (sz=8, trace=302331, nelems=4, elem type=char[])
OBJ 500031c8 (sz=48, trace=300053, class=java.nio.HeapByteBuffer@50000087)
OBJ 500031c9 (sz=48, trace=300054, class=java.nio.HeapCharBuffer@500000a5)
OBJ 500031ca (sz=24, trace=302332, class=java.lang.ProcessEnvironment$Variable@50003144)
	str		500031c6
	bytes		50004082
OBJ 500031cb (sz=32, trace=302334, class=java.lang.String@50000036)
	value		500031cc
ARR 500031cc (sz=176, trace=302331, nelems=88, elem type=char[])
OBJ 500031cd (sz=48, trace=300053, class=java.nio.HeapByteBuffer@50000087)
OBJ 500031ce (sz=48, trace=300054, class=java.nio.HeapCharBuffer@500000a5)
OBJ 500031cf (sz=24, trace=302335, class=java.lang.ProcessEnvironment$Value@50003151)
	str		500031cb
	bytes		50004083
OBJ 500031d0 (sz=32, trace=302336, class=java.util.HashMap$Entry@50000053)
	key		500031ca
	value		500031cf
OBJ 500031d1 (sz=32, trace=302327, class=java.lang.String@50000036)
	value		500031d2
ARR 500031d2 (sz=46, trace=302331, nelems=23, elem type=char[])
OBJ 500031d3 (sz=48, trace=300053, class=java.nio.HeapByteBuffer@50000087)
OBJ 500031d4 (sz=48, trace=300054, class=java.nio.HeapCharBuffer@500000a5)
OBJ 500031d5 (sz=24, trace=302332, class=java.lang.ProcessEnvironment$Variable@50003144)
	str		500031d1
	bytes		50004086
OBJ 500031d6 (sz=32, trace=302334, class=java.lang.String@50000036)
	value		500031d7
ARR 500031d7 (sz=20, trace=302331, nelems=10, elem type=char[])
OBJ 500031d8 (sz=48, trace=300053, class=java.nio.HeapByteBuffer@50000087)
OBJ 500031d9 (sz=48, trace=300054, class=java.nio.HeapCharBuffer@500000a5)
OBJ 500031da (sz=24, trace=302335, class=java.lang.ProcessEnvironment$Value@50003151)
	str		500031d6
	bytes		50004087
OBJ 500031db (sz=32, trace=302336, class=java.util.HashMap$Entry@50000053)
	key		500031d5
	value		500031da
OBJ 500031dc (sz=32, trace=302327, class=java.lang.String@50000036)
	value		500031dd
ARR 500031dd (sz=26, trace=302331, nelems=13, elem type=char[])
OBJ 500031de (sz=48, trace=300053, class=java.nio.HeapByteBuffer@50000087)
OBJ 500031df (sz=48, trace=300054, class=java.nio.HeapCharBuffer@500000a5)
OBJ 500031e0 (sz=24, trace=302332, class=java.lang.ProcessEnvironment$Variable@50003144)
	str		500031dc
	bytes		50004068
OBJ 500031e1 (sz=32, trace=302334, class=java.lang.String@50000036)
	value		500031e2
ARR 500031e2 (sz=56, trace=302331, nelems=28, elem type=char[])
OBJ 500031e3 (sz=48, trace=300053, class=java.nio.HeapByteBuffer@50000087)
OBJ 500031e4 (sz=48, trace=300054, class=java.nio.HeapCharBuffer@500000a5)
OBJ 500031e5 (sz=24, trace=302335, class=java.lang.ProcessEnvironment$Value@50003151)
	str		500031e1
	bytes		50004069
OBJ 500031e6 (sz=32, trace=302336, class=java.util.HashMap$Entry@50000053)
	key		500031e0
	value		500031e5
OBJ 500031e7 (sz=32, trace=302327, class=java.lang.String@50000036)
	value		500031e8
ARR 500031e8 (sz=24, trace=302331, nelems=12, elem type=char[])
OBJ 500031e9 (sz=48, trace=300053, class=java.nio.HeapByteBuffer@50000087)
OBJ 500031ea (sz=48, trace=300054, class=java.nio.HeapCharBuffer@500000a5)
OBJ 500031eb (sz=24, trace=302332, class=java.lang.ProcessEnvironment$Variable@50003144)
	str		500031e7
	bytes		50004080
OBJ 500031ec (sz=32, trace=302334, class=java.lang.String@50000036)
	value		500031ed
ARR 500031ed (sz=16, trace=302331, nelems=8, elem type=char[])
OBJ 500031ee (sz=48, trace=300053, class=java.nio.HeapByteBuffer@50000087)
OBJ 500031ef (sz=48, trace=300054, class=java.nio.HeapCharBuffer@500000a5)
OBJ 500031f0 (sz=24, trace=302335, class=java.lang.ProcessEnvironment$Value@50003151)
	str		500031ec
	bytes		50004081
OBJ 500031f1 (sz=32, trace=302336, class=java.util.HashMap$Entry@50000053)
	key		500031eb
	value		500031f0
OBJ 500031f2 (sz=32, trace=302327, class=java.lang.String@50000036)
	value		500031f3
ARR 500031f3 (sz=8, trace=302331, nelems=4, elem type=char[])
OBJ 500031f4 (sz=48, trace=300053, class=java.nio.HeapByteBuffer@50000087)
OBJ 500031f5 (sz=48, trace=300054, class=java.nio.HeapCharBuffer@500000a5)
OBJ 500031f6 (sz=24, trace=302332, class=java.lang.ProcessEnvironment$Variable@50003144)
	str		500031f2
	bytes		5000407a
OBJ 500031f7 (sz=32, trace=302334, class=java.lang.String@50000036)
	value		500031f8
ARR 500031f8 (sz=10, trace=302331, nelems=5, elem type=char[])
OBJ 500031f9 (sz=48, trace=300053, class=java.nio.HeapByteBuffer@50000087)
OBJ 500031fa (sz=48, trace=300054, class=java.nio.HeapCharBuffer@500000a5)
OBJ 500031fb (sz=24, trace=302335, class=java.lang.ProcessEnvironment$Value@50003151)
	str		500031f7
	bytes		5000407b
OBJ 500031fc (sz=32, trace=302336, class=java.util.HashMap$Entry@50000053)
	key		500031f6
	value		500031fb
OBJ 500031fd (sz=32, trace=302327, class=java.lang.String@50000036)
	value		500031fe
ARR 500031fe (sz=30, trace=302331, nelems=15, elem type=char[])
OBJ 500031ff (sz=48, trace=300053, class=java.nio.HeapByteBuffer@50000087)
OBJ 50003200 (sz=48, trace=300054, class=java.nio.HeapCharBuffer@500000a5)
OBJ 50003201 (sz=24, trace=302332, class=java.lang.ProcessEnvironment$Variable@50003144)
	str		500031fd
	bytes		50004072
OBJ 50003202 (sz=32, trace=302334, class=java.lang.String@50000036)
	value		50003203
ARR 50003203 (sz=72, trace=302331, nelems=36, elem type=char[])
OBJ 50003204 (sz=48, trace=300053, class=java.nio.HeapByteBuffer@50000087)
OBJ 50003205 (sz=48, trace=300054, class=java.nio.HeapCharBuffer@500000a5)
OBJ 50003206 (sz=24, trace=302335, class=java.lang.ProcessEnvironment$Value@50003151)
	str		50003202
	bytes		50004073
OBJ 50003207 (sz=32, trace=302336, class=java.util.HashMap$Entry@50000053)
	key		50003201
	value		50003206
OBJ 50003208 (sz=32, trace=302327, class=java.lang.String@50000036)
	value		50003209
ARR 50003209 (sz=12, trace=302331, nelems=6, elem type=char[])
OBJ 5000320a (sz=48, trace=300053, class=java.nio.HeapByteBuffer@50000087)
OBJ 5000320b (sz=48, trace=300054, class=java.nio.HeapCharBuffer@500000a5)
OBJ 5000320c (sz=24, trace=302332, class=java.lang.ProcessEnvironment$Variable@50003144)
	str		50003208
	bytes		50004094
OBJ 5000320d (sz=32, trace=302334, class=java.lang.String@50000036)
	value		5000320e
ARR 5000320e (sz=70, trace=302331, nelems=35, elem type=char[])
OBJ 5000320f (sz=48, trace=300053, class=java.nio.HeapByteBuffer@50000087)
OBJ 50003210 (sz=48, trace=300054, class=java.nio.HeapCharBuffer@500000a5)
OBJ 50003211 (sz=24, trace=302335, class=java.lang.ProcessEnvironment$Value@50003151)
	str		5000320d
	bytes		50004095
OBJ 50003212 (sz=32, trace=302336, class=java.util.HashMap$Entry@50000053)
	key		5000320c
	value		50003211
OBJ 50003213 (sz=32, trace=302327, class=java.lang.String@50000036)
	value		50003214
ARR 50003214 (sz=40, trace=302331, nelems=20, elem type=char[])
OBJ 50003215 (sz=48, trace=300053, class=java.nio.HeapByteBuffer@50000087)
OBJ 50003216 (sz=48, trace=300054, class=java.nio.HeapCharBuffer@500000a5)
OBJ 50003217 (sz=24, trace=302332, class=java.lang.ProcessEnvironment$Variable@50003144)
	str		50003213
	bytes		50004088
OBJ 50003218 (sz=32, trace=302334, class=java.lang.String@50000036)
	value		50003219
ARR 50003219 (sz=6, trace=302331, nelems=3, elem type=char[])
OBJ 5000321a (sz=48, trace=300053, class=java.nio.HeapByteBuffer@50000087)
OBJ 5000321b (sz=48, trace=300054, class=java.nio.HeapCharBuffer@500000a5)
OBJ 5000321c (sz=24, trace=302335, class=java.lang.ProcessEnvironment$Value@50003151)
	str		50003218
	bytes		50004089
OBJ 5000321d (sz=32, trace=302336, class=java.util.HashMap$Entry@50000053)
	key		50003217
	value		5000321c
	next		500031a4
OBJ 5000321e (sz=32, trace=302327, class=java.lang.String@50000036)
	value		5000321f
ARR 5000321f (sz=52, trace=302331, nelems=26, elem type=char[])
OBJ 50003220 (sz=48, trace=300053, class=java.nio.HeapByteBuffer@50000087)
OBJ 50003221 (sz=48, trace=300054, class=java.nio.HeapCharBuffer@500000a5)
OBJ 50003222 (sz=24, trace=302332, class=java.lang.ProcessEnvironment$Variable@50003144)
	str		5000321e
	bytes		5000406c
OBJ 50003223 (sz=32, trace=302334, class=java.lang.String@50000036)
	value		50003224
ARR 50003224 (sz=50, trace=302331, nelems=25, elem type=char[])
OBJ 50003225 (sz=48, trace=300053, class=java.nio.HeapByteBuffer@50000087)
OBJ 50003226 (sz=48, trace=300054, class=java.nio.HeapCharBuffer@500000a5)
OBJ 50003227 (sz=24, trace=302335, class=java.lang.ProcessEnvironment$Value@50003151)
	str		50003223
	bytes		5000406d
OBJ 50003228 (sz=32, trace=302336, class=java.util.HashMap$Entry@50000053)
	key		50003222
	value		50003227
OBJ 50003229 (sz=32, trace=302327, class=java.lang.String@50000036)
	value		5000322a
ARR 5000322a (sz=12, trace=302331, nelems=6, elem type=char[])
OBJ 5000322b (sz=48, trace=300053, class=java.nio.HeapByteBuffer@50000087)
OBJ 5000322c (sz=48, trace=300054, class=java.nio.HeapCharBuffer@500000a5)
OBJ 5000322d (sz=24, trace=302332, class=java.lang.ProcessEnvironment$Variable@50003144)
	str		50003229
	bytes		5000408c
OBJ 5000322e (sz=32, trace=302334, class=java.lang.String@50000036)
	value		5000322f
ARR 5000322f (sz=98, trace=302331, nelems=49, elem type=char[])
OBJ 50003230 (sz=48, trace=300053, class=java.nio.HeapByteBuffer@50000087)
OBJ 50003231 (sz=48, trace=300054, class=java.nio.HeapCharBuffer@500000a5)
OBJ 50003232 (sz=24, trace=302335, class=java.lang.ProcessEnvironment$Value@50003151)
	str		5000322e
	bytes		5000408d
OBJ 50003233 (sz=32, trace=302336, class=java.util.HashMap$Entry@50000053)
	key		5000322d
	value		50003232
	next		50003162
OBJ 50003234 (sz=32, trace=302327, class=java.lang.String@50000036)
	value		50003235
ARR 50003235 (sz=8, trace=302331, nelems=4, elem type=char[])
OBJ 50003236 (sz=48, trace=300053, class=java.nio.HeapByteBuffer@50000087)
OBJ 50003237 (sz=48, trace=300054, class=java.nio.HeapCharBuffer@500000a5)
OBJ 50003238 (sz=24, trace=302332, class=java.lang.ProcessEnvironment$Variable@50003144)
	str		50003234
	bytes		50004092
OBJ 50003239 (sz=32, trace=302334, class=java.lang.String@50000036)
	value		5000323a
ARR 5000323a (sz=28, trace=302331, nelems=14, elem type=char[])
OBJ 5000323b (sz=48, trace=300053, class=java.nio.HeapByteBuffer@50000087)
OBJ 5000323c (sz=48, trace=300054, class=java.nio.HeapCharBuffer@500000a5)
OBJ 5000323d (sz=24, trace=302335, class=java.lang.ProcessEnvironment$Value@50003151)
	str		50003239
	bytes		50004093
OBJ 5000323e (sz=32, trace=302336, class=java.util.HashMap$Entry@50000053)
	key		50003238
	value		5000323d
	next		50003212
OBJ 5000323f (sz=32, trace=302327, class=java.lang.String@50000036)
	value		50003240
ARR 50003240 (sz=10, trace=302331, nelems=5, elem type=char[])
OBJ 50003241 (sz=48, trace=300053, class=java.nio.HeapByteBuffer@50000087)
OBJ 50003242 (sz=48, trace=300054, class=java.nio.HeapCharBuffer@500000a5)
OBJ 50003243 (sz=24, trace=302332, class=java.lang.ProcessEnvironment$Variable@50003144)
	str		5000323f
	bytes		50004090
OBJ 50003244 (sz=32, trace=302334, class=java.lang.String@50000036)
	value		50003245
ARR 50003245 (sz=18, trace=302331, nelems=9, elem type=char[])
OBJ 50003246 (sz=48, trace=300053, class=java.nio.HeapByteBuffer@50000087)
OBJ 50003247 (sz=48, trace=300054, class=java.nio.HeapCharBuffer@500000a5)
OBJ 50003248 (sz=24, trace=302335, class=java.lang.ProcessEnvironment$Value@50003151)
	str		50003244
	bytes		50004091
OBJ 50003249 (sz=32, trace=302336, class=java.util.HashMap$Entry@50000053)
	key		50003243
	value		50003248
OBJ 5000324a (sz=32, trace=302327, class=java.lang.String@50000036)
	value		5000324b
ARR 5000324b (sz=24, trace=302331, nelems=12, elem type=char[])
OBJ 5000324c (sz=48, trace=300053, class=java.nio.HeapByteBuffer@50000087)
OBJ 5000324d (sz=48, trace=300054, class=java.nio.HeapCharBuffer@500000a5)
OBJ 5000324e (sz=24, trace=302332, class=java.lang.ProcessEnvironment$Variable@50003144)
	str		5000324a
	bytes		50004084
OBJ 5000324f (sz=32, trace=302334, class=java.lang.String@50000036)
	value		50003250
ARR 50003250 (sz=28, trace=302331, nelems=14, elem type=char[])
OBJ 50003251 (sz=48, trace=300053, class=java.nio.HeapByteBuffer@50000087)
OBJ 50003252 (sz=48, trace=300054, class=java.nio.HeapCharBuffer@500000a5)
OBJ 50003253 (sz=24, trace=302335, class=java.lang.ProcessEnvironment$Value@50003151)
	str		5000324f
	bytes		50004085
OBJ 50003254 (sz=32, trace=302336, class=java.util.HashMap$Entry@50000053)
	key		5000324e
	value		50003253
	next		500031db
OBJ 50003256 (sz=24, trace=302338, class=java.lang.ProcessEnvironment$StringEnvironment@50003255)
	m		50003141
OBJ 50003258 (sz=32, trace=302340, class=java.util.Collections$UnmodifiableMap@50003257)
	m		50003256
OBJ 50003259 (sz=32, trace=300215, class=java.lang.ThreadLocal$ThreadLocalMap$Entry@5000008e)
OBJ 5000325a (sz=24, trace=302341, class=java.lang.StringCoding$StringEncoder@50000034)
ARR 5000325b (sz=24, trace=302245, nelems=0, elem type=byte[])
OBJ 5000325c (sz=72, trace=302246, class=sun.nio.cs.MacRoman$Encoder@500000de)
OBJ 5000325d (sz=48, trace=302247, class=sun.nio.cs.MacRoman$Decoder@5000003a)
ARR 5000325e (sz=528, trace=302248, nelems=0, elem type=char[])
OBJ 5000325f (sz=32, trace=302249, class=java.lang.ref.WeakReference@50000113)
OBJ 50003260 (sz=48, trace=300053, class=java.nio.HeapByteBuffer@50000087)
ARR 50003261 (sz=24, trace=302250, nelems=0, elem type=char[])
OBJ 50003262 (sz=48, trace=302251, class=java.nio.HeapCharBuffer@500000a5)
OBJ 50003263 (sz=24, trace=302252, class=sun.nio.cs.Surrogate$Parser@50000134)
OBJ 50003264 (sz=40, trace=300218, class=java.lang.ref.SoftReference@500000c8)
ARR 50003265 (sz=40, trace=302342, nelems=0, elem type=byte[])
OBJ 50003266 (sz=48, trace=300053, class=java.nio.HeapByteBuffer@50000087)
OBJ 50003267 (sz=48, trace=300054, class=java.nio.HeapCharBuffer@500000a5)
OBJ 50003268 (sz=24, trace=302343, class=java.lang.ProcessEnvironment$Variable@50003144)
OBJ 50003269 (sz=24, trace=302344, class=java.lang.StringBuilder@5000004d)
ARR 5000326a (sz=48, trace=302345, nelems=0, elem type=char[])
ARR 5000326b (sz=88, trace=300030, nelems=0, elem type=char[])
ARR 5000326c (sz=160, trace=300030, nelems=0, elem type=char[])
OBJ 5000326d (sz=32, trace=302346, class=java.lang.String@50000036)
ARR 5000326e (sz=96, trace=302347, nelems=0, elem type=char[])
OBJ 5000326f (sz=24, trace=302348, class=java.lang.StringBuilder@5000004d)
ARR 50003270 (sz=48, trace=302349, nelems=0, elem type=char[])
ARR 50003271 (sz=88, trace=300030, nelems=0, elem type=char[])
ARR 50003272 (sz=160, trace=300030, nelems=0, elem type=char[])
OBJ 50003273 (sz=32, trace=302350, class=java.lang.String@50000036)
ARR 50003274 (sz=104, trace=302351, nelems=0, elem type=char[])
OBJ 5000328b (sz=32, trace=300000, class=java.lang.String@50000036)
	value		50004100
OBJ 5000328c (sz=32, trace=300000, class=java.lang.NullPointerException@50000020)
OBJ 5000328d (sz=32, trace=300000, class=java.lang.ArithmeticException@50000067)
	detailMessage	500040d7
ARR 5000328e (sz=16, trace=300000, nelems=0, elem type=java.lang.String[]@50000037)
OBJ 5000328f (sz=72, trace=300000, class=sun.misc.Launcher$AppClassLoader@500000ba)
	parent		500033e4
	package2certs	500033e3
	nocerts		50002d5c
	classes		500033e2
	domains		500033e1
	packages	500033e0
	nativeLibraries	500033df
	pdcache		500033de
	ucp		500033dd
	acc		500033dc
OBJ 50003290 (sz=16, trace=300000, class=java.lang.ref.Reference$Lock@5000003d)
OBJ 50003291 (sz=16, trace=300000, class=java.lang.ref.ReferenceQueue$Lock@50000070)
OBJ 50003292 (sz=112, trace=300000, class=java.lang.Thread@50000077)
	name		500040d6
	contextClassLoader	5000328f
	blockerLock	500040d5
	me		50003292
OBJ 50003293 (sz=112, trace=300000, class=java.lang.Thread@50000077)
	name		500040c2
	group		500032ad
	contextClassLoader	5000328f
	inheritedAccessControlContext	500040c1
	blockerLock	500040c0
	me		50003293
OBJ 50003294 (sz=112, trace=300000, class=java.lang.ref.Finalizer$FinalizerThread@5000002b)
	name		500040c5
	group		500032ad
	inheritedAccessControlContext	500040c4
	blockerLock	500040c3
	me		50003294
OBJ 50003295 (sz=112, trace=300000, class=java.lang.ref.Reference$ReferenceHandler@500000d3)
	name		500040bd
	group		500032ad
	inheritedAccessControlContext	500040bc
	blockerLock	500040bb
	me		50003295
OBJ 50003296 (sz=104, trace=300000, class=java.lang.Class@5000002c)
OBJ 50003297 (sz=104, trace=300000, class=java.lang.Class@5000002c)
OBJ 50003298 (sz=104, trace=300000, class=java.lang.Class@5000002c)
OBJ 50003299 (sz=104, trace=300000, class=java.lang.Class@5000002c)
OBJ 5000329a (sz=104, trace=300000, class=java.lang.Class@5000002c)
OBJ 5000329b (sz=104, trace=300000, class=java.lang.Class@5000002c)
OBJ 5000329c (sz=104, trace=300000, class=java.lang.Class@5000002c)
OBJ 5000329d (sz=104, trace=300000, class=java.lang.Class@5000002c)
OBJ 5000329e (sz=104, trace=300000, class=java.lang.Class@5000002c)
OBJ 5000329f (sz=584, trace=300000, class=java.lang.Class@5000002c)
ARR 500032a0 (sz=0, trace=300000, nelems=0, elem type=byte[])
ARR 500032a1 (sz=0, trace=300000, nelems=0, elem type=short[])
ARR 500032a2 (sz=0, trace=300000, nelems=0, elem type=int[])
ARR 500032a3 (sz=16, trace=300000, nelems=0, elem type=java.lang.Class[]@5000002d)
OBJ 500032a4 (sz=32, trace=300000, class=java.lang.String@50000036)
	value		500040a8
OBJ 500032a5 (sz=32, trace=300000, class=java.lang.String@50000036)
	value		500040e5
OBJ 500032a6 (sz=32, trace=300000, class=java.lang.OutOfMemoryError@500000a1)
	detailMessage	500040e3
OBJ 500032a7 (sz=32, trace=300000, class=java.lang.OutOfMemoryError@500000a1)
	detailMessage	500040e1
OBJ 500032a8 (sz=32, trace=300000, class=java.lang.OutOfMemoryError@500000a1)
	detailMessage	500040df
OBJ 500032a9 (sz=32, trace=300000, class=java.lang.OutOfMemoryError@500000a1)
	detailMessage	500040dd
ARR 500032aa (sz=32, trace=300000, nelems=4, elem type=java.lang.OutOfMemoryError[]@500000a2)
	[0]		500040d9
	[1]		500040da
	[2]		500040db
	[3]		500040dc
OBJ 500032ab (sz=32, trace=300000, class=java.lang.VirtualMachineError@50000022)
OBJ 500032ac (sz=48, trace=300000, class=java.lang.ThreadGroup@5000011c)
	parent		500032ad
	name		500040d2
	threads		500040d1
OBJ 500032ad (sz=48, trace=300000, class=java.lang.ThreadGroup@5000011c)
	name		500039c3
	threads		500040bf
	groups		500040be
OBJ 500032ae (sz=32, trace=300000, class=java.lang.ref.ReferenceQueue@5000009c)
	lock		50003291
OBJ 500032af (sz=32, trace=300000, class=java.lang.String@50000036)
	value		500040ba
OBJ 500032b0 (sz=32, trace=300000, class=java.lang.String@50000036)
	value		500040b9
OBJ 500032b1 (sz=32, trace=300000, class=java.lang.String@50000036)
	value		500040b8
OBJ 500032b2 (sz=32, trace=300000, class=java.lang.String@50000036)
	value		500040b7
OBJ 500032b3 (sz=32, trace=300000, class=java.lang.String@50000036)
	value		500040b6
OBJ 500032b4 (sz=32, trace=300000, class=java.lang.String@50000036)
	value		500040b5
OBJ 500032b5 (sz=32, trace=300000, class=java.lang.String@50000036)
	value		500040b4
OBJ 500032b6 (sz=32, trace=300000, class=java.lang.String@50000036)
	value		50003360
OBJ 500032b7 (sz=32, trace=300000, class=java.lang.String@50000036)
	value		500040b3
OBJ 500032b8 (sz=32, trace=300000, class=java.lang.String@50000036)
	value		500040b2
OBJ 500032b9 (sz=32, trace=300000, class=java.lang.String@50000036)
	value		500032bd
OBJ 500032ba (sz=32, trace=300000, class=sun.misc.SoftCache@50000104)
	hash		500040af
	queue		500040ae
OBJ 500032bb (sz=24, trace=300000, class=java.lang.RuntimePermission@50000083)
	name		500032b9
	path		500032b9
ARR 500032bc (sz=16, trace=300000, nelems=0, elem type=java.lang.StackTraceElement[]@50000096)
ARR 500032bd (sz=64, trace=300000, nelems=32, elem type=char[])
OBJ 500032be (sz=32, trace=300000, class=java.lang.String@50000036)
	value		500040ad
OBJ 500032bf (sz=32, trace=300000, class=java.lang.String@50000036)
	value		500040ac
OBJ 500032c0 (sz=32, trace=300000, class=java.lang.String@50000036)
	value		500040ab
OBJ 500032c1 (sz=32, trace=300000, class=java.lang.String@50000036)
	value		500040aa
OBJ 500032c2 (sz=32, trace=300000, class=java.lang.String@50000036)
	value		500040a9
OBJ 500032c3 (sz=32, trace=300000, class=java.lang.String@50000036)
	value		50003587
OBJ 500032c4 (sz=32, trace=300000, class=java.lang.String@50000036)
	value		50003ebb
OBJ 500032c5 (sz=16, trace=300000, class=java.lang.String$CaseInsensitiveComparator@50000040)
ARR 500032c6 (sz=16, trace=300000, nelems=0, elem type=java.io.ObjectStreamField[]@50000030)
OBJ 500032c7 (sz=32, trace=300000, class=java.lang.String@50000036)
	value		500040a5
OBJ 500032c8 (sz=16, trace=300000, class=sun.reflect.ReflectionFactory@50000011)
ARR 500032c9 (sz=16, trace=300000, nelems=0, elem type=java.io.ObjectStreamField[]@50000030)
OBJ 500032ca (sz=32, trace=300000, class=java.lang.String@50000036)
	value		500032cd
OBJ 500032cb (sz=16, trace=300000, class=java.lang.reflect.ReflectAccess@500000b6)
OBJ 500032cc (sz=24, trace=300000, class=java.lang.RuntimePermission@50000083)
	name		500032ca
	path		500032ca
ARR 500032cd (sz=46, trace=300000, nelems=23, elem type=char[])
OBJ 500032ce (sz=32, trace=300000, class=java.lang.String@50000036)
	value		50003eda
OBJ 500032cf (sz=32, trace=300000, class=java.lang.String@50000036)
	value		50003ee2
OBJ 500032d0 (sz=32, trace=300000, class=java.lang.String@50000036)
	value		500032d1
ARR 500032d1 (sz=16, trace=300000, nelems=8, elem type=char[])
OBJ 500032d2 (sz=32, trace=300000, class=java.lang.String@50000036)
	value		50003543
OBJ 500032d3 (sz=32, trace=300000, class=java.lang.String@50000036)
	value		5000409e
OBJ 500032d4 (sz=32, trace=300000, class=java.lang.String@50000036)
	value		50003526
OBJ 500032d5 (sz=32, trace=300000, class=java.lang.String@50000036)
	value		500032d7
OBJ 500032d6 (sz=32, trace=300000, class=java.lang.String@50000036)
	value		500032d8
ARR 500032d7 (sz=18, trace=300000, nelems=9, elem type=char[])
ARR 500032d8 (sz=34, trace=300000, nelems=17, elem type=char[])
ARR 500032d9 (sz=16, trace=300000, nelems=0, elem type=java.io.ObjectStreamField[]@50000030)
OBJ 500032da (sz=32, trace=300000, class=java.lang.String@50000036)
	value		50004099
OBJ 500032db (sz=16, trace=300000, class=java.lang.Boolean@50000044)
OBJ 500032dc (sz=16, trace=300000, class=java.lang.Boolean@50000044)
OBJ 500032dd (sz=32, trace=300000, class=java.lang.String@50000036)
	value		50004098
OBJ 500032de (sz=32, trace=300000, class=java.lang.String@50000036)
	value		50004097
OBJ 500032df (sz=32, trace=300000, class=java.lang.String@50000036)
	value		50004096
OBJ 500032e0 (sz=48, trace=300000, class=java.util.Properties@50000058)
	table		50003f32
OBJ 500032e1 (sz=32, trace=300000, class=java.io.PrintStream@50000120)
	out		50003f23
	textOut		50003f22
	charOut		50003f21
OBJ 500032e2 (sz=32, trace=300000, class=java.io.PrintStream@50000120)
OBJ 500032e3 (sz=32, trace=300000, class=java.lang.String@50000036)
	value		500034e9
OBJ 500032e4 (sz=16, trace=300000, class=sun.misc.Unsafe@5000012d)
OBJ 500032e5 (sz=16, trace=300000, class=java.security.AccessControlContext$1@500000b5)
OBJ 500032e6 (sz=16, trace=300000, class=java.net.URLClassLoader$7@50000094)
OBJ 500032e7 (sz=16, trace=300000, class=java.io.FileDescriptor$1@5000012a)
OBJ 500032e8 (sz=16, trace=300000, class=java.lang.System$2@50000024)
OBJ 500032e9 (sz=32, trace=300000, class=java.lang.String@50000036)
	value		50003e80
OBJ 500032ea (sz=32, trace=300000, class=java.lang.String@50000036)
	value		50003e7f
OBJ 500032eb (sz=32, trace=300000, class=java.lang.String@50000036)
	value		50003e81
OBJ 500032ec (sz=32, trace=300000, class=java.lang.String@50000036)
	value		500032f9
OBJ 500032ed (sz=32, trace=300000, class=java.lang.String@50000036)
	value		500034eb
OBJ 500032ee (sz=32, trace=300000, class=java.lang.String@50000036)
	value		50003f20
OBJ 500032ef (sz=32, trace=300000, class=java.lang.String@50000036)
	value		50003f1f
OBJ 500032f0 (sz=32, trace=300000, class=java.lang.String@50000036)
	value		50003f1e
OBJ 500032f1 (sz=32, trace=300000, class=java.lang.String@50000036)
	value		50003f1d
OBJ 500032f2 (sz=32, trace=300000, class=java.lang.String@50000036)
	value		50003f1c
OBJ 500032f3 (sz=32, trace=300000, class=java.lang.String@50000036)
	value		50003f1b
OBJ 500032f4 (sz=32, trace=300000, class=java.lang.String@50000036)
	value		50003f1a
OBJ 500032f5 (sz=32, trace=300000, class=java.lang.String@50000036)
	value		50003f19
OBJ 500032f6 (sz=32, trace=300000, class=java.lang.String@50000036)
	value		50003f18
OBJ 500032f7 (sz=32, trace=300000, class=java.lang.String@50000036)
	value		50003f17
OBJ 500032f8 (sz=32, trace=300000, class=java.lang.String@50000036)
	value		500032fa
ARR 500032f9 (sz=40, trace=300000, nelems=20, elem type=char[])
ARR 500032fa (sz=128, trace=300000, nelems=64, elem type=char[])
OBJ 500032fb (sz=32, trace=300000, class=java.lang.String@50000036)
	value		500032fc
ARR 500032fc (sz=10, trace=300000, nelems=5, elem type=char[])
OBJ 500032fd (sz=32, trace=300000, class=java.lang.String@50000036)
	value		500032fe
ARR 500032fe (sz=2, trace=300000, nelems=1, elem type=char[])
OBJ 500032ff (sz=32, trace=300000, class=java.lang.String@50000036)
	value		500033c5
OBJ 50003300 (sz=32, trace=300000, class=java.lang.String@50000036)
	value		5000336b
OBJ 50003301 (sz=32, trace=300000, class=java.lang.String@50000036)
	value		500033c4
OBJ 50003302 (sz=32, trace=300000, class=java.lang.String@50000036)
	value		500033c3
OBJ 50003303 (sz=32, trace=300000, class=java.lang.String@50000036)
	value		500033c2
OBJ 50003304 (sz=32, trace=300000, class=java.lang.String@50000036)
	value		500033c1
OBJ 50003305 (sz=32, trace=300000, class=java.lang.String@50000036)
	value		500033c0
OBJ 50003306 (sz=32, trace=300000, class=java.lang.String@50000036)
	value		500033bf
OBJ 50003307 (sz=32, trace=300000, class=java.lang.String@50000036)
	value		5000336a
OBJ 50003308 (sz=32, trace=300000, class=java.lang.String@50000036)
	value		500033a2
OBJ 50003309 (sz=32, trace=300000, class=java.lang.String@50000036)
	value		50003387
OBJ 5000330a (sz=32, trace=300000, class=java.lang.String@50000036)
	value		50003399
OBJ 5000330b (sz=32, trace=300000, class=java.lang.String@50000036)
	value		50003377
OBJ 5000330c (sz=32, trace=300000, class=java.lang.String@50000036)
	value		5000335e
OBJ 5000330d (sz=32, trace=300000, class=java.lang.String@50000036)
	value		5000335f
OBJ 5000330e (sz=32, trace=300000, class=java.lang.String@50000036)
	value		500033a3
OBJ 5000330f (sz=32, trace=300000, class=java.lang.String@50000036)
	value		50003363
OBJ 50003310 (sz=32, trace=300000, class=java.lang.String@50000036)
	value		50003365
OBJ 50003311 (sz=32, trace=300000, class=java.lang.String@50000036)
	value		50003366
OBJ 50003312 (sz=32, trace=300000, class=java.lang.String@50000036)
	value		50003395
OBJ 50003313 (sz=32, trace=300000, class=java.lang.String@50000036)
	value		5000338a
OBJ 50003314 (sz=32, trace=300000, class=java.lang.String@50000036)
	value		5000338e
OBJ 50003315 (sz=32, trace=300000, class=java.lang.String@50000036)
	value		5000338f
OBJ 50003316 (sz=32, trace=300000, class=java.lang.String@50000036)
	value		50003389
OBJ 50003317 (sz=32, trace=300000, class=java.lang.String@50000036)
	value		5000338b
OBJ 50003318 (sz=32, trace=300000, class=java.lang.String@50000036)
	value		50003386
OBJ 50003319 (sz=32, trace=300000, class=java.lang.String@50000036)
	value		50003388
OBJ 5000331a (sz=32, trace=300000, class=java.lang.String@50000036)
	value		50003376
OBJ 5000331b (sz=32, trace=300000, class=java.lang.String@50000036)
	value		50003378
OBJ 5000331c (sz=32, trace=300000, class=java.lang.String@50000036)
	value		500033a7
OBJ 5000331d (sz=32, trace=300000, class=java.lang.String@50000036)
	value		500033a8
OBJ 5000331e (sz=32, trace=300000, class=java.lang.String@50000036)
	value		50003362
OBJ 5000331f (sz=32, trace=300000, class=java.lang.String@50000036)
	value		50003364
OBJ 50003320 (sz=32, trace=300000, class=java.lang.String@50000036)
	value		500033b7
OBJ 50003321 (sz=32, trace=300000, class=java.lang.String@50000036)
	value		500033b8
OBJ 50003322 (sz=32, trace=300000, class=java.lang.String@50000036)
	value		5000336f
OBJ 50003323 (sz=32, trace=300000, class=java.lang.String@50000036)
	value		50003370
OBJ 50003324 (sz=32, trace=300000, class=java.lang.String@50000036)
	value		50003384
OBJ 50003325 (sz=32, trace=300000, class=java.lang.String@50000036)
	value		50003385
OBJ 50003326 (sz=32, trace=300000, class=java.lang.String@50000036)
	value		5000337c
OBJ 50003327 (sz=32, trace=300000, class=java.lang.String@50000036)
	value		5000337d
OBJ 50003328 (sz=32, trace=300000, class=java.lang.String@50000036)
	value		5000339d
OBJ 50003329 (sz=32, trace=300000, class=java.lang.String@50000036)
	value		5000338d
OBJ 5000332a (sz=32, trace=300000, class=java.util.Locale@500000a7)
	language	500033af
	country		500033ae
	variant		500032b6
OBJ 5000332b (sz=32, trace=300000, class=java.util.Locale@500000a7)
	language	500032b6
	country		500032b6
	variant		500032b6
OBJ 5000332c (sz=32, trace=300000, class=java.util.Locale@500000a7)
	language	50003309
	country		50003327
	variant		500032b6
OBJ 5000332d (sz=32, trace=300000, class=java.util.Locale@500000a7)
	language	50003300
	country		50003327
	variant		500032b6
OBJ 5000332e (sz=32, trace=300000, class=java.util.Locale@500000a7)
	language	50003300
	country		50003325
	variant		500032b6
OBJ 5000332f (sz=32, trace=300000, class=java.util.Locale@500000a7)
	language	50003300
	country		50003323
	variant		500032b6
OBJ 50003330 (sz=32, trace=300000, class=java.util.Locale@500000a7)
	language	50003313
	country		50003317
	variant		500032b6
OBJ 50003331 (sz=32, trace=300000, class=java.util.Locale@500000a7)
	language	50003313
	country		50003315
	variant		500032b6
OBJ 50003332 (sz=32, trace=300000, class=java.util.Locale@500000a7)
	language	50003311
	country		50003321
	variant		500032b6
OBJ 50003333 (sz=32, trace=300000, class=java.util.Locale@500000a7)
	language	5000330f
	country		5000331f
	variant		500032b6
OBJ 50003334 (sz=32, trace=300000, class=java.util.Locale@500000a7)
	language	5000330d
	country		5000331d
	variant		500032b6
OBJ 50003335 (sz=32, trace=300000, class=java.util.Locale@500000a7)
	language	5000330b
	country		5000331b
	variant		500032b6
OBJ 50003336 (sz=32, trace=300000, class=java.util.Locale@500000a7)
	language	50003309
	country		50003319
	variant		500032b6
OBJ 50003337 (sz=32, trace=300000, class=java.util.Locale@500000a7)
	language	50003313
	country		500032b6
	variant		500032b6
OBJ 50003338 (sz=32, trace=300000, class=java.util.Locale@500000a7)
	language	50003311
	country		500032b6
	variant		500032b6
OBJ 50003339 (sz=32, trace=300000, class=java.util.Locale@500000a7)
	language	5000330f
	country		500032b6
	variant		500032b6
OBJ 5000333a (sz=32, trace=300000, class=java.util.Locale@500000a7)
	language	5000330d
	country		500032b6
	variant		500032b6
OBJ 5000333b (sz=32, trace=300000, class=java.util.Locale@500000a7)
	language	5000330b
	country		500032b6
	variant		500032b6
OBJ 5000333c (sz=32, trace=300000, class=java.util.Locale@500000a7)
	language	50003309
	country		500032b6
	variant		500032b6
OBJ 5000333d (sz=32, trace=300000, class=java.util.Locale@500000a7)
	language	50003300
	country		500032b6
	variant		500032b6
OBJ 5000333e (sz=48, trace=300000, class=java.util.concurrent.ConcurrentHashMap@50000062)
	segments	5000333f
ARR 5000333f (sz=80, trace=300000, nelems=16, elem type=java.util.concurrent.ConcurrentHashMap$Segment[]@5000010b)
	[0]		50003340
	[1]		50003341
	[2]		50003342
	[3]		50003343
	[4]		50003344
	[5]		50003345
	[6]		50003346
	[7]		50003347
	[8]		50003348
	[9]		50003349
	[10]		5000334a
	[11]		5000334b
	[12]		5000334c
	[13]		5000334d
	[14]		5000334e
	[15]		5000334f
OBJ 50003340 (sz=40, trace=300000, class=java.util.concurrent.ConcurrentHashMap$Segment@5000010a)
	sync		500033b5
	table		500033b4
OBJ 50003341 (sz=40, trace=300000, class=java.util.concurrent.ConcurrentHashMap$Segment@5000010a)
	sync		500033b3
	table		500033b2
OBJ 50003342 (sz=40, trace=300000, class=java.util.concurrent.ConcurrentHashMap$Segment@5000010a)
	sync		500033aa
	table		500033a9
OBJ 50003343 (sz=40, trace=300000, class=java.util.concurrent.ConcurrentHashMap$Segment@5000010a)
	sync		500033a5
	table		500033a4
OBJ 50003344 (sz=40, trace=300000, class=java.util.concurrent.ConcurrentHashMap$Segment@5000010a)
	sync		5000339f
	table		5000339e
OBJ 50003345 (sz=40, trace=300000, class=java.util.concurrent.ConcurrentHashMap$Segment@5000010a)
	sync		5000339b
	table		5000339a
OBJ 50003346 (sz=40, trace=300000, class=java.util.concurrent.ConcurrentHashMap$Segment@5000010a)
	sync		50003397
	table		50003396
OBJ 50003347 (sz=40, trace=300000, class=java.util.concurrent.ConcurrentHashMap$Segment@5000010a)
	sync		50003393
	table		50003392
OBJ 50003348 (sz=40, trace=300000, class=java.util.concurrent.ConcurrentHashMap$Segment@5000010a)
	sync		50003391
	table		50003390
OBJ 50003349 (sz=40, trace=300000, class=java.util.concurrent.ConcurrentHashMap$Segment@5000010a)
	sync		5000337f
	table		5000337e
OBJ 5000334a (sz=40, trace=300000, class=java.util.concurrent.ConcurrentHashMap$Segment@5000010a)
	sync		5000337a
	table		50003379
OBJ 5000334b (sz=40, trace=300000, class=java.util.concurrent.ConcurrentHashMap$Segment@5000010a)
	sync		50003374
	table		50003373
OBJ 5000334c (sz=40, trace=300000, class=java.util.concurrent.ConcurrentHashMap$Segment@5000010a)
	sync		50003372
	table		50003371
OBJ 5000334d (sz=40, trace=300000, class=java.util.concurrent.ConcurrentHashMap$Segment@5000010a)
	sync		5000336d
	table		5000336c
OBJ 5000334e (sz=40, trace=300000, class=java.util.concurrent.ConcurrentHashMap$Segment@5000010a)
	sync		50003368
	table		50003367
OBJ 5000334f (sz=40, trace=300000, class=java.util.concurrent.ConcurrentHashMap$Segment@5000010a)
	sync		50003351
	table		50003350
ARR 50003350 (sz=32, trace=300000, nelems=3, elem type=java.util.concurrent.ConcurrentHashMap$HashEntry[]@500000f5)
	[1]		5000335c
	[2]		5000335d
OBJ 50003351 (sz=32, trace=300000, class=java.util.concurrent.locks.ReentrantLock$NonfairSync@50000100)
OBJ 50003352 (sz=32, trace=300000, class=java.lang.String@50000036)
	value		5000335b
OBJ 50003353 (sz=32, trace=300000, class=java.lang.String@50000036)
	value		5000335a
OBJ 50003354 (sz=32, trace=300000, class=java.lang.String@50000036)
	value		50003359
OBJ 50003355 (sz=32, trace=300000, class=java.lang.String@50000036)
	value		50003358
OBJ 50003356 (sz=32, trace=300000, class=java.lang.String@50000036)
	value		50003357
ARR 50003357 (sz=8, trace=300000, nelems=4, elem type=char[])
ARR 50003358 (sz=20, trace=300000, nelems=10, elem type=char[])
ARR 50003359 (sz=8, trace=300000, nelems=4, elem type=char[])
ARR 5000335a (sz=8, trace=300000, nelems=4, elem type=char[])
ARR 5000335b (sz=10, trace=300000, nelems=5, elem type=char[])
OBJ 5000335c (sz=32, trace=300000, class=java.util.concurrent.ConcurrentHashMap$HashEntry@500000f4)
	key		5000331e
	value		50003333
	next		50003361
OBJ 5000335d (sz=32, trace=300000, class=java.util.concurrent.ConcurrentHashMap$HashEntry@500000f4)
	key		5000330c
	value		5000333a
ARR 5000335e (sz=8, trace=300000, nelems=4, elem type=char[])
ARR 5000335f (sz=4, trace=300000, nelems=2, elem type=char[])
ARR 50003360 (sz=0, trace=300000, nelems=0, elem type=char[])
OBJ 50003361 (sz=32, trace=300000, class=java.util.concurrent.ConcurrentHashMap$HashEntry@500000f4)
	key		50003310
	value		50003338
ARR 50003362 (sz=12, trace=300000, nelems=6, elem type=char[])
ARR 50003363 (sz=4, trace=300000, nelems=2, elem type=char[])
ARR 50003364 (sz=4, trace=300000, nelems=2, elem type=char[])
ARR 50003365 (sz=8, trace=300000, nelems=4, elem type=char[])
ARR 50003366 (sz=4, trace=300000, nelems=2, elem type=char[])
ARR 50003367 (sz=24, trace=300000, nelems=2, elem type=java.util.concurrent.ConcurrentHashMap$HashEntry[]@500000f5)
	[1]		50003369
OBJ 50003368 (sz=32, trace=300000, class=java.util.concurrent.locks.ReentrantLock$NonfairSync@50000100)
OBJ 50003369 (sz=32, trace=300000, class=java.util.concurrent.ConcurrentHashMap$HashEntry@500000f4)
	key		50003307
	value		5000333d
ARR 5000336a (sz=8, trace=300000, nelems=4, elem type=char[])
ARR 5000336b (sz=4, trace=300000, nelems=2, elem type=char[])
ARR 5000336c (sz=24, trace=300000, nelems=1, elem type=java.util.concurrent.ConcurrentHashMap$HashEntry[]@500000f5)
	[0]		5000336e
OBJ 5000336d (sz=32, trace=300000, class=java.util.concurrent.locks.ReentrantLock$NonfairSync@50000100)
OBJ 5000336e (sz=32, trace=300000, class=java.util.concurrent.ConcurrentHashMap$HashEntry@500000f4)
	key		50003322
	value		5000332f
ARR 5000336f (sz=12, trace=300000, nelems=6, elem type=char[])
ARR 50003370 (sz=4, trace=300000, nelems=2, elem type=char[])
ARR 50003371 (sz=24, trace=300000, nelems=0, elem type=java.util.concurrent.ConcurrentHashMap$HashEntry[]@500000f5)
OBJ 50003372 (sz=32, trace=300000, class=java.util.concurrent.locks.ReentrantLock$NonfairSync@50000100)
ARR 50003373 (sz=24, trace=300000, nelems=1, elem type=java.util.concurrent.ConcurrentHashMap$HashEntry[]@500000f5)
	[0]		50003375
OBJ 50003374 (sz=32, trace=300000, class=java.util.concurrent.locks.ReentrantLock$NonfairSync@50000100)
OBJ 50003375 (sz=32, trace=300000, class=java.util.concurrent.ConcurrentHashMap$HashEntry@500000f4)
	key		5000331a
	value		50003335
ARR 50003376 (sz=12, trace=300000, nelems=6, elem type=char[])
ARR 50003377 (sz=4, trace=300000, nelems=2, elem type=char[])
ARR 50003378 (sz=4, trace=300000, nelems=2, elem type=char[])
ARR 50003379 (sz=24, trace=300000, nelems=1, elem type=java.util.concurrent.ConcurrentHashMap$HashEntry[]@500000f5)
	[0]		5000337b
OBJ 5000337a (sz=32, trace=300000, class=java.util.concurrent.locks.ReentrantLock$NonfairSync@50000100)
OBJ 5000337b (sz=32, trace=300000, class=java.util.concurrent.ConcurrentHashMap$HashEntry@500000f4)
	key		50003326
	value		5000332d
ARR 5000337c (sz=12, trace=300000, nelems=6, elem type=char[])
ARR 5000337d (sz=4, trace=300000, nelems=2, elem type=char[])
ARR 5000337e (sz=48, trace=300000, nelems=7, elem type=java.util.concurrent.ConcurrentHashMap$HashEntry[]@500000f5)
	[1]		50003380
	[4]		50003381
	[5]		50003382
	[6]		50003383
OBJ 5000337f (sz=32, trace=300000, class=java.util.concurrent.locks.ReentrantLock$NonfairSync@50000100)
OBJ 50003380 (sz=32, trace=300000, class=java.util.concurrent.ConcurrentHashMap$HashEntry@500000f4)
	key		50003329
	value		5000332b
	next		5000338c
OBJ 50003381 (sz=32, trace=300000, class=java.util.concurrent.ConcurrentHashMap$HashEntry@500000f4)
	key		50003316
	value		50003330
OBJ 50003382 (sz=32, trace=300000, class=java.util.concurrent.ConcurrentHashMap$HashEntry@500000f4)
	key		50003318
	value		50003336
OBJ 50003383 (sz=32, trace=300000, class=java.util.concurrent.ConcurrentHashMap$HashEntry@500000f4)
	key		50003324
	value		5000332e
ARR 50003384 (sz=12, trace=300000, nelems=6, elem type=char[])
ARR 50003385 (sz=4, trace=300000, nelems=2, elem type=char[])
ARR 50003386 (sz=12, trace=300000, nelems=6, elem type=char[])
ARR 50003387 (sz=4, trace=300000, nelems=2, elem type=char[])
ARR 50003388 (sz=4, trace=300000, nelems=2, elem type=char[])
ARR 50003389 (sz=12, trace=300000, nelems=6, elem type=char[])
ARR 5000338a (sz=4, trace=300000, nelems=2, elem type=char[])
ARR 5000338b (sz=4, trace=300000, nelems=2, elem type=char[])
OBJ 5000338c (sz=32, trace=300000, class=java.util.concurrent.ConcurrentHashMap$HashEntry@500000f4)
	key		50003314
	value		50003331
ARR 5000338d (sz=4, trace=300000, nelems=2, elem type=char[])
ARR 5000338e (sz=12, trace=300000, nelems=6, elem type=char[])
ARR 5000338f (sz=4, trace=300000, nelems=2, elem type=char[])
ARR 50003390 (sz=24, trace=300000, nelems=0, elem type=java.util.concurrent.ConcurrentHashMap$HashEntry[]@500000f5)
OBJ 50003391 (sz=32, trace=300000, class=java.util.concurrent.locks.ReentrantLock$NonfairSync@50000100)
ARR 50003392 (sz=24, trace=300000, nelems=1, elem type=java.util.concurrent.ConcurrentHashMap$HashEntry[]@500000f5)
	[0]		50003394
OBJ 50003393 (sz=32, trace=300000, class=java.util.concurrent.locks.ReentrantLock$NonfairSync@50000100)
OBJ 50003394 (sz=32, trace=300000, class=java.util.concurrent.ConcurrentHashMap$HashEntry@500000f4)
	key		50003312
	value		50003337
ARR 50003395 (sz=8, trace=300000, nelems=4, elem type=char[])
ARR 50003396 (sz=24, trace=300000, nelems=2, elem type=java.util.concurrent.ConcurrentHashMap$HashEntry[]@500000f5)
	[1]		50003398
OBJ 50003397 (sz=32, trace=300000, class=java.util.concurrent.locks.ReentrantLock$NonfairSync@50000100)
OBJ 50003398 (sz=32, trace=300000, class=java.util.concurrent.ConcurrentHashMap$HashEntry@500000f4)
	key		5000330a
	value		5000333b
ARR 50003399 (sz=8, trace=300000, nelems=4, elem type=char[])
ARR 5000339a (sz=24, trace=300000, nelems=2, elem type=java.util.concurrent.ConcurrentHashMap$HashEntry[]@500000f5)
	[1]		5000339c
OBJ 5000339b (sz=32, trace=300000, class=java.util.concurrent.locks.ReentrantLock$NonfairSync@50000100)
OBJ 5000339c (sz=32, trace=300000, class=java.util.concurrent.ConcurrentHashMap$HashEntry@500000f4)
	key		50003328
	value		5000332c
ARR 5000339d (sz=12, trace=300000, nelems=6, elem type=char[])
ARR 5000339e (sz=24, trace=300000, nelems=2, elem type=java.util.concurrent.ConcurrentHashMap$HashEntry[]@500000f5)
	[0]		500033a0
	[1]		500033a1
OBJ 5000339f (sz=32, trace=300000, class=java.util.concurrent.locks.ReentrantLock$NonfairSync@50000100)
OBJ 500033a0 (sz=32, trace=300000, class=java.util.concurrent.ConcurrentHashMap$HashEntry@500000f4)
	key		5000330e
	value		50003339
OBJ 500033a1 (sz=32, trace=300000, class=java.util.concurrent.ConcurrentHashMap$HashEntry@500000f4)
	key		50003308
	value		5000333c
ARR 500033a2 (sz=8, trace=300000, nelems=4, elem type=char[])
ARR 500033a3 (sz=8, trace=300000, nelems=4, elem type=char[])
ARR 500033a4 (sz=24, trace=300000, nelems=1, elem type=java.util.concurrent.ConcurrentHashMap$HashEntry[]@500000f5)
	[0]		500033a6
OBJ 500033a5 (sz=32, trace=300000, class=java.util.concurrent.locks.ReentrantLock$NonfairSync@50000100)
OBJ 500033a6 (sz=32, trace=300000, class=java.util.concurrent.ConcurrentHashMap$HashEntry@500000f4)
	key		5000331c
	value		50003334
ARR 500033a7 (sz=12, trace=300000, nelems=6, elem type=char[])
ARR 500033a8 (sz=4, trace=300000, nelems=2, elem type=char[])
ARR 500033a9 (sz=24, trace=300000, nelems=1, elem type=java.util.concurrent.ConcurrentHashMap$HashEntry[]@500000f5)
	[0]		500033ab
OBJ 500033aa (sz=32, trace=300000, class=java.util.concurrent.locks.ReentrantLock$NonfairSync@50000100)
OBJ 500033ab (sz=32, trace=300000, class=java.util.concurrent.ConcurrentHashMap$HashEntry@500000f4)
	key		500033ac
	value		5000332a
OBJ 500033ac (sz=32, trace=300000, class=java.lang.String@50000036)
	value		500033ad
ARR 500033ad (sz=12, trace=300000, nelems=6, elem type=char[])
OBJ 500033ae (sz=32, trace=300000, class=java.lang.String@50000036)
	value		500033b1
OBJ 500033af (sz=32, trace=300000, class=java.lang.String@50000036)
	value		500033b0
ARR 500033b0 (sz=4, trace=300000, nelems=2, elem type=char[])
ARR 500033b1 (sz=4, trace=300000, nelems=2, elem type=char[])
ARR 500033b2 (sz=24, trace=300000, nelems=0, elem type=java.util.concurrent.ConcurrentHashMap$HashEntry[]@500000f5)
OBJ 500033b3 (sz=32, trace=300000, class=java.util.concurrent.locks.ReentrantLock$NonfairSync@50000100)
ARR 500033b4 (sz=24, trace=300000, nelems=2, elem type=java.util.concurrent.ConcurrentHashMap$HashEntry[]@500000f5)
	[1]		500033b6
OBJ 500033b5 (sz=32, trace=300000, class=java.util.concurrent.locks.ReentrantLock$NonfairSync@50000100)
OBJ 500033b6 (sz=32, trace=300000, class=java.util.concurrent.ConcurrentHashMap$HashEntry@500000f4)
	key		50003320
	value		50003332
ARR 500033b7 (sz=12, trace=300000, nelems=6, elem type=char[])
ARR 500033b8 (sz=4, trace=300000, nelems=2, elem type=char[])
OBJ 500033b9 (sz=32, trace=300000, class=java.lang.String@50000036)
	value		500033be
OBJ 500033ba (sz=32, trace=300000, class=java.lang.String@50000036)
	value		500033bd
ARR 500033bb (sz=1024, trace=300000, nelems=256, elem type=int[])
ARR 500033bc (sz=4, trace=300000, nelems=2, elem type=char[])
ARR 500033bd (sz=1024, trace=300000, nelems=512, elem type=char[])
ARR 500033be (sz=8, trace=300000, nelems=4, elem type=char[])
ARR 500033bf (sz=4, trace=300000, nelems=2, elem type=char[])
ARR 500033c0 (sz=4, trace=300000, nelems=2, elem type=char[])
ARR 500033c1 (sz=4, trace=300000, nelems=2, elem type=char[])
ARR 500033c2 (sz=24, trace=300000, nelems=12, elem type=char[])
ARR 500033c3 (sz=24, trace=300000, nelems=12, elem type=char[])
ARR 500033c4 (sz=22, trace=300000, nelems=11, elem type=char[])
ARR 500033c5 (sz=26, trace=300000, nelems=13, elem type=char[])
ARR 500033c6 (sz=40, trace=300000, nelems=10, elem type=int[])
OBJ 500033c7 (sz=32, trace=300000, class=java.lang.String@50000036)
	value		50003f14
OBJ 500033c8 (sz=32, trace=300000, class=java.lang.String@50000036)
	value		50003f13
ARR 500033c9 (sz=40, trace=300000, nelems=10, elem type=int[])
ARR 500033ca (sz=200, trace=300000, nelems=100, elem type=char[])
ARR 500033cb (sz=200, trace=300000, nelems=100, elem type=char[])
ARR 500033cc (sz=72, trace=300000, nelems=36, elem type=char[])
ARR 500033cd (sz=32, trace=300000, nelems=16, elem type=char[])
OBJ 500033ce (sz=16, trace=300000, class=java.util.Hashtable$EmptyIterator@500000a6)
OBJ 500033cf (sz=16, trace=300000, class=java.util.Hashtable$EmptyEnumerator@500000ff)
OBJ 500033d0 (sz=32, trace=300000, class=java.lang.String@50000036)
	value		50003f12
OBJ 500033d1 (sz=32, trace=300000, class=java.lang.String@50000036)
	value		50003f11
OBJ 500033d2 (sz=32, trace=300000, class=java.lang.String@50000036)
	value		50003f10
OBJ 500033d3 (sz=16, trace=300000, class=java.lang.Runtime@5000006e)
OBJ 500033d4 (sz=32, trace=300000, class=java.lang.String@50000036)
	value		50003f08
OBJ 500033d5 (sz=32, trace=300000, class=java.lang.String@50000036)
	value		50003f05
OBJ 500033d6 (sz=32, trace=300000, class=java.lang.String@50000036)
	value		50003f04
ARR 500033d7 (sz=24, trace=300000, nelems=1, elem type=java.lang.String[]@50000037)
	[0]		50003f02
ARR 500033d8 (sz=32, trace=300000, nelems=4, elem type=java.lang.String[]@50000037)
	[0]		50003efd
	[1]		50003efe
	[2]		50003eff
	[3]		50003f00
OBJ 500033d9 (sz=32, trace=300000, class=java.util.Stack@50000130)
	elementData	50003efc
OBJ 500033da (sz=32, trace=300000, class=java.util.Vector@50000004)
	elementData	50003efa
OBJ 500033db (sz=32, trace=300000, class=java.util.Vector@50000004)
	elementData	50003ef9
OBJ 500033dc (sz=32, trace=300000, class=java.security.AccessControlContext@50000135)
OBJ 500033dd (sz=32, trace=300000, class=sun.misc.URLClassPath@5000001a)
	path		50003ef4
	urls		50003ef3
	loaders		50003ef2
	lmap		50003ef1
	jarHandler	50003ef0
OBJ 500033de (sz=48, trace=300000, class=java.util.HashMap@500000cb)
	table		50003eef
OBJ 500033df (sz=32, trace=300000, class=java.util.Vector@50000004)
	elementData	50003eee
OBJ 500033e0 (sz=48, trace=300000, class=java.util.HashMap@500000cb)
	table		50003eed
OBJ 500033e1 (sz=16, trace=300000, class=java.util.HashSet@500000d6)
	map		50003eeb
OBJ 500033e2 (sz=32, trace=300000, class=java.util.Vector@50000004)
	elementData	50003ede
OBJ 500033e3 (sz=48, trace=300000, class=java.util.Hashtable@50000033)
	table		50003edd
OBJ 500033e4 (sz=80, trace=300000, class=sun.misc.Launcher$ExtClassLoader@50000110)
	package2certs	500033ed
	classes		500033ec
	domains		500033eb
	packages	500033ea
	nativeLibraries	500033e9
	pdcache		500033e8
	ucp		500033e7
	acc		500033e6
	dirs		500033e5
ARR 500033e5 (sz=32, trace=300000, nelems=3, elem type=java.io.File[]@500000b9)
	[0]		50003e83
	[1]		50003e84
	[2]		50003e85
OBJ 500033e6 (sz=32, trace=300000, class=java.security.AccessControlContext@50000135)
OBJ 500033e7 (sz=32, trace=300000, class=sun.misc.URLClassPath@5000001a)
	path		500033fa
	urls		500033f9
	loaders		500033f8
	lmap		500033f7
	jarHandler	500033f6
OBJ 500033e8 (sz=48, trace=300000, class=java.util.HashMap@500000cb)
	table		500033f5
OBJ 500033e9 (sz=32, trace=300000, class=java.util.Vector@50000004)
	elementData	500033f4
OBJ 500033ea (sz=48, trace=300000, class=java.util.HashMap@500000cb)
	table		500033f3
OBJ 500033eb (sz=16, trace=300000, class=java.util.HashSet@500000d6)
	map		500033f0
OBJ 500033ec (sz=32, trace=300000, class=java.util.Vector@50000004)
	elementData	500033ef
OBJ 500033ed (sz=48, trace=300000, class=java.util.Hashtable@50000033)
	table		500033ee
ARR 500033ee (sz=64, trace=300000, nelems=0, elem type=java.util.Hashtable$Entry[]@500000fe)
ARR 500033ef (sz=56, trace=300000, nelems=0, elem type=java.lang.Object[]@500000ac)
OBJ 500033f0 (sz=48, trace=300000, class=java.util.HashMap@500000cb)
	table		500033f1
ARR 500033f1 (sz=80, trace=300000, nelems=0, elem type=java.util.HashMap$Entry[]@50000054)
OBJ 500033f2 (sz=16, trace=300000, class=java.lang.Object@500000ab)
ARR 500033f3 (sz=80, trace=300000, nelems=0, elem type=java.util.HashMap$Entry[]@50000054)
ARR 500033f4 (sz=56, trace=300000, nelems=0, elem type=java.lang.Object[]@500000ac)
ARR 500033f5 (sz=80, trace=300000, nelems=0, elem type=java.util.HashMap$Entry[]@50000054)
OBJ 500033f6 (sz=16, trace=300000, class=sun.net.www.protocol.jar.Handler@500000b3)
OBJ 500033f7 (sz=48, trace=300000, class=java.util.HashMap@500000cb)
	table		50002b85
OBJ 500033f8 (sz=24, trace=300000, class=java.util.ArrayList@5000011e)
	elementData	50002c64
OBJ 500033f9 (sz=32, trace=300000, class=java.util.Stack@50000130)
	elementData	5000357c
OBJ 500033fa (sz=24, trace=300000, class=java.util.ArrayList@5000011e)
	elementData	500033fb
ARR 500033fb (sz=120, trace=300000, nelems=24, elem type=java.lang.Object[]@500000ac)
	[0]		500033fc
	[1]		500033fd
	[2]		500033fe
	[3]		500033ff
	[4]		50003400
	[5]		50003401
	[6]		50003402
	[7]		50003403
	[8]		50003404
	[9]		50003405
	[10]		50003406
	[11]		50003407
	[12]		50003408
	[13]		50003409
	[14]		5000340a
	[15]		5000340b
	[16]		5000340c
	[17]		5000340d
	[18]		5000340e
	[19]		5000340f
	[20]		50003410
	[21]		50003411
	[22]		50003412
	[23]		50003413
OBJ 500033fc (sz=64, trace=300000, class=java.net.URL@50000050)
	protocol	50003416
	host		500032b6
	file		5000357a
	authority	500032b6
	path		5000357a
	handler		50003414
OBJ 500033fd (sz=64, trace=300000, class=java.net.URL@50000050)
	protocol	50003416
	host		500032b6
	file		50003578
	authority	500032b6
	path		50003578
	handler		50003414
OBJ 500033fe (sz=64, trace=300000, class=java.net.URL@50000050)
	protocol	50003416
	host		500032b6
	file		50003576
	authority	500032b6
	path		50003576
	handler		50003414
OBJ 500033ff (sz=64, trace=300000, class=java.net.URL@50000050)
	protocol	50003416
	host		500032b6
	file		50003574
	authority	500032b6
	path		50003574
	handler		50003414
OBJ 50003400 (sz=64, trace=300000, class=java.net.URL@50000050)
	protocol	50003416
	host		500032b6
	file		50003572
	authority	500032b6
	path		50003572
	handler		50003414
OBJ 50003401 (sz=64, trace=300000, class=java.net.URL@50000050)
	protocol	50003416
	host		500032b6
	file		50003570
	authority	500032b6
	path		50003570
	handler		50003414
OBJ 50003402 (sz=64, trace=300000, class=java.net.URL@50000050)
	protocol	50003416
	host		500032b6
	file		5000356e
	authority	500032b6
	path		5000356e
	handler		50003414
OBJ 50003403 (sz=64, trace=300000, class=java.net.URL@50000050)
	protocol	50003416
	host		500032b6
	file		5000356c
	authority	500032b6
	path		5000356c
	handler		50003414
OBJ 50003404 (sz=64, trace=300000, class=java.net.URL@50000050)
	protocol	50003416
	host		500032b6
	file		5000356a
	authority	500032b6
	path		5000356a
	handler		50003414
OBJ 50003405 (sz=64, trace=300000, class=java.net.URL@50000050)
	protocol	50003416
	host		500032b6
	file		50003568
	authority	500032b6
	path		50003568
	handler		50003414
OBJ 50003406 (sz=64, trace=300000, class=java.net.URL@50000050)
	protocol	50003416
	host		500032b6
	file		50003566
	authority	500032b6
	path		50003566
	handler		50003414
OBJ 50003407 (sz=64, trace=300000, class=java.net.URL@50000050)
	protocol	50003416
	host		500032b6
	file		50003564
	authority	500032b6
	path		50003564
	handler		50003414
OBJ 50003408 (sz=64, trace=300000, class=java.net.URL@50000050)
	protocol	50003416
	host		500032b6
	file		50003562
	authority	500032b6
	path		50003562
	handler		50003414
OBJ 50003409 (sz=64, trace=300000, class=java.net.URL@50000050)
	protocol	50003416
	host		500032b6
	file		50003560
	authority	500032b6
	path		50003560
	handler		50003414
OBJ 5000340a (sz=64, trace=300000, class=java.net.URL@50000050)
	protocol	50003416
	host		500032b6
	file		5000355e
	authority	500032b6
	path		5000355e
	handler		50003414
OBJ 5000340b (sz=64, trace=300000, class=java.net.URL@50000050)
	protocol	50003416
	host		500032b6
	file		5000355c
	authority	500032b6
	path		5000355c
	handler		50003414
OBJ 5000340c (sz=64, trace=300000, class=java.net.URL@50000050)
	protocol	50003416
	host		500032b6
	file		5000355a
	authority	500032b6
	path		5000355a
	handler		50003414
OBJ 5000340d (sz=64, trace=300000, class=java.net.URL@50000050)
	protocol	50003416
	host		500032b6
	file		50003558
	authority	500032b6
	path		50003558
	handler		50003414
OBJ 5000340e (sz=64, trace=300000, class=java.net.URL@50000050)
	protocol	50003416
	host		500032b6
	file		50003556
	authority	500032b6
	path		50003556
	handler		50003414
OBJ 5000340f (sz=64, trace=300000, class=java.net.URL@50000050)
	protocol	50003416
	host		500032b6
	file		50003554
	authority	500032b6
	path		50003554
	handler		50003414
OBJ 50003410 (sz=64, trace=300000, class=java.net.URL@50000050)
	protocol	50003416
	host		500032b6
	file		50003552
	authority	500032b6
	path		50003552
	handler		50003414
OBJ 50003411 (sz=64, trace=300000, class=java.net.URL@50000050)
	protocol	50003416
	host		500032b6
	file		50003550
	authority	500032b6
	path		50003550
	handler		50003414
OBJ 50003412 (sz=64, trace=300000, class=java.net.URL@50000050)
	protocol	50003416
	host		500032b6
	file		5000354e
	authority	500032b6
	path		5000354e
	handler		50003414
OBJ 50003413 (sz=64, trace=300000, class=java.net.URL@50000050)
	protocol	50003416
	host		500032b6
	file		50003415
	authority	500032b6
	path		50003415
	handler		50003414
OBJ 50003414 (sz=16, trace=300000, class=sun.net.www.protocol.file.Handler@500000f6)
OBJ 50003415 (sz=32, trace=300000, class=java.lang.String@50000036)
	value		50003418
OBJ 50003416 (sz=32, trace=300000, class=java.lang.String@50000036)
	value		50003417
ARR 50003417 (sz=8, trace=300000, nelems=4, elem type=char[])
ARR 50003418 (sz=172, trace=300000, nelems=86, elem type=char[])
OBJ 50003419 (sz=32, trace=300000, class=java.lang.String@50000036)
	value		5000354d
OBJ 5000341a (sz=32, trace=300000, class=java.lang.String@50000036)
	value		500034f7
OBJ 5000341b (sz=32, trace=300000, class=java.lang.String@50000036)
	value		500034f6
OBJ 5000341c (sz=32, trace=300000, class=java.lang.String@50000036)
	value		500034f5
OBJ 5000341d (sz=32, trace=300000, class=java.lang.String@50000036)
	value		500034f4
OBJ 5000341e (sz=32, trace=300000, class=java.lang.String@50000036)
	value		500034f3
OBJ 5000341f (sz=32, trace=300000, class=java.lang.String@50000036)
	value		500034f2
OBJ 50003420 (sz=32, trace=300000, class=java.lang.String@50000036)
	value		500034f1
OBJ 50003421 (sz=32, trace=300000, class=java.lang.String@50000036)
	value		500034f0
ARR 50003422 (sz=32, trace=300000, nelems=16, elem type=char[])
OBJ 50003423 (sz=24, trace=300000, class=java.util.BitSet@500000a9)
	words		50003424
ARR 50003424 (sz=32, trace=300000, nelems=4, elem type=long[])
OBJ 50003425 (sz=32, trace=300000, class=java.lang.String@50000036)
	value		50003429
ARR 50003426 (sz=24, trace=300000, nelems=1, elem type=java.io.ObjectStreamField[]@50000030)
	[0]		50003427
OBJ 50003427 (sz=40, trace=300000, class=java.io.ObjectStreamField@5000002f)
	name		50003425
	signature	50003428
	type		5000014d
OBJ 50003428 (sz=32, trace=300000, class=java.lang.String@50000036)
	value		5000342a
ARR 50003429 (sz=8, trace=300000, nelems=4, elem type=char[])
ARR 5000342a (sz=4, trace=300000, nelems=2, elem type=char[])
OBJ 5000342b (sz=32, trace=300000, class=java.lang.String@50000036)
	value		500034ef
OBJ 5000342c (sz=32, trace=300000, class=java.lang.String@50000036)
	value		500034ee
OBJ 5000342d (sz=32, trace=300000, class=java.io.UnixFileSystem@50000103)
	javaHome	500032f8
	cache		5000342f
	javaHomePrefixCache	5000342e
OBJ 5000342e (sz=40, trace=300000, class=java.io.ExpiringCache@50000139)
	map		500034d1
OBJ 5000342f (sz=40, trace=300000, class=java.io.ExpiringCache@50000139)
	map		50003430
OBJ 50003430 (sz=56, trace=300000, class=java.io.ExpiringCache$1@50000076)
	table		50003432
	header		50003431
	this$0		5000342f
OBJ 50003431 (sz=40, trace=300000, class=java.util.LinkedHashMap$Entry@500000a3)
	before		50002d16
	after		50003487
ARR 50003432 (sz=272, trace=300000, nelems=59, elem type=java.util.HashMap$Entry[]@50000054)
	[4]		50003433
	[6]		50003434
	[7]		50003435
	[8]		50003436
	[9]		50003437
	[15]		50003438
	[16]		50003439
	[17]		5000343a
	[21]		5000343b
	[26]		5000343c
	[27]		5000343d
	[32]		5000343e
	[38]		5000343f
	[39]		50003440
	[43]		50003441
	[44]		50003442
	[54]		50002d16
	[58]		50003443
OBJ 50003433 (sz=40, trace=300000, class=java.util.LinkedHashMap$Entry@500000a3)
	key		50003468
	value		50003467
	before		50003466
	after		5000345b
OBJ 50003434 (sz=40, trace=300000, class=java.util.LinkedHashMap$Entry@500000a3)
	key		50003489
	value		50003488
	before		50003487
	after		5000347c
OBJ 50003435 (sz=40, trace=300000, class=java.util.LinkedHashMap$Entry@500000a3)
	key		500034b9
	value		500034b8
	next		50003444
	before		500034a8
	after		5000343e
OBJ 50003436 (sz=40, trace=300000, class=java.util.LinkedHashMap$Entry@500000a3)
	key		500034cd
	value		500034cc
	before		50003439
	after		5000344a
OBJ 50003437 (sz=40, trace=300000, class=java.util.LinkedHashMap$Entry@500000a3)
	key		500034c3
	value		500034c2
	before		50003442
	after		50003439
OBJ 50003438 (sz=40, trace=300000, class=java.util.LinkedHashMap$Entry@500000a3)
	key		5000347e
	value		5000347d
	before		5000347c
	after		50003471
OBJ 50003439 (sz=40, trace=300000, class=java.util.LinkedHashMap$Entry@500000a3)
	key		500034c8
	value		500034c7
	next		50003466
	before		50003437
	after		50003436
OBJ 5000343a (sz=40, trace=300000, class=java.util.LinkedHashMap$Entry@500000a3)
	key		50003495
	value		50003494
	before		5000343c
	after		50002d16
OBJ 5000343b (sz=40, trace=300000, class=java.util.LinkedHashMap$Entry@500000a3)
	key		5000344c
	value		5000344b
	next		5000344a
	before		5000344a
	after		50003443
OBJ 5000343c (sz=40, trace=300000, class=java.util.LinkedHashMap$Entry@500000a3)
	key		5000349a
	value		50003499
	before		5000343d
	after		5000343a
OBJ 5000343d (sz=40, trace=300000, class=java.util.LinkedHashMap$Entry@500000a3)
	key		5000349f
	value		5000349e
	next		5000347c
	before		50003441
	after		5000343c
OBJ 5000343e (sz=40, trace=300000, class=java.util.LinkedHashMap$Entry@500000a3)
	key		500034aa
	value		500034a9
	next		500034a8
	before		50003435
	after		50003441
OBJ 5000343f (sz=40, trace=300000, class=java.util.LinkedHashMap$Entry@500000a3)
	key		5000345d
	value		5000345c
	before		5000345b
	after		50003450
OBJ 50003440 (sz=40, trace=300000, class=java.util.LinkedHashMap$Entry@500000a3)
	key		50003473
	value		50003472
	before		50003471
	after		50003466
OBJ 50003441 (sz=40, trace=300000, class=java.util.LinkedHashMap$Entry@500000a3)
	key		500034a4
	value		500034a3
	next		5000345b
	before		5000343e
	after		5000343d
OBJ 50003442 (sz=40, trace=300000, class=java.util.LinkedHashMap$Entry@500000a3)
	key		500034be
	value		500034bd
	next		50003487
	before		50003450
	after		50003437
OBJ 50003443 (sz=40, trace=300000, class=java.util.LinkedHashMap$Entry@500000a3)
	key		50003446
	value		50003445
	before		5000343b
	after		50003444
OBJ 50003444 (sz=40, trace=300000, class=java.util.LinkedHashMap$Entry@500000a3)
	key		500034b4
	value		500034b3
	before		50003443
	after		500034a8
OBJ 50003445 (sz=24, trace=300000, class=java.io.ExpiringCache$Entry@50000005)
	val		50003448
OBJ 50003446 (sz=32, trace=300000, class=java.lang.String@50000036)
	value		50003447
ARR 50003447 (sz=92, trace=300000, nelems=46, elem type=char[])
OBJ 50003448 (sz=32, trace=300000, class=java.lang.String@50000036)
	value		50003449
ARR 50003449 (sz=92, trace=300000, nelems=46, elem type=char[])
OBJ 5000344a (sz=40, trace=300000, class=java.util.LinkedHashMap$Entry@500000a3)
	key		50003452
	value		50003451
	next		50003450
	before		50003436
	after		5000343b
OBJ 5000344b (sz=24, trace=300000, class=java.io.ExpiringCache$Entry@50000005)
	val		5000344e
OBJ 5000344c (sz=32, trace=300000, class=java.lang.String@50000036)
	value		5000344d
ARR 5000344d (sz=102, trace=300000, nelems=51, elem type=char[])
OBJ 5000344e (sz=32, trace=300000, class=java.lang.String@50000036)
	value		5000344f
ARR 5000344f (sz=102, trace=300000, nelems=51, elem type=char[])
OBJ 50003450 (sz=40, trace=300000, class=java.util.LinkedHashMap$Entry@500000a3)
	key		50003457
	value		50003456
	before		5000343f
	after		50003442
OBJ 50003451 (sz=24, trace=300000, class=java.io.ExpiringCache$Entry@50000005)
	val		50003454
OBJ 50003452 (sz=32, trace=300000, class=java.lang.String@50000036)
	value		50003453
ARR 50003453 (sz=102, trace=300000, nelems=51, elem type=char[])
OBJ 50003454 (sz=32, trace=300000, class=java.lang.String@50000036)
	value		50003455
ARR 50003455 (sz=102, trace=300000, nelems=51, elem type=char[])
OBJ 50003456 (sz=24, trace=300000, class=java.io.ExpiringCache$Entry@50000005)
	val		50003459
OBJ 50003457 (sz=32, trace=300000, class=java.lang.String@50000036)
	value		50003458
ARR 50003458 (sz=118, trace=300000, nelems=59, elem type=char[])
OBJ 50003459 (sz=32, trace=300000, class=java.lang.String@50000036)
	value		5000345a
ARR 5000345a (sz=118, trace=300000, nelems=59, elem type=char[])
OBJ 5000345b (sz=40, trace=300000, class=java.util.LinkedHashMap$Entry@500000a3)
	key		50003462
	value		50003461
	before		50003433
	after		5000343f
OBJ 5000345c (sz=24, trace=300000, class=java.io.ExpiringCache$Entry@50000005)
	val		5000345f
OBJ 5000345d (sz=32, trace=300000, class=java.lang.String@50000036)
	value		5000345e
ARR 5000345e (sz=88, trace=300000, nelems=44, elem type=char[])
OBJ 5000345f (sz=32, trace=300000, class=java.lang.String@50000036)
	value		50003460
ARR 50003460 (sz=88, trace=300000, nelems=44, elem type=char[])
OBJ 50003461 (sz=24, trace=300000, class=java.io.ExpiringCache$Entry@50000005)
	val		50003464
OBJ 50003462 (sz=32, trace=300000, class=java.lang.String@50000036)
	value		50003463
ARR 50003463 (sz=90, trace=300000, nelems=45, elem type=char[])
OBJ 50003464 (sz=32, trace=300000, class=java.lang.String@50000036)
	value		50003465
ARR 50003465 (sz=90, trace=300000, nelems=45, elem type=char[])
OBJ 50003466 (sz=40, trace=300000, class=java.util.LinkedHashMap$Entry@500000a3)
	key		5000346d
	value		5000346c
	before		50003440
	after		50003433
OBJ 50003467 (sz=24, trace=300000, class=java.io.ExpiringCache$Entry@50000005)
	val		5000346a
OBJ 50003468 (sz=32, trace=300000, class=java.lang.String@50000036)
	value		50003469
ARR 50003469 (sz=88, trace=300000, nelems=44, elem type=char[])
OBJ 5000346a (sz=32, trace=300000, class=java.lang.String@50000036)
	value		5000346b
ARR 5000346b (sz=88, trace=300000, nelems=44, elem type=char[])
OBJ 5000346c (sz=24, trace=300000, class=java.io.ExpiringCache$Entry@50000005)
	val		5000346f
OBJ 5000346d (sz=32, trace=300000, class=java.lang.String@50000036)
	value		5000346e
ARR 5000346e (sz=86, trace=300000, nelems=43, elem type=char[])
OBJ 5000346f (sz=32, trace=300000, class=java.lang.String@50000036)
	value		50003470
ARR 50003470 (sz=86, trace=300000, nelems=43, elem type=char[])
OBJ 50003471 (sz=40, trace=300000, class=java.util.LinkedHashMap$Entry@500000a3)
	key		50003478
	value		50003477
	before		50003438
	after		50003440
OBJ 50003472 (sz=24, trace=300000, class=java.io.ExpiringCache$Entry@50000005)
	val		50003475
OBJ 50003473 (sz=32, trace=300000, class=java.lang.String@50000036)
	value		50003474
ARR 50003474 (sz=88, trace=300000, nelems=44, elem type=char[])
OBJ 50003475 (sz=32, trace=300000, class=java.lang.String@50000036)
	value		50003476
ARR 50003476 (sz=88, trace=300000, nelems=44, elem type=char[])
OBJ 50003477 (sz=24, trace=300000, class=java.io.ExpiringCache$Entry@50000005)
	val		5000347a
OBJ 50003478 (sz=32, trace=300000, class=java.lang.String@50000036)
	value		50003479
ARR 50003479 (sz=84, trace=300000, nelems=42, elem type=char[])
OBJ 5000347a (sz=32, trace=300000, class=java.lang.String@50000036)
	value		5000347b
ARR 5000347b (sz=84, trace=300000, nelems=42, elem type=char[])
OBJ 5000347c (sz=40, trace=300000, class=java.util.LinkedHashMap$Entry@500000a3)
	key		50003483
	value		50003482
	before		50003434
	after		50003438
OBJ 5000347d (sz=24, trace=300000, class=java.io.ExpiringCache$Entry@50000005)
	val		50003480
OBJ 5000347e (sz=32, trace=300000, class=java.lang.String@50000036)
	value		5000347f
ARR 5000347f (sz=106, trace=300000, nelems=53, elem type=char[])
OBJ 50003480 (sz=32, trace=300000, class=java.lang.String@50000036)
	value		50003481
ARR 50003481 (sz=106, trace=300000, nelems=53, elem type=char[])
OBJ 50003482 (sz=24, trace=300000, class=java.io.ExpiringCache$Entry@50000005)
	val		50003485
OBJ 50003483 (sz=32, trace=300000, class=java.lang.String@50000036)
	value		50003484
ARR 50003484 (sz=74, trace=300000, nelems=37, elem type=char[])
OBJ 50003485 (sz=32, trace=300000, class=java.lang.String@50000036)
	value		50003486
ARR 50003486 (sz=74, trace=300000, nelems=37, elem type=char[])
OBJ 50003487 (sz=40, trace=300000, class=java.util.LinkedHashMap$Entry@500000a3)
	key		5000348e
	value		5000348d
	before		50003431
	after		50003434
OBJ 50003488 (sz=24, trace=300000, class=java.io.ExpiringCache$Entry@50000005)
	val		5000348b
OBJ 50003489 (sz=32, trace=300000, class=java.lang.String@50000036)
	value		5000348a
ARR 5000348a (sz=90, trace=300000, nelems=45, elem type=char[])
OBJ 5000348b (sz=32, trace=300000, class=java.lang.String@50000036)
	value		5000348c
ARR 5000348c (sz=90, trace=300000, nelems=45, elem type=char[])
OBJ 5000348d (sz=24, trace=300000, class=java.io.ExpiringCache$Entry@50000005)
	val		50003490
OBJ 5000348e (sz=32, trace=300000, class=java.lang.String@50000036)
	value		5000348f
ARR 5000348f (sz=166, trace=300000, nelems=83, elem type=char[])
OBJ 50003490 (sz=32, trace=300000, class=java.lang.String@50000036)
	value		50003491
ARR 50003491 (sz=166, trace=300000, nelems=83, elem type=char[])
OBJ 50003492 (sz=32, trace=300000, class=java.lang.String@50000036)
	value		50003493
ARR 50003493 (sz=74, trace=300000, nelems=37, elem type=char[])
OBJ 50003494 (sz=24, trace=300000, class=java.io.ExpiringCache$Entry@50000005)
	val		50003497
OBJ 50003495 (sz=32, trace=300000, class=java.lang.String@50000036)
	value		50003496
ARR 50003496 (sz=70, trace=300000, nelems=35, elem type=char[])
OBJ 50003497 (sz=32, trace=300000, class=java.lang.String@50000036)
	value		50003498
ARR 50003498 (sz=70, trace=300000, nelems=35, elem type=char[])
OBJ 50003499 (sz=24, trace=300000, class=java.io.ExpiringCache$Entry@50000005)
	val		5000349c
OBJ 5000349a (sz=32, trace=300000, class=java.lang.String@50000036)
	value		5000349b
ARR 5000349b (sz=172, trace=300000, nelems=86, elem type=char[])
OBJ 5000349c (sz=32, trace=300000, class=java.lang.String@50000036)
	value		5000349d
ARR 5000349d (sz=172, trace=300000, nelems=86, elem type=char[])
OBJ 5000349e (sz=24, trace=300000, class=java.io.ExpiringCache$Entry@50000005)
	val		500034a1
OBJ 5000349f (sz=32, trace=300000, class=java.lang.String@50000036)
	value		500034a0
ARR 500034a0 (sz=184, trace=300000, nelems=92, elem type=char[])
OBJ 500034a1 (sz=32, trace=300000, class=java.lang.String@50000036)
	value		500034a2
ARR 500034a2 (sz=184, trace=300000, nelems=92, elem type=char[])
OBJ 500034a3 (sz=24, trace=300000, class=java.io.ExpiringCache$Entry@50000005)
	val		500034a6
OBJ 500034a4 (sz=32, trace=300000, class=java.lang.String@50000036)
	value		500034a5
ARR 500034a5 (sz=174, trace=300000, nelems=87, elem type=char[])
OBJ 500034a6 (sz=32, trace=300000, class=java.lang.String@50000036)
	value		500034a7
ARR 500034a7 (sz=174, trace=300000, nelems=87, elem type=char[])
OBJ 500034a8 (sz=40, trace=300000, class=java.util.LinkedHashMap$Entry@500000a3)
	key		500034af
	value		500034ae
	next		50003471
	before		50003444
	after		50003435
OBJ 500034a9 (sz=24, trace=300000, class=java.io.ExpiringCache$Entry@50000005)
	val		500034ac
OBJ 500034aa (sz=32, trace=300000, class=java.lang.String@50000036)
	value		500034ab
ARR 500034ab (sz=164, trace=300000, nelems=82, elem type=char[])
OBJ 500034ac (sz=32, trace=300000, class=java.lang.String@50000036)
	value		500034ad
ARR 500034ad (sz=164, trace=300000, nelems=82, elem type=char[])
OBJ 500034ae (sz=24, trace=300000, class=java.io.ExpiringCache$Entry@50000005)
	val		500034b1
OBJ 500034af (sz=32, trace=300000, class=java.lang.String@50000036)
	value		500034b0
ARR 500034b0 (sz=86, trace=300000, nelems=43, elem type=char[])
OBJ 500034b1 (sz=32, trace=300000, class=java.lang.String@50000036)
	value		500034b2
ARR 500034b2 (sz=86, trace=300000, nelems=43, elem type=char[])
OBJ 500034b3 (sz=24, trace=300000, class=java.io.ExpiringCache$Entry@50000005)
	val		500034b6
OBJ 500034b4 (sz=32, trace=300000, class=java.lang.String@50000036)
	value		500034b5
ARR 500034b5 (sz=84, trace=300000, nelems=42, elem type=char[])
OBJ 500034b6 (sz=32, trace=300000, class=java.lang.String@50000036)
	value		500034b7
ARR 500034b7 (sz=84, trace=300000, nelems=42, elem type=char[])
OBJ 500034b8 (sz=24, trace=300000, class=java.io.ExpiringCache$Entry@50000005)
	val		500034bb
OBJ 500034b9 (sz=32, trace=300000, class=java.lang.String@50000036)
	value		500034ba
ARR 500034ba (sz=182, trace=300000, nelems=91, elem type=char[])
OBJ 500034bb (sz=32, trace=300000, class=java.lang.String@50000036)
	value		500034bc
ARR 500034bc (sz=182, trace=300000, nelems=91, elem type=char[])
OBJ 500034bd (sz=24, trace=300000, class=java.io.ExpiringCache$Entry@50000005)
	val		500034c0
OBJ 500034be (sz=32, trace=300000, class=java.lang.String@50000036)
	value		500034bf
ARR 500034bf (sz=90, trace=300000, nelems=45, elem type=char[])
OBJ 500034c0 (sz=32, trace=300000, class=java.lang.String@50000036)
	value		500034c1
ARR 500034c1 (sz=90, trace=300000, nelems=45, elem type=char[])
OBJ 500034c2 (sz=24, trace=300000, class=java.io.ExpiringCache$Entry@50000005)
	val		500034c5
OBJ 500034c3 (sz=32, trace=300000, class=java.lang.String@50000036)
	value		500034c4
ARR 500034c4 (sz=100, trace=300000, nelems=50, elem type=char[])
OBJ 500034c5 (sz=32, trace=300000, class=java.lang.String@50000036)
	value		500034c6
ARR 500034c6 (sz=100, trace=300000, nelems=50, elem type=char[])
OBJ 500034c7 (sz=24, trace=300000, class=java.io.ExpiringCache$Entry@50000005)
	val		500034ca
OBJ 500034c8 (sz=32, trace=300000, class=java.lang.String@50000036)
	value		500034c9
ARR 500034c9 (sz=100, trace=300000, nelems=50, elem type=char[])
OBJ 500034ca (sz=32, trace=300000, class=java.lang.String@50000036)
	value		500034cb
ARR 500034cb (sz=100, trace=300000, nelems=50, elem type=char[])
OBJ 500034cc (sz=24, trace=300000, class=java.io.ExpiringCache$Entry@50000005)
	val		500034cf
OBJ 500034cd (sz=32, trace=300000, class=java.lang.String@50000036)
	value		500034ce
ARR 500034ce (sz=100, trace=300000, nelems=50, elem type=char[])
OBJ 500034cf (sz=32, trace=300000, class=java.lang.String@50000036)
	value		500034d0
ARR 500034d0 (sz=100, trace=300000, nelems=50, elem type=char[])
OBJ 500034d1 (sz=56, trace=300000, class=java.io.ExpiringCache$1@50000076)
	table		500034d3
	header		500034d2
	this$0		5000342e
OBJ 500034d2 (sz=40, trace=300000, class=java.util.LinkedHashMap$Entry@500000a3)
	before		500034d4
	after		500034d4
ARR 500034d3 (sz=80, trace=300000, nelems=13, elem type=java.util.HashMap$Entry[]@50000054)
	[12]		500034d4
OBJ 500034d4 (sz=40, trace=300000, class=java.util.LinkedHashMap$Entry@500000a3)
	key		500034d6
	value		500034d5
	before		500034d2
	after		500034d2
OBJ 500034d5 (sz=24, trace=300000, class=java.io.ExpiringCache$Entry@50000005)
	val		500034d7
OBJ 500034d6 (sz=32, trace=300000, class=java.lang.String@50000036)
	value		500034ba
OBJ 500034d7 (sz=32, trace=300000, class=java.lang.String@50000036)
	value		500034bc
OBJ 500034d8 (sz=32, trace=300000, class=java.lang.String@50000036)
	value		500034ed
OBJ 500034d9 (sz=32, trace=300000, class=java.lang.String@50000036)
	value		500034ec
OBJ 500034da (sz=32, trace=300000, class=java.lang.String@50000036)
	value		500034df
OBJ 500034db (sz=32, trace=300000, class=java.lang.String@50000036)
	value		500034de
OBJ 500034dc (sz=32, trace=300000, class=java.lang.String@50000036)
	value		500034dd
ARR 500034dd (sz=52, trace=300000, nelems=26, elem type=char[])
ARR 500034de (sz=42, trace=300000, nelems=21, elem type=char[])
ARR 500034df (sz=16, trace=300000, nelems=8, elem type=char[])
OBJ 500034e0 (sz=32, trace=300000, class=java.lang.String@50000036)
	value		500034e6
OBJ 500034e1 (sz=32, trace=300000, class=java.lang.String@50000036)
	value		500034e3
OBJ 500034e2 (sz=32, trace=300000, class=java.lang.String@50000036)
	value		500034e4
ARR 500034e3 (sz=12, trace=300000, nelems=6, elem type=char[])
ARR 500034e4 (sz=2, trace=300000, nelems=1, elem type=char[])
OBJ 500034e5 (sz=32, trace=300000, class=java.lang.String@50000036)
	value		500034e7
ARR 500034e6 (sz=10, trace=300000, nelems=5, elem type=char[])
ARR 500034e7 (sz=2, trace=300000, nelems=1, elem type=char[])
OBJ 500034e8 (sz=32, trace=300000, class=java.lang.String@50000036)
	value		500034ea
ARR 500034e9 (sz=10, trace=300000, nelems=5, elem type=char[])
ARR 500034ea (sz=4, trace=300000, nelems=2, elem type=char[])
ARR 500034eb (sz=18, trace=300000, nelems=9, elem type=char[])
ARR 500034ec (sz=28, trace=300000, nelems=14, elem type=char[])
ARR 500034ed (sz=28, trace=300000, nelems=14, elem type=char[])
ARR 500034ee (sz=2, trace=300000, nelems=1, elem type=char[])
ARR 500034ef (sz=2, trace=300000, nelems=1, elem type=char[])
ARR 500034f0 (sz=10, trace=300000, nelems=5, elem type=char[])
ARR 500034f1 (sz=16, trace=300000, nelems=8, elem type=char[])
ARR 500034f2 (sz=14, trace=300000, nelems=7, elem type=char[])
ARR 500034f3 (sz=4, trace=300000, nelems=2, elem type=char[])
ARR 500034f4 (sz=14, trace=300000, nelems=7, elem type=char[])
ARR 500034f5 (sz=2, trace=300000, nelems=1, elem type=char[])
ARR 500034f6 (sz=24, trace=300000, nelems=12, elem type=char[])
ARR 500034f7 (sz=18, trace=300000, nelems=9, elem type=char[])
OBJ 500034f8 (sz=32, trace=300000, class=java.lang.String@50000036)
	value		50003515
OBJ 500034f9 (sz=32, trace=300000, class=java.lang.String@50000036)
	value		50003500
OBJ 500034fa (sz=32, trace=300000, class=java.lang.String@50000036)
	value		50003508
OBJ 500034fb (sz=32, trace=300000, class=java.lang.String@50000036)
	value		50003507
OBJ 500034fc (sz=32, trace=300000, class=java.lang.String@50000036)
	value		50003504
OBJ 500034fd (sz=32, trace=300000, class=java.lang.String@50000036)
	value		50003503
OBJ 500034fe (sz=16, trace=300000, class=java.lang.Object@500000ab)
OBJ 500034ff (sz=48, trace=300000, class=java.util.Hashtable@50000033)
	table		50003501
ARR 50003500 (sz=52, trace=300000, nelems=26, elem type=char[])
ARR 50003501 (sz=64, trace=300000, nelems=7, elem type=java.util.Hashtable$Entry[]@500000fe)
	[6]		50003502
OBJ 50003502 (sz=32, trace=300000, class=java.util.Hashtable$Entry@500000fd)
	key		50003416
	value		50003414
ARR 50003503 (sz=16, trace=300000, nelems=8, elem type=char[])
ARR 50003504 (sz=2, trace=300000, nelems=1, elem type=char[])
OBJ 50003505 (sz=32, trace=300000, class=java.lang.String@50000036)
	value		50003506
ARR 50003506 (sz=10, trace=300000, nelems=5, elem type=char[])
ARR 50003507 (sz=40, trace=300000, nelems=20, elem type=char[])
ARR 50003508 (sz=2, trace=300000, nelems=1, elem type=char[])
OBJ 50003509 (sz=32, trace=300000, class=java.lang.String@50000036)
	value		50003514
OBJ 5000350a (sz=32, trace=300000, class=java.lang.String@50000036)
	value		50003513
OBJ 5000350b (sz=32, trace=300000, class=java.lang.String@50000036)
	value		50003512
OBJ 5000350c (sz=32, trace=300000, class=java.lang.String@50000036)
	value		50003511
OBJ 5000350d (sz=32, trace=300000, class=java.lang.String@50000036)
	value		50003510
OBJ 5000350e (sz=32, trace=300000, class=java.lang.String@50000036)
	value		5000350f
ARR 5000350f (sz=2, trace=300000, nelems=1, elem type=char[])
ARR 50003510 (sz=4, trace=300000, nelems=2, elem type=char[])
ARR 50003511 (sz=4, trace=300000, nelems=2, elem type=char[])
ARR 50003512 (sz=6, trace=300000, nelems=3, elem type=char[])
ARR 50003513 (sz=8, trace=300000, nelems=4, elem type=char[])
ARR 50003514 (sz=6, trace=300000, nelems=3, elem type=char[])
ARR 50003515 (sz=8, trace=300000, nelems=4, elem type=char[])
OBJ 50003516 (sz=32, trace=300000, class=java.lang.String@50000036)
	value		50003523
OBJ 50003517 (sz=32, trace=300000, class=java.lang.String@50000036)
	value		5000351b
OBJ 50003518 (sz=32, trace=300000, class=java.lang.String@50000036)
	value		5000351c
OBJ 50003519 (sz=32, trace=300000, class=java.lang.String@50000036)
	value		5000351d
OBJ 5000351a (sz=32, trace=300000, class=java.lang.String@50000036)
	value		5000351e
ARR 5000351b (sz=28, trace=300000, nelems=14, elem type=char[])
ARR 5000351c (sz=24, trace=300000, nelems=12, elem type=char[])
ARR 5000351d (sz=20, trace=300000, nelems=10, elem type=char[])
ARR 5000351e (sz=26, trace=300000, nelems=13, elem type=char[])
OBJ 5000351f (sz=32, trace=300000, class=java.lang.String@50000036)
	value		50003522
OBJ 50003520 (sz=32, trace=300000, class=java.lang.String@50000036)
	value		50003521
ARR 50003521 (sz=38, trace=300000, nelems=19, elem type=char[])
ARR 50003522 (sz=50, trace=300000, nelems=25, elem type=char[])
ARR 50003523 (sz=8, trace=300000, nelems=4, elem type=char[])
OBJ 50003524 (sz=32, trace=300000, class=java.lang.String@50000036)
	value		5000354c
OBJ 50003525 (sz=32, trace=300000, class=java.lang.String@50000036)
	value		50003527
ARR 50003526 (sz=22, trace=300000, nelems=11, elem type=char[])
ARR 50003527 (sz=36, trace=300000, nelems=18, elem type=char[])
OBJ 50003528 (sz=32, trace=300000, class=java.lang.String@50000036)
	value		50003536
OBJ 50003529 (sz=32, trace=300000, class=java.lang.String@50000036)
	value		50003538
OBJ 5000352a (sz=32, trace=300000, class=java.lang.String@50000036)
	value		50003539
OBJ 5000352b (sz=32, trace=300000, class=java.lang.String@50000036)
	value		5000353a
OBJ 5000352c (sz=32, trace=300000, class=java.lang.String@50000036)
	value		50003534
OBJ 5000352d (sz=32, trace=300000, class=java.lang.String@50000036)
	value		50003535
OBJ 5000352e (sz=32, trace=300000, class=java.lang.String@50000036)
	value		50003542
OBJ 5000352f (sz=32, trace=300000, class=java.lang.String@50000036)
	value		50003532
OBJ 50003530 (sz=32, trace=300000, class=java.lang.String@50000036)
	value		50003533
OBJ 50003531 (sz=32, trace=300000, class=java.lang.String@50000036)
	value		50003537
ARR 50003532 (sz=8, trace=300000, nelems=4, elem type=char[])
ARR 50003533 (sz=12, trace=300000, nelems=6, elem type=char[])
ARR 50003534 (sz=18, trace=300000, nelems=9, elem type=char[])
ARR 50003535 (sz=76, trace=300000, nelems=38, elem type=char[])
ARR 50003536 (sz=40, trace=300000, nelems=20, elem type=char[])
ARR 50003537 (sz=42, trace=300000, nelems=21, elem type=char[])
ARR 50003538 (sz=22, trace=300000, nelems=11, elem type=char[])
ARR 50003539 (sz=50, trace=300000, nelems=25, elem type=char[])
ARR 5000353a (sz=32, trace=300000, nelems=16, elem type=char[])
OBJ 5000353b (sz=32, trace=300000, class=java.lang.String@50000036)
	value		50003541
OBJ 5000353c (sz=32, trace=300000, class=java.lang.String@50000036)
	value		50003540
OBJ 5000353d (sz=32, trace=300000, class=java.lang.String@50000036)
	value		5000353f
ARR 5000353e (sz=32, trace=300000, nelems=16, elem type=char[])
ARR 5000353f (sz=32, trace=300000, nelems=16, elem type=char[])
ARR 50003540 (sz=48, trace=300000, nelems=24, elem type=char[])
ARR 50003541 (sz=38, trace=300000, nelems=19, elem type=char[])
ARR 50003542 (sz=12, trace=300000, nelems=6, elem type=char[])
ARR 50003543 (sz=2, trace=300000, nelems=1, elem type=char[])
OBJ 50003544 (sz=32, trace=300000, class=java.lang.String@50000036)
	value		50003547
OBJ 50003545 (sz=32, trace=300000, class=java.lang.String@50000036)
	value		5000354a
OBJ 50003546 (sz=32, trace=300000, class=java.lang.String@50000036)
	value		50003548
ARR 50003547 (sz=26, trace=300000, nelems=13, elem type=char[])
ARR 50003548 (sz=72, trace=300000, nelems=36, elem type=char[])
OBJ 50003549 (sz=32, trace=300000, class=java.lang.String@50000036)
	value		5000354b
ARR 5000354a (sz=10, trace=300000, nelems=5, elem type=char[])
ARR 5000354b (sz=42, trace=300000, nelems=21, elem type=char[])
ARR 5000354c (sz=26, trace=300000, nelems=13, elem type=char[])
ARR 5000354d (sz=18, trace=300000, nelems=9, elem type=char[])
OBJ 5000354e (sz=32, trace=300000, class=java.lang.String@50000036)
	value		5000354f
ARR 5000354f (sz=184, trace=300000, nelems=92, elem type=char[])
OBJ 50003550 (sz=32, trace=300000, class=java.lang.String@50000036)
	value		50003551
ARR 50003551 (sz=174, trace=300000, nelems=87, elem type=char[])
OBJ 50003552 (sz=32, trace=300000, class=java.lang.String@50000036)
	value		50003553
ARR 50003553 (sz=164, trace=300000, nelems=82, elem type=char[])
OBJ 50003554 (sz=32, trace=300000, class=java.lang.String@50000036)
	value		50003555
ARR 50003555 (sz=182, trace=300000, nelems=91, elem type=char[])
OBJ 50003556 (sz=32, trace=300000, class=java.lang.String@50000036)
	value		50003557
ARR 50003557 (sz=86, trace=300000, nelems=43, elem type=char[])
OBJ 50003558 (sz=32, trace=300000, class=java.lang.String@50000036)
	value		50003559
ARR 50003559 (sz=84, trace=300000, nelems=42, elem type=char[])
OBJ 5000355a (sz=32, trace=300000, class=java.lang.String@50000036)
	value		5000355b
ARR 5000355b (sz=92, trace=300000, nelems=46, elem type=char[])
OBJ 5000355c (sz=32, trace=300000, class=java.lang.String@50000036)
	value		5000355d
ARR 5000355d (sz=102, trace=300000, nelems=51, elem type=char[])
OBJ 5000355e (sz=32, trace=300000, class=java.lang.String@50000036)
	value		5000355f
ARR 5000355f (sz=102, trace=300000, nelems=51, elem type=char[])
OBJ 50003560 (sz=32, trace=300000, class=java.lang.String@50000036)
	value		50003561
ARR 50003561 (sz=100, trace=300000, nelems=50, elem type=char[])
OBJ 50003562 (sz=32, trace=300000, class=java.lang.String@50000036)
	value		50003563
ARR 50003563 (sz=100, trace=300000, nelems=50, elem type=char[])
OBJ 50003564 (sz=32, trace=300000, class=java.lang.String@50000036)
	value		50003565
ARR 50003565 (sz=100, trace=300000, nelems=50, elem type=char[])
OBJ 50003566 (sz=32, trace=300000, class=java.lang.String@50000036)
	value		50003567
ARR 50003567 (sz=90, trace=300000, nelems=45, elem type=char[])
OBJ 50003568 (sz=32, trace=300000, class=java.lang.String@50000036)
	value		50003569
ARR 50003569 (sz=118, trace=300000, nelems=59, elem type=char[])
OBJ 5000356a (sz=32, trace=300000, class=java.lang.String@50000036)
	value		5000356b
ARR 5000356b (sz=88, trace=300000, nelems=44, elem type=char[])
OBJ 5000356c (sz=32, trace=300000, class=java.lang.String@50000036)
	value		5000356d
ARR 5000356d (sz=90, trace=300000, nelems=45, elem type=char[])
OBJ 5000356e (sz=32, trace=300000, class=java.lang.String@50000036)
	value		5000356f
ARR 5000356f (sz=88, trace=300000, nelems=44, elem type=char[])
OBJ 50003570 (sz=32, trace=300000, class=java.lang.String@50000036)
	value		50003571
ARR 50003571 (sz=86, trace=300000, nelems=43, elem type=char[])
OBJ 50003572 (sz=32, trace=300000, class=java.lang.String@50000036)
	value		50003573
ARR 50003573 (sz=88, trace=300000, nelems=44, elem type=char[])
OBJ 50003574 (sz=32, trace=300000, class=java.lang.String@50000036)
	value		50003575
ARR 50003575 (sz=84, trace=300000, nelems=42, elem type=char[])
OBJ 50003576 (sz=32, trace=300000, class=java.lang.String@50000036)
	value		50003577
ARR 50003577 (sz=106, trace=300000, nelems=53, elem type=char[])
OBJ 50003578 (sz=32, trace=300000, class=java.lang.String@50000036)
	value		50003579
ARR 50003579 (sz=74, trace=300000, nelems=37, elem type=char[])
OBJ 5000357a (sz=32, trace=300000, class=java.lang.String@50000036)
	value		5000357b
ARR 5000357b (sz=90, trace=300000, nelems=45, elem type=char[])
ARR 5000357c (sz=176, trace=300000, nelems=0, elem type=java.lang.Object[]@500000ac)
OBJ 5000357d (sz=32, trace=300000, class=java.lang.String@50000036)
	value		5000357e
ARR 5000357e (sz=6, trace=300000, nelems=3, elem type=char[])
OBJ 5000357f (sz=32, trace=300000, class=java.lang.String@50000036)
	value		50003580
ARR 50003580 (sz=4, trace=300000, nelems=2, elem type=char[])
OBJ 50003581 (sz=32, trace=300000, class=java.lang.String@50000036)
	value		50003585
OBJ 50003582 (sz=32, trace=300000, class=java.lang.String@50000036)
	value		50003977
OBJ 50003583 (sz=32, trace=300000, class=java.lang.String@50000036)
	value		50003588
OBJ 50003584 (sz=32, trace=300000, class=java.lang.String@50000036)
	value		50003586
ARR 50003585 (sz=38, trace=300000, nelems=19, elem type=char[])
ARR 50003586 (sz=68, trace=300000, nelems=34, elem type=char[])
ARR 50003587 (sz=8, trace=300000, nelems=4, elem type=char[])
ARR 50003588 (sz=8, trace=300000, nelems=4, elem type=char[])
OBJ 50003589 (sz=32, trace=300000, class=java.lang.String@50000036)
	value		50003595
OBJ 5000358a (sz=32, trace=300000, class=java.lang.String@50000036)
	value		50003594
OBJ 5000358b (sz=32, trace=300000, class=java.lang.String@50000036)
	value		50003593
OBJ 5000358c (sz=32, trace=300000, class=java.lang.String@50000036)
	value		50003592
OBJ 5000358d (sz=16, trace=300000, class=java.nio.charset.CoderResult$2@50000027)
OBJ 5000358e (sz=16, trace=300000, class=java.nio.charset.CoderResult$1@500000e7)
OBJ 5000358f (sz=24, trace=300000, class=java.nio.charset.CoderResult@500000be)
OBJ 50003590 (sz=24, trace=300000, class=java.nio.charset.CoderResult@500000be)
ARR 50003591 (sz=32, trace=300000, nelems=4, elem type=java.lang.String[]@50000037)
	[0]		50003589
	[1]		5000358a
	[2]		5000358b
	[3]		5000358c
ARR 50003592 (sz=20, trace=300000, nelems=10, elem type=char[])
ARR 50003593 (sz=18, trace=300000, nelems=9, elem type=char[])
ARR 50003594 (sz=16, trace=300000, nelems=8, elem type=char[])
ARR 50003595 (sz=18, trace=300000, nelems=9, elem type=char[])
OBJ 50003596 (sz=32, trace=300000, class=java.lang.String@50000036)
	value		5000359a
OBJ 50003597 (sz=32, trace=300000, class=java.lang.String@50000036)
	value		5000359b
OBJ 50003598 (sz=16, trace=300000, class=java.nio.ByteOrder@50000086)
	name		50003597
OBJ 50003599 (sz=16, trace=300000, class=java.nio.ByteOrder@50000086)
	name		50003596
ARR 5000359a (sz=20, trace=300000, nelems=10, elem type=char[])
ARR 5000359b (sz=26, trace=300000, nelems=13, elem type=char[])
OBJ 5000359c (sz=32, trace=300000, class=java.lang.String@50000036)
	value		500039ca
OBJ 5000359d (sz=32, trace=300000, class=java.lang.String@50000036)
	value		500039d6
OBJ 5000359e (sz=32, trace=300000, class=java.lang.String@50000036)
	value		500035a6
OBJ 5000359f (sz=32, trace=300000, class=java.lang.String@50000036)
	value		500035a5
OBJ 500035a0 (sz=32, trace=300000, class=java.lang.String@50000036)
	value		500035a4
OBJ 500035a1 (sz=32, trace=300000, class=java.lang.String@50000036)
	value		500035a3
ARR 500035a2 (sz=32, trace=300000, nelems=4, elem type=java.lang.String[]@50000037)
	[0]		5000359e
	[1]		5000359f
	[2]		500035a0
	[3]		500035a1
ARR 500035a3 (sz=14, trace=300000, nelems=7, elem type=char[])
ARR 500035a4 (sz=20, trace=300000, nelems=10, elem type=char[])
ARR 500035a5 (sz=12, trace=300000, nelems=6, elem type=char[])
ARR 500035a6 (sz=10, trace=300000, nelems=5, elem type=char[])
OBJ 500035a7 (sz=32, trace=300000, class=java.lang.String@50000036)
	value		500039d5
OBJ 500035a8 (sz=32, trace=300000, class=java.lang.String@50000036)
	value		500039d4
OBJ 500035a9 (sz=24, trace=300000, class=sun.nio.cs.MacRoman@500000df)
	name		50003664
	aliases		50003951
OBJ 500035aa (sz=16, trace=300000, class=java.lang.Object@500000ab)
OBJ 500035ab (sz=16, trace=300000, class=java.lang.ThreadLocal@50000052)
OBJ 500035ac (sz=32, trace=300000, class=sun.nio.cs.StandardCharsets@50000145)
	classMap	500035b0
	aliasMap	500035af
	cache		500035ae
	packagePrefix	500035ad
OBJ 500035ad (sz=32, trace=300000, class=java.lang.String@50000036)
	value		500039b2
OBJ 500035ae (sz=40, trace=300000, class=sun.nio.cs.StandardCharsets$Cache@5000008d)
	ht		500038e3
OBJ 500035af (sz=40, trace=300000, class=sun.nio.cs.StandardCharsets$Aliases@5000006b)
	ht		50003675
OBJ 500035b0 (sz=40, trace=300000, class=sun.nio.cs.StandardCharsets$Classes@500000f7)
	ht		500035b1
ARR 500035b1 (sz=272, trace=300000, nelems=63, elem type=java.lang.Object[]@500000ac)
	[0]		500035b2
	[4]		500035b3
	[5]		500035b4
	[6]		500035b5
	[7]		500035b6
	[8]		500035b7
	[9]		500035b8
	[10]		500035b9
	[11]		500035ba
	[13]		500035bb
	[14]		500035bc
	[16]		500035bd
	[17]		500035be
	[18]		500035bf
	[19]		500035c0
	[20]		500035c1
	[22]		500035c2
	[24]		500035c3
	[28]		500035c4
	[31]		500035c5
	[33]		500035c6
	[34]		500035c7
	[35]		500035c8
	[36]		500035c9
	[37]		500035ca
	[38]		500035cb
	[39]		500035cc
	[44]		500035cd
	[48]		500035ce
	[56]		500035cf
	[59]		500035d0
	[62]		500035d1
ARR 500035b2 (sz=24, trace=300000, nelems=2, elem type=java.lang.Object[]@500000ac)
	[0]		50003671
	[1]		50003672
ARR 500035b3 (sz=32, trace=300000, nelems=3, elem type=java.lang.Object[]@500000ac)
	[0]		50003663
	[1]		50003664
	[2]		50003665
ARR 500035b4 (sz=24, trace=300000, nelems=2, elem type=java.lang.Object[]@500000ac)
	[0]		5000365f
	[1]		50003660
ARR 500035b5 (sz=24, trace=300000, nelems=2, elem type=java.lang.Object[]@500000ac)
	[0]		5000365b
	[1]		5000365c
ARR 500035b6 (sz=24, trace=300000, nelems=2, elem type=java.lang.Object[]@500000ac)
	[0]		50003657
	[1]		50003658
ARR 500035b7 (sz=32, trace=300000, nelems=3, elem type=java.lang.Object[]@500000ac)
	[0]		5000364e
	[1]		5000364f
	[2]		50003650
ARR 500035b8 (sz=24, trace=300000, nelems=2, elem type=java.lang.Object[]@500000ac)
	[0]		5000364a
	[1]		5000364b
ARR 500035b9 (sz=24, trace=300000, nelems=2, elem type=java.lang.Object[]@500000ac)
	[0]		50003646
	[1]		50003647
ARR 500035ba (sz=24, trace=300000, nelems=2, elem type=java.lang.Object[]@500000ac)
	[0]		50003642
	[1]		50003643
ARR 500035bb (sz=24, trace=300000, nelems=2, elem type=java.lang.Object[]@500000ac)
	[0]		5000363e
	[1]		5000363f
ARR 500035bc (sz=24, trace=300000, nelems=2, elem type=java.lang.Object[]@500000ac)
	[0]		5000363a
	[1]		5000363b
ARR 500035bd (sz=24, trace=300000, nelems=2, elem type=java.lang.Object[]@500000ac)
	[0]		50003636
	[1]		50003637
ARR 500035be (sz=24, trace=300000, nelems=2, elem type=java.lang.Object[]@500000ac)
	[0]		50003632
	[1]		50003633
ARR 500035bf (sz=24, trace=300000, nelems=2, elem type=java.lang.Object[]@500000ac)
	[0]		5000362e
	[1]		5000362f
ARR 500035c0 (sz=24, trace=300000, nelems=2, elem type=java.lang.Object[]@500000ac)
	[0]		5000362a
	[1]		5000362b
ARR 500035c1 (sz=24, trace=300000, nelems=2, elem type=java.lang.Object[]@500000ac)
	[0]		50003626
	[1]		50003627
ARR 500035c2 (sz=32, trace=300000, nelems=3, elem type=java.lang.Object[]@500000ac)
	[0]		5000361d
	[1]		5000361e
	[2]		5000361f
ARR 500035c3 (sz=24, trace=300000, nelems=2, elem type=java.lang.Object[]@500000ac)
	[0]		50003619
	[1]		5000361a
ARR 500035c4 (sz=24, trace=300000, nelems=2, elem type=java.lang.Object[]@500000ac)
	[0]		50003615
	[1]		50003616
ARR 500035c5 (sz=24, trace=300000, nelems=2, elem type=java.lang.Object[]@500000ac)
	[0]		50003611
	[1]		50003612
ARR 500035c6 (sz=32, trace=300000, nelems=3, elem type=java.lang.Object[]@500000ac)
	[0]		50003608
	[1]		50003609
	[2]		5000360a
ARR 500035c7 (sz=24, trace=300000, nelems=2, elem type=java.lang.Object[]@500000ac)
	[0]		50003604
	[1]		50003605
ARR 500035c8 (sz=24, trace=300000, nelems=2, elem type=java.lang.Object[]@500000ac)
	[0]		50003600
	[1]		50003601
ARR 500035c9 (sz=32, trace=300000, nelems=3, elem type=java.lang.Object[]@500000ac)
	[0]		500035f7
	[1]		500035f8
	[2]		500035f9
ARR 500035ca (sz=24, trace=300000, nelems=2, elem type=java.lang.Object[]@500000ac)
	[0]		500035f3
	[1]		500035f4
ARR 500035cb (sz=32, trace=300000, nelems=3, elem type=java.lang.Object[]@500000ac)
	[0]		500035ea
	[1]		500035eb
	[2]		500035ec
ARR 500035cc (sz=24, trace=300000, nelems=2, elem type=java.lang.Object[]@500000ac)
	[0]		500035e6
	[1]		500035e7
ARR 500035cd (sz=24, trace=300000, nelems=2, elem type=java.lang.Object[]@500000ac)
	[0]		500035e2
	[1]		500035e3
ARR 500035ce (sz=24, trace=300000, nelems=2, elem type=java.lang.Object[]@500000ac)
	[0]		500035de
	[1]		500035df
ARR 500035cf (sz=24, trace=300000, nelems=2, elem type=java.lang.Object[]@500000ac)
	[0]		500035da
	[1]		500035db
ARR 500035d0 (sz=24, trace=300000, nelems=2, elem type=java.lang.Object[]@500000ac)
	[0]		500035d6
	[1]		500035d7
ARR 500035d1 (sz=24, trace=300000, nelems=2, elem type=java.lang.Object[]@500000ac)
	[0]		500035d2
	[1]		500035d3
OBJ 500035d2 (sz=32, trace=300000, class=java.lang.String@50000036)
	value		500035d5
OBJ 500035d3 (sz=32, trace=300000, class=java.lang.String@50000036)
	value		500035d4
ARR 500035d4 (sz=16, trace=300000, nelems=8, elem type=char[])
ARR 500035d5 (sz=16, trace=300000, nelems=8, elem type=char[])
OBJ 500035d6 (sz=32, trace=300000, class=java.lang.String@50000036)
	value		500035d9
OBJ 500035d7 (sz=32, trace=300000, class=java.lang.String@50000036)
	value		500035d8
ARR 500035d8 (sz=12, trace=300000, nelems=6, elem type=char[])
ARR 500035d9 (sz=12, trace=300000, nelems=6, elem type=char[])
OBJ 500035da (sz=32, trace=300000, class=java.lang.String@50000036)
	value		500035dd
OBJ 500035db (sz=32, trace=300000, class=java.lang.String@50000036)
	value		500035dc
ARR 500035dc (sz=12, trace=300000, nelems=6, elem type=char[])
ARR 500035dd (sz=12, trace=300000, nelems=6, elem type=char[])
OBJ 500035de (sz=32, trace=300000, class=java.lang.String@50000036)
	value		500035e1
OBJ 500035df (sz=32, trace=300000, class=java.lang.String@50000036)
	value		500035e0
ARR 500035e0 (sz=24, trace=300000, nelems=12, elem type=char[])
ARR 500035e1 (sz=28, trace=300000, nelems=14, elem type=char[])
OBJ 500035e2 (sz=32, trace=300000, class=java.lang.String@50000036)
	value		500035e5
OBJ 500035e3 (sz=32, trace=300000, class=java.lang.String@50000036)
	value		500035e4
ARR 500035e4 (sz=24, trace=300000, nelems=12, elem type=char[])
ARR 500035e5 (sz=28, trace=300000, nelems=14, elem type=char[])
OBJ 500035e6 (sz=32, trace=300000, class=java.lang.String@50000036)
	value		500035e9
OBJ 500035e7 (sz=32, trace=300000, class=java.lang.String@50000036)
	value		500035e8
ARR 500035e8 (sz=12, trace=300000, nelems=6, elem type=char[])
ARR 500035e9 (sz=16, trace=300000, nelems=8, elem type=char[])
OBJ 500035ea (sz=32, trace=300000, class=java.lang.String@50000036)
	value		500035f2
OBJ 500035eb (sz=32, trace=300000, class=java.lang.String@50000036)
	value		500035f1
ARR 500035ec (sz=24, trace=300000, nelems=2, elem type=java.lang.Object[]@500000ac)
	[0]		500035ed
	[1]		500035ee
OBJ 500035ed (sz=32, trace=300000, class=java.lang.String@50000036)
	value		500035f0
OBJ 500035ee (sz=32, trace=300000, class=java.lang.String@50000036)
	value		500035ef
ARR 500035ef (sz=24, trace=300000, nelems=12, elem type=char[])
ARR 500035f0 (sz=28, trace=300000, nelems=14, elem type=char[])
ARR 500035f1 (sz=12, trace=300000, nelems=6, elem type=char[])
ARR 500035f2 (sz=12, trace=300000, nelems=6, elem type=char[])
OBJ 500035f3 (sz=32, trace=300000, class=java.lang.String@50000036)
	value		500035f6
OBJ 500035f4 (sz=32, trace=300000, class=java.lang.String@50000036)
	value		500035f5
ARR 500035f5 (sz=22, trace=300000, nelems=11, elem type=char[])
ARR 500035f6 (sz=22, trace=300000, nelems=11, elem type=char[])
OBJ 500035f7 (sz=32, trace=300000, class=java.lang.String@50000036)
	value		500035ff
OBJ 500035f8 (sz=32, trace=300000, class=java.lang.String@50000036)
	value		500035fe
ARR 500035f9 (sz=24, trace=300000, nelems=2, elem type=java.lang.Object[]@500000ac)
	[0]		500035fa
	[1]		500035fb
OBJ 500035fa (sz=32, trace=300000, class=java.lang.String@50000036)
	value		500035fd
OBJ 500035fb (sz=32, trace=300000, class=java.lang.String@50000036)
	value		500035fc
ARR 500035fc (sz=12, trace=300000, nelems=6, elem type=char[])
ARR 500035fd (sz=12, trace=300000, nelems=6, elem type=char[])
ARR 500035fe (sz=12, trace=300000, nelems=6, elem type=char[])
ARR 500035ff (sz=12, trace=300000, nelems=6, elem type=char[])
OBJ 50003600 (sz=32, trace=300000, class=java.lang.String@50000036)
	value		50003603
OBJ 50003601 (sz=32, trace=300000, class=java.lang.String@50000036)
	value		50003602
ARR 50003602 (sz=22, trace=300000, nelems=11, elem type=char[])
ARR 50003603 (sz=22, trace=300000, nelems=11, elem type=char[])
OBJ 50003604 (sz=32, trace=300000, class=java.lang.String@50000036)
	value		50003607
OBJ 50003605 (sz=32, trace=300000, class=java.lang.String@50000036)
	value		50003606
ARR 50003606 (sz=16, trace=300000, nelems=8, elem type=char[])
ARR 50003607 (sz=16, trace=300000, nelems=8, elem type=char[])
OBJ 50003608 (sz=32, trace=300000, class=java.lang.String@50000036)
	value		50003610
OBJ 50003609 (sz=32, trace=300000, class=java.lang.String@50000036)
	value		5000360f
ARR 5000360a (sz=24, trace=300000, nelems=2, elem type=java.lang.Object[]@500000ac)
	[0]		5000360b
	[1]		5000360c
OBJ 5000360b (sz=32, trace=300000, class=java.lang.String@50000036)
	value		5000360e
OBJ 5000360c (sz=32, trace=300000, class=java.lang.String@50000036)
	value		5000360d
ARR 5000360d (sz=12, trace=300000, nelems=6, elem type=char[])
ARR 5000360e (sz=12, trace=300000, nelems=6, elem type=char[])
ARR 5000360f (sz=12, trace=300000, nelems=6, elem type=char[])
ARR 50003610 (sz=12, trace=300000, nelems=6, elem type=char[])
OBJ 50003611 (sz=32, trace=300000, class=java.lang.String@50000036)
	value		50003614
OBJ 50003612 (sz=32, trace=300000, class=java.lang.String@50000036)
	value		50003613
ARR 50003613 (sz=12, trace=300000, nelems=6, elem type=char[])
ARR 50003614 (sz=12, trace=300000, nelems=6, elem type=char[])
OBJ 50003615 (sz=32, trace=300000, class=java.lang.String@50000036)
	value		50003618
OBJ 50003616 (sz=32, trace=300000, class=java.lang.String@50000036)
	value		50003617
ARR 50003617 (sz=12, trace=300000, nelems=6, elem type=char[])
ARR 50003618 (sz=16, trace=300000, nelems=8, elem type=char[])
OBJ 50003619 (sz=32, trace=300000, class=java.lang.String@50000036)
	value		5000361c
OBJ 5000361a (sz=32, trace=300000, class=java.lang.String@50000036)
	value		5000361b
ARR 5000361b (sz=20, trace=300000, nelems=10, elem type=char[])
ARR 5000361c (sz=20, trace=300000, nelems=10, elem type=char[])
OBJ 5000361d (sz=32, trace=300000, class=java.lang.String@50000036)
	value		50003625
OBJ 5000361e (sz=32, trace=300000, class=java.lang.String@50000036)
	value		50003624
ARR 5000361f (sz=24, trace=300000, nelems=2, elem type=java.lang.Object[]@500000ac)
	[0]		50003620
	[1]		50003621
OBJ 50003620 (sz=32, trace=300000, class=java.lang.String@50000036)
	value		50003623
OBJ 50003621 (sz=32, trace=300000, class=java.lang.String@50000036)
	value		50003622
ARR 50003622 (sz=20, trace=300000, nelems=10, elem type=char[])
ARR 50003623 (sz=20, trace=300000, nelems=10, elem type=char[])
ARR 50003624 (sz=12, trace=300000, nelems=6, elem type=char[])
ARR 50003625 (sz=16, trace=300000, nelems=8, elem type=char[])
OBJ 50003626 (sz=32, trace=300000, class=java.lang.String@50000036)
	value		50003629
OBJ 50003627 (sz=32, trace=300000, class=java.lang.String@50000036)
	value		50003628
ARR 50003628 (sz=20, trace=300000, nelems=10, elem type=char[])
ARR 50003629 (sz=20, trace=300000, nelems=10, elem type=char[])
OBJ 5000362a (sz=32, trace=300000, class=java.lang.String@50000036)
	value		5000362d
OBJ 5000362b (sz=32, trace=300000, class=java.lang.String@50000036)
	value		5000362c
ARR 5000362c (sz=20, trace=300000, nelems=10, elem type=char[])
ARR 5000362d (sz=20, trace=300000, nelems=10, elem type=char[])
OBJ 5000362e (sz=32, trace=300000, class=java.lang.String@50000036)
	value		50003631
OBJ 5000362f (sz=32, trace=300000, class=java.lang.String@50000036)
	value		50003630
ARR 50003630 (sz=10, trace=300000, nelems=5, elem type=char[])
ARR 50003631 (sz=10, trace=300000, nelems=5, elem type=char[])
OBJ 50003632 (sz=32, trace=300000, class=java.lang.String@50000036)
	value		50003635
OBJ 50003633 (sz=32, trace=300000, class=java.lang.String@50000036)
	value		50003634
ARR 50003634 (sz=20, trace=300000, nelems=10, elem type=char[])
ARR 50003635 (sz=20, trace=300000, nelems=10, elem type=char[])
OBJ 50003636 (sz=32, trace=300000, class=java.lang.String@50000036)
	value		50003639
OBJ 50003637 (sz=32, trace=300000, class=java.lang.String@50000036)
	value		50003638
ARR 50003638 (sz=20, trace=300000, nelems=10, elem type=char[])
ARR 50003639 (sz=20, trace=300000, nelems=10, elem type=char[])
OBJ 5000363a (sz=32, trace=300000, class=java.lang.String@50000036)
	value		5000363d
OBJ 5000363b (sz=32, trace=300000, class=java.lang.String@50000036)
	value		5000363c
ARR 5000363c (sz=16, trace=300000, nelems=8, elem type=char[])
ARR 5000363d (sz=16, trace=300000, nelems=8, elem type=char[])
OBJ 5000363e (sz=32, trace=300000, class=java.lang.String@50000036)
	value		50003641
OBJ 5000363f (sz=32, trace=300000, class=java.lang.String@50000036)
	value		50003640
ARR 50003640 (sz=12, trace=300000, nelems=6, elem type=char[])
ARR 50003641 (sz=24, trace=300000, nelems=12, elem type=char[])
OBJ 50003642 (sz=32, trace=300000, class=java.lang.String@50000036)
	value		50003645
OBJ 50003643 (sz=32, trace=300000, class=java.lang.String@50000036)
	value		50003644
ARR 50003644 (sz=12, trace=300000, nelems=6, elem type=char[])
ARR 50003645 (sz=12, trace=300000, nelems=6, elem type=char[])
OBJ 50003646 (sz=32, trace=300000, class=java.lang.String@50000036)
	value		50003649
OBJ 50003647 (sz=32, trace=300000, class=java.lang.String@50000036)
	value		50003648
ARR 50003648 (sz=12, trace=300000, nelems=6, elem type=char[])
ARR 50003649 (sz=24, trace=300000, nelems=12, elem type=char[])
OBJ 5000364a (sz=32, trace=300000, class=java.lang.String@50000036)
	value		5000364d
OBJ 5000364b (sz=32, trace=300000, class=java.lang.String@50000036)
	value		5000364c
ARR 5000364c (sz=12, trace=300000, nelems=6, elem type=char[])
ARR 5000364d (sz=24, trace=300000, nelems=12, elem type=char[])
OBJ 5000364e (sz=32, trace=300000, class=java.lang.String@50000036)
	value		50003656
OBJ 5000364f (sz=32, trace=300000, class=java.lang.String@50000036)
	value		50003655
ARR 50003650 (sz=24, trace=300000, nelems=2, elem type=java.lang.Object[]@500000ac)
	[0]		50003651
	[1]		50003652
OBJ 50003651 (sz=32, trace=300000, class=java.lang.String@50000036)
	value		50003654
OBJ 50003652 (sz=32, trace=300000, class=java.lang.String@50000036)
	value		50003653
ARR 50003653 (sz=16, trace=300000, nelems=8, elem type=char[])
ARR 50003654 (sz=16, trace=300000, nelems=8, elem type=char[])
ARR 50003655 (sz=12, trace=300000, nelems=6, elem type=char[])
ARR 50003656 (sz=24, trace=300000, nelems=12, elem type=char[])
OBJ 50003657 (sz=32, trace=300000, class=java.lang.String@50000036)
	value		5000365a
OBJ 50003658 (sz=32, trace=300000, class=java.lang.String@50000036)
	value		50003659
ARR 50003659 (sz=12, trace=300000, nelems=6, elem type=char[])
ARR 5000365a (sz=24, trace=300000, nelems=12, elem type=char[])
OBJ 5000365b (sz=32, trace=300000, class=java.lang.String@50000036)
	value		5000365e
OBJ 5000365c (sz=32, trace=300000, class=java.lang.String@50000036)
	value		5000365d
ARR 5000365d (sz=12, trace=300000, nelems=6, elem type=char[])
ARR 5000365e (sz=24, trace=300000, nelems=12, elem type=char[])
OBJ 5000365f (sz=32, trace=300000, class=java.lang.String@50000036)
	value		50003662
OBJ 50003660 (sz=32, trace=300000, class=java.lang.String@50000036)
	value		50003661
ARR 50003661 (sz=12, trace=300000, nelems=6, elem type=char[])
ARR 50003662 (sz=12, trace=300000, nelems=6, elem type=char[])
OBJ 50003663 (sz=32, trace=300000, class=java.lang.String@50000036)
	value		50003670
OBJ 50003664 (sz=32, trace=300000, class=java.lang.String@50000036)
	value		5000366f
ARR 50003665 (sz=32, trace=300000, nelems=3, elem type=java.lang.Object[]@500000ac)
	[0]		50003666
	[1]		50003667
	[2]		50003668
OBJ 50003666 (sz=32, trace=300000, class=java.lang.String@50000036)
	value		5000366e
OBJ 50003667 (sz=32, trace=300000, class=java.lang.String@50000036)
	value		5000366d
ARR 50003668 (sz=24, trace=300000, nelems=2, elem type=java.lang.Object[]@500000ac)
	[0]		50003669
	[1]		5000366a
OBJ 50003669 (sz=32, trace=300000, class=java.lang.String@50000036)
	value		5000366c
OBJ 5000366a (sz=32, trace=300000, class=java.lang.String@50000036)
	value		5000366b
ARR 5000366b (sz=16, trace=300000, nelems=8, elem type=char[])
ARR 5000366c (sz=16, trace=300000, nelems=8, elem type=char[])
ARR 5000366d (sz=12, trace=300000, nelems=6, elem type=char[])
ARR 5000366e (sz=12, trace=300000, nelems=6, elem type=char[])
ARR 5000366f (sz=16, trace=300000, nelems=8, elem type=char[])
ARR 50003670 (sz=18, trace=300000, nelems=9, elem type=char[])
OBJ 50003671 (sz=32, trace=300000, class=java.lang.String@50000036)
	value		50003674
OBJ 50003672 (sz=32, trace=300000, class=java.lang.String@50000036)
	value		50003673
ARR 50003673 (sz=12, trace=300000, nelems=6, elem type=char[])
ARR 50003674 (sz=12, trace=300000, nelems=6, elem type=char[])
ARR 50003675 (sz=4112, trace=300000, nelems=1016, elem type=java.lang.Object[]@500000ac)
	[1]		50003676
	[2]		50003677
	[3]		50003678
	[5]		50003679
	[6]		5000367a
	[10]		5000367b
	[19]		5000367c
	[24]		5000367d
	[25]		5000367e
	[26]		5000367f
	[28]		50003680
	[29]		50003681
	[55]		50003682
	[58]		50003683
	[84]		50003684
	[86]		50003685
	[87]		50003686
	[89]		50003687
	[90]		50003688
	[92]		50003689
	[94]		5000368a
	[95]		5000368b
	[96]		5000368c
	[106]		5000368d
	[121]		5000368e
	[125]		5000368f
	[134]		50003690
	[137]		50003691
	[141]		50003692
	[143]		50003693
	[144]		50003694
	[170]		50003695
	[173]		50003696
	[177]		50003697
	[192]		50003698
	[199]		50003699
	[205]		5000369a
	[211]		5000369b
	[213]		5000369c
	[216]		5000369d
	[218]		5000369e
	[219]		5000369f
	[225]		500036a0
	[234]		500036a1
	[244]		500036a2
	[248]		500036a3
	[253]		500036a4
	[254]		500036a5
	[259]		500036a6
	[269]		500036a7
	[277]		500036a8
	[280]		500036a9
	[283]		500036aa
	[284]		500036ab
	[286]		500036ac
	[287]		500036ad
	[289]		500036ae
	[291]		500036af
	[294]		500036b0
	[296]		500036b1
	[297]		500036b2
	[305]		500036b3
	[307]		500036b4
	[312]		500036b5
	[321]		500036b6
	[323]		500036b7
	[324]		500036b8
	[325]		500036b9
	[326]		500036ba
	[327]		500036bb
	[328]		500036bc
	[329]		500036bd
	[331]		500036be
	[333]		500036bf
	[334]		500036c0
	[335]		500036c1
	[336]		500036c2
	[339]		500036c3
	[341]		500036c4
	[345]		500036c5
	[350]		500036c6
	[353]		500036c7
	[358]		500036c8
	[359]		500036c9
	[363]		500036ca
	[364]		500036cb
	[378]		500036cc
	[385]		500036cd
	[391]		500036ce
	[392]		500036cf
	[405]		500036d0
	[406]		500036d1
	[408]		500036d2
	[421]		500036d3
	[428]		500036d4
	[429]		500036d5
	[430]		500036d6
	[432]		500036d7
	[433]		500036d8
	[436]		500036d9
	[437]		500036da
	[438]		500036db
	[443]		500036dc
	[456]		500036dd
	[473]		500036de
	[479]		500036df
	[481]		500036e0
	[484]		500036e1
	[486]		500036e2
	[487]		500036e3
	[502]		500036e4
	[506]		500036e5
	[508]		500036e6
	[511]		500036e7
	[512]		500036e8
	[513]		500036e9
	[514]		500036ea
	[516]		500036eb
	[520]		500036ec
	[523]		500036ed
	[524]		500036ee
	[526]		500036ef
	[533]		500036f0
	[537]		500036f1
	[539]		500036f2
	[543]		500036f3
	[545]		500036f4
	[563]		500036f5
	[572]		500036f6
	[573]		500036f7
	[577]		500036f8
	[582]		500036f9
	[588]		500036fa
	[593]		500036fb
	[598]		500036fc
	[609]		500036fd
	[617]		500036fe
	[618]		500036ff
	[619]		50003700
	[620]		50003701
	[621]		50003702
	[624]		50003703
	[628]		50003704
	[632]		50003705
	[634]		50003706
	[635]		50003707
	[636]		50003708
	[654]		50003709
	[669]		5000370a
	[670]		5000370b
	[671]		5000370c
	[676]		5000370d
	[679]		5000370e
	[686]		5000370f
	[703]		50003710
	[710]		50003711
	[712]		50003712
	[732]		50003713
	[733]		50003714
	[768]		50003715
	[774]		50003716
	[781]		50003717
	[782]		50003718
	[783]		50003719
	[784]		5000371a
	[785]		5000371b
	[787]		5000371c
	[789]		5000371d
	[813]		5000371e
	[818]		5000371f
	[832]		50003720
	[834]		50003721
	[835]		50003722
	[836]		50003723
	[837]		50003724
	[838]		50003725
	[840]		50003726
	[842]		50003727
	[843]		50003728
	[846]		50003729
	[849]		5000372a
	[881]		5000372b
	[896]		5000372c
	[909]		5000372d
	[910]		5000372e
	[911]		5000372f
	[912]		50003730
	[925]		50003731
	[934]		50003732
	[937]		50003733
	[944]		50003734
	[957]		50003735
	[963]		50003736
	[993]		50003737
	[1009]		50003738
	[1015]		50003739
ARR 50003676 (sz=24, trace=300000, nelems=2, elem type=java.lang.Object[]@500000ac)
	[0]		500038e1
	[1]		500035f3
ARR 50003677 (sz=24, trace=300000, nelems=2, elem type=java.lang.Object[]@500000ac)
	[0]		500038df
	[1]		50003636
ARR 50003678 (sz=24, trace=300000, nelems=2, elem type=java.lang.Object[]@500000ac)
	[0]		500038dd
	[1]		50003632
ARR 50003679 (sz=24, trace=300000, nelems=2, elem type=java.lang.Object[]@500000ac)
	[0]		500038db
	[1]		5000362a
ARR 5000367a (sz=24, trace=300000, nelems=2, elem type=java.lang.Object[]@500000ac)
	[0]		500038d9
	[1]		50003619
ARR 5000367b (sz=24, trace=300000, nelems=2, elem type=java.lang.Object[]@500000ac)
	[0]		500038d7
	[1]		500035f3
ARR 5000367c (sz=24, trace=300000, nelems=2, elem type=java.lang.Object[]@500000ac)
	[0]		500038d5
	[1]		500035e2
ARR 5000367d (sz=24, trace=300000, nelems=2, elem type=java.lang.Object[]@500000ac)
	[0]		500038d3
	[1]		50003604
ARR 5000367e (sz=24, trace=300000, nelems=2, elem type=java.lang.Object[]@500000ac)
	[0]		500038d1
	[1]		50003620
ARR 5000367f (sz=24, trace=300000, nelems=2, elem type=java.lang.Object[]@500000ac)
	[0]		500038cf
	[1]		50003632
ARR 50003680 (sz=24, trace=300000, nelems=2, elem type=java.lang.Object[]@500000ac)
	[0]		500038cd
	[1]		5000362a
ARR 50003681 (sz=24, trace=300000, nelems=2, elem type=java.lang.Object[]@500000ac)
	[0]		500038cb
	[1]		50003626
ARR 50003682 (sz=24, trace=300000, nelems=2, elem type=java.lang.Object[]@500000ac)
	[0]		500038c9
	[1]		50003619
ARR 50003683 (sz=24, trace=300000, nelems=2, elem type=java.lang.Object[]@500000ac)
	[0]		500038c7
	[1]		500035f3
ARR 50003684 (sz=24, trace=300000, nelems=2, elem type=java.lang.Object[]@500000ac)
	[0]		500038c5
	[1]		50003663
ARR 50003685 (sz=32, trace=300000, nelems=3, elem type=java.lang.Object[]@500000ac)
	[0]		500038c0
	[1]		50003626
	[2]		500038c1
ARR 50003686 (sz=24, trace=300000, nelems=2, elem type=java.lang.Object[]@500000ac)
	[0]		500038be
	[1]		50003632
ARR 50003687 (sz=24, trace=300000, nelems=2, elem type=java.lang.Object[]@500000ac)
	[0]		500038bc
	[1]		5000362a
ARR 50003688 (sz=32, trace=300000, nelems=3, elem type=java.lang.Object[]@500000ac)
	[0]		500038b7
	[1]		50003620
	[2]		500038b8
ARR 50003689 (sz=24, trace=300000, nelems=2, elem type=java.lang.Object[]@500000ac)
	[0]		500038b5
	[1]		50003620
ARR 5000368a (sz=24, trace=300000, nelems=2, elem type=java.lang.Object[]@500000ac)
	[0]		500038b3
	[1]		50003619
ARR 5000368b (sz=24, trace=300000, nelems=2, elem type=java.lang.Object[]@500000ac)
	[0]		500038b1
	[1]		50003636
ARR 5000368c (sz=24, trace=300000, nelems=2, elem type=java.lang.Object[]@500000ac)
	[0]		500038af
	[1]		50003636
ARR 5000368d (sz=24, trace=300000, nelems=2, elem type=java.lang.Object[]@500000ac)
	[0]		500038ad
	[1]		5000362e
ARR 5000368e (sz=24, trace=300000, nelems=2, elem type=java.lang.Object[]@500000ac)
	[0]		500038ab
	[1]		50003669
ARR 5000368f (sz=24, trace=300000, nelems=2, elem type=java.lang.Object[]@500000ac)
	[0]		500038a9
	[1]		50003620
ARR 50003690 (sz=24, trace=300000, nelems=2, elem type=java.lang.Object[]@500000ac)
	[0]		500038a7
	[1]		500035da
ARR 50003691 (sz=24, trace=300000, nelems=2, elem type=java.lang.Object[]@500000ac)
	[0]		500038a5
	[1]		500035d6
ARR 50003692 (sz=24, trace=300000, nelems=2, elem type=java.lang.Object[]@500000ac)
	[0]		500038a3
	[1]		50003632
ARR 50003693 (sz=24, trace=300000, nelems=2, elem type=java.lang.Object[]@500000ac)
	[0]		500038a1
	[1]		5000362a
ARR 50003694 (sz=24, trace=300000, nelems=2, elem type=java.lang.Object[]@500000ac)
	[0]		5000389f
	[1]		50003626
ARR 50003695 (sz=24, trace=300000, nelems=2, elem type=java.lang.Object[]@500000ac)
	[0]		5000389d
	[1]		50003619
ARR 50003696 (sz=24, trace=300000, nelems=2, elem type=java.lang.Object[]@500000ac)
	[0]		5000389b
	[1]		500035f3
ARR 50003697 (sz=24, trace=300000, nelems=2, elem type=java.lang.Object[]@500000ac)
	[0]		50003899
	[1]		500035ed
ARR 50003698 (sz=24, trace=300000, nelems=2, elem type=java.lang.Object[]@500000ac)
	[0]		50003897
	[1]		5000363a
ARR 50003699 (sz=32, trace=300000, nelems=3, elem type=java.lang.Object[]@500000ac)
	[0]		50003892
	[1]		500035fa
	[2]		50003893
ARR 5000369a (sz=24, trace=300000, nelems=2, elem type=java.lang.Object[]@500000ac)
	[0]		50003890
	[1]		50003620
ARR 5000369b (sz=32, trace=300000, nelems=3, elem type=java.lang.Object[]@500000ac)
	[0]		5000388b
	[1]		50003611
	[2]		5000388c
ARR 5000369c (sz=24, trace=300000, nelems=2, elem type=java.lang.Object[]@500000ac)
	[0]		50003889
	[1]		50003608
ARR 5000369d (sz=24, trace=300000, nelems=2, elem type=java.lang.Object[]@500000ac)
	[0]		50003887
	[1]		500035f7
ARR 5000369e (sz=32, trace=300000, nelems=3, elem type=java.lang.Object[]@500000ac)
	[0]		50003882
	[1]		500035ea
	[2]		50003883
ARR 5000369f (sz=32, trace=300000, nelems=3, elem type=java.lang.Object[]@500000ac)
	[0]		5000387d
	[1]		500035e6
	[2]		5000387e
ARR 500036a0 (sz=24, trace=300000, nelems=2, elem type=java.lang.Object[]@500000ac)
	[0]		5000387b
	[1]		50003604
ARR 500036a1 (sz=24, trace=300000, nelems=2, elem type=java.lang.Object[]@500000ac)
	[0]		50003879
	[1]		50003663
ARR 500036a2 (sz=24, trace=300000, nelems=2, elem type=java.lang.Object[]@500000ac)
	[0]		50003877
	[1]		50003671
ARR 500036a3 (sz=24, trace=300000, nelems=2, elem type=java.lang.Object[]@500000ac)
	[0]		50003875
	[1]		50003666
ARR 500036a4 (sz=24, trace=300000, nelems=2, elem type=java.lang.Object[]@500000ac)
	[0]		50003873
	[1]		50003651
ARR 500036a5 (sz=24, trace=300000, nelems=2, elem type=java.lang.Object[]@500000ac)
	[0]		50003871
	[1]		50003632
ARR 500036a6 (sz=24, trace=300000, nelems=2, elem type=java.lang.Object[]@500000ac)
	[0]		5000386f
	[1]		50003642
ARR 500036a7 (sz=24, trace=300000, nelems=2, elem type=java.lang.Object[]@500000ac)
	[0]		5000386d
	[1]		500035f3
ARR 500036a8 (sz=24, trace=300000, nelems=2, elem type=java.lang.Object[]@500000ac)
	[0]		5000386b
	[1]		5000361d
ARR 500036a9 (sz=24, trace=300000, nelems=2, elem type=java.lang.Object[]@500000ac)
	[0]		50003869
	[1]		50003669
ARR 500036aa (sz=24, trace=300000, nelems=2, elem type=java.lang.Object[]@500000ac)
	[0]		50003867
	[1]		50003636
ARR 500036ab (sz=24, trace=300000, nelems=2, elem type=java.lang.Object[]@500000ac)
	[0]		50003865
	[1]		50003632
ARR 500036ac (sz=24, trace=300000, nelems=2, elem type=java.lang.Object[]@500000ac)
	[0]		50003863
	[1]		5000362a
ARR 500036ad (sz=24, trace=300000, nelems=2, elem type=java.lang.Object[]@500000ac)
	[0]		50003861
	[1]		50003626
ARR 500036ae (sz=24, trace=300000, nelems=2, elem type=java.lang.Object[]@500000ac)
	[0]		5000385f
	[1]		50003620
ARR 500036af (sz=24, trace=300000, nelems=2, elem type=java.lang.Object[]@500000ac)
	[0]		5000385d
	[1]		50003619
ARR 500036b0 (sz=24, trace=300000, nelems=2, elem type=java.lang.Object[]@500000ac)
	[0]		5000385b
	[1]		50003632
ARR 500036b1 (sz=24, trace=300000, nelems=2, elem type=java.lang.Object[]@500000ac)
	[0]		50003859
	[1]		5000362a
ARR 500036b2 (sz=24, trace=300000, nelems=2, elem type=java.lang.Object[]@500000ac)
	[0]		50003857
	[1]		50003626
ARR 500036b3 (sz=24, trace=300000, nelems=2, elem type=java.lang.Object[]@500000ac)
	[0]		50003855
	[1]		50003600
ARR 500036b4 (sz=24, trace=300000, nelems=2, elem type=java.lang.Object[]@500000ac)
	[0]		50003853
	[1]		500035f3
ARR 500036b5 (sz=32, trace=300000, nelems=3, elem type=java.lang.Object[]@500000ac)
	[0]		5000384e
	[1]		50003620
	[2]		5000384f
ARR 500036b6 (sz=24, trace=300000, nelems=2, elem type=java.lang.Object[]@500000ac)
	[0]		5000384c
	[1]		50003632
ARR 500036b7 (sz=32, trace=300000, nelems=3, elem type=java.lang.Object[]@500000ac)
	[0]		50003847
	[1]		50003619
	[2]		50003848
ARR 500036b8 (sz=24, trace=300000, nelems=2, elem type=java.lang.Object[]@500000ac)
	[0]		50003845
	[1]		50003626
ARR 500036b9 (sz=24, trace=300000, nelems=2, elem type=java.lang.Object[]@500000ac)
	[0]		50003843
	[1]		50003636
ARR 500036ba (sz=32, trace=300000, nelems=3, elem type=java.lang.Object[]@500000ac)
	[0]		5000383b
	[1]		50003611
	[2]		5000383c
ARR 500036bb (sz=24, trace=300000, nelems=2, elem type=java.lang.Object[]@500000ac)
	[0]		50003839
	[1]		50003626
ARR 500036bc (sz=32, trace=300000, nelems=3, elem type=java.lang.Object[]@500000ac)
	[0]		50003834
	[1]		50003608
	[2]		50003835
ARR 500036bd (sz=24, trace=300000, nelems=2, elem type=java.lang.Object[]@500000ac)
	[0]		50003832
	[1]		50003619
ARR 500036be (sz=24, trace=300000, nelems=2, elem type=java.lang.Object[]@500000ac)
	[0]		50003830
	[1]		500035f7
ARR 500036bf (sz=32, trace=300000, nelems=3, elem type=java.lang.Object[]@500000ac)
	[0]		5000382b
	[1]		500035ea
	[2]		5000382c
ARR 500036c0 (sz=32, trace=300000, nelems=3, elem type=java.lang.Object[]@500000ac)
	[0]		50003826
	[1]		500035e6
	[2]		50003827
ARR 500036c1 (sz=24, trace=300000, nelems=2, elem type=java.lang.Object[]@500000ac)
	[0]		50003824
	[1]		50003663
ARR 500036c2 (sz=24, trace=300000, nelems=2, elem type=java.lang.Object[]@500000ac)
	[0]		50003822
	[1]		50003636
ARR 500036c3 (sz=24, trace=300000, nelems=2, elem type=java.lang.Object[]@500000ac)
	[0]		50003820
	[1]		500035da
ARR 500036c4 (sz=24, trace=300000, nelems=2, elem type=java.lang.Object[]@500000ac)
	[0]		5000381e
	[1]		5000360b
ARR 500036c5 (sz=24, trace=300000, nelems=2, elem type=java.lang.Object[]@500000ac)
	[0]		5000381c
	[1]		50003619
ARR 500036c6 (sz=24, trace=300000, nelems=2, elem type=java.lang.Object[]@500000ac)
	[0]		5000381a
	[1]		50003619
ARR 500036c7 (sz=24, trace=300000, nelems=2, elem type=java.lang.Object[]@500000ac)
	[0]		50003818
	[1]		500035f3
ARR 500036c8 (sz=24, trace=300000, nelems=2, elem type=java.lang.Object[]@500000ac)
	[0]		50003816
	[1]		50003620
ARR 500036c9 (sz=24, trace=300000, nelems=2, elem type=java.lang.Object[]@500000ac)
	[0]		50003814
	[1]		50003671
ARR 500036ca (sz=24, trace=300000, nelems=2, elem type=java.lang.Object[]@500000ac)
	[0]		50003812
	[1]		50003666
ARR 500036cb (sz=24, trace=300000, nelems=2, elem type=java.lang.Object[]@500000ac)
	[0]		50003810
	[1]		50003636
ARR 500036cc (sz=24, trace=300000, nelems=2, elem type=java.lang.Object[]@500000ac)
	[0]		5000380e
	[1]		50003604
ARR 500036cd (sz=24, trace=300000, nelems=2, elem type=java.lang.Object[]@500000ac)
	[0]		5000380c
	[1]		50003620
ARR 500036ce (sz=24, trace=300000, nelems=2, elem type=java.lang.Object[]@500000ac)
	[0]		5000380a
	[1]		50003636
ARR 500036cf (sz=24, trace=300000, nelems=2, elem type=java.lang.Object[]@500000ac)
	[0]		50003808
	[1]		5000361d
ARR 500036d0 (sz=24, trace=300000, nelems=2, elem type=java.lang.Object[]@500000ac)
	[0]		50003806
	[1]		50003636
ARR 500036d1 (sz=24, trace=300000, nelems=2, elem type=java.lang.Object[]@500000ac)
	[0]		50003804
	[1]		50003632
ARR 500036d2 (sz=24, trace=300000, nelems=2, elem type=java.lang.Object[]@500000ac)
	[0]		50003802
	[1]		500035fa
ARR 500036d3 (sz=24, trace=300000, nelems=2, elem type=java.lang.Object[]@500000ac)
	[0]		500035f3
	[1]		500035f3
ARR 500036d4 (sz=24, trace=300000, nelems=2, elem type=java.lang.Object[]@500000ac)
	[0]		50003800
	[1]		500035f3
ARR 500036d5 (sz=24, trace=300000, nelems=2, elem type=java.lang.Object[]@500000ac)
	[0]		500037fe
	[1]		50003636
ARR 500036d6 (sz=24, trace=300000, nelems=2, elem type=java.lang.Object[]@500000ac)
	[0]		500037fc
	[1]		50003632
ARR 500036d7 (sz=24, trace=300000, nelems=2, elem type=java.lang.Object[]@500000ac)
	[0]		500037fa
	[1]		5000362a
ARR 500036d8 (sz=24, trace=300000, nelems=2, elem type=java.lang.Object[]@500000ac)
	[0]		500037f8
	[1]		50003619
ARR 500036d9 (sz=24, trace=300000, nelems=2, elem type=java.lang.Object[]@500000ac)
	[0]		500037f6
	[1]		5000362a
ARR 500036da (sz=24, trace=300000, nelems=2, elem type=java.lang.Object[]@500000ac)
	[0]		500037f4
	[1]		500035f3
ARR 500036db (sz=24, trace=300000, nelems=2, elem type=java.lang.Object[]@500000ac)
	[0]		500037f2
	[1]		50003604
ARR 500036dc (sz=24, trace=300000, nelems=2, elem type=java.lang.Object[]@500000ac)
	[0]		500037f0
	[1]		500035de
ARR 500036dd (sz=24, trace=300000, nelems=2, elem type=java.lang.Object[]@500000ac)
	[0]		500037ee
	[1]		5000360b
ARR 500036de (sz=24, trace=300000, nelems=2, elem type=java.lang.Object[]@500000ac)
	[0]		500037ec
	[1]		50003620
ARR 500036df (sz=24, trace=300000, nelems=2, elem type=java.lang.Object[]@500000ac)
	[0]		50003611
	[1]		50003611
ARR 500036e0 (sz=24, trace=300000, nelems=2, elem type=java.lang.Object[]@500000ac)
	[0]		50003608
	[1]		50003608
ARR 500036e1 (sz=24, trace=300000, nelems=2, elem type=java.lang.Object[]@500000ac)
	[0]		500035f7
	[1]		500035f7
ARR 500036e2 (sz=24, trace=300000, nelems=2, elem type=java.lang.Object[]@500000ac)
	[0]		500035ea
	[1]		500035ea
ARR 500036e3 (sz=24, trace=300000, nelems=2, elem type=java.lang.Object[]@500000ac)
	[0]		500037ea
	[1]		50003615
ARR 500036e4 (sz=24, trace=300000, nelems=2, elem type=java.lang.Object[]@500000ac)
	[0]		500037e8
	[1]		50003669
ARR 500036e5 (sz=24, trace=300000, nelems=2, elem type=java.lang.Object[]@500000ac)
	[0]		500037e6
	[1]		50003611
ARR 500036e6 (sz=24, trace=300000, nelems=2, elem type=java.lang.Object[]@500000ac)
	[0]		500037e4
	[1]		50003608
ARR 500036e7 (sz=24, trace=300000, nelems=2, elem type=java.lang.Object[]@500000ac)
	[0]		500037e2
	[1]		500035f7
ARR 500036e8 (sz=24, trace=300000, nelems=2, elem type=java.lang.Object[]@500000ac)
	[0]		50003671
	[1]		50003671
ARR 500036e9 (sz=24, trace=300000, nelems=2, elem type=java.lang.Object[]@500000ac)
	[0]		500037e0
	[1]		500035ea
ARR 500036ea (sz=24, trace=300000, nelems=2, elem type=java.lang.Object[]@500000ac)
	[0]		500037de
	[1]		50003615
ARR 500036eb (sz=24, trace=300000, nelems=2, elem type=java.lang.Object[]@500000ac)
	[0]		50003666
	[1]		50003666
ARR 500036ec (sz=24, trace=300000, nelems=2, elem type=java.lang.Object[]@500000ac)
	[0]		500037dc
	[1]		5000363a
ARR 500036ed (sz=24, trace=300000, nelems=2, elem type=java.lang.Object[]@500000ac)
	[0]		500037da
	[1]		500035fa
ARR 500036ee (sz=24, trace=300000, nelems=2, elem type=java.lang.Object[]@500000ac)
	[0]		500037d8
	[1]		50003642
ARR 500036ef (sz=24, trace=300000, nelems=2, elem type=java.lang.Object[]@500000ac)
	[0]		500037d6
	[1]		50003663
ARR 500036f0 (sz=24, trace=300000, nelems=2, elem type=java.lang.Object[]@500000ac)
	[0]		500037d4
	[1]		50003626
ARR 500036f1 (sz=24, trace=300000, nelems=2, elem type=java.lang.Object[]@500000ac)
	[0]		500037d2
	[1]		50003619
ARR 500036f2 (sz=24, trace=300000, nelems=2, elem type=java.lang.Object[]@500000ac)
	[0]		500037d0
	[1]		50003671
ARR 500036f3 (sz=24, trace=300000, nelems=2, elem type=java.lang.Object[]@500000ac)
	[0]		500037ce
	[1]		50003666
ARR 500036f4 (sz=24, trace=300000, nelems=2, elem type=java.lang.Object[]@500000ac)
	[0]		500037cc
	[1]		5000361d
ARR 500036f5 (sz=24, trace=300000, nelems=2, elem type=java.lang.Object[]@500000ac)
	[0]		500037ca
	[1]		500035d2
ARR 500036f6 (sz=24, trace=300000, nelems=2, elem type=java.lang.Object[]@500000ac)
	[0]		500037c8
	[1]		5000361d
ARR 500036f7 (sz=24, trace=300000, nelems=2, elem type=java.lang.Object[]@500000ac)
	[0]		500037c6
	[1]		5000362a
ARR 500036f8 (sz=24, trace=300000, nelems=2, elem type=java.lang.Object[]@500000ac)
	[0]		500037c4
	[1]		50003604
ARR 500036f9 (sz=24, trace=300000, nelems=2, elem type=java.lang.Object[]@500000ac)
	[0]		500037c2
	[1]		5000365f
ARR 500036fa (sz=24, trace=300000, nelems=2, elem type=java.lang.Object[]@500000ac)
	[0]		500037c0
	[1]		50003620
ARR 500036fb (sz=24, trace=300000, nelems=2, elem type=java.lang.Object[]@500000ac)
	[0]		500037be
	[1]		50003620
ARR 500036fc (sz=24, trace=300000, nelems=2, elem type=java.lang.Object[]@500000ac)
	[0]		500037bc
	[1]		500035ea
ARR 500036fd (sz=24, trace=300000, nelems=2, elem type=java.lang.Object[]@500000ac)
	[0]		5000360b
	[1]		5000360b
ARR 500036fe (sz=24, trace=300000, nelems=2, elem type=java.lang.Object[]@500000ac)
	[0]		500037ba
	[1]		5000365b
ARR 500036ff (sz=24, trace=300000, nelems=2, elem type=java.lang.Object[]@500000ac)
	[0]		500037b8
	[1]		50003657
ARR 50003700 (sz=24, trace=300000, nelems=2, elem type=java.lang.Object[]@500000ac)
	[0]		500037b6
	[1]		5000364e
ARR 50003701 (sz=24, trace=300000, nelems=2, elem type=java.lang.Object[]@500000ac)
	[0]		500037b4
	[1]		5000364a
ARR 50003702 (sz=24, trace=300000, nelems=2, elem type=java.lang.Object[]@500000ac)
	[0]		500037b2
	[1]		50003646
ARR 50003703 (sz=32, trace=300000, nelems=3, elem type=java.lang.Object[]@500000ac)
	[0]		500037ad
	[1]		50003671
	[2]		500037ae
ARR 50003704 (sz=24, trace=300000, nelems=2, elem type=java.lang.Object[]@500000ac)
	[0]		500037ab
	[1]		50003666
ARR 50003705 (sz=24, trace=300000, nelems=2, elem type=java.lang.Object[]@500000ac)
	[0]		500037a9
	[1]		50003600
ARR 50003706 (sz=32, trace=300000, nelems=3, elem type=java.lang.Object[]@500000ac)
	[0]		500037a4
	[1]		500035f3
	[2]		500037a5
ARR 50003707 (sz=24, trace=300000, nelems=2, elem type=java.lang.Object[]@500000ac)
	[0]		500037a2
	[1]		500035de
ARR 50003708 (sz=24, trace=300000, nelems=2, elem type=java.lang.Object[]@500000ac)
	[0]		500037a0
	[1]		5000360b
ARR 50003709 (sz=24, trace=300000, nelems=2, elem type=java.lang.Object[]@500000ac)
	[0]		5000379e
	[1]		500035e6
ARR 5000370a (sz=24, trace=300000, nelems=2, elem type=java.lang.Object[]@500000ac)
	[0]		5000379c
	[1]		50003600
ARR 5000370b (sz=24, trace=300000, nelems=2, elem type=java.lang.Object[]@500000ac)
	[0]		5000379a
	[1]		50003604
ARR 5000370c (sz=24, trace=300000, nelems=2, elem type=java.lang.Object[]@500000ac)
	[0]		50003798
	[1]		500035f3
ARR 5000370d (sz=24, trace=300000, nelems=2, elem type=java.lang.Object[]@500000ac)
	[0]		500035fa
	[1]		500035fa
ARR 5000370e (sz=24, trace=300000, nelems=2, elem type=java.lang.Object[]@500000ac)
	[0]		50003796
	[1]		50003604
ARR 5000370f (sz=24, trace=300000, nelems=2, elem type=java.lang.Object[]@500000ac)
	[0]		50003794
	[1]		5000363a
ARR 50003710 (sz=24, trace=300000, nelems=2, elem type=java.lang.Object[]@500000ac)
	[0]		50003792
	[1]		500035fa
ARR 50003711 (sz=24, trace=300000, nelems=2, elem type=java.lang.Object[]@500000ac)
	[0]		50003790
	[1]		50003600
ARR 50003712 (sz=24, trace=300000, nelems=2, elem type=java.lang.Object[]@500000ac)
	[0]		5000378e
	[1]		500035f3
ARR 50003713 (sz=24, trace=300000, nelems=2, elem type=java.lang.Object[]@500000ac)
	[0]		5000378c
	[1]		50003626
ARR 50003714 (sz=24, trace=300000, nelems=2, elem type=java.lang.Object[]@500000ac)
	[0]		5000378a
	[1]		50003642
ARR 50003715 (sz=24, trace=300000, nelems=2, elem type=java.lang.Object[]@500000ac)
	[0]		50003788
	[1]		50003620
ARR 50003716 (sz=24, trace=300000, nelems=2, elem type=java.lang.Object[]@500000ac)
	[0]		50003786
	[1]		50003604
ARR 50003717 (sz=24, trace=300000, nelems=2, elem type=java.lang.Object[]@500000ac)
	[0]		50003784
	[1]		50003636
ARR 50003718 (sz=24, trace=300000, nelems=2, elem type=java.lang.Object[]@500000ac)
	[0]		50003782
	[1]		50003632
ARR 50003719 (sz=24, trace=300000, nelems=2, elem type=java.lang.Object[]@500000ac)
	[0]		50003780
	[1]		500035da
ARR 5000371a (sz=24, trace=300000, nelems=2, elem type=java.lang.Object[]@500000ac)
	[0]		5000377e
	[1]		5000362a
ARR 5000371b (sz=24, trace=300000, nelems=2, elem type=java.lang.Object[]@500000ac)
	[0]		5000377c
	[1]		50003626
ARR 5000371c (sz=24, trace=300000, nelems=2, elem type=java.lang.Object[]@500000ac)
	[0]		5000377a
	[1]		50003620
ARR 5000371d (sz=24, trace=300000, nelems=2, elem type=java.lang.Object[]@500000ac)
	[0]		50003778
	[1]		50003619
ARR 5000371e (sz=24, trace=300000, nelems=2, elem type=java.lang.Object[]@500000ac)
	[0]		50003776
	[1]		500035e6
ARR 5000371f (sz=24, trace=300000, nelems=2, elem type=java.lang.Object[]@500000ac)
	[0]		50003774
	[1]		50003671
ARR 50003720 (sz=24, trace=300000, nelems=2, elem type=java.lang.Object[]@500000ac)
	[0]		50003772
	[1]		50003604
ARR 50003721 (sz=24, trace=300000, nelems=2, elem type=java.lang.Object[]@500000ac)
	[0]		50003770
	[1]		50003636
ARR 50003722 (sz=32, trace=300000, nelems=3, elem type=java.lang.Object[]@500000ac)
	[0]		5000376b
	[1]		50003632
	[2]		5000376c
ARR 50003723 (sz=24, trace=300000, nelems=2, elem type=java.lang.Object[]@500000ac)
	[0]		50003769
	[1]		50003620
ARR 50003724 (sz=24, trace=300000, nelems=2, elem type=java.lang.Object[]@500000ac)
	[0]		50003767
	[1]		5000362a
ARR 50003725 (sz=24, trace=300000, nelems=2, elem type=java.lang.Object[]@500000ac)
	[0]		50003765
	[1]		50003626
ARR 50003726 (sz=32, trace=300000, nelems=3, elem type=java.lang.Object[]@500000ac)
	[0]		50003760
	[1]		50003608
	[2]		50003761
ARR 50003727 (sz=24, trace=300000, nelems=2, elem type=java.lang.Object[]@500000ac)
	[0]		5000375e
	[1]		50003619
ARR 50003728 (sz=24, trace=300000, nelems=2, elem type=java.lang.Object[]@500000ac)
	[0]		5000375c
	[1]		500035f7
ARR 50003729 (sz=24, trace=300000, nelems=2, elem type=java.lang.Object[]@500000ac)
	[0]		5000375a
	[1]		500035fa
ARR 5000372a (sz=24, trace=300000, nelems=2, elem type=java.lang.Object[]@500000ac)
	[0]		50003758
	[1]		50003604
ARR 5000372b (sz=24, trace=300000, nelems=2, elem type=java.lang.Object[]@500000ac)
	[0]		50003756
	[1]		5000362e
ARR 5000372c (sz=24, trace=300000, nelems=2, elem type=java.lang.Object[]@500000ac)
	[0]		50003754
	[1]		50003604
ARR 5000372d (sz=24, trace=300000, nelems=2, elem type=java.lang.Object[]@500000ac)
	[0]		50003752
	[1]		5000365b
ARR 5000372e (sz=24, trace=300000, nelems=2, elem type=java.lang.Object[]@500000ac)
	[0]		50003750
	[1]		50003657
ARR 5000372f (sz=24, trace=300000, nelems=2, elem type=java.lang.Object[]@500000ac)
	[0]		5000374e
	[1]		5000364e
ARR 50003730 (sz=24, trace=300000, nelems=2, elem type=java.lang.Object[]@500000ac)
	[0]		5000374c
	[1]		5000364a
ARR 50003731 (sz=24, trace=300000, nelems=2, elem type=java.lang.Object[]@500000ac)
	[0]		5000374a
	[1]		50003604
ARR 50003732 (sz=24, trace=300000, nelems=2, elem type=java.lang.Object[]@500000ac)
	[0]		50003748
	[1]		50003646
ARR 50003733 (sz=24, trace=300000, nelems=2, elem type=java.lang.Object[]@500000ac)
	[0]		50003746
	[1]		5000363e
ARR 50003734 (sz=24, trace=300000, nelems=2, elem type=java.lang.Object[]@500000ac)
	[0]		50003744
	[1]		500035d2
ARR 50003735 (sz=24, trace=300000, nelems=2, elem type=java.lang.Object[]@500000ac)
	[0]		50003742
	[1]		50003642
ARR 50003736 (sz=24, trace=300000, nelems=2, elem type=java.lang.Object[]@500000ac)
	[0]		50003740
	[1]		50003663
ARR 50003737 (sz=24, trace=300000, nelems=2, elem type=java.lang.Object[]@500000ac)
	[0]		5000373e
	[1]		50003611
ARR 50003738 (sz=24, trace=300000, nelems=2, elem type=java.lang.Object[]@500000ac)
	[0]		5000373c
	[1]		500035ed
ARR 50003739 (sz=24, trace=300000, nelems=2, elem type=java.lang.Object[]@500000ac)
	[0]		5000373a
	[1]		5000365f
OBJ 5000373a (sz=32, trace=300000, class=java.lang.String@50000036)
	value		5000373b
ARR 5000373b (sz=12, trace=300000, nelems=6, elem type=char[])
OBJ 5000373c (sz=32, trace=300000, class=java.lang.String@50000036)
	value		5000373d
ARR 5000373d (sz=24, trace=300000, nelems=12, elem type=char[])
OBJ 5000373e (sz=32, trace=300000, class=java.lang.String@50000036)
	value		5000373f
ARR 5000373f (sz=38, trace=300000, nelems=19, elem type=char[])
OBJ 50003740 (sz=32, trace=300000, class=java.lang.String@50000036)
	value		50003741
ARR 50003741 (sz=20, trace=300000, nelems=10, elem type=char[])
OBJ 50003742 (sz=32, trace=300000, class=java.lang.String@50000036)
	value		50003743
ARR 50003743 (sz=12, trace=300000, nelems=6, elem type=char[])
OBJ 50003744 (sz=32, trace=300000, class=java.lang.String@50000036)
	value		50003745
ARR 50003745 (sz=16, trace=300000, nelems=8, elem type=char[])
OBJ 50003746 (sz=32, trace=300000, class=java.lang.String@50000036)
	value		50003747
ARR 50003747 (sz=12, trace=300000, nelems=6, elem type=char[])
OBJ 50003748 (sz=32, trace=300000, class=java.lang.String@50000036)
	value		50003749
ARR 50003749 (sz=12, trace=300000, nelems=6, elem type=char[])
OBJ 5000374a (sz=32, trace=300000, class=java.lang.String@50000036)
	value		5000374b
ARR 5000374b (sz=32, trace=300000, nelems=16, elem type=char[])
OBJ 5000374c (sz=32, trace=300000, class=java.lang.String@50000036)
	value		5000374d
ARR 5000374d (sz=12, trace=300000, nelems=6, elem type=char[])
OBJ 5000374e (sz=32, trace=300000, class=java.lang.String@50000036)
	value		5000374f
ARR 5000374f (sz=12, trace=300000, nelems=6, elem type=char[])
OBJ 50003750 (sz=32, trace=300000, class=java.lang.String@50000036)
	value		50003751
ARR 50003751 (sz=12, trace=300000, nelems=6, elem type=char[])
OBJ 50003752 (sz=32, trace=300000, class=java.lang.String@50000036)
	value		50003753
ARR 50003753 (sz=12, trace=300000, nelems=6, elem type=char[])
OBJ 50003754 (sz=32, trace=300000, class=java.lang.String@50000036)
	value		50003755
ARR 50003755 (sz=32, trace=300000, nelems=16, elem type=char[])
OBJ 50003756 (sz=32, trace=300000, class=java.lang.String@50000036)
	value		50003757
ARR 50003757 (sz=8, trace=300000, nelems=4, elem type=char[])
OBJ 50003758 (sz=32, trace=300000, class=java.lang.String@50000036)
	value		50003759
ARR 50003759 (sz=10, trace=300000, nelems=5, elem type=char[])
OBJ 5000375a (sz=32, trace=300000, class=java.lang.String@50000036)
	value		5000375b
ARR 5000375b (sz=22, trace=300000, nelems=11, elem type=char[])
OBJ 5000375c (sz=32, trace=300000, class=java.lang.String@50000036)
	value		5000375d
ARR 5000375d (sz=16, trace=300000, nelems=8, elem type=char[])
OBJ 5000375e (sz=32, trace=300000, class=java.lang.String@50000036)
	value		5000375f
ARR 5000375f (sz=20, trace=300000, nelems=10, elem type=char[])
OBJ 50003760 (sz=32, trace=300000, class=java.lang.String@50000036)
	value		50003764
ARR 50003761 (sz=24, trace=300000, nelems=2, elem type=java.lang.Object[]@500000ac)
	[0]		50003762
	[1]		50003620
OBJ 50003762 (sz=32, trace=300000, class=java.lang.String@50000036)
	value		50003763
ARR 50003763 (sz=20, trace=300000, nelems=10, elem type=char[])
ARR 50003764 (sz=16, trace=300000, nelems=8, elem type=char[])
OBJ 50003765 (sz=32, trace=300000, class=java.lang.String@50000036)
	value		50003766
ARR 50003766 (sz=20, trace=300000, nelems=10, elem type=char[])
OBJ 50003767 (sz=32, trace=300000, class=java.lang.String@50000036)
	value		50003768
ARR 50003768 (sz=20, trace=300000, nelems=10, elem type=char[])
OBJ 50003769 (sz=32, trace=300000, class=java.lang.String@50000036)
	value		5000376a
ARR 5000376a (sz=24, trace=300000, nelems=12, elem type=char[])
OBJ 5000376b (sz=32, trace=300000, class=java.lang.String@50000036)
	value		5000376f
ARR 5000376c (sz=24, trace=300000, nelems=2, elem type=java.lang.Object[]@500000ac)
	[0]		5000376d
	[1]		5000363a
OBJ 5000376d (sz=32, trace=300000, class=java.lang.String@50000036)
	value		5000376e
ARR 5000376e (sz=20, trace=300000, nelems=10, elem type=char[])
ARR 5000376f (sz=20, trace=300000, nelems=10, elem type=char[])
OBJ 50003770 (sz=32, trace=300000, class=java.lang.String@50000036)
	value		50003771
ARR 50003771 (sz=20, trace=300000, nelems=10, elem type=char[])
OBJ 50003772 (sz=32, trace=300000, class=java.lang.String@50000036)
	value		50003773
ARR 50003773 (sz=12, trace=300000, nelems=6, elem type=char[])
OBJ 50003774 (sz=32, trace=300000, class=java.lang.String@50000036)
	value		50003775
ARR 50003775 (sz=36, trace=300000, nelems=18, elem type=char[])
OBJ 50003776 (sz=32, trace=300000, class=java.lang.String@50000036)
	value		50003777
ARR 50003777 (sz=20, trace=300000, nelems=10, elem type=char[])
OBJ 50003778 (sz=32, trace=300000, class=java.lang.String@50000036)
	value		50003779
ARR 50003779 (sz=18, trace=300000, nelems=9, elem type=char[])
OBJ 5000377a (sz=32, trace=300000, class=java.lang.String@50000036)
	value		5000377b
ARR 5000377b (sz=18, trace=300000, nelems=9, elem type=char[])
OBJ 5000377c (sz=32, trace=300000, class=java.lang.String@50000036)
	value		5000377d
ARR 5000377d (sz=18, trace=300000, nelems=9, elem type=char[])
OBJ 5000377e (sz=32, trace=300000, class=java.lang.String@50000036)
	value		5000377f
ARR 5000377f (sz=18, trace=300000, nelems=9, elem type=char[])
OBJ 50003780 (sz=32, trace=300000, class=java.lang.String@50000036)
	value		50003781
ARR 50003781 (sz=14, trace=300000, nelems=7, elem type=char[])
OBJ 50003782 (sz=32, trace=300000, class=java.lang.String@50000036)
	value		50003783
ARR 50003783 (sz=18, trace=300000, nelems=9, elem type=char[])
OBJ 50003784 (sz=32, trace=300000, class=java.lang.String@50000036)
	value		50003785
ARR 50003785 (sz=18, trace=300000, nelems=9, elem type=char[])
OBJ 50003786 (sz=32, trace=300000, class=java.lang.String@50000036)
	value		50003787
ARR 50003787 (sz=12, trace=300000, nelems=6, elem type=char[])
OBJ 50003788 (sz=32, trace=300000, class=java.lang.String@50000036)
	value		50003789
ARR 50003789 (sz=10, trace=300000, nelems=5, elem type=char[])
OBJ 5000378a (sz=32, trace=300000, class=java.lang.String@50000036)
	value		5000378b
ARR 5000378b (sz=14, trace=300000, nelems=7, elem type=char[])
OBJ 5000378c (sz=32, trace=300000, class=java.lang.String@50000036)
	value		5000378d
ARR 5000378d (sz=30, trace=300000, nelems=15, elem type=char[])
OBJ 5000378e (sz=32, trace=300000, class=java.lang.String@50000036)
	value		5000378f
ARR 5000378f (sz=20, trace=300000, nelems=10, elem type=char[])
OBJ 50003790 (sz=32, trace=300000, class=java.lang.String@50000036)
	value		50003791
ARR 50003791 (sz=20, trace=300000, nelems=10, elem type=char[])
OBJ 50003792 (sz=32, trace=300000, class=java.lang.String@50000036)
	value		50003793
ARR 50003793 (sz=14, trace=300000, nelems=7, elem type=char[])
OBJ 50003794 (sz=32, trace=300000, class=java.lang.String@50000036)
	value		50003795
ARR 50003795 (sz=30, trace=300000, nelems=15, elem type=char[])
OBJ 50003796 (sz=32, trace=300000, class=java.lang.String@50000036)
	value		50003797
ARR 50003797 (sz=10, trace=300000, nelems=5, elem type=char[])
OBJ 50003798 (sz=32, trace=300000, class=java.lang.String@50000036)
	value		50003799
ARR 50003799 (sz=14, trace=300000, nelems=7, elem type=char[])
OBJ 5000379a (sz=32, trace=300000, class=java.lang.String@50000036)
	value		5000379b
ARR 5000379b (sz=4, trace=300000, nelems=2, elem type=char[])
OBJ 5000379c (sz=32, trace=300000, class=java.lang.String@50000036)
	value		5000379d
ARR 5000379d (sz=14, trace=300000, nelems=7, elem type=char[])
OBJ 5000379e (sz=32, trace=300000, class=java.lang.String@50000036)
	value		5000379f
ARR 5000379f (sz=14, trace=300000, nelems=7, elem type=char[])
OBJ 500037a0 (sz=32, trace=300000, class=java.lang.String@50000036)
	value		500037a1
ARR 500037a1 (sz=14, trace=300000, nelems=7, elem type=char[])
OBJ 500037a2 (sz=32, trace=300000, class=java.lang.String@50000036)
	value		500037a3
ARR 500037a3 (sz=24, trace=300000, nelems=12, elem type=char[])
OBJ 500037a4 (sz=32, trace=300000, class=java.lang.String@50000036)
	value		500037a8
ARR 500037a5 (sz=24, trace=300000, nelems=2, elem type=java.lang.Object[]@500000ac)
	[0]		500037a6
	[1]		50003651
OBJ 500037a6 (sz=32, trace=300000, class=java.lang.String@50000036)
	value		500037a7
ARR 500037a7 (sz=16, trace=300000, nelems=8, elem type=char[])
ARR 500037a8 (sz=20, trace=300000, nelems=10, elem type=char[])
OBJ 500037a9 (sz=32, trace=300000, class=java.lang.String@50000036)
	value		500037aa
ARR 500037aa (sz=20, trace=300000, nelems=10, elem type=char[])
OBJ 500037ab (sz=32, trace=300000, class=java.lang.String@50000036)
	value		500037ac
ARR 500037ac (sz=16, trace=300000, nelems=8, elem type=char[])
OBJ 500037ad (sz=32, trace=300000, class=java.lang.String@50000036)
	value		500037b1
ARR 500037ae (sz=24, trace=300000, nelems=2, elem type=java.lang.Object[]@500000ac)
	[0]		500037af
	[1]		5000363e
OBJ 500037af (sz=32, trace=300000, class=java.lang.String@50000036)
	value		500037b0
ARR 500037b0 (sz=12, trace=300000, nelems=6, elem type=char[])
ARR 500037b1 (sz=16, trace=300000, nelems=8, elem type=char[])
OBJ 500037b2 (sz=32, trace=300000, class=java.lang.String@50000036)
	value		500037b3
ARR 500037b3 (sz=12, trace=300000, nelems=6, elem type=char[])
OBJ 500037b4 (sz=32, trace=300000, class=java.lang.String@50000036)
	value		500037b5
ARR 500037b5 (sz=12, trace=300000, nelems=6, elem type=char[])
OBJ 500037b6 (sz=32, trace=300000, class=java.lang.String@50000036)
	value		500037b7
ARR 500037b7 (sz=12, trace=300000, nelems=6, elem type=char[])
OBJ 500037b8 (sz=32, trace=300000, class=java.lang.String@50000036)
	value		500037b9
ARR 500037b9 (sz=12, trace=300000, nelems=6, elem type=char[])
OBJ 500037ba (sz=32, trace=300000, class=java.lang.String@50000036)
	value		500037bb
ARR 500037bb (sz=12, trace=300000, nelems=6, elem type=char[])
OBJ 500037bc (sz=32, trace=300000, class=java.lang.String@50000036)
	value		500037bd
ARR 500037bd (sz=16, trace=300000, nelems=8, elem type=char[])
OBJ 500037be (sz=32, trace=300000, class=java.lang.String@50000036)
	value		500037bf
ARR 500037bf (sz=30, trace=300000, nelems=15, elem type=char[])
OBJ 500037c0 (sz=32, trace=300000, class=java.lang.String@50000036)
	value		500037c1
ARR 500037c1 (sz=16, trace=300000, nelems=8, elem type=char[])
OBJ 500037c2 (sz=32, trace=300000, class=java.lang.String@50000036)
	value		500037c3
ARR 500037c3 (sz=10, trace=300000, nelems=5, elem type=char[])
OBJ 500037c4 (sz=32, trace=300000, class=java.lang.String@50000036)
	value		500037c5
ARR 500037c5 (sz=14, trace=300000, nelems=7, elem type=char[])
OBJ 500037c6 (sz=32, trace=300000, class=java.lang.String@50000036)
	value		500037c7
ARR 500037c7 (sz=30, trace=300000, nelems=15, elem type=char[])
OBJ 500037c8 (sz=32, trace=300000, class=java.lang.String@50000036)
	value		500037c9
ARR 500037c9 (sz=14, trace=300000, nelems=7, elem type=char[])
OBJ 500037ca (sz=32, trace=300000, class=java.lang.String@50000036)
	value		500037cb
ARR 500037cb (sz=20, trace=300000, nelems=10, elem type=char[])
OBJ 500037cc (sz=32, trace=300000, class=java.lang.String@50000036)
	value		500037cd
ARR 500037cd (sz=12, trace=300000, nelems=6, elem type=char[])
OBJ 500037ce (sz=32, trace=300000, class=java.lang.String@50000036)
	value		500037cf
ARR 500037cf (sz=14, trace=300000, nelems=7, elem type=char[])
OBJ 500037d0 (sz=32, trace=300000, class=java.lang.String@50000036)
	value		500037d1
ARR 500037d1 (sz=14, trace=300000, nelems=7, elem type=char[])
OBJ 500037d2 (sz=32, trace=300000, class=java.lang.String@50000036)
	value		500037d3
ARR 500037d3 (sz=20, trace=300000, nelems=10, elem type=char[])
OBJ 500037d4 (sz=32, trace=300000, class=java.lang.String@50000036)
	value		500037d5
ARR 500037d5 (sz=20, trace=300000, nelems=10, elem type=char[])
OBJ 500037d6 (sz=32, trace=300000, class=java.lang.String@50000036)
	value		500037d7
ARR 500037d7 (sz=16, trace=300000, nelems=8, elem type=char[])
OBJ 500037d8 (sz=32, trace=300000, class=java.lang.String@50000036)
	value		500037d9
ARR 500037d9 (sz=10, trace=300000, nelems=5, elem type=char[])
OBJ 500037da (sz=32, trace=300000, class=java.lang.String@50000036)
	value		500037db
ARR 500037db (sz=10, trace=300000, nelems=5, elem type=char[])
OBJ 500037dc (sz=32, trace=300000, class=java.lang.String@50000036)
	value		500037dd
ARR 500037dd (sz=36, trace=300000, nelems=18, elem type=char[])
OBJ 500037de (sz=32, trace=300000, class=java.lang.String@50000036)
	value		500037df
ARR 500037df (sz=14, trace=300000, nelems=7, elem type=char[])
OBJ 500037e0 (sz=32, trace=300000, class=java.lang.String@50000036)
	value		500037e1
ARR 500037e1 (sz=14, trace=300000, nelems=7, elem type=char[])
OBJ 500037e2 (sz=32, trace=300000, class=java.lang.String@50000036)
	value		500037e3
ARR 500037e3 (sz=14, trace=300000, nelems=7, elem type=char[])
OBJ 500037e4 (sz=32, trace=300000, class=java.lang.String@50000036)
	value		500037e5
ARR 500037e5 (sz=14, trace=300000, nelems=7, elem type=char[])
OBJ 500037e6 (sz=32, trace=300000, class=java.lang.String@50000036)
	value		500037e7
ARR 500037e7 (sz=14, trace=300000, nelems=7, elem type=char[])
OBJ 500037e8 (sz=32, trace=300000, class=java.lang.String@50000036)
	value		500037e9
ARR 500037e9 (sz=16, trace=300000, nelems=8, elem type=char[])
OBJ 500037ea (sz=32, trace=300000, class=java.lang.String@50000036)
	value		500037eb
ARR 500037eb (sz=12, trace=300000, nelems=6, elem type=char[])
OBJ 500037ec (sz=32, trace=300000, class=java.lang.String@50000036)
	value		500037ed
ARR 500037ed (sz=20, trace=300000, nelems=10, elem type=char[])
OBJ 500037ee (sz=32, trace=300000, class=java.lang.String@50000036)
	value		500037ef
ARR 500037ef (sz=10, trace=300000, nelems=5, elem type=char[])
OBJ 500037f0 (sz=32, trace=300000, class=java.lang.String@50000036)
	value		500037f1
ARR 500037f1 (sz=24, trace=300000, nelems=12, elem type=char[])
OBJ 500037f2 (sz=32, trace=300000, class=java.lang.String@50000036)
	value		500037f3
ARR 500037f3 (sz=28, trace=300000, nelems=14, elem type=char[])
OBJ 500037f4 (sz=32, trace=300000, class=java.lang.String@50000036)
	value		500037f5
ARR 500037f5 (sz=12, trace=300000, nelems=6, elem type=char[])
OBJ 500037f6 (sz=32, trace=300000, class=java.lang.String@50000036)
	value		500037f7
ARR 500037f7 (sz=20, trace=300000, nelems=10, elem type=char[])
OBJ 500037f8 (sz=32, trace=300000, class=java.lang.String@50000036)
	value		500037f9
ARR 500037f9 (sz=12, trace=300000, nelems=6, elem type=char[])
OBJ 500037fa (sz=32, trace=300000, class=java.lang.String@50000036)
	value		500037fb
ARR 500037fb (sz=12, trace=300000, nelems=6, elem type=char[])
OBJ 500037fc (sz=32, trace=300000, class=java.lang.String@50000036)
	value		500037fd
ARR 500037fd (sz=12, trace=300000, nelems=6, elem type=char[])
OBJ 500037fe (sz=32, trace=300000, class=java.lang.String@50000036)
	value		500037ff
ARR 500037ff (sz=12, trace=300000, nelems=6, elem type=char[])
OBJ 50003800 (sz=32, trace=300000, class=java.lang.String@50000036)
	value		50003801
ARR 50003801 (sz=12, trace=300000, nelems=6, elem type=char[])
OBJ 50003802 (sz=32, trace=300000, class=java.lang.String@50000036)
	value		50003803
ARR 50003803 (sz=6, trace=300000, nelems=3, elem type=char[])
OBJ 50003804 (sz=32, trace=300000, class=java.lang.String@50000036)
	value		50003805
ARR 50003805 (sz=20, trace=300000, nelems=10, elem type=char[])
OBJ 50003806 (sz=32, trace=300000, class=java.lang.String@50000036)
	value		50003807
ARR 50003807 (sz=20, trace=300000, nelems=10, elem type=char[])
OBJ 50003808 (sz=32, trace=300000, class=java.lang.String@50000036)
	value		50003809
ARR 50003809 (sz=10, trace=300000, nelems=5, elem type=char[])
OBJ 5000380a (sz=32, trace=300000, class=java.lang.String@50000036)
	value		5000380b
ARR 5000380b (sz=14, trace=300000, nelems=7, elem type=char[])
OBJ 5000380c (sz=32, trace=300000, class=java.lang.String@50000036)
	value		5000380d
ARR 5000380d (sz=14, trace=300000, nelems=7, elem type=char[])
OBJ 5000380e (sz=32, trace=300000, class=java.lang.String@50000036)
	value		5000380f
ARR 5000380f (sz=28, trace=300000, nelems=14, elem type=char[])
OBJ 50003810 (sz=32, trace=300000, class=java.lang.String@50000036)
	value		50003811
ARR 50003811 (sz=12, trace=300000, nelems=6, elem type=char[])
OBJ 50003812 (sz=32, trace=300000, class=java.lang.String@50000036)
	value		50003813
ARR 50003813 (sz=10, trace=300000, nelems=5, elem type=char[])
OBJ 50003814 (sz=32, trace=300000, class=java.lang.String@50000036)
	value		50003815
ARR 50003815 (sz=10, trace=300000, nelems=5, elem type=char[])
OBJ 50003816 (sz=32, trace=300000, class=java.lang.String@50000036)
	value		50003817
ARR 50003817 (sz=12, trace=300000, nelems=6, elem type=char[])
OBJ 50003818 (sz=32, trace=300000, class=java.lang.String@50000036)
	value		50003819
ARR 50003819 (sz=14, trace=300000, nelems=7, elem type=char[])
OBJ 5000381a (sz=32, trace=300000, class=java.lang.String@50000036)
	value		5000381b
ARR 5000381b (sz=14, trace=300000, nelems=7, elem type=char[])
OBJ 5000381c (sz=32, trace=300000, class=java.lang.String@50000036)
	value		5000381d
ARR 5000381d (sz=30, trace=300000, nelems=15, elem type=char[])
OBJ 5000381e (sz=32, trace=300000, class=java.lang.String@50000036)
	value		5000381f
ARR 5000381f (sz=6, trace=300000, nelems=3, elem type=char[])
OBJ 50003820 (sz=32, trace=300000, class=java.lang.String@50000036)
	value		50003821
ARR 50003821 (sz=8, trace=300000, nelems=4, elem type=char[])
OBJ 50003822 (sz=32, trace=300000, class=java.lang.String@50000036)
	value		50003823
ARR 50003823 (sz=20, trace=300000, nelems=10, elem type=char[])
OBJ 50003824 (sz=32, trace=300000, class=java.lang.String@50000036)
	value		50003825
ARR 50003825 (sz=6, trace=300000, nelems=3, elem type=char[])
OBJ 50003826 (sz=32, trace=300000, class=java.lang.String@50000036)
	value		5000382a
ARR 50003827 (sz=24, trace=300000, nelems=2, elem type=java.lang.Object[]@500000ac)
	[0]		50003828
	[1]		50003615
OBJ 50003828 (sz=32, trace=300000, class=java.lang.String@50000036)
	value		50003829
ARR 50003829 (sz=10, trace=300000, nelems=5, elem type=char[])
ARR 5000382a (sz=10, trace=300000, nelems=5, elem type=char[])
OBJ 5000382b (sz=32, trace=300000, class=java.lang.String@50000036)
	value		5000382f
ARR 5000382c (sz=24, trace=300000, nelems=2, elem type=java.lang.Object[]@500000ac)
	[0]		5000382d
	[1]		500035f3
OBJ 5000382d (sz=32, trace=300000, class=java.lang.String@50000036)
	value		5000382e
ARR 5000382e (sz=4, trace=300000, nelems=2, elem type=char[])
ARR 5000382f (sz=10, trace=300000, nelems=5, elem type=char[])
OBJ 50003830 (sz=32, trace=300000, class=java.lang.String@50000036)
	value		50003831
ARR 50003831 (sz=10, trace=300000, nelems=5, elem type=char[])
OBJ 50003832 (sz=32, trace=300000, class=java.lang.String@50000036)
	value		50003833
ARR 50003833 (sz=4, trace=300000, nelems=2, elem type=char[])
OBJ 50003834 (sz=32, trace=300000, class=java.lang.String@50000036)
	value		50003838
ARR 50003835 (sz=24, trace=300000, nelems=2, elem type=java.lang.Object[]@500000ac)
	[0]		50003836
	[1]		5000362a
OBJ 50003836 (sz=32, trace=300000, class=java.lang.String@50000036)
	value		50003837
ARR 50003837 (sz=4, trace=300000, nelems=2, elem type=char[])
ARR 50003838 (sz=10, trace=300000, nelems=5, elem type=char[])
OBJ 50003839 (sz=32, trace=300000, class=java.lang.String@50000036)
	value		5000383a
ARR 5000383a (sz=16, trace=300000, nelems=8, elem type=char[])
OBJ 5000383b (sz=32, trace=300000, class=java.lang.String@50000036)
	value		50003842
ARR 5000383c (sz=32, trace=300000, nelems=3, elem type=java.lang.Object[]@500000ac)
	[0]		5000383d
	[1]		500035f3
	[2]		5000383e
OBJ 5000383d (sz=32, trace=300000, class=java.lang.String@50000036)
	value		50003841
ARR 5000383e (sz=24, trace=300000, nelems=2, elem type=java.lang.Object[]@500000ac)
	[0]		5000383f
	[1]		50003632
OBJ 5000383f (sz=32, trace=300000, class=java.lang.String@50000036)
	value		50003840
ARR 50003840 (sz=4, trace=300000, nelems=2, elem type=char[])
ARR 50003841 (sz=12, trace=300000, nelems=6, elem type=char[])
ARR 50003842 (sz=10, trace=300000, nelems=5, elem type=char[])
OBJ 50003843 (sz=32, trace=300000, class=java.lang.String@50000036)
	value		50003844
ARR 50003844 (sz=4, trace=300000, nelems=2, elem type=char[])
OBJ 50003845 (sz=32, trace=300000, class=java.lang.String@50000036)
	value		50003846
ARR 50003846 (sz=14, trace=300000, nelems=7, elem type=char[])
OBJ 50003847 (sz=32, trace=300000, class=java.lang.String@50000036)
	value		5000384b
ARR 50003848 (sz=24, trace=300000, nelems=2, elem type=java.lang.Object[]@500000ac)
	[0]		50003849
	[1]		5000362a
OBJ 50003849 (sz=32, trace=300000, class=java.lang.String@50000036)
	value		5000384a
ARR 5000384a (sz=14, trace=300000, nelems=7, elem type=char[])
ARR 5000384b (sz=12, trace=300000, nelems=6, elem type=char[])
OBJ 5000384c (sz=32, trace=300000, class=java.lang.String@50000036)
	value		5000384d
ARR 5000384d (sz=14, trace=300000, nelems=7, elem type=char[])
OBJ 5000384e (sz=32, trace=300000, class=java.lang.String@50000036)
	value		50003852
ARR 5000384f (sz=24, trace=300000, nelems=2, elem type=java.lang.Object[]@500000ac)
	[0]		50003850
	[1]		50003604
OBJ 50003850 (sz=32, trace=300000, class=java.lang.String@50000036)
	value		50003851
ARR 50003851 (sz=6, trace=300000, nelems=3, elem type=char[])
ARR 50003852 (sz=12, trace=300000, nelems=6, elem type=char[])
OBJ 50003853 (sz=32, trace=300000, class=java.lang.String@50000036)
	value		50003854
ARR 50003854 (sz=22, trace=300000, nelems=11, elem type=char[])
OBJ 50003855 (sz=32, trace=300000, class=java.lang.String@50000036)
	value		50003856
ARR 50003856 (sz=22, trace=300000, nelems=11, elem type=char[])
OBJ 50003857 (sz=32, trace=300000, class=java.lang.String@50000036)
	value		50003858
ARR 50003858 (sz=12, trace=300000, nelems=6, elem type=char[])
OBJ 50003859 (sz=32, trace=300000, class=java.lang.String@50000036)
	value		5000385a
ARR 5000385a (sz=12, trace=300000, nelems=6, elem type=char[])
OBJ 5000385b (sz=32, trace=300000, class=java.lang.String@50000036)
	value		5000385c
ARR 5000385c (sz=12, trace=300000, nelems=6, elem type=char[])
OBJ 5000385d (sz=32, trace=300000, class=java.lang.String@50000036)
	value		5000385e
ARR 5000385e (sz=18, trace=300000, nelems=9, elem type=char[])
OBJ 5000385f (sz=32, trace=300000, class=java.lang.String@50000036)
	value		50003860
ARR 50003860 (sz=18, trace=300000, nelems=9, elem type=char[])
OBJ 50003861 (sz=32, trace=300000, class=java.lang.String@50000036)
	value		50003862
ARR 50003862 (sz=18, trace=300000, nelems=9, elem type=char[])
OBJ 50003863 (sz=32, trace=300000, class=java.lang.String@50000036)
	value		50003864
ARR 50003864 (sz=18, trace=300000, nelems=9, elem type=char[])
OBJ 50003865 (sz=32, trace=300000, class=java.lang.String@50000036)
	value		50003866
ARR 50003866 (sz=18, trace=300000, nelems=9, elem type=char[])
OBJ 50003867 (sz=32, trace=300000, class=java.lang.String@50000036)
	value		50003868
ARR 50003868 (sz=18, trace=300000, nelems=9, elem type=char[])
OBJ 50003869 (sz=32, trace=300000, class=java.lang.String@50000036)
	value		5000386a
ARR 5000386a (sz=42, trace=300000, nelems=21, elem type=char[])
OBJ 5000386b (sz=32, trace=300000, class=java.lang.String@50000036)
	value		5000386c
ARR 5000386c (sz=6, trace=300000, nelems=3, elem type=char[])
OBJ 5000386d (sz=32, trace=300000, class=java.lang.String@50000036)
	value		5000386e
ARR 5000386e (sz=30, trace=300000, nelems=15, elem type=char[])
OBJ 5000386f (sz=32, trace=300000, class=java.lang.String@50000036)
	value		50003870
ARR 50003870 (sz=20, trace=300000, nelems=10, elem type=char[])
OBJ 50003871 (sz=32, trace=300000, class=java.lang.String@50000036)
	value		50003872
ARR 50003872 (sz=30, trace=300000, nelems=15, elem type=char[])
OBJ 50003873 (sz=32, trace=300000, class=java.lang.String@50000036)
	value		50003874
ARR 50003874 (sz=20, trace=300000, nelems=10, elem type=char[])
OBJ 50003875 (sz=32, trace=300000, class=java.lang.String@50000036)
	value		50003876
ARR 50003876 (sz=6, trace=300000, nelems=3, elem type=char[])
OBJ 50003877 (sz=32, trace=300000, class=java.lang.String@50000036)
	value		50003878
ARR 50003878 (sz=6, trace=300000, nelems=3, elem type=char[])
OBJ 50003879 (sz=32, trace=300000, class=java.lang.String@50000036)
	value		5000387a
ARR 5000387a (sz=22, trace=300000, nelems=11, elem type=char[])
OBJ 5000387b (sz=32, trace=300000, class=java.lang.String@50000036)
	value		5000387c
ARR 5000387c (sz=14, trace=300000, nelems=7, elem type=char[])
OBJ 5000387d (sz=32, trace=300000, class=java.lang.String@50000036)
	value		50003881
ARR 5000387e (sz=24, trace=300000, nelems=2, elem type=java.lang.Object[]@500000ac)
	[0]		5000387f
	[1]		50003615
OBJ 5000387f (sz=32, trace=300000, class=java.lang.String@50000036)
	value		50003880
ARR 50003880 (sz=6, trace=300000, nelems=3, elem type=char[])
ARR 50003881 (sz=6, trace=300000, nelems=3, elem type=char[])
OBJ 50003882 (sz=32, trace=300000, class=java.lang.String@50000036)
	value		50003886
ARR 50003883 (sz=24, trace=300000, nelems=2, elem type=java.lang.Object[]@500000ac)
	[0]		50003884
	[1]		50003604
OBJ 50003884 (sz=32, trace=300000, class=java.lang.String@50000036)
	value		50003885
ARR 50003885 (sz=16, trace=300000, nelems=8, elem type=char[])
ARR 50003886 (sz=6, trace=300000, nelems=3, elem type=char[])
OBJ 50003887 (sz=32, trace=300000, class=java.lang.String@50000036)
	value		50003888
ARR 50003888 (sz=6, trace=300000, nelems=3, elem type=char[])
OBJ 50003889 (sz=32, trace=300000, class=java.lang.String@50000036)
	value		5000388a
ARR 5000388a (sz=6, trace=300000, nelems=3, elem type=char[])
OBJ 5000388b (sz=32, trace=300000, class=java.lang.String@50000036)
	value		5000388f
ARR 5000388c (sz=24, trace=300000, nelems=2, elem type=java.lang.Object[]@500000ac)
	[0]		5000388d
	[1]		50003636
OBJ 5000388d (sz=32, trace=300000, class=java.lang.String@50000036)
	value		5000388e
ARR 5000388e (sz=10, trace=300000, nelems=5, elem type=char[])
ARR 5000388f (sz=6, trace=300000, nelems=3, elem type=char[])
OBJ 50003890 (sz=32, trace=300000, class=java.lang.String@50000036)
	value		50003891
ARR 50003891 (sz=10, trace=300000, nelems=5, elem type=char[])
OBJ 50003892 (sz=32, trace=300000, class=java.lang.String@50000036)
	value		50003896
ARR 50003893 (sz=24, trace=300000, nelems=2, elem type=java.lang.Object[]@500000ac)
	[0]		50003894
	[1]		50003657
OBJ 50003894 (sz=32, trace=300000, class=java.lang.String@50000036)
	value		50003895
ARR 50003895 (sz=18, trace=300000, nelems=9, elem type=char[])
ARR 50003896 (sz=32, trace=300000, nelems=16, elem type=char[])
OBJ 50003897 (sz=32, trace=300000, class=java.lang.String@50000036)
	value		50003898
ARR 50003898 (sz=16, trace=300000, nelems=8, elem type=char[])
OBJ 50003899 (sz=32, trace=300000, class=java.lang.String@50000036)
	value		5000389a
ARR 5000389a (sz=24, trace=300000, nelems=12, elem type=char[])
OBJ 5000389b (sz=32, trace=300000, class=java.lang.String@50000036)
	value		5000389c
ARR 5000389c (sz=10, trace=300000, nelems=5, elem type=char[])
OBJ 5000389d (sz=32, trace=300000, class=java.lang.String@50000036)
	value		5000389e
ARR 5000389e (sz=10, trace=300000, nelems=5, elem type=char[])
OBJ 5000389f (sz=32, trace=300000, class=java.lang.String@50000036)
	value		500038a0
ARR 500038a0 (sz=10, trace=300000, nelems=5, elem type=char[])
OBJ 500038a1 (sz=32, trace=300000, class=java.lang.String@50000036)
	value		500038a2
ARR 500038a2 (sz=10, trace=300000, nelems=5, elem type=char[])
OBJ 500038a3 (sz=32, trace=300000, class=java.lang.String@50000036)
	value		500038a4
ARR 500038a4 (sz=10, trace=300000, nelems=5, elem type=char[])
OBJ 500038a5 (sz=32, trace=300000, class=java.lang.String@50000036)
	value		500038a6
ARR 500038a6 (sz=12, trace=300000, nelems=6, elem type=char[])
OBJ 500038a7 (sz=32, trace=300000, class=java.lang.String@50000036)
	value		500038a8
ARR 500038a8 (sz=12, trace=300000, nelems=6, elem type=char[])
OBJ 500038a9 (sz=32, trace=300000, class=java.lang.String@50000036)
	value		500038aa
ARR 500038aa (sz=16, trace=300000, nelems=8, elem type=char[])
OBJ 500038ab (sz=32, trace=300000, class=java.lang.String@50000036)
	value		500038ac
ARR 500038ac (sz=20, trace=300000, nelems=10, elem type=char[])
OBJ 500038ad (sz=32, trace=300000, class=java.lang.String@50000036)
	value		500038ae
ARR 500038ae (sz=34, trace=300000, nelems=17, elem type=char[])
OBJ 500038af (sz=32, trace=300000, class=java.lang.String@50000036)
	value		500038b0
ARR 500038b0 (sz=6, trace=300000, nelems=3, elem type=char[])
OBJ 500038b1 (sz=32, trace=300000, class=java.lang.String@50000036)
	value		500038b2
ARR 500038b2 (sz=30, trace=300000, nelems=15, elem type=char[])
OBJ 500038b3 (sz=32, trace=300000, class=java.lang.String@50000036)
	value		500038b4
ARR 500038b4 (sz=12, trace=300000, nelems=6, elem type=char[])
OBJ 500038b5 (sz=32, trace=300000, class=java.lang.String@50000036)
	value		500038b6
ARR 500038b6 (sz=12, trace=300000, nelems=6, elem type=char[])
OBJ 500038b7 (sz=32, trace=300000, class=java.lang.String@50000036)
	value		500038bb
ARR 500038b8 (sz=24, trace=300000, nelems=2, elem type=java.lang.Object[]@500000ac)
	[0]		500038b9
	[1]		50003626
OBJ 500038b9 (sz=32, trace=300000, class=java.lang.String@50000036)
	value		500038ba
ARR 500038ba (sz=12, trace=300000, nelems=6, elem type=char[])
ARR 500038bb (sz=6, trace=300000, nelems=3, elem type=char[])
OBJ 500038bc (sz=32, trace=300000, class=java.lang.String@50000036)
	value		500038bd
ARR 500038bd (sz=12, trace=300000, nelems=6, elem type=char[])
OBJ 500038be (sz=32, trace=300000, class=java.lang.String@50000036)
	value		500038bf
ARR 500038bf (sz=12, trace=300000, nelems=6, elem type=char[])
OBJ 500038c0 (sz=32, trace=300000, class=java.lang.String@50000036)
	value		500038c4
ARR 500038c1 (sz=24, trace=300000, nelems=2, elem type=java.lang.Object[]@500000ac)
	[0]		500038c2
	[1]		50003636
OBJ 500038c2 (sz=32, trace=300000, class=java.lang.String@50000036)
	value		500038c3
ARR 500038c3 (sz=12, trace=300000, nelems=6, elem type=char[])
ARR 500038c4 (sz=36, trace=300000, nelems=18, elem type=char[])
OBJ 500038c5 (sz=32, trace=300000, class=java.lang.String@50000036)
	value		500038c6
ARR 500038c6 (sz=22, trace=300000, nelems=11, elem type=char[])
OBJ 500038c7 (sz=32, trace=300000, class=java.lang.String@50000036)
	value		500038c8
ARR 500038c8 (sz=6, trace=300000, nelems=3, elem type=char[])
OBJ 500038c9 (sz=32, trace=300000, class=java.lang.String@50000036)
	value		500038ca
ARR 500038ca (sz=6, trace=300000, nelems=3, elem type=char[])
OBJ 500038cb (sz=32, trace=300000, class=java.lang.String@50000036)
	value		500038cc
ARR 500038cc (sz=6, trace=300000, nelems=3, elem type=char[])
OBJ 500038cd (sz=32, trace=300000, class=java.lang.String@50000036)
	value		500038ce
ARR 500038ce (sz=6, trace=300000, nelems=3, elem type=char[])
OBJ 500038cf (sz=32, trace=300000, class=java.lang.String@50000036)
	value		500038d0
ARR 500038d0 (sz=6, trace=300000, nelems=3, elem type=char[])
OBJ 500038d1 (sz=32, trace=300000, class=java.lang.String@50000036)
	value		500038d2
ARR 500038d2 (sz=30, trace=300000, nelems=15, elem type=char[])
OBJ 500038d3 (sz=32, trace=300000, class=java.lang.String@50000036)
	value		500038d4
ARR 500038d4 (sz=18, trace=300000, nelems=9, elem type=char[])
OBJ 500038d5 (sz=32, trace=300000, class=java.lang.String@50000036)
	value		500038d6
ARR 500038d6 (sz=26, trace=300000, nelems=13, elem type=char[])
OBJ 500038d7 (sz=32, trace=300000, class=java.lang.String@50000036)
	value		500038d8
ARR 500038d8 (sz=22, trace=300000, nelems=11, elem type=char[])
OBJ 500038d9 (sz=32, trace=300000, class=java.lang.String@50000036)
	value		500038da
ARR 500038da (sz=22, trace=300000, nelems=11, elem type=char[])
OBJ 500038db (sz=32, trace=300000, class=java.lang.String@50000036)
	value		500038dc
ARR 500038dc (sz=22, trace=300000, nelems=11, elem type=char[])
OBJ 500038dd (sz=32, trace=300000, class=java.lang.String@50000036)
	value		500038de
ARR 500038de (sz=22, trace=300000, nelems=11, elem type=char[])
OBJ 500038df (sz=32, trace=300000, class=java.lang.String@50000036)
	value		500038e0
ARR 500038e0 (sz=22, trace=300000, nelems=11, elem type=char[])
OBJ 500038e1 (sz=32, trace=300000, class=java.lang.String@50000036)
	value		500038e2
ARR 500038e2 (sz=22, trace=300000, nelems=11, elem type=char[])
ARR 500038e3 (sz=272, trace=300000, nelems=63, elem type=java.lang.Object[]@500000ac)
	[0]		500038e4
	[4]		500038e5
	[5]		500038e6
	[6]		500038e7
	[7]		500038e8
	[8]		500038e9
	[9]		500038ea
	[10]		500038eb
	[11]		500038ec
	[13]		500038ed
	[14]		500038ee
	[16]		500038ef
	[17]		500038f0
	[18]		500038f1
	[19]		500038f2
	[20]		500038f3
	[22]		500038f4
	[24]		500038f5
	[28]		500038f6
	[31]		500038f7
	[33]		500038f8
	[34]		500038f9
	[35]		500038fa
	[36]		500038fb
	[37]		500038fc
	[38]		500038fd
	[39]		500038fe
	[44]		500038ff
	[48]		50003900
	[56]		50003901
	[59]		50003902
	[62]		50003903
ARR 500038e4 (sz=24, trace=300000, nelems=1, elem type=java.lang.Object[]@500000ac)
	[0]		50003671
ARR 500038e5 (sz=32, trace=300000, nelems=3, elem type=java.lang.Object[]@500000ac)
	[0]		50003663
	[1]		500035a9
	[2]		500039cc
ARR 500038e6 (sz=24, trace=300000, nelems=1, elem type=java.lang.Object[]@500000ac)
	[0]		5000365f
ARR 500038e7 (sz=24, trace=300000, nelems=1, elem type=java.lang.Object[]@500000ac)
	[0]		5000365b
ARR 500038e8 (sz=24, trace=300000, nelems=1, elem type=java.lang.Object[]@500000ac)
	[0]		50003657
ARR 500038e9 (sz=32, trace=300000, nelems=3, elem type=java.lang.Object[]@500000ac)
	[0]		5000364e
	[2]		500039cb
ARR 500038ea (sz=24, trace=300000, nelems=1, elem type=java.lang.Object[]@500000ac)
	[0]		5000364a
ARR 500038eb (sz=24, trace=300000, nelems=1, elem type=java.lang.Object[]@500000ac)
	[0]		50003646
ARR 500038ec (sz=24, trace=300000, nelems=1, elem type=java.lang.Object[]@500000ac)
	[0]		50003642
ARR 500038ed (sz=24, trace=300000, nelems=1, elem type=java.lang.Object[]@500000ac)
	[0]		5000363e
ARR 500038ee (sz=24, trace=300000, nelems=1, elem type=java.lang.Object[]@500000ac)
	[0]		5000363a
ARR 500038ef (sz=24, trace=300000, nelems=1, elem type=java.lang.Object[]@500000ac)
	[0]		50003636
ARR 500038f0 (sz=24, trace=300000, nelems=1, elem type=java.lang.Object[]@500000ac)
	[0]		50003632
ARR 500038f1 (sz=24, trace=300000, nelems=2, elem type=java.lang.Object[]@500000ac)
	[0]		5000362e
	[1]		500039b5
ARR 500038f2 (sz=24, trace=300000, nelems=1, elem type=java.lang.Object[]@500000ac)
	[0]		5000362a
ARR 500038f3 (sz=24, trace=300000, nelems=1, elem type=java.lang.Object[]@500000ac)
	[0]		50003626
ARR 500038f4 (sz=32, trace=300000, nelems=3, elem type=java.lang.Object[]@500000ac)
	[0]		5000361d
	[2]		500039b4
ARR 500038f5 (sz=24, trace=300000, nelems=1, elem type=java.lang.Object[]@500000ac)
	[0]		50003619
ARR 500038f6 (sz=24, trace=300000, nelems=1, elem type=java.lang.Object[]@500000ac)
	[0]		50003615
ARR 500038f7 (sz=24, trace=300000, nelems=1, elem type=java.lang.Object[]@500000ac)
	[0]		50003611
ARR 500038f8 (sz=32, trace=300000, nelems=3, elem type=java.lang.Object[]@500000ac)
	[0]		50003608
	[2]		500039b3
ARR 500038f9 (sz=24, trace=300000, nelems=2, elem type=java.lang.Object[]@500000ac)
	[0]		50003604
	[1]		50001c1d
ARR 500038fa (sz=24, trace=300000, nelems=1, elem type=java.lang.Object[]@500000ac)
	[0]		50003600
ARR 500038fb (sz=32, trace=300000, nelems=3, elem type=java.lang.Object[]@500000ac)
	[0]		500035f7
	[2]		50003905
ARR 500038fc (sz=24, trace=300000, nelems=1, elem type=java.lang.Object[]@500000ac)
	[0]		500035f3
ARR 500038fd (sz=32, trace=300000, nelems=3, elem type=java.lang.Object[]@500000ac)
	[0]		500035ea
	[2]		50003904
ARR 500038fe (sz=24, trace=300000, nelems=1, elem type=java.lang.Object[]@500000ac)
	[0]		500035e6
ARR 500038ff (sz=24, trace=300000, nelems=1, elem type=java.lang.Object[]@500000ac)
	[0]		500035e2
ARR 50003900 (sz=24, trace=300000, nelems=1, elem type=java.lang.Object[]@500000ac)
	[0]		500035de
ARR 50003901 (sz=24, trace=300000, nelems=1, elem type=java.lang.Object[]@500000ac)
	[0]		500035da
ARR 50003902 (sz=24, trace=300000, nelems=1, elem type=java.lang.Object[]@500000ac)
	[0]		500035d6
ARR 50003903 (sz=24, trace=300000, nelems=1, elem type=java.lang.Object[]@500000ac)
	[0]		500035d2
ARR 50003904 (sz=24, trace=300000, nelems=1, elem type=java.lang.Object[]@500000ac)
	[0]		500035ed
ARR 50003905 (sz=24, trace=300000, nelems=1, elem type=java.lang.Object[]@500000ac)
	[0]		500035fa
ARR 50003906 (sz=72, trace=300000, nelems=14, elem type=java.lang.String[]@50000037)
	[0]		50003884
	[1]		50003909
	[2]		5000390a
	[3]		5000390b
	[4]		5000390c
	[5]		5000379a
	[6]		5000390d
	[7]		50003796
	[8]		5000390e
	[9]		500037c4
	[10]		50003850
	[11]		50003754
	[12]		5000390f
	[13]		50003786
OBJ 50003907 (sz=32, trace=300000, class=java.lang.String@50000036)
	value		50003908
ARR 50003908 (sz=16, trace=300000, nelems=8, elem type=char[])
OBJ 50003909 (sz=32, trace=300000, class=java.lang.String@50000036)
	value		50003916
OBJ 5000390a (sz=32, trace=300000, class=java.lang.String@50000036)
	value		50003915
OBJ 5000390b (sz=32, trace=300000, class=java.lang.String@50000036)
	value		50003914
OBJ 5000390c (sz=32, trace=300000, class=java.lang.String@50000036)
	value		50003913
OBJ 5000390d (sz=32, trace=300000, class=java.lang.String@50000036)
	value		50003912
OBJ 5000390e (sz=32, trace=300000, class=java.lang.String@50000036)
	value		50003911
OBJ 5000390f (sz=32, trace=300000, class=java.lang.String@50000036)
	value		50003910
ARR 50003910 (sz=28, trace=300000, nelems=14, elem type=char[])
ARR 50003911 (sz=14, trace=300000, nelems=7, elem type=char[])
ARR 50003912 (sz=12, trace=300000, nelems=6, elem type=char[])
ARR 50003913 (sz=18, trace=300000, nelems=9, elem type=char[])
ARR 50003914 (sz=10, trace=300000, nelems=5, elem type=char[])
ARR 50003915 (sz=32, trace=300000, nelems=16, elem type=char[])
ARR 50003916 (sz=28, trace=300000, nelems=14, elem type=char[])
OBJ 50003917 (sz=32, trace=300000, class=java.lang.String@50000036)
	value		50003978
OBJ 50003918 (sz=32, trace=300000, class=java.lang.String@50000036)
	value		5000397b
OBJ 50003919 (sz=32, trace=300000, class=java.lang.String@50000036)
	value		5000397a
OBJ 5000391a (sz=32, trace=300000, class=java.lang.String@50000036)
	value		50003979
OBJ 5000391b (sz=32, trace=300000, class=java.lang.String@50000036)
	value		5000397d
OBJ 5000391c (sz=32, trace=300000, class=java.lang.String@50000036)
	value		5000397c
OBJ 5000391d (sz=32, trace=300000, class=java.lang.String@50000036)
	value		5000397e
OBJ 5000391e (sz=32, trace=300000, class=java.lang.String@50000036)
	value		5000397f
OBJ 5000391f (sz=32, trace=300000, class=java.lang.String@50000036)
	value		50003980
OBJ 50003920 (sz=32, trace=300000, class=java.lang.String@50000036)
	value		50003981
OBJ 50003921 (sz=32, trace=300000, class=java.lang.String@50000036)
	value		50003982
OBJ 50003922 (sz=32, trace=300000, class=java.lang.String@50000036)
	value		50003983
OBJ 50003923 (sz=32, trace=300000, class=java.lang.String@50000036)
	value		5000398a
OBJ 50003924 (sz=32, trace=300000, class=java.lang.String@50000036)
	value		50003989
OBJ 50003925 (sz=32, trace=300000, class=java.lang.String@50000036)
	value		50003988
OBJ 50003926 (sz=32, trace=300000, class=java.lang.String@50000036)
	value		50003987
OBJ 50003927 (sz=32, trace=300000, class=java.lang.String@50000036)
	value		50003986
OBJ 50003928 (sz=32, trace=300000, class=java.lang.String@50000036)
	value		50003985
OBJ 50003929 (sz=32, trace=300000, class=java.lang.String@50000036)
	value		50003984
OBJ 5000392a (sz=32, trace=300000, class=java.lang.String@50000036)
	value		5000398e
OBJ 5000392b (sz=32, trace=300000, class=java.lang.String@50000036)
	value		5000398d
OBJ 5000392c (sz=32, trace=300000, class=java.lang.String@50000036)
	value		5000398c
OBJ 5000392d (sz=32, trace=300000, class=java.lang.String@50000036)
	value		5000398b
OBJ 5000392e (sz=32, trace=300000, class=java.lang.String@50000036)
	value		50003991
OBJ 5000392f (sz=32, trace=300000, class=java.lang.String@50000036)
	value		50003990
OBJ 50003930 (sz=32, trace=300000, class=java.lang.String@50000036)
	value		5000398f
OBJ 50003931 (sz=32, trace=300000, class=java.lang.String@50000036)
	value		50003995
OBJ 50003932 (sz=32, trace=300000, class=java.lang.String@50000036)
	value		50003994
OBJ 50003933 (sz=32, trace=300000, class=java.lang.String@50000036)
	value		50003993
OBJ 50003934 (sz=32, trace=300000, class=java.lang.String@50000036)
	value		50003992
OBJ 50003935 (sz=32, trace=300000, class=java.lang.String@50000036)
	value		5000399a
OBJ 50003936 (sz=32, trace=300000, class=java.lang.String@50000036)
	value		50003999
OBJ 50003937 (sz=32, trace=300000, class=java.lang.String@50000036)
	value		50003998
OBJ 50003938 (sz=32, trace=300000, class=java.lang.String@50000036)
	value		50003997
OBJ 50003939 (sz=32, trace=300000, class=java.lang.String@50000036)
	value		50003996
OBJ 5000393a (sz=32, trace=300000, class=java.lang.String@50000036)
	value		5000399e
OBJ 5000393b (sz=32, trace=300000, class=java.lang.String@50000036)
	value		5000399d
OBJ 5000393c (sz=32, trace=300000, class=java.lang.String@50000036)
	value		5000399c
OBJ 5000393d (sz=32, trace=300000, class=java.lang.String@50000036)
	value		5000399b
OBJ 5000393e (sz=32, trace=300000, class=java.lang.String@50000036)
	value		5000399f
OBJ 5000393f (sz=32, trace=300000, class=java.lang.String@50000036)
	value		500039ab
OBJ 50003940 (sz=32, trace=300000, class=java.lang.String@50000036)
	value		500039aa
OBJ 50003941 (sz=32, trace=300000, class=java.lang.String@50000036)
	value		500039a9
OBJ 50003942 (sz=32, trace=300000, class=java.lang.String@50000036)
	value		500039a8
OBJ 50003943 (sz=32, trace=300000, class=java.lang.String@50000036)
	value		500039a7
OBJ 50003944 (sz=32, trace=300000, class=java.lang.String@50000036)
	value		500039a6
OBJ 50003945 (sz=32, trace=300000, class=java.lang.String@50000036)
	value		500039a5
OBJ 50003946 (sz=32, trace=300000, class=java.lang.String@50000036)
	value		500039a4
OBJ 50003947 (sz=32, trace=300000, class=java.lang.String@50000036)
	value		500039a3
OBJ 50003948 (sz=32, trace=300000, class=java.lang.String@50000036)
	value		500039a2
OBJ 50003949 (sz=32, trace=300000, class=java.lang.String@50000036)
	value		500039a1
OBJ 5000394a (sz=32, trace=300000, class=java.lang.String@50000036)
	value		500039a0
OBJ 5000394b (sz=32, trace=300000, class=java.lang.String@50000036)
	value		500039ac
OBJ 5000394c (sz=32, trace=300000, class=java.lang.String@50000036)
	value		500039ad
OBJ 5000394d (sz=32, trace=300000, class=java.lang.String@50000036)
	value		500039ae
OBJ 5000394e (sz=32, trace=300000, class=java.lang.String@50000036)
	value		500039af
OBJ 5000394f (sz=32, trace=300000, class=java.lang.String@50000036)
	value		500039b1
OBJ 50003950 (sz=32, trace=300000, class=java.lang.String@50000036)
	value		500039b0
ARR 50003951 (sz=40, trace=300000, nelems=5, elem type=java.lang.String[]@50000037)
	[0]		50003824
	[1]		5000394f
	[2]		50003879
	[3]		50003664
	[4]		50003950
ARR 50003952 (sz=32, trace=300000, nelems=4, elem type=java.lang.String[]@50000037)
	[0]		50003808
	[1]		500037cc
	[2]		500037c8
	[3]		5000386b
ARR 50003953 (sz=40, trace=300000, nelems=5, elem type=java.lang.String[]@50000037)
	[0]		50003812
	[1]		50003666
	[2]		500037ce
	[3]		50003875
	[4]		5000394e
ARR 50003954 (sz=40, trace=300000, nelems=6, elem type=java.lang.String[]@50000037)
	[0]		50003814
	[1]		50003671
	[2]		500037d0
	[3]		50003877
	[4]		5000394d
	[5]		50003774
ARR 50003955 (sz=32, trace=300000, nelems=4, elem type=java.lang.String[]@50000037)
	[0]		50003826
	[1]		50003776
	[2]		5000379e
	[3]		5000387d
ARR 50003956 (sz=40, trace=300000, nelems=5, elem type=java.lang.String[]@50000037)
	[0]		5000382b
	[1]		500035ea
	[2]		500037e0
	[3]		50003882
	[4]		5000394c
ARR 50003957 (sz=40, trace=300000, nelems=5, elem type=java.lang.String[]@50000037)
	[0]		50003830
	[1]		500037e2
	[2]		500035f7
	[3]		50003887
	[4]		5000375c
ARR 50003958 (sz=40, trace=300000, nelems=5, elem type=java.lang.String[]@50000037)
	[0]		50003834
	[1]		50003608
	[2]		500037e4
	[3]		50003889
	[4]		5000394b
ARR 50003959 (sz=40, trace=300000, nelems=5, elem type=java.lang.String[]@50000037)
	[0]		5000383b
	[1]		500037e6
	[2]		50003611
	[3]		5000388b
	[4]		5000373e
ARR 5000395a (sz=32, trace=300000, nelems=4, elem type=java.lang.String[]@50000037)
	[0]		500037ee
	[1]		5000360b
	[2]		500037a0
	[3]		5000381e
ARR 5000395b (sz=32, trace=300000, nelems=4, elem type=java.lang.String[]@50000037)
	[0]		50003828
	[1]		500037ea
	[2]		500037de
	[3]		5000387f
ARR 5000395c (sz=40, trace=300000, nelems=6, elem type=java.lang.String[]@50000037)
	[0]		500037da
	[1]		500035fa
	[2]		50003792
	[3]		50003802
	[4]		50003892
	[5]		5000375a
ARR 5000395d (sz=24, trace=300000, nelems=2, elem type=java.lang.String[]@50000037)
	[0]		500037af
	[1]		50003746
ARR 5000395e (sz=24, trace=300000, nelems=2, elem type=java.lang.String[]@50000037)
	[0]		500037b2
	[1]		50003748
ARR 5000395f (sz=24, trace=300000, nelems=2, elem type=java.lang.String[]@50000037)
	[0]		500037b4
	[1]		5000374c
ARR 50003960 (sz=24, trace=300000, nelems=2, elem type=java.lang.String[]@50000037)
	[0]		500037b6
	[1]		5000374e
ARR 50003961 (sz=32, trace=300000, nelems=3, elem type=java.lang.String[]@50000037)
	[0]		500037b8
	[1]		50003750
	[2]		50003894
ARR 50003962 (sz=24, trace=300000, nelems=2, elem type=java.lang.String[]@50000037)
	[0]		500037ba
	[1]		50003752
ARR 50003963 (sz=24, trace=300000, nelems=1, elem type=java.lang.String[]@50000037)
	[0]		500038a5
ARR 50003964 (sz=32, trace=300000, nelems=3, elem type=java.lang.String[]@50000037)
	[0]		500038a7
	[1]		50003820
	[2]		50003780
ARR 50003965 (sz=80, trace=300000, nelems=15, elem type=java.lang.String[]@50000037)
	[0]		5000393f
	[1]		50003798
	[2]		50003940
	[3]		50003941
	[4]		50003942
	[5]		50003943
	[6]		50003944
	[7]		5000389b
	[8]		500038c7
	[9]		50003945
	[10]		50003946
	[11]		50003947
	[12]		50003948
	[13]		50003949
	[14]		5000394a
ARR 50003966 (sz=32, trace=300000, nelems=4, elem type=java.lang.String[]@50000037)
	[0]		500037a9
	[1]		5000379c
	[2]		50003855
	[3]		5000393e
ARR 50003967 (sz=72, trace=300000, nelems=13, elem type=java.lang.String[]@50000037)
	[0]		5000385d
	[1]		500038b3
	[2]		500037d2
	[3]		5000393a
	[4]		5000393b
	[5]		5000393c
	[6]		500037f8
	[7]		50003832
	[8]		50003847
	[9]		5000381a
	[10]		500038c9
	[11]		5000389d
	[12]		5000393d
ARR 50003968 (sz=80, trace=300000, nelems=16, elem type=java.lang.String[]@50000037)
	[0]		5000385f
	[1]		500038b5
	[2]		500037ec
	[3]		50003935
	[4]		50003936
	[5]		50003937
	[6]		50003938
	[7]		50003788
	[8]		5000384e
	[9]		50003939
	[10]		50003769
	[11]		50003816
	[12]		5000380c
	[13]		500038b7
	[14]		50003890
	[15]		5000377a
ARR 50003969 (sz=64, trace=300000, nelems=12, elem type=java.lang.String[]@50000037)
	[0]		50003861
	[1]		500038b9
	[2]		500037d4
	[3]		50003931
	[4]		50003932
	[5]		50003933
	[6]		50003839
	[7]		50003857
	[8]		50003845
	[9]		5000389f
	[10]		500038cb
	[11]		50003934
ARR 5000396a (sz=72, trace=300000, nelems=13, elem type=java.lang.String[]@50000037)
	[0]		50003863
	[1]		5000377e
	[2]		500038bc
	[3]		500037f6
	[4]		5000392e
	[5]		5000392f
	[6]		500037fa
	[7]		50003836
	[8]		50003859
	[9]		50003849
	[10]		500038a1
	[11]		500038cd
	[12]		50003930
ARR 5000396b (sz=72, trace=300000, nelems=13, elem type=java.lang.String[]@50000037)
	[0]		50003865
	[1]		500038be
	[2]		50003804
	[3]		5000392a
	[4]		5000392b
	[5]		5000392c
	[6]		500037fc
	[7]		5000383f
	[8]		5000385b
	[9]		5000384c
	[10]		500038a3
	[11]		500038cf
	[12]		5000392d
ARR 5000396c (sz=72, trace=300000, nelems=14, elem type=java.lang.String[]@50000037)
	[0]		50003806
	[1]		50003923
	[2]		500037fe
	[3]		50003843
	[4]		50003924
	[5]		5000388d
	[6]		50003925
	[7]		500038af
	[8]		50003926
	[9]		50003927
	[10]		50003928
	[11]		50003637
	[12]		500038c2
	[13]		50003929
ARR 5000396d (sz=24, trace=300000, nelems=2, elem type=java.lang.String[]@50000037)
	[0]		500035df
	[1]		50003922
ARR 5000396e (sz=24, trace=300000, nelems=2, elem type=java.lang.String[]@50000037)
	[0]		500035ee
	[1]		50003921
ARR 5000396f (sz=24, trace=300000, nelems=2, elem type=java.lang.String[]@50000037)
	[0]		50003652
	[1]		50003920
ARR 50003970 (sz=24, trace=300000, nelems=2, elem type=java.lang.String[]@50000037)
	[0]		500035d3
	[1]		5000391f
ARR 50003971 (sz=24, trace=300000, nelems=2, elem type=java.lang.String[]@50000037)
	[0]		50003660
	[1]		5000391e
ARR 50003972 (sz=24, trace=300000, nelems=1, elem type=java.lang.String[]@50000037)
	[0]		5000391d
ARR 50003973 (sz=32, trace=300000, nelems=3, elem type=java.lang.String[]@50000037)
	[0]		5000366a
	[1]		5000391b
	[2]		5000391c
ARR 50003974 (sz=32, trace=300000, nelems=4, elem type=java.lang.String[]@50000037)
	[0]		5000363b
	[1]		50003918
	[2]		50003919
	[3]		5000391a
ARR 50003975 (sz=32, trace=300000, nelems=4, elem type=java.lang.String[]@50000037)
	[0]		50003643
	[1]		500037d8
	[2]		5000378a
	[3]		50003917
ARR 50003976 (sz=24, trace=300000, nelems=2, elem type=java.lang.String[]@50000037)
	[0]		50003582
	[1]		500038ad
ARR 50003977 (sz=8, trace=300000, nelems=4, elem type=char[])
ARR 50003978 (sz=20, trace=300000, nelems=10, elem type=char[])
ARR 50003979 (sz=36, trace=300000, nelems=18, elem type=char[])
ARR 5000397a (sz=20, trace=300000, nelems=10, elem type=char[])
ARR 5000397b (sz=30, trace=300000, nelems=15, elem type=char[])
ARR 5000397c (sz=42, trace=300000, nelems=21, elem type=char[])
ARR 5000397d (sz=20, trace=300000, nelems=10, elem type=char[])
ARR 5000397e (sz=26, trace=300000, nelems=13, elem type=char[])
ARR 5000397f (sz=10, trace=300000, nelems=5, elem type=char[])
ARR 50003980 (sz=20, trace=300000, nelems=10, elem type=char[])
ARR 50003981 (sz=20, trace=300000, nelems=10, elem type=char[])
ARR 50003982 (sz=24, trace=300000, nelems=12, elem type=char[])
ARR 50003983 (sz=24, trace=300000, nelems=12, elem type=char[])
ARR 50003984 (sz=18, trace=300000, nelems=9, elem type=char[])
ARR 50003985 (sz=30, trace=300000, nelems=15, elem type=char[])
ARR 50003986 (sz=18, trace=300000, nelems=9, elem type=char[])
ARR 50003987 (sz=14, trace=300000, nelems=7, elem type=char[])
ARR 50003988 (sz=22, trace=300000, nelems=11, elem type=char[])
ARR 50003989 (sz=12, trace=300000, nelems=6, elem type=char[])
ARR 5000398a (sz=20, trace=300000, nelems=10, elem type=char[])
ARR 5000398b (sz=22, trace=300000, nelems=11, elem type=char[])
ARR 5000398c (sz=18, trace=300000, nelems=9, elem type=char[])
ARR 5000398d (sz=30, trace=300000, nelems=15, elem type=char[])
ARR 5000398e (sz=20, trace=300000, nelems=10, elem type=char[])
ARR 5000398f (sz=22, trace=300000, nelems=11, elem type=char[])
ARR 50003990 (sz=30, trace=300000, nelems=15, elem type=char[])
ARR 50003991 (sz=20, trace=300000, nelems=10, elem type=char[])
ARR 50003992 (sz=36, trace=300000, nelems=18, elem type=char[])
ARR 50003993 (sz=18, trace=300000, nelems=9, elem type=char[])
ARR 50003994 (sz=30, trace=300000, nelems=15, elem type=char[])
ARR 50003995 (sz=20, trace=300000, nelems=10, elem type=char[])
ARR 50003996 (sz=30, trace=300000, nelems=15, elem type=char[])
ARR 50003997 (sz=16, trace=300000, nelems=8, elem type=char[])
ARR 50003998 (sz=16, trace=300000, nelems=8, elem type=char[])
ARR 50003999 (sz=30, trace=300000, nelems=15, elem type=char[])
ARR 5000399a (sz=20, trace=300000, nelems=10, elem type=char[])
ARR 5000399b (sz=22, trace=300000, nelems=11, elem type=char[])
ARR 5000399c (sz=18, trace=300000, nelems=9, elem type=char[])
ARR 5000399d (sz=30, trace=300000, nelems=15, elem type=char[])
ARR 5000399e (sz=20, trace=300000, nelems=10, elem type=char[])
ARR 5000399f (sz=20, trace=300000, nelems=10, elem type=char[])
ARR 500039a0 (sz=30, trace=300000, nelems=15, elem type=char[])
ARR 500039a1 (sz=22, trace=300000, nelems=11, elem type=char[])
ARR 500039a2 (sz=22, trace=300000, nelems=11, elem type=char[])
ARR 500039a3 (sz=4, trace=300000, nelems=2, elem type=char[])
ARR 500039a4 (sz=12, trace=300000, nelems=6, elem type=char[])
ARR 500039a5 (sz=12, trace=300000, nelems=6, elem type=char[])
ARR 500039a6 (sz=14, trace=300000, nelems=7, elem type=char[])
ARR 500039a7 (sz=12, trace=300000, nelems=6, elem type=char[])
ARR 500039a8 (sz=20, trace=300000, nelems=10, elem type=char[])
ARR 500039a9 (sz=20, trace=300000, nelems=10, elem type=char[])
ARR 500039aa (sz=22, trace=300000, nelems=11, elem type=char[])
ARR 500039ab (sz=22, trace=300000, nelems=11, elem type=char[])
ARR 500039ac (sz=16, trace=300000, nelems=8, elem type=char[])
ARR 500039ad (sz=16, trace=300000, nelems=8, elem type=char[])
ARR 500039ae (sz=16, trace=300000, nelems=8, elem type=char[])
ARR 500039af (sz=16, trace=300000, nelems=8, elem type=char[])
ARR 500039b0 (sz=20, trace=300000, nelems=10, elem type=char[])
ARR 500039b1 (sz=22, trace=300000, nelems=11, elem type=char[])
ARR 500039b2 (sz=20, trace=300000, nelems=10, elem type=char[])
ARR 500039b3 (sz=24, trace=300000, nelems=1, elem type=java.lang.Object[]@500000ac)
	[0]		5000360b
ARR 500039b4 (sz=24, trace=300000, nelems=1, elem type=java.lang.Object[]@500000ac)
	[0]		50003620
OBJ 500039b5 (sz=24, trace=300000, class=sun.nio.cs.UTF_8@50000117)
	name		500039b6
	aliases		50003976
OBJ 500039b6 (sz=32, trace=300000, class=java.lang.String@50000036)
	value		500039b7
ARR 500039b7 (sz=10, trace=300000, nelems=5, elem type=char[])
ARR 500039b8 (sz=32, trace=300000, nelems=4, elem type=java.lang.String[]@50000037)
	[0]		5000359e
	[1]		5000359f
	[2]		500035a0
	[3]		500035a1
OBJ 500039b9 (sz=32, trace=300000, class=java.lang.String@50000036)
	value		500039bf
OBJ 500039ba (sz=32, trace=300000, class=java.lang.String@50000036)
	value		500039c0
OBJ 500039bb (sz=32, trace=300000, class=java.lang.String@50000036)
	value		500039c1
OBJ 500039bc (sz=16, trace=300000, class=java.nio.charset.CodingErrorAction@50000014)
	name		500039bb
OBJ 500039bd (sz=16, trace=300000, class=java.nio.charset.CodingErrorAction@50000014)
	name		500039ba
OBJ 500039be (sz=16, trace=300000, class=java.nio.charset.CodingErrorAction@50000014)
	name		500039b9
ARR 500039bf (sz=12, trace=300000, nelems=6, elem type=char[])
ARR 500039c0 (sz=14, trace=300000, nelems=7, elem type=char[])
ARR 500039c1 (sz=12, trace=300000, nelems=6, elem type=char[])
OBJ 500039c2 (sz=32, trace=300000, class=java.lang.String@50000036)
	value		500039c9
OBJ 500039c3 (sz=32, trace=300000, class=java.lang.String@50000036)
	value		500039c4
ARR 500039c4 (sz=12, trace=300000, nelems=6, elem type=char[])
OBJ 500039c5 (sz=32, trace=300000, class=java.lang.ref.ReferenceQueue$Null@5000012e)
	lock		500039c8
OBJ 500039c6 (sz=32, trace=300000, class=java.lang.ref.ReferenceQueue$Null@5000012e)
	lock		500039c7
OBJ 500039c7 (sz=16, trace=300000, class=java.lang.ref.ReferenceQueue$Lock@50000070)
OBJ 500039c8 (sz=16, trace=300000, class=java.lang.ref.ReferenceQueue$Lock@50000070)
ARR 500039c9 (sz=34, trace=300000, nelems=17, elem type=char[])
ARR 500039ca (sz=6, trace=300000, nelems=3, elem type=char[])
ARR 500039cb (sz=24, trace=300000, nelems=1, elem type=java.lang.Object[]@500000ac)
	[0]		50003651
ARR 500039cc (sz=32, trace=300000, nelems=3, elem type=java.lang.Object[]@500000ac)
	[0]		50003666
	[2]		500039cd
ARR 500039cd (sz=24, trace=300000, nelems=1, elem type=java.lang.Object[]@500000ac)
	[0]		50003669
OBJ 500039ce (sz=32, trace=300000, class=java.lang.String@50000036)
	value		500039d0
ARR 500039cf (sz=512, trace=300000, nelems=256, elem type=short[])
ARR 500039d0 (sz=4426, trace=300000, nelems=2213, elem type=char[])
OBJ 500039d1 (sz=32, trace=300000, class=java.lang.String@50000036)
	value		500039d2
ARR 500039d2 (sz=512, trace=300000, nelems=256, elem type=char[])
OBJ 500039d3 (sz=16, trace=300000, class=java.util.concurrent.atomic.AtomicInteger@500000d4)
ARR 500039d4 (sz=26, trace=300000, nelems=13, elem type=char[])
ARR 500039d5 (sz=38, trace=300000, nelems=19, elem type=char[])
ARR 500039d6 (sz=2, trace=300000, nelems=1, elem type=char[])
OBJ 500039d7 (sz=32, trace=300000, class=java.lang.String@50000036)
	value		500039d8
ARR 500039d8 (sz=20, trace=300000, nelems=10, elem type=char[])
OBJ 500039d9 (sz=32, trace=300000, class=java.lang.String@50000036)
	value		500039da
ARR 500039da (sz=6, trace=300000, nelems=3, elem type=char[])
OBJ 500039db (sz=32, trace=300000, class=java.lang.String@50000036)
	value		500039e2
OBJ 500039dc (sz=32, trace=300000, class=java.lang.String@50000036)
	value		500039e1
OBJ 500039dd (sz=32, trace=300000, class=java.lang.String@50000036)
	value		500039df
OBJ 500039de (sz=32, trace=300000, class=java.lang.String@50000036)
	value		500039e0
ARR 500039df (sz=30, trace=300000, nelems=15, elem type=char[])
ARR 500039e0 (sz=16, trace=300000, nelems=8, elem type=char[])
ARR 500039e1 (sz=54, trace=300000, nelems=27, elem type=char[])
ARR 500039e2 (sz=24, trace=300000, nelems=12, elem type=char[])
OBJ 500039e3 (sz=32, trace=300000, class=java.lang.String@50000036)
	value		500039eb
OBJ 500039e4 (sz=16, trace=300000, class=java.lang.ThreadLocal@50000052)
OBJ 500039e5 (sz=24, trace=300000, class=java.io.FileDescriptor@500000d1)
	useCount	500039ea
OBJ 500039e6 (sz=24, trace=300000, class=java.io.FileDescriptor@500000d1)
	useCount	500039e9
OBJ 500039e7 (sz=24, trace=300000, class=java.io.FileDescriptor@500000d1)
	useCount	500039e8
OBJ 500039e8 (sz=16, trace=300000, class=java.util.concurrent.atomic.AtomicInteger@500000d4)
OBJ 500039e9 (sz=16, trace=300000, class=java.util.concurrent.atomic.AtomicInteger@500000d4)
OBJ 500039ea (sz=16, trace=300000, class=java.util.concurrent.atomic.AtomicInteger@500000d4)
ARR 500039eb (sz=4, trace=300000, nelems=2, elem type=char[])
OBJ 500039ec (sz=32, trace=300000, class=java.lang.String@50000036)
	value		500039ed
ARR 500039ed (sz=20, trace=300000, nelems=10, elem type=char[])
OBJ 500039ee (sz=32, trace=300000, class=java.lang.String@50000036)
	value		500039ff
OBJ 500039ef (sz=32, trace=300000, class=java.lang.String@50000036)
	value		50003a00
OBJ 500039f0 (sz=32, trace=300000, class=java.lang.String@50000036)
	value		50003a01
OBJ 500039f1 (sz=32, trace=300000, class=java.lang.String@50000036)
	value		50003a02
OBJ 500039f2 (sz=32, trace=300000, class=java.lang.String@50000036)
	value		50003a03
OBJ 500039f3 (sz=32, trace=300000, class=java.lang.String@50000036)
	value		50003a04
OBJ 500039f4 (sz=32, trace=300000, class=java.lang.String@50000036)
	value		50003a05
OBJ 500039f5 (sz=32, trace=300000, class=java.lang.String@50000036)
	value		50003a06
OBJ 500039f6 (sz=32, trace=300000, class=java.lang.String@50000036)
	value		50003a07
OBJ 500039f7 (sz=32, trace=300000, class=java.lang.String@50000036)
	value		50003a08
OBJ 500039f8 (sz=32, trace=300000, class=java.lang.String@50000036)
	value		50003a09
OBJ 500039f9 (sz=32, trace=300000, class=java.lang.String@50000036)
	value		50003a0a
OBJ 500039fa (sz=32, trace=300000, class=java.lang.String@50000036)
	value		50003a0b
OBJ 500039fb (sz=32, trace=300000, class=java.lang.String@50000036)
	value		50003a0c
OBJ 500039fc (sz=32, trace=300000, class=java.lang.String@50000036)
	value		50003a0d
OBJ 500039fd (sz=32, trace=300000, class=java.lang.String@50000036)
	value		50003a0e
OBJ 500039fe (sz=32, trace=300000, class=java.lang.String@50000036)
	value		50003a0f
ARR 500039ff (sz=32, trace=300000, nelems=16, elem type=char[])
ARR 50003a00 (sz=34, trace=300000, nelems=17, elem type=char[])
ARR 50003a01 (sz=24, trace=300000, nelems=12, elem type=char[])
ARR 50003a02 (sz=20, trace=300000, nelems=10, elem type=char[])
ARR 50003a03 (sz=20, trace=300000, nelems=10, elem type=char[])
ARR 50003a04 (sz=12, trace=300000, nelems=6, elem type=char[])
ARR 50003a05 (sz=28, trace=300000, nelems=14, elem type=char[])
ARR 50003a06 (sz=28, trace=300000, nelems=14, elem type=char[])
ARR 50003a07 (sz=44, trace=300000, nelems=22, elem type=char[])
ARR 50003a08 (sz=40, trace=300000, nelems=20, elem type=char[])
ARR 50003a09 (sz=44, trace=300000, nelems=22, elem type=char[])
ARR 50003a0a (sz=42, trace=300000, nelems=21, elem type=char[])
ARR 50003a0b (sz=48, trace=300000, nelems=24, elem type=char[])
ARR 50003a0c (sz=36, trace=300000, nelems=18, elem type=char[])
ARR 50003a0d (sz=38, trace=300000, nelems=19, elem type=char[])
ARR 50003a0e (sz=42, trace=300000, nelems=21, elem type=char[])
ARR 50003a0f (sz=40, trace=300000, nelems=20, elem type=char[])
OBJ 50003a10 (sz=32, trace=300000, class=java.lang.String@50000036)
	value		50003a11
ARR 50003a11 (sz=22, trace=300000, nelems=11, elem type=char[])
OBJ 50003a12 (sz=32, trace=300000, class=java.lang.String@50000036)
	value		50003a13
ARR 50003a13 (sz=22, trace=300000, nelems=11, elem type=char[])
OBJ 50003a14 (sz=32, trace=300000, class=java.lang.String@50000036)
	value		50003a15
ARR 50003a15 (sz=10, trace=300000, nelems=5, elem type=char[])
OBJ 50003a16 (sz=32, trace=300000, class=java.lang.String@50000036)
	value		50003a1b
OBJ 50003a17 (sz=32, trace=300000, class=java.lang.String@50000036)
	value		50003a1a
OBJ 50003a18 (sz=32, trace=300000, class=java.lang.String@50000036)
	value		50003a19
ARR 50003a19 (sz=34, trace=300000, nelems=17, elem type=char[])
ARR 50003a1a (sz=14, trace=300000, nelems=7, elem type=char[])
ARR 50003a1b (sz=12, trace=300000, nelems=6, elem type=char[])
OBJ 50003a1c (sz=32, trace=300000, class=java.lang.String@50000036)
	value		50003a6b
OBJ 50003a1d (sz=32, trace=300000, class=java.lang.String@50000036)
	value		50003a24
OBJ 50003a1e (sz=32, trace=300000, class=java.lang.String@50000036)
	value		50003a2a
OBJ 50003a1f (sz=32, trace=300000, class=java.lang.String@50000036)
	value		50003a27
OBJ 50003a20 (sz=32, trace=300000, class=java.lang.String@50000036)
	value		50003a29
OBJ 50003a21 (sz=32, trace=300000, class=java.lang.String@50000036)
	value		50003a28
OBJ 50003a22 (sz=32, trace=300000, class=java.lang.String@50000036)
	value		50003a26
OBJ 50003a23 (sz=32, trace=300000, class=java.lang.String@50000036)
	value		50003a25
ARR 50003a24 (sz=36, trace=300000, nelems=18, elem type=char[])
ARR 50003a25 (sz=28, trace=300000, nelems=14, elem type=char[])
ARR 50003a26 (sz=12, trace=300000, nelems=6, elem type=char[])
ARR 50003a27 (sz=44, trace=300000, nelems=22, elem type=char[])
ARR 50003a28 (sz=16, trace=300000, nelems=8, elem type=char[])
ARR 50003a29 (sz=18, trace=300000, nelems=9, elem type=char[])
ARR 50003a2a (sz=18, trace=300000, nelems=9, elem type=char[])
OBJ 50003a2b (sz=32, trace=300000, class=java.lang.String@50000036)
	value		50003a6a
OBJ 50003a2c (sz=32, trace=300000, class=java.lang.String@50000036)
	value		50003a69
OBJ 50003a2d (sz=32, trace=300000, class=java.lang.String@50000036)
	value		50003a68
OBJ 50003a2e (sz=32, trace=300000, class=java.lang.String@50000036)
	value		50003a67
OBJ 50003a2f (sz=32, trace=300000, class=java.lang.String@50000036)
	value		50003a66
OBJ 50003a30 (sz=32, trace=300000, class=java.lang.String@50000036)
	value		50003a65
OBJ 50003a31 (sz=32, trace=300000, class=java.lang.String@50000036)
	value		50003a64
OBJ 50003a32 (sz=32, trace=300000, class=java.lang.String@50000036)
	value		50003a63
OBJ 50003a33 (sz=32, trace=300000, class=java.lang.String@50000036)
	value		50003a62
OBJ 50003a34 (sz=32, trace=300000, class=java.lang.String@50000036)
	value		50003a61
OBJ 50003a35 (sz=32, trace=300000, class=java.lang.String@50000036)
	value		50003a60
OBJ 50003a36 (sz=32, trace=300000, class=java.lang.String@50000036)
	value		50003a5f
OBJ 50003a37 (sz=32, trace=300000, class=java.lang.String@50000036)
	value		50003a5e
OBJ 50003a38 (sz=32, trace=300000, class=java.lang.String@50000036)
	value		50003a5d
OBJ 50003a39 (sz=32, trace=300000, class=java.lang.String@50000036)
	value		50003a5c
OBJ 50003a3a (sz=32, trace=300000, class=java.lang.String@50000036)
	value		50003a5b
OBJ 50003a3b (sz=32, trace=300000, class=java.lang.String@50000036)
	value		50003a5a
OBJ 50003a3c (sz=32, trace=300000, class=java.lang.String@50000036)
	value		50003a59
OBJ 50003a3d (sz=32, trace=300000, class=java.lang.String@50000036)
	value		50003a58
OBJ 50003a3e (sz=32, trace=300000, class=java.lang.String@50000036)
	value		50003a57
OBJ 50003a3f (sz=32, trace=300000, class=java.lang.String@50000036)
	value		50003a56
OBJ 50003a40 (sz=32, trace=300000, class=java.lang.String@50000036)
	value		50003a55
OBJ 50003a41 (sz=32, trace=300000, class=java.lang.String@50000036)
	value		50003a54
OBJ 50003a42 (sz=32, trace=300000, class=java.lang.String@50000036)
	value		50003a53
OBJ 50003a43 (sz=32, trace=300000, class=java.lang.String@50000036)
	value		50003a52
OBJ 50003a44 (sz=32, trace=300000, class=java.lang.String@50000036)
	value		50003a51
OBJ 50003a45 (sz=32, trace=300000, class=java.lang.String@50000036)
	value		50003a50
OBJ 50003a46 (sz=32, trace=300000, class=java.lang.String@50000036)
	value		50003a4f
OBJ 50003a47 (sz=32, trace=300000, class=java.lang.String@50000036)
	value		50003a4e
OBJ 50003a48 (sz=32, trace=300000, class=java.lang.String@50000036)
	value		50003a4d
OBJ 50003a49 (sz=32, trace=300000, class=java.lang.String@50000036)
	value		50003a4c
OBJ 50003a4a (sz=32, trace=300000, class=java.lang.String@50000036)
	value		50003a4b
ARR 50003a4b (sz=6, trace=300000, nelems=3, elem type=char[])
ARR 50003a4c (sz=6, trace=300000, nelems=3, elem type=char[])
ARR 50003a4d (sz=6, trace=300000, nelems=3, elem type=char[])
ARR 50003a4e (sz=6, trace=300000, nelems=3, elem type=char[])
ARR 50003a4f (sz=6, trace=300000, nelems=3, elem type=char[])
ARR 50003a50 (sz=6, trace=300000, nelems=3, elem type=char[])
ARR 50003a51 (sz=6, trace=300000, nelems=3, elem type=char[])
ARR 50003a52 (sz=6, trace=300000, nelems=3, elem type=char[])
ARR 50003a53 (sz=6, trace=300000, nelems=3, elem type=char[])
ARR 50003a54 (sz=4, trace=300000, nelems=2, elem type=char[])
ARR 50003a55 (sz=6, trace=300000, nelems=3, elem type=char[])
ARR 50003a56 (sz=16, trace=300000, nelems=8, elem type=char[])
ARR 50003a57 (sz=16, trace=300000, nelems=8, elem type=char[])
ARR 50003a58 (sz=14, trace=300000, nelems=7, elem type=char[])
ARR 50003a59 (sz=18, trace=300000, nelems=9, elem type=char[])
ARR 50003a5a (sz=12, trace=300000, nelems=6, elem type=char[])
ARR 50003a5b (sz=8, trace=300000, nelems=4, elem type=char[])
ARR 50003a5c (sz=8, trace=300000, nelems=4, elem type=char[])
ARR 50003a5d (sz=6, trace=300000, nelems=3, elem type=char[])
ARR 50003a5e (sz=10, trace=300000, nelems=5, elem type=char[])
ARR 50003a5f (sz=10, trace=300000, nelems=5, elem type=char[])
ARR 50003a60 (sz=16, trace=300000, nelems=8, elem type=char[])
ARR 50003a61 (sz=14, trace=300000, nelems=7, elem type=char[])
ARR 50003a62 (sz=12, trace=300000, nelems=6, elem type=char[])
ARR 50003a63 (sz=16, trace=300000, nelems=8, elem type=char[])
ARR 50003a64 (sz=12, trace=300000, nelems=6, elem type=char[])
ARR 50003a65 (sz=16, trace=300000, nelems=8, elem type=char[])
ARR 50003a66 (sz=18, trace=300000, nelems=9, elem type=char[])
ARR 50003a67 (sz=14, trace=300000, nelems=7, elem type=char[])
ARR 50003a68 (sz=12, trace=300000, nelems=6, elem type=char[])
ARR 50003a69 (sz=4, trace=300000, nelems=2, elem type=char[])
ARR 50003a6a (sz=4, trace=300000, nelems=2, elem type=char[])
ARR 50003a6b (sz=6, trace=300000, nelems=3, elem type=char[])
OBJ 50003a6c (sz=32, trace=300000, class=java.lang.String@50000036)
	value		50003a9f
OBJ 50003a6d (sz=32, trace=300000, class=java.lang.String@50000036)
	value		50003a9e
OBJ 50003a6e (sz=32, trace=300000, class=java.lang.String@50000036)
	value		50003a9d
OBJ 50003a6f (sz=32, trace=300000, class=java.lang.String@50000036)
	value		50003a9c
OBJ 50003a70 (sz=32, trace=300000, class=java.lang.String@50000036)
	value		50003a9b
OBJ 50003a71 (sz=32, trace=300000, class=java.lang.String@50000036)
	value		50003a9a
OBJ 50003a72 (sz=32, trace=300000, class=java.lang.String@50000036)
	value		50003a99
OBJ 50003a73 (sz=32, trace=300000, class=java.lang.String@50000036)
	value		50003a98
OBJ 50003a74 (sz=32, trace=300000, class=java.lang.String@50000036)
	value		50003a97
OBJ 50003a75 (sz=32, trace=300000, class=java.lang.String@50000036)
	value		50003a96
OBJ 50003a76 (sz=32, trace=300000, class=java.lang.String@50000036)
	value		50003a95
OBJ 50003a77 (sz=32, trace=300000, class=java.lang.String@50000036)
	value		50003a94
OBJ 50003a78 (sz=32, trace=300000, class=java.lang.String@50000036)
	value		50003a93
OBJ 50003a79 (sz=32, trace=300000, class=java.lang.String@50000036)
	value		50003a8d
OBJ 50003a7a (sz=32, trace=300000, class=java.lang.String@50000036)
	value		50003a8b
OBJ 50003a7b (sz=32, trace=300000, class=java.lang.String@50000036)
	value		50003a92
OBJ 50003a7c (sz=32, trace=300000, class=java.lang.String@50000036)
	value		50003a91
OBJ 50003a7d (sz=32, trace=300000, class=java.lang.String@50000036)
	value		50003a90
OBJ 50003a7e (sz=32, trace=300000, class=java.lang.String@50000036)
	value		50003a8f
OBJ 50003a7f (sz=32, trace=300000, class=java.lang.String@50000036)
	value		50003a89
OBJ 50003a80 (sz=32, trace=300000, class=java.lang.String@50000036)
	value		50003a88
OBJ 50003a81 (sz=32, trace=300000, class=java.lang.String@50000036)
	value		50003a86
OBJ 50003a82 (sz=32, trace=300000, class=java.lang.String@50000036)
	value		50003a87
OBJ 50003a83 (sz=32, trace=300000, class=java.lang.String@50000036)
	value		50003a85
OBJ 50003a84 (sz=32, trace=300000, class=java.lang.String@50000036)
	value		50003a8e
ARR 50003a85 (sz=126, trace=300000, nelems=63, elem type=char[])
ARR 50003a86 (sz=24, trace=300000, nelems=12, elem type=char[])
ARR 50003a87 (sz=38, trace=300000, nelems=19, elem type=char[])
ARR 50003a88 (sz=18, trace=300000, nelems=9, elem type=char[])
ARR 50003a89 (sz=16, trace=300000, nelems=8, elem type=char[])
OBJ 50003a8a (sz=32, trace=300000, class=java.lang.String@50000036)
	value		50003a8c
ARR 50003a8b (sz=18, trace=300000, nelems=9, elem type=char[])
ARR 50003a8c (sz=4, trace=300000, nelems=2, elem type=char[])
ARR 50003a8d (sz=12, trace=300000, nelems=6, elem type=char[])
ARR 50003a8e (sz=6, trace=300000, nelems=3, elem type=char[])
ARR 50003a8f (sz=86, trace=300000, nelems=43, elem type=char[])
ARR 50003a90 (sz=74, trace=300000, nelems=37, elem type=char[])
ARR 50003a91 (sz=80, trace=300000, nelems=40, elem type=char[])
ARR 50003a92 (sz=64, trace=300000, nelems=32, elem type=char[])
ARR 50003a93 (sz=2, trace=300000, nelems=1, elem type=char[])
ARR 50003a94 (sz=40, trace=300000, nelems=20, elem type=char[])
ARR 50003a95 (sz=64, trace=300000, nelems=32, elem type=char[])
ARR 50003a96 (sz=34, trace=300000, nelems=17, elem type=char[])
ARR 50003a97 (sz=22, trace=300000, nelems=11, elem type=char[])
ARR 50003a98 (sz=26, trace=300000, nelems=13, elem type=char[])
ARR 50003a99 (sz=56, trace=300000, nelems=28, elem type=char[])
ARR 50003a9a (sz=26, trace=300000, nelems=13, elem type=char[])
ARR 50003a9b (sz=54, trace=300000, nelems=27, elem type=char[])
ARR 50003a9c (sz=36, trace=300000, nelems=18, elem type=char[])
ARR 50003a9d (sz=50, trace=300000, nelems=25, elem type=char[])
ARR 50003a9e (sz=40, trace=300000, nelems=20, elem type=char[])
ARR 50003a9f (sz=44, trace=300000, nelems=22, elem type=char[])
OBJ 50003aa0 (sz=32, trace=300000, class=java.lang.String@50000036)
	value		50003aa3
OBJ 50003aa1 (sz=32, trace=300000, class=java.lang.String@50000036)
	value		50003aa2
ARR 50003aa2 (sz=44, trace=300000, nelems=22, elem type=char[])
ARR 50003aa3 (sz=24, trace=300000, nelems=12, elem type=char[])
OBJ 50003aa4 (sz=32, trace=300000, class=java.lang.String@50000036)
	value		50003acc
OBJ 50003aa5 (sz=32, trace=300000, class=java.lang.String@50000036)
	value		50003adb
OBJ 50003aa6 (sz=32, trace=300000, class=java.lang.String@50000036)
	value		50003acd
OBJ 50003aa7 (sz=32, trace=300000, class=java.lang.String@50000036)
	value		50003ac9
OBJ 50003aa8 (sz=32, trace=300000, class=java.lang.String@50000036)
	value		50003ac7
OBJ 50003aa9 (sz=32, trace=300000, class=java.lang.String@50000036)
	value		50003ad0
OBJ 50003aaa (sz=32, trace=300000, class=java.lang.String@50000036)
	value		50003ad3
OBJ 50003aab (sz=32, trace=300000, class=java.lang.String@50000036)
	value		50003ad9
OBJ 50003aac (sz=32, trace=300000, class=java.lang.String@50000036)
	value		50003ad1
OBJ 50003aad (sz=32, trace=300000, class=java.lang.String@50000036)
	value		50003ad6
OBJ 50003aae (sz=32, trace=300000, class=java.lang.String@50000036)
	value		50003ad5
OBJ 50003aaf (sz=32, trace=300000, class=java.lang.String@50000036)
	value		50003ace
OBJ 50003ab0 (sz=32, trace=300000, class=java.lang.String@50000036)
	value		50003ac3
OBJ 50003ab1 (sz=32, trace=300000, class=java.lang.String@50000036)
	value		50003ac8
OBJ 50003ab2 (sz=32, trace=300000, class=java.lang.String@50000036)
	value		50003ad8
OBJ 50003ab3 (sz=32, trace=300000, class=java.lang.String@50000036)
	value		50003ac2
OBJ 50003ab4 (sz=32, trace=300000, class=java.lang.String@50000036)
	value		50003ac5
OBJ 50003ab5 (sz=32, trace=300000, class=java.lang.String@50000036)
	value		50003ad4
OBJ 50003ab6 (sz=32, trace=300000, class=java.lang.String@50000036)
	value		50003ac0
OBJ 50003ab7 (sz=32, trace=300000, class=java.lang.String@50000036)
	value		50003ac4
OBJ 50003ab8 (sz=32, trace=300000, class=java.lang.String@50000036)
	value		50003ad2
OBJ 50003ab9 (sz=32, trace=300000, class=java.lang.String@50000036)
	value		50003ac6
OBJ 50003aba (sz=32, trace=300000, class=java.lang.String@50000036)
	value		50003ada
OBJ 50003abb (sz=32, trace=300000, class=java.lang.String@50000036)
	value		50003ac1
OBJ 50003abc (sz=32, trace=300000, class=java.lang.String@50000036)
	value		50003acf
OBJ 50003abd (sz=32, trace=300000, class=java.lang.String@50000036)
	value		50003aca
OBJ 50003abe (sz=32, trace=300000, class=java.lang.String@50000036)
	value		50003acb
OBJ 50003abf (sz=32, trace=300000, class=java.lang.String@50000036)
	value		50003ad7
ARR 50003ac0 (sz=22, trace=300000, nelems=11, elem type=char[])
ARR 50003ac1 (sz=32, trace=300000, nelems=16, elem type=char[])
ARR 50003ac2 (sz=30, trace=300000, nelems=15, elem type=char[])
ARR 50003ac3 (sz=22, trace=300000, nelems=11, elem type=char[])
ARR 50003ac4 (sz=26, trace=300000, nelems=13, elem type=char[])
ARR 50003ac5 (sz=30, trace=300000, nelems=15, elem type=char[])
ARR 50003ac6 (sz=26, trace=300000, nelems=13, elem type=char[])
ARR 50003ac7 (sz=12, trace=300000, nelems=6, elem type=char[])
ARR 50003ac8 (sz=26, trace=300000, nelems=13, elem type=char[])
ARR 50003ac9 (sz=12, trace=300000, nelems=6, elem type=char[])
ARR 50003aca (sz=34, trace=300000, nelems=17, elem type=char[])
ARR 50003acb (sz=40, trace=300000, nelems=20, elem type=char[])
ARR 50003acc (sz=6, trace=300000, nelems=3, elem type=char[])
ARR 50003acd (sz=6, trace=300000, nelems=3, elem type=char[])
ARR 50003ace (sz=20, trace=300000, nelems=10, elem type=char[])
ARR 50003acf (sz=34, trace=300000, nelems=17, elem type=char[])
ARR 50003ad0 (sz=12, trace=300000, nelems=6, elem type=char[])
ARR 50003ad1 (sz=6, trace=300000, nelems=3, elem type=char[])
ARR 50003ad2 (sz=26, trace=300000, nelems=13, elem type=char[])
ARR 50003ad3 (sz=6, trace=300000, nelems=3, elem type=char[])
ARR 50003ad4 (sz=30, trace=300000, nelems=15, elem type=char[])
ARR 50003ad5 (sz=20, trace=300000, nelems=10, elem type=char[])
ARR 50003ad6 (sz=4, trace=300000, nelems=2, elem type=char[])
ARR 50003ad7 (sz=40, trace=300000, nelems=20, elem type=char[])
ARR 50003ad8 (sz=30, trace=300000, nelems=15, elem type=char[])
ARR 50003ad9 (sz=28, trace=300000, nelems=14, elem type=char[])
ARR 50003ada (sz=32, trace=300000, nelems=16, elem type=char[])
ARR 50003adb (sz=6, trace=300000, nelems=3, elem type=char[])
OBJ 50003adc (sz=32, trace=300000, class=java.lang.String@50000036)
	value		50003ae7
OBJ 50003add (sz=32, trace=300000, class=java.lang.String@50000036)
	value		50003e48
OBJ 50003ade (sz=32, trace=300000, class=java.lang.String@50000036)
	value		50003e44
OBJ 50003adf (sz=32, trace=300000, class=java.lang.String@50000036)
	value		50003e43
OBJ 50003ae0 (sz=32, trace=300000, class=java.lang.String@50000036)
	value		50003e42
OBJ 50003ae1 (sz=32, trace=300000, class=java.lang.String@50000036)
	value		50003e41
OBJ 50003ae2 (sz=32, trace=300000, class=java.lang.String@50000036)
	value		50003e40
OBJ 50003ae3 (sz=32, trace=300000, class=java.lang.String@50000036)
	value		50003e3f
OBJ 50003ae4 (sz=32, trace=300000, class=java.lang.String@50000036)
	value		50003e3e
OBJ 50003ae5 (sz=32, trace=300000, class=java.lang.String@50000036)
	value		50003ae6
ARR 50003ae6 (sz=26, trace=300000, nelems=13, elem type=char[])
ARR 50003ae7 (sz=38, trace=300000, nelems=19, elem type=char[])
OBJ 50003ae8 (sz=32, trace=300000, class=java.lang.String@50000036)
	value		50003b47
OBJ 50003ae9 (sz=32, trace=300000, class=java.lang.String@50000036)
	value		50003b46
OBJ 50003aea (sz=32, trace=300000, class=java.lang.String@50000036)
	value		50003b45
OBJ 50003aeb (sz=32, trace=300000, class=java.lang.String@50000036)
	value		50003b44
OBJ 50003aec (sz=32, trace=300000, class=java.lang.String@50000036)
	value		50003b43
OBJ 50003aed (sz=32, trace=300000, class=java.lang.String@50000036)
	value		50003b42
OBJ 50003aee (sz=32, trace=300000, class=java.lang.String@50000036)
	value		50003b14
OBJ 50003aef (sz=32, trace=300000, class=java.lang.String@50000036)
	value		50003b37
OBJ 50003af0 (sz=32, trace=300000, class=java.lang.String@50000036)
	value		50003b13
OBJ 50003af1 (sz=32, trace=300000, class=java.lang.String@50000036)
	value		50003b36
OBJ 50003af2 (sz=32, trace=300000, class=java.lang.String@50000036)
	value		50003b35
OBJ 50003af3 (sz=32, trace=300000, class=java.lang.String@50000036)
	value		50003b28
OBJ 50003af4 (sz=32, trace=300000, class=java.lang.String@50000036)
	value		50003b34
OBJ 50003af5 (sz=32, trace=300000, class=java.lang.String@50000036)
	value		50003b1e
OBJ 50003af6 (sz=32, trace=300000, class=java.lang.String@50000036)
	value		50003b1a
OBJ 50003af7 (sz=32, trace=300000, class=java.lang.String@50000036)
	value		50003b2a
OBJ 50003af8 (sz=32, trace=300000, class=java.lang.String@50000036)
	value		50003b29
OBJ 50003af9 (sz=32, trace=300000, class=java.lang.String@50000036)
	value		50003b24
OBJ 50003afa (sz=32, trace=300000, class=java.lang.String@50000036)
	value		50003b23
OBJ 50003afb (sz=32, trace=300000, class=java.lang.String@50000036)
	value		50003b31
OBJ 50003afc (sz=32, trace=300000, class=java.lang.String@50000036)
	value		50003b21
OBJ 50003afd (sz=32, trace=300000, class=java.lang.String@50000036)
	value		50003b22
OBJ 50003afe (sz=32, trace=300000, class=java.lang.String@50000036)
	value		50003b1b
OBJ 50003aff (sz=32, trace=300000, class=java.lang.String@50000036)
	value		50003b27
OBJ 50003b00 (sz=32, trace=300000, class=java.lang.String@50000036)
	value		50003b2b
OBJ 50003b01 (sz=32, trace=300000, class=java.lang.String@50000036)
	value		50003b25
OBJ 50003b02 (sz=32, trace=300000, class=java.lang.String@50000036)
	value		50003b1d
OBJ 50003b03 (sz=32, trace=300000, class=java.lang.String@50000036)
	value		50003b16
OBJ 50003b04 (sz=32, trace=300000, class=java.lang.String@50000036)
	value		50003b1c
OBJ 50003b05 (sz=32, trace=300000, class=java.lang.String@50000036)
	value		50003b15
OBJ 50003b06 (sz=32, trace=300000, class=java.lang.String@50000036)
	value		50003b26
OBJ 50003b07 (sz=32, trace=300000, class=java.lang.String@50000036)
	value		50003b32
OBJ 50003b08 (sz=32, trace=300000, class=java.lang.String@50000036)
	value		50003b17
OBJ 50003b09 (sz=32, trace=300000, class=java.lang.String@50000036)
	value		50003b20
OBJ 50003b0a (sz=32, trace=300000, class=java.lang.String@50000036)
	value		50003b2f
OBJ 50003b0b (sz=32, trace=300000, class=java.lang.String@50000036)
	value		50003b30
OBJ 50003b0c (sz=32, trace=300000, class=java.lang.String@50000036)
	value		50003b18
OBJ 50003b0d (sz=32, trace=300000, class=java.lang.String@50000036)
	value		50003b19
OBJ 50003b0e (sz=32, trace=300000, class=java.lang.String@50000036)
	value		50003b33
OBJ 50003b0f (sz=32, trace=300000, class=java.lang.String@50000036)
	value		50003b1f
OBJ 50003b10 (sz=32, trace=300000, class=java.lang.String@50000036)
	value		50003b2c
OBJ 50003b11 (sz=32, trace=300000, class=java.lang.String@50000036)
	value		50003b2d
OBJ 50003b12 (sz=32, trace=300000, class=java.lang.String@50000036)
	value		50003b2e
ARR 50003b13 (sz=20, trace=300000, nelems=10, elem type=char[])
ARR 50003b14 (sz=20, trace=300000, nelems=10, elem type=char[])
ARR 50003b15 (sz=20, trace=300000, nelems=10, elem type=char[])
ARR 50003b16 (sz=32, trace=300000, nelems=16, elem type=char[])
ARR 50003b17 (sz=34, trace=300000, nelems=17, elem type=char[])
ARR 50003b18 (sz=26, trace=300000, nelems=13, elem type=char[])
ARR 50003b19 (sz=100, trace=300000, nelems=50, elem type=char[])
ARR 50003b1a (sz=16, trace=300000, nelems=8, elem type=char[])
ARR 50003b1b (sz=12, trace=300000, nelems=6, elem type=char[])
ARR 50003b1c (sz=34, trace=300000, nelems=17, elem type=char[])
ARR 50003b1d (sz=24, trace=300000, nelems=12, elem type=char[])
ARR 50003b1e (sz=32, trace=300000, nelems=16, elem type=char[])
ARR 50003b1f (sz=28, trace=300000, nelems=14, elem type=char[])
ARR 50003b20 (sz=34, trace=300000, nelems=17, elem type=char[])
ARR 50003b21 (sz=18, trace=300000, nelems=9, elem type=char[])
ARR 50003b22 (sz=76, trace=300000, nelems=38, elem type=char[])
ARR 50003b23 (sz=30, trace=300000, nelems=15, elem type=char[])
ARR 50003b24 (sz=36, trace=300000, nelems=18, elem type=char[])
ARR 50003b25 (sz=24, trace=300000, nelems=12, elem type=char[])
ARR 50003b26 (sz=38, trace=300000, nelems=19, elem type=char[])
ARR 50003b27 (sz=36, trace=300000, nelems=18, elem type=char[])
ARR 50003b28 (sz=54, trace=300000, nelems=27, elem type=char[])
ARR 50003b29 (sz=18, trace=300000, nelems=9, elem type=char[])
ARR 50003b2a (sz=24, trace=300000, nelems=12, elem type=char[])
ARR 50003b2b (sz=6, trace=300000, nelems=3, elem type=char[])
ARR 50003b2c (sz=32, trace=300000, nelems=16, elem type=char[])
ARR 50003b2d (sz=30, trace=300000, nelems=15, elem type=char[])
ARR 50003b2e (sz=32, trace=300000, nelems=16, elem type=char[])
ARR 50003b2f (sz=12, trace=300000, nelems=6, elem type=char[])
ARR 50003b30 (sz=62, trace=300000, nelems=31, elem type=char[])
ARR 50003b31 (sz=34, trace=300000, nelems=17, elem type=char[])
ARR 50003b32 (sz=30, trace=300000, nelems=15, elem type=char[])
ARR 50003b33 (sz=38, trace=300000, nelems=19, elem type=char[])
ARR 50003b34 (sz=20, trace=300000, nelems=10, elem type=char[])
ARR 50003b35 (sz=16, trace=300000, nelems=8, elem type=char[])
ARR 50003b36 (sz=16, trace=300000, nelems=8, elem type=char[])
ARR 50003b37 (sz=2, trace=300000, nelems=1, elem type=char[])
OBJ 50003b38 (sz=32, trace=300000, class=java.lang.String@50000036)
	value		50003b41
OBJ 50003b39 (sz=32, trace=300000, class=java.lang.String@50000036)
	value		50003b40
OBJ 50003b3a (sz=32, trace=300000, class=java.lang.String@50000036)
	value		50003b3f
OBJ 50003b3b (sz=16, trace=300000, class=java.util.Collections$ReverseComparator@50000115)
OBJ 50003b3c (sz=24, trace=300000, class=java.util.Collections$EmptyMap@500000f2)
OBJ 50003b3d (sz=16, trace=300000, class=java.util.Collections$EmptyList@50000122)
OBJ 50003b3e (sz=16, trace=300000, class=java.util.Collections$EmptySet@500000aa)
ARR 50003b3f (sz=38, trace=300000, nelems=19, elem type=char[])
ARR 50003b40 (sz=4, trace=300000, nelems=2, elem type=char[])
ARR 50003b41 (sz=38, trace=300000, nelems=19, elem type=char[])
ARR 50003b42 (sz=18, trace=300000, nelems=9, elem type=char[])
ARR 50003b43 (sz=42, trace=300000, nelems=21, elem type=char[])
ARR 50003b44 (sz=32, trace=300000, nelems=16, elem type=char[])
ARR 50003b45 (sz=38, trace=300000, nelems=19, elem type=char[])
ARR 50003b46 (sz=32, trace=300000, nelems=16, elem type=char[])
ARR 50003b47 (sz=40, trace=300000, nelems=20, elem type=char[])
OBJ 50003b48 (sz=32, trace=300000, class=java.lang.String@50000036)
	value		50003b53
OBJ 50003b49 (sz=32, trace=300000, class=java.lang.String@50000036)
	value		50003b52
OBJ 50003b4a (sz=32, trace=300000, class=java.lang.String@50000036)
	value		50003b51
OBJ 50003b4b (sz=32, trace=300000, class=java.lang.String@50000036)
	value		50003b50
OBJ 50003b4c (sz=32, trace=300000, class=java.lang.String@50000036)
	value		50003b4d
ARR 50003b4d (sz=52, trace=300000, nelems=26, elem type=char[])
OBJ 50003b4e (sz=32, trace=300000, class=java.lang.String@50000036)
	value		50003b4f
ARR 50003b4f (sz=62, trace=300000, nelems=31, elem type=char[])
ARR 50003b50 (sz=18, trace=300000, nelems=9, elem type=char[])
ARR 50003b51 (sz=24, trace=300000, nelems=12, elem type=char[])
ARR 50003b52 (sz=6, trace=300000, nelems=3, elem type=char[])
ARR 50003b53 (sz=36, trace=300000, nelems=18, elem type=char[])
OBJ 50003b54 (sz=32, trace=300000, class=java.lang.String@50000036)
	value		50003b58
OBJ 50003b55 (sz=32, trace=300000, class=java.lang.String@50000036)
	value		50003b59
OBJ 50003b56 (sz=32, trace=300000, class=java.lang.String@50000036)
	value		50003b5b
OBJ 50003b57 (sz=32, trace=300000, class=java.lang.String@50000036)
	value		50003b5a
ARR 50003b58 (sz=58, trace=300000, nelems=29, elem type=char[])
ARR 50003b59 (sz=94, trace=300000, nelems=47, elem type=char[])
ARR 50003b5a (sz=28, trace=300000, nelems=14, elem type=char[])
ARR 50003b5b (sz=4, trace=300000, nelems=2, elem type=char[])
OBJ 50003b5c (sz=32, trace=300000, class=java.lang.String@50000036)
	value		50003b65
OBJ 50003b5d (sz=32, trace=300000, class=java.lang.String@50000036)
	value		50003b5f
OBJ 50003b5e (sz=24, trace=300000, class=java.lang.reflect.ReflectPermission@5000004c)
	name		50003b5d
	path		50003b5d
ARR 50003b5f (sz=40, trace=300000, nelems=20, elem type=char[])
OBJ 50003b60 (sz=32, trace=300000, class=java.util.Collections$SynchronizedMap@50000065)
	m		50003b61
	mutex		50003b60
OBJ 50003b61 (sz=48, trace=300000, class=java.util.HashMap@500000cb)
	table		50003b62
ARR 50003b62 (sz=80, trace=300000, nelems=1, elem type=java.util.HashMap$Entry[]@50000054)
	[0]		50001229
OBJ 50003b63 (sz=32, trace=300000, class=java.lang.String@50000036)
	value		50003b64
ARR 50003b64 (sz=8, trace=300000, nelems=4, elem type=char[])
ARR 50003b65 (sz=12, trace=300000, nelems=6, elem type=char[])
OBJ 50003b66 (sz=32, trace=300000, class=java.lang.String@50000036)
	value		50003b97
OBJ 50003b67 (sz=32, trace=300000, class=java.lang.String@50000036)
	value		50003e3d
ARR 50003b68 (sz=56, trace=300000, nelems=10, elem type=sun.security.jca.ProviderConfig[]@50000e71)
	[0]		50001012
	[1]		50001023
	[2]		50001029
	[3]		5000102f
	[4]		50001035
	[5]		5000103b
	[6]		50001041
	[7]		50001047
	[8]		5000104d
	[9]		50001053
OBJ 50003b69 (sz=32, trace=300000, class=java.lang.String@50000036)
	value		50003c1f
OBJ 50003b6a (sz=32, trace=300000, class=java.lang.String@50000036)
	value		50003bb4
OBJ 50003b6b (sz=32, trace=300000, class=java.lang.String@50000036)
	value		50003b6c
ARR 50003b6c (sz=56, trace=300000, nelems=28, elem type=char[])
OBJ 50003b6d (sz=32, trace=300000, class=java.lang.String@50000036)
	value		50003b6e
ARR 50003b6e (sz=74, trace=300000, nelems=37, elem type=char[])
OBJ 50003b6f (sz=32, trace=300000, class=java.lang.String@50000036)
	value		50003b70
ARR 50003b70 (sz=46, trace=300000, nelems=23, elem type=char[])
OBJ 50003b71 (sz=32, trace=300000, class=java.lang.String@50000036)
	value		50003b74
OBJ 50003b72 (sz=32, trace=300000, class=java.lang.String@50000036)
	value		50003b73
ARR 50003b73 (sz=70, trace=300000, nelems=35, elem type=char[])
ARR 50003b74 (sz=16, trace=300000, nelems=8, elem type=char[])
OBJ 50003b75 (sz=32, trace=300000, class=java.lang.String@50000036)
	value		50003b78
OBJ 50003b76 (sz=32, trace=300000, class=java.lang.String@50000036)
	value		50003b77
ARR 50003b77 (sz=24, trace=300000, nelems=12, elem type=char[])
ARR 50003b78 (sz=76, trace=300000, nelems=38, elem type=char[])
OBJ 50003b79 (sz=32, trace=300000, class=java.lang.String@50000036)
	value		50003b7a
ARR 50003b7a (sz=58, trace=300000, nelems=29, elem type=char[])
OBJ 50003b7b (sz=32, trace=300000, class=java.lang.String@50000036)
	value		50003b7e
OBJ 50003b7c (sz=32, trace=300000, class=java.lang.String@50000036)
	value		50003b7d
ARR 50003b7d (sz=34, trace=300000, nelems=17, elem type=char[])
ARR 50003b7e (sz=50, trace=300000, nelems=25, elem type=char[])
OBJ 50003b7f (sz=32, trace=300000, class=java.lang.String@50000036)
	value		50003b82
OBJ 50003b80 (sz=32, trace=300000, class=java.lang.String@50000036)
	value		50003b81
ARR 50003b81 (sz=42, trace=300000, nelems=21, elem type=char[])
ARR 50003b82 (sz=94, trace=300000, nelems=47, elem type=char[])
OBJ 50003b83 (sz=32, trace=300000, class=java.lang.String@50000036)
	value		50003b84
ARR 50003b84 (sz=116, trace=300000, nelems=58, elem type=char[])
OBJ 50003b85 (sz=32, trace=300000, class=java.lang.String@50000036)
	value		50003b86
ARR 50003b86 (sz=46, trace=300000, nelems=23, elem type=char[])
OBJ 50003b87 (sz=32, trace=300000, class=java.lang.String@50000036)
	value		50003b88
ARR 50003b88 (sz=56, trace=300000, nelems=28, elem type=char[])
OBJ 50003b89 (sz=32, trace=300000, class=java.lang.String@50000036)
	value		50003b8a
ARR 50003b8a (sz=52, trace=300000, nelems=26, elem type=char[])
OBJ 50003b8b (sz=32, trace=300000, class=java.lang.String@50000036)
	value		50003b8c
ARR 50003b8c (sz=74, trace=300000, nelems=37, elem type=char[])
OBJ 50003b8d (sz=32, trace=300000, class=java.lang.String@50000036)
	value		50003b90
OBJ 50003b8e (sz=32, trace=300000, class=java.lang.String@50000036)
	value		50003b8f
ARR 50003b8f (sz=42, trace=300000, nelems=21, elem type=char[])
ARR 50003b90 (sz=64, trace=300000, nelems=32, elem type=char[])
OBJ 50003b91 (sz=32, trace=300000, class=java.lang.String@50000036)
	value		50003b92
ARR 50003b92 (sz=66, trace=300000, nelems=33, elem type=char[])
OBJ 50003b93 (sz=32, trace=300000, class=java.lang.String@50000036)
	value		50003b96
OBJ 50003b94 (sz=32, trace=300000, class=java.lang.String@50000036)
	value		50003b95
ARR 50003b95 (sz=88, trace=300000, nelems=44, elem type=char[])
ARR 50003b96 (sz=114, trace=300000, nelems=57, elem type=char[])
ARR 50003b97 (sz=50, trace=300000, nelems=25, elem type=char[])
OBJ 50003b98 (sz=32, trace=300000, class=java.lang.String@50000036)
	value		50003b99
ARR 50003b99 (sz=58, trace=300000, nelems=29, elem type=char[])
OBJ 50003b9a (sz=32, trace=300000, class=java.lang.String@50000036)
	value		50003b9b
ARR 50003b9b (sz=76, trace=300000, nelems=38, elem type=char[])
OBJ 50003b9c (sz=32, trace=300000, class=java.lang.String@50000036)
	value		50003b9f
OBJ 50003b9d (sz=32, trace=300000, class=java.lang.String@50000036)
	value		50003b9e
ARR 50003b9e (sz=58, trace=300000, nelems=29, elem type=char[])
ARR 50003b9f (sz=8, trace=300000, nelems=4, elem type=char[])
OBJ 50003ba0 (sz=32, trace=300000, class=java.lang.String@50000036)
	value		50003ba3
OBJ 50003ba1 (sz=32, trace=300000, class=java.lang.String@50000036)
	value		50003ba2
ARR 50003ba2 (sz=28, trace=300000, nelems=14, elem type=char[])
ARR 50003ba3 (sz=70, trace=300000, nelems=35, elem type=char[])
OBJ 50003ba4 (sz=32, trace=300000, class=java.lang.String@50000036)
	value		50003ba5
ARR 50003ba5 (sz=72, trace=300000, nelems=36, elem type=char[])
OBJ 50003ba6 (sz=32, trace=300000, class=java.lang.String@50000036)
	value		50003ba9
OBJ 50003ba7 (sz=32, trace=300000, class=java.lang.String@50000036)
	value		50003ba8
ARR 50003ba8 (sz=58, trace=300000, nelems=29, elem type=char[])
ARR 50003ba9 (sz=70, trace=300000, nelems=35, elem type=char[])
OBJ 50003baa (sz=32, trace=300000, class=java.lang.String@50000036)
	value		50003bab
ARR 50003bab (sz=82, trace=300000, nelems=41, elem type=char[])
OBJ 50003bac (sz=32, trace=300000, class=java.lang.String@50000036)
	value		50003bad
ARR 50003bad (sz=76, trace=300000, nelems=38, elem type=char[])
OBJ 50003bae (sz=32, trace=300000, class=java.lang.String@50000036)
	value		50003baf
ARR 50003baf (sz=62, trace=300000, nelems=31, elem type=char[])
OBJ 50003bb0 (sz=32, trace=300000, class=java.lang.String@50000036)
	value		50003bb3
OBJ 50003bb1 (sz=32, trace=300000, class=java.lang.String@50000036)
	value		50003bb2
ARR 50003bb2 (sz=52, trace=300000, nelems=26, elem type=char[])
ARR 50003bb3 (sz=22, trace=300000, nelems=11, elem type=char[])
ARR 50003bb4 (sz=6, trace=300000, nelems=3, elem type=char[])
OBJ 50003bb5 (sz=32, trace=300000, class=java.lang.String@50000036)
	value		50003bb6
ARR 50003bb6 (sz=94, trace=300000, nelems=47, elem type=char[])
OBJ 50003bb7 (sz=32, trace=300000, class=java.lang.String@50000036)
	value		50003bba
OBJ 50003bb8 (sz=32, trace=300000, class=java.lang.String@50000036)
	value		50003bb9
ARR 50003bb9 (sz=80, trace=300000, nelems=40, elem type=char[])
ARR 50003bba (sz=14, trace=300000, nelems=7, elem type=char[])
OBJ 50003bbb (sz=32, trace=300000, class=java.lang.String@50000036)
	value		50003bbe
OBJ 50003bbc (sz=32, trace=300000, class=java.lang.String@50000036)
	value		50003bbd
ARR 50003bbd (sz=34, trace=300000, nelems=17, elem type=char[])
ARR 50003bbe (sz=70, trace=300000, nelems=35, elem type=char[])
OBJ 50003bbf (sz=32, trace=300000, class=java.lang.String@50000036)
	value		50003bc0
ARR 50003bc0 (sz=86, trace=300000, nelems=43, elem type=char[])
OBJ 50003bc1 (sz=32, trace=300000, class=java.lang.String@50000036)
	value		50003bc2
ARR 50003bc2 (sz=54, trace=300000, nelems=27, elem type=char[])
OBJ 50003bc3 (sz=32, trace=300000, class=java.lang.String@50000036)
	value		50003bc4
ARR 50003bc4 (sz=80, trace=300000, nelems=40, elem type=char[])
OBJ 50003bc5 (sz=32, trace=300000, class=java.lang.String@50000036)
	value		50003bc8
OBJ 50003bc6 (sz=32, trace=300000, class=java.lang.String@50000036)
	value		50003bc7
ARR 50003bc7 (sz=42, trace=300000, nelems=21, elem type=char[])
ARR 50003bc8 (sz=66, trace=300000, nelems=33, elem type=char[])
OBJ 50003bc9 (sz=32, trace=300000, class=java.lang.String@50000036)
	value		50003bca
ARR 50003bca (sz=70, trace=300000, nelems=35, elem type=char[])
OBJ 50003bcb (sz=32, trace=300000, class=java.lang.String@50000036)
	value		50003bce
OBJ 50003bcc (sz=32, trace=300000, class=java.lang.String@50000036)
	value		50003bcd
ARR 50003bcd (sz=62, trace=300000, nelems=31, elem type=char[])
ARR 50003bce (sz=86, trace=300000, nelems=43, elem type=char[])
OBJ 50003bcf (sz=32, trace=300000, class=java.lang.String@50000036)
	value		50003bd2
OBJ 50003bd0 (sz=32, trace=300000, class=java.lang.String@50000036)
	value		50003bd1
ARR 50003bd1 (sz=82, trace=300000, nelems=41, elem type=char[])
ARR 50003bd2 (sz=152, trace=300000, nelems=76, elem type=char[])
OBJ 50003bd3 (sz=32, trace=300000, class=java.lang.String@50000036)
	value		50003bd6
OBJ 50003bd4 (sz=32, trace=300000, class=java.lang.String@50000036)
	value		50003bd5
ARR 50003bd5 (sz=42, trace=300000, nelems=21, elem type=char[])
ARR 50003bd6 (sz=66, trace=300000, nelems=33, elem type=char[])
OBJ 50003bd7 (sz=32, trace=300000, class=java.lang.String@50000036)
	value		50003bda
OBJ 50003bd8 (sz=32, trace=300000, class=java.lang.String@50000036)
	value		50003bd9
ARR 50003bd9 (sz=40, trace=300000, nelems=20, elem type=char[])
ARR 50003bda (sz=98, trace=300000, nelems=49, elem type=char[])
OBJ 50003bdb (sz=32, trace=300000, class=java.lang.String@50000036)
	value		50003bdc
ARR 50003bdc (sz=66, trace=300000, nelems=33, elem type=char[])
OBJ 50003bdd (sz=32, trace=300000, class=java.lang.String@50000036)
	value		50003bde
ARR 50003bde (sz=68, trace=300000, nelems=34, elem type=char[])
OBJ 50003bdf (sz=32, trace=300000, class=java.lang.String@50000036)
	value		50003be2
OBJ 50003be0 (sz=32, trace=300000, class=java.lang.String@50000036)
	value		50003be1
ARR 50003be1 (sz=46, trace=300000, nelems=23, elem type=char[])
ARR 50003be2 (sz=70, trace=300000, nelems=35, elem type=char[])
OBJ 50003be3 (sz=32, trace=300000, class=java.lang.String@50000036)
	value		50003be4
ARR 50003be4 (sz=82, trace=300000, nelems=41, elem type=char[])
OBJ 50003be5 (sz=32, trace=300000, class=java.lang.String@50000036)
	value		50003be8
OBJ 50003be6 (sz=32, trace=300000, class=java.lang.String@50000036)
	value		50003be7
ARR 50003be7 (sz=40, trace=300000, nelems=20, elem type=char[])
ARR 50003be8 (sz=100, trace=300000, nelems=50, elem type=char[])
OBJ 50003be9 (sz=32, trace=300000, class=java.lang.String@50000036)
	value		50003bea
ARR 50003bea (sz=90, trace=300000, nelems=45, elem type=char[])
OBJ 50003beb (sz=32, trace=300000, class=java.lang.String@50000036)
	value		50003bec
ARR 50003bec (sz=56, trace=300000, nelems=28, elem type=char[])
OBJ 50003bed (sz=32, trace=300000, class=java.lang.String@50000036)
	value		50003bf0
OBJ 50003bee (sz=32, trace=300000, class=java.lang.String@50000036)
	value		50003bef
ARR 50003bef (sz=28, trace=300000, nelems=14, elem type=char[])
ARR 50003bf0 (sz=88, trace=300000, nelems=44, elem type=char[])
OBJ 50003bf1 (sz=32, trace=300000, class=java.lang.String@50000036)
	value		50003bf4
OBJ 50003bf2 (sz=32, trace=300000, class=java.lang.String@50000036)
	value		50003bf3
ARR 50003bf3 (sz=48, trace=300000, nelems=24, elem type=char[])
ARR 50003bf4 (sz=66, trace=300000, nelems=33, elem type=char[])
OBJ 50003bf5 (sz=32, trace=300000, class=java.lang.String@50000036)
	value		50003bf8
OBJ 50003bf6 (sz=32, trace=300000, class=java.lang.String@50000036)
	value		50003bf7
ARR 50003bf7 (sz=46, trace=300000, nelems=23, elem type=char[])
ARR 50003bf8 (sz=64, trace=300000, nelems=32, elem type=char[])
OBJ 50003bf9 (sz=32, trace=300000, class=java.lang.String@50000036)
	value		50003bfc
OBJ 50003bfa (sz=32, trace=300000, class=java.lang.String@50000036)
	value		50003bfb
ARR 50003bfb (sz=50, trace=300000, nelems=25, elem type=char[])
ARR 50003bfc (sz=14, trace=300000, nelems=7, elem type=char[])
OBJ 50003bfd (sz=32, trace=300000, class=java.lang.String@50000036)
	value		50003bfe
ARR 50003bfe (sz=56, trace=300000, nelems=28, elem type=char[])
OBJ 50003bff (sz=32, trace=300000, class=java.lang.String@50000036)
	value		50003c00
ARR 50003c00 (sz=68, trace=300000, nelems=34, elem type=char[])
OBJ 50003c01 (sz=32, trace=300000, class=java.lang.String@50000036)
	value		50003c02
ARR 50003c02 (sz=84, trace=300000, nelems=42, elem type=char[])
OBJ 50003c03 (sz=32, trace=300000, class=java.lang.String@50000036)
	value		50003c04
ARR 50003c04 (sz=68, trace=300000, nelems=34, elem type=char[])
OBJ 50003c05 (sz=32, trace=300000, class=java.lang.String@50000036)
	value		50003c06
ARR 50003c06 (sz=66, trace=300000, nelems=33, elem type=char[])
OBJ 50003c07 (sz=32, trace=300000, class=java.lang.String@50000036)
	value		50003c0a
OBJ 50003c08 (sz=32, trace=300000, class=java.lang.String@50000036)
	value		50003c09
ARR 50003c09 (sz=44, trace=300000, nelems=22, elem type=char[])
ARR 50003c0a (sz=104, trace=300000, nelems=52, elem type=char[])
OBJ 50003c0b (sz=32, trace=300000, class=java.lang.String@50000036)
	value		50003c0c
ARR 50003c0c (sz=56, trace=300000, nelems=28, elem type=char[])
OBJ 50003c0d (sz=32, trace=300000, class=java.lang.String@50000036)
	value		50003c0e
ARR 50003c0e (sz=78, trace=300000, nelems=39, elem type=char[])
OBJ 50003c0f (sz=32, trace=300000, class=java.lang.String@50000036)
	value		50003c12
OBJ 50003c10 (sz=32, trace=300000, class=java.lang.String@50000036)
	value		50003c11
ARR 50003c11 (sz=42, trace=300000, nelems=21, elem type=char[])
ARR 50003c12 (sz=68, trace=300000, nelems=34, elem type=char[])
OBJ 50003c13 (sz=32, trace=300000, class=java.lang.String@50000036)
	value		50003c16
OBJ 50003c14 (sz=32, trace=300000, class=java.lang.String@50000036)
	value		50003c15
ARR 50003c15 (sz=42, trace=300000, nelems=21, elem type=char[])
ARR 50003c16 (sz=74, trace=300000, nelems=37, elem type=char[])
OBJ 50003c17 (sz=32, trace=300000, class=java.lang.String@50000036)
	value		50003c18
ARR 50003c18 (sz=68, trace=300000, nelems=34, elem type=char[])
OBJ 50003c19 (sz=32, trace=300000, class=java.lang.String@50000036)
	value		50003c1c
OBJ 50003c1a (sz=32, trace=300000, class=java.lang.String@50000036)
	value		50003c1b
ARR 50003c1b (sz=40, trace=300000, nelems=20, elem type=char[])
ARR 50003c1c (sz=82, trace=300000, nelems=41, elem type=char[])
OBJ 50003c1d (sz=32, trace=300000, class=java.lang.String@50000036)
	value		50003c1e
ARR 50003c1e (sz=62, trace=300000, nelems=31, elem type=char[])
ARR 50003c1f (sz=480, trace=300000, nelems=240, elem type=char[])
OBJ 50003c20 (sz=32, trace=300000, class=java.lang.String@50000036)
	value		50003c21
ARR 50003c21 (sz=88, trace=300000, nelems=44, elem type=char[])
OBJ 50003c22 (sz=32, trace=300000, class=java.lang.String@50000036)
	value		50003c23
ARR 50003c23 (sz=60, trace=300000, nelems=30, elem type=char[])
OBJ 50003c24 (sz=32, trace=300000, class=java.lang.String@50000036)
	value		50003c27
OBJ 50003c25 (sz=32, trace=300000, class=java.lang.String@50000036)
	value		50003c26
ARR 50003c26 (sz=34, trace=300000, nelems=17, elem type=char[])
ARR 50003c27 (sz=50, trace=300000, nelems=25, elem type=char[])
OBJ 50003c28 (sz=32, trace=300000, class=java.lang.String@50000036)
	value		50003c29
ARR 50003c29 (sz=62, trace=300000, nelems=31, elem type=char[])
OBJ 50003c2a (sz=32, trace=300000, class=java.lang.String@50000036)
	value		50003c2d
OBJ 50003c2b (sz=32, trace=300000, class=java.lang.String@50000036)
	value		50003c2c
ARR 50003c2c (sz=42, trace=300000, nelems=21, elem type=char[])
ARR 50003c2d (sz=52, trace=300000, nelems=26, elem type=char[])
OBJ 50003c2e (sz=32, trace=300000, class=java.lang.String@50000036)
	value		50003c2f
ARR 50003c2f (sz=96, trace=300000, nelems=48, elem type=char[])
OBJ 50003c30 (sz=32, trace=300000, class=java.lang.String@50000036)
	value		50003c33
OBJ 50003c31 (sz=32, trace=300000, class=java.lang.String@50000036)
	value		50003c32
ARR 50003c32 (sz=34, trace=300000, nelems=17, elem type=char[])
ARR 50003c33 (sz=50, trace=300000, nelems=25, elem type=char[])
OBJ 50003c34 (sz=32, trace=300000, class=java.lang.String@50000036)
	value		50003c35
ARR 50003c35 (sz=8, trace=300000, nelems=4, elem type=char[])
OBJ 50003c36 (sz=32, trace=300000, class=java.lang.String@50000036)
	value		50003c37
ARR 50003c37 (sz=26, trace=300000, nelems=13, elem type=char[])
OBJ 50003c38 (sz=32, trace=300000, class=java.lang.String@50000036)
	value		50003c39
ARR 50003c39 (sz=38, trace=300000, nelems=19, elem type=char[])
OBJ 50003c3a (sz=32, trace=300000, class=java.lang.String@50000036)
	value		50003c3d
OBJ 50003c3b (sz=32, trace=300000, class=java.lang.String@50000036)
	value		50003c3c
ARR 50003c3c (sz=30, trace=300000, nelems=15, elem type=char[])
ARR 50003c3d (sz=30, trace=300000, nelems=15, elem type=char[])
OBJ 50003c3e (sz=32, trace=300000, class=java.lang.String@50000036)
	value		50003c41
OBJ 50003c3f (sz=32, trace=300000, class=java.lang.String@50000036)
	value		50003c40
ARR 50003c40 (sz=20, trace=300000, nelems=10, elem type=char[])
ARR 50003c41 (sz=20, trace=300000, nelems=10, elem type=char[])
OBJ 50003c42 (sz=32, trace=300000, class=java.lang.String@50000036)
	value		50003c45
OBJ 50003c43 (sz=32, trace=300000, class=java.lang.String@50000036)
	value		50003c44
ARR 50003c44 (sz=24, trace=300000, nelems=12, elem type=char[])
ARR 50003c45 (sz=24, trace=300000, nelems=12, elem type=char[])
OBJ 50003c46 (sz=32, trace=300000, class=java.lang.String@50000036)
	value		50003c47
ARR 50003c47 (sz=6, trace=300000, nelems=3, elem type=char[])
OBJ 50003c48 (sz=32, trace=300000, class=java.lang.String@50000036)
	value		50003c49
ARR 50003c49 (sz=8, trace=300000, nelems=4, elem type=char[])
OBJ 50003c4a (sz=32, trace=300000, class=java.lang.String@50000036)
	value		50003ddb
OBJ 50003c4b (sz=32, trace=300000, class=java.lang.String@50000036)
	value		50003c4d
OBJ 50003c4c (sz=32, trace=300000, class=java.lang.String@50000036)
	value		50003c4e
ARR 50003c4d (sz=54, trace=300000, nelems=27, elem type=char[])
ARR 50003c4e (sz=50, trace=300000, nelems=25, elem type=char[])
OBJ 50003c4f (sz=32, trace=300000, class=java.lang.String@50000036)
	value		50003c54
OBJ 50003c50 (sz=32, trace=300000, class=java.lang.String@50000036)
	value		50003c53
OBJ 50003c51 (sz=32, trace=300000, class=java.lang.String@50000036)
	value		50003c52
ARR 50003c52 (sz=42, trace=300000, nelems=21, elem type=char[])
ARR 50003c53 (sz=22, trace=300000, nelems=11, elem type=char[])
ARR 50003c54 (sz=18, trace=300000, nelems=9, elem type=char[])
OBJ 50003c55 (sz=32, trace=300000, class=sun.security.util.DerInputBuffer@50001069)
	buf		500019b4
OBJ 50003c56 (sz=32, trace=300000, class=java.lang.String@50000036)
	value		50003c61
OBJ 50003c57 (sz=32, trace=300000, class=java.lang.String@50000036)
	value		50003c5e
OBJ 50003c58 (sz=32, trace=300000, class=java.lang.String@50000036)
	value		50003c60
OBJ 50003c59 (sz=32, trace=300000, class=java.lang.String@50000036)
	value		50003c5f
OBJ 50003c5a (sz=32, trace=300000, class=java.lang.String@50000036)
	value		50003d85
OBJ 50003c5b (sz=32, trace=300000, class=java.lang.String@50000036)
	value		50003d7c
OBJ 50003c5c (sz=32, trace=300000, class=java.lang.String@50000036)
	value		50003d84
OBJ 50003c5d (sz=32, trace=300000, class=java.lang.String@50000036)
	value		50003d83
ARR 50003c5e (sz=16, trace=300000, nelems=8, elem type=char[])
ARR 50003c5f (sz=14, trace=300000, nelems=7, elem type=char[])
ARR 50003c60 (sz=22, trace=300000, nelems=11, elem type=char[])
ARR 50003c61 (sz=32, trace=300000, nelems=16, elem type=char[])
OBJ 50003c62 (sz=32, trace=300000, class=java.lang.String@50000036)
	value		50003c66
OBJ 50003c63 (sz=32, trace=300000, class=java.lang.String@50000036)
	value		50003c67
OBJ 50003c64 (sz=32, trace=300000, class=java.lang.String@50000036)
	value		50003c68
OBJ 50003c65 (sz=32, trace=300000, class=java.lang.String@50000036)
	value		50003c69
ARR 50003c66 (sz=6, trace=300000, nelems=3, elem type=char[])
ARR 50003c67 (sz=6, trace=300000, nelems=3, elem type=char[])
ARR 50003c68 (sz=8, trace=300000, nelems=4, elem type=char[])
ARR 50003c69 (sz=8, trace=300000, nelems=4, elem type=char[])
OBJ 50003c6a (sz=72, trace=300000, class=java.lang.reflect.Constructor@5000000d)
	clazz		50001934
	parameterTypes	50003c6b
	exceptionTypes	500032a3
ARR 50003c6b (sz=24, trace=300000, nelems=1, elem type=java.lang.Class[]@5000002d)
	[0]		500018fb
OBJ 50003c6c (sz=32, trace=300000, class=java.lang.String@50000036)
	value		50003c70
OBJ 50003c6d (sz=32, trace=300000, class=java.lang.String@50000036)
	value		50003c6f
OBJ 50003c6e (sz=32, trace=300000, class=java.lang.String@50000036)
	value		50003c71
ARR 50003c6f (sz=14, trace=300000, nelems=7, elem type=char[])
ARR 50003c70 (sz=14, trace=300000, nelems=7, elem type=char[])
ARR 50003c71 (sz=18, trace=300000, nelems=9, elem type=char[])
OBJ 50003c72 (sz=72, trace=300000, class=java.lang.reflect.Field@5000004e)
	clazz		50001934
	name		50003c73
	type		500018fb
OBJ 50003c73 (sz=32, trace=300000, class=java.lang.String@50000036)
	value		50003c74
ARR 50003c74 (sz=24, trace=300000, nelems=12, elem type=char[])
OBJ 50003c75 (sz=32, trace=300000, class=java.lang.String@50000036)
	value		50003c8a
OBJ 50003c76 (sz=32, trace=300000, class=java.lang.String@50000036)
	value		50003c90
OBJ 50003c77 (sz=32, trace=300000, class=java.lang.String@50000036)
	value		50003c9b
OBJ 50003c78 (sz=32, trace=300000, class=java.lang.String@50000036)
	value		50003c92
OBJ 50003c79 (sz=32, trace=300000, class=java.lang.String@50000036)
	value		50003c89
OBJ 50003c7a (sz=32, trace=300000, class=java.lang.String@50000036)
	value		50003c95
OBJ 50003c7b (sz=32, trace=300000, class=java.lang.String@50000036)
	value		50003c96
OBJ 50003c7c (sz=32, trace=300000, class=java.lang.String@50000036)
	value		50003c97
OBJ 50003c7d (sz=32, trace=300000, class=java.lang.String@50000036)
	value		50003c98
OBJ 50003c7e (sz=32, trace=300000, class=java.lang.String@50000036)
	value		50003c91
OBJ 50003c7f (sz=32, trace=300000, class=java.lang.String@50000036)
	value		50003c9c
OBJ 50003c80 (sz=32, trace=300000, class=java.lang.String@50000036)
	value		50003c8e
OBJ 50003c81 (sz=32, trace=300000, class=java.lang.String@50000036)
	value		50003c93
OBJ 50003c82 (sz=32, trace=300000, class=java.lang.String@50000036)
	value		50003c8b
OBJ 50003c83 (sz=32, trace=300000, class=java.lang.String@50000036)
	value		50003c99
OBJ 50003c84 (sz=32, trace=300000, class=java.lang.String@50000036)
	value		50003c94
OBJ 50003c85 (sz=32, trace=300000, class=java.lang.String@50000036)
	value		50003c9a
OBJ 50003c86 (sz=32, trace=300000, class=java.lang.String@50000036)
	value		50003c8f
OBJ 50003c87 (sz=32, trace=300000, class=java.lang.String@50000036)
	value		50003c8c
OBJ 50003c88 (sz=32, trace=300000, class=java.lang.String@50000036)
	value		50003c8d
ARR 50003c89 (sz=2, trace=300000, nelems=1, elem type=char[])
ARR 50003c8a (sz=2, trace=300000, nelems=1, elem type=char[])
ARR 50003c8b (sz=18, trace=300000, nelems=9, elem type=char[])
ARR 50003c8c (sz=6, trace=300000, nelems=3, elem type=char[])
ARR 50003c8d (sz=24, trace=300000, nelems=12, elem type=char[])
ARR 50003c8e (sz=6, trace=300000, nelems=3, elem type=char[])
ARR 50003c8f (sz=24, trace=300000, nelems=12, elem type=char[])
ARR 50003c90 (sz=2, trace=300000, nelems=1, elem type=char[])
ARR 50003c91 (sz=4, trace=300000, nelems=2, elem type=char[])
ARR 50003c92 (sz=4, trace=300000, nelems=2, elem type=char[])
ARR 50003c93 (sz=14, trace=300000, nelems=7, elem type=char[])
ARR 50003c94 (sz=20, trace=300000, nelems=10, elem type=char[])
ARR 50003c95 (sz=4, trace=300000, nelems=2, elem type=char[])
ARR 50003c96 (sz=2, trace=300000, nelems=1, elem type=char[])
ARR 50003c97 (sz=4, trace=300000, nelems=2, elem type=char[])
ARR 50003c98 (sz=12, trace=300000, nelems=6, elem type=char[])
ARR 50003c99 (sz=16, trace=300000, nelems=8, elem type=char[])
ARR 50003c9a (sz=10, trace=300000, nelems=5, elem type=char[])
ARR 50003c9b (sz=2, trace=300000, nelems=1, elem type=char[])
ARR 50003c9c (sz=22, trace=300000, nelems=11, elem type=char[])
OBJ 50003c9d (sz=32, trace=300000, class=java.lang.String@50000036)
	value		50003cd6
OBJ 50003c9e (sz=32, trace=300000, class=java.lang.String@50000036)
	value		50003cda
OBJ 50003c9f (sz=32, trace=300000, class=java.lang.String@50000036)
	value		50003cd3
OBJ 50003ca0 (sz=32, trace=300000, class=java.lang.String@50000036)
	value		50003cd9
OBJ 50003ca1 (sz=32, trace=300000, class=java.lang.String@50000036)
	value		50003cdd
OBJ 50003ca2 (sz=32, trace=300000, class=java.lang.String@50000036)
	value		50003cdc
OBJ 50003ca3 (sz=32, trace=300000, class=java.lang.String@50000036)
	value		50003cdb
OBJ 50003ca4 (sz=32, trace=300000, class=java.lang.String@50000036)
	value		50003ce0
OBJ 50003ca5 (sz=32, trace=300000, class=java.lang.String@50000036)
	value		50003cd7
OBJ 50003ca6 (sz=32, trace=300000, class=java.lang.String@50000036)
	value		50003cdf
OBJ 50003ca7 (sz=32, trace=300000, class=java.lang.String@50000036)
	value		50003cd1
OBJ 50003ca8 (sz=32, trace=300000, class=java.lang.String@50000036)
	value		50003cd8
OBJ 50003ca9 (sz=32, trace=300000, class=java.lang.String@50000036)
	value		50003cd4
OBJ 50003caa (sz=32, trace=300000, class=java.lang.String@50000036)
	value		50003cd2
OBJ 50003cab (sz=32, trace=300000, class=java.lang.String@50000036)
	value		50003cde
OBJ 50003cac (sz=32, trace=300000, class=java.lang.String@50000036)
	value		50003cd5
OBJ 50003cad (sz=32, trace=300000, class=java.lang.String@50000036)
	value		50003cc2
OBJ 50003cae (sz=32, trace=300000, class=java.lang.String@50000036)
	value		50003cc3
OBJ 50003caf (sz=32, trace=300000, class=java.lang.String@50000036)
	value		50003cc4
OBJ 50003cb0 (sz=32, trace=300000, class=java.lang.String@50000036)
	value		50003cc5
OBJ 50003cb1 (sz=32, trace=300000, class=java.lang.String@50000036)
	value		50003cc6
OBJ 50003cb2 (sz=32, trace=300000, class=java.lang.String@50000036)
	value		50003cc7
OBJ 50003cb3 (sz=32, trace=300000, class=java.lang.String@50000036)
	value		50003cc8
OBJ 50003cb4 (sz=32, trace=300000, class=java.lang.String@50000036)
	value		50003cc9
OBJ 50003cb5 (sz=32, trace=300000, class=java.lang.String@50000036)
	value		50003cca
OBJ 50003cb6 (sz=32, trace=300000, class=java.lang.String@50000036)
	value		50003ccb
OBJ 50003cb7 (sz=32, trace=300000, class=java.lang.String@50000036)
	value		50003ccc
OBJ 50003cb8 (sz=32, trace=300000, class=java.lang.String@50000036)
	value		50003ccd
OBJ 50003cb9 (sz=32, trace=300000, class=java.lang.String@50000036)
	value		50003cce
OBJ 50003cba (sz=32, trace=300000, class=java.lang.String@50000036)
	value		50003ccf
OBJ 50003cbb (sz=32, trace=300000, class=java.lang.String@50000036)
	value		50003cd0
OBJ 50003cbc (sz=32, trace=300000, class=java.lang.String@50000036)
	value		50003d82
OBJ 50003cbd (sz=32, trace=300000, class=java.lang.String@50000036)
	value		50003d81
OBJ 50003cbe (sz=32, trace=300000, class=java.lang.String@50000036)
	value		50003d80
OBJ 50003cbf (sz=32, trace=300000, class=java.lang.String@50000036)
	value		50003d7f
OBJ 50003cc0 (sz=32, trace=300000, class=java.lang.String@50000036)
	value		50003d7e
OBJ 50003cc1 (sz=32, trace=300000, class=java.lang.String@50000036)
	value		50003d7d
ARR 50003cc2 (sz=24, trace=300000, nelems=12, elem type=char[])
ARR 50003cc3 (sz=32, trace=300000, nelems=16, elem type=char[])
ARR 50003cc4 (sz=22, trace=300000, nelems=11, elem type=char[])
ARR 50003cc5 (sz=22, trace=300000, nelems=11, elem type=char[])
ARR 50003cc6 (sz=32, trace=300000, nelems=16, elem type=char[])
ARR 50003cc7 (sz=34, trace=300000, nelems=17, elem type=char[])
ARR 50003cc8 (sz=38, trace=300000, nelems=19, elem type=char[])
ARR 50003cc9 (sz=58, trace=300000, nelems=29, elem type=char[])
ARR 50003cca (sz=42, trace=300000, nelems=21, elem type=char[])
ARR 50003ccb (sz=28, trace=300000, nelems=14, elem type=char[])
ARR 50003ccc (sz=32, trace=300000, nelems=16, elem type=char[])
ARR 50003ccd (sz=32, trace=300000, nelems=16, elem type=char[])
ARR 50003cce (sz=30, trace=300000, nelems=15, elem type=char[])
ARR 50003ccf (sz=36, trace=300000, nelems=18, elem type=char[])
ARR 50003cd0 (sz=46, trace=300000, nelems=23, elem type=char[])
ARR 50003cd1 (sz=28, trace=300000, nelems=14, elem type=char[])
ARR 50003cd2 (sz=30, trace=300000, nelems=15, elem type=char[])
ARR 50003cd3 (sz=22, trace=300000, nelems=11, elem type=char[])
ARR 50003cd4 (sz=32, trace=300000, nelems=16, elem type=char[])
ARR 50003cd5 (sz=46, trace=300000, nelems=23, elem type=char[])
ARR 50003cd6 (sz=24, trace=300000, nelems=12, elem type=char[])
ARR 50003cd7 (sz=58, trace=300000, nelems=29, elem type=char[])
ARR 50003cd8 (sz=36, trace=300000, nelems=18, elem type=char[])
ARR 50003cd9 (sz=26, trace=300000, nelems=13, elem type=char[])
ARR 50003cda (sz=32, trace=300000, nelems=16, elem type=char[])
ARR 50003cdb (sz=34, trace=300000, nelems=17, elem type=char[])
ARR 50003cdc (sz=32, trace=300000, nelems=16, elem type=char[])
ARR 50003cdd (sz=22, trace=300000, nelems=11, elem type=char[])
ARR 50003cde (sz=36, trace=300000, nelems=18, elem type=char[])
ARR 50003cdf (sz=42, trace=300000, nelems=21, elem type=char[])
ARR 50003ce0 (sz=38, trace=300000, nelems=19, elem type=char[])
OBJ 50003ce1 (sz=32, trace=300000, class=java.lang.String@50000036)
	value		50003ce2
ARR 50003ce2 (sz=8, trace=300000, nelems=4, elem type=char[])
OBJ 50003ce3 (sz=32, trace=300000, class=java.lang.String@50000036)
	value		50003ce6
OBJ 50003ce4 (sz=32, trace=300000, class=java.lang.String@50000036)
	value		50003ce5
ARR 50003ce5 (sz=40, trace=300000, nelems=20, elem type=char[])
ARR 50003ce6 (sz=20, trace=300000, nelems=10, elem type=char[])
OBJ 50003ce7 (sz=32, trace=300000, class=java.lang.String@50000036)
	value		50003d16
OBJ 50003ce8 (sz=32, trace=300000, class=java.lang.String@50000036)
	value		50003d65
OBJ 50003ce9 (sz=32, trace=300000, class=java.lang.String@50000036)
	value		50003d17
OBJ 50003cea (sz=32, trace=300000, class=java.lang.String@50000036)
	value		50003d30
OBJ 50003ceb (sz=32, trace=300000, class=java.lang.String@50000036)
	value		50003d18
OBJ 50003cec (sz=32, trace=300000, class=java.lang.String@50000036)
	value		50003d2c
OBJ 50003ced (sz=32, trace=300000, class=java.lang.String@50000036)
	value		50003d1a
OBJ 50003cee (sz=32, trace=300000, class=java.lang.String@50000036)
	value		50003d45
OBJ 50003cef (sz=32, trace=300000, class=java.lang.String@50000036)
	value		50003d1b
OBJ 50003cf0 (sz=32, trace=300000, class=java.lang.String@50000036)
	value		50003d7b
OBJ 50003cf1 (sz=32, trace=300000, class=java.lang.String@50000036)
	value		50003d1c
OBJ 50003cf2 (sz=32, trace=300000, class=java.lang.String@50000036)
	value		50003d5d
OBJ 50003cf3 (sz=32, trace=300000, class=java.lang.String@50000036)
	value		50003d1f
OBJ 50003cf4 (sz=32, trace=300000, class=java.lang.String@50000036)
	value		50003d5b
OBJ 50003cf5 (sz=32, trace=300000, class=java.lang.String@50000036)
	value		50003d20
OBJ 50003cf6 (sz=32, trace=300000, class=java.lang.String@50000036)
	value		50003d54
OBJ 50003cf7 (sz=32, trace=300000, class=java.lang.String@50000036)
	value		50003d1d
OBJ 50003cf8 (sz=32, trace=300000, class=java.lang.String@50000036)
	value		50003d64
OBJ 50003cf9 (sz=32, trace=300000, class=java.lang.String@50000036)
	value		50003d19
OBJ 50003cfa (sz=32, trace=300000, class=java.lang.String@50000036)
	value		50003d57
OBJ 50003cfb (sz=32, trace=300000, class=java.lang.String@50000036)
	value		50003d15
OBJ 50003cfc (sz=32, trace=300000, class=java.lang.String@50000036)
	value		50003d4a
OBJ 50003cfd (sz=32, trace=300000, class=java.lang.String@50000036)
	value		50003d1e
OBJ 50003cfe (sz=32, trace=300000, class=java.lang.String@50000036)
	value		50003d2d
OBJ 50003cff (sz=32, trace=300000, class=java.lang.String@50000036)
	value		50003d21
OBJ 50003d00 (sz=32, trace=300000, class=java.lang.String@50000036)
	value		50003d69
OBJ 50003d01 (sz=32, trace=300000, class=java.lang.String@50000036)
	value		50003d22
OBJ 50003d02 (sz=32, trace=300000, class=java.lang.String@50000036)
	value		50003d53
OBJ 50003d03 (sz=32, trace=300000, class=java.lang.String@50000036)
	value		50003d23
OBJ 50003d04 (sz=32, trace=300000, class=java.lang.String@50000036)
	value		50003d5a
OBJ 50003d05 (sz=32, trace=300000, class=java.lang.String@50000036)
	value		50003d24
OBJ 50003d06 (sz=32, trace=300000, class=java.lang.String@50000036)
	value		50003d5c
OBJ 50003d07 (sz=32, trace=300000, class=java.lang.String@50000036)
	value		50003d25
OBJ 50003d08 (sz=32, trace=300000, class=java.lang.String@50000036)
	value		50003d2f
OBJ 50003d09 (sz=32, trace=300000, class=java.lang.String@50000036)
	value		50003d26
OBJ 50003d0a (sz=32, trace=300000, class=java.lang.String@50000036)
	value		50003d59
OBJ 50003d0b (sz=32, trace=300000, class=java.lang.String@50000036)
	value		50003d27
OBJ 50003d0c (sz=32, trace=300000, class=java.lang.String@50000036)
	value		50003d56
OBJ 50003d0d (sz=32, trace=300000, class=java.lang.String@50000036)
	value		50003d28
OBJ 50003d0e (sz=32, trace=300000, class=java.lang.String@50000036)
	value		50003d68
OBJ 50003d0f (sz=32, trace=300000, class=java.lang.String@50000036)
	value		50003d29
OBJ 50003d10 (sz=32, trace=300000, class=java.lang.String@50000036)
	value		50003d2e
OBJ 50003d11 (sz=32, trace=300000, class=java.lang.String@50000036)
	value		50003d2a
OBJ 50003d12 (sz=32, trace=300000, class=java.lang.String@50000036)
	value		50003d55
OBJ 50003d13 (sz=32, trace=300000, class=java.lang.String@50000036)
	value		50003d2b
OBJ 50003d14 (sz=32, trace=300000, class=java.lang.String@50000036)
	value		50003d58
ARR 50003d15 (sz=86, trace=300000, nelems=43, elem type=char[])
ARR 50003d16 (sz=82, trace=300000, nelems=41, elem type=char[])
ARR 50003d17 (sz=58, trace=300000, nelems=29, elem type=char[])
ARR 50003d18 (sz=72, trace=300000, nelems=36, elem type=char[])
ARR 50003d19 (sz=70, trace=300000, nelems=35, elem type=char[])
ARR 50003d1a (sz=86, trace=300000, nelems=43, elem type=char[])
ARR 50003d1b (sz=84, trace=300000, nelems=42, elem type=char[])
ARR 50003d1c (sz=74, trace=300000, nelems=37, elem type=char[])
ARR 50003d1d (sz=72, trace=300000, nelems=36, elem type=char[])
ARR 50003d1e (sz=76, trace=300000, nelems=38, elem type=char[])
ARR 50003d1f (sz=60, trace=300000, nelems=30, elem type=char[])
ARR 50003d20 (sz=68, trace=300000, nelems=34, elem type=char[])
ARR 50003d21 (sz=74, trace=300000, nelems=37, elem type=char[])
ARR 50003d22 (sz=80, trace=300000, nelems=40, elem type=char[])
ARR 50003d23 (sz=74, trace=300000, nelems=37, elem type=char[])
ARR 50003d24 (sz=74, trace=300000, nelems=37, elem type=char[])
ARR 50003d25 (sz=84, trace=300000, nelems=42, elem type=char[])
ARR 50003d26 (sz=76, trace=300000, nelems=38, elem type=char[])
ARR 50003d27 (sz=80, trace=300000, nelems=40, elem type=char[])
ARR 50003d28 (sz=90, trace=300000, nelems=45, elem type=char[])
ARR 50003d29 (sz=76, trace=300000, nelems=38, elem type=char[])
ARR 50003d2a (sz=64, trace=300000, nelems=32, elem type=char[])
ARR 50003d2b (sz=64, trace=300000, nelems=32, elem type=char[])
ARR 50003d2c (sz=84, trace=300000, nelems=42, elem type=char[])
ARR 50003d2d (sz=88, trace=300000, nelems=44, elem type=char[])
ARR 50003d2e (sz=88, trace=300000, nelems=44, elem type=char[])
ARR 50003d2f (sz=96, trace=300000, nelems=48, elem type=char[])
ARR 50003d30 (sz=70, trace=300000, nelems=35, elem type=char[])
OBJ 50003d31 (sz=32, trace=300000, class=java.lang.String@50000036)
	value		50003d3c
OBJ 50003d32 (sz=32, trace=300000, class=java.lang.String@50000036)
	value		50003d3d
OBJ 50003d33 (sz=32, trace=300000, class=java.lang.String@50000036)
	value		50003d3e
OBJ 50003d34 (sz=32, trace=300000, class=java.lang.String@50000036)
	value		50003d3f
OBJ 50003d35 (sz=32, trace=300000, class=java.lang.String@50000036)
	value		50003d40
OBJ 50003d36 (sz=32, trace=300000, class=java.lang.String@50000036)
	value		50003d41
OBJ 50003d37 (sz=32, trace=300000, class=java.lang.String@50000036)
	value		50003d42
OBJ 50003d38 (sz=32, trace=300000, class=java.lang.String@50000036)
	value		50003d43
OBJ 50003d39 (sz=32, trace=300000, class=java.lang.String@50000036)
	value		50003d44
OBJ 50003d3a (sz=32, trace=300000, class=java.lang.String@50000036)
	value		50003d3b
ARR 50003d3b (sz=16, trace=300000, nelems=8, elem type=char[])
ARR 50003d3c (sz=34, trace=300000, nelems=17, elem type=char[])
ARR 50003d3d (sz=30, trace=300000, nelems=15, elem type=char[])
ARR 50003d3e (sz=32, trace=300000, nelems=16, elem type=char[])
ARR 50003d3f (sz=34, trace=300000, nelems=17, elem type=char[])
ARR 50003d40 (sz=26, trace=300000, nelems=13, elem type=char[])
ARR 50003d41 (sz=24, trace=300000, nelems=12, elem type=char[])
ARR 50003d42 (sz=16, trace=300000, nelems=8, elem type=char[])
ARR 50003d43 (sz=26, trace=300000, nelems=13, elem type=char[])
ARR 50003d44 (sz=26, trace=300000, nelems=13, elem type=char[])
ARR 50003d45 (sz=98, trace=300000, nelems=49, elem type=char[])
OBJ 50003d46 (sz=32, trace=300000, class=java.lang.String@50000036)
	value		50003d49
OBJ 50003d47 (sz=32, trace=300000, class=java.lang.String@50000036)
	value		50003d48
ARR 50003d48 (sz=44, trace=300000, nelems=22, elem type=char[])
ARR 50003d49 (sz=24, trace=300000, nelems=12, elem type=char[])
ARR 50003d4a (sz=98, trace=300000, nelems=49, elem type=char[])
OBJ 50003d4b (sz=32, trace=300000, class=java.lang.String@50000036)
	value		50003d50
OBJ 50003d4c (sz=32, trace=300000, class=java.lang.String@50000036)
	value		50003d51
OBJ 50003d4d (sz=32, trace=300000, class=java.lang.String@50000036)
	value		50003d52
OBJ 50003d4e (sz=32, trace=300000, class=java.lang.String@50000036)
	value		50003d4f
ARR 50003d4f (sz=44, trace=300000, nelems=22, elem type=char[])
ARR 50003d50 (sz=12, trace=300000, nelems=6, elem type=char[])
ARR 50003d51 (sz=18, trace=300000, nelems=9, elem type=char[])
ARR 50003d52 (sz=26, trace=300000, nelems=13, elem type=char[])
ARR 50003d53 (sz=92, trace=300000, nelems=46, elem type=char[])
ARR 50003d54 (sz=80, trace=300000, nelems=40, elem type=char[])
ARR 50003d55 (sz=76, trace=300000, nelems=38, elem type=char[])
ARR 50003d56 (sz=92, trace=300000, nelems=46, elem type=char[])
ARR 50003d57 (sz=82, trace=300000, nelems=41, elem type=char[])
ARR 50003d58 (sz=76, trace=300000, nelems=38, elem type=char[])
ARR 50003d59 (sz=88, trace=300000, nelems=44, elem type=char[])
ARR 50003d5a (sz=86, trace=300000, nelems=43, elem type=char[])
ARR 50003d5b (sz=72, trace=300000, nelems=36, elem type=char[])
ARR 50003d5c (sz=86, trace=300000, nelems=43, elem type=char[])
ARR 50003d5d (sz=86, trace=300000, nelems=43, elem type=char[])
OBJ 50003d5e (sz=32, trace=300000, class=java.lang.String@50000036)
	value		50003d62
OBJ 50003d5f (sz=32, trace=300000, class=java.lang.String@50000036)
	value		50003d63
OBJ 50003d60 (sz=32, trace=300000, class=java.lang.String@50000036)
	value		50003d61
ARR 50003d61 (sz=32, trace=300000, nelems=16, elem type=char[])
ARR 50003d62 (sz=10, trace=300000, nelems=5, elem type=char[])
ARR 50003d63 (sz=16, trace=300000, nelems=8, elem type=char[])
ARR 50003d64 (sz=84, trace=300000, nelems=42, elem type=char[])
ARR 50003d65 (sz=94, trace=300000, nelems=47, elem type=char[])
OBJ 50003d66 (sz=32, trace=300000, class=java.lang.String@50000036)
	value		50003d67
ARR 50003d67 (sz=40, trace=300000, nelems=20, elem type=char[])
ARR 50003d68 (sz=102, trace=300000, nelems=51, elem type=char[])
ARR 50003d69 (sz=86, trace=300000, nelems=43, elem type=char[])
OBJ 50003d6a (sz=32, trace=300000, class=java.lang.String@50000036)
	value		50003d73
OBJ 50003d6b (sz=32, trace=300000, class=java.lang.String@50000036)
	value		50003d74
OBJ 50003d6c (sz=32, trace=300000, class=java.lang.String@50000036)
	value		50003d75
OBJ 50003d6d (sz=32, trace=300000, class=java.lang.String@50000036)
	value		50003d76
OBJ 50003d6e (sz=32, trace=300000, class=java.lang.String@50000036)
	value		50003d77
OBJ 50003d6f (sz=32, trace=300000, class=java.lang.String@50000036)
	value		50003d78
OBJ 50003d70 (sz=32, trace=300000, class=java.lang.String@50000036)
	value		50003d79
OBJ 50003d71 (sz=32, trace=300000, class=java.lang.String@50000036)
	value		50003d72
ARR 50003d72 (sz=32, trace=300000, nelems=16, elem type=char[])
ARR 50003d73 (sz=20, trace=300000, nelems=10, elem type=char[])
ARR 50003d74 (sz=20, trace=300000, nelems=10, elem type=char[])
ARR 50003d75 (sz=12, trace=300000, nelems=6, elem type=char[])
ARR 50003d76 (sz=28, trace=300000, nelems=14, elem type=char[])
ARR 50003d77 (sz=12, trace=300000, nelems=6, elem type=char[])
ARR 50003d78 (sz=18, trace=300000, nelems=9, elem type=char[])
ARR 50003d79 (sz=34, trace=300000, nelems=17, elem type=char[])
ARR 50003d7a (sz=28, trace=300000, nelems=7, elem type=int[])
ARR 50003d7b (sz=96, trace=300000, nelems=48, elem type=char[])
ARR 50003d7c (sz=8, trace=300000, nelems=4, elem type=char[])
ARR 50003d7d (sz=78, trace=300000, nelems=39, elem type=char[])
ARR 50003d7e (sz=32, trace=300000, nelems=16, elem type=char[])
ARR 50003d7f (sz=62, trace=300000, nelems=31, elem type=char[])
ARR 50003d80 (sz=28, trace=300000, nelems=14, elem type=char[])
ARR 50003d81 (sz=68, trace=300000, nelems=34, elem type=char[])
ARR 50003d82 (sz=38, trace=300000, nelems=19, elem type=char[])
ARR 50003d83 (sz=76, trace=300000, nelems=38, elem type=char[])
ARR 50003d84 (sz=12, trace=300000, nelems=6, elem type=char[])
ARR 50003d85 (sz=14, trace=300000, nelems=7, elem type=char[])
OBJ 50003d86 (sz=32, trace=300000, class=sun.security.util.DerInputBuffer@50001069)
	buf		500019a2
OBJ 50003d87 (sz=32, trace=300000, class=sun.security.util.DerInputBuffer@50001069)
	buf		5000198f
OBJ 50003d88 (sz=32, trace=300000, class=sun.security.util.DerInputBuffer@50001069)
	buf		5000197d
OBJ 50003d89 (sz=32, trace=300000, class=sun.security.util.DerInputBuffer@50001069)
	buf		5000196b
OBJ 50003d8a (sz=32, trace=300000, class=sun.security.util.DerInputBuffer@50001069)
	buf		50001955
OBJ 50003d8b (sz=32, trace=300000, class=java.lang.String@50000036)
	value		50003d91
OBJ 50003d8c (sz=32, trace=300000, class=java.lang.String@50000036)
	value		50003d92
OBJ 50003d8d (sz=32, trace=300000, class=java.lang.String@50000036)
	value		50003d90
OBJ 50003d8e (sz=32, trace=300000, class=java.lang.String@50000036)
	value		50003d8f
ARR 50003d8f (sz=32, trace=300000, nelems=16, elem type=char[])
ARR 50003d90 (sz=12, trace=300000, nelems=6, elem type=char[])
ARR 50003d91 (sz=10, trace=300000, nelems=5, elem type=char[])
ARR 50003d92 (sz=26, trace=300000, nelems=13, elem type=char[])
OBJ 50003d93 (sz=32, trace=300000, class=java.lang.String@50000036)
	value		50003d99
OBJ 50003d94 (sz=32, trace=300000, class=java.lang.String@50000036)
	value		50003d9a
OBJ 50003d95 (sz=32, trace=300000, class=java.lang.String@50000036)
	value		50003d98
OBJ 50003d96 (sz=32, trace=300000, class=java.lang.String@50000036)
	value		50003d97
ARR 50003d97 (sz=36, trace=300000, nelems=18, elem type=char[])
ARR 50003d98 (sz=16, trace=300000, nelems=8, elem type=char[])
ARR 50003d99 (sz=18, trace=300000, nelems=9, elem type=char[])
ARR 50003d9a (sz=16, trace=300000, nelems=8, elem type=char[])
OBJ 50003d9b (sz=32, trace=300000, class=sun.security.util.DerInputBuffer@50001069)
	buf		50001a20
OBJ 50003d9c (sz=32, trace=300000, class=sun.security.util.DerInputBuffer@50001069)
	buf		50001a0e
OBJ 50003d9d (sz=32, trace=300000, class=sun.security.util.DerInputBuffer@50001069)
	buf		500019fb
OBJ 50003d9e (sz=32, trace=300000, class=java.lang.String@50000036)
	value		50003da1
OBJ 50003d9f (sz=32, trace=300000, class=java.lang.String@50000036)
	value		50003da0
ARR 50003da0 (sz=34, trace=300000, nelems=17, elem type=char[])
ARR 50003da1 (sz=14, trace=300000, nelems=7, elem type=char[])
ARR 50003da2 (sz=132, trace=300000, nelems=132, elem type=byte[])
OBJ 50003da3 (sz=32, trace=300000, class=java.lang.String@50000036)
	value		50003da4
ARR 50003da4 (sz=70, trace=300000, nelems=35, elem type=char[])
OBJ 50003da5 (sz=32, trace=300000, class=sun.security.util.DerInputBuffer@50001069)
	buf		50001ab9
ARR 50003da6 (sz=132, trace=300000, nelems=132, elem type=byte[])
OBJ 50003da7 (sz=32, trace=300000, class=java.lang.String@50000036)
	value		50003daa
OBJ 50003da8 (sz=32, trace=300000, class=java.lang.String@50000036)
	value		50003da9
ARR 50003da9 (sz=26, trace=300000, nelems=13, elem type=char[])
ARR 50003daa (sz=6, trace=300000, nelems=3, elem type=char[])
OBJ 50003dab (sz=32, trace=300000, class=java.lang.String@50000036)
	value		50003db1
OBJ 50003dac (sz=32, trace=300000, class=java.lang.String@50000036)
	value		50003db2
OBJ 50003dad (sz=32, trace=300000, class=java.lang.String@50000036)
	value		50003db0
OBJ 50003dae (sz=32, trace=300000, class=java.lang.String@50000036)
	value		50003daf
ARR 50003daf (sz=18, trace=300000, nelems=9, elem type=char[])
ARR 50003db0 (sz=8, trace=300000, nelems=4, elem type=char[])
ARR 50003db1 (sz=16, trace=300000, nelems=8, elem type=char[])
ARR 50003db2 (sz=18, trace=300000, nelems=9, elem type=char[])
OBJ 50003db3 (sz=32, trace=300000, class=java.lang.String@50000036)
	value		50003dc7
OBJ 50003db4 (sz=32, trace=300000, class=java.lang.String@50000036)
	value		50003dc8
OBJ 50003db5 (sz=32, trace=300000, class=java.lang.String@50000036)
	value		50003dce
OBJ 50003db6 (sz=32, trace=300000, class=java.lang.String@50000036)
	value		50003dcf
OBJ 50003db7 (sz=32, trace=300000, class=java.lang.String@50000036)
	value		50003dda
OBJ 50003db8 (sz=32, trace=300000, class=java.lang.String@50000036)
	value		50003dd9
OBJ 50003db9 (sz=32, trace=300000, class=java.lang.String@50000036)
	value		50003dd8
OBJ 50003dba (sz=32, trace=300000, class=java.lang.String@50000036)
	value		50003dd7
OBJ 50003dbb (sz=32, trace=300000, class=java.lang.String@50000036)
	value		50003dd1
OBJ 50003dbc (sz=32, trace=300000, class=java.lang.String@50000036)
	value		50003dd3
OBJ 50003dbd (sz=32, trace=300000, class=java.lang.String@50000036)
	value		50003dd4
OBJ 50003dbe (sz=32, trace=300000, class=java.lang.String@50000036)
	value		50003dd6
OBJ 50003dbf (sz=32, trace=300000, class=java.lang.String@50000036)
	value		50003dc9
OBJ 50003dc0 (sz=32, trace=300000, class=java.lang.String@50000036)
	value		50003dca
OBJ 50003dc1 (sz=32, trace=300000, class=java.lang.String@50000036)
	value		50003dcb
OBJ 50003dc2 (sz=32, trace=300000, class=java.lang.String@50000036)
	value		50003dcc
OBJ 50003dc3 (sz=32, trace=300000, class=java.lang.String@50000036)
	value		50003dcd
OBJ 50003dc4 (sz=32, trace=300000, class=java.lang.String@50000036)
	value		50003dd0
OBJ 50003dc5 (sz=32, trace=300000, class=java.lang.String@50000036)
	value		50003dd2
OBJ 50003dc6 (sz=32, trace=300000, class=java.lang.String@50000036)
	value		50003dd5
ARR 50003dc7 (sz=18, trace=300000, nelems=9, elem type=char[])
ARR 50003dc8 (sz=22, trace=300000, nelems=11, elem type=char[])
ARR 50003dc9 (sz=46, trace=300000, nelems=23, elem type=char[])
ARR 50003dca (sz=44, trace=300000, nelems=22, elem type=char[])
ARR 50003dcb (sz=58, trace=300000, nelems=29, elem type=char[])
ARR 50003dcc (sz=38, trace=300000, nelems=19, elem type=char[])
ARR 50003dcd (sz=48, trace=300000, nelems=24, elem type=char[])
ARR 50003dce (sz=28, trace=300000, nelems=14, elem type=char[])
ARR 50003dcf (sz=28, trace=300000, nelems=14, elem type=char[])
ARR 50003dd0 (sz=18, trace=300000, nelems=9, elem type=char[])
ARR 50003dd1 (sz=18, trace=300000, nelems=9, elem type=char[])
ARR 50003dd2 (sz=18, trace=300000, nelems=9, elem type=char[])
ARR 50003dd3 (sz=18, trace=300000, nelems=9, elem type=char[])
ARR 50003dd4 (sz=18, trace=300000, nelems=9, elem type=char[])
ARR 50003dd5 (sz=34, trace=300000, nelems=17, elem type=char[])
ARR 50003dd6 (sz=42, trace=300000, nelems=21, elem type=char[])
ARR 50003dd7 (sz=24, trace=300000, nelems=12, elem type=char[])
ARR 50003dd8 (sz=26, trace=300000, nelems=13, elem type=char[])
ARR 50003dd9 (sz=38, trace=300000, nelems=19, elem type=char[])
ARR 50003dda (sz=18, trace=300000, nelems=9, elem type=char[])
ARR 50003ddb (sz=16, trace=300000, nelems=8, elem type=char[])
OBJ 50003ddc (sz=32, trace=300000, class=java.lang.String@50000036)
	value		50003ddf
OBJ 50003ddd (sz=32, trace=300000, class=java.lang.String@50000036)
	value		50003dde
ARR 50003dde (sz=10, trace=300000, nelems=5, elem type=char[])
ARR 50003ddf (sz=14, trace=300000, nelems=7, elem type=char[])
OBJ 50003de0 (sz=32, trace=300000, class=java.lang.String@50000036)
	value		50003de1
ARR 50003de1 (sz=34, trace=300000, nelems=17, elem type=char[])
ARR 50003de2 (sz=24, trace=300000, nelems=2, elem type=java.lang.Class[]@5000002d)
	[0]		50001ab2
	[1]		500023d8
OBJ 50003de3 (sz=32, trace=300000, class=java.lang.String@50000036)
	value		50003df4
OBJ 50003de4 (sz=32, trace=300000, class=java.lang.String@50000036)
	value		50003df3
OBJ 50003de5 (sz=32, trace=300000, class=java.lang.String@50000036)
	value		50003df2
OBJ 50003de6 (sz=32, trace=300000, class=java.lang.String@50000036)
	value		50003df1
OBJ 50003de7 (sz=32, trace=300000, class=java.lang.String@50000036)
	value		50003df0
OBJ 50003de8 (sz=32, trace=300000, class=java.lang.String@50000036)
	value		50003def
OBJ 50003de9 (sz=32, trace=300000, class=java.lang.String@50000036)
	value		50003dee
OBJ 50003dea (sz=32, trace=300000, class=java.lang.String@50000036)
	value		50003ded
OBJ 50003deb (sz=32, trace=300000, class=java.lang.String@50000036)
	value		50003dec
ARR 50003dec (sz=26, trace=300000, nelems=13, elem type=char[])
ARR 50003ded (sz=26, trace=300000, nelems=13, elem type=char[])
ARR 50003dee (sz=42, trace=300000, nelems=21, elem type=char[])
ARR 50003def (sz=22, trace=300000, nelems=11, elem type=char[])
ARR 50003df0 (sz=20, trace=300000, nelems=10, elem type=char[])
ARR 50003df1 (sz=16, trace=300000, nelems=8, elem type=char[])
ARR 50003df2 (sz=18, trace=300000, nelems=9, elem type=char[])
ARR 50003df3 (sz=14, trace=300000, nelems=7, elem type=char[])
ARR 50003df4 (sz=6, trace=300000, nelems=3, elem type=char[])
OBJ 50003df5 (sz=32, trace=300000, class=java.lang.String@50000036)
	value		50003df6
ARR 50003df6 (sz=14, trace=300000, nelems=7, elem type=char[])
OBJ 50003df7 (sz=32, trace=300000, class=java.lang.String@50000036)
	value		50003df8
ARR 50003df8 (sz=10, trace=300000, nelems=5, elem type=char[])
OBJ 50003df9 (sz=32, trace=300000, class=java.lang.String@50000036)
	value		50003dfa
ARR 50003dfa (sz=22, trace=300000, nelems=11, elem type=char[])
OBJ 50003dfb (sz=32, trace=300000, class=java.lang.String@50000036)
	value		50003dfc
ARR 50003dfc (sz=20, trace=300000, nelems=10, elem type=char[])
OBJ 50003dfd (sz=32, trace=300000, class=java.lang.String@50000036)
	value		50003dfe
ARR 50003dfe (sz=22, trace=300000, nelems=11, elem type=char[])
OBJ 50003dff (sz=32, trace=300000, class=java.lang.String@50000036)
	value		50003e00
ARR 50003e00 (sz=16, trace=300000, nelems=8, elem type=char[])
OBJ 50003e01 (sz=32, trace=300000, class=java.lang.String@50000036)
	value		50003e04
OBJ 50003e02 (sz=32, trace=300000, class=java.lang.String@50000036)
	value		50003e03
ARR 50003e03 (sz=20, trace=300000, nelems=10, elem type=char[])
ARR 50003e04 (sz=20, trace=300000, nelems=10, elem type=char[])
OBJ 50003e05 (sz=32, trace=300000, class=java.lang.String@50000036)
	value		50003e08
OBJ 50003e06 (sz=32, trace=300000, class=java.lang.String@50000036)
	value		50003e07
ARR 50003e07 (sz=68, trace=300000, nelems=34, elem type=char[])
ARR 50003e08 (sz=68, trace=300000, nelems=34, elem type=char[])
OBJ 50003e09 (sz=32, trace=300000, class=java.lang.String@50000036)
	value		50003e0c
OBJ 50003e0a (sz=32, trace=300000, class=java.lang.String@50000036)
	value		50003e0b
ARR 50003e0b (sz=20, trace=300000, nelems=10, elem type=char[])
ARR 50003e0c (sz=20, trace=300000, nelems=10, elem type=char[])
OBJ 50003e0d (sz=32, trace=300000, class=java.lang.String@50000036)
	value		50003e0e
ARR 50003e0e (sz=8, trace=300000, nelems=4, elem type=char[])
OBJ 50003e0f (sz=32, trace=300000, class=java.lang.String@50000036)
	value		50003e10
ARR 50003e10 (sz=20, trace=300000, nelems=10, elem type=char[])
OBJ 50003e11 (sz=32, trace=300000, class=java.lang.String@50000036)
	value		50003e12
ARR 50003e12 (sz=22, trace=300000, nelems=11, elem type=char[])
OBJ 50003e13 (sz=32, trace=300000, class=java.lang.String@50000036)
	value		50003e14
ARR 50003e14 (sz=12, trace=300000, nelems=6, elem type=char[])
OBJ 50003e15 (sz=32, trace=300000, class=java.lang.String@50000036)
	value		50003e16
ARR 50003e16 (sz=12, trace=300000, nelems=6, elem type=char[])
OBJ 50003e17 (sz=32, trace=300000, class=java.lang.String@50000036)
	value		50003e1c
OBJ 50003e18 (sz=32, trace=300000, class=java.lang.String@50000036)
	value		50003e1b
OBJ 50003e19 (sz=32, trace=300000, class=java.lang.String@50000036)
	value		50003e1a
ARR 50003e1a (sz=26, trace=300000, nelems=13, elem type=char[])
ARR 50003e1b (sz=34, trace=300000, nelems=17, elem type=char[])
ARR 50003e1c (sz=42, trace=300000, nelems=21, elem type=char[])
OBJ 50003e1d (sz=32, trace=300000, class=java.lang.String@50000036)
	value		50003e1e
ARR 50003e1e (sz=8, trace=300000, nelems=4, elem type=char[])
OBJ 50003e1f (sz=32, trace=300000, class=java.lang.String@50000036)
	value		50003e28
OBJ 50003e20 (sz=32, trace=300000, class=java.lang.String@50000036)
	value		50003e27
OBJ 50003e21 (sz=32, trace=300000, class=java.lang.String@50000036)
	value		50003e26
OBJ 50003e22 (sz=32, trace=300000, class=java.lang.String@50000036)
	value		50003e25
OBJ 50003e23 (sz=32, trace=300000, class=java.lang.String@50000036)
	value		50003e24
ARR 50003e24 (sz=12, trace=300000, nelems=6, elem type=char[])
ARR 50003e25 (sz=10, trace=300000, nelems=5, elem type=char[])
ARR 50003e26 (sz=6, trace=300000, nelems=3, elem type=char[])
ARR 50003e27 (sz=8, trace=300000, nelems=4, elem type=char[])
ARR 50003e28 (sz=14, trace=300000, nelems=7, elem type=char[])
OBJ 50003e29 (sz=32, trace=300000, class=java.lang.String@50000036)
	value		50003e2a
ARR 50003e2a (sz=14, trace=300000, nelems=7, elem type=char[])
OBJ 50003e2b (sz=32, trace=300000, class=java.lang.String@50000036)
	value		50003e2c
ARR 50003e2c (sz=14, trace=300000, nelems=7, elem type=char[])
OBJ 50003e2d (sz=32, trace=300000, class=java.lang.String@50000036)
	value		50003e2e
ARR 50003e2e (sz=14, trace=300000, nelems=7, elem type=char[])
OBJ 50003e2f (sz=32, trace=300000, class=java.lang.String@50000036)
	value		50003e30
ARR 50003e30 (sz=62, trace=300000, nelems=31, elem type=char[])
OBJ 50003e31 (sz=32, trace=300000, class=java.lang.String@50000036)
	value		50003e38
OBJ 50003e32 (sz=32, trace=300000, class=java.lang.String@50000036)
	value		50003e35
OBJ 50003e33 (sz=32, trace=300000, class=java.lang.String@50000036)
	value		50003e36
OBJ 50003e34 (sz=32, trace=300000, class=java.lang.String@50000036)
	value		50003e37
ARR 50003e35 (sz=34, trace=300000, nelems=17, elem type=char[])
ARR 50003e36 (sz=38, trace=300000, nelems=19, elem type=char[])
ARR 50003e37 (sz=32, trace=300000, nelems=16, elem type=char[])
ARR 50003e38 (sz=34, trace=300000, nelems=17, elem type=char[])
OBJ 50003e39 (sz=32, trace=300000, class=java.lang.String@50000036)
	value		50003e3b
OBJ 50003e3a (sz=32, trace=300000, class=java.lang.String@50000036)
	value		50003e3c
ARR 50003e3b (sz=22, trace=300000, nelems=11, elem type=char[])
ARR 50003e3c (sz=24, trace=300000, nelems=12, elem type=char[])
ARR 50003e3d (sz=54, trace=300000, nelems=27, elem type=char[])
ARR 50003e3e (sz=20, trace=300000, nelems=10, elem type=char[])
ARR 50003e3f (sz=6, trace=300000, nelems=3, elem type=char[])
ARR 50003e40 (sz=28, trace=300000, nelems=14, elem type=char[])
ARR 50003e41 (sz=16, trace=300000, nelems=8, elem type=char[])
ARR 50003e42 (sz=6, trace=300000, nelems=3, elem type=char[])
ARR 50003e43 (sz=48, trace=300000, nelems=24, elem type=char[])
ARR 50003e44 (sz=62, trace=300000, nelems=31, elem type=char[])
OBJ 50003e45 (sz=32, trace=300000, class=java.lang.String@50000036)
	value		50003e47
OBJ 50003e46 (sz=32, trace=300000, class=java.util.concurrent.atomic.AtomicReferenceFieldUpdater$AtomicReferenceFieldUpdaterImpl@50000088)
	tclass		50000048
	vclass		50000149
ARR 50003e47 (sz=6, trace=300000, nelems=3, elem type=char[])
ARR 50003e48 (sz=26, trace=300000, nelems=13, elem type=char[])
OBJ 50003e49 (sz=32, trace=300000, class=sun.security.util.DerInputBuffer@50001069)
	buf		50001ced
OBJ 50003e4a (sz=32, trace=300000, class=sun.security.util.DerInputBuffer@50001069)
	buf		50001cdb
OBJ 50003e4b (sz=32, trace=300000, class=sun.security.util.DerInputBuffer@50001069)
	buf		50001cc8
OBJ 50003e4c (sz=32, trace=300000, class=sun.security.util.DerInputBuffer@50001069)
	buf		50001cb6
OBJ 50003e4d (sz=32, trace=300000, class=sun.security.util.DerInputBuffer@50001069)
	buf		50001ca4
OBJ 50003e4e (sz=32, trace=300000, class=sun.security.util.DerInputBuffer@50001069)
	buf		50001c92
OBJ 50003e4f (sz=32, trace=300000, class=sun.security.util.DerInputBuffer@50001069)
	buf		50001d83
OBJ 50003e50 (sz=32, trace=300000, class=sun.security.util.DerInputBuffer@50001069)
	buf		50001d71
OBJ 50003e51 (sz=32, trace=300000, class=sun.security.util.DerInputBuffer@50001069)
	buf		50001d5e
OBJ 50003e52 (sz=32, trace=300000, class=sun.security.util.DerInputBuffer@50001069)
	buf		50001d4c
OBJ 50003e53 (sz=32, trace=300000, class=sun.security.util.DerInputBuffer@50001069)
	buf		50001d3a
OBJ 50003e54 (sz=32, trace=300000, class=sun.security.util.DerInputBuffer@50001069)
	buf		50001d28
ARR 50003e55 (sz=131, trace=300000, nelems=131, elem type=byte[])
OBJ 50003e56 (sz=32, trace=300000, class=sun.security.util.DerInputBuffer@50001069)
	buf		50001dde
ARR 50003e57 (sz=131, trace=300000, nelems=131, elem type=byte[])
OBJ 50003e58 (sz=32, trace=300000, class=java.lang.String@50000036)
	value		50003e59
ARR 50003e59 (sz=40, trace=300000, nelems=20, elem type=char[])
OBJ 50003e5a (sz=32, trace=300000, class=java.lang.String@50000036)
	value		50003e82
OBJ 50003e5b (sz=32, trace=300000, class=java.lang.String@50000036)
	value		50003e5c
ARR 50003e5c (sz=14, trace=300000, nelems=7, elem type=char[])
OBJ 50003e5d (sz=32, trace=300000, class=java.lang.String@50000036)
	value		50003e5e
ARR 50003e5e (sz=48, trace=300000, nelems=24, elem type=char[])
OBJ 50003e5f (sz=32, trace=300000, class=java.lang.String@50000036)
	value		50003e7e
OBJ 50003e60 (sz=32, trace=300000, class=java.lang.String@50000036)
	value		50003e7d
OBJ 50003e61 (sz=32, trace=300000, class=java.lang.String@50000036)
	value		50003e7c
OBJ 50003e62 (sz=32, trace=300000, class=java.lang.String@50000036)
	value		50003e7b
OBJ 50003e63 (sz=32, trace=300000, class=java.lang.String@50000036)
	value		50003e6f
OBJ 50003e64 (sz=32, trace=300000, class=java.lang.String@50000036)
	value		50003e70
OBJ 50003e65 (sz=32, trace=300000, class=java.lang.String@50000036)
	value		50003e72
OBJ 50003e66 (sz=32, trace=300000, class=java.lang.String@50000036)
	value		50003e71
OBJ 50003e67 (sz=32, trace=300000, class=java.lang.String@50000036)
	value		50003e77
OBJ 50003e68 (sz=32, trace=300000, class=java.lang.String@50000036)
	value		50003e74
OBJ 50003e69 (sz=32, trace=300000, class=java.lang.String@50000036)
	value		50003e79
OBJ 50003e6a (sz=32, trace=300000, class=java.lang.String@50000036)
	value		50003e78
OBJ 50003e6b (sz=32, trace=300000, class=java.lang.String@50000036)
	value		50003e76
OBJ 50003e6c (sz=32, trace=300000, class=java.lang.String@50000036)
	value		50003e73
OBJ 50003e6d (sz=32, trace=300000, class=java.lang.String@50000036)
	value		50003e7a
OBJ 50003e6e (sz=32, trace=300000, class=java.lang.String@50000036)
	value		50003e75
ARR 50003e6f (sz=22, trace=300000, nelems=11, elem type=char[])
ARR 50003e70 (sz=40, trace=300000, nelems=20, elem type=char[])
ARR 50003e71 (sz=34, trace=300000, nelems=17, elem type=char[])
ARR 50003e72 (sz=14, trace=300000, nelems=7, elem type=char[])
ARR 50003e73 (sz=86, trace=300000, nelems=43, elem type=char[])
ARR 50003e74 (sz=80, trace=300000, nelems=40, elem type=char[])
ARR 50003e75 (sz=64, trace=300000, nelems=32, elem type=char[])
ARR 50003e76 (sz=86, trace=300000, nelems=43, elem type=char[])
ARR 50003e77 (sz=80, trace=300000, nelems=40, elem type=char[])
ARR 50003e78 (sz=86, trace=300000, nelems=43, elem type=char[])
ARR 50003e79 (sz=82, trace=300000, nelems=41, elem type=char[])
ARR 50003e7a (sz=82, trace=300000, nelems=41, elem type=char[])
ARR 50003e7b (sz=8, trace=300000, nelems=4, elem type=char[])
ARR 50003e7c (sz=64, trace=300000, nelems=32, elem type=char[])
ARR 50003e7d (sz=32, trace=300000, nelems=16, elem type=char[])
ARR 50003e7e (sz=6, trace=300000, nelems=3, elem type=char[])
ARR 50003e7f (sz=8, trace=300000, nelems=4, elem type=char[])
ARR 50003e80 (sz=8, trace=300000, nelems=4, elem type=char[])
ARR 50003e81 (sz=6, trace=300000, nelems=3, elem type=char[])
ARR 50003e82 (sz=18, trace=300000, nelems=9, elem type=char[])
OBJ 50003e83 (sz=24, trace=300000, class=java.io.File@500000b8)
	path		50003e89
OBJ 50003e84 (sz=24, trace=300000, class=java.io.File@500000b8)
	path		50003e88
OBJ 50003e85 (sz=24, trace=300000, class=java.io.File@500000b8)
	path		50003e86
OBJ 50003e86 (sz=32, trace=300000, class=java.lang.String@50000036)
	value		50003e87
ARR 50003e87 (sz=258, trace=300000, nelems=129, elem type=char[])
OBJ 50003e88 (sz=32, trace=300000, class=java.lang.String@50000036)
	value		50003e87
OBJ 50003e89 (sz=32, trace=300000, class=java.lang.String@50000036)
	value		50003e87
OBJ 50003e8a (sz=32, trace=300000, class=java.lang.String@50000036)
	value		50003edc
OBJ 50003e8b (sz=32, trace=300000, class=java.lang.String@50000036)
	value		50003ea7
OBJ 50003e8c (sz=32, trace=300000, class=java.lang.String@50000036)
	value		50003eb2
OBJ 50003e8d (sz=32, trace=300000, class=java.lang.String@50000036)
	value		50003eab
OBJ 50003e8e (sz=32, trace=300000, class=java.lang.String@50000036)
	value		50003ec1
OBJ 50003e8f (sz=32, trace=300000, class=java.lang.String@50000036)
	value		50003eb4
OBJ 50003e90 (sz=32, trace=300000, class=java.lang.String@50000036)
	value		50003eaa
OBJ 50003e91 (sz=32, trace=300000, class=java.lang.String@50000036)
	value		50003ec0
OBJ 50003e92 (sz=32, trace=300000, class=java.lang.String@50000036)
	value		50003ea9
OBJ 50003e93 (sz=32, trace=300000, class=java.lang.String@50000036)
	value		50003ebf
OBJ 50003e94 (sz=32, trace=300000, class=java.lang.String@50000036)
	value		50003ebe
OBJ 50003e95 (sz=32, trace=300000, class=java.lang.String@50000036)
	value		50003ebd
OBJ 50003e96 (sz=32, trace=300000, class=java.lang.String@50000036)
	value		50003ebc
OBJ 50003e97 (sz=32, trace=300000, class=java.lang.String@50000036)
	value		50003eb8
OBJ 50003e98 (sz=32, trace=300000, class=java.lang.String@50000036)
	value		50003eb9
OBJ 50003e99 (sz=32, trace=300000, class=java.lang.String@50000036)
	value		50003ea8
OBJ 50003e9a (sz=32, trace=300000, class=java.lang.String@50000036)
	value		50003eac
OBJ 50003e9b (sz=32, trace=300000, class=java.lang.String@50000036)
	value		50003ead
OBJ 50003e9c (sz=32, trace=300000, class=java.lang.String@50000036)
	value		50003eb3
OBJ 50003e9d (sz=32, trace=300000, class=java.lang.String@50000036)
	value		50003eb5
OBJ 50003e9e (sz=32, trace=300000, class=java.lang.String@50000036)
	value		50003eb6
OBJ 50003e9f (sz=32, trace=300000, class=java.lang.String@50000036)
	value		50003eb7
OBJ 50003ea0 (sz=32, trace=300000, class=java.lang.String@50000036)
	value		50003eba
ARR 50003ea1 (sz=16, trace=300000, nelems=0, elem type=java.io.File[]@500000b9)
OBJ 50003ea2 (sz=16, trace=300000, class=sun.jkernel.DownloadManager$1@5000001c)
OBJ 50003ea3 (sz=32, trace=300000, class=java.lang.String@50000036)
	value		50003eb1
OBJ 50003ea4 (sz=32, trace=300000, class=java.lang.String@50000036)
	value		50003eb0
OBJ 50003ea5 (sz=32, trace=300000, class=java.lang.String@50000036)
	value		50003eaf
OBJ 50003ea6 (sz=32, trace=300000, class=java.lang.String@50000036)
	value		50003eae
ARR 50003ea7 (sz=38, trace=300000, nelems=19, elem type=char[])
ARR 50003ea8 (sz=46, trace=300000, nelems=23, elem type=char[])
ARR 50003ea9 (sz=44, trace=300000, nelems=22, elem type=char[])
ARR 50003eaa (sz=24, trace=300000, nelems=12, elem type=char[])
ARR 50003eab (sz=28, trace=300000, nelems=14, elem type=char[])
ARR 50003eac (sz=58, trace=300000, nelems=29, elem type=char[])
ARR 50003ead (sz=36, trace=300000, nelems=18, elem type=char[])
ARR 50003eae (sz=52, trace=300000, nelems=26, elem type=char[])
ARR 50003eaf (sz=14, trace=300000, nelems=7, elem type=char[])
ARR 50003eb0 (sz=24, trace=300000, nelems=12, elem type=char[])
ARR 50003eb1 (sz=182, trace=300000, nelems=91, elem type=char[])
ARR 50003eb2 (sz=12, trace=300000, nelems=6, elem type=char[])
ARR 50003eb3 (sz=14, trace=300000, nelems=7, elem type=char[])
ARR 50003eb4 (sz=14, trace=300000, nelems=7, elem type=char[])
ARR 50003eb5 (sz=8, trace=300000, nelems=4, elem type=char[])
ARR 50003eb6 (sz=24, trace=300000, nelems=12, elem type=char[])
ARR 50003eb7 (sz=14, trace=300000, nelems=7, elem type=char[])
ARR 50003eb8 (sz=44, trace=300000, nelems=22, elem type=char[])
ARR 50003eb9 (sz=24, trace=300000, nelems=12, elem type=char[])
ARR 50003eba (sz=68, trace=300000, nelems=34, elem type=char[])
ARR 50003ebb (sz=10, trace=300000, nelems=5, elem type=char[])
ARR 50003ebc (sz=42, trace=300000, nelems=21, elem type=char[])
ARR 50003ebd (sz=40, trace=300000, nelems=20, elem type=char[])
ARR 50003ebe (sz=94, trace=300000, nelems=47, elem type=char[])
ARR 50003ebf (sz=18, trace=300000, nelems=9, elem type=char[])
ARR 50003ec0 (sz=28, trace=300000, nelems=14, elem type=char[])
ARR 50003ec1 (sz=14, trace=300000, nelems=7, elem type=char[])
OBJ 50003ec2 (sz=16, trace=300000, class=sun.misc.Launcher@50000140)
	loader		5000328f
OBJ 50003ec3 (sz=16, trace=300000, class=sun.misc.Launcher$Factory@50000064)
OBJ 50003ec4 (sz=32, trace=300000, class=java.lang.String@50000036)
	value		50003edb
OBJ 50003ec5 (sz=32, trace=300000, class=java.lang.String@50000036)
	value		50003ed6
OBJ 50003ec6 (sz=88, trace=300000, class=java.lang.reflect.Method@50000123)
	clazz		50000085
	name		50003ec5
	returnType	5000002c
	parameterTypes	50003ec9
	exceptionTypes	500032a3
	signature	50003ec8
	root		50003ec7
OBJ 50003ec7 (sz=88, trace=300000, class=java.lang.reflect.Method@50000123)
	clazz		50000085
	name		50003ec5
	returnType	5000002c
	parameterTypes	50003ec9
	exceptionTypes	500032a3
	signature	50003ec8
OBJ 50003ec8 (sz=32, trace=300000, class=java.lang.String@50000036)
	value		50003ed7
ARR 50003ec9 (sz=32, trace=300000, nelems=3, elem type=java.lang.Class[]@5000002d)
	[0]		50000036
	[1]		5000013d
	[2]		50000082
OBJ 50003eca (sz=32, trace=300000, class=java.lang.String@50000036)
	value		50003ed5
OBJ 50003ecb (sz=32, trace=300000, class=java.lang.String@50000036)
	value		50003ed1
OBJ 50003ecc (sz=88, trace=300000, class=java.lang.reflect.Method@50000123)
	clazz		500000dc
	name		50003ecb
	returnType	5000002c
	parameterTypes	50003ed0
	exceptionTypes	50003ecf
	signature	50003ece
	root		50003ecd
OBJ 50003ecd (sz=88, trace=300000, class=java.lang.reflect.Method@50000123)
	clazz		500000dc
	name		50003ecb
	returnType	5000002c
	parameterTypes	50003ed0
	exceptionTypes	50003ecf
	signature	50003ece
OBJ 50003ece (sz=32, trace=300000, class=java.lang.String@50000036)
	value		50003ed4
ARR 50003ecf (sz=24, trace=300000, nelems=1, elem type=java.lang.Class[]@5000002d)
	[0]		500000b1
ARR 50003ed0 (sz=32, trace=300000, nelems=4, elem type=java.lang.Class[]@5000002d)
	[0]		50000036
	[1]		5000013d
	[2]		50000146
	[3]		5000329a
ARR 50003ed1 (sz=30, trace=300000, nelems=15, elem type=char[])
OBJ 50003ed2 (sz=32, trace=300000, class=java.lang.String@50000036)
	value		50003ed3
ARR 50003ed3 (sz=12, trace=300000, nelems=6, elem type=char[])
ARR 50003ed4 (sz=188, trace=300000, nelems=94, elem type=char[])
ARR 50003ed5 (sz=6, trace=300000, nelems=3, elem type=char[])
ARR 50003ed6 (sz=38, trace=300000, nelems=19, elem type=char[])
ARR 50003ed7 (sz=174, trace=300000, nelems=87, elem type=char[])
OBJ 50003ed8 (sz=32, trace=300000, class=java.lang.String@50000036)
	value		50003ed9
ARR 50003ed9 (sz=12, trace=300000, nelems=6, elem type=char[])
ARR 50003eda (sz=12, trace=300000, nelems=6, elem type=char[])
ARR 50003edb (sz=30, trace=300000, nelems=15, elem type=char[])
ARR 50003edc (sz=26, trace=300000, nelems=13, elem type=char[])
ARR 50003edd (sz=64, trace=300000, nelems=1, elem type=java.util.Hashtable$Entry[]@500000fe)
	[0]		50002d5d
ARR 50003ede (sz=56, trace=300000, nelems=5, elem type=java.lang.Object[]@500000ac)
	[0]		50002d63
	[1]		50002dc7
	[2]		50002e21
	[3]		50002ebd
	[4]		50002f75
OBJ 50003edf (sz=64, trace=300000, class=java.net.URL@50000050)
	protocol	50003416
	host		500032b6
	file		50003ee0
	authority	500032b6
	path		50003ee0
	handler		50003414
OBJ 50003ee0 (sz=32, trace=300000, class=java.lang.String@50000036)
	value		50003ee1
ARR 50003ee1 (sz=72, trace=300000, nelems=36, elem type=char[])
ARR 50003ee2 (sz=14, trace=300000, nelems=7, elem type=char[])
OBJ 50003ee3 (sz=32, trace=300000, class=java.lang.String@50000036)
	value		50003ee4
ARR 50003ee4 (sz=28, trace=300000, nelems=14, elem type=char[])
OBJ 50003ee5 (sz=32, trace=300000, class=java.lang.String@50000036)
	value		50003ee8
OBJ 50003ee6 (sz=32, trace=300000, class=java.lang.String@50000036)
	value		50003ee7
ARR 50003ee7 (sz=2, trace=300000, nelems=1, elem type=char[])
ARR 50003ee8 (sz=2, trace=300000, nelems=1, elem type=char[])
OBJ 50003ee9 (sz=32, trace=300000, class=java.lang.String@50000036)
	value		50003eea
ARR 50003eea (sz=56, trace=300000, nelems=28, elem type=char[])
OBJ 50003eeb (sz=48, trace=300000, class=java.util.HashMap@500000cb)
	table		50003eec
ARR 50003eec (sz=80, trace=300000, nelems=10, elem type=java.util.HashMap$Entry[]@50000054)
	[9]		50002d62
ARR 50003eed (sz=80, trace=300000, nelems=0, elem type=java.util.HashMap$Entry[]@50000054)
ARR 50003eee (sz=56, trace=300000, nelems=0, elem type=java.lang.Object[]@500000ac)
ARR 50003eef (sz=80, trace=300000, nelems=6, elem type=java.util.HashMap$Entry[]@50000054)
	[5]		50002d5b
OBJ 50003ef0 (sz=16, trace=300000, class=sun.net.www.protocol.jar.Handler@500000b3)
OBJ 50003ef1 (sz=48, trace=300000, class=java.util.HashMap@500000cb)
	table		50003ef8
OBJ 50003ef2 (sz=24, trace=300000, class=java.util.ArrayList@5000011e)
	elementData	50003ef7
OBJ 50003ef3 (sz=32, trace=300000, class=java.util.Stack@50000130)
	elementData	50003ef6
OBJ 50003ef4 (sz=24, trace=300000, class=java.util.ArrayList@5000011e)
	elementData	50003ef5
ARR 50003ef5 (sz=56, trace=300000, nelems=1, elem type=java.lang.Object[]@500000ac)
	[0]		50003edf
ARR 50003ef6 (sz=56, trace=300000, nelems=0, elem type=java.lang.Object[]@500000ac)
ARR 50003ef7 (sz=56, trace=300000, nelems=1, elem type=java.lang.Object[]@500000ac)
	[0]		50002c71
ARR 50003ef8 (sz=80, trace=300000, nelems=13, elem type=java.util.HashMap$Entry[]@50000054)
	[12]		50002c7f
ARR 50003ef9 (sz=56, trace=300000, nelems=1, elem type=java.lang.Object[]@500000ac)
	[0]		50003490
ARR 50003efa (sz=56, trace=300000, nelems=1, elem type=java.lang.Object[]@500000ac)
	[0]		50003efb
OBJ 50003efb (sz=32, trace=300000, class=java.lang.ClassLoader$NativeLibrary@50000079)
	fromClass	50000074
	name		50003490
ARR 50003efc (sz=56, trace=300000, nelems=0, elem type=java.lang.Object[]@500000ac)
OBJ 50003efd (sz=32, trace=300000, class=java.lang.String@50000036)
	value		50003f01
OBJ 50003efe (sz=32, trace=300000, class=java.lang.String@50000036)
	value		50003f01
OBJ 50003eff (sz=32, trace=300000, class=java.lang.String@50000036)
	value		50003f01
OBJ 50003f00 (sz=32, trace=300000, class=java.lang.String@50000036)
	value		50003f01
ARR 50003f01 (sz=144, trace=300000, nelems=72, elem type=char[])
OBJ 50003f02 (sz=32, trace=300000, class=java.lang.String@50000036)
	value		50003f03
ARR 50003f03 (sz=138, trace=300000, nelems=69, elem type=char[])
ARR 50003f04 (sz=42, trace=300000, nelems=21, elem type=char[])
ARR 50003f05 (sz=34, trace=300000, nelems=17, elem type=char[])
OBJ 50003f06 (sz=32, trace=300000, class=java.lang.String@50000036)
	value		50003f07
ARR 50003f07 (sz=48, trace=300000, nelems=24, elem type=char[])
ARR 50003f08 (sz=10, trace=300000, nelems=5, elem type=char[])
OBJ 50003f09 (sz=32, trace=300000, class=java.lang.String@50000036)
	value		50003f0f
OBJ 50003f0a (sz=16, trace=300000, class=java.lang.Shutdown$Lock@500000c0)
OBJ 50003f0b (sz=16, trace=300000, class=java.lang.Shutdown$Lock@500000c0)
ARR 50003f0c (sz=56, trace=300000, nelems=2, elem type=java.lang.Runnable[]@500000da)
	[1]		50003f0d
OBJ 50003f0d (sz=16, trace=300000, class=java.lang.ApplicationShutdownHooks$1@50000057)
OBJ 50003f0e (sz=16, trace=300000, class=java.lang.Object@500000ab)
ARR 50003f0f (sz=40, trace=300000, nelems=20, elem type=char[])
ARR 50003f10 (sz=74, trace=300000, nelems=37, elem type=char[])
ARR 50003f11 (sz=4, trace=300000, nelems=2, elem type=char[])
ARR 50003f12 (sz=54, trace=300000, nelems=27, elem type=char[])
ARR 50003f13 (sz=6, trace=300000, nelems=3, elem type=char[])
ARR 50003f14 (sz=70, trace=300000, nelems=35, elem type=char[])
OBJ 50003f15 (sz=32, trace=300000, class=java.lang.String@50000036)
	value		50003f16
ARR 50003f16 (sz=56, trace=300000, nelems=28, elem type=char[])
ARR 50003f17 (sz=26, trace=300000, nelems=13, elem type=char[])
ARR 50003f18 (sz=38, trace=300000, nelems=19, elem type=char[])
ARR 50003f19 (sz=28, trace=300000, nelems=14, elem type=char[])
ARR 50003f1a (sz=22, trace=300000, nelems=11, elem type=char[])
ARR 50003f1b (sz=18, trace=300000, nelems=9, elem type=char[])
ARR 50003f1c (sz=24, trace=300000, nelems=12, elem type=char[])
ARR 50003f1d (sz=14, trace=300000, nelems=7, elem type=char[])
ARR 50003f1e (sz=16, trace=300000, nelems=8, elem type=char[])
ARR 50003f1f (sz=28, trace=300000, nelems=14, elem type=char[])
ARR 50003f20 (sz=12, trace=300000, nelems=6, elem type=char[])
OBJ 50003f21 (sz=32, trace=300000, class=java.io.OutputStreamWriter@500000db)
	lock		500032e1
	se		50003f29
OBJ 50003f22 (sz=48, trace=300000, class=java.io.BufferedWriter@5000001f)
	lock		50003f21
	out		50003f21
	cb		50003f28
	lineSeparator	50003ee6
OBJ 50003f23 (sz=24, trace=300000, class=java.io.BufferedOutputStream@50000144)
	out		50003f25
	buf		50003f24
ARR 50003f24 (sz=128, trace=300000, nelems=128, elem type=byte[])
OBJ 50003f25 (sz=32, trace=300000, class=java.io.FileOutputStream@5000009a)
	fd		500039e5
	closeLock	50003f26
OBJ 50003f26 (sz=16, trace=300000, class=java.lang.Object@500000ab)
OBJ 50003f27 (sz=16, trace=300000, class=java.lang.ThreadLocal@50000052)
ARR 50003f28 (sz=16384, trace=300000, nelems=8192, elem type=char[])
OBJ 50003f29 (sz=56, trace=300000, class=sun.nio.cs.StreamEncoder@500000ce)
	lock		50003f21
	cs		500035a9
	encoder		50003f2b
	bb		50003f2a
	out		500032e1
OBJ 50003f2a (sz=48, trace=300000, class=java.nio.HeapByteBuffer@50000087)
	hb		50003f31
OBJ 50003f2b (sz=72, trace=300000, class=sun.nio.cs.MacRoman$Encoder@500000de)
	charset		500035a9
	replacement	50003f2e
	malformedInputAction	500039bd
	unmappableCharacterAction	500039bd
	cachedDecoder	50003f2d
	index1		500039cf
	index2		500039ce
	sgp		50003f2c
OBJ 50003f2c (sz=24, trace=300000, class=sun.nio.cs.Surrogate$Parser@50000134)
	error		50003590
OBJ 50003f2d (sz=32, trace=300000, class=java.lang.ref.WeakReference@50000113)
	referent	50003f2f
	queue		500039c6
ARR 50003f2e (sz=1, trace=300000, nelems=1, elem type=byte[])
OBJ 50003f2f (sz=48, trace=300000, class=sun.nio.cs.MacRoman$Decoder@5000003a)
	charset		500035a9
	replacement	5000359d
	malformedInputAction	500039bc
	unmappableCharacterAction	500039bc
	byteToCharTable	50003f30
ARR 50003f30 (sz=512, trace=300000, nelems=256, elem type=char[])
ARR 50003f31 (sz=8192, trace=300000, nelems=8192, elem type=byte[])
ARR 50003f32 (sz=400, trace=300000, nelems=92, elem type=java.util.Hashtable$Entry[]@500000fe)
	[0]		50003f33
	[1]		50003f34
	[4]		50003f35
	[7]		50003f36
	[9]		50003f37
	[11]		50003f38
	[13]		50003f39
	[16]		50003f3a
	[17]		50003f3b
	[18]		50003f3c
	[19]		50003f3d
	[21]		50003f3e
	[22]		50003f3f
	[24]		50003f40
	[26]		50003f41
	[27]		50003f42
	[33]		50003f43
	[38]		50003f44
	[39]		50003f45
	[40]		50003f46
	[41]		50003f47
	[42]		50003f48
	[44]		50003f49
	[47]		50003f4a
	[49]		50003f4b
	[54]		50003f4c
	[57]		50003f4d
	[63]		50003f4e
	[65]		50003f4f
	[67]		50003f50
	[70]		50003f51
	[72]		50003f52
	[74]		50003f53
	[76]		50003f54
	[79]		50003f55
	[80]		50003f56
	[81]		50003f57
	[82]		50003f58
	[83]		50003f59
	[85]		50003f5a
	[87]		50003f5b
	[88]		50003f5c
	[91]		50003f5d
OBJ 50003f33 (sz=32, trace=300000, class=java.util.Hashtable$Entry@500000fd)
	key		50004044
	value		50004043
OBJ 50003f34 (sz=32, trace=300000, class=java.util.Hashtable$Entry@500000fd)
	key		50004040
	value		5000403f
OBJ 50003f35 (sz=32, trace=300000, class=java.util.Hashtable$Entry@500000fd)
	key		5000403c
	value		5000403b
OBJ 50003f36 (sz=32, trace=300000, class=java.util.Hashtable$Entry@500000fd)
	key		50004038
	value		50004037
OBJ 50003f37 (sz=32, trace=300000, class=java.util.Hashtable$Entry@500000fd)
	key		50004030
	value		5000402f
	next		5000402e
OBJ 50003f38 (sz=32, trace=300000, class=java.util.Hashtable$Entry@500000fd)
	key		5000402b
	value		5000402a
OBJ 50003f39 (sz=32, trace=300000, class=java.util.Hashtable$Entry@500000fd)
	key		50004027
	value		50004026
OBJ 50003f3a (sz=32, trace=300000, class=java.util.Hashtable$Entry@500000fd)
	key		50004023
	value		50004022
OBJ 50003f3b (sz=32, trace=300000, class=java.util.Hashtable$Entry@500000fd)
	key		5000401f
	value		5000401e
OBJ 50003f3c (sz=32, trace=300000, class=java.util.Hashtable$Entry@500000fd)
	key		5000401c
	value		5000401b
OBJ 50003f3d (sz=32, trace=300000, class=java.util.Hashtable$Entry@500000fd)
	key		50004019
	value		500039de
OBJ 50003f3e (sz=32, trace=300000, class=java.util.Hashtable$Entry@500000fd)
	key		50004016
	value		50004015
OBJ 50003f3f (sz=32, trace=300000, class=java.util.Hashtable$Entry@500000fd)
	key		50004012
	value		50004011
OBJ 50003f40 (sz=32, trace=300000, class=java.util.Hashtable$Entry@500000fd)
	key		5000400a
	value		50004009
	next		50004008
OBJ 50003f41 (sz=32, trace=300000, class=java.util.Hashtable$Entry@500000fd)
	key		50003ffe
	value		50003ffd
	next		50003ffc
OBJ 50003f42 (sz=32, trace=300000, class=java.util.Hashtable$Entry@500000fd)
	key		50003ff9
	value		50003ff8
OBJ 50003f43 (sz=32, trace=300000, class=java.util.Hashtable$Entry@500000fd)
	key		50003ff1
	value		50003ff0
	next		50003fef
OBJ 50003f44 (sz=32, trace=300000, class=java.util.Hashtable$Entry@500000fd)
	key		50003fe8
	value		50003fe7
	next		50003fe6
OBJ 50003f45 (sz=32, trace=300000, class=java.util.Hashtable$Entry@500000fd)
	key		50003fe3
	value		50003fe2
OBJ 50003f46 (sz=32, trace=300000, class=java.util.Hashtable$Entry@500000fd)
	key		50003fdf
	value		50003fde
OBJ 50003f47 (sz=32, trace=300000, class=java.util.Hashtable$Entry@500000fd)
	key		50003fdc
	value		50003ea4
OBJ 50003f48 (sz=32, trace=300000, class=java.util.Hashtable$Entry@500000fd)
	key		50003fd9
	value		50003fd8
OBJ 50003f49 (sz=32, trace=300000, class=java.util.Hashtable$Entry@500000fd)
	key		50003fd5
	value		50003fd4
OBJ 50003f4a (sz=32, trace=300000, class=java.util.Hashtable$Entry@500000fd)
	key		50003fd1
	value		50003fd0
OBJ 50003f4b (sz=32, trace=300000, class=java.util.Hashtable$Entry@500000fd)
	key		50003fc9
	value		50003fc8
	next		50003fc7
OBJ 50003f4c (sz=32, trace=300000, class=java.util.Hashtable$Entry@500000fd)
	key		50003fc5
	value		50003fc4
OBJ 50003f4d (sz=32, trace=300000, class=java.util.Hashtable$Entry@500000fd)
	key		50003fc1
	value		50003fc0
OBJ 50003f4e (sz=32, trace=300000, class=java.util.Hashtable$Entry@500000fd)
	key		50003fbd
	value		50003fbc
OBJ 50003f4f (sz=32, trace=300000, class=java.util.Hashtable$Entry@500000fd)
	key		50003fb9
	value		50003fb8
OBJ 50003f50 (sz=32, trace=300000, class=java.util.Hashtable$Entry@500000fd)
	key		50003fb3
	value		50003fb2
	next		50003fb1
OBJ 50003f51 (sz=32, trace=300000, class=java.util.Hashtable$Entry@500000fd)
	key		50003faa
	value		50003fa9
	next		50003fa8
OBJ 50003f52 (sz=32, trace=300000, class=java.util.Hashtable$Entry@500000fd)
	key		50003fa5
	value		50003fa4
OBJ 50003f53 (sz=32, trace=300000, class=java.util.Hashtable$Entry@500000fd)
	key		50003e95
	value		50003fa2
OBJ 50003f54 (sz=32, trace=300000, class=java.util.Hashtable$Entry@500000fd)
	key		50003f9b
	value		50003f9a
	next		50003f99
OBJ 50003f55 (sz=32, trace=300000, class=java.util.Hashtable$Entry@500000fd)
	key		50003f8d
	value		50003f8c
	next		50003f8b
OBJ 50003f56 (sz=32, trace=300000, class=java.util.Hashtable$Entry@500000fd)
	key		50003f84
	value		50003f83
	next		50003f82
OBJ 50003f57 (sz=32, trace=300000, class=java.util.Hashtable$Entry@500000fd)
	key		50003f7f
	value		50003f7e
OBJ 50003f58 (sz=32, trace=300000, class=java.util.Hashtable$Entry@500000fd)
	key		50003f77
	value		50003f76
	next		50003f75
OBJ 50003f59 (sz=32, trace=300000, class=java.util.Hashtable$Entry@500000fd)
	key		50003f72
	value		50003f71
OBJ 50003f5a (sz=32, trace=300000, class=java.util.Hashtable$Entry@500000fd)
	key		50003f6e
	value		50003f6d
OBJ 50003f5b (sz=32, trace=300000, class=java.util.Hashtable$Entry@500000fd)
	key		50003f6a
	value		50003f69
OBJ 50003f5c (sz=32, trace=300000, class=java.util.Hashtable$Entry@500000fd)
	key		50003f63
	value		50003f02
	next		50003f62
OBJ 50003f5d (sz=32, trace=300000, class=java.util.Hashtable$Entry@500000fd)
	key		50003f5f
	value		50003f5e
OBJ 50003f5e (sz=32, trace=300000, class=java.lang.String@50000036)
	value		50003f61
OBJ 50003f5f (sz=32, trace=300000, class=java.lang.String@50000036)
	value		50003f60
ARR 50003f60 (sz=34, trace=300000, nelems=17, elem type=char[])
ARR 50003f61 (sz=62, trace=300000, nelems=31, elem type=char[])
OBJ 50003f62 (sz=32, trace=300000, class=java.util.Hashtable$Entry@500000fd)
	key		50003f66
	value		50003f65
OBJ 50003f63 (sz=32, trace=300000, class=java.lang.String@50000036)
	value		50003f64
ARR 50003f64 (sz=42, trace=300000, nelems=21, elem type=char[])
OBJ 50003f65 (sz=32, trace=300000, class=java.lang.String@50000036)
	value		50003f68
OBJ 50003f66 (sz=32, trace=300000, class=java.lang.String@50000036)
	value		50003f67
ARR 50003f67 (sz=30, trace=300000, nelems=15, elem type=char[])
ARR 50003f68 (sz=24, trace=300000, nelems=12, elem type=char[])
OBJ 50003f69 (sz=32, trace=300000, class=java.lang.String@50000036)
	value		50003f6c
OBJ 50003f6a (sz=32, trace=300000, class=java.lang.String@50000036)
	value		50003f6b
ARR 50003f6b (sz=50, trace=300000, nelems=25, elem type=char[])
ARR 50003f6c (sz=8, trace=300000, nelems=4, elem type=char[])
OBJ 50003f6d (sz=32, trace=300000, class=java.lang.String@50000036)
	value		50003f70
OBJ 50003f6e (sz=32, trace=300000, class=java.lang.String@50000036)
	value		50003f6f
ARR 50003f6f (sz=28, trace=300000, nelems=14, elem type=char[])
ARR 50003f70 (sz=10, trace=300000, nelems=5, elem type=char[])
OBJ 50003f71 (sz=32, trace=300000, class=java.lang.String@50000036)
	value		50003f74
OBJ 50003f72 (sz=32, trace=300000, class=java.lang.String@50000036)
	value		50003f73
ARR 50003f73 (sz=18, trace=300000, nelems=9, elem type=char[])
ARR 50003f74 (sz=12, trace=300000, nelems=6, elem type=char[])
OBJ 50003f75 (sz=32, trace=300000, class=java.util.Hashtable$Entry@500000fd)
	key		50003f7b
	value		50003f7a
OBJ 50003f76 (sz=32, trace=300000, class=java.lang.String@50000036)
	value		50003f79
OBJ 50003f77 (sz=32, trace=300000, class=java.lang.String@50000036)
	value		50003f78
ARR 50003f78 (sz=28, trace=300000, nelems=14, elem type=char[])
ARR 50003f79 (sz=20, trace=300000, nelems=10, elem type=char[])
OBJ 50003f7a (sz=32, trace=300000, class=java.lang.String@50000036)
	value		50003f7d
OBJ 50003f7b (sz=32, trace=300000, class=java.lang.String@50000036)
	value		50003f7c
ARR 50003f7c (sz=30, trace=300000, nelems=15, elem type=char[])
ARR 50003f7d (sz=42, trace=300000, nelems=21, elem type=char[])
OBJ 50003f7e (sz=32, trace=300000, class=java.lang.String@50000036)
	value		50003f81
OBJ 50003f7f (sz=32, trace=300000, class=java.lang.String@50000036)
	value		50003f80
ARR 50003f80 (sz=28, trace=300000, nelems=14, elem type=char[])
ARR 50003f81 (sz=2, trace=300000, nelems=1, elem type=char[])
OBJ 50003f82 (sz=32, trace=300000, class=java.util.Hashtable$Entry@500000fd)
	key		50003f88
	value		50003f87
OBJ 50003f83 (sz=32, trace=300000, class=java.lang.String@50000036)
	value		50003f86
OBJ 50003f84 (sz=32, trace=300000, class=java.lang.String@50000036)
	value		50003f85
ARR 50003f85 (sz=24, trace=300000, nelems=12, elem type=char[])
ARR 50003f86 (sz=66, trace=300000, nelems=33, elem type=char[])
OBJ 50003f87 (sz=32, trace=300000, class=java.lang.String@50000036)
	value		50003f8a
OBJ 50003f88 (sz=32, trace=300000, class=java.lang.String@50000036)
	value		50003f89
ARR 50003f89 (sz=34, trace=300000, nelems=17, elem type=char[])
ARR 50003f8a (sz=12, trace=300000, nelems=6, elem type=char[])
OBJ 50003f8b (sz=32, trace=300000, class=java.util.Hashtable$Entry@500000fd)
	key		50003f92
	value		50003f91
	next		50003f90
OBJ 50003f8c (sz=32, trace=300000, class=java.lang.String@50000036)
	value		50003f8f
OBJ 50003f8d (sz=32, trace=300000, class=java.lang.String@50000036)
	value		50003f8e
ARR 50003f8e (sz=34, trace=300000, nelems=17, elem type=char[])
ARR 50003f8f (sz=24, trace=300000, nelems=12, elem type=char[])
OBJ 50003f90 (sz=32, trace=300000, class=java.util.Hashtable$Entry@500000fd)
	key		50003f96
	value		50003f95
OBJ 50003f91 (sz=32, trace=300000, class=java.lang.String@50000036)
	value		50003f94
OBJ 50003f92 (sz=32, trace=300000, class=java.lang.String@50000036)
	value		50003f93
ARR 50003f93 (sz=24, trace=300000, nelems=12, elem type=char[])
ARR 50003f94 (sz=4, trace=300000, nelems=2, elem type=char[])
OBJ 50003f95 (sz=32, trace=300000, class=java.lang.String@50000036)
	value		50003f98
OBJ 50003f96 (sz=32, trace=300000, class=java.lang.String@50000036)
	value		50003f97
ARR 50003f97 (sz=36, trace=300000, nelems=18, elem type=char[])
ARR 50003f98 (sz=14, trace=300000, nelems=7, elem type=char[])
OBJ 50003f99 (sz=32, trace=300000, class=java.util.Hashtable$Entry@500000fd)
	key		50003f9f
	value		50003f9e
OBJ 50003f9a (sz=32, trace=300000, class=java.lang.String@50000036)
	value		50003f9d
OBJ 50003f9b (sz=32, trace=300000, class=java.lang.String@50000036)
	value		50003f9c
ARR 50003f9c (sz=52, trace=300000, nelems=26, elem type=char[])
ARR 50003f9d (sz=68, trace=300000, nelems=34, elem type=char[])
OBJ 50003f9e (sz=32, trace=300000, class=java.lang.String@50000036)
	value		50003fa1
OBJ 50003f9f (sz=32, trace=300000, class=java.lang.String@50000036)
	value		50003fa0
ARR 50003fa0 (sz=16, trace=300000, nelems=8, elem type=char[])
ARR 50003fa1 (sz=62, trace=300000, nelems=31, elem type=char[])
OBJ 50003fa2 (sz=32, trace=300000, class=java.lang.String@50000036)
	value		50003fa3
ARR 50003fa3 (sz=46, trace=300000, nelems=23, elem type=char[])
OBJ 50003fa4 (sz=32, trace=300000, class=java.lang.String@50000036)
	value		50003fa7
OBJ 50003fa5 (sz=32, trace=300000, class=java.lang.String@50000036)
	value		50003fa6
ARR 50003fa6 (sz=40, trace=300000, nelems=20, elem type=char[])
ARR 50003fa7 (sz=60, trace=300000, nelems=30, elem type=char[])
OBJ 50003fa8 (sz=32, trace=300000, class=java.util.Hashtable$Entry@500000fd)
	key		50003fae
	value		50003fad
OBJ 50003fa9 (sz=32, trace=300000, class=java.lang.String@50000036)
	value		50003fac
OBJ 50003faa (sz=32, trace=300000, class=java.lang.String@50000036)
	value		50003fab
ARR 50003fab (sz=36, trace=300000, nelems=18, elem type=char[])
ARR 50003fac (sz=154, trace=300000, nelems=77, elem type=char[])
OBJ 50003fad (sz=32, trace=300000, class=java.lang.String@50000036)
	value		50003fb0
OBJ 50003fae (sz=32, trace=300000, class=java.lang.String@50000036)
	value		50003faf
ARR 50003faf (sz=14, trace=300000, nelems=7, elem type=char[])
ARR 50003fb0 (sz=12, trace=300000, nelems=6, elem type=char[])
OBJ 50003fb1 (sz=32, trace=300000, class=java.util.Hashtable$Entry@500000fd)
	key		50003fb6
	value		50003ee6
OBJ 50003fb2 (sz=32, trace=300000, class=java.lang.String@50000036)
	value		50003fb5
OBJ 50003fb3 (sz=32, trace=300000, class=java.lang.String@50000036)
	value		50003fb4
ARR 50003fb4 (sz=28, trace=300000, nelems=14, elem type=char[])
ARR 50003fb5 (sz=98, trace=300000, nelems=49, elem type=char[])
OBJ 50003fb6 (sz=32, trace=300000, class=java.lang.String@50000036)
	value		50003fb7
ARR 50003fb7 (sz=28, trace=300000, nelems=14, elem type=char[])
OBJ 50003fb8 (sz=32, trace=300000, class=java.lang.String@50000036)
	value		50003fbb
OBJ 50003fb9 (sz=32, trace=300000, class=java.lang.String@50000036)
	value		50003fba
ARR 50003fba (sz=56, trace=300000, nelems=28, elem type=char[])
ARR 50003fbb (sz=42, trace=300000, nelems=21, elem type=char[])
OBJ 50003fbc (sz=32, trace=300000, class=java.lang.String@50000036)
	value		50003fbf
OBJ 50003fbd (sz=32, trace=300000, class=java.lang.String@50000036)
	value		50003fbe
ARR 50003fbe (sz=14, trace=300000, nelems=7, elem type=char[])
ARR 50003fbf (sz=16, trace=300000, nelems=8, elem type=char[])
OBJ 50003fc0 (sz=32, trace=300000, class=java.lang.String@50000036)
	value		50003fc3
OBJ 50003fc1 (sz=32, trace=300000, class=java.lang.String@50000036)
	value		50003fc2
ARR 50003fc2 (sz=32, trace=300000, nelems=16, elem type=char[])
ARR 50003fc3 (sz=16, trace=300000, nelems=8, elem type=char[])
OBJ 50003fc4 (sz=32, trace=300000, class=java.lang.String@50000036)
	value		50003f01
OBJ 50003fc5 (sz=32, trace=300000, class=java.lang.String@50000036)
	value		50003fc6
ARR 50003fc6 (sz=34, trace=300000, nelems=17, elem type=char[])
OBJ 50003fc7 (sz=32, trace=300000, class=java.util.Hashtable$Entry@500000fd)
	key		50003fcd
	value		50003fcc
OBJ 50003fc8 (sz=32, trace=300000, class=java.lang.String@50000036)
	value		50003fcb
OBJ 50003fc9 (sz=32, trace=300000, class=java.lang.String@50000036)
	value		50003fca
ARR 50003fca (sz=46, trace=300000, nelems=23, elem type=char[])
ARR 50003fcb (sz=62, trace=300000, nelems=31, elem type=char[])
OBJ 50003fcc (sz=32, trace=300000, class=java.lang.String@50000036)
	value		50003fcf
OBJ 50003fcd (sz=32, trace=300000, class=java.lang.String@50000036)
	value		50003fce
ARR 50003fce (sz=36, trace=300000, nelems=18, elem type=char[])
ARR 50003fcf (sz=8, trace=300000, nelems=4, elem type=char[])
OBJ 50003fd0 (sz=32, trace=300000, class=java.lang.String@50000036)
	value		50003fd3
OBJ 50003fd1 (sz=32, trace=300000, class=java.lang.String@50000036)
	value		50003fd2
ARR 50003fd2 (sz=46, trace=300000, nelems=23, elem type=char[])
ARR 50003fd3 (sz=62, trace=300000, nelems=31, elem type=char[])
OBJ 50003fd4 (sz=32, trace=300000, class=java.lang.String@50000036)
	value		50003fd7
OBJ 50003fd5 (sz=32, trace=300000, class=java.lang.String@50000036)
	value		50003fd6
ARR 50003fd6 (sz=20, trace=300000, nelems=10, elem type=char[])
ARR 50003fd7 (sz=8, trace=300000, nelems=4, elem type=char[])
OBJ 50003fd8 (sz=32, trace=300000, class=java.lang.String@50000036)
	value		50003fdb
OBJ 50003fd9 (sz=32, trace=300000, class=java.lang.String@50000036)
	value		50003fda
ARR 50003fda (sz=36, trace=300000, nelems=18, elem type=char[])
ARR 50003fdb (sz=74, trace=300000, nelems=37, elem type=char[])
OBJ 50003fdc (sz=32, trace=300000, class=java.lang.String@50000036)
	value		50003fdd
ARR 50003fdd (sz=18, trace=300000, nelems=9, elem type=char[])
OBJ 50003fde (sz=32, trace=300000, class=java.lang.String@50000036)
	value		50003fe1
OBJ 50003fdf (sz=32, trace=300000, class=java.lang.String@50000036)
	value		50003fe0
ARR 50003fe0 (sz=26, trace=300000, nelems=13, elem type=char[])
ARR 50003fe1 (sz=0, trace=300000, nelems=0, elem type=char[])
OBJ 50003fe2 (sz=32, trace=300000, class=java.lang.String@50000036)
	value		50003fe5
OBJ 50003fe3 (sz=32, trace=300000, class=java.lang.String@50000036)
	value		50003fe4
ARR 50003fe4 (sz=38, trace=300000, nelems=19, elem type=char[])
ARR 50003fe5 (sz=42, trace=300000, nelems=21, elem type=char[])
OBJ 50003fe6 (sz=32, trace=300000, class=java.util.Hashtable$Entry@500000fd)
	key		50003fec
	value		50003feb
OBJ 50003fe7 (sz=32, trace=300000, class=java.lang.String@50000036)
	value		50003fea
OBJ 50003fe8 (sz=32, trace=300000, class=java.lang.String@50000036)
	value		50003fe9
ARR 50003fe9 (sz=26, trace=300000, nelems=13, elem type=char[])
ARR 50003fea (sz=16, trace=300000, nelems=8, elem type=char[])
OBJ 50003feb (sz=32, trace=300000, class=java.lang.String@50000036)
	value		50003fee
OBJ 50003fec (sz=32, trace=300000, class=java.lang.String@50000036)
	value		50003fed
ARR 50003fed (sz=52, trace=300000, nelems=26, elem type=char[])
ARR 50003fee (sz=6, trace=300000, nelems=3, elem type=char[])
OBJ 50003fef (sz=32, trace=300000, class=java.util.Hashtable$Entry@500000fd)
	key		50003ff5
	value		50003ff4
OBJ 50003ff0 (sz=32, trace=300000, class=java.lang.String@50000036)
	value		50003ff3
OBJ 50003ff1 (sz=32, trace=300000, class=java.lang.String@50000036)
	value		50003ff2
ARR 50003ff2 (sz=30, trace=300000, nelems=15, elem type=char[])
ARR 50003ff3 (sz=6, trace=300000, nelems=3, elem type=char[])
OBJ 50003ff4 (sz=32, trace=300000, class=java.lang.String@50000036)
	value		50003ff7
OBJ 50003ff5 (sz=32, trace=300000, class=java.lang.String@50000036)
	value		50003ff6
ARR 50003ff6 (sz=18, trace=300000, nelems=9, elem type=char[])
ARR 50003ff7 (sz=10, trace=300000, nelems=5, elem type=char[])
OBJ 50003ff8 (sz=32, trace=300000, class=java.lang.String@50000036)
	value		50003ffb
OBJ 50003ff9 (sz=32, trace=300000, class=java.lang.String@50000036)
	value		50003ffa
ARR 50003ffa (sz=58, trace=300000, nelems=29, elem type=char[])
ARR 50003ffb (sz=6, trace=300000, nelems=3, elem type=char[])
OBJ 50003ffc (sz=32, trace=300000, class=java.util.Hashtable$Entry@500000fd)
	key		50004002
	value		500032f8
	next		50004001
OBJ 50003ffd (sz=32, trace=300000, class=java.lang.String@50000036)
	value		50004000
OBJ 50003ffe (sz=32, trace=300000, class=java.lang.String@50000036)
	value		50003fff
ARR 50003fff (sz=32, trace=300000, nelems=16, elem type=char[])
ARR 50004000 (sz=36, trace=300000, nelems=18, elem type=char[])
OBJ 50004001 (sz=32, trace=300000, class=java.util.Hashtable$Entry@500000fd)
	key		50004005
	value		50004004
OBJ 50004002 (sz=32, trace=300000, class=java.lang.String@50000036)
	value		50004003
ARR 50004003 (sz=18, trace=300000, nelems=9, elem type=char[])
OBJ 50004004 (sz=32, trace=300000, class=java.lang.String@50000036)
	value		50004007
OBJ 50004005 (sz=32, trace=300000, class=java.lang.String@50000036)
	value		50004006
ARR 50004006 (sz=38, trace=300000, nelems=19, elem type=char[])
ARR 50004007 (sz=4, trace=300000, nelems=2, elem type=char[])
OBJ 50004008 (sz=32, trace=300000, class=java.util.Hashtable$Entry@500000fd)
	key		5000400e
	value		5000400d
OBJ 50004009 (sz=32, trace=300000, class=java.lang.String@50000036)
	value		5000400c
OBJ 5000400a (sz=32, trace=300000, class=java.lang.String@50000036)
	value		5000400b
ARR 5000400b (sz=26, trace=300000, nelems=13, elem type=char[])
ARR 5000400c (sz=4, trace=300000, nelems=2, elem type=char[])
OBJ 5000400d (sz=32, trace=300000, class=java.lang.String@50000036)
	value		50004010
OBJ 5000400e (sz=32, trace=300000, class=java.lang.String@50000036)
	value		5000400f
ARR 5000400f (sz=50, trace=300000, nelems=25, elem type=char[])
ARR 50004010 (sz=42, trace=300000, nelems=21, elem type=char[])
OBJ 50004011 (sz=32, trace=300000, class=java.lang.String@50000036)
	value		50004014
OBJ 50004012 (sz=32, trace=300000, class=java.lang.String@50000036)
	value		50004013
ARR 50004013 (sz=22, trace=300000, nelems=11, elem type=char[])
ARR 50004014 (sz=36, trace=300000, nelems=18, elem type=char[])
OBJ 50004015 (sz=32, trace=300000, class=java.lang.String@50000036)
	value		50004018
OBJ 50004016 (sz=32, trace=300000, class=java.lang.String@50000036)
	value		50004017
ARR 50004017 (sz=24, trace=300000, nelems=12, elem type=char[])
ARR 50004018 (sz=20, trace=300000, nelems=10, elem type=char[])
OBJ 50004019 (sz=32, trace=300000, class=java.lang.String@50000036)
	value		5000401a
ARR 5000401a (sz=24, trace=300000, nelems=12, elem type=char[])
OBJ 5000401b (sz=32, trace=300000, class=java.lang.String@50000036)
	value		50003e87
OBJ 5000401c (sz=32, trace=300000, class=java.lang.String@50000036)
	value		5000401d
ARR 5000401d (sz=26, trace=300000, nelems=13, elem type=char[])
OBJ 5000401e (sz=32, trace=300000, class=java.lang.String@50000036)
	value		50004021
OBJ 5000401f (sz=32, trace=300000, class=java.lang.String@50000036)
	value		50004020
ARR 50004020 (sz=38, trace=300000, nelems=19, elem type=char[])
ARR 50004021 (sz=1492, trace=300000, nelems=746, elem type=char[])
OBJ 50004022 (sz=32, trace=300000, class=java.lang.String@50000036)
	value		50004025
OBJ 50004023 (sz=32, trace=300000, class=java.lang.String@50000036)
	value		50004024
ARR 50004024 (sz=22, trace=300000, nelems=11, elem type=char[])
ARR 50004025 (sz=20, trace=300000, nelems=10, elem type=char[])
OBJ 50004026 (sz=32, trace=300000, class=java.lang.String@50000036)
	value		50004029
OBJ 50004027 (sz=32, trace=300000, class=java.lang.String@50000036)
	value		50004028
ARR 50004028 (sz=28, trace=300000, nelems=14, elem type=char[])
ARR 50004029 (sz=2, trace=300000, nelems=1, elem type=char[])
OBJ 5000402a (sz=32, trace=300000, class=java.lang.String@50000036)
	value		5000402d
OBJ 5000402b (sz=32, trace=300000, class=java.lang.String@50000036)
	value		5000402c
ARR 5000402c (sz=38, trace=300000, nelems=19, elem type=char[])
ARR 5000402d (sz=54, trace=300000, nelems=27, elem type=char[])
OBJ 5000402e (sz=32, trace=300000, class=java.util.Hashtable$Entry@500000fd)
	key		50004034
	value		50004033
OBJ 5000402f (sz=32, trace=300000, class=java.lang.String@50000036)
	value		50004032
OBJ 50004030 (sz=32, trace=300000, class=java.lang.String@50000036)
	value		50004031
ARR 50004031 (sz=46, trace=300000, nelems=23, elem type=char[])
ARR 50004032 (sz=26, trace=300000, nelems=13, elem type=char[])
OBJ 50004033 (sz=32, trace=300000, class=java.lang.String@50000036)
	value		50004036
OBJ 50004034 (sz=32, trace=300000, class=java.lang.String@50000036)
	value		50004035
ARR 50004035 (sz=28, trace=300000, nelems=14, elem type=char[])
ARR 50004036 (sz=12, trace=300000, nelems=6, elem type=char[])
OBJ 50004037 (sz=32, trace=300000, class=java.lang.String@50000036)
	value		5000403a
OBJ 50004038 (sz=32, trace=300000, class=java.lang.String@50000036)
	value		50004039
ARR 50004039 (sz=22, trace=300000, nelems=11, elem type=char[])
ARR 5000403a (sz=34, trace=300000, nelems=17, elem type=char[])
OBJ 5000403b (sz=32, trace=300000, class=java.lang.String@50000036)
	value		5000403e
OBJ 5000403c (sz=32, trace=300000, class=java.lang.String@50000036)
	value		5000403d
ARR 5000403d (sz=36, trace=300000, nelems=18, elem type=char[])
ARR 5000403e (sz=74, trace=300000, nelems=37, elem type=char[])
OBJ 5000403f (sz=32, trace=300000, class=java.lang.String@50000036)
	value		50004042
OBJ 50004040 (sz=32, trace=300000, class=java.lang.String@50000036)
	value		50004041
ARR 50004041 (sz=34, trace=300000, nelems=17, elem type=char[])
ARR 50004042 (sz=74, trace=300000, nelems=37, elem type=char[])
OBJ 50004043 (sz=32, trace=300000, class=java.lang.String@50000036)
	value		50004046
OBJ 50004044 (sz=32, trace=300000, class=java.lang.String@50000036)
	value		50004045
ARR 50004045 (sz=30, trace=300000, nelems=15, elem type=char[])
ARR 50004046 (sz=0, trace=300000, nelems=0, elem type=char[])
OBJ 50004047 (sz=32, trace=300000, class=java.lang.String@50000036)
	value		5000404f
OBJ 50004048 (sz=32, trace=300000, class=java.lang.String@50000036)
	value		5000404e
OBJ 50004049 (sz=32, trace=300000, class=java.lang.String@50000036)
	value		5000404d
OBJ 5000404a (sz=16, trace=300000, class=java.lang.Terminator$1@500000af)
OBJ 5000404b (sz=24, trace=300000, class=sun.misc.NativeSignalHandler@50000147)
OBJ 5000404c (sz=24, trace=300000, class=sun.misc.NativeSignalHandler@50000147)
ARR 5000404d (sz=8, trace=300000, nelems=4, elem type=char[])
ARR 5000404e (sz=6, trace=300000, nelems=3, elem type=char[])
ARR 5000404f (sz=6, trace=300000, nelems=3, elem type=char[])
OBJ 50004050 (sz=48, trace=300000, class=java.util.Hashtable@50000033)
	table		50004059
OBJ 50004051 (sz=48, trace=300000, class=java.util.Hashtable@50000033)
	table		50004052
ARR 50004052 (sz=32, trace=300000, nelems=4, elem type=java.util.Hashtable$Entry[]@500000fe)
	[1]		50004053
	[2]		50004054
	[3]		50004055
OBJ 50004053 (sz=32, trace=300000, class=java.util.Hashtable$Entry@500000fd)
	key		50004058
	value		5000404a
OBJ 50004054 (sz=32, trace=300000, class=java.util.Hashtable$Entry@500000fd)
	key		50004057
	value		5000404a
OBJ 50004055 (sz=32, trace=300000, class=java.util.Hashtable$Entry@500000fd)
	key		50004056
	value		5000404a
OBJ 50004056 (sz=24, trace=300000, class=sun.misc.Signal@5000001b)
	name		50004049
OBJ 50004057 (sz=24, trace=300000, class=sun.misc.Signal@5000001b)
	name		50004048
OBJ 50004058 (sz=24, trace=300000, class=sun.misc.Signal@5000001b)
	name		50004047
ARR 50004059 (sz=32, trace=300000, nelems=4, elem type=java.util.Hashtable$Entry[]@500000fe)
	[1]		5000405a
	[2]		5000405b
	[3]		5000405c
OBJ 5000405a (sz=32, trace=300000, class=java.util.Hashtable$Entry@500000fd)
	key		5000405f
	value		50004058
OBJ 5000405b (sz=32, trace=300000, class=java.util.Hashtable$Entry@500000fd)
	key		5000405e
	value		50004057
OBJ 5000405c (sz=32, trace=300000, class=java.util.Hashtable$Entry@500000fd)
	key		5000405d
	value		50004056
OBJ 5000405d (sz=16, trace=300000, class=java.lang.Integer@50000035)
OBJ 5000405e (sz=16, trace=300000, class=java.lang.Integer@50000035)
OBJ 5000405f (sz=16, trace=300000, class=java.lang.Integer@50000035)
OBJ 50004060 (sz=32, trace=300000, class=java.lang.String@50000036)
	value		50004065
OBJ 50004061 (sz=32, trace=300000, class=java.lang.String@50000036)
	value		50004064
OBJ 50004062 (sz=32, trace=300000, class=java.lang.String@50000036)
	value		50004063
ARR 50004063 (sz=122, trace=300000, nelems=61, elem type=char[])
ARR 50004064 (sz=18, trace=300000, nelems=9, elem type=char[])
ARR 50004065 (sz=32, trace=300000, nelems=16, elem type=char[])
ARR 50004066 (sz=4, trace=300000, nelems=4, elem type=byte[])
ARR 50004067 (sz=11, trace=300000, nelems=11, elem type=byte[])
ARR 50004068 (sz=13, trace=300000, nelems=13, elem type=byte[])
ARR 50004069 (sz=28, trace=300000, nelems=28, elem type=byte[])
ARR 5000406a (sz=1, trace=300000, nelems=1, elem type=byte[])
ARR 5000406b (sz=13, trace=300000, nelems=13, elem type=byte[])
ARR 5000406c (sz=26, trace=300000, nelems=26, elem type=byte[])
ARR 5000406d (sz=25, trace=300000, nelems=25, elem type=byte[])
ARR 5000406e (sz=7, trace=300000, nelems=7, elem type=byte[])
ARR 5000406f (sz=5, trace=300000, nelems=5, elem type=byte[])
ARR 50004070 (sz=4, trace=300000, nelems=4, elem type=byte[])
ARR 50004071 (sz=12, trace=300000, nelems=12, elem type=byte[])
ARR 50004072 (sz=15, trace=300000, nelems=15, elem type=byte[])
ARR 50004073 (sz=36, trace=300000, nelems=36, elem type=byte[])
ARR 50004074 (sz=3, trace=300000, nelems=3, elem type=byte[])
ARR 50004075 (sz=31, trace=300000, nelems=31, elem type=byte[])
ARR 50004076 (sz=22, trace=300000, nelems=22, elem type=byte[])
ARR 50004077 (sz=16, trace=300000, nelems=16, elem type=byte[])
ARR 50004078 (sz=9, trace=300000, nelems=9, elem type=byte[])
ARR 50004079 (sz=6, trace=300000, nelems=6, elem type=byte[])
ARR 5000407a (sz=4, trace=300000, nelems=4, elem type=byte[])
ARR 5000407b (sz=5, trace=300000, nelems=5, elem type=byte[])
ARR 5000407c (sz=21, trace=300000, nelems=21, elem type=byte[])
ARR 5000407d (sz=18, trace=300000, nelems=18, elem type=byte[])
ARR 5000407e (sz=7, trace=300000, nelems=7, elem type=byte[])
ARR 5000407f (sz=26, trace=300000, nelems=26, elem type=byte[])
ARR 50004080 (sz=12, trace=300000, nelems=12, elem type=byte[])
ARR 50004081 (sz=8, trace=300000, nelems=8, elem type=byte[])
ARR 50004082 (sz=4, trace=300000, nelems=4, elem type=byte[])
ARR 50004083 (sz=88, trace=300000, nelems=88, elem type=byte[])
ARR 50004084 (sz=12, trace=300000, nelems=12, elem type=byte[])
ARR 50004085 (sz=14, trace=300000, nelems=14, elem type=byte[])
ARR 50004086 (sz=23, trace=300000, nelems=23, elem type=byte[])
ARR 50004087 (sz=10, trace=300000, nelems=10, elem type=byte[])
ARR 50004088 (sz=20, trace=300000, nelems=20, elem type=byte[])
ARR 50004089 (sz=3, trace=300000, nelems=3, elem type=byte[])
ARR 5000408a (sz=5, trace=300000, nelems=5, elem type=byte[])
ARR 5000408b (sz=1, trace=300000, nelems=1, elem type=byte[])
ARR 5000408c (sz=6, trace=300000, nelems=6, elem type=byte[])
ARR 5000408d (sz=49, trace=300000, nelems=49, elem type=byte[])
ARR 5000408e (sz=22, trace=300000, nelems=22, elem type=byte[])
ARR 5000408f (sz=6, trace=300000, nelems=6, elem type=byte[])
ARR 50004090 (sz=5, trace=300000, nelems=5, elem type=byte[])
ARR 50004091 (sz=9, trace=300000, nelems=9, elem type=byte[])
ARR 50004092 (sz=4, trace=300000, nelems=4, elem type=byte[])
ARR 50004093 (sz=14, trace=300000, nelems=14, elem type=byte[])
ARR 50004094 (sz=6, trace=300000, nelems=6, elem type=byte[])
ARR 50004095 (sz=35, trace=300000, nelems=35, elem type=byte[])
ARR 50004096 (sz=6, trace=300000, nelems=3, elem type=char[])
ARR 50004097 (sz=80, trace=300000, nelems=40, elem type=char[])
ARR 50004098 (sz=74, trace=300000, nelems=37, elem type=char[])
ARR 50004099 (sz=14, trace=300000, nelems=7, elem type=char[])
OBJ 5000409a (sz=32, trace=300000, class=java.lang.String@50000036)
	value		5000409b
ARR 5000409b (sz=10, trace=300000, nelems=5, elem type=char[])
OBJ 5000409c (sz=32, trace=300000, class=java.lang.String@50000036)
	value		5000409d
ARR 5000409d (sz=8, trace=300000, nelems=4, elem type=char[])
ARR 5000409e (sz=22, trace=300000, nelems=11, elem type=char[])
OBJ 5000409f (sz=32, trace=300000, class=java.lang.String@50000036)
	value		500040a2
OBJ 500040a0 (sz=32, trace=300000, class=java.lang.String@50000036)
	value		500040a1
ARR 500040a1 (sz=60, trace=300000, nelems=30, elem type=char[])
ARR 500040a2 (sz=46, trace=300000, nelems=23, elem type=char[])
OBJ 500040a3 (sz=32, trace=300000, class=java.lang.String@50000036)
	value		500040a4
ARR 500040a4 (sz=40, trace=300000, nelems=20, elem type=char[])
ARR 500040a5 (sz=12, trace=300000, nelems=6, elem type=char[])
OBJ 500040a6 (sz=16, trace=300000, class=java.lang.ThreadLocal@50000052)
OBJ 500040a7 (sz=16, trace=300000, class=java.lang.ThreadLocal@50000052)
ARR 500040a8 (sz=8, trace=300000, nelems=4, elem type=char[])
ARR 500040a9 (sz=4, trace=300000, nelems=2, elem type=char[])
ARR 500040aa (sz=4, trace=300000, nelems=2, elem type=char[])
ARR 500040ab (sz=4, trace=300000, nelems=2, elem type=char[])
ARR 500040ac (sz=14, trace=300000, nelems=7, elem type=char[])
ARR 500040ad (sz=22, trace=300000, nelems=11, elem type=char[])
OBJ 500040ae (sz=32, trace=300000, class=java.lang.ref.ReferenceQueue@5000009c)
	lock		500040b1
OBJ 500040af (sz=48, trace=300000, class=java.util.HashMap@500000cb)
	table		500040b0
ARR 500040b0 (sz=80, trace=300000, nelems=0, elem type=java.util.HashMap$Entry[]@50000054)
OBJ 500040b1 (sz=16, trace=300000, class=java.lang.ref.ReferenceQueue$Lock@50000070)
ARR 500040b2 (sz=68, trace=300000, nelems=34, elem type=char[])
ARR 500040b3 (sz=42, trace=300000, nelems=21, elem type=char[])
ARR 500040b4 (sz=2, trace=300000, nelems=1, elem type=char[])
ARR 500040b5 (sz=2, trace=300000, nelems=1, elem type=char[])
ARR 500040b6 (sz=14, trace=300000, nelems=7, elem type=char[])
ARR 500040b7 (sz=22, trace=300000, nelems=11, elem type=char[])
ARR 500040b8 (sz=14, trace=300000, nelems=7, elem type=char[])
ARR 500040b9 (sz=74, trace=300000, nelems=37, elem type=char[])
ARR 500040ba (sz=50, trace=300000, nelems=25, elem type=char[])
OBJ 500040bb (sz=16, trace=300000, class=java.lang.Object@500000ab)
OBJ 500040bc (sz=32, trace=300000, class=java.security.AccessControlContext@50000135)
ARR 500040bd (sz=34, trace=300000, nelems=17, elem type=char[])
ARR 500040be (sz=32, trace=300000, nelems=1, elem type=java.lang.ThreadGroup[]@5000011d)
	[0]		500032ac
ARR 500040bf (sz=32, trace=300000, nelems=3, elem type=java.lang.Thread[]@50000078)
	[0]		50003295
	[1]		50003294
	[2]		50003293
OBJ 500040c0 (sz=16, trace=300000, class=java.lang.Object@500000ab)
OBJ 500040c1 (sz=32, trace=300000, class=java.security.AccessControlContext@50000135)
ARR 500040c2 (sz=34, trace=300000, nelems=17, elem type=char[])
OBJ 500040c3 (sz=16, trace=300000, class=java.lang.Object@500000ab)
OBJ 500040c4 (sz=32, trace=300000, class=java.security.AccessControlContext@50000135)
ARR 500040c5 (sz=18, trace=300000, nelems=9, elem type=char[])
OBJ 500040c6 (sz=32, trace=300000, class=java.lang.String@50000036)
	value		500040d0
OBJ 500040c7 (sz=16, trace=300000, class=java.lang.Object@500000ab)
OBJ 500040c8 (sz=40, trace=300000, class=java.lang.ref.Finalizer@500000f9)
	referent	50003f25
	queue		500032ae
	next		500040c9
	prev		500001aa
OBJ 500040c9 (sz=40, trace=300000, class=java.lang.ref.Finalizer@500000f9)
	referent	500040cb
	queue		500032ae
	next		500040ca
	prev		500040c8
OBJ 500040ca (sz=40, trace=300000, class=java.lang.ref.Finalizer@500000f9)
	referent	500040ce
	queue		500032ae
	next		500040cd
	prev		500040c9
OBJ 500040cb (sz=32, trace=300000, class=java.io.FileOutputStream@5000009a)
	fd		500039e6
	closeLock	500040cc
OBJ 500040cc (sz=16, trace=300000, class=java.lang.Object@500000ab)
OBJ 500040cd (sz=40, trace=300000, class=java.lang.ref.Finalizer@500000f9)
	referent	50003efb
	queue		500032ae
	prev		500040ca
OBJ 500040ce (sz=32, trace=300000, class=java.io.FileInputStream@500000cc)
	fd		500039e7
	closeLock	500040cf
OBJ 500040cf (sz=16, trace=300000, class=java.lang.Object@500000ab)
ARR 500040d0 (sz=18, trace=300000, nelems=9, elem type=char[])
ARR 500040d1 (sz=32, trace=300000, nelems=1, elem type=java.lang.Thread[]@50000078)
	[0]		5000312f
OBJ 500040d2 (sz=32, trace=300000, class=java.lang.String@50000036)
	value		500040d3
ARR 500040d3 (sz=8, trace=300000, nelems=4, elem type=char[])
OBJ 500040d4 (sz=32, trace=300000, class=java.security.AccessControlContext@50000135)
OBJ 500040d5 (sz=16, trace=300000, class=java.lang.Object@500000ab)
ARR 500040d6 (sz=46, trace=300000, nelems=23, elem type=char[])
OBJ 500040d7 (sz=32, trace=300000, class=java.lang.String@50000036)
	value		500040d8
ARR 500040d8 (sz=18, trace=300000, nelems=9, elem type=char[])
OBJ 500040d9 (sz=32, trace=300000, class=java.lang.OutOfMemoryError@500000a1)
OBJ 500040da (sz=32, trace=300000, class=java.lang.OutOfMemoryError@500000a1)
OBJ 500040db (sz=32, trace=300000, class=java.lang.OutOfMemoryError@500000a1)
OBJ 500040dc (sz=32, trace=300000, class=java.lang.OutOfMemoryError@500000a1)
OBJ 500040dd (sz=32, trace=300000, class=java.lang.String@50000036)
	value		500040de
ARR 500040de (sz=52, trace=300000, nelems=26, elem type=char[])
OBJ 500040df (sz=32, trace=300000, class=java.lang.String@50000036)
	value		500040e0
ARR 500040e0 (sz=74, trace=300000, nelems=37, elem type=char[])
OBJ 500040e1 (sz=32, trace=300000, class=java.lang.String@50000036)
	value		500040e2
ARR 500040e2 (sz=26, trace=300000, nelems=13, elem type=char[])
OBJ 500040e3 (sz=32, trace=300000, class=java.lang.String@50000036)
	value		500040e4
ARR 500040e4 (sz=30, trace=300000, nelems=15, elem type=char[])
ARR 500040e5 (sz=22, trace=300000, nelems=11, elem type=char[])
OBJ 500040e6 (sz=32, trace=300000, class=java.lang.String@50000036)
	value		500040f9
OBJ 500040e7 (sz=32, trace=300000, class=java.lang.String@50000036)
	value		500040f8
OBJ 500040e8 (sz=32, trace=300000, class=java.lang.String@50000036)
	value		500040f7
OBJ 500040e9 (sz=32, trace=300000, class=java.lang.String@50000036)
	value		500040f6
OBJ 500040ea (sz=32, trace=300000, class=java.lang.String@50000036)
	value		500040ef
OBJ 500040eb (sz=24, trace=300000, class=com.apple.java.Usage@5000003b)
	shutdownHook	500040ec
OBJ 500040ec (sz=112, trace=300000, class=java.lang.Thread@50000077)
	name		500040ee
	blockerLock	500040ed
	me		500040ec
OBJ 500040ed (sz=16, trace=300000, class=java.lang.Object@500000ab)
ARR 500040ee (sz=16, trace=300000, nelems=8, elem type=char[])
ARR 500040ef (sz=40, trace=300000, nelems=20, elem type=char[])
OBJ 500040f0 (sz=32, trace=300000, class=java.lang.String@50000036)
	value		500040f3
OBJ 500040f1 (sz=32, trace=300000, class=java.lang.String@50000036)
	value		500040f2
ARR 500040f2 (sz=46, trace=300000, nelems=23, elem type=char[])
ARR 500040f3 (sz=36, trace=300000, nelems=18, elem type=char[])
OBJ 500040f4 (sz=32, trace=300000, class=java.lang.String@50000036)
	value		500040f5
ARR 500040f5 (sz=44, trace=300000, nelems=22, elem type=char[])
ARR 500040f6 (sz=6, trace=300000, nelems=3, elem type=char[])
ARR 500040f7 (sz=42, trace=300000, nelems=21, elem type=char[])
ARR 500040f8 (sz=54, trace=300000, nelems=27, elem type=char[])
ARR 500040f9 (sz=28, trace=300000, nelems=14, elem type=char[])
OBJ 500040fa (sz=32, trace=300000, class=java.lang.String@50000036)
	value		500040ff
OBJ 500040fb (sz=32, trace=300000, class=java.lang.String@50000036)
	value		500040fe
OBJ 500040fc (sz=32, trace=300000, class=java.lang.String@50000036)
	value		500040fd
ARR 500040fd (sz=14, trace=300000, nelems=7, elem type=char[])
ARR 500040fe (sz=24, trace=300000, nelems=12, elem type=char[])
ARR 500040ff (sz=26, trace=300000, nelems=13, elem type=char[])
ARR 50004100 (sz=10, trace=300000, nelems=5, elem type=char[])
CLS 500000ab (name=java.lang.Object, trace=300000)
	constant pool entry 79	50000097
	constant pool entry 18	500000ab
CLS 50000001 (name=java.lang.Throwable, trace=300000)
	super		500000ab
	constant pool entry 51	500000ab
	constant pool entry 50	50000001
CLS 50000002 (name=java.lang.Throwable[], trace=300000)
	super		500000ab
CLS 50000003 (name=java.util.Iterator, trace=300000)
CLS 5000013b (name=java.util.AbstractCollection, trace=300000)
	super		500000ab
	constant pool entry 76	50000003
	constant pool entry 34	5000013b
	constant pool entry 7	500000ab
CLS 500000d2 (name=java.util.AbstractList, trace=300000)
	super		5000013b
	constant pool entry 43	5000013b
	constant pool entry 42	500000d2
	constant pool entry 33	500023ce
	constant pool entry 32	5000010f
	constant pool entry 30	500023d3
	constant pool entry 20	50000d05
CLS 50000004 (name=java.util.Vector, trace=300000)
	super		500000d2
	constant pool entry 239	50000097
	constant pool entry 176	50000074
	constant pool entry 174	5000003c
	constant pool entry 57	500000d2
	constant pool entry 41	50000004
	constant pool entry 10	500000ab
CLS 50000005 (name=java.io.ExpiringCache$Entry, trace=300000)
	super		500000ab
	constant pool entry 5	500000ab
	constant pool entry 4	50000005
CLS 50000006 (name=sun.reflect.ReflectionFactory$1, trace=300000)
	super		500000ab
	constant pool entry 32	50000074
	constant pool entry 29	50000011
	constant pool entry 18	500000ab
	constant pool entry 8	500040a0
	constant pool entry 3	5000409f
CLS 50000007 (name=java.lang.ref.Reference, trace=300000)
	super		500000ab
	static lock	50003290
	constant pool entry 82	5000011c
	constant pool entry 79	50000077
	constant pool entry 71	5000009c
	constant pool entry 22	500000ab
	constant pool entry 21	50000007
	constant pool entry 16	500039c2
	constant pool entry 15	500000d3
	constant pool entry 10	5000003d
CLS 50000008 (name=java.lang.ref.Reference[], trace=300000)
	super		500000ab
CLS 50000009 (name=sun.misc.Version, trace=300000)
	super		500000ab
	static java_version	500039de
	static java_runtime_name	50003f5e
	static java_embedded_runtime_name	50004062
	static java_runtime_version	50003fa2
	constant pool entry 125	50000074
	constant pool entry 75	50004062
	constant pool entry 65	50000009
	constant pool entry 63	50004061
	constant pool entry 62	50004060
	constant pool entry 56	5000341c
	constant pool entry 17	5000004d
	constant pool entry 8	50003f5e
	constant pool entry 7	50003f5f
	constant pool entry 5	50003e95
	constant pool entry 3	500039de
	constant pool entry 2	500039db
CLS 5000000a (name=sun.reflect.ConstructorAccessor, trace=300000)
CLS 5000012b (name=java.lang.Error, trace=300000)
	super		50000001
	constant pool entry 6	50000001
CLS 5000009f (name=java.lang.LinkageError, trace=300000)
	super		5000012b
	constant pool entry 4	5000012b
CLS 500000ae (name=java.lang.IncompatibleClassChangeError, trace=300000)
	super		5000009f
	constant pool entry 4	5000009f
CLS 5000000b (name=java.lang.NoSuchMethodError, trace=300000)
	super		500000ae
	constant pool entry 4	500000ae
CLS 5000000c (name=sun.reflect.ReflectionFactory$GetReflectionFactoryAction, trace=300000)
	super		500000ab
	constant pool entry 15	50000011
	constant pool entry 4	500000ab
CLS 50000046 (name=java.lang.reflect.AccessibleObject, trace=300000)
	super		500000ab
	static ACCESS_PERMISSION	50003b5e
	static reflectionFactory	500032c8
	constant pool entry 84	50000042
	constant pool entry 60	50000074
	constant pool entry 27	500000ab
	constant pool entry 26	50000046
	constant pool entry 24	50000011
	constant pool entry 21	5000000c
	constant pool entry 19	50003b5d
	constant pool entry 18	5000004c
	constant pool entry 7	5000002c
	constant pool entry 5	5000000d
CLS 5000000d (name=java.lang.reflect.Constructor, trace=300000)
	super		50000046
	constant pool entry 270	50000011
	constant pool entry 265	5000000a
	constant pool entry 256	5000009d
	constant pool entry 222	5000002d
	constant pool entry 95	50000046
	constant pool entry 55	5000002c
	constant pool entry 27	5000002d
	constant pool entry 16	5000000d
CLS 5000000e (name=java.lang.reflect.Constructor[], trace=300000)
	super		500000ab
CLS 5000002e (name=java.io.OutputStream, trace=300000)
	super		500000ab
	constant pool entry 9	500000ab
	constant pool entry 8	5000002e
CLS 5000000f (name=java.io.FilterOutputStream, trace=300000)
	super		5000002e
	constant pool entry 13	5000002e
	constant pool entry 12	5000000f
CLS 50000056 (name=java.lang.Number, trace=300000)
	super		500000ab
	constant pool entry 4	500000ab
CLS 50000010 (name=java.lang.Float, trace=300000)
	super		50000056
	static TYPE	50003297
	constant pool entry 141	5000002c
	constant pool entry 31	500032fb
	constant pool entry 11	50000010
CLS 50000011 (name=sun.reflect.ReflectionFactory, trace=300000)
	super		500000ab
	static reflectionFactoryAccessPerm	500032cc
	static soleInstance	500032c8
	static langReflectAccess	500032cb
	constant pool entry 197	50000042
	constant pool entry 179	5000004a
	constant pool entry 169	5000009d
	constant pool entry 162	500000b7
	constant pool entry 161	5000000d
	constant pool entry 145	50001226
	constant pool entry 137	50000074
	constant pool entry 73	500000ab
	constant pool entry 71	50000011
	constant pool entry 69	500032ca
	constant pool entry 68	50000083
	constant pool entry 64	50000006
	constant pool entry 43	500000bc
	constant pool entry 41	500000e3
	constant pool entry 33	5000009b
	constant pool entry 31	5000002c
	constant pool entry 23	50000021
	constant pool entry 21	50000125
CLS 50000012 (name=java.lang.Shutdown, trace=300000)
	super		500000ab
	static hooks	50003f0c
	static lock	50003f0b
	static haltLock	50003f0a
	constant pool entry 112	50000097
	constant pool entry 29	500000c0
	constant pool entry 28	500000d9
	constant pool entry 26	50000012
CLS 500000dc (name=java.lang.ClassLoader, trace=300000)
	super		500000ab
	static scl	5000328f
	static loadedLibraryNames	500033db
	static systemNativeLibraries	500033da
	static nativeLibraryContext	500033d9
	static usr_paths	500033d8
	static sys_paths	500033d7
	constant pool entry 783	50000097
	constant pool entry 553	5000009d
	constant pool entry 527	50000140
	constant pool entry 518	50000119
	constant pool entry 494	5000001d
	constant pool entry 468	50000050
	constant pool entry 449	5000004b
	constant pool entry 447	50000042
	constant pool entry 438	5000002c
	constant pool entry 409	50000074
	constant pool entry 246	500000ab
	constant pool entry 244	50000130
	constant pool entry 217	50000079
	constant pool entry 211	50000044
	constant pool entry 208	500000c1
	constant pool entry 193	500000b8
	constant pool entry 192	500033d6
	constant pool entry 189	500033d5
	constant pool entry 175	50000036
	constant pool entry 168	50000082
	constant pool entry 150	5000005d
	constant pool entry 140	500000dc
	constant pool entry 137	500000ea
	constant pool entry 123	50000116
	constant pool entry 95	5000010d
	constant pool entry 93	5000010e
	constant pool entry 91	500032b6
	constant pool entry 69	500000b1
	constant pool entry 54	500033d4
	constant pool entry 40	50000146
	constant pool entry 31	50000068
	constant pool entry 16	500000cb
	constant pool entry 13	500000d6
	constant pool entry 11	50000004
	constant pool entry 8	50000033
CLS 50000013 (name=sun.reflect.DelegatingClassLoader, trace=300000)
	super		500000dc
CLS 50000014 (name=java.nio.charset.CodingErrorAction, trace=300000)
	super		500000ab
	static IGNORE	500039be
	static REPLACE	500039bd
	static REPORT	500039bc
	constant pool entry 11	500000ab
	constant pool entry 9	500039bb
	constant pool entry 7	500039ba
	constant pool entry 4	500039b9
	constant pool entry 3	50000014
CLS 50000015 (name=java.lang.AssertionStatusDirectives, trace=300000)
	super		500000ab
CLS 50000016 (name=java.lang.ThreadDeath, trace=300000)
	super		5000012b
CLS 50000055 (name=java.util.AbstractMap, trace=300000)
	super		500000ab
	constant pool entry 44	500000ab
	constant pool entry 43	50000055
CLS 50000017 (name=sun.util.PreHashedMap, trace=300000)
	super		50000055
	constant pool entry 94	50000097
	constant pool entry 23	50000055
	constant pool entry 22	50000017
	constant pool entry 20	50000036
	constant pool entry 10	500000ac
	constant pool entry 7	500000ab
CLS 50000018 (name=sun.misc.JavaLangAccess, trace=300000)
CLS 50000019 (name=java.net.URLStreamHandler, trace=300000)
	super		500000ab
	constant pool entry 118	50000036
	constant pool entry 109	50000050
	constant pool entry 73	500000ab
	constant pool entry 72	50000019
	constant pool entry 64	5000350e
	constant pool entry 61	5000005e
	constant pool entry 43	5000350d
	constant pool entry 41	5000350c
	constant pool entry 39	5000350b
	constant pool entry 36	5000350a
	constant pool entry 34	50003509
	constant pool entry 29	500032b6
	constant pool entry 21	5000004d
CLS 5000001a (name=sun.misc.URLClassPath, trace=300000)
	super		500000ab
	static USER_AGENT_JAVA_VERSION	500039dd
	static JAVA_VERSION	500039de
	constant pool entry 212	50000042
	constant pool entry 201	5000015f
	constant pool entry 174	50000041
	constant pool entry 107	500039dd
	constant pool entry 97	500000ab
	constant pool entry 96	5000001a
	constant pool entry 95	500039dc
	constant pool entry 93	50000036
	constant pool entry 90	500039db
	constant pool entry 89	500000ad
	constant pool entry 55	500001b7
	constant pool entry 52	50000164
	constant pool entry 51	50000166
	constant pool entry 48	50000116
	constant pool entry 23	50000050
	constant pool entry 17	5000357d
	constant pool entry 12	500000cb
	constant pool entry 8	50000130
	constant pool entry 5	5000011e
CLS 5000001b (name=sun.misc.Signal, trace=300000)
	super		500000ab
	static handlers	50004051
	static signals	50004050
	constant pool entry 45	500000ab
	constant pool entry 43	50000033
	constant pool entry 30	500000dd
	constant pool entry 25	50000035
	constant pool entry 15	50000147
	constant pool entry 3	5000001b
CLS 50000052 (name=java.lang.ThreadLocal, trace=300000)
	super		500000ab
	static nextHashCode	500039d3
	constant pool entry 76	5000008e
	constant pool entry 72	50000077
	constant pool entry 25	500000ab
	constant pool entry 24	50000052
	constant pool entry 22	500000d4
	constant pool entry 17	50000136
CLS 5000001c (name=sun.jkernel.DownloadManager$1, trace=300000)
	super		50000052
	constant pool entry 5	50000052
CLS 5000001d (name=sun.misc.VM, trace=300000)
	super		500000ab
	constant pool entry 145	5000005c
	constant pool entry 134	5000006e
	constant pool entry 128	50000058
	constant pool entry 125	50000074
	constant pool entry 54	5000001d
	constant pool entry 18	500033d2
	constant pool entry 11	500033d1
	constant pool entry 9	50000036
	constant pool entry 7	500033d0
CLS 5000001e (name=java.nio.Bits, trace=300000)
	super		500000ab
	static unsafe	500032e4
	static byteOrder	50003598
	constant pool entry 457	5000002c
	constant pool entry 438	5000001d
	constant pool entry 413	50000086
	constant pool entry 407	5000012d
	constant pool entry 129	5000001e
CLS 5000007a (name=java.io.Writer, trace=300000)
	super		500000ab
	constant pool entry 62	50000036
	constant pool entry 20	500000ab
	constant pool entry 19	5000007a
CLS 5000001f (name=java.io.BufferedWriter, trace=300000)
	super		5000007a
	constant pool entry 111	50000097
	constant pool entry 77	50000042
	constant pool entry 33	5000007a
	constant pool entry 32	5000001f
	constant pool entry 15	50000036
	constant pool entry 12	50003ee3
	constant pool entry 11	500000ad
CLS 50000039 (name=java.lang.Exception, trace=300000)
	super		50000001
	constant pool entry 6	50000001
CLS 5000006f (name=java.lang.RuntimeException, trace=300000)
	super		50000039
	constant pool entry 6	50000039
CLS 50000020 (name=java.lang.NullPointerException, trace=300000)
	super		5000006f
CLS 50000102 (name=sun.reflect.MagicAccessorImpl, trace=300000)
	super		500000ab
	constant pool entry 3	500000ab
CLS 50000066 (name=sun.reflect.MethodAccessorImpl, trace=300000)
	super		50000102
	constant pool entry 3	50000102
CLS 50000021 (name=sun.reflect.DelegatingMethodAccessorImpl, trace=300000)
	super		50000066
	constant pool entry 6	50000066
	constant pool entry 5	50000021
CLS 50000022 (name=java.lang.VirtualMachineError, trace=300000)
	super		5000012b
CLS 50000023 (name=java.lang.VirtualMachineError[], trace=300000)
	super		500000ab
CLS 50000024 (name=java.lang.System$2, trace=300000)
	super		500000ab
	constant pool entry 12	500000ab
CLS 50000025 (name=sun.reflect.ConstantPool, trace=300000)
	super		500000ab
CLS 50000026 (name=java.security.PermissionCollection, trace=300000)
	super		500000ab
	constant pool entry 17	500000ab
	constant pool entry 16	50000026
CLS 50000128 (name=java.nio.charset.CoderResult$Cache, trace=300000)
	super		500000ab
	constant pool entry 20	500000ab
	constant pool entry 19	50000128
CLS 50000027 (name=java.nio.charset.CoderResult$2, trace=300000)
	super		50000128
	constant pool entry 5	50000128
CLS 50000028 (name=java.util.List, trace=300000)
CLS 50000029 (name=java.util.concurrent.locks.AbstractOwnableSynchronizer, trace=300000)
	super		500000ab
	constant pool entry 4	500000ab
	constant pool entry 3	50000029
CLS 5000002a (name=sun.misc.Launcher$ExtClassLoader$1, trace=300000)
	super		500000ab
	constant pool entry 25	500000d8
	constant pool entry 7	500000ab
	constant pool entry 6	5000002a
	constant pool entry 4	50000110
CLS 50000077 (name=java.lang.Thread, trace=300000)
	super		500000ab
	static EMPTY_STACK_TRACE	500032bc
	static SUBCLASS_IMPLEMENTATION_PERMISSION	500032bb
	static subclassAudits	500032ba
	constant pool entry 506	50000097
	constant pool entry 343	50000042
	constant pool entry 338	50000036
	constant pool entry 326	5000011c
	constant pool entry 322	50000074
	constant pool entry 140	500000d9
	constant pool entry 138	50000104
	constant pool entry 137	500032b9
	constant pool entry 136	50000095
	constant pool entry 131	500032b8
	constant pool entry 108	500032b7
	constant pool entry 107	50000083
	constant pool entry 103	500032b6
	constant pool entry 102	500032b5
	constant pool entry 100	500032b4
	constant pool entry 98	500032b3
	constant pool entry 94	500032b2
	constant pool entry 51	500032b1
	constant pool entry 49	5000004d
	constant pool entry 44	500000ab
	constant pool entry 42	50000077
	constant pool entry 9	500032b0
	constant pool entry 6	500032af
CLS 5000002b (name=java.lang.ref.Finalizer$FinalizerThread, trace=300000)
	super		50000077
	constant pool entry 21	5000009c
	constant pool entry 9	50000077
	constant pool entry 5	500000f9
	constant pool entry 1	500040c6
CLS 5000002c (name=java.lang.Class, trace=300000)
	super		500000ab
	static serialPersistentFields	500032c9
	static reflectionFactory	500032c8
	constant pool entry 955	50000097
	constant pool entry 614	50000036
	constant pool entry 576	5000009d
	constant pool entry 571	50000042
	constant pool entry 555	50000074
	constant pool entry 552	500000dc
	constant pool entry 274	5000002f
	constant pool entry 228	50000137
	constant pool entry 227	50000011
	constant pool entry 225	5000000c
	constant pool entry 214	50000123
	constant pool entry 192	50000124
	constant pool entry 190	5000000d
	constant pool entry 189	5000000e
	constant pool entry 186	5000004e
	constant pool entry 176	500000c8
	constant pool entry 173	5000004f
	constant pool entry 32	500000f0
	constant pool entry 27	5000002c
CLS 5000002d (name=java.lang.Class[], trace=300000)
	super		500000ab
CLS 5000002f (name=java.io.ObjectStreamField, trace=300000)
	super		500000ab
	constant pool entry 92	50000036
	constant pool entry 90	50000032
	constant pool entry 30	5000002f
	constant pool entry 22	500000ab
CLS 50000030 (name=java.io.ObjectStreamField[], trace=300000)
	super		500000ab
CLS 50000031 (name=java.lang.StringCoding, trace=300000)
	super		500000ab
	static decoder	500040a7
	static encoder	500040a6
	constant pool entry 136	50000036
	constant pool entry 117	50000101
	constant pool entry 114	5000003c
	constant pool entry 109	50000074
	constant pool entry 58	50000031
	constant pool entry 56	50000052
	constant pool entry 50	50000034
	constant pool entry 30	50000a83
	constant pool entry 6	500000c8
CLS 50000032 (name=java.io.ObjectStreamClass, trace=300000)
	super		500000ab
	static NO_FIELDS	500032d9
	static serialPersistentFields	500032d9
	static reflFactory	500032c8
	constant pool entry 943	50000097
	constant pool entry 701	50000044
	constant pool entry 700	50000121
	constant pool entry 699	500000a4
	constant pool entry 698	500000f3
	constant pool entry 697	50000010
	constant pool entry 696	500000d7
	constant pool entry 694	50000035
	constant pool entry 541	5000002c
	constant pool entry 526	50000042
	constant pool entry 290	50000011
	constant pool entry 288	5000000c
	constant pool entry 123	50000036
	constant pool entry 121	5000002f
	constant pool entry 57	50000032
	constant pool entry 33	5000004d
	constant pool entry 29	50000138
CLS 5000013c (name=java.util.Dictionary, trace=300000)
	super		500000ab
	constant pool entry 3	500000ab
CLS 50000033 (name=java.util.Hashtable, trace=300000)
	super		5000013c
	static emptyEnumerator	500033cf
	static emptyIterator	500033ce
	constant pool entry 340	50000097
	constant pool entry 238	500000ab
	constant pool entry 223	50000010
	constant pool entry 92	5000013c
	constant pool entry 90	500000a6
	constant pool entry 88	500000ff
	constant pool entry 50	50000033
	constant pool entry 21	500000fd
CLS 50000034 (name=java.lang.StringCoding$StringEncoder, trace=300000)
	super		500000ab
	constant pool entry 123	50000097
	constant pool entry 73	500000be
	constant pool entry 70	50000131
	constant pool entry 68	5000013d
	constant pool entry 65	50000031
	constant pool entry 57	500000d5
	constant pool entry 55	50000014
	constant pool entry 53	50000101
	constant pool entry 28	500000ab
	constant pool entry 27	50000034
CLS 50000035 (name=java.lang.Integer, trace=300000)
	super		50000056
	static TYPE	50003296
	static digits	500033cc
	static DigitTens	500033cb
	static DigitOnes	500033ca
	static sizeTable	500033c9
	constant pool entry 275	50000097
	constant pool entry 233	5000002c
	constant pool entry 206	50000058
	constant pool entry 203	50000074
	constant pool entry 201	5000001d
	constant pool entry 196	50000121
	constant pool entry 80	500017c2
	constant pool entry 78	50000056
	constant pool entry 69	500033c8
	constant pool entry 42	50000035
	constant pool entry 37	500033c7
	constant pool entry 4	50000036
CLS 50000036 (name=java.lang.String, trace=300000)
	super		500000ab
	static serialPersistentFields	500032c6
	static CASE_INSENSITIVE_ORDER	500032c5
	constant pool entry 451	50000097
	constant pool entry 365	500000f3
	constant pool entry 359	50000035
	constant pool entry 334	500000a7
	constant pool entry 319	500023aa
	constant pool entry 289	50000074
	constant pool entry 273	50000031
	constant pool entry 266	50000121
	constant pool entry 258	500000e5
	constant pool entry 256	5000003c
	constant pool entry 116	500000ab
	constant pool entry 114	50000040
	constant pool entry 112	5000002f
	constant pool entry 106	500032c4
	constant pool entry 105	500032c3
	constant pool entry 101	500032a4
	constant pool entry 85	500032c2
	constant pool entry 84	500032c1
	constant pool entry 83	500032c0
	constant pool entry 41	50000036
	constant pool entry 22	500032bf
	constant pool entry 19	500032be
CLS 50000037 (name=java.lang.String[], trace=300000)
	super		500000ab
CLS 50000038 (name=sun.nio.cs.Surrogate, trace=300000)
	super		500000ab
	constant pool entry 59	5000002c
	constant pool entry 14	50000038
CLS 5000011b (name=java.nio.charset.CharsetDecoder, trace=300000)
	super		500000ab
	static stateNames	500035a2
	constant pool entry 275	50000097
	constant pool entry 225	5000002c
	constant pool entry 189	5000013d
	constant pool entry 186	500000be
	constant pool entry 163	50000101
	constant pool entry 152	50000014
	constant pool entry 83	500000ab
	constant pool entry 82	500035a1
	constant pool entry 81	500035a0
	constant pool entry 80	5000359f
	constant pool entry 79	5000359e
	constant pool entry 78	50000036
	constant pool entry 76	5000011b
	constant pool entry 18	5000359d
	constant pool entry 11	5000359c
CLS 50000106 (name=sun.nio.cs.SingleByteDecoder, trace=300000)
	super		5000011b
	constant pool entry 78	5000002c
	constant pool entry 66	500000be
	constant pool entry 63	50000131
	constant pool entry 55	5000013d
	constant pool entry 52	50000036
	constant pool entry 32	5000011b
	constant pool entry 30	50000106
CLS 5000003a (name=sun.nio.cs.MacRoman$Decoder, trace=300000)
	super		50000106
	static byteToCharTable	500039d1
	constant pool entry 4	50000106
	constant pool entry 1	500039d1
CLS 5000003b (name=com.apple.java.Usage, trace=300000)
	super		500000ab
	static instance	500040eb
	static ROOT_DOMAIN	500040ea
	constant pool entry 94	50000042
	constant pool entry 90	500000a8
	constant pool entry 80	5000313d
	constant pool entry 40	500040ea
	constant pool entry 34	500000ab
	constant pool entry 32	5000003b
	constant pool entry 29	50003139
	constant pool entry 26	5000012f
	constant pool entry 23	500040e9
	constant pool entry 19	500040e8
	constant pool entry 17	5000004d
	constant pool entry 3	5000007e
	constant pool entry 2	50000077
CLS 5000003c (name=java.util.Arrays, trace=300000)
	super		500000ab
	constant pool entry 503	50000097
	constant pool entry 394	50001059
	constant pool entry 392	5000002c
	constant pool entry 355	50000074
	constant pool entry 326	500000e4
	constant pool entry 145	5000003c
	constant pool entry 88	50002184
	constant pool entry 83	500000ab
	constant pool entry 42	500000ac
CLS 5000003d (name=java.lang.ref.Reference$Lock, trace=300000)
	super		500000ab
	constant pool entry 4	500000ab
	constant pool entry 3	5000003d
CLS 5000003e (name=java.util.Map$Entry, trace=300000)
CLS 5000003f (name=java.util.Map$Entry[], trace=300000)
	super		500000ab
CLS 50000040 (name=java.lang.String$CaseInsensitiveComparator, trace=300000)
	super		500000ab
	constant pool entry 10	500000ab
	constant pool entry 9	50000040
CLS 50000041 (name=java.net.URLStreamHandlerFactory, trace=300000)
CLS 50000042 (name=java.security.AccessController, trace=300000)
	super		500000ab
	constant pool entry 40	50000042
	constant pool entry 13	50000135
CLS 50000043 (name=java.lang.StackOverflowError, trace=300000)
	super		50000022
CLS 50000044 (name=java.lang.Boolean, trace=300000)
	super		500000ab
	static TRUE	500032dc
	static FALSE	500032db
	static TYPE	5000329a
	constant pool entry 83	5000002c
	constant pool entry 75	50000074
	constant pool entry 19	500000ab
	constant pool entry 16	500032da
	constant pool entry 9	50000044
CLS 500000d5 (name=java.nio.charset.CharsetEncoder, trace=300000)
	super		500000ab
	static stateNames	500039b8
	constant pool entry 344	50000097
	constant pool entry 278	5000002c
	constant pool entry 222	500000be
	constant pool entry 216	5000013d
	constant pool entry 193	50000101
	constant pool entry 181	50000014
	constant pool entry 109	500000ab
	constant pool entry 108	500035a1
	constant pool entry 107	500035a0
	constant pool entry 106	5000359f
	constant pool entry 105	5000359e
	constant pool entry 104	50000036
	constant pool entry 102	500000d5
	constant pool entry 89	50000131
	constant pool entry 32	50000113
	constant pool entry 27	5000011b
	constant pool entry 12	5000359c
CLS 50000045 (name=sun.nio.cs.SingleByteEncoder, trace=300000)
	super		500000d5
	constant pool entry 112	5000002c
	constant pool entry 100	500000be
	constant pool entry 93	5000013d
	constant pool entry 86	50000131
	constant pool entry 84	50000036
	constant pool entry 75	50000038
	constant pool entry 43	500000d5
	constant pool entry 41	50000045
	constant pool entry 2	50000134
CLS 50000047 (name=java.lang.reflect.AccessibleObject[], trace=300000)
	super		500000ab
CLS 5000006a (name=java.io.InputStream, trace=300000)
	super		500000ab
	constant pool entry 16	500000ab
	constant pool entry 15	5000006a
CLS 500000e6 (name=java.io.FilterInputStream, trace=300000)
	super		5000006a
	constant pool entry 13	5000006a
	constant pool entry 12	500000e6
CLS 50000048 (name=java.io.BufferedInputStream, trace=300000)
	super		500000e6
	static bufUpdater	50003e46
	constant pool entry 122	50000097
	constant pool entry 96	5000006a
	constant pool entry 92	50000081
	constant pool entry 34	500000e6
	constant pool entry 32	50003e45
	constant pool entry 31	50000149
	constant pool entry 30	50000048
CLS 50000049 (name=sun.misc.PostVMInitHook, trace=300000)
	super		500000ab
CLS 5000004a (name=sun.reflect.LangReflectAccess, trace=300000)
CLS 5000004b (name=java.util.Set, trace=300000)
CLS 500000e2 (name=java.security.Permission, trace=300000)
	super		500000ab
	constant pool entry 17	500000ab
	constant pool entry 16	500000e2
CLS 50000059 (name=java.security.BasicPermission, trace=300000)
	super		500000e2
	constant pool entry 68	50000036
	constant pool entry 29	500000e2
	constant pool entry 27	500032d0
	constant pool entry 24	50002d2e
	constant pool entry 20	50000059
	constant pool entry 15	500032cf
	constant pool entry 13	500032ce
CLS 5000004c (name=java.lang.reflect.ReflectPermission, trace=300000)
	super		50000059
	constant pool entry 4	50000059
CLS 50000109 (name=java.lang.AbstractStringBuilder, trace=300000)
	super		500000ab
	static sizeTable	500033c6
	constant pool entry 309	50000097
	constant pool entry 224	50000035
	constant pool entry 191	5000003c
	constant pool entry 96	500000ab
	constant pool entry 95	50000109
	constant pool entry 25	50000036
CLS 5000004d (name=java.lang.StringBuilder, trace=300000)
	super		50000109
	constant pool entry 100	50000109
	constant pool entry 19	5000004d
	constant pool entry 16	50000036
CLS 5000004e (name=java.lang.reflect.Field, trace=300000)
	super		50000046
	constant pool entry 271	50000011
	constant pool entry 247	50000084
	constant pool entry 92	50000046
	constant pool entry 16	5000004e
CLS 5000004f (name=java.lang.reflect.Field[], trace=300000)
	super		500000ab
CLS 50000050 (name=java.net.URL, trace=300000)
	super		500000ab
	static protocolPathProp	500034f9
	static handlers	500034ff
	static streamHandlerLock	500034fe
	constant pool entry 339	5000002c
	constant pool entry 328	50000042
	constant pool entry 223	50000074
	constant pool entry 130	500000ab
	constant pool entry 128	50000033
	constant pool entry 117	500034fd
	constant pool entry 116	500034fc
	constant pool entry 111	50000142
	constant pool entry 110	500034fb
	constant pool entry 109	500034fa
	constant pool entry 108	50000036
	constant pool entry 105	500032b6
	constant pool entry 104	500034f9
	constant pool entry 103	500000ad
	constant pool entry 101	50000019
	constant pool entry 62	50000050
	constant pool entry 47	500032fd
	constant pool entry 42	500034f8
	constant pool entry 25	500000c3
	constant pool entry 13	5000004d
CLS 50000051 (name=java.net.URL[], trace=300000)
	super		500000ab
CLS 50000053 (name=java.util.HashMap$Entry, trace=300000)
	super		500000ab
	constant pool entry 20	500000ab
	constant pool entry 19	50000053
CLS 50000054 (name=java.util.HashMap$Entry[], trace=300000)
	super		500000ab
CLS 50000057 (name=java.lang.ApplicationShutdownHooks$1, trace=300000)
	super		500000ab
	constant pool entry 14	500000a0
	constant pool entry 4	500000ab
CLS 50000058 (name=java.util.Properties, trace=300000)
	super		50000033
	static hexDigit	500033cd
	constant pool entry 250	50000097
	constant pool entry 73	50000058
	constant pool entry 62	50000033
	constant pool entry 16	50000036
	constant pool entry 5	50000f58
CLS 5000005a (name=java.lang.reflect.Member, trace=300000)
CLS 5000005b (name=java.lang.reflect.Member[], trace=300000)
	super		500000ab
CLS 5000005c (name=sun.misc.OSEnvironment, trace=300000)
	super		500000ab
CLS 5000005d (name=java.lang.IllegalArgumentException, trace=300000)
	super		5000006f
CLS 5000005e (name=java.lang.StringBuffer, trace=300000)
	super		50000109
	static serialPersistentFields	5000016a
	constant pool entry 365	50000097
	constant pool entry 322	50000044
	constant pool entry 320	50000035
	constant pool entry 102	50000109
	constant pool entry 97	5000002f
	constant pool entry 71	5000014a
	constant pool entry 66	500034e1
	constant pool entry 64	500034e0
	constant pool entry 62	500032e3
	constant pool entry 24	5000005e
	constant pool entry 23	50000036
CLS 5000005f (name=java.security.PrivilegedAction, trace=300000)
CLS 50000060 (name=java.nio.Buffer, trace=300000)
	super		500000ab
	constant pool entry 19	500000ab
	constant pool entry 18	50000060
CLS 50000061 (name=java.util.Map, trace=300000)
CLS 50000062 (name=java.util.concurrent.ConcurrentHashMap, trace=300000)
	super		50000055
	constant pool entry 193	500000ab
	constant pool entry 72	50000055
	constant pool entry 71	50000062
	constant pool entry 10	5000010a
CLS 50000063 (name=java.util.concurrent.ConcurrentMap, trace=300000)
CLS 50000064 (name=sun.misc.Launcher$Factory, trace=300000)
	super		500000ab
	static PREFIX	500034fb
	constant pool entry 49	5000002c
	constant pool entry 25	500000ab
	constant pool entry 24	50000064
	constant pool entry 23	500034fb
	constant pool entry 12	50000019
	constant pool entry 8	500034fd
	constant pool entry 7	500034fc
	constant pool entry 3	5000004d
CLS 50000065 (name=java.util.Collections$SynchronizedMap, trace=300000)
	super		500000ab
	constant pool entry 31	50000061
	constant pool entry 30	500000ab
	constant pool entry 29	50000065
CLS 50000067 (name=java.lang.ArithmeticException, trace=300000)
	super		5000006f
CLS 50000068 (name=java.lang.ClassNotFoundException, trace=300000)
	super		50000039
	constant pool entry 6	50000039
CLS 50000069 (name=java.lang.ref.FinalReference, trace=300000)
	super		50000007
	constant pool entry 3	50000007
CLS 5000006b (name=sun.nio.cs.StandardCharsets$Aliases, trace=300000)
	super		50000017
	constant pool entry 527	50000097
	constant pool entry 248	50000017
	constant pool entry 247	5000006b
	constant pool entry 246	5000373a
	constant pool entry 245	5000373c
	constant pool entry 244	5000373e
	constant pool entry 243	50003740
	constant pool entry 242	50003742
	constant pool entry 241	50003744
	constant pool entry 240	50003746
	constant pool entry 239	50003748
	constant pool entry 238	5000374a
	constant pool entry 237	5000374c
	constant pool entry 236	5000374e
	constant pool entry 235	50003750
	constant pool entry 234	50003752
	constant pool entry 233	50003754
	constant pool entry 232	50003756
	constant pool entry 231	50003758
	constant pool entry 230	5000375a
	constant pool entry 229	5000375c
	constant pool entry 228	5000375e
	constant pool entry 227	50003762
	constant pool entry 226	50003760
	constant pool entry 225	50003765
	constant pool entry 224	50003767
	constant pool entry 223	50003769
	constant pool entry 222	5000376d
	constant pool entry 221	5000376b
	constant pool entry 220	50003770
	constant pool entry 219	50003772
	constant pool entry 218	50003774
	constant pool entry 217	50003776
	constant pool entry 216	50003778
	constant pool entry 215	5000377a
	constant pool entry 214	5000377c
	constant pool entry 213	5000377e
	constant pool entry 212	50003780
	constant pool entry 211	50003782
	constant pool entry 210	50003784
	constant pool entry 209	50003786
	constant pool entry 208	50003788
	constant pool entry 207	5000378a
	constant pool entry 206	5000378c
	constant pool entry 205	5000378e
	constant pool entry 204	50003790
	constant pool entry 203	50003792
	constant pool entry 202	50003794
	constant pool entry 201	50003796
	constant pool entry 200	50003798
	constant pool entry 199	5000379a
	constant pool entry 198	5000379c
	constant pool entry 197	5000379e
	constant pool entry 196	500037a0
	constant pool entry 195	500037a2
	constant pool entry 194	500037a6
	constant pool entry 193	500037a4
	constant pool entry 192	500037a9
	constant pool entry 191	500037ab
	constant pool entry 190	5000363e
	constant pool entry 189	500037af
	constant pool entry 188	500037ad
	constant pool entry 187	50003646
	constant pool entry 186	500037b2
	constant pool entry 185	5000364a
	constant pool entry 184	500037b4
	constant pool entry 183	5000364e
	constant pool entry 182	500037b6
	constant pool entry 181	500037b8
	constant pool entry 180	5000365b
	constant pool entry 179	500037ba
	constant pool entry 178	500037bc
	constant pool entry 177	500037be
	constant pool entry 176	500037c0
	constant pool entry 175	5000365f
	constant pool entry 174	500037c2
	constant pool entry 173	500037c4
	constant pool entry 172	500037c6
	constant pool entry 171	500037c8
	constant pool entry 170	500035d2
	constant pool entry 169	500037ca
	constant pool entry 168	500037cc
	constant pool entry 167	500037ce
	constant pool entry 166	500037d0
	constant pool entry 165	500037d2
	constant pool entry 164	500037d4
	constant pool entry 163	500037d6
	constant pool entry 162	500037d8
	constant pool entry 161	500037da
	constant pool entry 160	500037dc
	constant pool entry 159	500037de
	constant pool entry 158	500037e0
	constant pool entry 157	500037e2
	constant pool entry 156	500037e4
	constant pool entry 155	500037e6
	constant pool entry 154	500037e8
	constant pool entry 153	500037ea
	constant pool entry 152	500037ec
	constant pool entry 151	500037ee
	constant pool entry 150	500035de
	constant pool entry 149	500037f0
	constant pool entry 148	500037f2
	constant pool entry 147	500037f4
	constant pool entry 146	500037f6
	constant pool entry 145	500037f8
	constant pool entry 144	500037fa
	constant pool entry 143	500037fc
	constant pool entry 142	500037fe
	constant pool entry 141	50003800
	constant pool entry 140	50003802
	constant pool entry 139	50003804
	constant pool entry 138	50003806
	constant pool entry 137	50003808
	constant pool entry 136	5000380a
	constant pool entry 135	5000380c
	constant pool entry 134	5000380e
	constant pool entry 133	50003810
	constant pool entry 132	50003812
	constant pool entry 131	50003814
	constant pool entry 130	50003816
	constant pool entry 129	50003818
	constant pool entry 128	5000381a
	constant pool entry 127	5000381c
	constant pool entry 126	5000360b
	constant pool entry 125	5000381e
	constant pool entry 124	50003820
	constant pool entry 123	50003822
	constant pool entry 122	50003824
	constant pool entry 121	50003828
	constant pool entry 120	50003826
	constant pool entry 119	5000382d
	constant pool entry 118	5000382b
	constant pool entry 117	50003830
	constant pool entry 116	50003832
	constant pool entry 115	50003836
	constant pool entry 114	50003834
	constant pool entry 113	50003839
	constant pool entry 112	5000383f
	constant pool entry 111	5000383d
	constant pool entry 110	5000383b
	constant pool entry 109	50003843
	constant pool entry 108	50003845
	constant pool entry 107	50003849
	constant pool entry 106	50003847
	constant pool entry 105	5000384c
	constant pool entry 104	50003850
	constant pool entry 103	5000384e
	constant pool entry 102	50003853
	constant pool entry 101	50003600
	constant pool entry 100	50003855
	constant pool entry 99	50003857
	constant pool entry 98	50003859
	constant pool entry 97	5000385b
	constant pool entry 96	5000385d
	constant pool entry 95	5000385f
	constant pool entry 94	50003861
	constant pool entry 93	50003863
	constant pool entry 92	50003865
	constant pool entry 91	50003867
	constant pool entry 90	50003869
	constant pool entry 89	5000361d
	constant pool entry 88	5000386b
	constant pool entry 87	5000386d
	constant pool entry 86	50003642
	constant pool entry 85	5000386f
	constant pool entry 84	50003871
	constant pool entry 83	50003651
	constant pool entry 82	50003873
	constant pool entry 81	50003666
	constant pool entry 80	50003875
	constant pool entry 79	50003671
	constant pool entry 78	50003877
	constant pool entry 77	50003879
	constant pool entry 76	5000387b
	constant pool entry 75	50003615
	constant pool entry 74	5000387f
	constant pool entry 73	500035e6
	constant pool entry 72	5000387d
	constant pool entry 71	50003884
	constant pool entry 70	500035ea
	constant pool entry 69	50003882
	constant pool entry 68	500035f7
	constant pool entry 67	50003887
	constant pool entry 66	50003608
	constant pool entry 65	50003889
	constant pool entry 64	5000388d
	constant pool entry 63	50003611
	constant pool entry 62	5000388b
	constant pool entry 61	50003890
	constant pool entry 60	50003657
	constant pool entry 59	50003894
	constant pool entry 58	500035fa
	constant pool entry 57	50003892
	constant pool entry 56	5000363a
	constant pool entry 55	50003897
	constant pool entry 54	500035ed
	constant pool entry 53	50003899
	constant pool entry 52	5000389b
	constant pool entry 51	5000389d
	constant pool entry 50	5000389f
	constant pool entry 49	500038a1
	constant pool entry 48	500038a3
	constant pool entry 47	500035d6
	constant pool entry 46	500038a5
	constant pool entry 45	500035da
	constant pool entry 44	500038a7
	constant pool entry 43	500038a9
	constant pool entry 42	50003669
	constant pool entry 41	500038ab
	constant pool entry 40	5000362e
	constant pool entry 39	500038ad
	constant pool entry 38	500038af
	constant pool entry 37	500038b1
	constant pool entry 36	500038b3
	constant pool entry 35	500038b5
	constant pool entry 34	500038b9
	constant pool entry 33	500038b7
	constant pool entry 32	500038bc
	constant pool entry 31	500038be
	constant pool entry 30	500038c2
	constant pool entry 29	500038c0
	constant pool entry 28	50003663
	constant pool entry 27	500038c5
	constant pool entry 26	500038c7
	constant pool entry 25	500038c9
	constant pool entry 24	50003626
	constant pool entry 23	500038cb
	constant pool entry 22	500038cd
	constant pool entry 21	500038cf
	constant pool entry 20	50003620
	constant pool entry 19	500038d1
	constant pool entry 18	50003604
	constant pool entry 17	500038d3
	constant pool entry 16	500035e2
	constant pool entry 15	500038d5
	constant pool entry 14	500038d7
	constant pool entry 13	50003619
	constant pool entry 12	500038d9
	constant pool entry 11	5000362a
	constant pool entry 10	500038db
	constant pool entry 9	50003632
	constant pool entry 8	500038dd
	constant pool entry 7	50003636
	constant pool entry 6	500038df
	constant pool entry 5	500035f3
	constant pool entry 4	500038e1
	constant pool entry 3	500000ab
CLS 5000006c (name=java.security.Guard, trace=300000)
CLS 5000006d (name=java.util.Comparator, trace=300000)
CLS 5000006e (name=java.lang.Runtime, trace=300000)
	super		500000ab
	static currentRuntime	500033d3
	constant pool entry 153	500000dc
	constant pool entry 121	500000a0
	constant pool entry 111	50000074
	constant pool entry 55	500000ab
	constant pool entry 53	5000006e
	constant pool entry 38	500000b8
	constant pool entry 25	50000036
CLS 50000070 (name=java.lang.ref.ReferenceQueue$Lock, trace=300000)
	super		500000ab
	constant pool entry 4	500000ab
	constant pool entry 3	50000070
CLS 50000071 (name=java.lang.reflect.Type, trace=300000)
CLS 50000072 (name=java.lang.reflect.Type[], trace=300000)
	super		500000ab
CLS 50000073 (name=sun.reflect.MethodAccessor, trace=300000)
CLS 50000074 (name=java.lang.System, trace=300000)
	super		500000ab
	static in	50002d65
	static out	500032e2
	static err	500032e1
	static props	500032e0
	constant pool entry 395	50000097
	constant pool entry 313	5000009d
	constant pool entry 309	5000011c
	constant pool entry 306	50000077
	constant pool entry 301	5000001d
	constant pool entry 299	50000118
	constant pool entry 287	500000d1
	constant pool entry 282	50000035
	constant pool entry 279	50000009
	constant pool entry 269	5000006e
	constant pool entry 265	50003140
	constant pool entry 239	50000123
	constant pool entry 206	5000007f
	constant pool entry 105	50000024
	constant pool entry 94	50000144
	constant pool entry 93	50000120
	constant pool entry 91	50000048
	constant pool entry 87	5000009a
	constant pool entry 84	500000cc
	constant pool entry 82	500032df
	constant pool entry 56	500032b6
	constant pool entry 51	50000036
	constant pool entry 37	500000ab
	constant pool entry 34	50000058
	constant pool entry 33	5000002c
	constant pool entry 32	500032de
	constant pool entry 30	500032dd
	constant pool entry 7	50000074
CLS 50000075 (name=java.lang.CharacterDataLatin1, trace=300000)
	super		500000ab
	static sharpsMap	500033bc
	static A	500033bb
	static A_DATA	500033ba
	constant pool entry 88	50000097
	constant pool entry 77	50000036
	constant pool entry 73	5000002c
	constant pool entry 15	500033ba
	constant pool entry 12	50000075
CLS 500000cb (name=java.util.HashMap, trace=300000)
	super		50000055
	constant pool entry 323	50000097
	constant pool entry 222	500000ab
	constant pool entry 206	50000010
	constant pool entry 82	50000055
	constant pool entry 74	5000145e
	constant pool entry 65	500025b7
	constant pool entry 58	500000cb
	constant pool entry 17	50000053
CLS 500000e0 (name=java.util.LinkedHashMap, trace=300000)
	super		500000cb
	constant pool entry 35	500000cb
	constant pool entry 34	500000e0
	constant pool entry 23	50001461
	constant pool entry 7	500000a3
CLS 50000076 (name=java.io.ExpiringCache$1, trace=300000)
	super		500000e0
	constant pool entry 21	50000139
	constant pool entry 6	500000e0
	constant pool entry 5	50000076
CLS 50000078 (name=java.lang.Thread[], trace=300000)
	super		500000ab
CLS 50000079 (name=java.lang.ClassLoader$NativeLibrary, trace=300000)
	super		500000ab
	constant pool entry 60	50000130
	constant pool entry 48	500000dc
	constant pool entry 17	500000ab
	constant pool entry 16	50000079
CLS 5000007b (name=java.nio.charset.spi.CharsetProvider, trace=300000)
	super		500000ab
	constant pool entry 22	50000074
	constant pool entry 8	500000ab
CLS 5000007c (name=sun.misc.JavaSecurityAccess, trace=300000)
CLS 50000101 (name=java.nio.charset.Charset, trace=300000)
	super		500000ab
	static bugLevel	500032b6
	static standardProvider	500035ac
	static cache1	50002e28
	static cache2	50000280
	static gate	500035ab
	static extendedProviderLock	500035aa
	static defaultCharset	500035a9
	constant pool entry 320	50000097
	constant pool entry 214	5000007b
	constant pool entry 189	50000042
	constant pool entry 184	5000001d
	constant pool entry 90	50000052
	constant pool entry 88	50000145
	constant pool entry 57	500035a8
	constant pool entry 30	50000101
	constant pool entry 22	500000ab
	constant pool entry 15	5000359c
	constant pool entry 12	500032b6
	constant pool entry 11	50000036
	constant pool entry 8	500035a7
	constant pool entry 7	500000ad
CLS 5000007d (name=sun.nio.cs.Unicode, trace=300000)
	super		50000101
	constant pool entry 57	50000101
CLS 5000007e (name=com.apple.java.Usage$1, trace=300000)
	super		500000ab
	constant pool entry 19	5000003b
	constant pool entry 6	500000ab
	constant pool entry 5	5000007e
CLS 5000007f (name=sun.misc.SharedSecrets, trace=300000)
	super		500000ab
	static unsafe	500032e4
	static javaUtilJarAccess	500001a4
	static javaLangAccess	500032e8
	static javaIOFileDescriptorAccess	500032e7
	static javaNetAccess	500032e6
	static javaSecurityProtectionDomainAccess	50002d56
	static javaSecurityAccess	500032e5
	constant pool entry 73	5000012d
	constant pool entry 17	5000007f
CLS 50000080 (name=sun.misc.JavaNetAccess, trace=300000)
CLS 50000081 (name=java.util.concurrent.atomic.AtomicReferenceFieldUpdater, trace=300000)
	super		500000ab
	constant pool entry 7	500000ab
	constant pool entry 1	50000088
CLS 50000082 (name=java.security.CodeSource, trace=300000)
	super		500000ab
	constant pool entry 161	50000050
	constant pool entry 105	500000ab
	constant pool entry 11	50000082
CLS 50000083 (name=java.lang.RuntimePermission, trace=300000)
	super		50000059
	constant pool entry 4	50000059
CLS 50000084 (name=sun.reflect.FieldAccessor, trace=300000)
CLS 50000085 (name=java.security.SecureClassLoader, trace=300000)
	super		500000dc
	static defineClassCondMethod	50003ecc
	constant pool entry 184	50000097
	constant pool entry 127	500000d0
	constant pool entry 104	50000123
	constant pool entry 102	50000044
	constant pool entry 90	50000074
	constant pool entry 56	50000085
	constant pool entry 51	5000013d
	constant pool entry 50	50000036
	constant pool entry 49	50003ecb
	constant pool entry 48	500000dc
	constant pool entry 46	50003eca
	constant pool entry 32	50002cb3
	constant pool entry 18	5000002c
	constant pool entry 12	50000146
	constant pool entry 3	500000cb
CLS 50000086 (name=java.nio.ByteOrder, trace=300000)
	super		500000ab
	static BIG_ENDIAN	50003599
	static LITTLE_ENDIAN	50003598
	constant pool entry 30	5000001e
	constant pool entry 10	500000ab
	constant pool entry 8	50003597
	constant pool entry 5	50003596
	constant pool entry 4	50000086
CLS 5000013d (name=java.nio.ByteBuffer, trace=300000)
	super		50000060
	constant pool entry 163	50000086
	constant pool entry 161	5000001e
	constant pool entry 54	50000060
	constant pool entry 49	5000013d
	constant pool entry 13	50000087
CLS 50000087 (name=java.nio.HeapByteBuffer, trace=300000)
	super		5000013d
	constant pool entry 244	50000097
	constant pool entry 165	50000074
	constant pool entry 71	5000013d
	constant pool entry 2	50000087
CLS 50000088 (name=java.util.concurrent.atomic.AtomicReferenceFieldUpdater$AtomicReferenceFieldUpdaterImpl, trace=300000)
	super		50000081
	static unsafe	500032e4
	constant pool entry 110	5000012d
	constant pool entry 99	500000b7
	constant pool entry 91	500000ca
	constant pool entry 89	5000004e
	constant pool entry 87	5000009d
	constant pool entry 85	5000002c
	constant pool entry 46	50000081
	constant pool entry 45	50000088
	constant pool entry 20	500000ab
CLS 50000089 (name=java.lang.reflect.AnnotatedElement, trace=300000)
CLS 5000008a (name=java.lang.reflect.AnnotatedElement[], trace=300000)
	super		500000ab
CLS 5000008b (name=java.lang.Package, trace=300000)
	super		500000ab
CLS 5000008c (name=java.lang.Package[], trace=300000)
	super		500000ab
CLS 5000008d (name=sun.nio.cs.StandardCharsets$Cache, trace=300000)
	super		50000017
	constant pool entry 119	50000097
	constant pool entry 44	50000017
	constant pool entry 43	5000008d
	constant pool entry 42	500035d2
	constant pool entry 41	500035d6
	constant pool entry 40	500035da
	constant pool entry 39	500035de
	constant pool entry 38	500035e2
	constant pool entry 37	500035e6
	constant pool entry 36	500035ed
	constant pool entry 35	500035ea
	constant pool entry 34	500035f3
	constant pool entry 33	500035fa
	constant pool entry 32	500035f7
	constant pool entry 31	50003600
	constant pool entry 30	50003604
	constant pool entry 29	5000360b
	constant pool entry 28	50003608
	constant pool entry 27	50003611
	constant pool entry 26	50003615
	constant pool entry 25	50003619
	constant pool entry 24	50003620
	constant pool entry 23	5000361d
	constant pool entry 22	50003626
	constant pool entry 21	5000362a
	constant pool entry 20	5000362e
	constant pool entry 19	50003632
	constant pool entry 18	50003636
	constant pool entry 17	5000363a
	constant pool entry 16	5000363e
	constant pool entry 15	50003642
	constant pool entry 14	50003646
	constant pool entry 13	5000364a
	constant pool entry 12	50003651
	constant pool entry 11	5000364e
	constant pool entry 10	50003657
	constant pool entry 9	5000365b
	constant pool entry 8	5000365f
	constant pool entry 7	50003669
	constant pool entry 6	50003666
	constant pool entry 5	50003663
	constant pool entry 4	50003671
	constant pool entry 3	500000ab
CLS 50000113 (name=java.lang.ref.WeakReference, trace=300000)
	super		50000007
	constant pool entry 4	50000007
CLS 5000008e (name=java.lang.ThreadLocal$ThreadLocalMap$Entry, trace=300000)
	super		50000113
	constant pool entry 4	50000113
	constant pool entry 3	5000008e
CLS 5000008f (name=java.lang.ThreadLocal$ThreadLocalMap$Entry[], trace=300000)
	super		500000ab
CLS 50000090 (name=sun.nio.cs.HistoricallyNamedCharset, trace=300000)
CLS 50000091 (name=java.lang.ref.PhantomReference, trace=300000)
	super		50000007
CLS 50000092 (name=java.lang.Comparable, trace=300000)
CLS 50000093 (name=java.lang.Comparable[], trace=300000)
	super		500000ab
CLS 50000094 (name=java.net.URLClassLoader$7, trace=300000)
	super		500000ab
	constant pool entry 4	500000ab
CLS 50000095 (name=java.lang.StackTraceElement, trace=300000)
	super		500000ab
CLS 50000096 (name=java.lang.StackTraceElement[], trace=300000)
	super		500000ab
CLS 50000097 (name=com.sun.demo.jvmti.hprof.Tracker, trace=300000)
	super		500000ab
	constant pool entry 33	50000077
	constant pool entry 8	50000097
CLS 50000098 (name=java.lang.reflect.GenericDeclaration, trace=300000)
CLS 50000099 (name=java.lang.reflect.GenericDeclaration[], trace=300000)
	super		500000ab
CLS 5000009a (name=java.io.FileOutputStream, trace=300000)
	super		5000002e
	static runningFinalize	50003f27
	constant pool entry 105	50000074
	constant pool entry 46	5000002e
	constant pool entry 45	5000009a
	constant pool entry 42	50000052
	constant pool entry 20	500000d1
	constant pool entry 11	500000ab
CLS 5000009b (name=sun.reflect.ConstructorAccessorImpl, trace=300000)
	super		50000102
	constant pool entry 3	50000102
CLS 5000009c (name=java.lang.ref.ReferenceQueue, trace=300000)
	super		500000ab
	static NULL	500039c6
	static ENQUEUED	500039c5
	constant pool entry 23	500000ab
	constant pool entry 22	5000009c
	constant pool entry 20	5000012e
	constant pool entry 2	50000070
CLS 5000009d (name=sun.reflect.Reflection, trace=300000)
	super		500000ab
	static fieldFilterMap	50003b60
	constant pool entry 109	5000011a
	constant pool entry 103	50000061
	constant pool entry 96	50000036
	constant pool entry 81	5000002c
	constant pool entry 73	500000b7
	constant pool entry 41	5000009d
	constant pool entry 38	500000cb
CLS 5000009e (name=sun.misc.AtomicLong, trace=300000)
	super		500000ab
CLS 500000a0 (name=java.lang.ApplicationShutdownHooks, trace=300000)
	super		500000ab
	constant pool entry 75	50000012
	constant pool entry 65	50000003
	constant pool entry 63	500000b2
	constant pool entry 28	50000127
	constant pool entry 25	50000057
	constant pool entry 21	50000077
	constant pool entry 16	500000a0
	constant pool entry 4	50003f09
	constant pool entry 3	5000313b
CLS 500000a1 (name=java.lang.OutOfMemoryError, trace=300000)
	super		50000022
CLS 500000a2 (name=java.lang.OutOfMemoryError[], trace=300000)
	super		500000ab
CLS 500000a3 (name=java.util.LinkedHashMap$Entry, trace=300000)
	super		50000053
	constant pool entry 11	50000053
	constant pool entry 10	500000a3
	constant pool entry 5	500000e0
CLS 500000a4 (name=java.lang.Short, trace=300000)
	super		50000056
	static TYPE	5000329d
	constant pool entry 136	5000002c
	constant pool entry 35	5000409a
	constant pool entry 13	500000a4
CLS 50000131 (name=java.nio.CharBuffer, trace=300000)
	super		50000060
	constant pool entry 53	50000060
	constant pool entry 41	50000131
	constant pool entry 7	500000a5
CLS 500000a5 (name=java.nio.HeapCharBuffer, trace=300000)
	super		50000131
	constant pool entry 131	50000097
	constant pool entry 38	50000131
CLS 500000a6 (name=java.util.Hashtable$EmptyIterator, trace=300000)
	super		500000ab
	constant pool entry 8	500000ab
CLS 500000a7 (name=java.util.Locale, trace=300000)
	super		500000ab
	static cache	5000333e
	static ENGLISH	5000333d
	static FRENCH	5000333c
	static GERMAN	5000333b
	static ITALIAN	5000333a
	static JAPANESE	50003339
	static KOREAN	50003338
	static CHINESE	50003337
	static SIMPLIFIED_CHINESE	50003331
	static TRADITIONAL_CHINESE	50003330
	static FRANCE	50003336
	static GERMANY	50003335
	static ITALY	50003334
	static JAPAN	50003333
	static KOREA	50003332
	static CHINA	50003331
	static PRC	50003331
	static TAIWAN	50003330
	static UK	5000332f
	static US	5000332e
	static CANADA	5000332d
	static CANADA_FRENCH	5000332c
	static ROOT	5000332b
	static defaultLocale	5000332a
	constant pool entry 529	50000097
	constant pool entry 397	50000121
	constant pool entry 321	50000042
	constant pool entry 178	50003329
	constant pool entry 176	50003328
	constant pool entry 174	50003327
	constant pool entry 173	50003326
	constant pool entry 171	50003325
	constant pool entry 170	50003324
	constant pool entry 168	50003323
	constant pool entry 167	50003322
	constant pool entry 162	50003321
	constant pool entry 161	50003320
	constant pool entry 159	5000331f
	constant pool entry 158	5000331e
	constant pool entry 156	5000331d
	constant pool entry 155	5000331c
	constant pool entry 153	5000331b
	constant pool entry 152	5000331a
	constant pool entry 150	50003319
	constant pool entry 149	50003318
	constant pool entry 147	50003317
	constant pool entry 146	50003316
	constant pool entry 144	50003315
	constant pool entry 143	50003314
	constant pool entry 141	50003313
	constant pool entry 140	50003312
	constant pool entry 138	50003311
	constant pool entry 137	50003310
	constant pool entry 135	5000330f
	constant pool entry 134	5000330e
	constant pool entry 132	5000330d
	constant pool entry 131	5000330c
	constant pool entry 129	5000330b
	constant pool entry 128	5000330a
	constant pool entry 126	50003309
	constant pool entry 125	50003308
	constant pool entry 122	50003307
	constant pool entry 120	50000062
	constant pool entry 118	50003306
	constant pool entry 116	50003305
	constant pool entry 114	50003304
	constant pool entry 76	500000ab
	constant pool entry 38	50003303
	constant pool entry 37	50003302
	constant pool entry 32	50003301
	constant pool entry 31	50000036
	constant pool entry 28	50003300
	constant pool entry 27	500032ff
	constant pool entry 26	500000ad
	constant pool entry 18	5000004d
	constant pool entry 12	500000a7
	constant pool entry 10	500032b6
CLS 500000a8 (name=com.apple.java.AppleSystemLog, trace=300000)
	super		500000ab
	constant pool entry 40	50000074
	constant pool entry 20	500000a8
	constant pool entry 15	50003e95
CLS 500000a9 (name=java.util.BitSet, trace=300000)
	super		500000ab
	static serialPersistentFields	50003426
	constant pool entry 263	50000097
	constant pool entry 214	5000002c
	constant pool entry 71	500000ab
	constant pool entry 68	5000002f
	constant pool entry 56	50003425
	constant pool entry 51	5000014d
	constant pool entry 39	500000a9
CLS 500000f1 (name=java.util.AbstractSet, trace=300000)
	super		5000013b
	constant pool entry 18	5000013b
CLS 500000aa (name=java.util.Collections$EmptySet, trace=300000)
	super		500000f1
	constant pool entry 7	500000f1
	constant pool entry 6	500000aa
CLS 500000ac (name=java.lang.Object[], trace=300000)
	super		500000ab
CLS 500000ad (name=sun.security.action.GetPropertyAction, trace=300000)
	super		500000ab
	constant pool entry 27	50000074
	constant pool entry 7	500000ab
	constant pool entry 6	500000ad
CLS 500000af (name=java.lang.Terminator$1, trace=300000)
	super		500000ab
	constant pool entry 5	500000ab
CLS 500000b0 (name=sun.misc.AtomicLongCSImpl, trace=300000)
	super		5000009e
CLS 500000b1 (name=java.lang.ClassFormatError, trace=300000)
	super		5000009f
CLS 500000b2 (name=java.util.Collection, trace=300000)
CLS 500000b3 (name=sun.net.www.protocol.jar.Handler, trace=300000)
	super		50000019
	static separator	5000357f
	constant pool entry 47	5000357f
	constant pool entry 43	50000019
CLS 500000b4 (name=java.security.PrivilegedExceptionAction, trace=300000)
CLS 500000b5 (name=java.security.AccessControlContext$1, trace=300000)
	super		500000ab
	constant pool entry 12	500000ab
CLS 500000b6 (name=java.lang.reflect.ReflectAccess, trace=300000)
	super		500000ab
	constant pool entry 20	500000ab
	constant pool entry 6	5000000d
	constant pool entry 4	50000123
	constant pool entry 2	5000004e
CLS 500000b7 (name=java.lang.reflect.Modifier, trace=300000)
	super		500000ab
	constant pool entry 110	50000042
	constant pool entry 25	500000b6
	constant pool entry 24	50000011
	constant pool entry 21	5000000c
CLS 500000b8 (name=java.io.File, trace=300000)
	super		500000ab
	static fs	5000342d
	static separator	5000342c
	static pathSeparator	5000342b
	constant pool entry 409	5000002c
	constant pool entry 332	50000074
	constant pool entry 276	50000108
	constant pool entry 148	500000ab
	constant pool entry 86	50000036
	constant pool entry 51	5000004d
	constant pool entry 42	500000b8
	constant pool entry 8	500032b6
CLS 500000b9 (name=java.io.File[], trace=300000)
	super		500000ab
CLS 500000c4 (name=java.net.URLClassLoader, trace=300000)
	super		50000085
	static defineClassNoVerifyMethod	50003ec6
	constant pool entry 430	50000097
	constant pool entry 301	5000007f
	constant pool entry 293	50000026
	constant pool entry 272	500000b8
	constant pool entry 270	500000e2
	constant pool entry 266	50002cdf
	constant pool entry 227	50000123
	constant pool entry 199	50002c9f
	constant pool entry 183	50000042
	constant pool entry 176	50000074
	constant pool entry 122	5000013d
	constant pool entry 121	50000036
	constant pool entry 120	50003ec5
	constant pool entry 119	50000085
	constant pool entry 116	50000094
	constant pool entry 113	500000c4
	constant pool entry 92	50003516
	constant pool entry 91	5000341c
	constant pool entry 87	50002cf4
	constant pool entry 77	50000050
	constant pool entry 44	50000082
	constant pool entry 29	5000004d
	constant pool entry 20	50000068
	constant pool entry 18	500001b7
	constant pool entry 17	5000002c
	constant pool entry 14	5000015b
	constant pool entry 6	5000001a
CLS 500000ba (name=sun.misc.Launcher$AppClassLoader, trace=300000)
	super		500000c4
	constant pool entry 116	5000002c
	constant pool entry 96	50000026
	constant pool entry 85	50000036
	constant pool entry 83	50000119
	constant pool entry 77	50000042
	constant pool entry 69	50000074
	constant pool entry 41	500000c4
	constant pool entry 39	50000140
	constant pool entry 19	500032ce
	constant pool entry 18	50000083
	constant pool entry 8	500000ba
	constant pool entry 5	50000126
	constant pool entry 1	50003ec4
CLS 500000bb (name=java.io.Flushable, trace=300000)
CLS 500000bc (name=sun.reflect.DelegatingConstructorAccessorImpl, trace=300000)
	super		5000009b
	constant pool entry 6	5000009b
	constant pool entry 5	500000bc
CLS 500000bd (name=java.lang.ClassCastException, trace=300000)
	super		5000006f
CLS 500000be (name=java.nio.charset.CoderResult, trace=300000)
	super		500000ab
	static names	50003591
	static UNDERFLOW	50003590
	static OVERFLOW	5000358f
	static malformedCache	5000358e
	static unmappableCache	5000358d
	constant pool entry 140	50000097
	constant pool entry 119	5000002c
	constant pool entry 43	500000ab
	constant pool entry 41	50000027
	constant pool entry 39	500000e7
	constant pool entry 36	5000358c
	constant pool entry 35	5000358b
	constant pool entry 34	5000358a
	constant pool entry 33	50003589
	constant pool entry 32	50000036
	constant pool entry 30	500000be
CLS 500000bf (name=java.lang.Void, trace=300000)
	super		500000ab
CLS 500000c0 (name=java.lang.Shutdown$Lock, trace=300000)
	super		500000ab
	constant pool entry 4	500000ab
	constant pool entry 3	500000c0
CLS 500000c1 (name=java.lang.ClassLoader$3, trace=300000)
	super		500000ab
	constant pool entry 25	500000b8
	constant pool entry 7	500000ab
	constant pool entry 6	500000c1
	constant pool entry 3	50000044
CLS 500000c2 (name=java.util.concurrent.locks.AbstractQueuedSynchronizer$Node, trace=300000)
	super		500000ab
CLS 500000c3 (name=java.net.Parts, trace=300000)
	super		500000ab
	constant pool entry 26	50000036
	constant pool entry 10	500000ab
	constant pool entry 9	500000c3
CLS 500000c5 (name=java.util.concurrent.locks.Lock, trace=300000)
CLS 500000c6 (name=java.util.concurrent.locks.Lock[], trace=300000)
	super		500000ab
CLS 500000c7 (name=sun.jkernel.DownloadManager$2, trace=300000)
	super		500000ab
	constant pool entry 65	50000036
	constant pool entry 63	50000074
	constant pool entry 54	50000119
	constant pool entry 43	500000ab
	constant pool entry 30	500000b8
	constant pool entry 8	50003e99
	constant pool entry 7	500032c4
	constant pool entry 5	50003ea5
CLS 500000c8 (name=java.lang.ref.SoftReference, trace=300000)
	super		50000007
	constant pool entry 7	50000007
	constant pool entry 6	500000c8
CLS 500000c9 (name=java.io.Closeable, trace=300000)
CLS 500000ca (name=sun.reflect.misc.ReflectUtil, trace=300000)
	super		500000ab
	constant pool entry 60	50000074
	constant pool entry 54	5000009d
	constant pool entry 52	500000b7
	constant pool entry 48	5000002c
	constant pool entry 22	500000ca
CLS 500000cc (name=java.io.FileInputStream, trace=300000)
	super		5000006a
	static runningFinalize	500039e4
	constant pool entry 99	50000074
	constant pool entry 42	5000006a
	constant pool entry 41	500000cc
	constant pool entry 38	50000052
	constant pool entry 19	500000d1
	constant pool entry 10	500000ab
	constant pool entry 5	500000b8
CLS 500000cd (name=java.util.concurrent.locks.AbstractQueuedSynchronizer, trace=300000)
	super		50000029
	static unsafe	500032e4
	constant pool entry 319	5000002c
	constant pool entry 231	5000012d
	constant pool entry 109	50000029
	constant pool entry 105	50003356
	constant pool entry 104	50003355
	constant pool entry 103	50003354
	constant pool entry 102	50003353
	constant pool entry 99	50003352
	constant pool entry 98	500000cd
	constant pool entry 8	500000c2
CLS 500000ce (name=sun.nio.cs.StreamEncoder, trace=300000)
	super		5000007a
	constant pool entry 216	5000002c
	constant pool entry 202	500000be
	constant pool entry 195	50000131
	constant pool entry 192	5000002e
	constant pool entry 179	5000013d
	constant pool entry 168	500000d5
	constant pool entry 166	50000014
	constant pool entry 141	50000101
	constant pool entry 78	5000007a
	constant pool entry 8	500000ce
CLS 500000e1 (name=sun.reflect.FieldAccessorImpl, trace=300000)
	super		50000102
	constant pool entry 3	50000102
CLS 500000cf (name=sun.reflect.UnsafeFieldAccessorImpl, trace=300000)
	super		500000e1
	static unsafe	500032e4
	constant pool entry 117	500000b7
	constant pool entry 115	5000004e
	constant pool entry 112	5000012d
	constant pool entry 63	500000e1
	constant pool entry 62	500000cf
CLS 500000d0 (name=sun.security.util.Debug, trace=300000)
	super		500000ab
	static hexDigits	5000353e
	constant pool entry 200	50000042
	constant pool entry 90	5000353d
	constant pool entry 84	5000353c
	constant pool entry 83	50000036
	constant pool entry 80	5000353b
	constant pool entry 79	500000ad
	constant pool entry 30	500000d0
CLS 500000d1 (name=java.io.FileDescriptor, trace=300000)
	super		500000ab
	static in	500039e7
	static out	500039e6
	static err	500039e5
	constant pool entry 62	5000007f
	constant pool entry 17	500000ab
	constant pool entry 14	5000012a
	constant pool entry 8	500000d1
	constant pool entry 3	500000d4
CLS 500000d3 (name=java.lang.ref.Reference$ReferenceHandler, trace=300000)
	super		50000077
	constant pool entry 29	500000ab
	constant pool entry 24	50000007
	constant pool entry 14	50000077
CLS 500000d4 (name=java.util.concurrent.atomic.AtomicInteger, trace=300000)
	super		50000056
	static unsafe	500032e4
	constant pool entry 75	5000002c
	constant pool entry 66	5000012d
	constant pool entry 18	50000056
	constant pool entry 12	500032e3
	constant pool entry 11	500000d4
CLS 500000d6 (name=java.util.HashSet, trace=300000)
	super		500000f1
	static PRESENT	500033f2
	constant pool entry 43	500000f1
	constant pool entry 41	500000ab
	constant pool entry 23	500000d6
	constant pool entry 2	500000cb
CLS 500000d7 (name=java.lang.Byte, trace=300000)
	super		50000056
	static TYPE	50003299
	constant pool entry 133	5000002c
	constant pool entry 37	50000056
	constant pool entry 34	50003ce1
	constant pool entry 14	500000d7
CLS 500000d8 (name=sun.misc.MetaIndex, trace=300000)
	super		500000ab
	static jarMap	5000018c
	constant pool entry 114	5000002c
	constant pool entry 75	50000061
	constant pool entry 39	500000cb
	constant pool entry 5	500039d7
	constant pool entry 4	500000b8
	constant pool entry 3	500000d8
CLS 500000d9 (name=java.lang.Runnable, trace=300000)
CLS 500000da (name=java.lang.Runnable[], trace=300000)
	super		500000ab
CLS 500000db (name=java.io.OutputStreamWriter, trace=300000)
	super		5000007a
	constant pool entry 51	500000ce
	constant pool entry 23	5000007a
	constant pool entry 22	500000db
CLS 500000dd (name=sun.misc.SignalHandler, trace=300000)
	static SIG_DFL	5000404c
	static SIG_IGN	5000404b
	constant pool entry 5	500000dd
	constant pool entry 1	50000147
CLS 500000de (name=sun.nio.cs.MacRoman$Encoder, trace=300000)
	super		50000045
	static index2	500039ce
	static index1	500039cf
	constant pool entry 33	50000097
	constant pool entry 6	50000045
	constant pool entry 5	500000de
	constant pool entry 2	500039ce
CLS 500000df (name=sun.nio.cs.MacRoman, trace=300000)
	super		50000101
	constant pool entry 30	50000145
	constant pool entry 10	50000101
	constant pool entry 8	500000de
	constant pool entry 6	5000003a
	constant pool entry 1	50003664
CLS 500000e3 (name=sun.reflect.NativeConstructorAccessorImpl, trace=300000)
	super		5000009b
	constant pool entry 42	50000011
	constant pool entry 16	500000e3
	constant pool entry 12	5000009b
CLS 500000e4 (name=java.lang.Math, trace=300000)
	super		500000ab
	constant pool entry 161	5000123e
	constant pool entry 158	500000f3
	constant pool entry 155	50000010
	constant pool entry 133	5000123d
	constant pool entry 59	500000e4
CLS 500000e5 (name=java.lang.StringValue, trace=300000)
	super		500000ab
	constant pool entry 14	5000003c
CLS 500000e7 (name=java.nio.charset.CoderResult$1, trace=300000)
	super		50000128
	constant pool entry 5	50000128
CLS 500000e8 (name=java.lang.Thread$UncaughtExceptionHandler, trace=300000)
CLS 500000e9 (name=java.lang.Thread$UncaughtExceptionHandler[], trace=300000)
	super		500000ab
CLS 500000ea (name=java.lang.SystemClassLoaderAction, trace=300000)
	super		500000ab
	constant pool entry 61	50000097
	constant pool entry 33	50000074
	constant pool entry 13	500000ea
	constant pool entry 6	50003f06
	constant pool entry 5	500000ab
	constant pool entry 4	500000dc
	constant pool entry 3	5000002c
CLS 500000eb (name=java.lang.Compiler, trace=300000)
	super		500000ab
	constant pool entry 35	50000042
	constant pool entry 7	500000eb
	constant pool entry 4	50000132
CLS 500000ec (name=java.util.concurrent.locks.ReentrantLock$Sync, trace=300000)
	super		500000cd
	constant pool entry 51	50000077
	constant pool entry 18	500000cd
	constant pool entry 17	500000ec
CLS 500000ed (name=java.util.concurrent.locks.ReentrantLock, trace=300000)
	super		500000ab
	constant pool entry 47	500000ec
	constant pool entry 41	500000ab
	constant pool entry 40	500000ed
	constant pool entry 2	50000100
CLS 500000ee (name=java.util.concurrent.locks.ReentrantLock[], trace=300000)
	super		500000ab
CLS 500000ef (name=java.lang.Appendable, trace=300000)
CLS 500000f0 (name=java.lang.Class$1, trace=300000)
	super		500000ab
	constant pool entry 26	5000000d
	constant pool entry 6	500000ab
	constant pool entry 5	500000f0
CLS 500000f2 (name=java.util.Collections$EmptyMap, trace=300000)
	super		50000055
	constant pool entry 8	50000055
	constant pool entry 7	500000f2
CLS 500000f3 (name=java.lang.Double, trace=300000)
	super		50000056
	static TYPE	50003298
	constant pool entry 195	5000002c
	constant pool entry 63	500032c7
	constant pool entry 41	500000f3
	constant pool entry 1	50000f1b
CLS 500000f4 (name=java.util.concurrent.ConcurrentHashMap$HashEntry, trace=300000)
	super		500000ab
	constant pool entry 43	50000097
	constant pool entry 7	500000ab
	constant pool entry 6	500000f4
CLS 500000f5 (name=java.util.concurrent.ConcurrentHashMap$HashEntry[], trace=300000)
	super		500000ab
CLS 500000f6 (name=sun.net.www.protocol.file.Handler, trace=300000)
	super		50000019
	constant pool entry 70	5000013a
	constant pool entry 60	50000036
	constant pool entry 37	50000019
	constant pool entry 36	500000f6
	constant pool entry 33	50002ce1
	constant pool entry 17	50000050
	constant pool entry 12	500000b8
	constant pool entry 10	50003419
	constant pool entry 3	500032b6
CLS 500000f7 (name=sun.nio.cs.StandardCharsets$Classes, trace=300000)
	super		50000017
	constant pool entry 197	50000097
	constant pool entry 83	50000017
	constant pool entry 82	500000f7
	constant pool entry 81	500035d3
	constant pool entry 80	500035d2
	constant pool entry 79	500035d7
	constant pool entry 78	500035d6
	constant pool entry 77	500035db
	constant pool entry 76	500035da
	constant pool entry 75	500035df
	constant pool entry 74	500035de
	constant pool entry 73	500035e3
	constant pool entry 72	500035e2
	constant pool entry 71	500035e7
	constant pool entry 70	500035e6
	constant pool entry 69	500035ee
	constant pool entry 68	500035ed
	constant pool entry 67	500035eb
	constant pool entry 66	500035ea
	constant pool entry 65	500035f4
	constant pool entry 64	500035f3
	constant pool entry 63	500035fb
	constant pool entry 62	500035fa
	constant pool entry 61	500035f8
	constant pool entry 60	500035f7
	constant pool entry 59	50003601
	constant pool entry 58	50003600
	constant pool entry 57	50003605
	constant pool entry 56	50003604
	constant pool entry 55	5000360c
	constant pool entry 54	5000360b
	constant pool entry 53	50003609
	constant pool entry 52	50003608
	constant pool entry 51	50003612
	constant pool entry 50	50003611
	constant pool entry 49	50003616
	constant pool entry 48	50003615
	constant pool entry 47	5000361a
	constant pool entry 46	50003619
	constant pool entry 45	50003621
	constant pool entry 44	50003620
	constant pool entry 43	5000361e
	constant pool entry 42	5000361d
	constant pool entry 41	50003627
	constant pool entry 40	50003626
	constant pool entry 39	5000362b
	constant pool entry 38	5000362a
	constant pool entry 37	5000362f
	constant pool entry 36	5000362e
	constant pool entry 35	50003633
	constant pool entry 34	50003632
	constant pool entry 33	50003637
	constant pool entry 32	50003636
	constant pool entry 31	5000363b
	constant pool entry 30	5000363a
	constant pool entry 29	5000363f
	constant pool entry 28	5000363e
	constant pool entry 27	50003643
	constant pool entry 26	50003642
	constant pool entry 25	50003647
	constant pool entry 24	50003646
	constant pool entry 23	5000364b
	constant pool entry 22	5000364a
	constant pool entry 21	50003652
	constant pool entry 20	50003651
	constant pool entry 19	5000364f
	constant pool entry 18	5000364e
	constant pool entry 17	50003658
	constant pool entry 16	50003657
	constant pool entry 15	5000365c
	constant pool entry 14	5000365b
	constant pool entry 13	50003660
	constant pool entry 12	5000365f
	constant pool entry 11	5000366a
	constant pool entry 10	50003669
	constant pool entry 9	50003667
	constant pool entry 8	50003666
	constant pool entry 7	50003664
	constant pool entry 6	50003663
	constant pool entry 5	50003672
	constant pool entry 4	50003671
	constant pool entry 3	500000ab
CLS 500000f8 (name=java.lang.Readable, trace=300000)
CLS 500000f9 (name=java.lang.ref.Finalizer, trace=300000)
	super		50000069
	static queue	500032ae
	static unfinalized	50002f60
	static lock	500040c7
	constant pool entry 111	5000011c
	constant pool entry 108	50000077
	constant pool entry 38	50000069
	constant pool entry 33	5000002b
	constant pool entry 28	500000ab
	constant pool entry 26	5000009c
	constant pool entry 9	500000f9
CLS 500000fa (name=java.lang.Cloneable, trace=300000)
CLS 500000fb (name=java.io.Serializable, trace=300000)
CLS 500000fc (name=java.io.Serializable[], trace=300000)
	super		500000ab
CLS 500000fd (name=java.util.Hashtable$Entry, trace=300000)
	super		500000ab
	constant pool entry 22	500000ab
	constant pool entry 6	500000fd
CLS 500000fe (name=java.util.Hashtable$Entry[], trace=300000)
	super		500000ab
CLS 500000ff (name=java.util.Hashtable$EmptyEnumerator, trace=300000)
	super		500000ab
	constant pool entry 6	500000ab
CLS 50000100 (name=java.util.concurrent.locks.ReentrantLock$NonfairSync, trace=300000)
	super		500000ec
	constant pool entry 25	50000077
	constant pool entry 8	500000ec
	constant pool entry 7	50000100
CLS 50000108 (name=java.io.FileSystem, trace=300000)
	super		500000ab
	constant pool entry 89	50000074
	constant pool entry 11	500000ab
	constant pool entry 10	50000108
	constant pool entry 9	500034dc
	constant pool entry 7	500034db
CLS 50000103 (name=java.io.UnixFileSystem, trace=300000)
	super		50000108
	constant pool entry 204	5000002c
	constant pool entry 175	50000074
	constant pool entry 147	50000042
	constant pool entry 70	50000108
	constant pool entry 67	50000103
	constant pool entry 48	500000b8
	constant pool entry 37	500034da
	constant pool entry 28	5000004d
	constant pool entry 26	500032b6
	constant pool entry 18	5000005e
	constant pool entry 17	500032fd
	constant pool entry 15	500032ed
	constant pool entry 13	500034d9
	constant pool entry 10	50000036
	constant pool entry 7	500034d8
	constant pool entry 6	500000ad
	constant pool entry 2	50000139
CLS 50000104 (name=sun.misc.SoftCache, trace=300000)
	super		50000055
	constant pool entry 32	50000055
	constant pool entry 31	50000104
	constant pool entry 15	500000cb
	constant pool entry 12	5000009c
CLS 50000105 (name=java.lang.Iterable, trace=300000)
CLS 50000107 (name=sun.nio.cs.FastCharsetProvider, trace=300000)
	super		5000007b
	constant pool entry 132	50000097
	constant pool entry 90	5000002c
	constant pool entry 88	500000ab
	constant pool entry 71	50000061
	constant pool entry 35	5000007b
	constant pool entry 34	50000107
	constant pool entry 23	500034fc
	constant pool entry 20	5000004d
	constant pool entry 17	50001c1c
	constant pool entry 15	50003605
	constant pool entry 14	50000101
	constant pool entry 8	50000036
CLS 5000010a (name=java.util.concurrent.ConcurrentHashMap$Segment, trace=300000)
	super		500000ed
	constant pool entry 121	50000097
	constant pool entry 97	500000ab
	constant pool entry 23	500000ed
	constant pool entry 20	500000f4
	constant pool entry 5	5000010a
CLS 5000010b (name=java.util.concurrent.ConcurrentHashMap$Segment[], trace=300000)
	super		500000ab
CLS 5000010c (name=java.lang.ArrayStoreException, trace=300000)
	super		5000006f
CLS 5000010d (name=java.security.cert.Certificate, trace=300000)
	super		500000ab
	constant pool entry 19	500000ab
	constant pool entry 3	5000010d
CLS 5000010e (name=java.security.cert.Certificate[], trace=300000)
	super		500000ab
CLS 5000010f (name=java.util.RandomAccess, trace=300000)
CLS 50000110 (name=sun.misc.Launcher$ExtClassLoader, trace=300000)
	super		500000c4
	constant pool entry 178	50000097
	constant pool entry 119	50000119
	constant pool entry 107	50000036
	constant pool entry 94	50000074
	constant pool entry 83	50000140
	constant pool entry 81	50000042
	constant pool entry 50	500000c4
	constant pool entry 32	50000050
	constant pool entry 26	500039d7
	constant pool entry 23	50000004
	constant pool entry 20	500000b8
	constant pool entry 16	50000142
	constant pool entry 14	50003e8a
	constant pool entry 5	50000110
	constant pool entry 2	5000002a
CLS 50000111 (name=java.lang.CharSequence, trace=300000)
CLS 50000112 (name=java.lang.CharSequence[], trace=300000)
	super		500000ab
CLS 50000114 (name=java.lang.ref.WeakReference[], trace=300000)
	super		500000ab
CLS 50000115 (name=java.util.Collections$ReverseComparator, trace=300000)
	super		500000ab
	constant pool entry 8	500000ab
	constant pool entry 7	50000115
CLS 50000116 (name=java.io.IOException, trace=300000)
	super		50000039
	constant pool entry 6	50000039
CLS 50000117 (name=sun.nio.cs.UTF_8, trace=300000)
	super		5000007d
	constant pool entry 40	50000060
	constant pool entry 33	50000145
	constant pool entry 12	5000007d
	constant pool entry 7	5000011f
	constant pool entry 5	50000281
	constant pool entry 4	50003582
	constant pool entry 1	500039b6
CLS 50000118 (name=java.lang.Terminator, trace=300000)
	super		500000ab
	static handler	5000404a
	constant pool entry 12	50000118
	constant pool entry 10	50004049
	constant pool entry 9	50004048
	constant pool entry 6	50004047
	constant pool entry 5	5000001b
	constant pool entry 3	500000af
CLS 50000119 (name=sun.jkernel.DownloadManager, trace=300000)
	super		500000ab
	static KERNEL_DOWNLOAD_URL_PROPERTY	50003e8b
	static KERNEL_DOWNLOAD_ENABLED_PROPERTY	50003e99
	static KERNEL_DOWNLOAD_DIALOG_PROPERTY	50003e92
	static KERNEL_DEBUG_PROPERTY	50003e90
	static KERNEL_NOMERGE_PROPERTY	50003e8d
	static KERNEL_SIMULTANEOUS_DOWNLOADS_PROPERTY	50003e9a
	static RESOURCE_URL	50003e9b
	static REQUESTED_BUNDLES_PATH	50003ea6
	static MUTEX_PREFIX	50003ea5
	static JAVA_HOME	500032f8
	static USER_HOME	50003ea4
	static JAVA_VERSION	500039de
	static DEFAULT_DOWNLOAD_URL	50003ea3
	static CUSTOM_PREFIX	50003e8c
	static KERNEL_PATH_SUFFIX	50003e9c
	static JAR_PATH_PROPERTY	50003e8f
	static SIZE_PROPERTY	50003e9d
	static DEPENDENCIES_PROPERTY	50003e9e
	static INSTALL_PROPERTY	50003e9f
	static downloading	50003ea2
	static additionalBootStrapPaths	50003ea1
	static CHECK_VALUES_FILE	50003e97
	static CHECK_VALUES_DIR	50003e98
	static CHECK_VALUES_PATH	50003ea0
	constant pool entry 1288	50000097
	constant pool entry 923	50000042
	constant pool entry 672	50000074
	constant pool entry 500	50003e9f
	constant pool entry 498	50003e9e
	constant pool entry 496	50003e9d
	constant pool entry 493	50003e9c
	constant pool entry 471	50003e9b
	constant pool entry 466	50003e9a
	constant pool entry 461	50003e99
	constant pool entry 451	500000c7
	constant pool entry 448	50003e98
	constant pool entry 446	50003e97
	constant pool entry 444	5000001c
	constant pool entry 443	50003e96
	constant pool entry 442	50003e95
	constant pool entry 441	50003e94
	constant pool entry 440	500039db
	constant pool entry 439	50003e93
	constant pool entry 438	500032ed
	constant pool entry 437	50003e92
	constant pool entry 436	500032c4
	constant pool entry 435	50003e91
	constant pool entry 374	50003e90
	constant pool entry 180	50003e8f
	constant pool entry 151	50003e8e
	constant pool entry 149	50003ae0
	constant pool entry 130	500032c3
	constant pool entry 128	50003e8d
	constant pool entry 71	500000b8
	constant pool entry 70	50003e8c
	constant pool entry 63	50000119
	constant pool entry 54	50000036
	constant pool entry 28	50003e8b
	constant pool entry 15	5000004d
CLS 5000011a (name=java.util.Collections, trace=300000)
	super		500000ab
	static EMPTY_SET	50003b3e
	static EMPTY_LIST	50003b3d
	static EMPTY_MAP	50003b3c
	static REVERSE_ORDER	50003b3b
	constant pool entry 138	5000011a
	constant pool entry 136	50000115
	constant pool entry 134	500000f2
	constant pool entry 132	50000122
	constant pool entry 130	500000aa
	constant pool entry 73	50000065
	constant pool entry 55	50003257
	constant pool entry 51	500025ac
	constant pool entry 45	500025a6
	constant pool entry 10	5000010f
CLS 5000011c (name=java.lang.ThreadGroup, trace=300000)
	super		500000ab
	constant pool entry 264	50000097
	constant pool entry 173	50000074
	constant pool entry 74	500000ab
	constant pool entry 46	50000077
	constant pool entry 44	5000011c
	constant pool entry 3	500039c3
CLS 5000011d (name=java.lang.ThreadGroup[], trace=300000)
	super		500000ab
CLS 5000011e (name=java.util.ArrayList, trace=300000)
	super		500000d2
	constant pool entry 187	50000097
	constant pool entry 137	50000074
	constant pool entry 127	5000003c
	constant pool entry 123	500000b2
	constant pool entry 43	500000d2
	constant pool entry 23	5000011e
	constant pool entry 16	500000ac
	constant pool entry 10	500000ab
CLS 5000011f (name=sun.nio.cs.UTF_8$Encoder, trace=300000)
	super		500000d5
	constant pool entry 80	500000e4
	constant pool entry 78	5000013d
	constant pool entry 72	50000131
	constant pool entry 70	500000be
	constant pool entry 68	50000117
	constant pool entry 38	500000d5
	constant pool entry 37	5000011f
CLS 50000120 (name=java.io.PrintStream, trace=300000)
	super		5000000f
	constant pool entry 162	5000002e
	constant pool entry 77	5000000f
	constant pool entry 30	50000120
	constant pool entry 14	500000db
	constant pool entry 10	5000001f
CLS 50000121 (name=java.lang.Character, trace=300000)
	super		500000ab
	static TYPE	5000329b
	constant pool entry 508	5000002c
	constant pool entry 469	50000075
	constant pool entry 223	500033b9
	constant pool entry 4	50000121
CLS 50000122 (name=java.util.Collections$EmptyList, trace=300000)
	super		500000d2
	constant pool entry 13	500000d2
	constant pool entry 12	50000122
CLS 50000123 (name=java.lang.reflect.Method, trace=300000)
	super		50000046
	constant pool entry 287	50000011
	constant pool entry 282	50000073
	constant pool entry 234	5000002d
	constant pool entry 104	50000046
	constant pool entry 30	5000002d
	constant pool entry 19	50000123
CLS 50000124 (name=java.lang.reflect.Method[], trace=300000)
	super		500000ab
CLS 50000125 (name=sun.reflect.NativeMethodAccessorImpl, trace=300000)
	super		50000066
	constant pool entry 43	50000011
	constant pool entry 18	50000125
	constant pool entry 14	50000066
CLS 50000126 (name=sun.misc.Launcher$AppClassLoader$1, trace=300000)
	super		500000ab
	constant pool entry 33	50000140
	constant pool entry 10	500000ab
	constant pool entry 9	50000126
	constant pool entry 7	500000ba
CLS 50000127 (name=java.util.IdentityHashMap, trace=300000)
	super		50000055
	static NULL_KEY	50003f0e
	constant pool entry 292	50000097
	constant pool entry 215	50000074
	constant pool entry 76	50000055
	constant pool entry 59	50003132
	constant pool entry 47	50000127
	constant pool entry 24	500000ab
CLS 50000129 (name=sun.misc.JavaIOFileDescriptorAccess, trace=300000)
CLS 5000012a (name=java.io.FileDescriptor$1, trace=300000)
	super		500000ab
	constant pool entry 7	500000ab
CLS 5000012c (name=java.lang.Error[], trace=300000)
	super		500000ab
CLS 5000012d (name=sun.misc.Unsafe, trace=300000)
	super		500000ab
	static theUnsafe	500032e4
	constant pool entry 227	500000b7
	constant pool entry 225	5000004e
	constant pool entry 200	5000002c
	constant pool entry 198	5000009d
	constant pool entry 36	500000ab
	constant pool entry 34	5000012d
CLS 5000012e (name=java.lang.ref.ReferenceQueue$Null, trace=300000)
	super		5000009c
	constant pool entry 4	5000009c
	constant pool entry 3	5000012e
CLS 5000012f (name=com.apple.java.Usage$2, trace=300000)
	super		500000ab
	constant pool entry 27	5000006e
	constant pool entry 23	5000003b
	constant pool entry 8	500000ab
	constant pool entry 7	5000012f
CLS 50000130 (name=java.util.Stack, trace=300000)
	super		50000004
	constant pool entry 11	50000004
	constant pool entry 10	50000130
CLS 50000132 (name=java.lang.Compiler$1, trace=300000)
	super		500000ab
	constant pool entry 37	50000074
	constant pool entry 23	500000ab
	constant pool entry 21	500040fc
	constant pool entry 18	500040fb
	constant pool entry 11	5000004d
	constant pool entry 2	500040fa
CLS 50000133 (name=java.lang.NoClassDefFoundError, trace=300000)
	super		5000009f
CLS 50000134 (name=sun.nio.cs.Surrogate$Parser, trace=300000)
	super		500000ab
	constant pool entry 59	5000002c
	constant pool entry 43	500000be
	constant pool entry 19	500000ab
	constant pool entry 18	50000134
	constant pool entry 16	50000038
CLS 50000135 (name=java.security.AccessControlContext, trace=300000)
	super		500000ab
	constant pool entry 198	5000007f
	constant pool entry 146	50000042
	constant pool entry 72	500000ab
	constant pool entry 69	500000b5
	constant pool entry 65	50000135
CLS 50000136 (name=java.lang.ThreadLocal$ThreadLocalMap, trace=300000)
	super		500000ab
	constant pool entry 117	50000097
	constant pool entry 28	500000ab
	constant pool entry 27	50000136
	constant pool entry 14	50000052
	constant pool entry 8	5000008e
CLS 50000137 (name=java.lang.Class$3, trace=300000)
	super		500000ab
	constant pool entry 24	50000074
	constant pool entry 21	5000002c
	constant pool entry 10	500000ab
	constant pool entry 3	500040a3
CLS 50000138 (name=java.lang.Long, trace=300000)
	super		50000056
	static TYPE	5000329c
	constant pool entry 225	5000002c
	constant pool entry 80	5000409c
	constant pool entry 48	50000138
CLS 50000139 (name=java.io.ExpiringCache, trace=300000)
	super		500000ab
	constant pool entry 79	50000061
	constant pool entry 73	50000074
	constant pool entry 32	500000ab
	constant pool entry 31	50000139
	constant pool entry 18	50000005
	constant pool entry 8	50000076
CLS 5000013a (name=sun.net.www.ParseUtil, trace=300000)
	super		500000ab
	static encodedInPath	50003423
	static hexDigits	50003422
	constant pool entry 446	50000097
	constant pool entry 339	5000002c
	constant pool entry 335	500000e4
	constant pool entry 236	500000b8
	constant pool entry 136	50003421
	constant pool entry 135	50003420
	constant pool entry 134	5000341f
	constant pool entry 133	5000341e
	constant pool entry 130	5000341d
	constant pool entry 127	5000341c
	constant pool entry 124	5000341b
	constant pool entry 117	5000341a
	constant pool entry 106	500000a9
	constant pool entry 104	5000013a
	constant pool entry 41	500032b6
	constant pool entry 40	50003416
	constant pool entry 39	50000050
	constant pool entry 36	500032fd
	constant pool entry 16	5000004d
	constant pool entry 11	50000036
CLS 5000013e (name=java.util.Enumeration, trace=300000)
CLS 5000013f (name=sun.reflect.UnsafeStaticFieldAccessorImpl, trace=300000)
	super		500000cf
	constant pool entry 39	50000097
	constant pool entry 27	5000009d
	constant pool entry 22	5000012d
	constant pool entry 9	500000cf
	constant pool entry 7	50003b63
	constant pool entry 6	50000036
	constant pool entry 5	5000013f
CLS 50000140 (name=sun.misc.Launcher, trace=300000)
	super		500000ab
	static factory	50003ec3
	static launcher	50003ec2
	constant pool entry 255	50000097
	constant pool entry 191	5000013a
	constant pool entry 139	50000074
	constant pool entry 135	50000077
	constant pool entry 78	500000ab
	constant pool entry 76	50000140
	constant pool entry 74	50000064
	constant pool entry 63	500000b8
	constant pool entry 54	50000050
	constant pool entry 50	50000036
	constant pool entry 44	50000110
	constant pool entry 41	500000ba
	constant pool entry 17	50003531
CLS 50000141 (name=com.apple.java.BackwardsCompatibility, trace=300000)
	super		500000ab
	constant pool entry 111	50000058
	constant pool entry 108	5000003b
	constant pool entry 39	500040e7
	constant pool entry 37	500040e6
	constant pool entry 12	50000036
CLS 50000142 (name=java.util.StringTokenizer, trace=300000)
	super		500000ab
	constant pool entry 83	50000121
	constant pool entry 78	50000036
	constant pool entry 33	500000ab
	constant pool entry 32	50000142
	constant pool entry 20	50003505
CLS 50000143 (name=java.lang.IllegalMonitorStateException, trace=300000)
	super		5000006f
CLS 50000144 (name=java.io.BufferedOutputStream, trace=300000)
	super		5000000f
	constant pool entry 59	50000097
	constant pool entry 45	50000074
	constant pool entry 42	5000002e
	constant pool entry 14	5000000f
	constant pool entry 13	50000144
CLS 50000145 (name=sun.nio.cs.StandardCharsets, trace=300000)
	super		50000107
	static aliases_US_ASCII	50003906
	static aliases_UTF_8	50003976
	static aliases_UTF_16	50003975
	static aliases_UTF_16BE	50003974
	static aliases_UTF_16LE	50003973
	static aliases_UTF_16LE_BOM	50003972
	static aliases_UTF_32	50003971
	static aliases_UTF_32LE	50003970
	static aliases_UTF_32BE	5000396f
	static aliases_UTF_32LE_BOM	5000396e
	static aliases_UTF_32BE_BOM	5000396d
	static aliases_ISO_8859_1	5000396c
	static aliases_ISO_8859_2	5000396b
	static aliases_ISO_8859_4	5000396a
	static aliases_ISO_8859_5	50003969
	static aliases_ISO_8859_7	50003968
	static aliases_ISO_8859_9	50003967
	static aliases_ISO_8859_13	50003966
	static aliases_ISO_8859_15	50003965
	static aliases_KOI8_R	50003964
	static aliases_KOI8_U	50003963
	static aliases_MS1250	50003962
	static aliases_MS1251	50003961
	static aliases_MS1252	50003960
	static aliases_MS1253	5000395f
	static aliases_MS1254	5000395e
	static aliases_MS1257	5000395d
	static aliases_IBM437	5000395c
	static aliases_IBM737	5000395b
	static aliases_IBM775	5000395a
	static aliases_IBM850	50003959
	static aliases_IBM852	50003958
	static aliases_IBM855	50003957
	static aliases_IBM857	50003956
	static aliases_IBM858	50003955
	static aliases_IBM862	50003954
	static aliases_IBM866	50003953
	static aliases_IBM874	50003952
	static aliases_MacRoman	50003951
	constant pool entry 582	50000097
	constant pool entry 263	50000107
	constant pool entry 262	50000145
	constant pool entry 260	50003950
	constant pool entry 259	50003664
	constant pool entry 258	50003879
	constant pool entry 257	5000394f
	constant pool entry 256	50003824
	constant pool entry 254	5000386b
	constant pool entry 253	500037c8
	constant pool entry 252	500037cc
	constant pool entry 251	50003808
	constant pool entry 249	5000394e
	constant pool entry 248	50003875
	constant pool entry 247	500037ce
	constant pool entry 246	50003666
	constant pool entry 245	50003812
	constant pool entry 243	50003774
	constant pool entry 242	5000394d
	constant pool entry 241	50003877
	constant pool entry 240	500037d0
	constant pool entry 239	50003671
	constant pool entry 238	50003814
	constant pool entry 236	5000387d
	constant pool entry 235	5000379e
	constant pool entry 234	50003776
	constant pool entry 233	50003826
	constant pool entry 231	5000394c
	constant pool entry 230	50003882
	constant pool entry 229	500037e0
	constant pool entry 228	500035ea
	constant pool entry 227	5000382b
	constant pool entry 225	5000375c
	constant pool entry 224	50003887
	constant pool entry 223	500035f7
	constant pool entry 222	500037e2
	constant pool entry 221	50003830
	constant pool entry 219	5000394b
	constant pool entry 218	50003889
	constant pool entry 217	500037e4
	constant pool entry 216	50003608
	constant pool entry 215	50003834
	constant pool entry 213	5000373e
	constant pool entry 212	5000388b
	constant pool entry 211	50003611
	constant pool entry 210	500037e6
	constant pool entry 209	5000383b
	constant pool entry 207	5000381e
	constant pool entry 206	500037a0
	constant pool entry 205	5000360b
	constant pool entry 204	500037ee
	constant pool entry 202	5000387f
	constant pool entry 201	500037de
	constant pool entry 200	500037ea
	constant pool entry 199	50003828
	constant pool entry 197	5000375a
	constant pool entry 196	50003892
	constant pool entry 195	50003802
	constant pool entry 194	50003792
	constant pool entry 193	500035fa
	constant pool entry 192	500037da
	constant pool entry 190	50003746
	constant pool entry 189	500037af
	constant pool entry 187	50003748
	constant pool entry 186	500037b2
	constant pool entry 184	5000374c
	constant pool entry 183	500037b4
	constant pool entry 181	5000374e
	constant pool entry 180	500037b6
	constant pool entry 178	50003894
	constant pool entry 177	50003750
	constant pool entry 176	500037b8
	constant pool entry 174	50003752
	constant pool entry 173	500037ba
	constant pool entry 171	500038a5
	constant pool entry 169	50003780
	constant pool entry 168	50003820
	constant pool entry 167	500038a7
	constant pool entry 165	5000394a
	constant pool entry 164	50003949
	constant pool entry 163	50003948
	constant pool entry 162	50003947
	constant pool entry 161	50003946
	constant pool entry 160	50003945
	constant pool entry 159	500038c7
	constant pool entry 158	5000389b
	constant pool entry 157	50003944
	constant pool entry 156	50003943
	constant pool entry 155	50003942
	constant pool entry 154	50003941
	constant pool entry 153	50003940
	constant pool entry 152	50003798
	constant pool entry 151	5000393f
	constant pool entry 149	5000393e
	constant pool entry 148	50003855
	constant pool entry 147	5000379c
	constant pool entry 146	500037a9
	constant pool entry 144	5000393d
	constant pool entry 143	5000389d
	constant pool entry 142	500038c9
	constant pool entry 141	5000381a
	constant pool entry 140	50003847
	constant pool entry 139	50003832
	constant pool entry 138	500037f8
	constant pool entry 137	5000393c
	constant pool entry 136	5000393b
	constant pool entry 135	5000393a
	constant pool entry 134	500037d2
	constant pool entry 133	500038b3
	constant pool entry 132	5000385d
	constant pool entry 130	5000377a
	constant pool entry 129	50003890
	constant pool entry 128	500038b7
	constant pool entry 127	5000380c
	constant pool entry 126	50003816
	constant pool entry 125	50003769
	constant pool entry 124	50003939
	constant pool entry 123	5000384e
	constant pool entry 122	50003788
	constant pool entry 121	50003938
	constant pool entry 120	50003937
	constant pool entry 119	50003936
	constant pool entry 118	50003935
	constant pool entry 117	500037ec
	constant pool entry 116	500038b5
	constant pool entry 115	5000385f
	constant pool entry 113	50003934
	constant pool entry 112	500038cb
	constant pool entry 111	5000389f
	constant pool entry 110	50003845
	constant pool entry 109	50003857
	constant pool entry 108	50003839
	constant pool entry 107	50003933
	constant pool entry 106	50003932
	constant pool entry 105	50003931
	constant pool entry 104	500037d4
	constant pool entry 103	500038b9
	constant pool entry 102	50003861
	constant pool entry 100	50003930
	constant pool entry 99	500038cd
	constant pool entry 98	500038a1
	constant pool entry 97	50003849
	constant pool entry 96	50003859
	constant pool entry 95	50003836
	constant pool entry 94	500037fa
	constant pool entry 93	5000392f
	constant pool entry 92	5000392e
	constant pool entry 91	500037f6
	constant pool entry 90	500038bc
	constant pool entry 89	5000377e
	constant pool entry 88	50003863
	constant pool entry 86	5000392d
	constant pool entry 85	500038cf
	constant pool entry 84	500038a3
	constant pool entry 83	5000384c
	constant pool entry 82	5000385b
	constant pool entry 81	5000383f
	constant pool entry 80	500037fc
	constant pool entry 79	5000392c
	constant pool entry 78	5000392b
	constant pool entry 77	5000392a
	constant pool entry 76	50003804
	constant pool entry 75	500038be
	constant pool entry 74	50003865
	constant pool entry 72	50003929
	constant pool entry 71	500038c2
	constant pool entry 70	50003637
	constant pool entry 69	50003928
	constant pool entry 68	50003927
	constant pool entry 67	50003926
	constant pool entry 66	500038af
	constant pool entry 65	50003925
	constant pool entry 64	5000388d
	constant pool entry 63	50003924
	constant pool entry 62	50003843
	constant pool entry 61	500037fe
	constant pool entry 60	50003923
	constant pool entry 59	50003806
	constant pool entry 57	50003922
	constant pool entry 56	500035df
	constant pool entry 54	50003921
	constant pool entry 53	500035ee
	constant pool entry 51	50003920
	constant pool entry 50	50003652
	constant pool entry 48	5000391f
	constant pool entry 47	500035d3
	constant pool entry 45	5000391e
	constant pool entry 44	50003660
	constant pool entry 42	5000391d
	constant pool entry 40	5000391c
	constant pool entry 39	5000391b
	constant pool entry 38	5000366a
	constant pool entry 36	5000391a
	constant pool entry 35	50003919
	constant pool entry 34	50003918
	constant pool entry 33	5000363b
	constant pool entry 31	50003917
	constant pool entry 30	5000378a
	constant pool entry 29	500037d8
	constant pool entry 28	50003643
	constant pool entry 26	500038ad
	constant pool entry 25	50003582
	constant pool entry 23	50003786
	constant pool entry 22	5000390f
	constant pool entry 21	50003754
	constant pool entry 20	50003850
	constant pool entry 19	500037c4
	constant pool entry 18	5000390e
	constant pool entry 17	50003796
	constant pool entry 16	5000390d
	constant pool entry 15	5000379a
	constant pool entry 14	5000390c
	constant pool entry 13	5000390b
	constant pool entry 12	5000390a
	constant pool entry 11	50003909
	constant pool entry 10	50003884
	constant pool entry 9	50000036
	constant pool entry 6	5000008d
	constant pool entry 4	500000f7
	constant pool entry 2	5000006b
	constant pool entry 1	500035ad
CLS 50000146 (name=java.security.ProtectionDomain, trace=300000)
	super		500000ab
	constant pool entry 253	50000097
	constant pool entry 194	5000007f
	constant pool entry 191	500000d0
	constant pool entry 75	500000ab
	constant pool entry 74	50000146
	constant pool entry 71	50002d55
	constant pool entry 69	50003ed2
	constant pool entry 52	50000026
	constant pool entry 12	500018fa
	constant pool entry 9	50002cb3
	constant pool entry 3	50002d58
CLS 50000147 (name=sun.misc.NativeSignalHandler, trace=300000)
	super		500000ab
	constant pool entry 6	500000ab
	constant pool entry 5	50000147
CLS 50000148 (name=boolean[], trace=300000)
	super		500000ab
CLS 50000149 (name=byte[], trace=300000)
	super		500000ab
CLS 5000014a (name=char[], trace=300000)
	super		500000ab
CLS 5000014b (name=int[], trace=300000)
	super		500000ab
CLS 5000014c (name=short[], trace=300000)
	super		500000ab
CLS 5000014d (name=long[], trace=300000)
	super		500000ab
CLS 5000014e (name=float[], trace=300000)
	super		500000ab
CLS 5000014f (name=double[], trace=300000)
	super		500000ab
CLS 5000015b (name=java.net.URLClassLoader$1, trace=300004)
	super		500000ab
	constant pool entry 41	5000001a
	constant pool entry 36	50000036
	constant pool entry 31	500000c4
	constant pool entry 15	500000ab
	constant pool entry 14	5000015b
	constant pool entry 11	50000068
	constant pool entry 5	50003ed8
CLS 5000015f (name=sun.net.util.URLUtil, trace=300008)
	super		500000ab
	constant pool entry 30	50000036
	constant pool entry 28	50000050
	constant pool entry 7	500039d9
	constant pool entry 2	5000004d
CLS 50000164 (name=sun.misc.URLClassPath$3, trace=300013)
	super		500000ab
	constant pool entry 44	50000036
	constant pool entry 41	50000050
	constant pool entry 36	5000001a
	constant pool entry 19	500000ab
	constant pool entry 18	50000164
	constant pool entry 14	50000167
	constant pool entry 10	50002c70
	constant pool entry 7	50003416
	constant pool entry 5	500032fd
CLS 50000166 (name=sun.misc.URLClassPath$Loader, trace=300015)
	super		500000ab
	constant pool entry 24	500000ab
	constant pool entry 23	50000166
CLS 50000167 (name=sun.misc.URLClassPath$JarLoader, trace=300015)
	super		50000166
	constant pool entry 286	500001ef
	constant pool entry 276	500001a2
	constant pool entry 274	5000007f
	constant pool entry 252	500001ee
	constant pool entry 208	50000042
	constant pool entry 200	500000d8
	constant pool entry 196	5000013a
	constant pool entry 108	50000166
	constant pool entry 83	50000167
	constant pool entry 80	50000036
	constant pool entry 74	500000d6
	constant pool entry 42	500001a0
	constant pool entry 36	50000190
	constant pool entry 35	50000116
	constant pool entry 33	500001b7
	constant pool entry 30	5000018e
	constant pool entry 27	50003416
	constant pool entry 23	500000b8
	constant pool entry 14	5000357f
	constant pool entry 11	5000004d
	constant pool entry 10	500032b6
	constant pool entry 9	5000357d
	constant pool entry 8	50000050
CLS 5000018e (name=sun.misc.URLClassPath$JarLoader$1, trace=300044)
	super		500000ab
	constant pool entry 79	500000cb
	constant pool entry 76	5000015f
	constant pool entry 69	500001ee
	constant pool entry 51	5000001a
	constant pool entry 33	50000167
	constant pool entry 30	500000ab
	constant pool entry 29	5000018e
	constant pool entry 22	50000050
CLS 50000190 (name=sun.misc.FileURLMapper, trace=300046)
	super		500000ab
	constant pool entry 42	5000013a
	constant pool entry 37	50000036
	constant pool entry 34	50000050
	constant pool entry 16	500000ab
	constant pool entry 15	50000190
	constant pool entry 12	500000b8
	constant pool entry 5	500032b6
CLS 5000019e (name=java.util.zip.ZipConstants, trace=300057)
CLS 5000019f (name=java.util.zip.ZipFile, trace=300057)
	super		500000ab
	constant pool entry 254	50000042
	constant pool entry 212	50000074
	constant pool entry 89	500000ab
	constant pool entry 88	5000019f
	constant pool entry 81	50003f15
	constant pool entry 80	500000ad
	constant pool entry 64	50000269
	constant pool entry 56	50000268
	constant pool entry 45	50000223
	constant pool entry 41	5000021b
	constant pool entry 18	50000004
	constant pool entry 14	500000b8
CLS 500001a0 (name=java.util.jar.JarFile, trace=300057)
	super		5000019f
	static MANIFEST_NAME	500032ec
	static lastOcc	500001a6
	static optoSft	500001a7
	static src	500001a5
	static javaHome	500032f8
	static jarNames	500001f1
	constant pool entry 396	50000097
	constant pool entry 327	5000007f
	constant pool entry 284	50000042
	constant pool entry 279	500000e4
	constant pool entry 260	5000021b
	constant pool entry 238	500000a7
	constant pool entry 125	5000019f
	constant pool entry 124	500001a0
	constant pool entry 121	500001a3
	constant pool entry 93	500032f7
	constant pool entry 92	500032f6
	constant pool entry 91	500032f5
	constant pool entry 90	500032f4
	constant pool entry 89	500032f3
	constant pool entry 88	500032f2
	constant pool entry 87	500032f1
	constant pool entry 86	500032f0
	constant pool entry 85	500032ef
	constant pool entry 83	500032ee
	constant pool entry 80	5000004d
	constant pool entry 77	50000036
	constant pool entry 74	500032ed
	constant pool entry 73	500000ad
	constant pool entry 62	500032ec
	constant pool entry 58	5000260a
	constant pool entry 53	50000222
	constant pool entry 41	50000cd6
	constant pool entry 37	500032eb
	constant pool entry 36	500032ea
	constant pool entry 34	500032e9
	constant pool entry 26	5000021e
	constant pool entry 24	5000021d
	constant pool entry 21	500000c8
	constant pool entry 18	50000cba
	constant pool entry 14	50000a72
	constant pool entry 11	50000a71
	constant pool entry 3	500000b8
CLS 500001a2 (name=sun.misc.JavaUtilJarAccess, trace=300059)
CLS 500001a3 (name=java.util.jar.JavaUtilJarAccessImpl, trace=300059)
	super		500000ab
	constant pool entry 38	500001a0
	constant pool entry 10	500000ab
CLS 500001b5 (name=java.util.zip.ZipException, trace=300071)
	super		50000116
	constant pool entry 4	50000116
CLS 500001b7 (name=java.security.PrivilegedActionException, trace=300073)
	super		50000039
	constant pool entry 13	50000039
	constant pool entry 12	500001b7
CLS 500001ee (name=sun.misc.JarIndex, trace=300075)
	super		500000ab
	static INDEX_NAME	50003581
	constant pool entry 280	50000097
	constant pool entry 209	50000074
	constant pool entry 136	500001a0
	constant pool entry 85	500000ab
	constant pool entry 83	50003584
	constant pool entry 82	500032c3
	constant pool entry 75	50000037
	constant pool entry 69	50003583
	constant pool entry 66	50000004
	constant pool entry 63	5000027a
	constant pool entry 62	50000279
	constant pool entry 60	50000036
	constant pool entry 47	50003582
	constant pool entry 23	500032fd
	constant pool entry 18	50000297
	constant pool entry 14	500001ee
	constant pool entry 11	50003581
	constant pool entry 2	500000cb
CLS 500001ef (name=sun.misc.ExtensionDependency, trace=300076)
	super		500000ab
	constant pool entry 11	500001ef
CLS 5000021b (name=java.util.zip.ZipEntry, trace=300119)
	super		500000ab
	constant pool entry 139	50000036
	constant pool entry 69	500000ab
	constant pool entry 62	5000021b
	constant pool entry 33	500032fd
CLS 5000021d (name=java.util.jar.JarEntry, trace=300121)
	super		5000021b
	constant pool entry 12	5000021b
CLS 5000021e (name=java.util.jar.JarFile$JarFileEntry, trace=300121)
	super		5000021d
	constant pool entry 20	5000021d
	constant pool entry 19	5000021e
CLS 50000221 (name=java.io.DataInput, trace=300124)
CLS 50000222 (name=java.io.DataInputStream, trace=300124)
	super		500000e6
	constant pool entry 155	50000097
	constant pool entry 93	5000006a
	constant pool entry 39	500000e6
	constant pool entry 26	50000222
CLS 50000223 (name=java.util.zip.ZipFile$ZipFileInputStream, trace=300125)
	super		5000006a
	constant pool entry 48	5000019f
	constant pool entry 19	5000006a
	constant pool entry 18	50000223
CLS 50000267 (name=java.util.zip.InflaterInputStream, trace=300134)
	super		500000e6
	constant pool entry 148	50000097
	constant pool entry 50	500000e6
	constant pool entry 49	50000267
	constant pool entry 18	50000269
CLS 50000268 (name=java.util.zip.ZipFile$1, trace=300134)
	super		50000267
	constant pool entry 66	50000269
	constant pool entry 57	5000006a
	constant pool entry 48	5000019f
	constant pool entry 28	50000223
	constant pool entry 23	50000267
	constant pool entry 22	50000268
CLS 50000269 (name=java.util.zip.Inflater, trace=300135)
	super		500000ab
	static emptyBuf	5000026a
	constant pool entry 147	50000097
	constant pool entry 133	5000002c
	constant pool entry 42	500000ab
	constant pool entry 39	50000269
	constant pool entry 4	5000026d
CLS 5000026d (name=java.util.zip.ZStreamRef, trace=300138)
	super		500000ab
	constant pool entry 4	500000ab
	constant pool entry 3	5000026d
CLS 50000278 (name=java.io.Reader, trace=300149)
	super		500000ab
	constant pool entry 20	500000ab
	constant pool entry 19	50000278
CLS 50000279 (name=java.io.BufferedReader, trace=300149)
	super		50000278
	constant pool entry 151	50000097
	constant pool entry 43	50000278
	constant pool entry 42	50000279
	constant pool entry 30	50000036
CLS 5000027a (name=java.io.InputStreamReader, trace=300150)
	super		50000278
	constant pool entry 46	5000027c
	constant pool entry 21	50000278
	constant pool entry 20	5000027a
CLS 5000027c (name=sun.nio.cs.StreamDecoder, trace=300152)
	super		50000278
	constant pool entry 232	5000002c
	constant pool entry 219	500000be
	constant pool entry 215	50000131
	constant pool entry 204	5000006a
	constant pool entry 193	5000013d
	constant pool entry 184	5000011b
	constant pool entry 182	50000014
	constant pool entry 150	50000101
	constant pool entry 87	50000278
	constant pool entry 8	5000027c
CLS 50000281 (name=sun.nio.cs.UTF_8$Decoder, trace=300157)
	super		5000011b
	constant pool entry 123	5000002c
	constant pool entry 105	500000e4
	constant pool entry 103	50000131
	constant pool entry 86	500000be
	constant pool entry 83	5000013d
	constant pool entry 46	5000011b
	constant pool entry 45	50000281
	constant pool entry 43	50000117
CLS 50000294 (name=java.util.Queue, trace=300169)
CLS 50000295 (name=java.util.Deque, trace=300169)
CLS 50000296 (name=java.util.AbstractSequentialList, trace=300169)
	super		500000d2
	constant pool entry 21	500000d2
	constant pool entry 20	50000296
CLS 50000297 (name=java.util.LinkedList, trace=300169)
	super		50000296
	constant pool entry 266	50000097
	constant pool entry 193	500000b2
	constant pool entry 58	50000296
	constant pool entry 47	500000ab
	constant pool entry 43	50000297
	constant pool entry 38	50002f7d
	constant pool entry 6	50000299
CLS 50000299 (name=java.util.LinkedList$Entry, trace=300171)
	super		500000ab
	constant pool entry 6	500000ab
	constant pool entry 5	50000299
CLS 50000a71 (name=java.util.jar.Manifest, trace=300198)
	super		500000ab
	constant pool entry 225	50000097
	constant pool entry 167	500000e4
	constant pool entry 160	50000074
	constant pool entry 118	50000061
	constant pool entry 68	500000ab
	constant pool entry 62	50000a71
	constant pool entry 43	50000a7b
	constant pool entry 29	50003582
	constant pool entry 28	50000036
	constant pool entry 5	500000cb
	constant pool entry 2	50000a75
CLS 50000a72 (name=java.io.ByteArrayInputStream, trace=300199)
	super		5000006a
	constant pool entry 50	50000074
	constant pool entry 46	500000e4
	constant pool entry 13	5000006a
	constant pool entry 12	50000a72
CLS 50000a75 (name=java.util.jar.Attributes, trace=300202)
	super		500000ab
	constant pool entry 135	50000a7b
	constant pool entry 82	50000061
	constant pool entry 81	500000ab
	constant pool entry 43	50003582
	constant pool entry 17	50000a75
	constant pool entry 11	50000036
	constant pool entry 8	50000a8a
	constant pool entry 3	500000cb
CLS 50000a7b (name=java.util.jar.Manifest$FastInputStream, trace=300208)
	super		500000e6
	constant pool entry 72	50000097
	constant pool entry 52	50000074
	constant pool entry 50	5000006a
	constant pool entry 15	500000e6
	constant pool entry 14	50000a7b
CLS 50000a83 (name=java.lang.StringCoding$StringDecoder, trace=300216)
	super		500000ab
	constant pool entry 123	50000097
	constant pool entry 73	500000be
	constant pool entry 70	50000131
	constant pool entry 68	5000013d
	constant pool entry 65	50000031
	constant pool entry 57	5000011b
	constant pool entry 55	50000014
	constant pool entry 53	50000101
	constant pool entry 28	500000ab
	constant pool entry 27	50000a83
	constant pool entry 10	50000090
CLS 50000a8a (name=java.util.jar.Attributes$Name, trace=300220)
	super		500000ab
	static MANIFEST_VERSION	50000a8b
	static SIGNATURE_VERSION	50000a8c
	static CONTENT_TYPE	50000a8d
	static CLASS_PATH	50000a8e
	static MAIN_CLASS	50000a8f
	static SEALED	50000a90
	static EXTENSION_LIST	50000a91
	static EXTENSION_NAME	50000a92
	static EXTENSION_INSTALLATION	50000a93
	static IMPLEMENTATION_TITLE	50000a94
	static IMPLEMENTATION_VERSION	50000a95
	static IMPLEMENTATION_VENDOR	50000a96
	static IMPLEMENTATION_VENDOR_ID	50000a97
	static IMPLEMENTATION_URL	50000a98
	static SPECIFICATION_TITLE	50000a99
	static SPECIFICATION_VERSION	50000a9a
	static SPECIFICATION_VENDOR	50000a9b
	constant pool entry 116	5000006d
	constant pool entry 114	50000a9d
	constant pool entry 104	50000036
	constant pool entry 55	500000ab
	constant pool entry 53	500039fe
	constant pool entry 51	500039fd
	constant pool entry 49	500039fc
	constant pool entry 47	500039fb
	constant pool entry 45	500039fa
	constant pool entry 43	500039f9
	constant pool entry 41	500039f8
	constant pool entry 39	500039f7
	constant pool entry 37	500039f6
	constant pool entry 35	500039f5
	constant pool entry 33	500039f4
	constant pool entry 31	500039f3
	constant pool entry 29	500039f2
	constant pool entry 27	500039f1
	constant pool entry 25	500039f0
	constant pool entry 23	500039ef
	constant pool entry 20	500039ee
	constant pool entry 16	50000a8a
CLS 50000a9d (name=sun.misc.ASCIICaseInsensitiveComparator, trace=300239)
	super		500000ab
	static CASE_INSENSITIVE_ORDER	50000a9e
	constant pool entry 48	5000002c
	constant pool entry 15	500000ab
	constant pool entry 11	50000a9d
	constant pool entry 2	50000036
CLS 50000cba (name=java.util.jar.JarVerifier, trace=300256)
	super		500000ab
	constant pool entry 537	50000097
	constant pool entry 368	500025a2
	constant pool entry 334	50000003
	constant pool entry 307	50000cd6
	constant pool entry 301	50000036
	constant pool entry 299	500000a7
	constant pool entry 297	500000d0
	constant pool entry 294	5000021d
	constant pool entry 165	50000cba
	constant pool entry 163	5000357d
	constant pool entry 108	5000010e
	constant pool entry 106	5000010d
	constant pool entry 85	50000149
	constant pool entry 81	50000d17
	constant pool entry 77	500034fc
	constant pool entry 72	50000cf0
	constant pool entry 63	500032eb
	constant pool entry 50	500032fd
	constant pool entry 48	5000350c
	constant pool entry 40	50003e5a
	constant pool entry 26	50000cce
	constant pool entry 23	5000011e
	constant pool entry 17	50000033
	constant pool entry 14	50000cc4
	constant pool entry 12	50000cc1
	constant pool entry 8	500000cb
	constant pool entry 6	500000ab
CLS 50000cc1 (name=java.security.CodeSigner, trace=300263)
	super		500000ab
	constant pool entry 29	500000ab
	constant pool entry 9	50000cc1
CLS 50000cc2 (name=java.security.CodeSigner[], trace=300264)
	super		500000ab
CLS 50000cc4 (name=java.util.jar.JarVerifier$3, trace=300265)
	super		500000ab
	constant pool entry 7	500000ab
	constant pool entry 6	50000cc4
CLS 50000cce (name=java.io.ByteArrayOutputStream, trace=300275)
	super		5000002e
	constant pool entry 99	50000097
	constant pool entry 72	50000074
	constant pool entry 69	5000003c
	constant pool entry 67	500000e4
	constant pool entry 24	5000002e
	constant pool entry 23	50000cce
CLS 50000cd6 (name=sun.security.util.ManifestEntryVerifier, trace=300280)
	super		500000ab
	static hexc	50000cd7
	constant pool entry 271	50000097
	constant pool entry 197	50000033
	constant pool entry 187	500000d0
	constant pool entry 159	500000a7
	constant pool entry 152	50000003
	constant pool entry 150	5000004b
	constant pool entry 148	50000a75
	constant pool entry 141	50000a71
	constant pool entry 80	50002620
	constant pool entry 79	500000ab
	constant pool entry 78	50000cd6
	constant pool entry 76	5000357d
	constant pool entry 69	50000cc2
	constant pool entry 53	50000149
	constant pool entry 47	50000036
	constant pool entry 39	500023e9
	constant pool entry 34	50003e5b
	constant pool entry 29	5000003e
	constant pool entry 13	50000ce0
	constant pool entry 9	5000011e
	constant pool entry 6	500000cb
CLS 50000cdf (name=sun.misc.CharacterDecoder, trace=300287)
	super		500000ab
	constant pool entry 97	50000097
	constant pool entry 68	50000036
	constant pool entry 58	5000006a
	constant pool entry 26	500000ab
	constant pool entry 25	50000cdf
	constant pool entry 18	50000cce
	constant pool entry 16	50000a72
	constant pool entry 6	500025d2
	constant pool entry 3	500025d5
CLS 50000ce0 (name=sun.misc.BASE64Decoder, trace=300287)
	super		50000cdf
	static pem_array	50000ce1
	static pem_convert_array	50000ce2
	constant pool entry 59	50000097
	constant pool entry 44	5000002e
	constant pool entry 39	500025d2
	constant pool entry 14	50000cdf
	constant pool entry 13	50000ce0
	constant pool entry 7	500025d5
CLS 50000cf0 (name=sun.security.util.SignatureFileVerifier, trace=300296)
	super		500000ab
	static ATTR_DIGEST	50000cf2
	static hexc	50000cf3
	constant pool entry 485	50000097
	constant pool entry 364	50000033
	constant pool entry 334	50001e82
	constant pool entry 307	50000d17
	constant pool entry 304	50000028
	constant pool entry 299	500000d0
	constant pool entry 281	50000003
	constant pool entry 276	5000004b
	constant pool entry 274	50000061
	constant pool entry 260	50000a8a
	constant pool entry 237	500000a7
	constant pool entry 231	5000121f
	constant pool entry 227	5000106b
	constant pool entry 221	50000e6c
	constant pool entry 151	500000ab
	constant pool entry 150	50000cf0
	constant pool entry 149	50003e61
	constant pool entry 147	5000357d
	constant pool entry 124	50000cc2
	constant pool entry 114	50000cc1
	constant pool entry 112	5000011e
	constant pool entry 81	50003e60
	constant pool entry 73	500032fd
	constant pool entry 70	5000350c
	constant pool entry 68	50000a75
	constant pool entry 66	50000036
	constant pool entry 64	5000003e
	constant pool entry 53	50000ce0
	constant pool entry 44	50003e5f
	constant pool entry 38	50000a72
	constant pool entry 36	50000a71
	constant pool entry 31	500023e9
	constant pool entry 28	500000cb
	constant pool entry 26	500032ea
	constant pool entry 25	500032e9
	constant pool entry 23	500032eb
	constant pool entry 14	500034fc
	constant pool entry 11	50003c48
	constant pool entry 5	50001064
CLS 50000d05 (name=java.util.AbstractList$Itr, trace=300304)
	super		500000ab
	constant pool entry 53	500000d2
	constant pool entry 20	500000ab
	constant pool entry 19	50000d05
CLS 50000d17 (name=sun.security.util.ManifestDigester, trace=300308)
	super		500000ab
	static MF_MAIN_ATTRS	50003e5d
	constant pool entry 91	500023e9
	constant pool entry 36	500000ab
	constant pool entry 35	50000d17
	constant pool entry 22	50003582
	constant pool entry 21	50000036
	constant pool entry 19	5000004d
	constant pool entry 15	50000d1f
	constant pool entry 14	50003e5d
	constant pool entry 11	50000d1d
	constant pool entry 9	50000cce
	constant pool entry 6	500000cb
CLS 50000d1d (name=sun.security.util.ManifestDigester$Position, trace=300314)
	super		500000ab
	constant pool entry 3	500000ab
CLS 50000d1f (name=sun.security.util.ManifestDigester$Entry, trace=300316)
	super		500000ab
	constant pool entry 12	500000ab
	constant pool entry 11	50000d1f
CLS 50000e6c (name=sun.security.jca.Providers, trace=300332)
	super		500000ab
	static threadLists	50000e6e
	static providerList	50000f33
	static jarClassNames	5000105a
	constant pool entry 156	50000097
	constant pool entry 110	50000052
	constant pool entry 89	50000074
	constant pool entry 44	50000e6c
	constant pool entry 43	50003b67
	constant pool entry 42	50003b66
	constant pool entry 41	50000036
	constant pool entry 37	50000e6d
	constant pool entry 6	50000e6f
CLS 50000e6d (name=java.lang.InheritableThreadLocal, trace=300333)
	super		50000052
	constant pool entry 26	50000077
	constant pool entry 6	50000052
	constant pool entry 3	50000136
CLS 50000e6f (name=sun.security.jca.ProviderList, trace=300335)
	super		500000ab
	static PC0	50000e72
	static P0	50000e75
	static EMPTY	50000e76
	static EMPTY_PROVIDER	50000f18
	constant pool entry 305	50000097
	constant pool entry 216	500000d0
	constant pool entry 197	50000f3c
	constant pool entry 178	50000028
	constant pool entry 168	50000042
	constant pool entry 89	500000ab
	constant pool entry 87	50003b4c
	constant pool entry 86	50003b4b
	constant pool entry 85	50000e79
	constant pool entry 83	50000e73
	constant pool entry 81	50003b4a
	constant pool entry 80	50003b49
	constant pool entry 75	50000036
	constant pool entry 70	50001aa0
	constant pool entry 32	50003b48
	constant pool entry 30	5000004d
	constant pool entry 25	50000e77
	constant pool entry 19	50000e71
	constant pool entry 14	50000e70
	constant pool entry 10	5000011e
	constant pool entry 6	50000e6f
	constant pool entry 3	50000f31
CLS 50000e70 (name=sun.security.jca.ProviderConfig, trace=300336)
	super		500000ab
	static P11_SOL_NAME	50003b54
	static P11_SOL_ARG	50003b55
	static CL_STRING	50001010
	static LOCK	5000328f
	constant pool entry 209	50000097
	constant pool entry 170	500000d0
	constant pool entry 136	50000042
	constant pool entry 64	500000ab
	constant pool entry 63	5000002c
	constant pool entry 61	50003b57
	constant pool entry 60	50003b49
	constant pool entry 59	50000036
	constant pool entry 57	50001013
	constant pool entry 55	50003b56
	constant pool entry 54	50000e73
	constant pool entry 52	5000122e
	constant pool entry 33	50000e70
	constant pool entry 23	500032b6
	constant pool entry 20	50003b55
	constant pool entry 18	50003b54
	constant pool entry 15	5000122c
	constant pool entry 13	500000dc
	constant pool entry 10	50000044
	constant pool entry 7	50001222
CLS 50000e71 (name=sun.security.jca.ProviderConfig[], trace=300337)
	super		500000ab
CLS 50000e73 (name=java.security.Provider, trace=300338)
	super		50000058
	static ALIAS_PREFIX	50003af0
	static ALIAS_PREFIX_LOWER	50003aee
	static previousKey	50002b28
	static knownEngines	50000e7c
	constant pool entry 584	50000097
	constant pool entry 417	500000a7
	constant pool entry 384	50000003
	constant pool entry 382	5000004b
	constant pool entry 379	5000002c
	constant pool entry 377	500000ab
	constant pool entry 366	50000074
	constant pool entry 343	50000061
	constant pool entry 331	500000d0
	constant pool entry 191	50000e73
	constant pool entry 190	50003b12
	constant pool entry 189	50003b11
	constant pool entry 188	50003b10
	constant pool entry 187	50003b0f
	constant pool entry 186	50003b0e
	constant pool entry 185	50003b0d
	constant pool entry 184	50003b0c
	constant pool entry 183	50003b0b
	constant pool entry 182	50003b0a
	constant pool entry 181	50003b09
	constant pool entry 180	50003b08
	constant pool entry 179	50003b07
	constant pool entry 178	50003b06
	constant pool entry 177	50003b05
	constant pool entry 176	50003b04
	constant pool entry 175	50003b03
	constant pool entry 174	50003b02
	constant pool entry 173	50003b01
	constant pool entry 172	50003b00
	constant pool entry 171	50003aff
	constant pool entry 170	50003afe
	constant pool entry 169	50003afd
	constant pool entry 168	50003afc
	constant pool entry 167	50003afb
	constant pool entry 166	50003afa
	constant pool entry 165	50003af9
	constant pool entry 164	50003af8
	constant pool entry 163	50003af7
	constant pool entry 162	50003ae5
	constant pool entry 161	50003af6
	constant pool entry 160	50003af5
	constant pool entry 159	50003af4
	constant pool entry 158	50003adc
	constant pool entry 156	50003af3
	constant pool entry 155	500032b6
	constant pool entry 152	50003af2
	constant pool entry 151	50003af1
	constant pool entry 148	50000e7e
	constant pool entry 144	50003af0
	constant pool entry 121	50003aef
	constant pool entry 112	50000e7a
	constant pool entry 108	50003aee
	constant pool entry 100	500034fc
	constant pool entry 97	5000146b
	constant pool entry 84	500000e0
	constant pool entry 80	50003aed
	constant pool entry 79	50000036
	constant pool entry 72	5000003e
	constant pool entry 67	500000cb
	constant pool entry 64	50003aec
	constant pool entry 63	50003aeb
	constant pool entry 61	50003aea
	constant pool entry 58	50003ae9
	constant pool entry 26	50000058
	constant pool entry 24	50003ae8
	constant pool entry 11	5000004d
CLS 50000e74 (name=java.security.Provider[], trace=300339)
	super		500000ab
CLS 50000e77 (name=sun.security.jca.ProviderList$3, trace=300341)
	super		500000d2
	constant pool entry 7	500000d2
	constant pool entry 6	50000e77
CLS 50000e79 (name=sun.security.jca.ProviderList$1, trace=300343)
	super		50000e73
	constant pool entry 3	50000e73
CLS 50000e7a (name=java.security.Provider$ServiceKey, trace=300344)
	super		500000ab
	constant pool entry 39	50000036
	constant pool entry 37	500000a7
	constant pool entry 12	500000ab
	constant pool entry 10	50000e7a
CLS 50000e7e (name=java.security.Provider$EngineDescription, trace=300348)
	super		500000ab
	constant pool entry 8	500000ab
	constant pool entry 7	50000e7e
CLS 50000f1b (name=sun.misc.FloatingDecimal, trace=300445)
	super		500000ab
	static perThreadBuffer	50000f1d
	static small10pow	50000f1e
	static singleSmall10pow	50000f1f
	static big10pow	50000f20
	static tiny10pow	50000f21
	static small5pow	50000f22
	static long5pow	50000f23
	static n5bits	50000f24
	static infinity	50000f25
	static notANumber	50000f26
	static zero	50000f27
	constant pool entry 663	50000097
	constant pool entry 580	5000002c
	constant pool entry 502	500000e4
	constant pool entry 494	50000052
	constant pool entry 487	500000f3
	constant pool entry 477	50000074
	constant pool entry 335	500000ab
	constant pool entry 202	50000f1c
	constant pool entry 107	50000f1b
	constant pool entry 94	50000036
	constant pool entry 51	5000014a
CLS 50000f1c (name=sun.misc.FloatingDecimal$1, trace=300446)
	super		50000052
	constant pool entry 21	50000097
	constant pool entry 3	50000052
CLS 50000f31 (name=sun.security.jca.ProviderList$2, trace=300466)
	super		500000ab
	constant pool entry 5	500000ab
	constant pool entry 2	50000e6f
CLS 50000f3c (name=java.security.Security, trace=300475)
	super		500000ab
	static props	50000f3f
	static spiMap	50000fdc
	constant pool entry 408	50000042
	constant pool entry 389	50001788
	constant pool entry 387	50001221
	constant pool entry 361	50000061
	constant pool entry 289	50000074
	constant pool entry 279	500000d0
	constant pool entry 271	5000006a
	constant pool entry 182	50000f3c
	constant pool entry 180	50000062
	constant pool entry 178	50000f3d
	constant pool entry 176	50003ae4
	constant pool entry 119	50003ae3
	constant pool entry 118	50003ae2
	constant pool entry 117	5000002c
	constant pool entry 75	50000036
	constant pool entry 65	50003ae1
	constant pool entry 64	50003ae0
	constant pool entry 63	500032ed
	constant pool entry 36	500000b8
	constant pool entry 29	50003adf
	constant pool entry 26	50003ade
	constant pool entry 25	500032c3
	constant pool entry 15	5000004d
	constant pool entry 10	50000048
	constant pool entry 8	500000cc
	constant pool entry 5	50003add
	constant pool entry 2	50000058
CLS 50000f3d (name=java.security.Security$1, trace=300476)
	super		500000ab
	constant pool entry 15	50000f3c
	constant pool entry 4	500000ab
CLS 50000f58 (name=java.util.Properties$LineReader, trace=300490)
	super		500000ab
	constant pool entry 73	50000097
	constant pool entry 52	5000006a
	constant pool entry 15	500000ab
	constant pool entry 14	50000f58
CLS 50001013 (name=sun.security.jca.ProviderConfig$5, trace=300511)
	super		500000ab
	constant pool entry 25	50001015
	constant pool entry 8	500000ab
	constant pool entry 7	50001013
CLS 50001015 (name=sun.security.util.PropertyExpander, trace=300513)
	super		500000ab
	constant pool entry 64	50000074
	constant pool entry 49	50000036
	constant pool entry 32	50001015
	constant pool entry 13	500032fd
	constant pool entry 5	5000005e
	constant pool entry 3	50003b56
CLS 50001059 (name=java.lang.reflect.Array, trace=300522)
	super		500000ab
	constant pool entry 4	50001059
CLS 50001064 (name=sun.security.pkcs.PKCS7, trace=300529)
	super		500000ab
	constant pool entry 388	50000097
	constant pool entry 284	50001795
	constant pool entry 243	5000121f
	constant pool entry 237	500010aa
	constant pool entry 224	50001077
	constant pool entry 132	500000ab
	constant pool entry 131	50001064
	constant pool entry 112	500018fb
	constant pool entry 110	500018fa
	constant pool entry 102	50001795
	constant pool entry 94	50000004
	constant pool entry 90	50001086
	constant pool entry 74	50001e82
	constant pool entry 62	50001199
	constant pool entry 54	50000a72
	constant pool entry 49	50003a14
	constant pool entry 48	50001794
	constant pool entry 26	5000106b
	constant pool entry 13	50001066
CLS 50001066 (name=sun.security.util.DerInputStream, trace=300531)
	super		500000ab
	constant pool entry 283	50000097
	constant pool entry 238	5000006a
	constant pool entry 94	500000ab
	constant pool entry 54	50000004
	constant pool entry 52	50001086
	constant pool entry 39	50001077
	constant pool entry 34	50001a6e
	constant pool entry 20	50001066
	constant pool entry 10	50001069
	constant pool entry 8	50001068
CLS 50001068 (name=sun.security.util.DerIndefLenConverter, trace=300533)
	super		500000ab
	constant pool entry 39	50001068
CLS 50001069 (name=sun.security.util.DerInputBuffer, trace=300534)
	super		50000a72
	constant pool entry 218	50000097
	constant pool entry 162	500019dd
	constant pool entry 159	500019d3
	constant pool entry 153	50000121
	constant pool entry 119	50000074
	constant pool entry 108	500000ab
	constant pool entry 71	50000a72
	constant pool entry 69	500019e2
	constant pool entry 56	50003a1c
	constant pool entry 47	50001a6e
	constant pool entry 24	500010aa
	constant pool entry 4	50001069
CLS 5000106b (name=sun.security.pkcs.ContentInfo, trace=300536)
	super		500000ab
	static pkcs7	5000106c
	static data	5000106d
	static sdata	5000106e
	static edata	5000106f
	static sedata	50001070
	static ddata	50001071
	static crdata	50001072
	static nsdata	50001073
	static tstInfo	50001074
	static OLD_SDATA	50001075
	static OLD_DATA	50001076
	static PKCS7_OID	50001078
	static DATA_OID	50001079
	static SIGNED_DATA_OID	5000107a
	static ENVELOPED_DATA_OID	5000107b
	static SIGNED_AND_ENVELOPED_DATA_OID	5000107c
	static DIGESTED_DATA_OID	5000107d
	static ENCRYPTED_DATA_OID	5000107e
	static OLD_SIGNED_DATA_OID	5000107f
	static OLD_DATA_OID	50001080
	static NETSCAPE_CERT_SEQUENCE_OID	50001081
	static TIMESTAMP_TOKEN_INFO_OID	50001082
	constant pool entry 195	50000097
	constant pool entry 127	50001077
	constant pool entry 62	500000ab
	constant pool entry 61	5000106b
	constant pool entry 9	50001066
	constant pool entry 4	50001086
CLS 50001077 (name=sun.security.util.ObjectIdentifier, trace=300548)
	super		500000ab
	constant pool entry 196	50000097
	constant pool entry 151	50000074
	constant pool entry 136	5000014b
	constant pool entry 57	500000ab
	constant pool entry 52	5000005e
	constant pool entry 44	5000108e
	constant pool entry 38	50001077
	constant pool entry 36	50001066
	constant pool entry 28	5000014b
CLS 50001086 (name=sun.security.util.DerValue, trace=300562)
	super		500000ab
	constant pool entry 412	50000097
	constant pool entry 300	500017a5
	constant pool entry 298	5000006a
	constant pool entry 262	50000149
	constant pool entry 126	500000ab
	constant pool entry 119	5000108e
	constant pool entry 106	50001086
	constant pool entry 94	50000036
	constant pool entry 41	5000390b
	constant pool entry 37	50000a72
	constant pool entry 15	50001066
	constant pool entry 11	50000149
	constant pool entry 9	50001069
CLS 5000108b (name=sun.security.util.DerValue[], trace=300565)
	super		500000ab
CLS 5000108d (name=sun.security.util.DerEncoder, trace=300566)
CLS 5000108e (name=sun.security.util.DerOutputStream, trace=300566)
	super		50000cce
	static lexOrder	50001090
	static tagOrder	50001092
	constant pool entry 135	50001077
	constant pool entry 132	50001a6e
	constant pool entry 123	50001086
	constant pool entry 53	50000cce
	constant pool entry 51	50001091
	constant pool entry 49	5000108f
	constant pool entry 21	5000108e
CLS 5000108f (name=sun.security.util.ByteArrayLexOrder, trace=300567)
	super		500000ab
	constant pool entry 4	500000ab
CLS 50001091 (name=sun.security.util.ByteArrayTagOrder, trace=300569)
	super		500000ab
	constant pool entry 4	500000ab
CLS 500010aa (name=java.math.BigInteger, trace=300589)
	super		50000056
	static bitsPerDigit	500010ab
	static SMALL_PRIME_PRODUCT	500010ac
	static posConst	500010af
	static negConst	500010b0
	static ZERO	500010e2
	static ONE	500010b2
	static TWO	500010b5
	static TEN	500010cd
	static bnExpModThreshTable	500010e3
	static zeros	500010e4
	static digitsPerLong	50001124
	static longRadix	50001125
	static digitsPerInt	5000116c
	static intRadix	5000116d
	static serialPersistentFields	5000116e
	static unsafe	500032e4
	constant pool entry 905	50000097
	constant pool entry 800	5000002c
	constant pool entry 788	5000012d
	constant pool entry 740	5000014b
	constant pool entry 732	5000014b
	constant pool entry 711	5000003c
	constant pool entry 680	500000e4
	constant pool entry 636	50000035
	constant pool entry 411	50000056
	constant pool entry 407	50003a84
	constant pool entry 400	5000002f
	constant pool entry 308	50003a83
	constant pool entry 227	50003a82
	constant pool entry 226	50003a81
	constant pool entry 225	50003a80
	constant pool entry 224	50003a7f
	constant pool entry 214	50003a7e
	constant pool entry 213	50003a7d
	constant pool entry 210	50003a7c
	constant pool entry 208	50003a7b
	constant pool entry 207	50000149
	constant pool entry 205	50003a7a
	constant pool entry 203	50003a79
	constant pool entry 188	50003a78
	constant pool entry 179	50003a77
	constant pool entry 159	5000014b
	constant pool entry 153	50003a76
	constant pool entry 146	50003a75
	constant pool entry 141	50002419
	constant pool entry 89	50003a74
	constant pool entry 51	500010aa
	constant pool entry 46	50003a73
	constant pool entry 38	50003a72
	constant pool entry 30	50000036
	constant pool entry 26	50003a71
	constant pool entry 18	50003a70
	constant pool entry 16	5000341c
	constant pool entry 15	50003a6f
	constant pool entry 12	50003a6e
	constant pool entry 11	50003a6d
	constant pool entry 3	50003a6c
CLS 500010ae (name=java.math.BigInteger[], trace=300593)
	super		500000ab
CLS 5000118d (name=java.util.Random, trace=300684)
	super		500000ab
CLS 50001199 (name=sun.security.x509.AlgorithmId, trace=300694)
	super		500000ab
	static nameTable	500011e2
	static MD2_oid	5000119d
	static MD5_oid	5000119f
	static SHA_oid	500011a1
	static SHA256_oid	500011a3
	static SHA384_oid	500011a5
	static SHA512_oid	500011a7
	static DH_data	500011a8
	static DH_PKIX_data	500011a9
	static DSA_OIW_data	500011aa
	static DSA_PKIX_data	500011ab
	static RSA_data	500011ac
	static RSAEncryption_data	500011ad
	static DH_oid	500011d2
	static DH_PKIX_oid	500011d3
	static DSA_oid	500011d5
	static DSA_OIW_oid	500011d4
	static EC_oid	500011af
	static RSA_oid	500011d6
	static RSAEncryption_oid	500011d7
	static md2WithRSAEncryption_data	500011b0
	static md5WithRSAEncryption_data	500011b1
	static sha1WithRSAEncryption_data	500011b2
	static sha1WithRSAEncryption_OIW_data	500011b3
	static sha256WithRSAEncryption_data	500011b4
	static sha384WithRSAEncryption_data	500011b5
	static sha512WithRSAEncryption_data	500011b6
	static shaWithDSA_OIW_data	500011b7
	static sha1WithDSA_OIW_data	500011b8
	static dsaWithSHA1_PKIX_data	500011b9
	static md2WithRSAEncryption_oid	500011d8
	static md5WithRSAEncryption_oid	500011d9
	static sha1WithRSAEncryption_oid	500011da
	static sha1WithRSAEncryption_OIW_oid	500011db
	static sha256WithRSAEncryption_oid	500011dc
	static sha384WithRSAEncryption_oid	500011dd
	static sha512WithRSAEncryption_oid	500011de
	static shaWithDSA_OIW_oid	500011df
	static sha1WithDSA_OIW_oid	500011e0
	static sha1WithDSA_oid	500011e1
	static sha1WithECDSA_oid	500011bb
	static sha224WithECDSA_oid	500011bd
	static sha256WithECDSA_oid	500011bf
	static sha384WithECDSA_oid	500011c1
	static sha512WithECDSA_oid	500011c3
	static specifiedWithECDSA_oid	500011c5
	static pbeWithMD5AndDES_oid	500011c7
	static pbeWithMD5AndRC2_oid	500011c9
	static pbeWithSHA1AndDES_oid	500011cb
	static pbeWithSHA1AndRC2_oid	500011cd
	static pbeWithSHA1AndDESede_oid	500011cf
	static pbeWithSHA1AndRC2_40_oid	500011d1
	constant pool entry 555	50000097
	constant pool entry 362	50001066
	constant pool entry 335	50000061
	constant pool entry 332	5000002e
	constant pool entry 315	50001a42
	constant pool entry 188	500000ab
	constant pool entry 187	50003abf
	constant pool entry 186	50003abe
	constant pool entry 185	50003abd
	constant pool entry 184	50003abc
	constant pool entry 183	50003abb
	constant pool entry 182	50003aba
	constant pool entry 181	50003ab9
	constant pool entry 180	50003ab8
	constant pool entry 179	50003ab7
	constant pool entry 178	50003ab6
	constant pool entry 177	50003ab5
	constant pool entry 176	50003ab4
	constant pool entry 175	50003ab3
	constant pool entry 174	50003ab2
	constant pool entry 132	500000cb
	constant pool entry 120	50003ab1
	constant pool entry 110	50003ab0
	constant pool entry 106	50003aaf
	constant pool entry 103	50003aae
	constant pool entry 101	50003aad
	constant pool entry 99	50003aac
	constant pool entry 96	50003aab
	constant pool entry 94	50003aaa
	constant pool entry 92	50003aa9
	constant pool entry 89	50003aa8
	constant pool entry 86	50003aa7
	constant pool entry 81	50003aa6
	constant pool entry 78	50003aa5
	constant pool entry 46	50001077
	constant pool entry 44	50001199
	constant pool entry 34	50003aa4
	constant pool entry 28	50000036
	constant pool entry 18	50001086
	constant pool entry 15	5000108e
CLS 5000119a (name=sun.security.x509.AlgorithmId[], trace=300695)
	super		500000ab
CLS 5000121f (name=java.security.cert.CertificateFactory, trace=300817)
	super		500000ab
	constant pool entry 81	50001788
	constant pool entry 78	50001221
	constant pool entry 30	500000ab
	constant pool entry 8	5000121f
	constant pool entry 6	50001220
	constant pool entry 5	50003af9
CLS 50001220 (name=java.security.cert.CertificateFactorySpi, trace=300818)
	super		500000ab
	constant pool entry 5	500000ab
CLS 50001221 (name=sun.security.jca.GetInstance, trace=300819)
	super		500000ab
	constant pool entry 131	5000002c
	constant pool entry 108	50000e73
	constant pool entry 92	50000e6f
	constant pool entry 90	50000e6c
	constant pool entry 50	500000ab
	constant pool entry 49	50001221
	constant pool entry 40	50001788
	constant pool entry 31	5000146b
CLS 50001222 (name=sun.security.jca.ProviderConfig$1, trace=300820)
	super		500000ab
	constant pool entry 29	5000004e
	constant pool entry 27	5000002c
	constant pool entry 11	500000ab
	constant pool entry 7	50000044
	constant pool entry 3	50003b5c
	constant pool entry 2	500000dc
CLS 50001226 (name=sun.reflect.UnsafeFieldAccessorFactory, trace=300822)
	super		500000ab
	constant pool entry 113	50000044
	constant pool entry 111	5000012d
	constant pool entry 108	500000cf
	constant pool entry 104	500000b7
	constant pool entry 101	5000004e
	constant pool entry 11	50001227
CLS 50001227 (name=sun.reflect.UnsafeStaticBooleanFieldAccessorImpl, trace=300823)
	super		5000013f
	constant pool entry 83	5000012d
	constant pool entry 30	5000013f
	constant pool entry 29	50001227
	constant pool entry 2	50000044
CLS 5000122c (name=sun.security.jca.ProviderConfig$2, trace=300828)
	super		500000ab
	constant pool entry 18	500000dc
	constant pool entry 4	500000ab
CLS 5000122e (name=sun.security.jca.ProviderConfig$4, trace=300830)
	super		500000ab
	constant pool entry 63	5000002c
	constant pool entry 59	500000dc
	constant pool entry 47	50000e70
	constant pool entry 34	500000ab
	constant pool entry 33	5000122e
	constant pool entry 22	50000e73
CLS 50001230 (name=sun.security.provider.Sun, trace=300832)
	super		50000e73
	static INFO	50003b69
	static PROP_EGD	50003e32
	static PROP_RNDSOURCE	50003e33
	static URL_DEV_RANDOM	50003e34
	static URL_DEV_URANDOM	50003e31
	static seedSource	50000f92
	constant pool entry 268	50000042
	constant pool entry 163	50000061
	constant pool entry 156	50001246
	constant pool entry 152	50000074
	constant pool entry 137	50003e34
	constant pool entry 135	50003e33
	constant pool entry 133	50003e32
	constant pool entry 124	50000e73
	constant pool entry 123	50001230
	constant pool entry 122	50000036
	constant pool entry 120	50001237
	constant pool entry 116	50003b83
	constant pool entry 115	50003c03
	constant pool entry 114	50003bfd
	constant pool entry 113	50003bdd
	constant pool entry 112	50003ba4
	constant pool entry 111	50003b89
	constant pool entry 110	50003b9a
	constant pool entry 109	50003b72
	constant pool entry 108	50003b87
	constant pool entry 107	50003b8b
	constant pool entry 106	50003be9
	constant pool entry 105	50003c1d
	constant pool entry 104	50003bae
	constant pool entry 103	50003bff
	constant pool entry 102	50003b71
	constant pool entry 101	50003bc9
	constant pool entry 100	50003c0d
	constant pool entry 99	50003beb
	constant pool entry 98	50003b9c
	constant pool entry 97	50003b9d
	constant pool entry 96	50003b93
	constant pool entry 95	50003b94
	constant pool entry 94	50003be5
	constant pool entry 93	50003be6
	constant pool entry 92	50003bf9
	constant pool entry 91	50003bfa
	constant pool entry 90	50003bed
	constant pool entry 89	50003bee
	constant pool entry 88	50003c01
	constant pool entry 87	50003c07
	constant pool entry 86	50003c08
	constant pool entry 85	50003bb7
	constant pool entry 84	50003bb8
	constant pool entry 83	50003bd7
	constant pool entry 82	50003bd8
	constant pool entry 81	50003ba6
	constant pool entry 80	50003ba7
	constant pool entry 79	50003bbb
	constant pool entry 78	50003bbc
	constant pool entry 77	50003b7f
	constant pool entry 76	50003b80
	constant pool entry 75	50003b75
	constant pool entry 74	50003b76
	constant pool entry 73	50003a14
	constant pool entry 72	50003b91
	constant pool entry 71	50003bf1
	constant pool entry 70	50003bf2
	constant pool entry 69	50003bac
	constant pool entry 68	50003c17
	constant pool entry 67	50003ba0
	constant pool entry 66	50003ba1
	constant pool entry 65	50003bb5
	constant pool entry 64	50003bbf
	constant pool entry 63	50003bdf
	constant pool entry 62	50003be0
	constant pool entry 61	50003bcb
	constant pool entry 60	50003bcc
	constant pool entry 59	50003bd3
	constant pool entry 58	50003bd4
	constant pool entry 57	50003bc5
	constant pool entry 56	50003bc6
	constant pool entry 55	50003c2a
	constant pool entry 54	50003c2b
	constant pool entry 53	50003c0b
	constant pool entry 52	50003aa4
	constant pool entry 51	50003b79
	constant pool entry 50	50003b7b
	constant pool entry 49	50003b7c
	constant pool entry 48	50003c24
	constant pool entry 47	50003c25
	constant pool entry 46	50003c30
	constant pool entry 45	50003c31
	constant pool entry 44	50003bc3
	constant pool entry 43	50003c20
	constant pool entry 42	50003aac
	constant pool entry 41	50003c2e
	constant pool entry 40	50003c19
	constant pool entry 39	50003c1a
	constant pool entry 38	50003bdb
	constant pool entry 37	50003c05
	constant pool entry 36	50003b6d
	constant pool entry 35	50003baa
	constant pool entry 34	50003c28
	constant pool entry 33	50003c22
	constant pool entry 32	50003b6b
	constant pool entry 31	50003b98
	constant pool entry 30	50003bc1
	constant pool entry 29	50003b6f
	constant pool entry 28	50003ab0
	constant pool entry 27	50003b85
	constant pool entry 26	50003bd0
	constant pool entry 25	50003be3
	constant pool entry 24	50003bcf
	constant pool entry 23	50003bb0
	constant pool entry 22	50003bb1
	constant pool entry 21	50003b8d
	constant pool entry 20	50003b8e
	constant pool entry 19	50003c13
	constant pool entry 18	50003c14
	constant pool entry 17	50003c0f
	constant pool entry 16	50003c10
	constant pool entry 14	50003bf5
	constant pool entry 13	50003bf6
	constant pool entry 11	50003e31
	constant pool entry 4	50003b69
	constant pool entry 1	50003b6a
CLS 50001237 (name=sun.security.provider.Sun$1, trace=300839)
	super		500000ab
	constant pool entry 29	50000f3c
	constant pool entry 26	50000036
	constant pool entry 24	50000074
	constant pool entry 9	500000ab
	constant pool entry 6	50003e33
	constant pool entry 3	500032b6
	constant pool entry 2	50003e32
CLS 5000123d (name=java.lang.StrictMath, trace=300841)
	super		500000ab
	constant pool entry 167	5000002c
	constant pool entry 148	50000010
	constant pool entry 137	500000f3
	constant pool entry 133	500000e4
	constant pool entry 52	5000123d
CLS 5000123e (name=sun.misc.FpUtils, trace=300842)
	super		500000ab
	constant pool entry 150	5000002c
	constant pool entry 122	500000f3
	constant pool entry 74	5000123e
CLS 50001245 (name=java.security.SecureRandomSpi, trace=300844)
	super		500000ab
CLS 50001246 (name=sun.security.provider.NativePRNG, trace=300844)
	super		50001245
	static NAME_RANDOM	50003e39
	static NAME_URANDOM	50003e3a
	static INSTANCE	50001256
	constant pool entry 49	50000042
	constant pool entry 27	50003e3a
	constant pool entry 25	50003e39
	constant pool entry 14	50001246
	constant pool entry 4	50001255
	constant pool entry 1	50001247
CLS 50001247 (name=sun.security.provider.NativePRNG$1, trace=300845)
	super		500000ab
	constant pool entry 11	500000ab
	constant pool entry 7	50001255
	constant pool entry 6	50003e3a
	constant pool entry 3	50003e39
	constant pool entry 2	500000b8
CLS 50001255 (name=sun.security.provider.NativePRNG$RandomIO, trace=300849)
	super		500000ab
	constant pool entry 167	50000097
	constant pool entry 48	50001255
	constant pool entry 10	500000cc
	constant pool entry 6	500000ab
CLS 5000145e (name=java.util.HashMap$EntrySet, trace=301079)
	super		500000f1
	constant pool entry 42	500000cb
	constant pool entry 13	500000f1
	constant pool entry 12	5000145e
CLS 50001460 (name=java.util.LinkedHashMap$LinkedHashIterator, trace=301081)
	super		500000ab
	constant pool entry 52	500000e0
	constant pool entry 22	500000a3
	constant pool entry 19	500000ab
	constant pool entry 18	50001460
CLS 50001461 (name=java.util.LinkedHashMap$EntryIterator, trace=301081)
	super		50001460
	constant pool entry 7	50001460
	constant pool entry 6	50001461
CLS 5000146b (name=java.security.Provider$Service, trace=301091)
	super		500000ab
	static CLASS0	5000146c
	constant pool entry 404	50000097
	constant pool entry 323	50000044
	constant pool entry 289	50000007
	constant pool entry 230	50000e73
	constant pool entry 228	50000061
	constant pool entry 223	50000028
	constant pool entry 219	5000011a
	constant pool entry 124	5000146b
	constant pool entry 111	5000002d
	constant pool entry 107	50003b3a
	constant pool entry 104	50003b39
	constant pool entry 102	50003b38
	constant pool entry 96	50001a32
	constant pool entry 83	50000113
	constant pool entry 68	500000ab
	constant pool entry 66	5000002c
	constant pool entry 51	50000e7e
	constant pool entry 35	50000036
	constant pool entry 21	500014a6
	constant pool entry 19	500000cb
	constant pool entry 15	5000011e
CLS 500014a6 (name=java.security.Provider$UString, trace=301109)
	super		500000ab
	constant pool entry 29	50000036
	constant pool entry 27	500000a7
	constant pool entry 9	500000ab
	constant pool entry 7	500014a6
CLS 50001770 (name=sun.security.provider.X509Factory, trace=301115)
	super		50001220
	static BEGIN_CERT	50003c4b
	static END_CERT	50003c4c
	static endBoundary	50001771
	static certCache	50001774
	static crlCache	5000177a
	constant pool entry 341	50000097
	constant pool entry 247	50000036
	constant pool entry 207	50000074
	constant pool entry 181	5000006a
	constant pool entry 174	50001772
	constant pool entry 117	50003c4c
	constant pool entry 115	50003c4b
	constant pool entry 111	50001220
	constant pool entry 110	50001770
	constant pool entry 88	50003c4a
	constant pool entry 50	500025a3
	constant pool entry 46	5000179f
	constant pool entry 16	500017a1
CLS 50001772 (name=sun.security.util.Cache, trace=301117)
	super		500000ab
	constant pool entry 7	500000ab
	constant pool entry 2	50001773
CLS 50001773 (name=sun.security.util.MemoryCache, trace=301118)
	super		50001772
	constant pool entry 105	50000061
	constant pool entry 44	50001772
	constant pool entry 43	50001773
	constant pool entry 39	50001c2e
	constant pool entry 9	500000e0
	constant pool entry 5	5000009c
CLS 50001788 (name=sun.security.jca.GetInstance$Instance, trace=301129)
	super		500000ab
	constant pool entry 35	50000097
	constant pool entry 6	50001788
	constant pool entry 5	500000ab
CLS 50001793 (name=java.security.cert.X509Extension, trace=301135)
CLS 50001794 (name=java.security.cert.X509Certificate, trace=301135)
	super		5000010d
	constant pool entry 11	5000010d
	constant pool entry 1	50003a14
CLS 50001795 (name=java.security.cert.X509Certificate[], trace=301136)
	super		500000ab
CLS 5000179f (name=sun.security.util.Cache$EqualByteArray, trace=301142)
	super		500000ab
	constant pool entry 6	500000ab
	constant pool entry 4	5000179f
CLS 500017a1 (name=sun.security.x509.X509CertImpl, trace=301144)
	super		50001794
	static DOT	500034fc
	static NAME	50003c5b
	static INFO	50003dad
	static ALG_ID	50003c4f
	static SIGNATURE	50003db3
	static SIGNED_CERT	50003db4
	static SUBJECT_DN	50003dbf
	static ISSUER_DN	50003dc0
	static SERIAL_ID	50003dc1
	static PUBLIC_KEY	50003dc2
	static VERSION	50003dc3
	static SIG_ALG	50003db5
	static SIG	50003db6
	static KEY_USAGE_OID	50003dc4
	static EXTENDED_KEY_USAGE_OID	50003dbb
	static BASIC_CONSTRAINT_OID	50003dc5
	static SUBJECT_ALT_NAME_OID	50003dbc
	static ISSUER_ALT_NAME_OID	50003dbd
	static AUTH_INFO_ACCESS_OID	50003dc6
	constant pool entry 970	50000097
	constant pool entry 723	50001b08
	constant pool entry 675	50001b0e
	constant pool entry 667	50000074
	constant pool entry 559	50000036
	constant pool entry 371	50003dc6
	constant pool entry 367	50003dc5
	constant pool entry 364	50003dc4
	constant pool entry 351	50003dc3
	constant pool entry 349	50003dc2
	constant pool entry 347	50003dc1
	constant pool entry 345	50003dc0
	constant pool entry 343	50003dbf
	constant pool entry 336	500034fc
	constant pool entry 327	50001794
	constant pool entry 317	500017a1
	constant pool entry 309	50001066
	constant pool entry 305	50001199
	constant pool entry 304	50003dbe
	constant pool entry 286	50003dbd
	constant pool entry 280	50003dbc
	constant pool entry 227	50003dbb
	constant pool entry 221	50001bb6
	constant pool entry 197	50001aed
	constant pool entry 196	50003ce3
	constant pool entry 159	50003dba
	constant pool entry 156	500018fa
	constant pool entry 155	50003db9
	constant pool entry 154	500018e7
	constant pool entry 153	50003db8
	constant pool entry 147	50001a33
	constant pool entry 146	50003db7
	constant pool entry 132	50003db6
	constant pool entry 131	50003db5
	constant pool entry 121	500017bf
	constant pool entry 117	50003db4
	constant pool entry 115	50003db3
	constant pool entry 114	50003c4f
	constant pool entry 112	50003dad
	constant pool entry 105	50003c5b
	constant pool entry 102	50001c28
	constant pool entry 7	50001086
CLS 500017a5 (name=sun.misc.IOUtils, trace=301148)
	super		500000ab
	constant pool entry 45	50000097
	constant pool entry 26	5000006a
	constant pool entry 24	5000003c
	constant pool entry 22	500000e4
CLS 500017be (name=sun.security.x509.CertAttrSet, trace=301167)
CLS 500017bf (name=sun.security.x509.X509CertInfo, trace=301167)
	super		500000ab
	static IDENT	50003dae
	static NAME	50003dad
	static VERSION	50003a17
	static SERIAL_NUMBER	50003aa0
	static ALGORITHM_ID	50003c50
	static ISSUER	50003d8d
	static VALIDITY	50003d95
	static SUBJECT	50003d9e
	static KEY	50003da7
	static ISSUER_ID	50003dab
	static SUBJECT_ID	50003dac
	static EXTENSIONS	50003ce3
	static map	500017c0
	constant pool entry 453	50001066
	constant pool entry 420	50000061
	constant pool entry 237	50003dae
	constant pool entry 232	500000ab
	constant pool entry 228	500000cb
	constant pool entry 215	50000035
	constant pool entry 177	50001a2e
	constant pool entry 173	500019e8
	constant pool entry 171	500019c2
	constant pool entry 168	500018fb
	constant pool entry 167	50003d8b
	constant pool entry 165	500018f7
	constant pool entry 163	500018ec
	constant pool entry 161	500018e5
	constant pool entry 131	50001aed
	constant pool entry 105	50001c28
	constant pool entry 50	500017bf
	constant pool entry 44	50003dad
	constant pool entry 42	50003ce3
	constant pool entry 41	50003dac
	constant pool entry 40	50003dab
	constant pool entry 39	50003da7
	constant pool entry 38	50003d9e
	constant pool entry 37	50003d95
	constant pool entry 36	50003d8d
	constant pool entry 35	50003c50
	constant pool entry 34	50003aa0
	constant pool entry 32	50003a17
	constant pool entry 15	50001086
	constant pool entry 2	500018d0
CLS 500017c2 (name=java.lang.Integer$IntegerCache, trace=301170)
	super		500000ab
	static cache	500017c4
	constant pool entry 54	50000097
	constant pool entry 12	500017c2
	constant pool entry 9	50000035
CLS 500017c3 (name=java.lang.Integer[], trace=301171)
	super		500000ab
CLS 500018d0 (name=sun.security.x509.CertificateVersion, trace=301184)
	super		500000ab
	static IDENT	50003a18
	static NAME	50003a17
	static VERSION	50003a16
	constant pool entry 93	50001066
	constant pool entry 56	50003a18
	constant pool entry 44	500000ab
	constant pool entry 43	500018d0
	constant pool entry 42	50003a17
	constant pool entry 32	50003a16
	constant pool entry 20	50001086
CLS 500018e5 (name=sun.security.x509.CertificateSerialNumber, trace=301202)
	super		500000ab
	static IDENT	50003aa1
	static NAME	50003aa0
	static NUMBER	50003a16
	constant pool entry 81	50000036
	constant pool entry 33	50003aa1
	constant pool entry 28	500000ab
	constant pool entry 27	500018e5
	constant pool entry 26	50003aa0
	constant pool entry 19	50003a16
	constant pool entry 2	500018e7
CLS 500018e7 (name=sun.security.x509.SerialNumber, trace=301204)
	super		500000ab
	constant pool entry 47	50001066
	constant pool entry 23	500000ab
	constant pool entry 22	500018e7
	constant pool entry 12	50001086
CLS 500018ec (name=sun.security.x509.CertificateAlgorithmId, trace=301209)
	super		500000ab
	static IDENT	50003c51
	static NAME	50003c50
	static ALGORITHM	50003c4f
	constant pool entry 92	50000036
	constant pool entry 69	50001066
	constant pool entry 42	50003c51
	constant pool entry 35	500000ab
	constant pool entry 34	500018ec
	constant pool entry 33	50003c50
	constant pool entry 26	50003c4f
	constant pool entry 22	50001199
CLS 500018f7 (name=sun.security.x509.CertificateIssuerName, trace=301217)
	super		500000ab
	static IDENT	50003d8e
	static NAME	50003d8d
	static DN_NAME	50003d8b
	static DN_PRINCIPAL	50003d8c
	constant pool entry 83	50000036
	constant pool entry 35	50003d8e
	constant pool entry 30	500000ab
	constant pool entry 29	500018f7
	constant pool entry 28	50003d8d
	constant pool entry 22	50003d8c
	constant pool entry 18	50003d8b
	constant pool entry 3	500018fb
CLS 500018f9 (name=sun.security.x509.GeneralNameInterface, trace=301219)
CLS 500018fa (name=java.security.Principal, trace=301219)
CLS 500018fb (name=sun.security.x509.X500Name, trace=301219)
	super		500000ab
	static internedOIDs	500018fc
	static commonName_data	500018fe
	static SURNAME_DATA	500018ff
	static SERIALNUMBER_DATA	50001900
	static countryName_data	50001901
	static localityName_data	50001902
	static stateName_data	50001903
	static streetAddress_data	50001904
	static orgName_data	50001905
	static orgUnitName_data	50001906
	static title_data	50001907
	static GIVENNAME_DATA	50001908
	static INITIALS_DATA	50001909
	static GENERATIONQUALIFIER_DATA	5000190a
	static DNQUALIFIER_DATA	5000190b
	static ipAddress_data	5000190c
	static DOMAIN_COMPONENT_DATA	5000190d
	static userid_data	5000190e
	static commonName_oid	5000190f
	static countryName_oid	50001913
	static localityName_oid	50001915
	static orgName_oid	50001917
	static orgUnitName_oid	50001919
	static stateName_oid	5000191b
	static streetAddress_oid	5000191d
	static title_oid	5000191f
	static DNQUALIFIER_OID	50001921
	static SURNAME_OID	50001923
	static GIVENNAME_OID	50001925
	static INITIALS_OID	50001927
	static GENERATIONQUALIFIER_OID	5000192a
	static ipAddress_oid	5000192c
	static DOMAIN_COMPONENT_OID	5000192e
	static userid_oid	50001930
	static SERIALNUMBER_OID	50001911
	static principalConstructor	50001937
	static principalField	50001939
	constant pool entry 560	50000097
	constant pool entry 478	50000042
	constant pool entry 398	50000061
	constant pool entry 336	50000036
	constant pool entry 168	5000004e
	constant pool entry 167	5000000d
	constant pool entry 166	500000ac
	constant pool entry 163	50001932
	constant pool entry 137	500000cb
	constant pool entry 127	500000ab
	constant pool entry 119	50001077
	constant pool entry 53	500018fb
	constant pool entry 39	50001066
	constant pool entry 25	50001086
	constant pool entry 19	5000194e
	constant pool entry 13	5000004d
CLS 50001932 (name=sun.security.x509.X500Name$1, trace=301258)
	super		500000ab
	constant pool entry 49	50000097
	constant pool entry 33	5000004e
	constant pool entry 29	5000000d
	constant pool entry 10	500000ab
	constant pool entry 7	50003c73
	constant pool entry 4	500018fb
	constant pool entry 3	5000002c
	constant pool entry 2	50001934
CLS 50001934 (name=javax.security.auth.x500.X500Principal, trace=301260)
	super		500000ab
	static RFC1779	50003c6d
	static RFC2253	50003c6c
	static CANONICAL	50003c6e
	constant pool entry 41	50003c6e
	constant pool entry 37	50003c6d
	constant pool entry 35	50003c6c
CLS 5000194e (name=sun.security.x509.RDN, trace=301268)
	super		500000ab
	constant pool entry 248	50000097
	constant pool entry 150	50001086
	constant pool entry 115	5000011a
	constant pool entry 68	500000ab
	constant pool entry 48	5000194e
	constant pool entry 37	50001066
	constant pool entry 19	5000195d
CLS 5000194f (name=sun.security.x509.RDN[], trace=301269)
	super		500000ab
CLS 5000195d (name=sun.security.x509.AVA, trace=301276)
	super		500000ab
	static specialChars	50003c57
	static specialChars2253	50003c59
	static specialCharsAll	50003c58
	static hexDigits	50003c56
	constant pool entry 396	50000042
	constant pool entry 385	500022aa
	constant pool entry 383	500022a3
	constant pool entry 379	500000a7
	constant pool entry 372	500000d0
	constant pool entry 337	50001066
	constant pool entry 304	500018fb
	constant pool entry 279	50000121
	constant pool entry 256	500021dc
	constant pool entry 249	5000011a
	constant pool entry 156	500000ab
	constant pool entry 154	50000044
	constant pool entry 151	50003c5d
	constant pool entry 150	50001960
	constant pool entry 148	50003c5c
	constant pool entry 147	50003c5b
	constant pool entry 135	50003c5a
	constant pool entry 100	5000195d
	constant pool entry 85	50003582
	constant pool entry 84	50000036
	constant pool entry 72	50003c59
	constant pool entry 66	50003c58
	constant pool entry 52	50003c57
	constant pool entry 38	50003c56
	constant pool entry 21	50001086
	constant pool entry 9	5000004d
CLS 5000195e (name=sun.security.x509.AVA[], trace=301277)
	super		500000ab
CLS 50001960 (name=sun.security.action.GetBooleanAction, trace=301278)
	super		500000ab
	constant pool entry 24	50000044
	constant pool entry 7	500000ab
	constant pool entry 6	50001960
CLS 500019c2 (name=sun.security.x509.CertificateValidity, trace=301285)
	super		500000ab
	static IDENT	50003d96
	static NAME	50003d95
	static NOT_BEFORE	50003d93
	static NOT_AFTER	50003d94
	constant pool entry 113	50001086
	constant pool entry 70	50003d96
	constant pool entry 65	500000ab
	constant pool entry 64	500019c2
	constant pool entry 53	50003d95
	constant pool entry 45	50003d94
	constant pool entry 43	50003d93
	constant pool entry 13	50001066
CLS 500019d3 (name=sun.util.calendar.CalendarSystem, trace=301294)
	super		500000ab
	static PACKAGE_NAME	50003a1d
	static namePairs	500019d4
	static GREGORIAN_INSTANCE	500019dc
	constant pool entry 158	50000097
	constant pool entry 38	500000ab
	constant pool entry 36	500019d7
	constant pool entry 35	50003a23
	constant pool entry 34	50003a22
	constant pool entry 33	50003a21
	constant pool entry 32	50003a20
	constant pool entry 22	50003a1f
	constant pool entry 21	50000036
	constant pool entry 17	50003a1e
	constant pool entry 12	500019d3
	constant pool entry 8	50003a1d
CLS 500019d5 (name=sun.util.calendar.AbstractCalendar, trace=301296)
	super		500019d3
	constant pool entry 75	500019d3
	constant pool entry 74	500019d5
	constant pool entry 65	500019dd
CLS 500019d6 (name=sun.util.calendar.BaseCalendar, trace=301296)
	super		500019d5
	static FIXED_DATES	500019d8
	static DAYS_IN_MONTH	500019d9
	static ACCUMULATED_DAYS_IN_MONTH	500019da
	static ACCUMULATED_DAYS_IN_MONTH_LEAP	500019db
	constant pool entry 339	50000097
	constant pool entry 291	5000002c
	constant pool entry 275	500019e1
	constant pool entry 245	500019dd
	constant pool entry 158	500019d5
	constant pool entry 86	500019d6
	constant pool entry 2	500019de
CLS 500019d7 (name=sun.util.calendar.Gregorian, trace=301296)
	super		500019d6
	constant pool entry 15	500019d6
	constant pool entry 14	500019d7
	constant pool entry 7	500019df
CLS 500019dd (name=sun.util.calendar.CalendarDate, trace=301302)
	super		500000ab
	constant pool entry 72	500000ab
	constant pool entry 43	500019dd
CLS 500019de (name=sun.util.calendar.BaseCalendar$Date, trace=301302)
	super		500019dd
	constant pool entry 14	500019dd
	constant pool entry 13	500019de
CLS 500019df (name=sun.util.calendar.Gregorian$Date, trace=301302)
	super		500019de
	constant pool entry 6	500019de
	constant pool entry 5	500019df
CLS 500019e1 (name=sun.util.calendar.CalendarUtils, trace=301304)
	super		500000ab
CLS 500019e2 (name=java.util.Date, trace=301305)
	super		500000ab
	static gcal	500019dc
	static wtb	500019e3
	static ttb	500019e4
	constant pool entry 461	50000097
	constant pool entry 320	500019d3
	constant pool entry 138	500000ab
	constant pool entry 137	50003a4a
	constant pool entry 136	50003a49
	constant pool entry 135	50003a48
	constant pool entry 134	50003a47
	constant pool entry 133	50003a46
	constant pool entry 132	50003a45
	constant pool entry 131	50003a44
	constant pool entry 130	50003a43
	constant pool entry 129	50003a42
	constant pool entry 128	50003a41
	constant pool entry 127	50003a40
	constant pool entry 126	50003a3f
	constant pool entry 125	50003a3e
	constant pool entry 124	50003a3d
	constant pool entry 123	50003a3c
	constant pool entry 122	50003a3b
	constant pool entry 121	50003a3a
	constant pool entry 120	50003a39
	constant pool entry 119	50003a38
	constant pool entry 118	50003a37
	constant pool entry 117	50003a36
	constant pool entry 116	50003a35
	constant pool entry 115	50003a34
	constant pool entry 114	50003a33
	constant pool entry 113	50003a32
	constant pool entry 112	50003a31
	constant pool entry 111	50003a30
	constant pool entry 110	50003a2f
	constant pool entry 109	50003a2e
	constant pool entry 108	50003a2d
	constant pool entry 107	50003a2c
	constant pool entry 106	50003a2b
	constant pool entry 105	50000036
	constant pool entry 18	500019e2
CLS 500019e8 (name=sun.security.x509.CertificateSubjectName, trace=301309)
	super		500000ab
	static IDENT	50003d9f
	static NAME	50003d9e
	static DN_NAME	50003d8b
	static DN_PRINCIPAL	50003d8c
	constant pool entry 83	50000036
	constant pool entry 35	50003d9f
	constant pool entry 30	500000ab
	constant pool entry 29	500019e8
	constant pool entry 28	50003d9e
	constant pool entry 22	50003d8c
	constant pool entry 18	50003d8b
	constant pool entry 3	500018fb
CLS 50001a2e (name=sun.security.x509.CertificateX509Key, trace=301315)
	super		500000ab
	static IDENT	50003da8
	static NAME	50003da7
	static KEY	500032e3
	constant pool entry 75	50000036
	constant pool entry 63	50001a34
	constant pool entry 61	50001066
	constant pool entry 32	50003da8
	constant pool entry 27	500000ab
	constant pool entry 26	50001a2e
	constant pool entry 25	50003da7
	constant pool entry 15	500032e3
CLS 50001a32 (name=java.security.Key, trace=301319)
CLS 50001a33 (name=java.security.PublicKey, trace=301319)
CLS 50001a34 (name=sun.security.x509.X509Key, trace=301319)
	super		500000ab
	constant pool entry 190	50001a9d
	constant pool entry 173	50001199
	constant pool entry 171	50001066
	constant pool entry 95	500000ab
	constant pool entry 82	50000a72
	constant pool entry 77	50001086
	constant pool entry 56	50001a34
	constant pool entry 34	50001a9a
	constant pool entry 31	5000108e
	constant pool entry 9	50001a6e
CLS 50001a42 (name=java.security.AlgorithmParameters, trace=301330)
	super		500000ab
	constant pool entry 82	50000f3c
	constant pool entry 39	500000ab
	constant pool entry 11	50000e73
	constant pool entry 10	50001a49
	constant pool entry 9	50001a42
	constant pool entry 6	50003adc
CLS 50001a49 (name=java.security.AlgorithmParametersSpi, trace=301335)
	super		500000ab
	constant pool entry 3	500000ab
CLS 50001a4d (name=sun.security.provider.DSAParameters, trace=301115)
	super		50001a49
	constant pool entry 104	5000002c
	constant pool entry 92	50001066
	constant pool entry 50	50001a49
	constant pool entry 49	50001a4d
	constant pool entry 30	50003da3
	constant pool entry 12	50001086
	constant pool entry 2	50002406
CLS 50001a6e (name=sun.security.util.BitArray, trace=301351)
	super		500000ab
	static NYBBLE	50001a70
	constant pool entry 110	50000097
	constant pool entry 88	50000149
	constant pool entry 81	50000149
	constant pool entry 78	50000074
	constant pool entry 29	500000ab
	constant pool entry 18	50001a6e
	constant pool entry 11	50000149
CLS 50001a6f (name=byte[][], trace=301352)
	super		500000ab
CLS 50001a98 (name=java.security.spec.KeySpec, trace=301383)
CLS 50001a99 (name=java.security.spec.EncodedKeySpec, trace=301383)
	super		500000ab
	constant pool entry 25	50000149
	constant pool entry 22	50000149
	constant pool entry 7	500000ab
	constant pool entry 6	50001a99
	constant pool entry 3	50000149
CLS 50001a9a (name=java.security.spec.X509EncodedKeySpec, trace=301383)
	super		50001a99
	constant pool entry 5	50001a99
CLS 50001a9d (name=java.security.KeyFactory, trace=301386)
	super		500000ab
	constant pool entry 142	500000d0
	constant pool entry 121	50000003
	constant pool entry 104	50000028
	constant pool entry 102	50001221
	constant pool entry 46	50003b49
	constant pool entry 29	5000146b
	constant pool entry 21	50001aa5
	constant pool entry 19	50001a9d
	constant pool entry 7	50003af4
	constant pool entry 2	500000ab
CLS 50001aa0 (name=sun.security.jca.ProviderList$ServiceList, trace=301389)
	super		500000d2
	constant pool entry 92	50000e6f
	constant pool entry 89	50000e73
	constant pool entry 32	500000d2
	constant pool entry 31	50001aa0
	constant pool entry 28	50001aa2
CLS 50001aa2 (name=sun.security.jca.ProviderList$ServiceList$1, trace=301391)
	super		500000ab
	constant pool entry 16	50001aa0
	constant pool entry 11	500000ab
	constant pool entry 10	50001aa2
CLS 50001aa5 (name=java.security.KeyFactorySpi, trace=301115)
	super		500000ab
	constant pool entry 3	500000ab
CLS 50001aa6 (name=sun.security.provider.DSAKeyFactory, trace=301115)
	super		50001aa5
	static SERIAL_PROP	50003e2f
	constant pool entry 148	50000042
	constant pool entry 75	50001aa5
	constant pool entry 74	50001aa6
	constant pool entry 72	500032c3
	constant pool entry 71	50000036
	constant pool entry 68	50003e2f
	constant pool entry 67	500000ad
	constant pool entry 12	50001a9a
	constant pool entry 10	50001ab4
	constant pool entry 2	50001ab0
CLS 50001ab0 (name=java.security.spec.DSAPublicKeySpec, trace=301397)
	super		500000ab
CLS 50001ab1 (name=java.security.interfaces.DSAKey, trace=301398)
CLS 50001ab2 (name=java.security.interfaces.DSAPublicKey, trace=301398)
CLS 50001ab3 (name=sun.security.provider.DSAPublicKey, trace=301398)
	super		50001a34
	constant pool entry 87	50001a42
	constant pool entry 84	50001199
	constant pool entry 37	50001a34
	constant pool entry 36	50001ab3
	constant pool entry 32	50001066
	constant pool entry 24	50002406
	constant pool entry 22	50002404
CLS 50001ab4 (name=sun.security.provider.DSAPublicKeyImpl, trace=301398)
	super		50001ab3
	constant pool entry 10	50001ab3
CLS 50001aed (name=sun.security.x509.CertificateExtensions, trace=301419)
	super		500000ab
	static IDENT	50003ce4
	static NAME	50003ce3
	static PARAMS	50001aee
	constant pool entry 294	50000097
	constant pool entry 186	500000d0
	constant pool entry 170	5000000d
	constant pool entry 156	50001b08
	constant pool entry 150	50001066
	constant pool entry 90	50003ce4
	constant pool entry 86	50000044
	constant pool entry 85	5000002c
	constant pool entry 83	50003c5b
	constant pool entry 74	50001aed
	constant pool entry 73	50003ce3
	constant pool entry 25	500017be
	constant pool entry 21	500000ab
	constant pool entry 8	50001aff
	constant pool entry 2	50000033
CLS 50001aff (name=sun.security.x509.Extension, trace=301426)
	super		500000ab
	constant pool entry 75	50001066
	constant pool entry 35	500000ab
	constant pool entry 32	50001aff
	constant pool entry 11	50001086
CLS 50001b08 (name=sun.security.x509.OIDMap, trace=301435)
	super		500000ab
	static ROOT	50003ce4
	static AUTH_KEY_IDENTIFIER	50003cfb
	static SUB_KEY_IDENTIFIER	50003ce7
	static KEY_USAGE	50003ce9
	static PRIVATE_KEY_USAGE	50003ceb
	static POLICY_MAPPINGS	50003cf9
	static SUB_ALT_NAME	50003ced
	static ISSUER_ALT_NAME	50003cef
	static BASIC_CONSTRAINTS	50003cf1
	static NAME_CONSTRAINTS	50003cf7
	static POLICY_CONSTRAINTS	50003cfd
	static CRL_NUMBER	50003cf3
	static CRL_REASON	50003cf5
	static NETSCAPE_CERT	50003cff
	static CERT_POLICIES	50003d01
	static EXT_KEY_USAGE	50003d03
	static INHIBIT_ANY_POLICY	50003d05
	static CRL_DIST_POINTS	50003d07
	static CERT_ISSUER	50003d09
	static AUTH_INFO_ACCESS	50003d0b
	static ISSUING_DIST_POINT	50003d0d
	static DELTA_CRL_INDICATOR	50003d0f
	static FRESHEST_CRL	50003d11
	static OCSPNOCHECK	50003d13
	static NetscapeCertType_data	50001b09
	static oidMap	50001b0a
	static nameMap	50001b0c
	constant pool entry 296	50000097
	constant pool entry 181	50001b0e
	constant pool entry 160	50000061
	constant pool entry 105	50003ce4
	constant pool entry 98	50001b08
	constant pool entry 97	50003d14
	constant pool entry 95	50003d13
	constant pool entry 94	50003d12
	constant pool entry 92	50003d11
	constant pool entry 91	50003d10
	constant pool entry 89	50003d0f
	constant pool entry 88	50003d0e
	constant pool entry 86	50003d0d
	constant pool entry 85	50003d0c
	constant pool entry 83	50003d0b
	constant pool entry 82	50003d0a
	constant pool entry 80	50003d09
	constant pool entry 79	50003d08
	constant pool entry 77	50003d07
	constant pool entry 76	50003d06
	constant pool entry 74	50003d05
	constant pool entry 73	50003d04
	constant pool entry 71	50003d03
	constant pool entry 70	50003d02
	constant pool entry 68	50003d01
	constant pool entry 67	50003d00
	constant pool entry 65	50003cff
	constant pool entry 64	50003cfe
	constant pool entry 62	50003cfd
	constant pool entry 61	50003cfc
	constant pool entry 59	50003cfb
	constant pool entry 58	50003cfa
	constant pool entry 56	50003cf9
	constant pool entry 55	50003cf8
	constant pool entry 53	50003cf7
	constant pool entry 52	50003cf6
	constant pool entry 50	50003cf5
	constant pool entry 49	50003cf4
	constant pool entry 47	50003cf3
	constant pool entry 46	50003cf2
	constant pool entry 44	50003cf1
	constant pool entry 43	50003cf0
	constant pool entry 41	50003cef
	constant pool entry 40	50003cee
	constant pool entry 38	50003ced
	constant pool entry 37	50003cec
	constant pool entry 35	50003ceb
	constant pool entry 34	50003cea
	constant pool entry 32	50003ce9
	constant pool entry 30	50003ce8
	constant pool entry 28	50003ce7
	constant pool entry 26	500000cb
	constant pool entry 7	50001077
	constant pool entry 2	50001b43
CLS 50001b0e (name=sun.security.x509.PKIXExtensions, trace=301441)
	super		500000ab
	static AuthorityKey_data	50001b0f
	static SubjectKey_data	50001b10
	static KeyUsage_data	50001b11
	static PrivateKeyUsage_data	50001b12
	static CertificatePolicies_data	50001b13
	static PolicyMappings_data	50001b14
	static SubjectAlternativeName_data	50001b15
	static IssuerAlternativeName_data	50001b16
	static SubjectDirectoryAttributes_data	50001b17
	static BasicConstraints_data	50001b18
	static NameConstraints_data	50001b19
	static PolicyConstraints_data	50001b1a
	static CRLDistributionPoints_data	50001b1b
	static CRLNumber_data	50001b1c
	static IssuingDistributionPoint_data	50001b1d
	static DeltaCRLIndicator_data	50001b1e
	static ReasonCode_data	50001b1f
	static HoldInstructionCode_data	50001b20
	static InvalidityDate_data	50001b21
	static ExtendedKeyUsage_data	50001b22
	static InhibitAnyPolicy_data	50001b23
	static CertificateIssuer_data	50001b24
	static AuthInfoAccess_data	50001b25
	static SubjectInfoAccess_data	50001b26
	static FreshestCRL_data	50001b27
	static OCSPNoCheck_data	50001b28
	static AuthorityKey_Id	50001b29
	static SubjectKey_Id	50001b2a
	static KeyUsage_Id	50001b2b
	static PrivateKeyUsage_Id	50001b2c
	static CertificatePolicies_Id	50001b2d
	static PolicyMappings_Id	50001b2e
	static SubjectAlternativeName_Id	50001b2f
	static IssuerAlternativeName_Id	50001b30
	static SubjectDirectoryAttributes_Id	50001b33
	static BasicConstraints_Id	50001b34
	static NameConstraints_Id	50001b38
	static PolicyConstraints_Id	50001b39
	static CRLDistributionPoints_Id	50001b3a
	static CRLNumber_Id	50001b3b
	static IssuingDistributionPoint_Id	50001b3c
	static DeltaCRLIndicator_Id	50001b3d
	static ReasonCode_Id	50001b35
	static HoldInstructionCode_Id	50001b36
	static InvalidityDate_Id	50001b37
	static ExtendedKeyUsage_Id	50001b31
	static InhibitAnyPolicy_Id	50001b32
	static CertificateIssuer_Id	50001b3e
	static AuthInfoAccess_Id	50001b3f
	static SubjectInfoAccess_Id	50001b40
	static FreshestCRL_Id	50001b41
	static OCSPNoCheck_Id	50001b42
	constant pool entry 179	50000097
	constant pool entry 145	50001077
	constant pool entry 55	50001b0e
CLS 50001b43 (name=sun.security.x509.OIDMap$OIDInfo, trace=301494)
	super		500000ab
	constant pool entry 41	5000002c
	constant pool entry 19	500000ab
	constant pool entry 18	50001b43
CLS 50001b8d (name=sun.security.x509.NetscapeCertTypeExtension, trace=301524)
	super		50001aff
	static IDENT	50003cff
	static NAME	50003d71
	static SSL_CLIENT	50003d6a
	static SSL_SERVER	50003d6b
	static S_MIME	50003d6c
	static OBJECT_SIGNING	50003d6d
	static SSL_CA	50003d6e
	static S_MIME_CA	50003d6f
	static OBJECT_SIGNING_CA	50003d70
	static CertType_data	50001b8e
	static NetscapeCertType_Id	50001b8f
	static mMapData	50001b92
	static mAttributeNames	50001b9a
	constant pool entry 261	50000097
	constant pool entry 88	50003cff
	constant pool entry 81	50001aff
	constant pool entry 80	50001b8d
	constant pool entry 77	50000004
	constant pool entry 75	50001b90
	constant pool entry 73	50001077
	constant pool entry 62	50003d71
	constant pool entry 54	50003d70
	constant pool entry 52	50003d6f
	constant pool entry 50	50003d6e
	constant pool entry 48	50003d6d
	constant pool entry 46	50003d6c
	constant pool entry 44	50003d6b
	constant pool entry 42	50003d6a
	constant pool entry 34	50000044
	constant pool entry 31	50001086
	constant pool entry 30	50000149
	constant pool entry 15	50001a6e
	constant pool entry 5	50000116
CLS 50001b90 (name=sun.security.x509.NetscapeCertTypeExtension$MapEntry, trace=301527)
	super		500000ab
	constant pool entry 5	500000ab
	constant pool entry 4	50001b90
CLS 50001b91 (name=sun.security.x509.NetscapeCertTypeExtension$MapEntry[], trace=301528)
	super		500000ab
CLS 50001bb6 (name=sun.security.x509.KeyUsageExtension, trace=301524)
	super		50001aff
	static IDENT	50003ce9
	static NAME	50003d3a
	static DIGITAL_SIGNATURE	50003d31
	static NON_REPUDIATION	50003d32
	static KEY_ENCIPHERMENT	50003d33
	static DATA_ENCIPHERMENT	50003d34
	static KEY_AGREEMENT	50003d35
	static KEY_CERTSIGN	50003d36
	static CRL_SIGN	50003d37
	static ENCIPHER_ONLY	50003d38
	static DECIPHER_ONLY	50003d39
	constant pool entry 179	50000148
	constant pool entry 144	50000036
	constant pool entry 128	50001b0e
	constant pool entry 73	50003ce9
	constant pool entry 68	50001aff
	constant pool entry 67	50001bb6
	constant pool entry 66	50003d3a
	constant pool entry 65	50000148
	constant pool entry 37	50003d39
	constant pool entry 36	50003d38
	constant pool entry 35	50003d37
	constant pool entry 34	50003d36
	constant pool entry 33	50003d35
	constant pool entry 32	50003d34
	constant pool entry 31	50003d33
	constant pool entry 30	50003d32
	constant pool entry 27	50003d31
	constant pool entry 24	50000116
	constant pool entry 23	50000044
	constant pool entry 19	50001086
	constant pool entry 18	50000149
	constant pool entry 3	50001a6e
	constant pool entry 1	5000108e
CLS 50001bcf (name=sun.security.x509.SubjectKeyIdentifierExtension, trace=301524)
	super		50001aff
	static IDENT	50003ce7
	static NAME	50003d66
	static KEY_ID	50003d4b
	constant pool entry 87	50000044
	constant pool entry 82	50001b0e
	constant pool entry 46	50003ce7
	constant pool entry 41	50001aff
	constant pool entry 40	50001bcf
	constant pool entry 39	50003d66
	constant pool entry 31	50000116
	constant pool entry 29	50003d4b
	constant pool entry 16	50001086
	constant pool entry 15	50000149
	constant pool entry 8	50001bdc
CLS 50001bdc (name=sun.security.x509.KeyIdentifier, trace=301566)
	super		500000ab
	constant pool entry 38	500000ab
	constant pool entry 35	50001bdc
	constant pool entry 6	50001086
CLS 50001be7 (name=sun.security.x509.AuthorityKeyIdentifierExtension, trace=301524)
	super		50001aff
	static IDENT	50003cfb
	static NAME	50003d4e
	static KEY_ID	50003d4b
	static AUTH_NAME	50003d4c
	static SERIAL_NUMBER	50003d4d
	constant pool entry 146	50001066
	constant pool entry 138	50000044
	constant pool entry 133	50001b0e
	constant pool entry 77	50003cfb
	constant pool entry 72	50001aff
	constant pool entry 71	50001be7
	constant pool entry 70	50003d4e
	constant pool entry 63	50003d4d
	constant pool entry 61	50003d4c
	constant pool entry 58	50003d4b
	constant pool entry 36	50001bdc
	constant pool entry 25	50001086
	constant pool entry 24	50000149
	constant pool entry 12	50000116
CLS 50001be8 (name=sun.security.x509.GeneralNames, trace=301569)
	super		500000ab
	constant pool entry 86	50000028
	constant pool entry 76	50001066
	constant pool entry 70	50001086
	constant pool entry 36	500000ab
	constant pool entry 32	50001be8
	constant pool entry 14	5000011e
	constant pool entry 10	50001c13
CLS 50001c01 (name=sun.security.x509.SubjectAlternativeNameExtension, trace=301524)
	super		50001aff
	static IDENT	50003ced
	static NAME	50003d47
	static SUBJECT_NAME	50003d46
	constant pool entry 97	50001b0e
	constant pool entry 94	50000044
	constant pool entry 58	50003ced
	constant pool entry 53	50001aff
	constant pool entry 52	50001c01
	constant pool entry 51	50003d47
	constant pool entry 43	50000116
	constant pool entry 41	50003d46
	constant pool entry 19	50001086
	constant pool entry 18	50000149
	constant pool entry 16	50001be8
CLS 50001c13 (name=sun.security.x509.GeneralName, trace=301588)
	super		500000ab
	constant pool entry 87	50001086
	constant pool entry 58	500000ab
	constant pool entry 48	50001c13
	constant pool entry 16	50001c15
CLS 50001c15 (name=sun.security.x509.RFC822Name, trace=301590)
	super		500000ab
	constant pool entry 66	50000036
	constant pool entry 62	50001086
	constant pool entry 34	500000ab
	constant pool entry 21	50001c15
	constant pool entry 12	500034fc
CLS 50001c1c (name=sun.nio.cs.US_ASCII, trace=301594)
	super		50000101
	constant pool entry 32	50000145
	constant pool entry 10	50000101
	constant pool entry 6	50001c20
	constant pool entry 4	5000390b
	constant pool entry 1	50003907
CLS 50001c20 (name=sun.nio.cs.US_ASCII$Decoder, trace=301596)
	super		5000011b
	constant pool entry 73	5000002c
	constant pool entry 61	500000be
	constant pool entry 59	50000131
	constant pool entry 51	5000013d
	constant pool entry 30	5000011b
	constant pool entry 29	50001c20
	constant pool entry 27	50001c1c
CLS 50001c28 (name=sun.security.x509.X509AttributeName, trace=301600)
	super		500000ab
	constant pool entry 28	50000036
	constant pool entry 8	500000ab
	constant pool entry 7	50001c28
CLS 50001c2d (name=sun.security.util.MemoryCache$CacheEntry, trace=301605)
CLS 50001c2e (name=sun.security.util.MemoryCache$SoftCacheEntry, trace=301605)
	super		500000c8
	constant pool entry 10	500000c8
	constant pool entry 9	50001c2e
CLS 50001e3f (name=sun.security.x509.BasicConstraintsExtension, trace=301524)
	super		50001aff
	static IDENT	50003cf1
	static NAME	50003d60
	static IS_CA	50003d5e
	static PATH_LEN	50003d5f
	constant pool entry 124	50001066
	constant pool entry 110	50001b0e
	constant pool entry 67	50003cf1
	constant pool entry 62	50001aff
	constant pool entry 61	50001e3f
	constant pool entry 60	50003d60
	constant pool entry 50	50003d5f
	constant pool entry 48	50000044
	constant pool entry 46	50003d5e
	constant pool entry 22	50000116
	constant pool entry 19	50001086
	constant pool entry 18	50000149
CLS 50001e82 (name=sun.security.pkcs.SignerInfo, trace=301616)
	super		500000ab
	constant pool entry 248	5000217b
	constant pool entry 227	50000036
	constant pool entry 217	50001794
	constant pool entry 212	50001064
	constant pool entry 192	50001199
	constant pool entry 183	50001066
	constant pool entry 119	500000ab
	constant pool entry 118	50001e82
	constant pool entry 91	50003d32
	constant pool entry 89	50000044
	constant pool entry 87	50003d31
	constant pool entry 83	50001bb6
	constant pool entry 74	50003e62
	constant pool entry 71	5000004d
	constant pool entry 69	50003ab0
	constant pool entry 57	50003e1d
	constant pool entry 55	50003aa4
	constant pool entry 44	5000011e
	constant pool entry 16	50001086
	constant pool entry 15	500018fb
CLS 50001e83 (name=sun.security.pkcs.SignerInfo[], trace=301617)
	super		500000ab
CLS 5000217a (name=java.security.SignatureSpi, trace=301673)
	super		500000ab
	constant pool entry 33	500000ab
	constant pool entry 32	5000217a
CLS 5000217b (name=java.security.Signature, trace=301673)
	super		5000217a
	static RSA_SIGNATURE	50003e63
	static RSA_CIPHER	50003e64
	static rsaIds	50002185
	static signatureInfo	50002186
	constant pool entry 441	50000097
	constant pool entry 348	5000003c
	constant pool entry 270	500000d0
	constant pool entry 265	50000061
	constant pool entry 240	50000003
	constant pool entry 238	50000028
	constant pool entry 235	50001221
	constant pool entry 232	50000036
	constant pool entry 135	50003e6e
	constant pool entry 134	50003e6d
	constant pool entry 133	50003e6c
	constant pool entry 132	50003e6b
	constant pool entry 131	50003e6a
	constant pool entry 130	50003e69
	constant pool entry 129	50003e68
	constant pool entry 128	50003e67
	constant pool entry 127	50003c13
	constant pool entry 126	50003b8d
	constant pool entry 123	50000062
	constant pool entry 121	50003aaa
	constant pool entry 120	50003e66
	constant pool entry 119	50003e65
	constant pool entry 117	5000217c
	constant pool entry 115	50003b49
	constant pool entry 61	50003e64
	constant pool entry 39	50000044
	constant pool entry 34	50003afe
	constant pool entry 29	5000217b
	constant pool entry 25	5000217a
	constant pool entry 23	500021ca
	constant pool entry 22	5000146b
	constant pool entry 10	50003af8
	constant pool entry 6	50003e63
CLS 5000217c (name=sun.security.jca.ServiceId, trace=301674)
	super		500000ab
	constant pool entry 5	500000ab
	constant pool entry 4	5000217c
CLS 5000217d (name=sun.security.jca.ServiceId[], trace=301675)
	super		500000ab
CLS 50002184 (name=java.util.Arrays$ArrayList, trace=301681)
	super		500000d2
	constant pool entry 14	500000d2
	constant pool entry 13	50002184
CLS 500021ca (name=java.security.Signature$Delegate, trace=301698)
	super		5000217b
	constant pool entry 168	50000036
	constant pool entry 85	5000217b
	constant pool entry 64	50001a33
	constant pool entry 49	5000146b
	constant pool entry 19	50003afe
	constant pool entry 12	500021ca
	constant pool entry 11	5000217a
	constant pool entry 6	500000ab
CLS 500021cd (name=java.security.Principal[], trace=301701)
	super		500000ab
CLS 500021dc (name=sun.security.x509.AVAKeyword, trace=301708)
	super		500000ab
	static oidMap	500021dd
	static keywordMap	500021df
	constant pool entry 200	50002214
	constant pool entry 166	500018fb
	constant pool entry 128	50000061
	constant pool entry 87	500000ab
	constant pool entry 85	50003c88
	constant pool entry 83	50003c87
	constant pool entry 82	50003c86
	constant pool entry 80	50003c85
	constant pool entry 78	50003c84
	constant pool entry 76	50003c83
	constant pool entry 74	50003c82
	constant pool entry 72	50003c81
	constant pool entry 71	50003c80
	constant pool entry 69	50003c7f
	constant pool entry 67	50003c7e
	constant pool entry 65	50003c7d
	constant pool entry 63	50003c7c
	constant pool entry 61	50003c7b
	constant pool entry 59	50003c7a
	constant pool entry 57	50003c79
	constant pool entry 56	50003c78
	constant pool entry 54	50003c77
	constant pool entry 52	50003c76
	constant pool entry 50	50003c75
	constant pool entry 47	50003315
	constant pool entry 45	500000cb
	constant pool entry 32	50001077
	constant pool entry 30	500021dc
CLS 50002214 (name=sun.security.pkcs.PKCS9Attribute, trace=301734)
	super		500000ab
	static PKCS9_OIDS	50002216
	static EMAIL_ADDRESS_OID	50002218
	static UNSTRUCTURED_NAME_OID	5000221a
	static CONTENT_TYPE_OID	5000221c
	static MESSAGE_DIGEST_OID	5000221e
	static SIGNING_TIME_OID	50002220
	static COUNTERSIGNATURE_OID	50002222
	static CHALLENGE_PASSWORD_OID	50002224
	static UNSTRUCTURED_ADDRESS_OID	50002226
	static EXTENDED_CERTIFICATE_ATTRIBUTES_OID	50002228
	static ISSUER_SERIALNUMBER_OID	5000222a
	static EXTENSION_REQUEST_OID	50002232
	static SMIME_CAPABILITY_OID	50002234
	static SIGNING_CERTIFICATE_OID	50002236
	static SIGNATURE_TIMESTAMP_TOKEN_OID	50002238
	static EMAIL_ADDRESS_STR	50003cad
	static UNSTRUCTURED_NAME_STR	50003cae
	static CONTENT_TYPE_STR	50003caf
	static MESSAGE_DIGEST_STR	50003ae5
	static SIGNING_TIME_STR	50003cb0
	static COUNTERSIGNATURE_STR	50003cb1
	static CHALLENGE_PASSWORD_STR	50003cb2
	static UNSTRUCTURED_ADDRESS_STR	50003cb3
	static EXTENDED_CERTIFICATE_ATTRIBUTES_STR	50003cb4
	static ISSUER_SERIALNUMBER_STR	50003cb5
	static RSA_PROPRIETARY_STR	50003cb6
	static SMIME_SIGNING_DESC_STR	50003cb7
	static EXTENSION_REQUEST_STR	50003cb8
	static SMIME_CAPABILITY_STR	50003cb9
	static SIGNING_CERTIFICATE_STR	50003cba
	static SIGNATURE_TIMESTAMP_TOKEN_STR	50003cbb
	static NAME_OID_TABLE	50002239
	static OID_NAME_TABLE	5000224c
	static PKCS9_VALUE_TAGS	50002261
	static VALUE_CLASSES	50002281
	static SINGLE_VALUED	50002282
	constant pool entry 497	50000097
	constant pool entry 301	500000d0
	constant pool entry 184	50002214
	constant pool entry 179	50003cc1
	constant pool entry 178	50003cc0
	constant pool entry 177	50003cbf
	constant pool entry 176	50003cbe
	constant pool entry 175	50003a8a
	constant pool entry 174	50003cbd
	constant pool entry 172	50003cbc
	constant pool entry 171	5000002c
	constant pool entry 170	50002262
	constant pool entry 169	50003cbb
	constant pool entry 168	50003cba
	constant pool entry 167	50003cb9
	constant pool entry 166	50003cb8
	constant pool entry 165	50003cb7
	constant pool entry 164	50003cb6
	constant pool entry 163	50003cb5
	constant pool entry 162	50003cb4
	constant pool entry 161	50003cb3
	constant pool entry 160	50003cb2
	constant pool entry 159	50003cb1
	constant pool entry 158	50003cb0
	constant pool entry 157	50003ae5
	constant pool entry 156	50003caf
	constant pool entry 155	50003cae
	constant pool entry 154	50003cad
	constant pool entry 153	50003cac
	constant pool entry 152	50003cab
	constant pool entry 151	50003caa
	constant pool entry 150	50003ca9
	constant pool entry 149	50003ca8
	constant pool entry 148	50003ca7
	constant pool entry 147	50003ca6
	constant pool entry 146	50003ca5
	constant pool entry 145	50003ca4
	constant pool entry 144	50003ca3
	constant pool entry 143	50003ca2
	constant pool entry 142	50003ca1
	constant pool entry 141	50003ca0
	constant pool entry 140	50003c9f
	constant pool entry 139	50003c9e
	constant pool entry 137	50003c9d
	constant pool entry 135	50000033
	constant pool entry 117	5000357d
	constant pool entry 72	50001077
	constant pool entry 44	500000d7
CLS 50002215 (name=sun.security.util.ObjectIdentifier[], trace=301735)
	super		500000ab
CLS 50002260 (name=java.lang.Byte[][], trace=301781)
	super		500000ab
CLS 50002262 (name=java.lang.Byte[], trace=301782)
	super		500000ab
CLS 500022a2 (name=java.lang.Enum, trace=301833)
	super		500000ab
	constant pool entry 31	500000ab
	constant pool entry 12	500022a2
CLS 500022a3 (name=java.text.Normalizer$Form, trace=301833)
	super		500022a2
	static NFD	500022a4
	static NFC	500022a5
	static NFKD	500022a6
	static NFKC	500022a7
	static $VALUES	500022a9
	constant pool entry 58	50000097
	constant pool entry 41	500022a8
	constant pool entry 16	500022a2
	constant pool entry 14	50003c65
	constant pool entry 12	50003c64
	constant pool entry 10	50003c63
	constant pool entry 7	50003c62
	constant pool entry 4	500022a3
	constant pool entry 3	500022a8
CLS 500022a8 (name=java.text.Normalizer$Form[], trace=301838)
	super		500000ab
CLS 500022aa (name=java.text.Normalizer, trace=301839)
	super		500000ab
	constant pool entry 22	500022ab
	constant pool entry 6	500000ab
CLS 500022ab (name=sun.text.normalizer.NormalizerBase, trace=301840)
	super		500000ab
	static NONE	500022ad
	static NFD	500022af
	static NFKD	500022b1
	static NFC	500022b3
	static NFKC	500022b5
	static NO	500022b7
	static YES	500022b8
	static MAYBE	500022b9
	constant pool entry 224	500022a3
	constant pool entry 116	500022ba
	constant pool entry 110	500022b6
	constant pool entry 108	500022b4
	constant pool entry 106	500022b2
	constant pool entry 104	500022b0
	constant pool entry 102	500022ae
	constant pool entry 99	500022ac
	constant pool entry 32	50000036
	constant pool entry 18	500022ab
CLS 500022ac (name=sun.text.normalizer.NormalizerBase$Mode, trace=301841)
	super		500000ab
	constant pool entry 10	500000ab
	constant pool entry 9	500022ac
CLS 500022ae (name=sun.text.normalizer.NormalizerBase$NFDMode, trace=301843)
	super		500022ac
	constant pool entry 16	500022ac
	constant pool entry 15	500022ae
CLS 500022b0 (name=sun.text.normalizer.NormalizerBase$NFKDMode, trace=301845)
	super		500022ac
	constant pool entry 16	500022ac
	constant pool entry 15	500022b0
CLS 500022b2 (name=sun.text.normalizer.NormalizerBase$NFCMode, trace=301847)
	super		500022ac
	constant pool entry 16	500022ac
	constant pool entry 15	500022b2
CLS 500022b4 (name=sun.text.normalizer.NormalizerBase$NFKCMode, trace=301849)
	super		500022ac
	constant pool entry 16	500022ac
	constant pool entry 15	500022b4
CLS 500022b6 (name=sun.text.normalizer.NormalizerBase$QuickCheckResult, trace=301851)
	super		500000ab
	constant pool entry 5	500000ab
	constant pool entry 4	500022b6
CLS 500022ba (name=sun.text.normalizer.NormalizerBase$1, trace=301855)
	super		500000ab
	static $SwitchMap$java$text$Normalizer$Form	500022bb
	constant pool entry 49	50000097
	constant pool entry 21	500022a3
	constant pool entry 9	500022ba
CLS 500023aa (name=java.util.regex.Pattern, trace=301880)
	super		500000ab
	static lookbehindEnd	500023ad
	static accept	500023ae
	static lastAccept	500023b0
	constant pool entry 1027	50000097
	constant pool entry 882	5000002c
	constant pool entry 644	50000121
	constant pool entry 615	50000028
	constant pool entry 604	50000111
	constant pool entry 348	500000ab
	constant pool entry 346	500023af
	constant pool entry 344	500023ab
	constant pool entry 342	500023ac
	constant pool entry 313	500023b9
	constant pool entry 108	500023be
	constant pool entry 107	500023bd
	constant pool entry 103	500023bc
	constant pool entry 94	500023b4
	constant pool entry 49	500023bf
	constant pool entry 32	50000037
	constant pool entry 28	500032b6
	constant pool entry 26	50000036
	constant pool entry 16	5000011e
	constant pool entry 10	500023c6
	constant pool entry 5	500023aa
CLS 500023ab (name=java.util.regex.Pattern$Node, trace=301881)
	super		500000ab
	constant pool entry 28	500023aa
	constant pool entry 22	500023c1
	constant pool entry 10	500000ab
	constant pool entry 9	500023ab
CLS 500023ac (name=java.util.regex.Pattern$5, trace=301881)
	super		500023ab
	constant pool entry 4	500023ab
CLS 500023af (name=java.util.regex.Pattern$LastNode, trace=301884)
	super		500023ab
	constant pool entry 18	500023c6
	constant pool entry 8	500023ab
CLS 500023b4 (name=java.util.regex.Pattern$GroupHead, trace=301889)
	super		500023ab
CLS 500023b5 (name=java.util.regex.Pattern$GroupHead[], trace=301890)
	super		500000ab
CLS 500023b7 (name=java.util.regex.Pattern$CharProperty, trace=301891)
	super		500023ab
	constant pool entry 33	500023c1
	constant pool entry 17	500023ab
	constant pool entry 16	500023b7
CLS 500023b8 (name=java.util.regex.Pattern$BmpCharProperty, trace=301891)
	super		500023b7
	constant pool entry 31	500023ab
	constant pool entry 27	50000111
	constant pool entry 25	500023c6
	constant pool entry 10	500023b7
	constant pool entry 9	500023b8
CLS 500023b9 (name=java.util.regex.Pattern$Single, trace=301891)
	super		500023b8
	constant pool entry 4	500023b8
	constant pool entry 3	500023b9
CLS 500023bb (name=java.util.regex.Pattern$SliceNode, trace=301893)
	super		500023ab
CLS 500023bc (name=java.util.regex.Pattern$Slice, trace=301893)
	super		500023bb
CLS 500023bd (name=java.util.regex.Pattern$Begin, trace=301894)
	super		500023ab
CLS 500023be (name=java.util.regex.Pattern$First, trace=301895)
	super		500023ab
CLS 500023bf (name=java.util.regex.Pattern$Start, trace=301896)
	super		500023ab
	constant pool entry 39	500023c6
	constant pool entry 17	500023ab
	constant pool entry 16	500023bf
	constant pool entry 3	500023c1
CLS 500023c1 (name=java.util.regex.Pattern$TreeInfo, trace=301898)
	super		500000ab
	constant pool entry 8	500000ab
	constant pool entry 7	500023c1
CLS 500023c5 (name=java.util.regex.MatchResult, trace=301901)
CLS 500023c6 (name=java.util.regex.Matcher, trace=301901)
	super		500000ab
	constant pool entry 275	50000097
	constant pool entry 242	50000111
	constant pool entry 239	500023ab
	constant pool entry 179	500000e4
	constant pool entry 177	500023aa
	constant pool entry 84	500000ab
	constant pool entry 17	500023c6
CLS 500023cd (name=java.util.SubList, trace=301908)
	super		500000d2
	constant pool entry 44	500000d2
	constant pool entry 39	500023cd
	constant pool entry 37	500023d1
CLS 500023ce (name=java.util.RandomAccessSubList, trace=301908)
	super		500023cd
	constant pool entry 4	500023cd
CLS 500023d0 (name=java.util.ListIterator, trace=301910)
CLS 500023d1 (name=java.util.SubList$1, trace=301910)
	super		500000ab
	constant pool entry 69	500000d2
	constant pool entry 62	500023cd
	constant pool entry 29	500023d0
	constant pool entry 28	500000ab
	constant pool entry 27	500023d1
CLS 500023d3 (name=java.util.AbstractList$ListItr, trace=301912)
	super		50000d05
	constant pool entry 19	50000d05
	constant pool entry 18	500023d3
CLS 500023d7 (name=java.security.PrivateKey, trace=301916)
CLS 500023d8 (name=java.security.interfaces.DSAPrivateKey, trace=301916)
CLS 500023dc (name=sun.security.provider.DSA, trace=301115)
	super		5000217a
	constant pool entry 267	50002404
	constant pool entry 109	5000217a
	constant pool entry 108	500023dc
	constant pool entry 46	500010aa
	constant pool entry 40	50001066
	constant pool entry 31	50001086
	constant pool entry 16	50001ab2
CLS 500023dd (name=sun.security.provider.DSA$SHA1withDSA, trace=301115)
	super		500023dc
	constant pool entry 34	500023e9
	constant pool entry 20	500023e1
	constant pool entry 12	500023dc
	constant pool entry 11	500023dd
	constant pool entry 2	50003df7
CLS 500023e0 (name=java.security.GeneralSecurityException, trace=301918)
	super		50000039
CLS 500023e1 (name=java.security.NoSuchAlgorithmException, trace=301918)
	super		500023e0
CLS 500023e8 (name=java.security.MessageDigestSpi, trace=301920)
	super		500000ab
	constant pool entry 26	500000ab
CLS 500023e9 (name=java.security.MessageDigest, trace=301920)
	super		500023e8
	constant pool entry 121	50000f3c
	constant pool entry 11	500023e8
	constant pool entry 10	50002402
	constant pool entry 9	50000e73
	constant pool entry 8	500023e9
	constant pool entry 5	50003ae5
CLS 500023f2 (name=sun.security.provider.DigestBase, trace=301115)
	super		500023e8
	static padding	500023f4
	constant pool entry 132	50000097
	constant pool entry 94	50000074
	constant pool entry 92	500000e4
	constant pool entry 40	500023e8
	constant pool entry 39	500023f2
CLS 500023f3 (name=sun.security.provider.SHA, trace=301115)
	super		500023f2
	constant pool entry 88	50000097
	constant pool entry 65	50002408
	constant pool entry 28	500023f2
	constant pool entry 9	500023f3
	constant pool entry 1	50003df7
CLS 50002402 (name=java.security.MessageDigest$Delegate, trace=301927)
	super		500023e9
	constant pool entry 22	500023e9
	constant pool entry 6	50002402
	constant pool entry 5	500023e8
CLS 50002404 (name=java.security.interfaces.DSAParams, trace=301929)
CLS 50002405 (name=java.security.spec.AlgorithmParameterSpec, trace=301930)
CLS 50002406 (name=java.security.spec.DSAParameterSpec, trace=301930)
	super		500000ab
	constant pool entry 6	500000ab
	constant pool entry 5	50002406
CLS 50002408 (name=sun.security.provider.ByteArrayAccess, trace=301932)
	super		500000ab
	static unsafe	500032e4
	constant pool entry 107	50000086
	constant pool entry 92	50000035
	constant pool entry 89	5000012d
	constant pool entry 78	50000042
	constant pool entry 37	50002408
	constant pool entry 32	5000014d
	constant pool entry 31	5000014b
	constant pool entry 28	50000149
	constant pool entry 12	50003e23
	constant pool entry 11	50003e22
	constant pool entry 10	50003e21
	constant pool entry 8	50003e20
	constant pool entry 7	50000036
	constant pool entry 4	500032b6
	constant pool entry 3	50003e1f
	constant pool entry 2	500000ad
CLS 50002419 (name=java.math.MutableBigInteger, trace=301939)
	super		500000ab
	static ONE	5000241a
	constant pool entry 301	50000097
	constant pool entry 267	5000002c
	constant pool entry 208	50000074
	constant pool entry 206	50000035
	constant pool entry 192	5000003c
	constant pool entry 90	500000ab
	constant pool entry 78	50002426
	constant pool entry 43	50002419
	constant pool entry 15	500010aa
CLS 50002426 (name=java.math.SignedMutableBigInteger, trace=301952)
	super		50002419
	constant pool entry 11	50002419
	constant pool entry 10	50002426
CLS 50002456 (name=int[][], trace=301991)
	super		500000ab
CLS 500025a2 (name=java.security.cert.CertPath, trace=302052)
	super		500000ab
	constant pool entry 42	500000ab
	constant pool entry 3	500025a2
CLS 500025a3 (name=sun.security.provider.certpath.X509CertPath, trace=302052)
	super		500025a2
	static COUNT_ENCODING	500034e0
	static PKCS7_ENCODING	50003ddd
	static PKIPATH_ENCODING	50003ddc
	static encodingList	500025a7
	constant pool entry 143	50000003
	constant pool entry 141	50000028
	constant pool entry 138	5000011a
	constant pool entry 99	500034e0
	constant pool entry 89	500025a2
	constant pool entry 88	500025a3
	constant pool entry 24	50003ddd
	constant pool entry 20	50003ddc
	constant pool entry 10	50001794
	constant pool entry 3	5000011e
	constant pool entry 1	50003a14
CLS 500025a6 (name=java.util.Collections$UnmodifiableCollection, trace=302055)
	super		500000ab
	constant pool entry 18	500000b2
	constant pool entry 17	500000ab
	constant pool entry 16	500025a6
	constant pool entry 11	500025ae
CLS 500025ab (name=java.util.Collections$UnmodifiableList, trace=302060)
	super		500025a6
	constant pool entry 19	500025a6
	constant pool entry 13	500025ab
CLS 500025ac (name=java.util.Collections$UnmodifiableRandomAccessList, trace=302060)
	super		500025ab
	constant pool entry 6	500025ab
CLS 500025ae (name=java.util.Collections$UnmodifiableCollection$1, trace=302062)
	super		500000ab
	constant pool entry 41	500000b2
	constant pool entry 18	500025a6
	constant pool entry 12	50000003
	constant pool entry 11	500000ab
	constant pool entry 10	500025ae
CLS 500025b6 (name=java.util.HashMap$HashIterator, trace=302068)
	super		500000ab
	constant pool entry 51	500000cb
	constant pool entry 23	50000053
	constant pool entry 20	500000ab
	constant pool entry 19	500025b6
CLS 500025b7 (name=java.util.HashMap$EntryIterator, trace=302068)
	super		500025b6
	constant pool entry 7	500025b6
	constant pool entry 6	500025b7
CLS 500025d2 (name=java.io.PushbackInputStream, trace=302082)
	super		500000e6
	constant pool entry 92	50000097
	constant pool entry 27	500000e6
	constant pool entry 26	500025d2
CLS 500025d5 (name=sun.misc.CEStreamExhausted, trace=302085)
	super		50000116
	constant pool entry 3	50000116
CLS 5000260a (name=java.util.jar.JarVerifier$VerifierStream, trace=302091)
	super		5000006a
	constant pool entry 48	5000021d
	constant pool entry 46	50000cba
	constant pool entry 17	5000006a
	constant pool entry 16	5000260a
	constant pool entry 4	50000cd6
CLS 50002620 (name=sun.security.util.ManifestEntryVerifier$SunProviderHolder, trace=302102)
	super		500000ab
	static instance	50002621
	constant pool entry 5	50002620
	constant pool entry 3	50001230
CLS 50002c70 (name=sun.misc.URLClassPath$FileLoader, trace=302121)
	super		50000166
	constant pool entry 60	5000013a
	constant pool entry 52	50000036
	constant pool entry 34	50000166
	constant pool entry 33	50002c70
	constant pool entry 30	50002ca0
	constant pool entry 25	500039e3
	constant pool entry 20	500034fc
	constant pool entry 18	50000050
	constant pool entry 12	500000b8
	constant pool entry 2	50003416
CLS 50002c9f (name=sun.misc.Resource, trace=302145)
	super		500000ab
	constant pool entry 95	50000097
	constant pool entry 64	5000006a
	constant pool entry 62	5000003c
	constant pool entry 60	500000e4
	constant pool entry 56	50000077
	constant pool entry 22	500000ab
	constant pool entry 21	50002c9f
	constant pool entry 19	50002cab
CLS 50002ca0 (name=sun.misc.URLClassPath$FileLoader$1, trace=302145)
	super		50002c9f
	constant pool entry 50	500000b8
	constant pool entry 19	50002c70
	constant pool entry 11	50002c9f
	constant pool entry 10	50002ca0
	constant pool entry 7	500000cc
CLS 50002cab (name=sun.nio.ByteBuffered, trace=302150)
CLS 50002cb3 (name=java.security.Permissions, trace=302155)
	super		50000026
	static serialPersistentFields	50002cb4
	constant pool entry 207	50000097
	constant pool entry 121	500000e2
	constant pool entry 116	500000ab
	constant pool entry 111	50000061
	constant pool entry 53	50002cb3
	constant pool entry 50	5000002f
	constant pool entry 42	50003545
	constant pool entry 40	50003544
	constant pool entry 35	50000033
	constant pool entry 22	50000026
	constant pool entry 14	50002d2c
	constant pool entry 13	50002d2b
	constant pool entry 3	500000cb
CLS 50002cdf (name=java.net.URLConnection, trace=302172)
	super		500000ab
	static handlers	50002ce2
	static UnknownContentHandlerP	50002ce6
	static contentClassPrefix	50003520
	static contentPathProp	5000351f
	constant pool entry 149	500000ab
	constant pool entry 148	50002cdf
	constant pool entry 146	50002ce5
	constant pool entry 144	50000033
	constant pool entry 107	50003520
	constant pool entry 103	5000351f
CLS 50002ce0 (name=sun.net.www.URLConnection, trace=302172)
	super		50002cdf
	static proxiedHosts	50002ce7
	constant pool entry 53	50002cdf
	constant pool entry 52	50002ce0
	constant pool entry 50	500000cb
	constant pool entry 3	50002cea
CLS 50002ce1 (name=sun.net.www.protocol.file.FileURLConnection, trace=302172)
	super		50002ce0
	static CONTENT_LENGTH	50003517
	static CONTENT_TYPE	50003518
	static TEXT_PLAIN	50003519
	static LAST_MODIFIED	5000351a
	constant pool entry 220	5000013a
	constant pool entry 218	50000050
	constant pool entry 144	500000b8
	constant pool entry 88	50002ce0
	constant pool entry 87	50002ce1
	constant pool entry 86	5000351a
	constant pool entry 85	50003519
	constant pool entry 84	50003518
	constant pool entry 83	50003517
	constant pool entry 80	50003516
	constant pool entry 79	50002cf4
CLS 50002ce4 (name=java.net.ContentHandler, trace=302175)
	super		500000ab
	constant pool entry 5	500000ab
CLS 50002ce5 (name=java.net.UnknownContentHandler, trace=302175)
	super		50002ce4
	constant pool entry 4	50002ce4
CLS 50002cea (name=sun.net.www.MessageHeader, trace=302180)
	super		500000ab
	constant pool entry 214	50000097
	constant pool entry 56	500000ab
	constant pool entry 55	50002cea
	constant pool entry 40	50000036
CLS 50002cf4 (name=java.io.FilePermission, trace=302187)
	super		500000e2
	constant pool entry 136	500000b8
	constant pool entry 131	50000042
	constant pool entry 50	500000e2
	constant pool entry 45	50002d18
	constant pool entry 32	50003516
	constant pool entry 26	50002cf4
	constant pool entry 18	50000036
	constant pool entry 15	50002cf6
	constant pool entry 10	50003524
CLS 50002cf6 (name=java.io.FilePermission$1, trace=302189)
	super		500000ab
	constant pool entry 29	50002cf9
	constant pool entry 24	50002cf4
	constant pool entry 8	500000ab
	constant pool entry 7	50002cf6
CLS 50002cf8 (name=java.security.Policy, trace=302191)
	super		500000ab
	static UNSUPPORTED_EMPTY_COLLECTION	50002cfb
	constant pool entry 170	500000d0
	constant pool entry 78	5000352e
	constant pool entry 76	50002cfa
	constant pool entry 24	50002cf8
CLS 50002cf9 (name=sun.security.provider.PolicyFile, trace=302191)
	super		50002cf8
	static NONE	5000352f
	static P11KEYSTORE	50003530
	static SELF	5000352c
	static X500PRINCIPAL	5000352d
	static POLICY	50003528
	static SECURITY_MANAGER	50003531
	static POLICY_URL	50003529
	static AUTH_POLICY	5000352a
	static AUTH_POLICY_URL	5000352b
	static PARAMS0	50002cff
	static PARAMS1	50002d00
	static PARAMS2	50002d01
	constant pool entry 1021	50000097
	constant pool entry 519	500000d0
	constant pool entry 370	50003531
	constant pool entry 365	50003530
	constant pool entry 363	5000352f
	constant pool entry 352	5000002c
	constant pool entry 350	5000352e
	constant pool entry 333	50002cf9
	constant pool entry 311	5000352d
	constant pool entry 294	500032d2
	constant pool entry 290	500000b8
	constant pool entry 118	5000352c
	constant pool entry 42	5000352b
	constant pool entry 41	5000352a
	constant pool entry 39	50003529
	constant pool entry 38	50003528
	constant pool entry 25	50000036
CLS 50002cfa (name=java.security.Policy$UnsupportedEmptyCollection, trace=302192)
	super		50000026
	constant pool entry 10	50000026
	constant pool entry 9	50002cfa
	constant pool entry 2	50002cb3
CLS 50002d18 (name=java.io.FilePermissionCollection, trace=302209)
	super		50000026
	static serialPersistentFields	50002d19
	constant pool entry 154	50000097
	constant pool entry 85	50000028
	constant pool entry 40	50000026
	constant pool entry 39	50002d18
	constant pool entry 36	5000002f
	constant pool entry 28	500032d4
	constant pool entry 24	50000004
	constant pool entry 5	50002cf4
	constant pool entry 2	5000011e
CLS 50002d2b (name=java.security.AllPermission, trace=302215)
	super		500000e2
CLS 50002d2c (name=java.security.UnresolvedPermission, trace=302216)
	super		500000e2
CLS 50002d2e (name=java.security.BasicPermissionCollection, trace=302218)
	super		50000026
	static serialPersistentFields	50002d2f
	constant pool entry 218	50000097
	constant pool entry 151	50000044
	constant pool entry 118	50000036
	constant pool entry 112	500000ab
	constant pool entry 110	50000061
	constant pool entry 59	50000026
	constant pool entry 58	50002d2e
	constant pool entry 54	5000002f
	constant pool entry 50	5000002c
	constant pool entry 43	500032d5
	constant pool entry 41	500032d4
	constant pool entry 39	500032d3
	constant pool entry 35	50000033
	constant pool entry 24	500032d2
	constant pool entry 6	50000059
	constant pool entry 2	500000cb
CLS 50002d54 (name=sun.misc.JavaSecurityProtectionDomainAccess, trace=302227)
CLS 50002d55 (name=java.security.ProtectionDomain$2, trace=302227)
	super		500000ab
	constant pool entry 5	500000ab
CLS 50002d58 (name=java.security.ProtectionDomain$Key, trace=302230)
	super		500000ab
	constant pool entry 4	500000ab
	constant pool entry 3	50002d58
CLS 50002d63 (name=RunFlowWithoutPipe, trace=302237)
	super		500000ab
	loader		5000328f
	domain		50002d57
	constant pool entry 38	50002dc7
	constant pool entry 32	50000074
	constant pool entry 23	500000b8
	constant pool entry 21	500000cc
	constant pool entry 19	50003ee9
	constant pool entry 17	50000116
CLS 50002dc7 (name=FlowProblemSolver, trace=302237)
	super		500000ab
	loader		5000328f
	domain		50002d57
	static io	50002e38
	constant pool entry 181	50000097
	constant pool entry 116	50000035
	constant pool entry 109	50003ee5
	constant pool entry 97	50003aef
	constant pool entry 89	50000036
	constant pool entry 79	50000003
	constant pool entry 71	5000004d
	constant pool entry 68	500030c6
	constant pool entry 59	50002f75
	constant pool entry 42	50002ebd
	constant pool entry 39	50000297
	constant pool entry 21	50000074
	constant pool entry 18	50002e21
	constant pool entry 1	50002dc7
CLS 50002e20 (name=java.io.PrintWriter, trace=300832)
	super		5000007a
	constant pool entry 152	50000042
	constant pool entry 79	5000007a
	constant pool entry 31	50002e20
	constant pool entry 18	50000120
	constant pool entry 15	500000db
	constant pool entry 14	5000001f
	constant pool entry 11	50000036
	constant pool entry 8	50003ee3
	constant pool entry 7	500000ad
CLS 50002e21 (name=Kattio, trace=302237)
	super		50002e20
	loader		5000328f
	domain		50002d57
	constant pool entry 89	50000142
	constant pool entry 60	50000035
	constant pool entry 29	5000027a
	constant pool entry 27	50000279
	constant pool entry 15	50000144
	constant pool entry 3	50002e20
	constant pool entry 1	50002e21
CLS 50002e4e (name=java.util.LinkedList[], trace=302266)
	super		500000ab
CLS 50002ebd (name=DirectedEdge, trace=302237)
	super		500000ab
	loader		5000328f
	domain		50002d57
	constant pool entry 3	500000ab
	constant pool entry 1	50002ebd
CLS 50002f75 (name=GraphAlgoritmLibrary, trace=302237)
	super		500000ab
	loader		5000328f
	domain		50002d57
	constant pool entry 153	50000097
	constant pool entry 54	50000035
	constant pool entry 49	50000003
	constant pool entry 42	50002ebd
	constant pool entry 37	50000297
	constant pool entry 1	50002f75
CLS 50002f7d (name=java.util.LinkedList$ListItr, trace=302277)
	super		500000ab
	constant pool entry 71	50000297
	constant pool entry 35	50000299
	constant pool entry 32	500000ab
	constant pool entry 31	50002f7d
CLS 50002fb4 (name=DirectedEdge[], trace=302284)
	super		500000ab
	loader		5000328f
CLS 500030c4 (name=java.util.SortedSet, trace=300832)
CLS 500030c5 (name=java.util.NavigableSet, trace=300832)
CLS 500030c6 (name=java.util.TreeSet, trace=300832)
	super		500000f1
	static PRESENT	500030c7
	constant pool entry 156	500030c9
	constant pool entry 64	500000f1
	constant pool entry 62	500000ab
	constant pool entry 14	500030c6
	constant pool entry 3	500030ca
CLS 500030c8 (name=java.util.SortedMap, trace=302286)
CLS 500030c9 (name=java.util.NavigableMap, trace=302286)
CLS 500030ca (name=java.util.TreeMap, trace=302286)
	super		50000055
	constant pool entry 106	50000055
	constant pool entry 46	500030ca
	constant pool entry 41	500030d6
	constant pool entry 33	50000092
CLS 500030d6 (name=java.util.TreeMap$Entry, trace=302297)
	super		500000ab
	constant pool entry 20	500000ab
	constant pool entry 19	500030d6
CLS 50003132 (name=java.util.IdentityHashMap$KeySet, trace=302312)
	super		500000f1
	constant pool entry 18	500000f1
	constant pool entry 17	50003132
	constant pool entry 4	50003135
CLS 50003134 (name=java.util.IdentityHashMap$IdentityHashMapIterator, trace=302314)
	super		500000ab
	constant pool entry 59	50000127
	constant pool entry 26	50003134
	constant pool entry 24	500000ab
CLS 50003135 (name=java.util.IdentityHashMap$KeyIterator, trace=302314)
	super		50003134
	constant pool entry 32	50000127
	constant pool entry 8	50003134
	constant pool entry 7	50003135
CLS 50003139 (name=com.apple.java.Usage$3, trace=302316)
	super		500000ab
	constant pool entry 27	5000006e
	constant pool entry 23	5000003b
	constant pool entry 8	500000ab
	constant pool entry 7	50003139
	constant pool entry 6	50000001
CLS 5000313b (name=java.lang.IllegalStateException, trace=302318)
	super		5000006f
	constant pool entry 6	5000006f
CLS 5000313d (name=com.apple.java.Application, trace=302320)
	super		500000ab
	static id	500040f1
	static mainClassName	500040f0
	constant pool entry 50	50000042
	constant pool entry 14	5000313d
	constant pool entry 9	50000036
	constant pool entry 6	5000313e
CLS 5000313e (name=com.apple.java.Application$1, trace=302321)
	super		500000ab
	constant pool entry 24	50000074
	constant pool entry 6	500000ab
	constant pool entry 5	5000313e
	constant pool entry 2	500040f4
CLS 50003140 (name=java.lang.ProcessEnvironment, trace=302323)
	super		500000ab
	static theEnvironment	50003141
	static theUnmodifiableEnvironment	50003258
	constant pool entry 126	5000011a
	constant pool entry 47	50003144
	constant pool entry 45	50003151
	constant pool entry 33	50003140
	constant pool entry 14	500000cb
	constant pool entry 12	50000061
	constant pool entry 9	50003255
	constant pool entry 8	50000036
CLS 50003143 (name=java.lang.ProcessEnvironment$ExternalData, trace=302326)
	super		500000ab
	constant pool entry 30	50003140
	constant pool entry 8	500000ab
	constant pool entry 4	50003143
CLS 50003144 (name=java.lang.ProcessEnvironment$Variable, trace=302326)
	super		50003143
	constant pool entry 13	50003143
	constant pool entry 4	50003144
	constant pool entry 2	50000036
CLS 50003151 (name=java.lang.ProcessEnvironment$Value, trace=302333)
	super		50003143
	constant pool entry 13	50003143
	constant pool entry 4	50003151
	constant pool entry 2	50000036
CLS 50003255 (name=java.lang.ProcessEnvironment$StringEnvironment, trace=302337)
	super		50000055
	constant pool entry 90	50000061
	constant pool entry 42	50000055
	constant pool entry 41	50003255
	constant pool entry 32	50003144
	constant pool entry 12	50003151
CLS 50003257 (name=java.util.Collections$UnmodifiableMap, trace=302339)
	super		500000ab
	constant pool entry 27	50000061
	constant pool entry 26	500000ab
	constant pool entry 25	50003257
CLS 50003275 (name=java.util.Queue[], trace=300000)
	super		500000ab
CLS 50003276 (name=java.util.List[], trace=300000)
	super		500000ab
CLS 50003277 (name=java.util.Hashtable[], trace=300000)
	super		500000ab
CLS 50003278 (name=java.util.regex.Pattern$Node[], trace=300000)
	super		500000ab
CLS 50003279 (name=java.lang.Number[], trace=300000)
	super		500000ab
CLS 5000327a (name=java.lang.Number[][], trace=300000)
	super		500000ab
CLS 5000327b (name=java.util.Properties[], trace=300000)
	super		500000ab
CLS 5000327c (name=java.util.Map[], trace=300000)
	super		500000ab
CLS 5000327d (name=sun.security.util.DerEncoder[], trace=300000)
	super		500000ab
CLS 5000327e (name=java.lang.Comparable[][], trace=300000)
	super		500000ab
CLS 5000327f (name=java.lang.Object[][], trace=300000)
	super		500000ab
CLS 50003280 (name=java.lang.Enum[], trace=300000)
	super		500000ab
CLS 50003281 (name=java.util.Collection[], trace=300000)
	super		500000ab
CLS 50003282 (name=java.util.AbstractList[], trace=300000)
	super		500000ab
CLS 50003283 (name=java.lang.Cloneable[], trace=300000)
	super		500000ab
CLS 50003284 (name=java.io.Serializable[][], trace=300000)
	super		500000ab
CLS 50003285 (name=java.security.cert.X509Extension[], trace=300000)
	super		500000ab
CLS 50003286 (name=java.util.Deque[], trace=300000)
	super		500000ab
CLS 50003287 (name=java.lang.Iterable[], trace=300000)
	super		500000ab
CLS 50003288 (name=java.util.AbstractSequentialList[], trace=300000)
	super		500000ab
CLS 50003289 (name=java.util.AbstractCollection[], trace=300000)
	super		500000ab
CLS 5000328a (name=java.util.Dictionary[], trace=300000)
	super		500000ab
HEAP DUMP END
SITES BEGIN (ordered by live bytes) Wed Oct 26 12:08:45 2011
          percent          live          alloc'ed  stack class
 rank   self  accum     bytes objs     bytes  objs trace name
    1  8,68%  8,68%    147600    9    147600     9 300164 char[]
    2  5,84% 14,51%     99320 1402     99320  1402 300000 char[]
    3  4,82% 19,34%     82080   10     82080    10 300161 byte[]
    4  2,67% 22,01%     45416 1397     45416  1397 300000 java.lang.String
    5  1,86% 23,87%     31704  267     31704   267 300030 char[]
    6  1,18% 25,05%     20056   10     20056    10 302153 byte[]
    7  1,05% 26,09%     17792  131     17792   131 300038 char[]
    8  1,02% 27,12%     17424  363     17424   363 300054 java.nio.HeapCharBuffer
    9  0,97% 28,09%     16560  345     16560   345 300053 java.nio.HeapByteBuffer
   10  0,96% 29,06%     16400    1     16400     1 302262 char[]
   11  0,96% 30,02%     16400    1     16400     1 302256 char[]
   12  0,93% 30,95%     15824   17     15824    17 300143 byte[]
   13  0,79% 31,74%     13488  307     13488   307 300000 java.lang.Object[]
   14  0,67% 32,41%     11408   57     11408    57 300000 byte[]
   15  0,64% 33,06%     10960  138     10960   138 301083 char[]
   16  0,61% 33,67%     10384   19     10384    19 300580 byte[]
   17  0,55% 34,22%      9320  233      9320   233 300868 java.util.LinkedHashMap$Entry
   18  0,53% 34,75%      9024    4      9024     4 300292 byte[]
   19  0,53% 35,27%      8976   17      8976    17 300142 byte[]
   20  0,52% 35,79%      8832  138      8832   138 300864 char[]
   21  0,48% 36,28%      8224    2      8224     2 301123 java.util.HashMap$Entry[]
   22  0,48% 36,76%      8208    1      8208     1 302254 byte[]
   23  0,48% 37,24%      8208    1      8208     1 300489 byte[]
   24  0,48% 37,72%      8208    1      8208     1 300210 byte[]
   25  0,48% 38,21%      8208    1      8208     1 301655 byte[]
   26  0,48% 38,69%      8208    1      8208     1 300493 byte[]
   27  0,48% 39,17%      8208    1      8208     1 302243 byte[]
   28  0,48% 39,65%      8168  142      8168   142 300167 char[]
   29  0,44% 40,09%      7448   32      7448    32 300052 byte[]
   30  0,42% 40,51%      7168   62      7168    62 300243 char[]
   31  0,41% 40,92%      7008   95      7008    95 300055 byte[]
   32  0,40% 41,32%      6808   31      6808    31 300320 char[]
   33  0,40% 41,72%      6800   25      6800    25 300010 char[]
   34  0,38% 42,10%      6472   51      6472    51 300040 char[]
   35  0,34% 42,44%      5720   24      5720    24 300070 byte[]
   36  0,34% 42,77%      5720   24      5720    24 300069 byte[]
   37  0,29% 43,06%      4856   69      4856    69 300219 char[]
   38  0,28% 43,34%      4752   34      4752    34 300012 char[]
   39  0,26% 43,60%      4416  138      4416   138 301084 java.lang.String
   40  0,26% 43,86%      4416  138      4416   138 300869 java.util.Hashtable$Entry
   41  0,26% 44,12%      4416  138      4416   138 301086 java.lang.String
   42  0,24% 44,36%      4096  256      4096   256 301172 java.lang.Integer
   43  0,23% 44,58%      3848   29      3848    29 300029 char[]
   44  0,23% 44,81%      3848   29      3848    29 300027 char[]
   45  0,21% 45,03%      3648   31      3648    31 300324 char[]
   46  0,21% 45,24%      3648  152      3648   152 300170 java.util.LinkedList
   47  0,21% 45,45%      3600   45      3600    45 300190 java.util.HashMap$Entry[]
   48  0,21% 45,66%      3584   31      3584    31 300322 char[]
   49  0,20% 45,86%      3448   15      3448    15 301150 byte[]
   50  0,20% 46,07%      3448   24      3448    24 300032 char[]
   51  0,20% 46,27%      3376    1      3376     1 300300 byte[]
   52  0,20% 46,46%      3376    1      3376     1 300302 byte[]
   53  0,20% 46,66%      3344    5      3344     5 301264 byte[]
   54  0,19% 46,85%      3304    1      3304     1 300193 byte[]
   55  0,19% 47,05%      3264  102      3264   102 300168 java.lang.String
   56  0,19% 47,24%      3264  102      3264   102 300174 java.util.HashMap$Entry
   57  0,18% 47,42%      3072   64      3072    64 300204 java.util.HashMap
   58  0,18% 47,60%      3008    8      3008     8 300882 java.util.Hashtable$Entry[]
   59  0,18% 47,77%      3008   94      3008    94 301085 java.lang.String
   60  0,17% 47,94%      2824   66      2824    66 300000 java.util.Hashtable$Entry
   61  0,16% 48,10%      2688   48      2688    48 301093 java.security.Provider$Service
   62  0,15% 48,25%      2528   79      2528    79 300067 java.util.Vector
   63  0,15% 48,39%      2520   63      2520    63 300066 java.lang.ref.Finalizer
   64  0,14% 48,54%      2448  102      2448   102 300173 java.util.LinkedList$Entry
   65  0,14% 48,68%      2448   46      2448    46 300000 java.lang.String[]
   66  0,14% 48,82%      2448    9      2448     9 300185 char[]
   67  0,14% 48,96%      2360   48      2360    48 302331 char[]
   68  0,14% 49,10%      2344   26      2344    26 300000 java.net.URL
   69  0,14% 49,24%      2304   24      2304    24 301707 char[]
   70  0,13% 49,37%      2264   11      2264    11 300000 java.lang.Class
   71  0,13% 49,50%      2256   94      2256    94 301087 java.lang.String[]
   72  0,13% 49,63%      2232   93      2232    93 300172 java.util.LinkedList$Entry
   73  0,13% 49,76%      2224    1      2224     1 300330 byte[]
   74  0,13% 49,89%      2208    1      2208     1 300581 byte[]
   75  0,13% 50,02%      2208   19      2208    19 300183 char[]
   76  0,13% 50,15%      2208   69      2208    69 300241 java.util.HashMap$Entry
   77  0,13% 50,28%      2200    1      2200     1 300579 byte[]
   78  0,13% 50,41%      2160   45      2160    45 300189 java.util.HashMap
   79  0,13% 50,54%      2160   46      2160    46 301111 char[]
   80  0,12% 50,66%      2112    4      2112     4 302248 char[]
   81  0,12% 50,78%      2064   43      2064    43 300572 byte[]
   82  0,12% 50,90%      2064    1      2064     1 300492 char[]
   83  0,12% 51,03%      2064    1      2064     1 300494 char[]
   84  0,12% 51,14%      2016   63      2016    63 300602 java.lang.String
   85  0,12% 51,26%      2016   84      2016    84 300176 java.util.LinkedList$Entry
   86  0,12% 51,38%      2016   63      2016    63 302278 java.util.LinkedList$ListItr
   87  0,12% 51,50%      2008   25      2008    25 300498 char[]
   88  0,12% 51,62%      1984   62      1984    62 300246 java.util.HashMap$Entry
   89  0,12% 51,73%      1968   82      1968    82 302281 java.util.LinkedList$Entry
   90  0,12% 51,85%      1960    6      1960     6 300000 int[]
   91  0,11% 51,96%      1952    2      1952     2 301141 byte[]
   92  0,11% 52,08%      1952    2      1952     2 301154 byte[]
   93  0,11% 52,19%      1952    2      1952     2 301138 byte[]
   94  0,11% 52,30%      1936    2      1936     2 301153 byte[]
   95  0,11% 52,42%      1936    2      1936     2 301137 byte[]
   96  0,11% 52,53%      1920   60      1920    60 301090 java.lang.String
   97  0,11% 52,64%      1904    7      1904     7 302021 int[]
   98  0,11% 52,75%      1904    7      1904     7 302006 int[]
   99  0,11% 52,87%      1904   30      1904    30 300000 java.util.LinkedHashMap$Entry
  100  0,11% 52,98%      1888    6      1888     6 300904 java.util.HashMap$Entry[]
  101  0,11% 53,09%      1856    9      1856     9 300487 byte[]
  102  0,11% 53,19%      1816   12      1816    12 300000 java.util.HashMap$Entry[]
  103  0,11% 53,30%      1816    2      1816     2 301187 byte[]
  104  0,11% 53,41%      1808    2      1808     2 301186 byte[]
  105  0,10% 53,51%      1784    2      1784     2 301171 java.lang.Integer[]
  106  0,10% 53,61%      1648   16      1648    16 300688 int[]
  107  0,09% 53,70%      1536   24      1536    24 300033 java.net.URL
  108  0,09% 53,79%      1536   32      1536    32 301107 java.util.HashMap
  109  0,09% 53,88%      1536   32      1536    32 301108 java.util.HashMap$Entry[]
  110  0,09% 53,97%      1520   19      1520    19 300122 java.util.jar.JarFile$JarFileEntry
  111  0,09% 54,06%      1496   25      1496    25 300496 char[]
  112  0,09% 54,14%      1488   62      1488    62 300250 java.util.jar.Attributes$Name
  113  0,09% 54,23%      1488   62      1488    62 300245 java.util.HashMap$Entry[]
  114  0,09% 54,32%      1472   46      1472    46 301103 java.lang.String
  115  0,09% 54,40%      1472   46      1472    46 301113 java.util.HashMap$Entry
  116  0,09% 54,49%      1472   46      1472    46 301112 java.lang.String
  117  0,09% 54,58%      1472   46      1472    46 301104 java.lang.String
  118  0,08% 54,66%      1416    7      1416     7 300000 java.lang.Thread
  119  0,08% 54,74%      1408   44      1408    44 301094 java.lang.String
  120  0,08% 54,83%      1408   44      1408    44 301095 java.lang.String
  121  0,08% 54,91%      1400    7      1400     7 300000 java.util.Hashtable$Entry[]
  122  0,08% 54,99%      1392   28      1392    28 300000 java.io.ExpiringCache$Entry
  123  0,08% 55,07%      1384   17      1384    17 300000 java.util.concurrent.ConcurrentHashMap$Segment
  124  0,08% 55,15%      1384   21      1384    21 300000 java.util.concurrent.ConcurrentHashMap$HashEntry
  125  0,08% 55,23%      1384   21      1384    21 300000 java.util.Locale
  126  0,08% 55,31%      1344   24      1344    24 300065 java.util.jar.JarFile
  127  0,08% 55,39%      1344   24      1344    24 300068 java.lang.Object[]
  128  0,08% 55,47%      1296   54      1296    54 300571 sun.security.util.DerOutputStream
  129  0,08% 55,54%      1288    3      1288     3 300000 short[]
  130  0,08% 55,62%      1280   32      1280    32 300503 java.util.concurrent.ConcurrentHashMap$Segment
  131  0,08% 55,69%      1280    8      1280     8 300254 char[]
  132  0,07% 55,77%      1256   17      1256    17 300000 java.util.concurrent.locks.ReentrantLock$NonfairSync
  133  0,07% 55,84%      1248    2      1248     2 301381 byte[]
  134  0,07% 55,91%      1248    4      1248     4 301342 byte[]
  135  0,07% 55,99%      1240   31      1240    31 301663 char[]
  136  0,07% 56,06%      1240   31      1240    31 300248 char[]
  137  0,07% 56,13%      1224   11      1224    11 300000 java.util.HashMap
  138  0,07% 56,20%      1216   19      1216    19 300120 java.util.zip.ZipEntry
  139  0,07% 56,28%      1216    5      1216     5 302151 byte[]
  140  0,07% 56,35%      1216   24      1216    24 301831 char[]
  141  0,07% 56,42%      1216    4      1216     4 301341 byte[]
  142  0,07% 56,49%      1216   24      1216    24 301828 char[]
  143  0,07% 56,56%      1176   27      1176    27 301272 byte[]
  144  0,07% 56,63%      1168   27      1168    27 301271 byte[]
  145  0,07% 56,70%      1160   17      1160    17 300000 java.util.concurrent.ConcurrentHashMap$HashEntry[]
  146  0,07% 56,76%      1152    8      1152     8 302012 int[]
  147  0,07% 56,83%      1152   24      1152    24 301824 char[]
  148  0,07% 56,90%      1152   16      1152    16 300835 java.lang.reflect.Constructor
  149  0,07% 56,97%      1152   24      1152    24 300017 char[]
  150  0,07% 57,03%      1152   24      1152    24 300037 char[]
  151  0,07% 57,10%      1152   36      1152    36 300535 sun.security.util.DerInputBuffer
  152  0,07% 57,17%      1152   24      1152    24 300049 char[]
  153  0,07% 57,24%      1152    8      1152     8 301992 int[]
  154  0,07% 57,31%      1152   48      1152    48 301088 java.security.Provider$ServiceKey
  155  0,07% 57,37%      1144   25      1144    25 301598 char[]
  156  0,07% 57,44%      1128   47      1128    47 300564 sun.security.util.DerInputStream
  157  0,07% 57,50%      1128   29      1128    29 300690 java.lang.Object[]
  158  0,06% 57,57%      1104   46      1104    46 301105 java.security.Provider$ServiceKey
  159  0,06% 57,63%      1104   46      1104    46 301110 java.security.Provider$UString
  160  0,06% 57,70%      1096    5      1096     5 300000 java.lang.reflect.Method
  161  0,06% 57,76%      1088   24      1088    24 301826 char[]
  162  0,06% 57,83%      1080   27      1080    27 301282 int[]
  163  0,06% 57,89%      1056   44      1056    44 301099 java.security.Provider$ServiceKey
  164  0,06% 57,95%      1056   44      1056    44 301097 java.security.Provider$ServiceKey
  165  0,06% 58,01%      1056   44      1056    44 301096 java.lang.String[]
  166  0,06% 58,07%      1032   13      1032    13 301277 sun.security.x509.AVA[]
  167  0,06% 58,13%      1024   32      1024    32 300504 java.util.concurrent.locks.ReentrantLock$NonfairSync
  168  0,06% 58,19%      1024   32      1024    32 300056 java.lang.String
  169  0,06% 58,25%      1024   32      1024    32 302265 java.lang.String
  170  0,06% 58,31%      1008    3      1008     3 301925 int[]
  171  0,06% 58,37%      1000    9      1000     9 300000 java.lang.OutOfMemoryError
  172  0,06% 58,43%       992   31       992    31 300323 java.lang.String
  173  0,06% 58,49%       992   31       992    31 300321 java.lang.String
  174  0,06% 58,55%       992   31       992    31 300249 java.lang.String
  175  0,06% 58,61%       992   31       992    31 300242 java.lang.String
  176  0,06% 58,66%       992   16       992    16 301829 char[]
  177  0,06% 58,72%       992   31       992    31 300326 java.util.HashMap$Entry
  178  0,06% 58,78%       992   31       992    31 300247 java.lang.String
  179  0,06% 58,84%       992   31       992    31 300325 sun.security.util.ManifestDigester$Entry
  180  0,06% 58,90%       992   31       992    31 301662 java.lang.String
  181  0,06% 58,96%       992   31       992    31 301664 java.lang.String
  182  0,06% 59,01%       992   31       992    31 301660 java.lang.String
  183  0,06% 59,07%       984    6       984     6 300000 java.util.Hashtable
  184  0,06% 59,13%       960   30       960    30 300353 java.util.HashMap$Entry
  185  0,06% 59,18%       960   30       960    30 300352 java.util.HashMap$Entry
  186  0,06% 59,24%       960   24       960    24 301098 char[]
  187  0,06% 59,30%       960   30       960    30 302089 java.util.Hashtable$Entry
  188  0,06% 59,35%       960   24       960    24 300035 sun.misc.URLClassPath$JarLoader
  189  0,06% 59,41%       952   14       952    14 300000 java.lang.Object
  190  0,06% 59,47%       952   17       952    17 300140 java.util.zip.ZipFile$1
  191  0,06% 59,52%       944    3       944     3 300372 java.util.HashMap$Entry[]
  192  0,06% 59,58%       936    7       936     7 300000 java.util.Vector
  193  0,06% 59,63%       936    7       936     7 300000 java.security.AccessControlContext
  194  0,05% 59,69%       928   29       928    29 300028 java.lang.String
  195  0,05% 59,74%       928    2       928     2 301382 byte[]
  196  0,05% 59,79%       928    2       928     2 301384 byte[]
  197  0,05% 59,85%       912    2       912     2 301403 byte[]
  198  0,05% 59,90%       912   19       912    19 300180 char[]
  199  0,05% 59,95%       904   32       904    32 302280 java.lang.Object[]
  200  0,05% 60,01%       904    5       904     5 300000 java.lang.ref.Finalizer
  201  0,05% 60,06%       896    7       896     7 300000 java.lang.Class[]
  202  0,05% 60,11%       888    5       888     5 302284 DirectedEdge[]
  203  0,05% 60,16%       864   27       864    27 301274 sun.security.util.DerValue
  204  0,05% 60,21%       864   18       864    18 300126 java.util.zip.ZipFile$ZipFileInputStream
  205  0,05% 60,27%       864   27       864    27 301265 sun.security.util.DerValue
  206  0,05% 60,32%       864   27       864    27 301283 sun.security.util.DerValue
  207  0,05% 60,37%       864    4       864     4 301858 char[]
  208  0,05% 60,42%       864   27       864    27 300166 java.lang.String
  209  0,05% 60,47%       856    3       856     3 300000 java.io.ExpiringCache$1
  210  0,05% 60,52%       856    2       856     2 300000 java.lang.ref.Reference$ReferenceHandler
  211  0,05% 60,57%       856    2       856     2 300000 java.lang.ref.Finalizer$FinalizerThread
  212  0,05% 60,62%       840    4       840     4 300000 java.util.Stack
  213  0,05% 60,67%       840    3       840     3 300000 java.lang.ThreadGroup
  214  0,05% 60,72%       840    5       840     5 300000 java.util.ArrayList
  215  0,05% 60,77%       832    2       832     2 301781 java.lang.Byte[][]
  216  0,05% 60,81%       832    4       832     4 300255 java.util.HashMap$Entry[]
  217  0,05% 60,86%       832   24       832    24 301821 byte[]
  218  0,05% 60,91%       832    4       832     4 301114 java.util.HashMap$Entry[]
  219  0,05% 60,96%       832    2       832     2 300593 java.math.BigInteger[]
  220  0,05% 61,01%       832    2       832     2 301735 sun.security.util.ObjectIdentifier[]
  221  0,05% 61,06%       824    6       824     6 300000 java.lang.ThreadLocal
  222  0,05% 61,11%       824    3       824     3 301269 sun.security.x509.RDN[]
  223  0,05% 61,16%       824    2       824     2 301352 byte[][]
  224  0,05% 61,20%       824    2       824     2 300000 sun.misc.Launcher$ExtClassLoader
  225  0,05% 61,25%       824    3       824     3 300000 java.io.ExpiringCache
  226  0,05% 61,30%       824    2       824     2 300000 java.util.concurrent.ConcurrentHashMap$Segment[]
  227  0,05% 61,35%       816    2       816     2 300000 sun.nio.cs.MacRoman$Encoder
  228  0,05% 61,40%       816    2       816     2 300000 sun.misc.Launcher$AppClassLoader
  229  0,05% 61,44%       816    4       816     4 300000 java.io.File
  230  0,05% 61,49%       816    2       816     2 300000 java.lang.reflect.Field
  231  0,05% 61,54%       816    5       816     5 300000 java.io.ObjectStreamField[]
  232  0,05% 61,59%       816    4       816     4 300000 java.io.FileDescriptor
  233  0,05% 61,64%       816    4       816     4 300000 sun.misc.Signal
  234  0,05% 61,68%       816    2       816     2 300000 java.lang.reflect.Constructor
  235  0,05% 61,73%       808    3       808     3 300000 java.io.PrintStream
  236  0,05% 61,78%       808    3       808     3 300000 java.lang.ref.ReferenceQueue
  237  0,05% 61,83%       808    3       808     3 300000 sun.misc.URLClassPath
  238  0,05% 61,87%       808    3       808     3 300000 java.lang.ref.ReferenceQueue$Null
  239  0,05% 61,92%       808    3       808     3 300000 java.io.FileOutputStream
  240  0,05% 61,97%       808    5       808     5 300000 java.util.concurrent.atomic.AtomicInteger
  241  0,05% 62,02%       808    5       808     5 300000 java.lang.ref.ReferenceQueue$Lock
  242  0,05% 62,06%       808    3       808     3 300000 java.lang.Thread[]
  243  0,05% 62,11%       800   25       800    25 300495 java.lang.String
  244  0,05% 62,16%       800    2       800     2 301890 java.util.regex.Pattern$GroupHead[]
  245  0,05% 62,21%       800   25       800    25 300497 java.lang.String
  246  0,05% 62,25%       800   25       800    25 300499 java.util.Hashtable$Entry
  247  0,05% 62,30%       800    2       800     2 300000 java.lang.Runnable[]
  248  0,05% 62,35%       800    2       800     2 300000 sun.nio.cs.StreamEncoder
  249  0,05% 62,39%       800   25       800    25 300011 java.lang.String
  250  0,05% 62,44%       792    2       792     2 300000 long[]
  251  0,05% 62,49%       792    3       792     3 300000 java.lang.RuntimePermission
  252  0,05% 62,53%       792    3       792     3 300000 sun.misc.NativeSignalHandler
  253  0,05% 62,58%       792    2       792     2 302266 java.util.LinkedList[]
  254  0,05% 62,63%       792    2       792     2 300000 java.nio.HeapByteBuffer
  255  0,05% 62,67%       792    3       792     3 300000 java.nio.charset.CoderResult
  256  0,05% 62,72%       792    2       792     2 301528 sun.security.x509.NetscapeCertTypeExtension$MapEntry[]
  257  0,05% 62,77%       792    3       792     3 300000 java.io.File[]
  258  0,05% 62,81%       792    2       792     2 301991 int[][]
  259  0,05% 62,86%       792    2       792     2 300000 java.util.Properties
  260  0,05% 62,91%       792    4       792     4 300000 java.lang.Integer
  261  0,05% 62,95%       792    2       792     2 300000 sun.nio.cs.MacRoman$Decoder
  262  0,05% 63,00%       792    2       792     2 300000 java.util.concurrent.ConcurrentHashMap
  263  0,05% 63,04%       792    4       792     4 300000 java.nio.charset.CodingErrorAction
  264  0,05% 63,09%       792    2       792     2 300000 java.io.BufferedWriter
  265  0,05% 63,14%       784    2       784     2 300000 java.io.ObjectStreamField
  266  0,05% 63,18%       784    2       784     2 301675 sun.security.jca.ServiceId[]
  267  0,05% 63,23%       784    2       784     2 300000 sun.nio.cs.StandardCharsets$Cache
  268  0,05% 63,28%       784    2       784     2 300000 sun.nio.cs.StandardCharsets$Classes
  269  0,05% 63,32%       784    2       784     2 300000 sun.nio.cs.StandardCharsets$Aliases
  270  0,05% 63,37%       776    3       776     3 300000 java.lang.Shutdown$Lock
  271  0,05% 63,41%       776    2       776     2 300000 sun.nio.cs.StandardCharsets
  272  0,05% 63,46%       776    2       776     2 300000 java.lang.ThreadGroup[]
  273  0,05% 63,50%       776    2       776     2 300000 java.io.FileInputStream
  274  0,05% 63,55%       776    3       776     3 300000 sun.net.www.protocol.jar.Handler
  275  0,05% 63,60%       776    2       776     2 300000 java.lang.OutOfMemoryError[]
  276  0,05% 63,64%       776    3       776     3 300000 java.lang.Boolean
  277  0,05% 63,69%       776    3       776     3 300000 java.util.HashSet
  278  0,05% 63,73%       776    2       776     2 300000 java.lang.VirtualMachineError
  279  0,05% 63,78%       776    2       776     2 300000 java.io.UnixFileSystem
  280  0,05% 63,82%       776    2       776     2 300000 java.util.concurrent.atomic.AtomicReferenceFieldUpdater$AtomicReferenceFieldUpdaterImpl
  281  0,05% 63,87%       776    3       776     3 300000 java.nio.ByteOrder
  282  0,05% 63,91%       776    2       776     2 300000 java.lang.NullPointerException
  283  0,05% 63,96%       776    2       776     2 300000 java.lang.ArithmeticException
  284  0,05% 64,01%       776    2       776     2 300000 sun.misc.SoftCache
  285  0,05% 64,05%       776    2       776     2 300000 java.lang.ClassLoader$NativeLibrary
  286  0,05% 64,10%       776    2       776     2 300000 java.lang.ref.WeakReference
  287  0,05% 64,14%       776    2       776     2 300000 java.util.Collections$SynchronizedMap
  288  0,05% 64,19%       776    2       776     2 301838 java.text.Normalizer$Form[]
  289  0,05% 64,23%       776    2       776     2 300000 java.io.OutputStreamWriter
  290  0,05% 64,28%       768    2       768     2 301701 java.security.Principal[]
  291  0,05% 64,32%       768   24       768    24 301832 java.lang.String
  292  0,05% 64,37%       768   24       768    24 300050 java.lang.String
  293  0,05% 64,41%       768    2       768     2 300000 sun.nio.cs.MacRoman
  294  0,05% 64,46%       768   24       768    24 301822 java.lang.String
  295  0,05% 64,50%       768    2       768     2 301782 java.lang.Byte[]
  296  0,05% 64,55%       768    2       768     2 300000 sun.nio.cs.UTF_8
  297  0,05% 64,60%       768   24       768    24 300039 java.lang.String
  298  0,05% 64,64%       768    2       768     2 300000 com.apple.java.Usage
  299  0,05% 64,69%       768   32       768    32 302282 java.util.LinkedList$Entry
  300  0,05% 64,73%       768    2       768     2 300000 java.util.Collections$EmptyMap
  301  0,05% 64,78%       768   24       768    24 300031 java.lang.String
  302  0,05% 64,82%       768   32       768    32 302279 java.util.LinkedList$Entry
  303  0,05% 64,87%       768    2       768     2 300000 sun.nio.cs.Surrogate$Parser
  304  0,05% 64,91%       768    2       768     2 301617 sun.security.pkcs.SignerInfo[]
  305  0,05% 64,96%       768    2       768     2 300000 java.util.BitSet
  306  0,05% 65,00%       768    2       768     2 300565 sun.security.util.DerValue[]
  307  0,05% 65,05%       768   24       768    24 301825 java.lang.String
  308  0,05% 65,09%       768    2       768     2 300000 java.lang.reflect.ReflectPermission
  309  0,05% 65,14%       768    2       768     2 300695 sun.security.x509.AlgorithmId[]
  310  0,05% 65,18%       768   24       768    24 302336 java.util.HashMap$Entry
  311  0,05% 65,23%       768   24       768    24 302327 java.lang.String
  312  0,05% 65,27%       768   24       768    24 302334 java.lang.String
  313  0,05% 65,32%       768   24       768    24 301827 java.lang.String
  314  0,05% 65,36%       768    2       768     2 300000 java.io.BufferedOutputStream
  315  0,05% 65,41%       768   32       768    32 300505 java.util.concurrent.ConcurrentHashMap$HashEntry[]
  316  0,05% 65,45%       768    2       768     2 301136 java.security.cert.X509Certificate[]
  317  0,04% 65,50%       760    2       760     2 300000 java.util.Collections$ReverseComparator
  318  0,04% 65,54%       760    2       760     2 300000 java.lang.String$CaseInsensitiveComparator
  319  0,04% 65,59%       760    2       760     2 300000 java.lang.System$2
  320  0,04% 65,63%       760    2       760     2 300000 java.net.URLClassLoader$7
  321  0,04% 65,68%       760    2       760     2 300000 sun.misc.Launcher
  322  0,04% 65,72%       760    2       760     2 300339 java.security.Provider[]
  323  0,04% 65,77%       760    2       760     2 300000 java.security.AccessControlContext$1
  324  0,04% 65,81%       760    2       760     2 300000 java.lang.Terminator$1
  325  0,04% 65,85%       760    2       760     2 300000 java.nio.charset.CoderResult$1
  326  0,04% 65,90%       760    2       760     2 300000 java.lang.ApplicationShutdownHooks$1
  327  0,04% 65,94%       760    2       760     2 300000 sun.reflect.ReflectionFactory
  328  0,04% 65,99%       760    2       760     2 300264 java.security.CodeSigner[]
  329  0,04% 66,03%       760    2       760     2 300000 java.nio.charset.CoderResult$2
  330  0,04% 66,08%       760    2       760     2 300000 sun.misc.Unsafe
  331  0,04% 66,12%       760    2       760     2 300000 sun.net.www.protocol.file.Handler
  332  0,04% 66,17%       760    2       760     2 300000 java.util.Hashtable$EmptyIterator
  333  0,04% 66,21%       760    2       760     2 300000 java.lang.ref.Reference$Lock
  334  0,04% 66,26%       760    2       760     2 300000 java.lang.Runtime
  335  0,04% 66,30%       760    2       760     2 300000 java.io.FileDescriptor$1
  336  0,04% 66,35%       760    2       760     2 300000 java.util.Collections$EmptyList
  337  0,04% 66,39%       760    2       760     2 300000 java.util.Hashtable$EmptyEnumerator
  338  0,04% 66,44%       760    2       760     2 300000 sun.jkernel.DownloadManager$1
  339  0,04% 66,48%       760    2       760     2 300337 sun.security.jca.ProviderConfig[]
  340  0,04% 66,52%       760    2       760     2 300000 sun.misc.Launcher$Factory
  341  0,04% 66,57%       760    2       760     2 300000 java.lang.StackTraceElement[]
  342  0,04% 66,61%       760    2       760     2 300000 java.lang.reflect.ReflectAccess
  343  0,04% 66,66%       760    2       760     2 300000 java.util.Collections$EmptySet
  344  0,04% 66,70%       752   16       752    16 301089 char[]
  345  0,04% 66,75%       744    1       744     1 301426 sun.security.x509.Extension
  346  0,04% 66,79%       744    1       744     1 300275 java.io.ByteArrayOutputStream
  347  0,04% 66,83%       744    1       744     1 302237 DirectedEdge
  348  0,04% 66,88%       744    1       744     1 300000 java.security.PermissionCollection
  349  0,04% 66,92%       744    1       744     1 300280 sun.security.util.ManifestEntryVerifier
  350  0,04% 66,97%       744    1       744     1 301435 sun.security.x509.OIDMap
  351  0,04% 67,01%       744    1       744     1 301170 java.lang.Integer$IntegerCache
  352  0,04% 67,05%       744    1       744     1 300000 sun.reflect.ReflectionFactory$1
  353  0,04% 67,10%       744    1       744     1 300000 java.lang.ref.Reference
  354  0,04% 67,14%       744    1       744     1 300287 sun.misc.CharacterDecoder
  355  0,04% 67,18%       744    1       744     1 300287 sun.misc.BASE64Decoder
  356  0,04% 67,23%       744    1       744     1 300000 sun.reflect.ConstantPool
  357  0,04% 67,27%       744    1       744     1 301441 sun.security.x509.PKIXExtensions
  358  0,04% 67,32%       744    1       744     1 301494 sun.security.x509.OIDMap$OIDInfo
  359  0,04% 67,36%       744    1       744     1 300296 sun.security.util.SignatureFileVerifier
  360  0,04% 67,40%       744    1       744     1 301219 sun.security.x509.X500Name
  361  0,04% 67,45%       744    1       744     1 300304 java.util.AbstractList$Itr
  362  0,04% 67,49%       744    1       744     1 300000 java.lang.ref.Reference[]
  363  0,04% 67,53%       744    1       744     1 300308 sun.security.util.ManifestDigester
  364  0,04% 67,58%       744    1       744     1 301524 sun.security.x509.NetscapeCertTypeExtension
  365  0,04% 67,62%       744    1       744     1 301527 sun.security.x509.NetscapeCertTypeExtension$MapEntry
  366  0,04% 67,67%       744    1       744     1 302237 Kattio
  367  0,04% 67,71%       744    1       744     1 300314 sun.security.util.ManifestDigester$Position
  368  0,04% 67,75%       744    1       744     1 300832 java.io.PrintWriter
  369  0,04% 67,80%       744    1       744     1 300316 sun.security.util.ManifestDigester$Entry
  370  0,04% 67,84%       744    1       744     1 302237 FlowProblemSolver
  371  0,04% 67,88%       744    1       744     1 302237 RunFlowWithoutPipe
  372  0,04% 67,93%       744   31       744    31 300319 java.lang.StringBuilder
  373  0,04% 67,97%       744    1       744     1 301524 sun.security.x509.KeyUsageExtension
  374  0,04% 68,02%       744    1       744     1 302230 java.security.ProtectionDomain$Key
  375  0,04% 68,06%       744    1       744     1 300332 sun.security.jca.Providers
  376  0,04% 68,10%       744    1       744     1 300333 java.lang.InheritableThreadLocal
  377  0,04% 68,15%       744    1       744     1 302227 java.security.ProtectionDomain$2
  378  0,04% 68,19%       744    1       744     1 300335 sun.security.jca.ProviderList
  379  0,04% 68,23%       744    1       744     1 300336 sun.security.jca.ProviderConfig
  380  0,04% 68,28%       744    1       744     1 300338 java.security.Provider
  381  0,04% 68,32%       744    1       744     1 302227 sun.misc.JavaSecurityProtectionDomainAccess
  382  0,04% 68,36%       744    1       744     1 300341 sun.security.jca.ProviderList$3
  383  0,04% 68,41%       744    1       744     1 300343 sun.security.jca.ProviderList$1
  384  0,04% 68,45%       744    1       744     1 300344 java.security.Provider$ServiceKey
  385  0,04% 68,50%       744    1       744     1 301204 sun.security.x509.SerialNumber
  386  0,04% 68,54%       744    1       744     1 302218 java.security.BasicPermissionCollection
  387  0,04% 68,58%       744    1       744     1 301202 sun.security.x509.CertificateSerialNumber
  388  0,04% 68,63%       744    1       744     1 300348 java.security.Provider$EngineDescription
  389  0,04% 68,67%       744    1       744     1 302216 java.security.UnresolvedPermission
  390  0,04% 68,71%       744    1       744     1 302215 java.security.AllPermission
  391  0,04% 68,76%       744    1       744     1 301135 java.security.cert.X509Certificate
  392  0,04% 68,80%       744    1       744     1 300000 sun.misc.Version
  393  0,04% 68,85%       744    1       744     1 302209 java.io.FilePermissionCollection
  394  0,04% 68,89%       744    1       744     1 301524 sun.security.x509.SubjectKeyIdentifierExtension
  395  0,04% 68,93%       744    1       744     1 301217 sun.security.x509.CertificateIssuerName
  396  0,04% 68,98%       744    1       744     1 302192 java.security.Policy$UnsupportedEmptyCollection
  397  0,04% 69,02%       744    1       744     1 302191 sun.security.provider.PolicyFile
  398  0,04% 69,06%       744    1       744     1 302191 java.security.Policy
  399  0,04% 69,11%       744    1       744     1 302189 java.io.FilePermission$1
  400  0,04% 69,15%       744    1       744     1 302187 java.io.FilePermission
  401  0,04% 69,20%       744    1       744     1 302180 sun.net.www.MessageHeader
  402  0,04% 69,24%       744    1       744     1 302175 java.net.UnknownContentHandler
  403  0,04% 69,28%       744    1       744     1 302175 java.net.ContentHandler
  404  0,04% 69,33%       744    1       744     1 301135 java.security.cert.X509Extension
  405  0,04% 69,37%       744    1       744     1 302172 sun.net.www.protocol.file.FileURLConnection
  406  0,04% 69,41%       744    1       744     1 302172 sun.net.www.URLConnection
  407  0,04% 69,46%       744    1       744     1 302172 java.net.URLConnection
  408  0,04% 69,50%       744    1       744     1 301566 sun.security.x509.KeyIdentifier
  409  0,04% 69,55%       744    1       744     1 300000 sun.reflect.ConstructorAccessor
  410  0,04% 69,59%       744    1       744     1 300000 java.lang.VirtualMachineError[]
  411  0,04% 69,63%       744    1       744     1 301524 sun.security.x509.AuthorityKeyIdentifierExtension
  412  0,04% 69,68%       744    1       744     1 301569 sun.security.x509.GeneralNames
  413  0,04% 69,72%       744    1       744     1 300000 java.lang.NoSuchMethodError
  414  0,04% 69,76%       744    1       744     1 302155 java.security.Permissions
  415  0,04% 69,81%       744    1       744     1 301109 java.security.Provider$UString
  416  0,04% 69,85%       744    1       744     1 302150 sun.nio.ByteBuffered
  417  0,04% 69,90%       744    1       744     1 300000 sun.reflect.DelegatingMethodAccessorImpl
  418  0,04% 69,94%       744    1       744     1 300000 sun.reflect.ReflectionFactory$GetReflectionFactoryAction
  419  0,04% 69,98%       744    1       744     1 301524 sun.security.x509.SubjectAlternativeNameExtension
  420  0,04% 70,03%       744    1       744     1 301588 sun.security.x509.GeneralName
  421  0,04% 70,07%       744    1       744     1 302145 sun.misc.URLClassPath$FileLoader$1
  422  0,04% 70,11%       744    1       744     1 302145 sun.misc.Resource
  423  0,04% 70,16%       744    1       744     1 301590 sun.security.x509.RFC822Name
  424  0,04% 70,20%       744    1       744     1 301594 sun.nio.cs.US_ASCII
  425  0,04% 70,25%       744    1       744     1 301596 sun.nio.cs.US_ASCII$Decoder
  426  0,04% 70,29%       744    1       744     1 301600 sun.security.x509.X509AttributeName
  427  0,04% 70,33%       744    1       744     1 301605 sun.security.util.MemoryCache$CacheEntry
  428  0,04% 70,38%       744    1       744     1 301605 sun.security.util.MemoryCache$SoftCacheEntry
  429  0,04% 70,42%       744    1       744     1 301524 sun.security.x509.BasicConstraintsExtension
  430  0,04% 70,46%       744    1       744     1 301616 sun.security.pkcs.SignerInfo
  431  0,04% 70,51%       744    1       744     1 300000 java.lang.reflect.Constructor[]
  432  0,04% 70,55%       744    1       744     1 302121 sun.misc.URLClassPath$FileLoader
  433  0,04% 70,60%       744    1       744     1 300000 java.io.FilterOutputStream
  434  0,04% 70,64%       744    1       744     1 300000 java.lang.Float
  435  0,04% 70,68%       744    1       744     1 300000 sun.misc.JavaLangAccess
  436  0,04% 70,73%       744    1       744     1 302102 sun.security.util.ManifestEntryVerifier$SunProviderHolder
  437  0,04% 70,77%       744    1       744     1 302091 java.util.jar.JarVerifier$VerifierStream
  438  0,04% 70,81%       744    1       744     1 300000 sun.util.PreHashedMap
  439  0,04% 70,86%       744    1       744     1 302085 sun.misc.CEStreamExhausted
  440  0,04% 70,90%       744    1       744     1 302082 java.io.PushbackInputStream
  441  0,04% 70,94%       744    1       744     1 300000 java.lang.ThreadDeath
  442  0,04% 70,99%       744    1       744     1 302068 java.util.HashMap$EntryIterator
  443  0,04% 71,03%       744    1       744     1 302068 java.util.HashMap$HashIterator
  444  0,04% 71,08%       744    1       744     1 302062 java.util.Collections$UnmodifiableCollection$1
  445  0,04% 71,12%       744    1       744     1 302060 java.util.Collections$UnmodifiableRandomAccessList
  446  0,04% 71,16%       744    1       744     1 301891 java.util.regex.Pattern$Single
  447  0,04% 71,21%       744    1       744     1 301891 java.util.regex.Pattern$CharProperty
  448  0,04% 71,25%       744    1       744     1 301278 sun.security.action.GetBooleanAction
  449  0,04% 71,29%       744    1       744     1 301302 sun.util.calendar.BaseCalendar$Date
  450  0,04% 71,34%       744    1       744     1 301304 sun.util.calendar.CalendarUtils
  451  0,04% 71,38%       744    1       744     1 301305 java.util.Date
  452  0,04% 71,43%       744    1       744     1 301302 sun.util.calendar.CalendarDate
  453  0,04% 71,47%       744    1       744     1 301276 sun.security.x509.AVA
  454  0,04% 71,51%       744    1       744     1 301309 sun.security.x509.CertificateSubjectName
  455  0,04% 71,56%       744    1       744     1 301315 sun.security.x509.CertificateX509Key
  456  0,04% 71,60%       744    1       744     1 301319 java.security.Key
  457  0,04% 71,64%       744    1       744     1 301319 java.security.PublicKey
  458  0,04% 71,69%       744    1       744     1 301296 sun.util.calendar.Gregorian
  459  0,04% 71,73%       744    1       744     1 301296 sun.util.calendar.BaseCalendar
  460  0,04% 71,78%       744    1       744     1 301319 sun.security.x509.X509Key
  461  0,04% 71,82%       744    1       744     1 301268 sun.security.x509.RDN
  462  0,04% 71,86%       744    1       744     1 301296 sun.util.calendar.AbstractCalendar
  463  0,04% 71,91%       744    1       744     1 301285 sun.security.x509.CertificateValidity
  464  0,04% 71,95%       744    1       744     1 301294 sun.util.calendar.CalendarSystem
  465  0,04% 71,99%       744    1       744     1 301330 java.security.AlgorithmParameters
  466  0,04% 72,04%       744    1       744     1 301079 java.util.HashMap$EntrySet
  467  0,04% 72,08%       744    1       744     1 301081 java.util.LinkedHashMap$LinkedHashIterator
  468  0,04% 72,13%       744    1       744     1 301081 java.util.LinkedHashMap$EntryIterator
  469  0,04% 72,17%       744    1       744     1 301335 java.security.AlgorithmParametersSpi
  470  0,04% 72,21%       744    1       744     1 300000 java.util.List
  471  0,04% 72,26%       744    1       744     1 300000 java.util.concurrent.locks.AbstractOwnableSynchronizer
  472  0,04% 72,30%       744    1       744     1 300000 sun.misc.Launcher$ExtClassLoader$1
  473  0,04% 72,34%       744    1       744     1 300000 java.io.OutputStream
  474  0,04% 72,39%       744    1       744     1 300000 java.lang.StringCoding
  475  0,04% 72,43%       744    1       744     1 300000 java.io.ObjectStreamClass
  476  0,04% 72,48%       744    1       744     1 300000 java.lang.StringCoding$StringEncoder
  477  0,04% 72,52%       744    1       744     1 300000 sun.nio.cs.Surrogate
  478  0,04% 72,56%       744    1       744     1 300000 java.lang.Exception
  479  0,04% 72,61%       744    1       744     1 300000 java.util.Arrays
  480  0,04% 72,65%       744    1       744     1 300000 java.util.Map$Entry
  481  0,04% 72,69%       744    1       744     1 300000 java.util.Map$Entry[]
  482  0,04% 72,74%       744    1       744     1 300000 java.net.URLStreamHandlerFactory
  483  0,04% 72,78%       744    1       744     1 300000 java.security.AccessController
  484  0,04% 72,83%       744    1       744     1 300000 java.lang.StackOverflowError
  485  0,04% 72,87%       744    1       744     1 300000 sun.nio.cs.SingleByteEncoder
  486  0,04% 72,91%       744    1       744     1 300000 java.lang.reflect.AccessibleObject
  487  0,04% 72,96%       744    1       744     1 300000 java.lang.reflect.AccessibleObject[]
  488  0,04% 73,00%       744    1       744     1 300000 java.io.BufferedInputStream
  489  0,04% 73,04%       744    1       744     1 300000 sun.misc.PostVMInitHook
  490  0,04% 73,09%       744    1       744     1 300000 sun.reflect.LangReflectAccess
  491  0,04% 73,13%       744    1       744     1 300000 java.util.Set
  492  0,04% 73,18%       744    1       744     1 300000 java.lang.StringBuilder
  493  0,04% 73,22%       744    1       744     1 300000 java.lang.reflect.Field[]
  494  0,04% 73,26%       744    1       744     1 300000 java.net.URL[]
  495  0,04% 73,31%       744    1       744     1 300000 java.util.HashMap$Entry
  496  0,04% 73,35%       744    1       744     1 300000 java.util.AbstractMap
  497  0,04% 73,39%       744    1       744     1 300000 java.lang.Number
  498  0,04% 73,44%       744    1       744     1 300000 java.security.BasicPermission
  499  0,04% 73,48%       744    1       744     1 300000 java.lang.reflect.Member
  500  0,04% 73,52%       744    1       744     1 300000 java.lang.reflect.Member[]
  501  0,04% 73,57%       744    1       744     1 300000 sun.misc.OSEnvironment
  502  0,04% 73,61%       744    1       744     1 300000 java.lang.IllegalArgumentException
  503  0,04% 73,66%       744    1       744     1 300000 java.lang.StringBuffer
  504  0,04% 73,70%       744    1       744     1 300000 java.security.PrivilegedAction
  505  0,04% 73,74%       744    1       744     1 300000 java.nio.Buffer
  506  0,04% 73,79%       744    1       744     1 300000 java.util.Map
  507  0,04% 73,83%       744    1       744     1 300000 java.util.concurrent.ConcurrentMap
  508  0,04% 73,87%       744    1       744     1 300000 sun.reflect.MethodAccessorImpl
  509  0,04% 73,92%       744    1       744     1 300000 java.lang.ClassNotFoundException
  510  0,04% 73,96%       744    1       744     1 300000 java.lang.ref.FinalReference
  511  0,04% 74,01%       744    1       744     1 300000 java.io.InputStream
  512  0,04% 74,05%       744    1       744     1 300000 java.security.Guard
  513  0,04% 74,09%       744    1       744     1 300000 java.util.Comparator
  514  0,04% 74,14%       744    1       744     1 300000 java.lang.RuntimeException
  515  0,04% 74,18%       744    1       744     1 300000 java.lang.reflect.Type
  516  0,04% 74,22%       744    1       744     1 300000 java.lang.reflect.Type[]
  517  0,04% 74,27%       744    1       744     1 300000 sun.reflect.MethodAccessor
  518  0,04% 74,31%       744    1       744     1 300000 java.lang.System
  519  0,04% 74,36%       744    1       744     1 300000 java.lang.CharacterDataLatin1
  520  0,04% 74,40%       744    1       744     1 300000 java.io.Writer
  521  0,04% 74,44%       744    1       744     1 300000 java.nio.charset.spi.CharsetProvider
  522  0,04% 74,49%       744    1       744     1 300000 sun.misc.JavaSecurityAccess
  523  0,04% 74,53%       744    1       744     1 300000 sun.nio.cs.Unicode
  524  0,04% 74,57%       744    1       744     1 300000 com.apple.java.Usage$1
  525  0,04% 74,62%       744    1       744     1 300000 sun.misc.SharedSecrets
  526  0,04% 74,66%       744    1       744     1 300000 sun.misc.JavaNetAccess
  527  0,04% 74,71%       744    1       744     1 300000 java.util.concurrent.atomic.AtomicReferenceFieldUpdater
  528  0,04% 74,75%       744    1       744     1 300000 java.security.CodeSource
  529  0,04% 74,79%       744    1       744     1 300000 sun.reflect.FieldAccessor
  530  0,04% 74,84%       744    1       744     1 300000 java.security.SecureClassLoader
  531  0,04% 74,88%       744    1       744     1 300000 java.lang.reflect.AnnotatedElement
  532  0,04% 74,92%       744    1       744     1 300000 java.lang.reflect.AnnotatedElement[]
  533  0,04% 74,97%       744    1       744     1 300000 java.lang.Package
  534  0,04% 75,01%       744    1       744     1 300000 java.lang.Package[]
  535  0,04% 75,06%       744    1       744     1 300000 java.lang.ThreadLocal$ThreadLocalMap$Entry
  536  0,04% 75,10%       744    1       744     1 300000 java.lang.ThreadLocal$ThreadLocalMap$Entry[]
  537  0,04% 75,14%       744    1       744     1 300000 sun.nio.cs.HistoricallyNamedCharset
  538  0,04% 75,19%       744    1       744     1 300000 java.lang.ref.PhantomReference
  539  0,04% 75,23%       744    1       744     1 300000 java.lang.Comparable
  540  0,04% 75,27%       744    1       744     1 300000 java.lang.Comparable[]
  541  0,04% 75,32%       744    1       744     1 300000 java.lang.StackTraceElement
  542  0,04% 75,36%       744    1       744     1 300000 com.sun.demo.jvmti.hprof.Tracker
  543  0,04% 75,41%       744    1       744     1 300000 java.lang.reflect.GenericDeclaration
  544  0,04% 75,45%       744    1       744     1 300000 java.lang.reflect.GenericDeclaration[]
  545  0,04% 75,49%       744    1       744     1 300000 sun.reflect.ConstructorAccessorImpl
  546  0,04% 75,54%       744    1       744     1 300000 sun.reflect.Reflection
  547  0,04% 75,58%       744    1       744     1 300000 sun.misc.AtomicLong
  548  0,04% 75,62%       744    1       744     1 300000 java.lang.LinkageError
  549  0,04% 75,67%       744    1       744     1 300000 java.lang.ApplicationShutdownHooks
  550  0,04% 75,71%       744    1       744     1 300000 java.lang.Short
  551  0,04% 75,76%       744    1       744     1 300000 java.nio.HeapCharBuffer
  552  0,04% 75,80%       744    1       744     1 300000 com.apple.java.AppleSystemLog
  553  0,04% 75,84%       744    1       744     1 300000 sun.security.action.GetPropertyAction
  554  0,04% 75,89%       744    1       744     1 300000 java.lang.IncompatibleClassChangeError
  555  0,04% 75,93%       744    1       744     1 300000 sun.misc.AtomicLongCSImpl
  556  0,04% 75,97%       744    1       744     1 300000 java.lang.ClassFormatError
  557  0,04% 76,02%       744    1       744     1 300000 java.util.Collection
  558  0,04% 76,06%       744    1       744     1 300000 java.security.PrivilegedExceptionAction
  559  0,04% 76,10%       744    1       744     1 300000 java.lang.reflect.Modifier
  560  0,04% 76,15%       744    1       744     1 300000 java.io.Flushable
  561  0,04% 76,19%       744    1       744     1 300000 sun.reflect.DelegatingConstructorAccessorImpl
  562  0,04% 76,24%       744    1       744     1 300000 java.lang.ClassCastException
  563  0,04% 76,28%       744    1       744     1 300000 java.lang.Void
  564  0,04% 76,32%       744    1       744     1 300000 java.lang.ClassLoader$3
  565  0,04% 76,37%       744    1       744     1 300000 java.util.concurrent.locks.AbstractQueuedSynchronizer$Node
  566  0,04% 76,41%       744    1       744     1 300000 java.net.Parts
  567  0,04% 76,45%       744    1       744     1 300000 java.net.URLClassLoader
  568  0,04% 76,50%       744    1       744     1 300000 java.util.concurrent.locks.Lock
  569  0,04% 76,54%       744    1       744     1 300000 java.util.concurrent.locks.Lock[]
  570  0,04% 76,59%       744    1       744     1 300000 sun.jkernel.DownloadManager$2
  571  0,04% 76,63%       744    1       744     1 300000 java.lang.ref.SoftReference
  572  0,04% 76,67%       744    1       744     1 300000 java.io.Closeable
  573  0,04% 76,72%       744    1       744     1 300000 sun.reflect.misc.ReflectUtil
  574  0,04% 76,76%       744    1       744     1 300000 java.util.concurrent.locks.AbstractQueuedSynchronizer
  575  0,04% 76,80%       744    1       744     1 300000 sun.reflect.UnsafeFieldAccessorImpl
  576  0,04% 76,85%       744    1       744     1 300000 sun.security.util.Debug
  577  0,04% 76,89%       744    1       744     1 300000 java.util.AbstractList
  578  0,04% 76,94%       744    1       744     1 300000 java.nio.charset.CharsetEncoder
  579  0,04% 76,98%       744    1       744     1 300000 java.lang.Byte
  580  0,04% 77,02%       744    1       744     1 300000 sun.misc.MetaIndex
  581  0,04% 77,07%       744    1       744     1 300000 java.lang.Runnable
  582  0,04% 77,11%       744    1       744     1 300000 java.lang.ClassLoader
  583  0,04% 77,15%       744    1       744     1 300000 sun.misc.SignalHandler
  584  0,04% 77,20%       744    1       744     1 300000 java.util.LinkedHashMap
  585  0,04% 77,24%       744    1       744     1 300000 sun.reflect.FieldAccessorImpl
  586  0,04% 77,29%       744    1       744     1 300000 java.security.Permission
  587  0,04% 77,33%       744    1       744     1 300000 sun.reflect.NativeConstructorAccessorImpl
  588  0,04% 77,37%       744    1       744     1 300000 java.lang.Math
  589  0,04% 77,42%       744    1       744     1 300000 java.lang.StringValue
  590  0,04% 77,46%       744    1       744     1 300000 java.io.FilterInputStream
  591  0,04% 77,50%       744    1       744     1 300000 java.lang.Thread$UncaughtExceptionHandler
  592  0,04% 77,55%       744    1       744     1 300000 java.lang.Thread$UncaughtExceptionHandler[]
  593  0,04% 77,59%       744    1       744     1 300000 java.lang.SystemClassLoaderAction
  594  0,04% 77,64%       744    1       744     1 300000 java.lang.Compiler
  595  0,04% 77,68%       744    1       744     1 300000 java.util.concurrent.locks.ReentrantLock$Sync
  596  0,04% 77,72%       744    1       744     1 300000 java.util.concurrent.locks.ReentrantLock
  597  0,04% 77,77%       744    1       744     1 300000 java.util.concurrent.locks.ReentrantLock[]
  598  0,04% 77,81%       744    1       744     1 300000 java.lang.Appendable
  599  0,04% 77,85%       744    1       744     1 300000 java.lang.Class$1
  600  0,04% 77,90%       744    1       744     1 300000 java.util.AbstractSet
  601  0,04% 77,94%       744    1       744     1 300000 java.lang.Double
  602  0,04% 77,99%       744    1       744     1 300000 java.lang.Readable
  603  0,04% 78,03%       744    1       744     1 300000 java.lang.Cloneable
  604  0,04% 78,07%       744    1       744     1 300000 java.io.Serializable
  605  0,04% 78,12%       744    1       744     1 300000 java.io.Serializable[]
  606  0,04% 78,16%       744    1       744     1 300000 java.nio.charset.Charset
  607  0,04% 78,20%       744    1       744     1 300000 sun.reflect.MagicAccessorImpl
  608  0,04% 78,25%       744    1       744     1 300000 java.lang.Iterable
  609  0,04% 78,29%       744    1       744     1 300000 sun.nio.cs.SingleByteDecoder
  610  0,04% 78,34%       744    1       744     1 300000 sun.nio.cs.FastCharsetProvider
  611  0,04% 78,38%       744    1       744     1 300000 java.io.FileSystem
  612  0,04% 78,42%       744    1       744     1 300000 java.lang.AbstractStringBuilder
  613  0,04% 78,47%       744    1       744     1 300000 java.lang.ArrayStoreException
  614  0,04% 78,51%       744    1       744     1 300000 java.security.cert.Certificate
  615  0,04% 78,55%       744    1       744     1 300000 java.security.cert.Certificate[]
  616  0,04% 78,60%       744    1       744     1 300000 java.util.RandomAccess
  617  0,04% 78,64%       744    1       744     1 300000 java.lang.CharSequence
  618  0,04% 78,69%       744    1       744     1 300000 java.lang.CharSequence[]
  619  0,04% 78,73%       744    1       744     1 300000 java.lang.ref.WeakReference[]
  620  0,04% 78,77%       744    1       744     1 300000 java.io.IOException
  621  0,04% 78,82%       744    1       744     1 300000 java.lang.Terminator
  622  0,04% 78,86%       744    1       744     1 300000 sun.jkernel.DownloadManager
  623  0,04% 78,90%       744    1       744     1 300000 java.util.Collections
  624  0,04% 78,95%       744    1       744     1 300000 java.nio.charset.CharsetDecoder
  625  0,04% 78,99%       744    1       744     1 300000 sun.nio.cs.UTF_8$Encoder
  626  0,04% 79,03%       744    1       744     1 300000 java.lang.Character
  627  0,04% 79,08%       744    1       744     1 300000 java.lang.reflect.Method[]
  628  0,04% 79,12%       744    1       744     1 300000 sun.reflect.NativeMethodAccessorImpl
  629  0,04% 79,17%       744    1       744     1 300000 sun.misc.Launcher$AppClassLoader$1
  630  0,04% 79,21%       744    1       744     1 300000 java.util.IdentityHashMap
  631  0,04% 79,25%       744    1       744     1 300000 java.nio.charset.CoderResult$Cache
  632  0,04% 79,30%       744    1       744     1 300000 sun.misc.JavaIOFileDescriptorAccess
  633  0,04% 79,34%       744    1       744     1 300000 java.lang.Error
  634  0,04% 79,38%       744    1       744     1 300000 java.lang.Error[]
  635  0,04% 79,43%       744    1       744     1 300000 com.apple.java.Usage$2
  636  0,04% 79,47%       744    1       744     1 300000 java.nio.CharBuffer
  637  0,04% 79,52%       744    1       744     1 300000 java.lang.Compiler$1
  638  0,04% 79,56%       744    1       744     1 300000 java.lang.NoClassDefFoundError
  639  0,04% 79,60%       744    1       744     1 300000 java.lang.ThreadLocal$ThreadLocalMap
  640  0,04% 79,65%       744    1       744     1 300000 java.lang.Class$3
  641  0,04% 79,69%       744    1       744     1 300000 java.lang.Long
  642  0,04% 79,73%       744    1       744     1 300000 sun.net.www.ParseUtil
  643  0,04% 79,78%       744    1       744     1 300000 java.util.AbstractCollection
  644  0,04% 79,82%       744    1       744     1 300000 java.util.Dictionary
  645  0,04% 79,87%       744    1       744     1 300000 java.nio.ByteBuffer
  646  0,04% 79,91%       744    1       744     1 300000 java.util.Enumeration
  647  0,04% 79,95%       744    1       744     1 300000 sun.reflect.UnsafeStaticFieldAccessorImpl
  648  0,04% 80,00%       744    1       744     1 300000 com.apple.java.BackwardsCompatibility
  649  0,04% 80,04%       744    1       744     1 300000 java.util.StringTokenizer
  650  0,04% 80,08%       744    1       744     1 300000 java.lang.IllegalMonitorStateException
  651  0,04% 80,13%       744    1       744     1 300000 java.security.ProtectionDomain
  652  0,04% 80,17%       744    1       744     1 300000 boolean[]
  653  0,04% 80,22%       744    1       744     1 300000 float[]
  654  0,04% 80,26%       744    1       744     1 300000 double[]
  655  0,04% 80,30%       744    1       744     1 300004 java.net.URLClassLoader$1
  656  0,04% 80,35%       744    1       744     1 301115 sun.security.provider.DSAParameters
  657  0,04% 80,39%       744    1       744     1 300008 sun.net.util.URLUtil
  658  0,04% 80,43%       744    1       744     1 300013 sun.misc.URLClassPath$3
  659  0,04% 80,48%       744    1       744     1 300015 sun.misc.URLClassPath$Loader
  660  0,04% 80,52%       744    1       744     1 300015 sun.misc.URLClassPath$JarLoader
  661  0,04% 80,57%       744    1       744     1 300000 java.util.Dictionary[]
  662  0,04% 80,61%       744    1       744     1 300000 java.util.AbstractCollection[]
  663  0,04% 80,65%       744    1       744     1 300000 java.util.AbstractSequentialList[]
  664  0,04% 80,70%       744    1       744     1 300000 java.lang.Iterable[]
  665  0,04% 80,74%       744    1       744     1 300000 java.util.Deque[]
  666  0,04% 80,78%       744    1       744     1 301219 sun.security.x509.GeneralNameInterface
  667  0,04% 80,83%       744    1       744     1 300044 sun.misc.URLClassPath$JarLoader$1
  668  0,04% 80,87%       744    1       744     1 300046 sun.misc.FileURLMapper
  669  0,04% 80,92%       744    1       744     1 300057 java.util.zip.ZipConstants
  670  0,04% 80,96%       744    1       744     1 300057 java.util.zip.ZipFile
  671  0,04% 81,00%       744    1       744     1 300057 java.util.jar.JarFile
  672  0,04% 81,05%       744    1       744     1 300000 java.security.cert.X509Extension[]
  673  0,04% 81,09%       744    1       744     1 300059 sun.misc.JavaUtilJarAccess
  674  0,04% 81,13%       744    1       744     1 300059 java.util.jar.JavaUtilJarAccessImpl
  675  0,04% 81,18%       744    1       744     1 300000 java.io.Serializable[][]
  676  0,04% 81,22%       744    1       744     1 300000 java.lang.Cloneable[]
  677  0,04% 81,27%       744    1       744     1 300000 java.lang.Throwable
  678  0,04% 81,31%       744    1       744     1 300071 java.util.zip.ZipException
  679  0,04% 81,35%       744    1       744     1 300073 java.security.PrivilegedActionException
  680  0,04% 81,40%       744    1       744     1 300075 sun.misc.JarIndex
  681  0,04% 81,44%       744    1       744     1 300076 sun.misc.ExtensionDependency
  682  0,04% 81,48%       744    1       744     1 300000 java.util.AbstractList[]
  683  0,04% 81,53%       744    1       744     1 300000 java.lang.Throwable[]
  684  0,04% 81,57%       744    1       744     1 300000 java.util.Collection[]
  685  0,04% 81,61%       744    1       744     1 300000 java.lang.Enum[]
  686  0,04% 81,66%       744    1       744     1 300000 java.lang.Object[][]
  687  0,04% 81,70%       744    1       744     1 300000 java.lang.Comparable[][]
  688  0,04% 81,75%       744    1       744     1 300000 sun.security.util.DerEncoder[]
  689  0,04% 81,79%       744    1       744     1 300000 java.util.Map[]
  690  0,04% 81,83%       744    1       744     1 300000 java.util.Properties[]
  691  0,04% 81,88%       744    1       744     1 300000 java.lang.Number[][]
  692  0,04% 81,92%       744    1       744     1 300000 java.lang.Number[]
  693  0,04% 81,96%       744    1       744     1 300000 java.util.regex.Pattern$Node[]
  694  0,04% 82,01%       744    1       744     1 300000 java.util.Hashtable[]
  695  0,04% 82,05%       744    1       744     1 300000 java.util.List[]
  696  0,04% 82,10%       744    1       744     1 300000 java.util.Queue[]
  697  0,04% 82,14%       744    1       744     1 302339 java.util.Collections$UnmodifiableMap
  698  0,04% 82,18%       744    1       744     1 302337 java.lang.ProcessEnvironment$StringEnvironment
  699  0,04% 82,23%       744    1       744     1 302333 java.lang.ProcessEnvironment$Value
  700  0,04% 82,27%       744    1       744     1 302326 java.lang.ProcessEnvironment$Variable
  701  0,04% 82,31%       744    1       744     1 302326 java.lang.ProcessEnvironment$ExternalData
  702  0,04% 82,36%       744    1       744     1 302323 java.lang.ProcessEnvironment
  703  0,04% 82,40%       744    1       744     1 302321 com.apple.java.Application$1
  704  0,04% 82,45%       744    1       744     1 302320 com.apple.java.Application
  705  0,04% 82,49%       744    1       744     1 302318 java.lang.IllegalStateException
  706  0,04% 82,53%       744    1       744     1 302316 com.apple.java.Usage$3
  707  0,04% 82,58%       744    1       744     1 301167 sun.security.x509.CertAttrSet
  708  0,04% 82,62%       744    1       744     1 302314 java.util.IdentityHashMap$KeyIterator
  709  0,04% 82,66%       744    1       744     1 300000 java.util.Iterator
  710  0,04% 82,71%       744    1       744     1 302314 java.util.IdentityHashMap$IdentityHashMapIterator
  711  0,04% 82,75%       744    1       744     1 302312 java.util.IdentityHashMap$KeySet
  712  0,04% 82,80%       744    1       744     1 300119 java.util.zip.ZipEntry
  713  0,04% 82,84%       744    1       744     1 300121 java.util.jar.JarEntry
  714  0,04% 82,88%       744    1       744     1 300121 java.util.jar.JarFile$JarFileEntry
  715  0,04% 82,93%       744    1       744     1 300124 java.io.DataInput
  716  0,04% 82,97%       744    1       744     1 300124 java.io.DataInputStream
  717  0,04% 83,01%       744    1       744     1 300125 java.util.zip.ZipFile$ZipFileInputStream
  718  0,04% 83,06%       744    1       744     1 300849 sun.security.provider.NativePRNG$RandomIO
  719  0,04% 83,10%       744    1       744     1 301351 sun.security.util.BitArray
  720  0,04% 83,15%       744    1       744     1 300845 sun.security.provider.NativePRNG$1
  721  0,04% 83,19%       744    1       744     1 300134 java.util.zip.InflaterInputStream
  722  0,04% 83,23%       744    1       744     1 300134 java.util.zip.ZipFile$1
  723  0,04% 83,28%       744    1       744     1 300135 java.util.zip.Inflater
  724  0,04% 83,32%       744    1       744     1 300844 sun.security.provider.NativePRNG
  725  0,04% 83,36%       744    1       744     1 300844 java.security.SecureRandomSpi
  726  0,04% 83,41%       744    1       744     1 300138 java.util.zip.ZStreamRef
  727  0,04% 83,45%       744    1       744     1 300842 sun.misc.FpUtils
  728  0,04% 83,50%       744    1       744     1 300841 java.lang.StrictMath
  729  0,04% 83,54%       744    1       744     1 300839 sun.security.provider.Sun$1
  730  0,04% 83,58%       744    1       744     1 300832 sun.security.provider.Sun
  731  0,04% 83,63%       744    1       744     1 300149 java.io.Reader
  732  0,04% 83,67%       744    1       744     1 300149 java.io.BufferedReader
  733  0,04% 83,71%       744    1       744     1 300150 java.io.InputStreamReader
  734  0,04% 83,76%       744    1       744     1 300830 sun.security.jca.ProviderConfig$4
  735  0,04% 83,80%       744    1       744     1 300152 sun.nio.cs.StreamDecoder
  736  0,04% 83,85%       744    1       744     1 300828 sun.security.jca.ProviderConfig$2
  737  0,04% 83,89%       744    1       744     1 301148 sun.misc.IOUtils
  738  0,04% 83,93%       744    1       744     1 300157 sun.nio.cs.UTF_8$Decoder
  739  0,04% 83,98%       744    1       744     1 301302 sun.util.calendar.Gregorian$Date
  740  0,04% 84,02%       744    1       744     1 302297 java.util.TreeMap$Entry
  741  0,04% 84,06%       744    1       744     1 300169 java.util.Queue
  742  0,04% 84,11%       744    1       744     1 300169 java.util.Deque
  743  0,04% 84,15%       744    1       744     1 300169 java.util.AbstractSequentialList
  744  0,04% 84,19%       744    1       744     1 300169 java.util.LinkedList
  745  0,04% 84,24%       744    1       744     1 300171 java.util.LinkedList$Entry
  746  0,04% 84,28%       744    1       744     1 300823 sun.reflect.UnsafeStaticBooleanFieldAccessorImpl
  747  0,04% 84,33%       744    1       744     1 300822 sun.reflect.UnsafeFieldAccessorFactory
  748  0,04% 84,37%       744    1       744     1 300820 sun.security.jca.ProviderConfig$1
  749  0,04% 84,41%       744    1       744     1 300819 sun.security.jca.GetInstance
  750  0,04% 84,46%       744    1       744     1 300818 java.security.cert.CertificateFactorySpi
  751  0,04% 84,50%       744    1       744     1 300817 java.security.cert.CertificateFactory
  752  0,04% 84,54%       744    1       744     1 301383 java.security.spec.KeySpec
  753  0,04% 84,59%       744    1       744     1 300198 java.util.jar.Manifest
  754  0,04% 84,63%       744    1       744     1 300199 java.io.ByteArrayInputStream
  755  0,04% 84,68%       744    1       744     1 301383 java.security.spec.EncodedKeySpec
  756  0,04% 84,72%       744    1       744     1 300202 java.util.jar.Attributes
  757  0,04% 84,76%       744    1       744     1 301383 java.security.spec.X509EncodedKeySpec
  758  0,04% 84,81%       744    1       744     1 301386 java.security.KeyFactory
  759  0,04% 84,85%       744    1       744     1 301167 sun.security.x509.X509CertInfo
  760  0,04% 84,89%       744    1       744     1 300208 java.util.jar.Manifest$FastInputStream
  761  0,04% 84,94%       744    1       744     1 301091 java.security.Provider$Service
  762  0,04% 84,98%       744    1       744     1 301389 sun.security.jca.ProviderList$ServiceList
  763  0,04% 85,03%       744    1       744     1 301391 sun.security.jca.ProviderList$ServiceList$1
  764  0,04% 85,07%       744    1       744     1 300216 java.lang.StringCoding$StringDecoder
  765  0,04% 85,11%       744    1       744     1 301144 sun.security.x509.X509CertImpl
  766  0,04% 85,16%       744    1       744     1 301115 java.security.KeyFactorySpi
  767  0,04% 85,20%       744    1       744     1 300220 java.util.jar.Attributes$Name
  768  0,04% 85,24%       744    1       744     1 301115 sun.security.provider.DSAKeyFactory
  769  0,04% 85,29%       744    1       744     1 302286 java.util.TreeMap
  770  0,04% 85,33%       744    1       744     1 302286 java.util.NavigableMap
  771  0,04% 85,38%       744    1       744     1 302286 java.util.SortedMap
  772  0,04% 85,42%       744    1       744     1 300832 java.util.TreeSet
  773  0,04% 85,46%       744    1       744     1 300832 java.util.NavigableSet
  774  0,04% 85,51%       744    1       744     1 300832 java.util.SortedSet
  775  0,04% 85,55%       744    1       744     1 302277 java.util.LinkedList$ListItr
  776  0,04% 85,59%       744    1       744     1 301397 java.security.spec.DSAPublicKeySpec
  777  0,04% 85,64%       744    1       744     1 301398 java.security.interfaces.DSAKey
  778  0,04% 85,68%       744    1       744     1 301398 java.security.interfaces.DSAPublicKey
  779  0,04% 85,73%       744    1       744     1 300239 sun.misc.ASCIICaseInsensitiveComparator
  780  0,04% 85,77%       744    1       744     1 301398 sun.security.provider.DSAPublicKey
  781  0,04% 85,81%       744    1       744     1 301398 sun.security.provider.DSAPublicKeyImpl
  782  0,04% 85,86%       744    1       744     1 300256 java.util.jar.JarVerifier
  783  0,04% 85,90%       744    1       744     1 302237 GraphAlgoritmLibrary
  784  0,04% 85,94%       744    1       744     1 301209 sun.security.x509.CertificateAlgorithmId
  785  0,04% 85,99%       744    1       744     1 300263 java.security.CodeSigner
  786  0,04% 86,03%       744    1       744     1 300265 java.util.jar.JarVerifier$3
  787  0,04% 86,08%       744    1       744     1 301219 java.security.Principal
  788  0,04% 86,12%       744    1       744     1 301419 sun.security.x509.CertificateExtensions
  789  0,04% 86,16%       744    1       744     1 301142 sun.security.util.Cache$EqualByteArray
  790  0,04% 86,21%       744    1       744     1 300000 sun.misc.VM
  791  0,04% 86,25%       744    1       744     1 301698 java.security.Signature$Delegate
  792  0,04% 86,29%       744    1       744     1 300475 java.security.Security
  793  0,04% 86,34%       744    1       744     1 300476 java.security.Security$1
  794  0,04% 86,38%       744    1       744     1 301708 sun.security.x509.AVAKeyword
  795  0,04% 86,43%       744    1       744     1 301734 sun.security.pkcs.PKCS9Attribute
  796  0,04% 86,47%       744    1       744     1 300490 java.util.Properties$LineReader
  797  0,04% 86,51%       744    1       744     1 300511 sun.security.jca.ProviderConfig$5
  798  0,04% 86,56%       744    1       744     1 300513 sun.security.util.PropertyExpander
  799  0,04% 86,60%       744    1       744     1 300522 java.lang.reflect.Array
  800  0,04% 86,64%       744    1       744     1 301833 java.lang.Enum
  801  0,04% 86,69%       744    1       744     1 301833 java.text.Normalizer$Form
  802  0,04% 86,73%       744    1       744     1 301184 sun.security.x509.CertificateVersion
  803  0,04% 86,77%       744    1       744     1 300529 sun.security.pkcs.PKCS7
  804  0,04% 86,82%       744    1       744     1 300531 sun.security.util.DerInputStream
  805  0,04% 86,86%       744    1       744     1 301839 java.text.Normalizer
  806  0,04% 86,91%       744    1       744     1 300533 sun.security.util.DerIndefLenConverter
  807  0,04% 86,95%       744    1       744     1 300534 sun.security.util.DerInputBuffer
  808  0,04% 86,99%       744    1       744     1 300536 sun.security.pkcs.ContentInfo
  809  0,04% 87,04%       744    1       744     1 301840 sun.text.normalizer.NormalizerBase
  810  0,04% 87,08%       744    1       744     1 301841 sun.text.normalizer.NormalizerBase$Mode
  811  0,04% 87,12%       744    1       744     1 301952 java.math.SignedMutableBigInteger
  812  0,04% 87,17%       744    1       744     1 301939 java.math.MutableBigInteger
  813  0,04% 87,21%       744    1       744     1 301843 sun.text.normalizer.NormalizerBase$NFDMode
  814  0,04% 87,26%       744    1       744     1 301932 sun.security.provider.ByteArrayAccess
  815  0,04% 87,30%       744    1       744     1 301930 java.security.spec.DSAParameterSpec
  816  0,04% 87,34%       744    1       744     1 300000 java.lang.AssertionStatusDirectives
  817  0,04% 87,39%       744    1       744     1 301930 java.security.spec.AlgorithmParameterSpec
  818  0,04% 87,43%       744    1       744     1 301929 java.security.interfaces.DSAParams
  819  0,04% 87,47%       744    1       744     1 300548 sun.security.util.ObjectIdentifier
  820  0,04% 87,52%       744    1       744     1 301260 javax.security.auth.x500.X500Principal
  821  0,04% 87,56%       744    1       744     1 301927 java.security.MessageDigest$Delegate
  822  0,04% 87,61%       744    1       744     1 301845 sun.text.normalizer.NormalizerBase$NFKDMode
  823  0,04% 87,65%       744    1       744     1 301847 sun.text.normalizer.NormalizerBase$NFCMode
  824  0,04% 87,69%       744    1       744     1 301849 sun.text.normalizer.NormalizerBase$NFKCMode
  825  0,04% 87,74%       744    1       744     1 301851 sun.text.normalizer.NormalizerBase$QuickCheckResult
  826  0,04% 87,78%       744    1       744     1 301115 sun.security.provider.SHA
  827  0,04% 87,82%       744    1       744     1 301115 sun.security.provider.DigestBase
  828  0,04% 87,87%       744    1       744     1 301920 java.security.MessageDigest
  829  0,04% 87,91%       744    1       744     1 301920 java.security.MessageDigestSpi
  830  0,04% 87,96%       744    1       744     1 301118 sun.security.util.MemoryCache
  831  0,04% 88,00%       744    1       744     1 301855 sun.text.normalizer.NormalizerBase$1
  832  0,04% 88,04%       744    1       744     1 300562 sun.security.util.DerValue
  833  0,04% 88,09%       744    1       744     1 300566 sun.security.util.DerEncoder
  834  0,04% 88,13%       744    1       744     1 300566 sun.security.util.DerOutputStream
  835  0,04% 88,17%       744    1       744     1 300567 sun.security.util.ByteArrayLexOrder
  836  0,04% 88,22%       744    1       744     1 301918 java.security.NoSuchAlgorithmException
  837  0,04% 88,26%       744    1       744     1 300569 sun.security.util.ByteArrayTagOrder
  838  0,04% 88,31%       744    1       744     1 301918 java.security.GeneralSecurityException
  839  0,04% 88,35%       744    1       744     1 301115 sun.security.provider.DSA$SHA1withDSA
  840  0,04% 88,39%       744    1       744     1 301117 sun.security.util.Cache
  841  0,04% 88,44%       744    1       744     1 301115 sun.security.provider.DSA
  842  0,04% 88,48%       744    1       744     1 301916 java.security.interfaces.DSAPrivateKey
  843  0,04% 88,52%       744    1       744     1 300000 java.net.URLStreamHandler
  844  0,04% 88,57%       744    1       744     1 301916 java.security.PrivateKey
  845  0,04% 88,61%       744    1       744     1 301912 java.util.AbstractList$ListItr
  846  0,04% 88,66%       744    1       744     1 301910 java.util.SubList$1
  847  0,04% 88,70%       744    1       744     1 301910 java.util.ListIterator
  848  0,04% 88,74%       744    1       744     1 301908 java.util.RandomAccessSubList
  849  0,04% 88,79%       744    1       744     1 301908 java.util.SubList
  850  0,04% 88,83%       744    1       744     1 300589 java.math.BigInteger
  851  0,04% 88,87%       744    1       744     1 301880 java.util.regex.Pattern
  852  0,04% 88,92%       744    1       744     1 301881 java.util.regex.Pattern$Node
  853  0,04% 88,96%       744    1       744     1 301115 sun.security.provider.X509Factory
  854  0,04% 89,01%       744    1       744     1 301881 java.util.regex.Pattern$5
  855  0,04% 89,05%       744    1       744     1 301884 java.util.regex.Pattern$LastNode
  856  0,04% 89,09%       744    1       744     1 301901 java.util.regex.Matcher
  857  0,04% 89,14%       744    1       744     1 301901 java.util.regex.MatchResult
  858  0,04% 89,18%       744    1       744     1 301898 java.util.regex.Pattern$TreeInfo
  859  0,04% 89,22%       744    1       744     1 301889 java.util.regex.Pattern$GroupHead
  860  0,04% 89,27%       744    1       744     1 301896 java.util.regex.Pattern$Start
  861  0,04% 89,31%       744    1       744     1 301895 java.util.regex.Pattern$First
  862  0,04% 89,35%       744    1       744     1 301894 java.util.regex.Pattern$Begin
  863  0,04% 89,40%       744    1       744     1 301893 java.util.regex.Pattern$Slice
  864  0,04% 89,44%       744    1       744     1 301893 java.util.regex.Pattern$SliceNode
  865  0,04% 89,49%       744    1       744     1 301891 java.util.regex.Pattern$BmpCharProperty
  866  0,04% 89,53%       744    1       744     1 300445 sun.misc.FloatingDecimal
  867  0,04% 89,57%       744    1       744     1 300446 sun.misc.FloatingDecimal$1
  868  0,04% 89,62%       744    1       744     1 302060 java.util.Collections$UnmodifiableList
  869  0,04% 89,66%       744    1       744     1 300694 sun.security.x509.AlgorithmId
  870  0,04% 89,70%       744    1       744     1 301129 sun.security.jca.GetInstance$Instance
  871  0,04% 89,75%       744    1       744     1 300000 java.lang.Shutdown
  872  0,04% 89,79%       744    1       744     1 300000 sun.reflect.DelegatingClassLoader
  873  0,04% 89,84%       744    1       744     1 301673 java.security.SignatureSpi
  874  0,04% 89,88%       744    1       744     1 302055 java.util.Collections$UnmodifiableCollection
  875  0,04% 89,92%       744    1       744     1 302052 sun.security.provider.certpath.X509CertPath
  876  0,04% 89,97%       744    1       744     1 302052 java.security.cert.CertPath
  877  0,04% 90,01%       744    1       744     1 301673 java.security.Signature
  878  0,04% 90,05%       744    1       744     1 300684 java.util.Random
  879  0,04% 90,10%       744    1       744     1 301258 sun.security.x509.X500Name$1
  880  0,04% 90,14%       744    1       744     1 301674 sun.security.jca.ServiceId
  881  0,04% 90,19%       744    1       744     1 301681 java.util.Arrays$ArrayList
  882  0,04% 90,23%       744    1       744     1 300466 sun.security.jca.ProviderList$2
  883  0,04% 90,27%       744    1       744     1 300000 java.nio.Bits
  884  0,04% 90,32%       736   23       736    23 301497 java.util.HashMap$Entry
  885  0,04% 90,36%       736   23       736    23 301496 java.util.HashMap$Entry
  886  0,04% 90,40%       736   23       736    23 300000 sun.security.util.DerInputBuffer
  887  0,04% 90,45%       720    9       720     9 300148 java.util.HashMap$Entry[]
  888  0,04% 90,49%       720   45       720    45 300188 java.util.HashSet
  889  0,04% 90,53%       720    9       720     9 300146 java.util.HashMap$Entry[]
  890  0,04% 90,57%       720   15       720    15 300021 char[]
  891  0,04% 90,61%       720   15       720    15 301736 int[]
  892  0,04% 90,66%       704    4       704     4 300294 char[]
  893  0,04% 90,70%       704    4       704     4 300129 char[]
  894  0,04% 90,74%       696   29       696    29 300026 java.lang.StringBuffer
  895  0,04% 90,78%       696   29       696    29 300692 sun.security.util.DerInputStream
  896  0,04% 90,82%       672   28       672    28 302283 java.util.LinkedList$Entry
  897  0,04% 90,86%       672   21       672    21 301715 java.util.HashMap$Entry
  898  0,04% 90,90%       656    5       656     5 302144 char[]
  899  0,04% 90,94%       656    5       656     5 302135 char[]
  900  0,04% 90,97%       648   27       648    27 301273 sun.security.util.DerInputStream
  901  0,04% 91,01%       648   27       648    27 301281 sun.security.util.ObjectIdentifier
  902  0,04% 91,05%       648   27       648    27 301284 sun.security.util.DerInputStream
  903  0,04% 91,09%       648   27       648    27 301275 sun.security.util.DerValue[]
  904  0,04% 91,13%       648   27       648    27 301280 sun.security.x509.AVA
  905  0,04% 91,16%       640    2       640     2 301378 byte[]
  906  0,04% 91,20%       640    2       640     2 301379 byte[]
  907  0,04% 91,24%       640   16       640    16 300687 java.math.BigInteger
  908  0,04% 91,28%       640   16       640    16 300597 java.math.BigInteger
  909  0,04% 91,31%       640    2       640     2 301380 byte[]
  910  0,04% 91,35%       640   16       640    16 300596 java.math.BigInteger
  911  0,04% 91,39%       624   13       624    13 302264 java.util.StringTokenizer
  912  0,04% 91,42%       616   11       616    11 300807 int[]
  913  0,04% 91,46%       616   11       616    11 300474 char[]
  914  0,04% 91,50%       608    2       608     2 301377 byte[]
  915  0,04% 91,53%       608   19       608    19 300182 java.lang.String
  916  0,04% 91,57%       608    2       608     2 300517 char[]
  917  0,04% 91,60%       608    4       608     4 301347 byte[]
  918  0,04% 91,64%       608    4       608     4 301349 byte[]
  919  0,04% 91,67%       600   25       600    25 300009 java.lang.StringBuilder
  920  0,04% 91,71%       600   25       600    25 300014 sun.misc.URLClassPath$3
  921  0,03% 91,74%       592   10       592    10 300006 char[]
  922  0,03% 91,78%       584    4       584     4 300123 byte[]
  923  0,03% 91,81%       576   24       576    24 300047 sun.misc.FileURLMapper
  924  0,03% 91,85%       576   24       576    24 302335 java.lang.ProcessEnvironment$Value
  925  0,03% 91,88%       576   24       576    24 300064 java.io.File
  926  0,03% 91,91%       576   24       576    24 300051 java.io.File
  927  0,03% 91,95%       576   24       576    24 300048 java.lang.StringBuilder
  928  0,03% 91,98%       576   24       576    24 300034 java.net.Parts
  929  0,03% 92,02%       576   24       576    24 300041 java.io.File
  930  0,03% 92,05%       576   24       576    24 300036 java.lang.StringBuilder
  931  0,03% 92,08%       576   24       576    24 301706 java.lang.StringBuilder
  932  0,03% 92,12%       576   12       576    12 301106 char[]
  933  0,03% 92,15%       576   24       576    24 300016 java.lang.StringBuilder
  934  0,03% 92,19%       576   18       576    18 301714 java.util.HashMap$Entry
  935  0,03% 92,22%       576    9       576     9 300178 java.net.URL
  936  0,03% 92,25%       576   24       576    24 301823 java.lang.StringBuilder
  937  0,03% 92,29%       576   24       576    24 302332 java.lang.ProcessEnvironment$Variable
  938  0,03% 92,32%       568   15       568    15 300023 char[]
  939  0,03% 92,35%       560   10       560    10 302294 char[]
  940  0,03% 92,39%       560    3       560     3 300191 java.util.HashMap$Entry[]
  941  0,03% 92,42%       560    2       560     2 301999 int[]
  942  0,03% 92,45%       552   10       552    10 300192 java.lang.Object[]
  943  0,03% 92,48%       544   17       544    17 301151 sun.security.util.DerInputBuffer
  944  0,03% 92,52%       544   17       544    17 301603 java.lang.String
  945  0,03% 92,55%       544   17       544    17 301240 java.util.HashMap$Entry
  946  0,03% 92,58%       528    1       528     1 300211 byte[]
  947  0,03% 92,61%       528    1       528     1 301656 byte[]
  948  0,03% 92,64%       528   11       528    11 300162 java.nio.HeapByteBuffer
  949  0,03% 92,67%       528   11       528    11 300472 char[]
  950  0,03% 92,70%       528    1       528     1 300062 int[]
  951  0,03% 92,73%       512   16       512    16 301830 java.lang.String
  952  0,03% 92,76%       504    9       504     9 300165 java.lang.Object[]
  953  0,03% 92,79%       496   31       496    31 301661 java.util.jar.Attributes
  954  0,03% 92,82%       496   31       496    31 300244 java.util.jar.Attributes
  955  0,03% 92,85%       480   10       480    10 300160 sun.nio.cs.StreamDecoder
  956  0,03% 92,88%       480   15       480    15 301602 java.lang.String
  957  0,03% 92,91%       480   15       480    15 300022 java.lang.String
  958  0,03% 92,93%       456   19       456    19 300179 java.lang.StringBuilder
  959  0,03% 92,96%       448   14       448    14 300074 java.security.PrivilegedActionException
  960  0,03% 92,98%       440   11       440    11 300806 int[]
  961  0,03% 93,01%       440   11       440    11 300158 sun.nio.cs.UTF_8$Decoder
  962  0,03% 93,04%       432    9       432     9 300147 java.util.HashMap
  963  0,03% 93,06%       432    9       432     9 300145 java.util.HashMap
  964  0,03% 93,09%       432    9       432     9 300163 java.io.BufferedReader
  965  0,02% 93,11%       424   13       424    13 300561 java.lang.Object[]
  966  0,02% 93,14%       416   13       416    13 302292 java.lang.String
  967  0,02% 93,16%       416   13       416    13 302263 java.lang.String
  968  0,02% 93,18%       416    2       416     2 300329 java.util.HashMap$Entry[]
  969  0,02% 93,21%       416   10       416    10 301329 char[]
  970  0,02% 93,23%       408   17       408    17 300141 byte[]
  971  0,02% 93,26%       384   16       384    16 300273 java.util.ArrayList
  972  0,02% 93,28%       384   16       384    16 300595 int[]
  973  0,02% 93,30%       384   12       384    12 300137 java.util.zip.Inflater
  974  0,02% 93,32%       384    4       384     4 300293 byte[]
  975  0,02% 93,35%       384    4       384     4 300128 byte[]
  976  0,02% 93,37%       384   24       384    24 300045 sun.misc.URLClassPath$JarLoader$1
  977  0,02% 93,39%       384    4       384     4 301303 sun.util.calendar.Gregorian$Date
  978  0,02% 93,41%       360   15       360    15 301737 sun.security.util.ObjectIdentifier
  979  0,02% 93,43%       360    4       360     4 301666 byte[]
  980  0,02% 93,45%       360   15       360    15 300020 java.lang.StringBuilder
  981  0,02% 93,48%       360    4       360     4 300252 byte[]
  982  0,02% 93,50%       360    9       360     9 301430 int[]
  983  0,02% 93,52%       352   11       352    11 300473 java.lang.String
  984  0,02% 93,54%       336    3       336     3 301860 char[]
  985  0,02% 93,56%       336   14       336    14 301102 java.lang.Object[]
  986  0,02% 93,58%       336    3       336     3 300001 java.lang.Thread
  987  0,02% 93,60%       336   14       336    14 301101 java.util.ArrayList
  988  0,02% 93,62%       328    5       328     5 302163 char[]
  989  0,02% 93,63%       320    4       320     4 300251 byte[]
  990  0,02% 93,65%       320   10       320    10 300007 java.lang.String
  991  0,02% 93,67%       320    2       320     2 302090 java.util.Hashtable$Entry[]
  992  0,02% 93,69%       320    4       320     4 301665 byte[]
  993  0,02% 93,71%       320    5       320     5 302139 java.net.URL
  994  0,02% 93,73%       320   10       320    10 302295 java.lang.String
  995  0,02% 93,75%       320    2       320     2 300500 java.util.Hashtable$Entry[]
  996  0,02% 93,77%       320   10       320    10 302296 char[]
  997  0,02% 93,78%       320    5       320     5 302133 java.net.URL
  998  0,02% 93,80%       320   10       320    10 302268 DirectedEdge
  999  0,02% 93,82%       320   10       320    10 302269 DirectedEdge
 1000  0,02% 93,84%       312    1       312     1 300590 long[]
 1001  0,02% 93,86%       304    2       304     2 301370 byte[]
 1002  0,02% 93,88%       304    2       304     2 301350 byte[]
 1003  0,02% 93,89%       304    2       304     2 302001 int[]
 1004  0,02% 93,91%       304    2       304     2 301411 byte[]
 1005  0,02% 93,93%       304    2       304     2 301413 byte[]
 1006  0,02% 93,95%       296    1       296     1 301297 int[]
 1007  0,02% 93,96%       296    2       296     2 301416 byte[]
 1008  0,02% 93,98%       296    5       296     5 302138 char[]
 1009  0,02% 94,00%       296    5       296     5 302136 char[]
 1010  0,02% 94,02%       296    5       296     5 302160 char[]
 1011  0,02% 94,03%       288    9       288     9 301432 sun.security.util.DerValue
 1012  0,02% 94,05%       288    9       288     9 300131 java.util.HashMap$Entry
 1013  0,02% 94,07%       288    9       288     9 301548 java.util.Hashtable$Entry
 1014  0,02% 94,08%       288    4       288     4 300686 java.lang.reflect.Field
 1015  0,02% 94,10%       288   12       288    12 300837 sun.reflect.NativeConstructorAccessorImpl
 1016  0,02% 94,12%       288    9       288     9 301424 sun.security.util.DerValue
 1017  0,02% 94,14%       288    9       288     9 300521 sun.security.jca.ProviderConfig
 1018  0,02% 94,15%       288   12       288    12 300139 java.util.zip.ZStreamRef
 1019  0,02% 94,17%       288    9       288     9 300187 java.util.HashMap$Entry
 1020  0,02% 94,19%       288    2       288     2 302010 int[]
 1021  0,02% 94,20%       288    9       288     9 300186 java.lang.String
 1022  0,02% 94,22%       288    6       288     6 301819 char[]
 1023  0,02% 94,24%       288    9       288     9 300181 java.lang.String
 1024  0,02% 94,25%       288   12       288    12 301270 sun.security.x509.RDN
 1025  0,02% 94,27%       288    2       288     2 301998 int[]
 1026  0,02% 94,29%       280    1       280     1 302031 int[]
 1027  0,02% 94,30%       280    3       280     3 300132 char[]
 1028  0,02% 94,32%       280    7       280     7 302299 java.util.TreeMap$Entry
 1029  0,02% 94,34%       280    7       280     7 300834 java.lang.ref.SoftReference
 1030  0,02% 94,35%       272    1       272     1 300289 byte[]
 1031  0,02% 94,37%       272    1       272     1 302004 int[]
 1032  0,02% 94,38%       272    1       272     1 301993 int[]
 1033  0,02% 94,40%       272    1       272     1 300601 java.lang.String[]
 1034  0,02% 94,42%       272    1       272     1 302024 int[]
 1035  0,02% 94,43%       272    1       272     1 302022 int[]
 1036  0,02% 94,45%       272    1       272     1 302019 int[]
 1037  0,02% 94,46%       272    1       272     1 302013 int[]
 1038  0,02% 94,48%       272    1       272     1 300794 java.util.HashMap$Entry[]
 1039  0,02% 94,50%       272    1       272     1 302007 int[]
 1040  0,02% 94,51%       264   11       264    11 300809 sun.security.util.DerInputStream
 1041  0,02% 94,53%       264    3       264     3 302128 char[]
 1042  0,02% 94,54%       264   11       264    11 300471 java.lang.StringBuilder
 1043  0,02% 94,56%       264    4       264     4 301979 int[]
 1044  0,02% 94,57%       264    3       264     3 302131 char[]
 1045  0,02% 94,59%       256    4       256     4 301327 char[]
 1046  0,02% 94,60%       256    4       256     4 300443 java.util.Hashtable$Entry[]
 1047  0,01% 94,62%       248    7       248     7 301434 byte[]
 1048  0,01% 94,63%       240    4       240     4 302070 char[]
 1049  0,01% 94,65%       240    3       240     3 301923 byte[]
 1050  0,01% 94,66%       240    4       240     4 301658 char[]
 1051  0,01% 94,68%       240    5       240     5 302142 char[]
 1052  0,01% 94,69%       240    5       240     5 302159 char[]
 1053  0,01% 94,70%       240    6       240     6 301537 java.lang.ref.SoftReference
 1054  0,01% 94,72%       240   10       240    10 302270 java.util.LinkedList$Entry
 1055  0,01% 94,73%       240   10       240    10 302271 java.util.LinkedList$Entry
 1056  0,01% 94,75%       240   10       240    10 302291 char[]
 1057  0,01% 94,76%       240   10       240    10 302293 java.lang.StringBuilder
 1058  0,01% 94,77%       232    7       232     7 301957 int[]
 1059  0,01% 94,79%       232    1       232     1 300453 long[]
 1060  0,01% 94,80%       224    7       224     7 300072 java.util.zip.ZipException
 1061  0,01% 94,81%       224    4       224     4 301266 java.lang.Object[]
 1062  0,01% 94,83%       224    6       224     6 301100 char[]
 1063  0,01% 94,84%       216    9       216     9 300184 java.lang.StringBuilder
 1064  0,01% 94,85%       216    9       216     9 300177 java.lang.String[]
 1065  0,01% 94,86%       216    9       216     9 301428 sun.security.util.DerInputStream
 1066  0,01% 94,88%       216    9       216     9 301313 sun.security.x509.RDN
 1067  0,01% 94,89%       216    9       216     9 301433 sun.security.util.DerInputStream
 1068  0,01% 94,90%       216    9       216     9 300144 sun.misc.JarIndex
 1069  0,01% 94,92%       216    9       216     9 301429 sun.security.util.ObjectIdentifier
 1070  0,01% 94,93%       216    9       216     9 301427 sun.security.x509.Extension
 1071  0,01% 94,94%       216    9       216     9 301314 sun.security.x509.AVA[]
 1072  0,01% 94,95%       216    9       216     9 300175 java.util.LinkedList$Entry
 1073  0,01% 94,97%       216    1       216     1 300520 char[]
 1074  0,01% 94,98%       216    9       216     9 300151 java.io.InputStreamReader
 1075  0,01% 94,99%       216    9       216     9 301538 java.lang.Object[]
 1076  0,01% 95,00%       200    5       200     5 301207 java.math.BigInteger
 1077  0,01% 95,02%       200    1       200     1 300481 char[]
 1078  0,01% 95,03%       200    5       200     5 300218 java.lang.ref.SoftReference
 1079  0,01% 95,04%       200    1       200     1 300448 double[]
 1080  0,01% 95,05%       192   12       192    12 300838 sun.reflect.DelegatingConstructorAccessorImpl
 1081  0,01% 95,06%       192    6       192     6 301820 java.lang.String
 1082  0,01% 95,07%       192    4       192     4 302247 sun.nio.cs.MacRoman$Decoder
 1083  0,01% 95,08%       192    6       192     6 300215 java.lang.ThreadLocal$ThreadLocalMap$Entry
 1084  0,01% 95,10%       192    8       192     8 301076 java.security.Provider$ServiceKey
 1085  0,01% 95,11%       192    2       192     2 300442 sun.security.provider.Sun
 1086  0,01% 95,12%       192    8       192     8 301376 byte[]
 1087  0,01% 95,13%       192    8       192     8 301130 sun.security.jca.GetInstance$Instance
 1088  0,01% 95,14%       192    8       192     8 302267 java.util.LinkedList$Entry
 1089  0,01% 95,15%       192    6       192     6 301125 java.lang.ref.WeakReference
 1090  0,01% 95,16%       192    5       192     5 301267 sun.security.util.DerValue[]
 1091  0,01% 95,17%       192    4       192     4 302251 java.nio.HeapCharBuffer
 1092  0,01% 95,18%       176    1       176     1 300196 char[]
SITES END
